Running feature config: 48_mels (task 37)
SpecAugment freq_mask=0 time_mask=30
Device: cuda
Feature config: 48_mels -> {'n_mels': 48, 'use_delta': False, 'use_delta_delta': False}
SpecAugment: True freq_mask=0 time_mask=30
GPU Name: Tesla V100-PCIE-32GB
GPU Memory: 34.07 GB
Total model parameters: 47,628
Epoch 1 [0/84843] Loss: 2.518091
Epoch 1 [35000/84843] Loss: 1.488637
Epoch 1 [70000/84843] Loss: 1.349905
Epoch 1 - Avg Loss: 1.725397 | Train Acc: 54.62%
Val: loss=1.6118, acc=6213/10975 (56.61%)
saved best: 56.61%
Epoch 2 [0/84843] Loss: 1.497789
Epoch 2 [35000/84843] Loss: 1.594251
Epoch 2 [70000/84843] Loss: 1.557708
Epoch 2 - Avg Loss: 1.434766 | Train Acc: 63.41%
Val: loss=1.5351, acc=6527/10975 (59.47%)
saved best: 59.47%
Epoch 3 [0/84843] Loss: 1.297916
Epoch 3 [35000/84843] Loss: 1.254131
Epoch 3 [70000/84843] Loss: 1.444274
Epoch 3 - Avg Loss: 1.351698 | Train Acc: 66.48%
Val: loss=1.3979, acc=7100/10975 (64.69%)
saved best: 64.69%
Epoch 4 [0/84843] Loss: 1.228392
Epoch 4 [35000/84843] Loss: 1.152839
Epoch 4 [70000/84843] Loss: 1.122236
Epoch 4 - Avg Loss: 1.303950 | Train Acc: 66.72%
Val: loss=1.2865, acc=7261/10975 (66.16%)
saved best: 66.16%
Epoch 5 [0/84843] Loss: 1.167719
Epoch 5 [35000/84843] Loss: 1.030795
Epoch 5 [70000/84843] Loss: 1.281363
Epoch 5 - Avg Loss: 1.229985 | Train Acc: 67.42%
Val: loss=1.2164, acc=7346/10975 (66.93%)
saved best: 66.93%
Epoch 6 [0/84843] Loss: 1.106448
Epoch 6 [35000/84843] Loss: 1.136247
Epoch 6 [70000/84843] Loss: 1.060091
Epoch 6 - Avg Loss: 1.175470 | Train Acc: 68.22%
Val: loss=1.1736, acc=7419/10975 (67.60%)
saved best: 67.60%
Epoch 7 [0/84843] Loss: 1.215213
Epoch 7 [35000/84843] Loss: 1.071512
Epoch 7 [70000/84843] Loss: 1.187159
Epoch 7 - Avg Loss: 1.137239 | Train Acc: 68.82%
Val: loss=1.1307, acc=7525/10975 (68.56%)
saved best: 68.56%
Epoch 8 [0/84843] Loss: 1.050160
Epoch 8 [35000/84843] Loss: 1.091882
Epoch 8 [70000/84843] Loss: 1.137074
Epoch 8 - Avg Loss: 1.095747 | Train Acc: 69.71%
Val: loss=1.1003, acc=7558/10975 (68.87%)
saved best: 68.87%
Epoch 9 [0/84843] Loss: 1.200974
Epoch 9 [35000/84843] Loss: 0.977700
Epoch 9 [70000/84843] Loss: 0.994464
Epoch 9 - Avg Loss: 1.061078 | Train Acc: 70.56%
Val: loss=1.0605, acc=7686/10975 (70.03%)
saved best: 70.03%
Epoch 10 [0/84843] Loss: 1.024865
Epoch 10 [35000/84843] Loss: 0.919151
Epoch 10 [70000/84843] Loss: 1.021962
Epoch 10 - Avg Loss: 1.017179 | Train Acc: 71.78%
Val: loss=0.9941, acc=7899/10975 (71.97%)
saved best: 71.97%
Epoch 11 [0/84843] Loss: 0.996842
Epoch 11 [35000/84843] Loss: 0.970323
Epoch 11 [70000/84843] Loss: 0.979038
Epoch 11 - Avg Loss: 0.977913 | Train Acc: 72.90%
Val: loss=0.9606, acc=8004/10975 (72.93%)
saved best: 72.93%
Epoch 12 [0/84843] Loss: 0.964490
Epoch 12 [35000/84843] Loss: 0.777672
Epoch 12 [70000/84843] Loss: 0.857827
Epoch 12 - Avg Loss: 0.935519 | Train Acc: 74.20%
Val: loss=0.9018, acc=8238/10975 (75.06%)
saved best: 75.06%
Epoch 13 [0/84843] Loss: 0.903686
Epoch 13 [35000/84843] Loss: 0.918956
Epoch 13 [70000/84843] Loss: 0.991595
Epoch 13 - Avg Loss: 0.900076 | Train Acc: 75.53%
Val: loss=0.8740, acc=8298/10975 (75.61%)
saved best: 75.61%
Epoch 14 [0/84843] Loss: 0.766575
Epoch 14 [35000/84843] Loss: 0.899412
Epoch 14 [70000/84843] Loss: 0.862523
Epoch 14 - Avg Loss: 0.858241 | Train Acc: 76.93%
Val: loss=0.8240, acc=8557/10975 (77.97%)
saved best: 77.97%
Epoch 15 [0/84843] Loss: 0.841840
Epoch 15 [35000/84843] Loss: 0.790950
Epoch 15 [70000/84843] Loss: 1.092029
Epoch 15 - Avg Loss: 0.826364 | Train Acc: 78.24%
Val: loss=0.7827, acc=8778/10975 (79.98%)
saved best: 79.98%
Epoch 16 [0/84843] Loss: 0.975728
Epoch 16 [35000/84843] Loss: 0.628440
Epoch 16 [70000/84843] Loss: 0.698487
Epoch 16 - Avg Loss: 0.792843 | Train Acc: 79.71%
Val: loss=0.7461, acc=9053/10975 (82.49%)
saved best: 82.49%
Epoch 17 [0/84843] Loss: 0.805256
Epoch 17 [35000/84843] Loss: 0.990541
Epoch 17 [70000/84843] Loss: 0.984610
Epoch 17 - Avg Loss: 0.769859 | Train Acc: 80.78%
Val: loss=0.7363, acc=9094/10975 (82.86%)
saved best: 82.86%
Epoch 18 [0/84843] Loss: 0.857700
Epoch 18 [35000/84843] Loss: 0.579984
Epoch 18 [70000/84843] Loss: 0.699685
Epoch 18 - Avg Loss: 0.746914 | Train Acc: 81.77%
Val: loss=0.7087, acc=9225/10975 (84.05%)
saved best: 84.05%
Epoch 19 [0/84843] Loss: 0.722921
Epoch 19 [35000/84843] Loss: 0.929125
Epoch 19 [70000/84843] Loss: 0.640290
Epoch 19 - Avg Loss: 0.724243 | Train Acc: 82.70%
Val: loss=0.6826, acc=9327/10975 (84.98%)
saved best: 84.98%
Epoch 20 [0/84843] Loss: 0.957008
Epoch 20 [35000/84843] Loss: 0.773229
Epoch 20 [70000/84843] Loss: 0.636964
Epoch 20 - Avg Loss: 0.708237 | Train Acc: 83.29%
Val: loss=0.6612, acc=9392/10975 (85.58%)
saved best: 85.58%
Epoch 21 [0/84843] Loss: 0.558662
Epoch 21 [35000/84843] Loss: 0.603029
Epoch 21 [70000/84843] Loss: 0.717036
Epoch 21 - Avg Loss: 0.690753 | Train Acc: 83.98%
Val: loss=0.6332, acc=9541/10975 (86.93%)
saved best: 86.93%
Epoch 22 [0/84843] Loss: 0.680955
Epoch 22 [35000/84843] Loss: 0.631202
Epoch 22 [70000/84843] Loss: 0.880566
Epoch 22 - Avg Loss: 0.671127 | Train Acc: 84.69%
Val: loss=0.6184, acc=9591/10975 (87.39%)
saved best: 87.39%
Epoch 23 [0/84843] Loss: 0.537314
Epoch 23 [35000/84843] Loss: 0.614003
Epoch 23 [70000/84843] Loss: 0.515810
Epoch 23 - Avg Loss: 0.657271 | Train Acc: 85.33%
Val: loss=0.6052, acc=9628/10975 (87.73%)
saved best: 87.73%
Epoch 24 [0/84843] Loss: 0.745969
Epoch 24 [35000/84843] Loss: 0.779122
Epoch 24 [70000/84843] Loss: 0.562731
Epoch 24 - Avg Loss: 0.639378 | Train Acc: 85.98%
Val: loss=0.5931, acc=9705/10975 (88.43%)
saved best: 88.43%
Epoch 25 [0/84843] Loss: 0.707111
Epoch 25 [35000/84843] Loss: 0.554938
Epoch 25 [70000/84843] Loss: 0.589346
Epoch 25 - Avg Loss: 0.630730 | Train Acc: 86.40%
Val: loss=0.5883, acc=9728/10975 (88.64%)
saved best: 88.64%
Epoch 26 [0/84843] Loss: 0.534418
Epoch 26 [35000/84843] Loss: 0.716619
Epoch 26 [70000/84843] Loss: 0.700453
Epoch 26 - Avg Loss: 0.613276 | Train Acc: 87.11%
Val: loss=0.5756, acc=9762/10975 (88.95%)
saved best: 88.95%
Epoch 27 [0/84843] Loss: 0.790685
Epoch 27 [35000/84843] Loss: 0.673071
Epoch 27 [70000/84843] Loss: 0.496255
Epoch 27 - Avg Loss: 0.608641 | Train Acc: 87.27%
Val: loss=0.5528, acc=9876/10975 (89.99%)
saved best: 89.99%
Epoch 28 [0/84843] Loss: 0.641547
Epoch 28 [35000/84843] Loss: 0.547962
Epoch 28 [70000/84843] Loss: 0.622525
Epoch 28 - Avg Loss: 0.594423 | Train Acc: 87.78%
Val: loss=0.5602, acc=9815/10975 (89.43%)
Epoch 29 [0/84843] Loss: 0.558188
Epoch 29 [35000/84843] Loss: 0.602022
Epoch 29 [70000/84843] Loss: 0.456783
Epoch 29 - Avg Loss: 0.587139 | Train Acc: 88.12%
Val: loss=0.5395, acc=9939/10975 (90.56%)
saved best: 90.56%
Epoch 30 [0/84843] Loss: 0.594195
Epoch 30 [35000/84843] Loss: 0.678966
Epoch 30 [70000/84843] Loss: 0.508426
Epoch 30 - Avg Loss: 0.573958 | Train Acc: 88.61%
Val: loss=0.5349, acc=9931/10975 (90.49%)
Epoch 31 [0/84843] Loss: 0.608858
Epoch 31 [35000/84843] Loss: 0.704590
Epoch 31 [70000/84843] Loss: 0.549767
Epoch 31 - Avg Loss: 0.567965 | Train Acc: 88.86%
Val: loss=0.5204, acc=9999/10975 (91.11%)
saved best: 91.11%
Epoch 32 [0/84843] Loss: 0.932270
Epoch 32 [35000/84843] Loss: 0.460134
Epoch 32 [70000/84843] Loss: 0.435127
Epoch 32 - Avg Loss: 0.556135 | Train Acc: 89.24%
Val: loss=0.5216, acc=9987/10975 (91.00%)
Epoch 33 [0/84843] Loss: 0.483807
Epoch 33 [35000/84843] Loss: 0.715858
Epoch 33 [70000/84843] Loss: 0.613623
Epoch 33 - Avg Loss: 0.548116 | Train Acc: 89.55%
Val: loss=0.5242, acc=9990/10975 (91.03%)
Epoch 34 [0/84843] Loss: 0.493781
Epoch 34 [35000/84843] Loss: 0.477151
Epoch 34 [70000/84843] Loss: 0.611071
Epoch 34 - Avg Loss: 0.540149 | Train Acc: 89.76%
Val: loss=0.5182, acc=10000/10975 (91.12%)
saved best: 91.12%
Epoch 35 [0/84843] Loss: 0.484454
Epoch 35 [35000/84843] Loss: 0.512071
Epoch 35 [70000/84843] Loss: 0.441576
Epoch 35 - Avg Loss: 0.533429 | Train Acc: 90.08%
Val: loss=0.5005, acc=10076/10975 (91.81%)
saved best: 91.81%
Epoch 36 [0/84843] Loss: 0.597761
Epoch 36 [35000/84843] Loss: 0.383336
Epoch 36 [70000/84843] Loss: 0.509905
Epoch 36 - Avg Loss: 0.531129 | Train Acc: 90.14%
Val: loss=0.5014, acc=10051/10975 (91.58%)
Epoch 37 [0/84843] Loss: 0.651842
Epoch 37 [35000/84843] Loss: 0.639366
Epoch 37 [70000/84843] Loss: 0.463791
Epoch 37 - Avg Loss: 0.524177 | Train Acc: 90.38%
Val: loss=0.4986, acc=10048/10975 (91.55%)
Epoch 38 [0/84843] Loss: 0.435639
Epoch 38 [35000/84843] Loss: 0.396824
Epoch 38 [70000/84843] Loss: 0.502353
Epoch 38 - Avg Loss: 0.513608 | Train Acc: 90.81%
Val: loss=0.4887, acc=10119/10975 (92.20%)
saved best: 92.20%
Epoch 39 [0/84843] Loss: 0.406356
Epoch 39 [35000/84843] Loss: 0.590938
Epoch 39 [70000/84843] Loss: 0.403149
Epoch 39 - Avg Loss: 0.511562 | Train Acc: 90.82%
Val: loss=0.4835, acc=10140/10975 (92.39%)
saved best: 92.39%
Epoch 40 [0/84843] Loss: 0.518266
Epoch 40 [35000/84843] Loss: 0.528498
Epoch 40 [70000/84843] Loss: 0.505059
Epoch 40 - Avg Loss: 0.504648 | Train Acc: 91.13%
Val: loss=0.5171, acc=9979/10975 (90.92%)
Epoch 41 [0/84843] Loss: 0.404295
Epoch 41 [35000/84843] Loss: 0.401058
Epoch 41 [70000/84843] Loss: 0.452682
Epoch 41 - Avg Loss: 0.498125 | Train Acc: 91.35%
Val: loss=0.4825, acc=10120/10975 (92.21%)
Epoch 42 [0/84843] Loss: 0.499791
Epoch 42 [35000/84843] Loss: 0.439848
Epoch 42 [70000/84843] Loss: 0.576615
Epoch 42 - Avg Loss: 0.493955 | Train Acc: 91.52%
Val: loss=0.4954, acc=10057/10975 (91.64%)
Epoch 43 [0/84843] Loss: 0.522989
Epoch 43 [35000/84843] Loss: 0.685845
Epoch 43 [70000/84843] Loss: 0.428530
Epoch 43 - Avg Loss: 0.491394 | Train Acc: 91.60%
Val: loss=0.4736, acc=10157/10975 (92.55%)
saved best: 92.55%
Epoch 44 [0/84843] Loss: 0.539413
Epoch 44 [35000/84843] Loss: 0.385077
Epoch 44 [70000/84843] Loss: 0.578650
Epoch 44 - Avg Loss: 0.487788 | Train Acc: 91.72%
Val: loss=0.4762, acc=10150/10975 (92.48%)
Epoch 45 [0/84843] Loss: 0.545853
Epoch 45 [35000/84843] Loss: 0.420403
Epoch 45 [70000/84843] Loss: 0.416073
Epoch 45 - Avg Loss: 0.477201 | Train Acc: 92.13%
Val: loss=0.4540, acc=10226/10975 (93.18%)
saved best: 93.18%
Epoch 46 [0/84843] Loss: 0.450580
Epoch 46 [35000/84843] Loss: 0.454645
Epoch 46 [70000/84843] Loss: 0.484795
Epoch 46 - Avg Loss: 0.476625 | Train Acc: 92.18%
Val: loss=0.4901, acc=10067/10975 (91.73%)
Epoch 47 [0/84843] Loss: 0.613264
Epoch 47 [35000/84843] Loss: 0.452462
Epoch 47 [70000/84843] Loss: 0.484703
Epoch 47 - Avg Loss: 0.474551 | Train Acc: 92.25%
Val: loss=0.4739, acc=10119/10975 (92.20%)
Epoch 48 [0/84843] Loss: 0.554394
Epoch 48 [35000/84843] Loss: 0.349295
Epoch 48 [70000/84843] Loss: 0.528202
Epoch 48 - Avg Loss: 0.472186 | Train Acc: 92.32%
Val: loss=0.4528, acc=10248/10975 (93.38%)
saved best: 93.38%
Epoch 49 [0/84843] Loss: 0.505349
Epoch 49 [35000/84843] Loss: 0.377834
Epoch 49 [70000/84843] Loss: 0.681041
Epoch 49 - Avg Loss: 0.466893 | Train Acc: 92.50%
Val: loss=0.4614, acc=10220/10975 (93.12%)
Epoch 50 [0/84843] Loss: 0.381175
Epoch 50 [35000/84843] Loss: 0.337243
Epoch 50 [70000/84843] Loss: 0.363737
Epoch 50 - Avg Loss: 0.463938 | Train Acc: 92.58%
Val: loss=0.4711, acc=10171/10975 (92.67%)
Epoch 51 [0/84843] Loss: 0.383860
Epoch 51 [35000/84843] Loss: 0.353092
Epoch 51 [70000/84843] Loss: 0.390552
Epoch 51 - Avg Loss: 0.459741 | Train Acc: 92.80%
Val: loss=0.4588, acc=10232/10975 (93.23%)
Epoch 52 [0/84843] Loss: 0.508841
Epoch 52 [35000/84843] Loss: 0.390181
Epoch 52 [70000/84843] Loss: 0.415464
Epoch 52 - Avg Loss: 0.456666 | Train Acc: 92.94%
Val: loss=0.4598, acc=10230/10975 (93.21%)
Epoch 53 [0/84843] Loss: 0.492575
Epoch 53 [35000/84843] Loss: 0.410414
Epoch 53 [70000/84843] Loss: 0.556314
Epoch 53 - Avg Loss: 0.455048 | Train Acc: 92.93%
Val: loss=0.4532, acc=10247/10975 (93.37%)
Epoch 54 [0/84843] Loss: 0.429061
Epoch 54 [35000/84843] Loss: 0.391154
Epoch 54 [70000/84843] Loss: 0.318930
Epoch 54 - Avg Loss: 0.450413 | Train Acc: 93.12%
Val: loss=0.4590, acc=10208/10975 (93.01%)
Epoch 55 [0/84843] Loss: 0.329299
Epoch 55 [35000/84843] Loss: 0.476341
Epoch 55 [70000/84843] Loss: 0.359209
Epoch 55 - Avg Loss: 0.451573 | Train Acc: 93.07%
Val: loss=0.4368, acc=10312/10975 (93.96%)
saved best: 93.96%
Epoch 56 [0/84843] Loss: 0.468210
Epoch 56 [35000/84843] Loss: 0.537493
Epoch 56 [70000/84843] Loss: 0.399950
Epoch 56 - Avg Loss: 0.445836 | Train Acc: 93.31%
Val: loss=0.4517, acc=10249/10975 (93.38%)
Epoch 57 [0/84843] Loss: 0.342753
Epoch 57 [35000/84843] Loss: 0.606765
Epoch 57 [70000/84843] Loss: 0.376017
Epoch 57 - Avg Loss: 0.443626 | Train Acc: 93.36%
Val: loss=0.4457, acc=10271/10975 (93.59%)
Epoch 58 [0/84843] Loss: 0.491775
Epoch 58 [35000/84843] Loss: 0.541386
Epoch 58 [70000/84843] Loss: 0.450476
Epoch 58 - Avg Loss: 0.440148 | Train Acc: 93.55%
Val: loss=0.4304, acc=10322/10975 (94.05%)
saved best: 94.05%
Epoch 59 [0/84843] Loss: 0.395712
Epoch 59 [35000/84843] Loss: 0.477816
Epoch 59 [70000/84843] Loss: 0.374451
Epoch 59 - Avg Loss: 0.440824 | Train Acc: 93.51%
Val: loss=0.4383, acc=10315/10975 (93.99%)
Epoch 60 [0/84843] Loss: 0.406026
Epoch 60 [35000/84843] Loss: 0.420388
Epoch 60 [70000/84843] Loss: 0.397154
Epoch 60 - Avg Loss: 0.438939 | Train Acc: 93.53%
Val: loss=0.4381, acc=10320/10975 (94.03%)
Epoch 61 [0/84843] Loss: 0.400879
Epoch 61 [35000/84843] Loss: 0.479157
Epoch 61 [70000/84843] Loss: 0.362299
Epoch 61 - Avg Loss: 0.433524 | Train Acc: 93.85%
Val: loss=0.4387, acc=10305/10975 (93.90%)
Epoch 62 [0/84843] Loss: 0.529722
Epoch 62 [35000/84843] Loss: 0.337701
Epoch 62 [70000/84843] Loss: 0.439336
Epoch 62 - Avg Loss: 0.433702 | Train Acc: 93.73%
Val: loss=0.4320, acc=10329/10975 (94.11%)
saved best: 94.11%
Epoch 63 [0/84843] Loss: 0.389922
Epoch 63 [35000/84843] Loss: 0.372389
Epoch 63 [70000/84843] Loss: 0.300889
Epoch 63 - Avg Loss: 0.428580 | Train Acc: 93.98%
Val: loss=0.4521, acc=10256/10975 (93.45%)
Epoch 64 [0/84843] Loss: 0.596355
Epoch 64 [35000/84843] Loss: 0.453793
Epoch 64 [70000/84843] Loss: 0.458154
Epoch 64 - Avg Loss: 0.432886 | Train Acc: 93.76%
Val: loss=0.4478, acc=10273/10975 (93.60%)
Epoch 65 [0/84843] Loss: 0.491391
Epoch 65 [35000/84843] Loss: 0.401518
Epoch 65 [70000/84843] Loss: 0.363727
Epoch 65 - Avg Loss: 0.430293 | Train Acc: 93.88%
Val: loss=0.4303, acc=10354/10975 (94.34%)
saved best: 94.34%
Epoch 66 [0/84843] Loss: 0.425450
Epoch 66 [35000/84843] Loss: 0.408207
Epoch 66 [70000/84843] Loss: 0.543554
Epoch 66 - Avg Loss: 0.428603 | Train Acc: 93.92%
Val: loss=0.4220, acc=10395/10975 (94.72%)
saved best: 94.72%
Epoch 67 [0/84843] Loss: 0.421527
Epoch 67 [35000/84843] Loss: 0.372882
Epoch 67 [70000/84843] Loss: 0.351505
Epoch 67 - Avg Loss: 0.424632 | Train Acc: 94.10%
Val: loss=0.4154, acc=10409/10975 (94.84%)
saved best: 94.84%
Epoch 68 [0/84843] Loss: 0.560008
Epoch 68 [35000/84843] Loss: 0.438366
Epoch 68 [70000/84843] Loss: 0.445913
Epoch 68 - Avg Loss: 0.426103 | Train Acc: 94.00%
Val: loss=0.4289, acc=10366/10975 (94.45%)
Epoch 69 [0/84843] Loss: 0.368894
Epoch 69 [35000/84843] Loss: 0.327630
Epoch 69 [70000/84843] Loss: 0.409258
Epoch 69 - Avg Loss: 0.422680 | Train Acc: 94.14%
Val: loss=0.4322, acc=10331/10975 (94.13%)
Epoch 70 [0/84843] Loss: 0.513877
Epoch 70 [35000/84843] Loss: 0.327072
Epoch 70 [70000/84843] Loss: 0.399411
Epoch 70 - Avg Loss: 0.420221 | Train Acc: 94.28%
Val: loss=0.4399, acc=10301/10975 (93.86%)
Epoch 71 [0/84843] Loss: 0.382828
Epoch 71 [35000/84843] Loss: 0.501564
Epoch 71 [70000/84843] Loss: 0.414518
Epoch 71 - Avg Loss: 0.424365 | Train Acc: 94.09%
Val: loss=0.4301, acc=10358/10975 (94.38%)
Epoch 72 [0/84843] Loss: 0.583470
Epoch 72 [35000/84843] Loss: 0.568733
Epoch 72 [70000/84843] Loss: 0.315044
Epoch 72 - Avg Loss: 0.421375 | Train Acc: 94.24%
Val: loss=0.4306, acc=10346/10975 (94.27%)
Epoch 73 [0/84843] Loss: 0.408298
Epoch 73 [35000/84843] Loss: 0.328026
Epoch 73 [70000/84843] Loss: 0.575530
Epoch 73 - Avg Loss: 0.416037 | Train Acc: 94.41%
Val: loss=0.4137, acc=10424/10975 (94.98%)
saved best: 94.98%
Epoch 74 [0/84843] Loss: 0.367655
Epoch 74 [35000/84843] Loss: 0.358155
Epoch 74 [70000/84843] Loss: 0.374549
Epoch 74 - Avg Loss: 0.417241 | Train Acc: 94.38%
Val: loss=0.4286, acc=10352/10975 (94.32%)
Epoch 75 [0/84843] Loss: 0.366933
Epoch 75 [35000/84843] Loss: 0.499945
Epoch 75 [70000/84843] Loss: 0.557196
Epoch 75 - Avg Loss: 0.417590 | Train Acc: 94.39%
Val: loss=0.4214, acc=10384/10975 (94.62%)
Epoch 76 [0/84843] Loss: 0.282079
Epoch 76 [35000/84843] Loss: 0.373478
Epoch 76 [70000/84843] Loss: 0.411646
Epoch 76 - Avg Loss: 0.417436 | Train Acc: 94.40%
Val: loss=0.4267, acc=10354/10975 (94.34%)
Epoch 77 [0/84843] Loss: 0.431856
Epoch 77 [35000/84843] Loss: 0.372083
Epoch 77 [70000/84843] Loss: 0.416347
Epoch 77 - Avg Loss: 0.414031 | Train Acc: 94.50%
Val: loss=0.4137, acc=10412/10975 (94.87%)
Epoch 78 [0/84843] Loss: 0.500287
Epoch 78 [35000/84843] Loss: 0.350633
Epoch 78 [70000/84843] Loss: 0.406457
Epoch 78 - Avg Loss: 0.414405 | Train Acc: 94.48%
Val: loss=0.4239, acc=10401/10975 (94.77%)
Epoch 79 [0/84843] Loss: 0.491363
Epoch 79 [35000/84843] Loss: 0.604452
Epoch 79 [70000/84843] Loss: 0.435230
Epoch 79 - Avg Loss: 0.411563 | Train Acc: 94.58%
Val: loss=0.4357, acc=10311/10975 (93.95%)
Epoch 80 [0/84843] Loss: 0.538105
Epoch 80 [35000/84843] Loss: 0.413031
Epoch 80 [70000/84843] Loss: 0.347898
Epoch 80 - Avg Loss: 0.411163 | Train Acc: 94.57%
Val: loss=0.4282, acc=10329/10975 (94.11%)
Epoch 81 [0/84843] Loss: 0.521160
Epoch 81 [35000/84843] Loss: 0.321809
Epoch 81 [70000/84843] Loss: 0.595973
Epoch 81 - Avg Loss: 0.410374 | Train Acc: 94.68%
Val: loss=0.4264, acc=10360/10975 (94.40%)
Epoch 82 [0/84843] Loss: 0.347245
Epoch 82 [35000/84843] Loss: 0.314987
Epoch 82 [70000/84843] Loss: 0.491948
Epoch 82 - Avg Loss: 0.411391 | Train Acc: 94.59%
Val: loss=0.4286, acc=10367/10975 (94.46%)
Epoch 83 [0/84843] Loss: 0.413061
Epoch 83 [35000/84843] Loss: 0.462068
Epoch 83 [70000/84843] Loss: 0.376936
Epoch 83 - Avg Loss: 0.406662 | Train Acc: 94.72%
Val: loss=0.4345, acc=10335/10975 (94.17%)
Epoch 84 [0/84843] Loss: 0.362244
Epoch 84 [35000/84843] Loss: 0.380404
Epoch 84 [70000/84843] Loss: 0.432986
Epoch 84 - Avg Loss: 0.407343 | Train Acc: 94.78%
Val: loss=0.4200, acc=10378/10975 (94.56%)
Epoch 85 [0/84843] Loss: 0.330093
Epoch 85 [35000/84843] Loss: 0.355295
Epoch 85 [70000/84843] Loss: 0.403850
Epoch 85 - Avg Loss: 0.409519 | Train Acc: 94.66%
Val: loss=0.4210, acc=10389/10975 (94.66%)
Epoch 86 [0/84843] Loss: 0.391334
Epoch 86 [35000/84843] Loss: 0.493401
Epoch 86 [70000/84843] Loss: 0.572402
Epoch 86 - Avg Loss: 0.405282 | Train Acc: 94.86%
Val: loss=0.4366, acc=10334/10975 (94.16%)
Epoch 87 [0/84843] Loss: 0.508865
Epoch 87 [35000/84843] Loss: 0.410766
Epoch 87 [70000/84843] Loss: 0.354457
Epoch 87 - Avg Loss: 0.407184 | Train Acc: 94.74%
Val: loss=0.4259, acc=10363/10975 (94.42%)
Epoch 88 [0/84843] Loss: 0.410150
Epoch 88 [35000/84843] Loss: 0.296373
Epoch 88 [70000/84843] Loss: 0.413594
Epoch 88 - Avg Loss: 0.405414 | Train Acc: 94.80%
Val: loss=0.4295, acc=10331/10975 (94.13%)
Epoch 89 [0/84843] Loss: 0.380186
Epoch 89 [35000/84843] Loss: 0.379810
Epoch 89 [70000/84843] Loss: 0.439292
Epoch 89 - Avg Loss: 0.405832 | Train Acc: 94.77%
Val: loss=0.4312, acc=10341/10975 (94.22%)
Epoch 90 [0/84843] Loss: 0.416779
Epoch 90 [35000/84843] Loss: 0.405323
Epoch 90 [70000/84843] Loss: 0.288779
Epoch 90 - Avg Loss: 0.402416 | Train Acc: 94.96%
Val: loss=0.4434, acc=10295/10975 (93.80%)
Epoch 91 [0/84843] Loss: 0.532551
Epoch 91 [35000/84843] Loss: 0.554608
Epoch 91 [70000/84843] Loss: 0.293831
Epoch 91 - Avg Loss: 0.404000 | Train Acc: 94.94%
Val: loss=0.4185, acc=10375/10975 (94.53%)
Epoch 92 [0/84843] Loss: 0.420104
Epoch 92 [35000/84843] Loss: 0.374460
Epoch 92 [70000/84843] Loss: 0.503424
Epoch 92 - Avg Loss: 0.404673 | Train Acc: 94.87%
Val: loss=0.4294, acc=10353/10975 (94.33%)
Epoch 93 [0/84843] Loss: 0.779905
Epoch 93 [35000/84843] Loss: 0.508052
Epoch 93 [70000/84843] Loss: 0.489781
Epoch 93 - Avg Loss: 0.404463 | Train Acc: 94.85%
Val: loss=0.4174, acc=10394/10975 (94.71%)
Epoch 94 [0/84843] Loss: 0.313211
Epoch 94 [35000/84843] Loss: 0.393802
Epoch 94 [70000/84843] Loss: 0.483916
Epoch 94 - Avg Loss: 0.402474 | Train Acc: 94.96%
Val: loss=0.4134, acc=10411/10975 (94.86%)
Epoch 95 [0/84843] Loss: 0.338777
Epoch 95 [35000/84843] Loss: 0.317609
Epoch 95 [70000/84843] Loss: 0.314259
Epoch 95 - Avg Loss: 0.400975 | Train Acc: 94.95%
Val: loss=0.4160, acc=10404/10975 (94.80%)
Epoch 96 [0/84843] Loss: 0.413781
Epoch 96 [35000/84843] Loss: 0.386860
Epoch 96 [70000/84843] Loss: 0.510025
Epoch 96 - Avg Loss: 0.401674 | Train Acc: 94.98%
Val: loss=0.4149, acc=10415/10975 (94.90%)
Epoch 97 [0/84843] Loss: 0.403888
Epoch 97 [35000/84843] Loss: 0.325696
Epoch 97 [70000/84843] Loss: 0.295396
Epoch 97 - Avg Loss: 0.398305 | Train Acc: 95.08%
Val: loss=0.4261, acc=10371/10975 (94.50%)
Epoch 98 [0/84843] Loss: 0.339597
Epoch 98 [35000/84843] Loss: 0.515393
Epoch 98 [70000/84843] Loss: 0.412102
Epoch 98 - Avg Loss: 0.398008 | Train Acc: 95.08%
Val: loss=0.4340, acc=10322/10975 (94.05%)
Epoch 99 [0/84843] Loss: 0.310353
Epoch 99 [35000/84843] Loss: 0.450919
Epoch 99 [70000/84843] Loss: 0.340574
Epoch 99 - Avg Loss: 0.399302 | Train Acc: 95.10%
Val: loss=0.4090, acc=10413/10975 (94.88%)
Epoch 100 [0/84843] Loss: 0.558197
Epoch 100 [35000/84843] Loss: 0.434618
Epoch 100 [70000/84843] Loss: 0.373231
Epoch 100 - Avg Loss: 0.398628 | Train Acc: 95.12%
Val: loss=0.4265, acc=10397/10975 (94.73%)
Epoch 101 [0/84843] Loss: 0.331493
Epoch 101 [35000/84843] Loss: 0.439463
Epoch 101 [70000/84843] Loss: 0.358923
Epoch 101 - Avg Loss: 0.398254 | Train Acc: 95.12%
Val: loss=0.4234, acc=10377/10975 (94.55%)
Epoch 102 [0/84843] Loss: 0.338404
Epoch 102 [35000/84843] Loss: 0.344292
Epoch 102 [70000/84843] Loss: 0.408358
Epoch 102 - Avg Loss: 0.398343 | Train Acc: 95.11%
Val: loss=0.4121, acc=10413/10975 (94.88%)
Epoch 103 [0/84843] Loss: 0.358632
Epoch 103 [35000/84843] Loss: 0.305236
Epoch 103 [70000/84843] Loss: 0.544346
Epoch 103 - Avg Loss: 0.396225 | Train Acc: 95.19%
Val: loss=0.4123, acc=10431/10975 (95.04%)
saved best: 95.04%
Epoch 104 [0/84843] Loss: 0.376182
Epoch 104 [35000/84843] Loss: 0.367352
Epoch 104 [70000/84843] Loss: 0.529195
Epoch 104 - Avg Loss: 0.397774 | Train Acc: 95.14%
Val: loss=0.4070, acc=10425/10975 (94.99%)
Epoch 105 [0/84843] Loss: 0.360476
Epoch 105 [35000/84843] Loss: 0.520729
Epoch 105 [70000/84843] Loss: 0.398071
Epoch 105 - Avg Loss: 0.398754 | Train Acc: 95.02%
Val: loss=0.4166, acc=10386/10975 (94.63%)
Epoch 106 [0/84843] Loss: 0.321627
Epoch 106 [35000/84843] Loss: 0.395889
Epoch 106 [70000/84843] Loss: 0.315711
Epoch 106 - Avg Loss: 0.397836 | Train Acc: 95.05%
Val: loss=0.4087, acc=10429/10975 (95.03%)
Epoch 107 [0/84843] Loss: 0.355294
Epoch 107 [35000/84843] Loss: 0.426449
Epoch 107 [70000/84843] Loss: 0.292297
Epoch 107 - Avg Loss: 0.395234 | Train Acc: 95.23%
Val: loss=0.4189, acc=10377/10975 (94.55%)
Epoch 108 [0/84843] Loss: 0.334782
Epoch 108 [35000/84843] Loss: 0.401971
Epoch 108 [70000/84843] Loss: 0.507007
Epoch 108 - Avg Loss: 0.394196 | Train Acc: 95.22%
Val: loss=0.4202, acc=10363/10975 (94.42%)
Epoch 109 [0/84843] Loss: 0.350500
Epoch 109 [35000/84843] Loss: 0.465805
Epoch 109 [70000/84843] Loss: 0.411260
Epoch 109 - Avg Loss: 0.395746 | Train Acc: 95.18%
Val: loss=0.4169, acc=10375/10975 (94.53%)
Epoch 110 [0/84843] Loss: 0.416086
Epoch 110 [35000/84843] Loss: 0.355832
Epoch 110 [70000/84843] Loss: 0.558824
Epoch 110 - Avg Loss: 0.395046 | Train Acc: 95.23%
Val: loss=0.4127, acc=10427/10975 (95.01%)
Epoch 111 [0/84843] Loss: 0.445371
Epoch 111 [35000/84843] Loss: 0.369340
Epoch 111 [70000/84843] Loss: 0.815193
Epoch 111 - Avg Loss: 0.392245 | Train Acc: 95.37%
Val: loss=0.4262, acc=10374/10975 (94.52%)
Epoch 112 [0/84843] Loss: 0.448043
Epoch 112 [35000/84843] Loss: 0.329972
Epoch 112 [70000/84843] Loss: 0.591805
Epoch 112 - Avg Loss: 0.394802 | Train Acc: 95.16%
Val: loss=0.4336, acc=10338/10975 (94.20%)
Epoch 113 [0/84843] Loss: 0.409781
Epoch 113 [35000/84843] Loss: 0.293125
Epoch 113 [70000/84843] Loss: 0.407309
Epoch 113 - Avg Loss: 0.395128 | Train Acc: 95.20%
Val: loss=0.4161, acc=10396/10975 (94.72%)
Epoch 114 [0/84843] Loss: 0.349100
Epoch 114 [35000/84843] Loss: 0.327845
Epoch 114 [70000/84843] Loss: 0.610810
Epoch 114 - Avg Loss: 0.391329 | Train Acc: 95.38%
Val: loss=0.4131, acc=10402/10975 (94.78%)
Epoch 115 [0/84843] Loss: 0.552380
Epoch 115 [35000/84843] Loss: 0.549587
Epoch 115 [70000/84843] Loss: 0.365731
Epoch 115 - Avg Loss: 0.391525 | Train Acc: 95.39%
Val: loss=0.4084, acc=10435/10975 (95.08%)
saved best: 95.08%
Epoch 116 [0/84843] Loss: 0.415914
Epoch 116 [35000/84843] Loss: 0.302508
Epoch 116 [70000/84843] Loss: 0.298059
Epoch 116 - Avg Loss: 0.388641 | Train Acc: 95.51%
Val: loss=0.4345, acc=10322/10975 (94.05%)
Epoch 117 [0/84843] Loss: 0.600926
Epoch 117 [35000/84843] Loss: 0.375086
Epoch 117 [70000/84843] Loss: 0.380658
Epoch 117 - Avg Loss: 0.394834 | Train Acc: 95.27%
Val: loss=0.4167, acc=10407/10975 (94.82%)
Epoch 118 [0/84843] Loss: 0.409300
Epoch 118 [35000/84843] Loss: 0.441554
Epoch 118 [70000/84843] Loss: 0.284457
Epoch 118 - Avg Loss: 0.393430 | Train Acc: 95.30%
Val: loss=0.4071, acc=10426/10975 (95.00%)
Epoch 119 [0/84843] Loss: 0.477163
Epoch 119 [35000/84843] Loss: 0.326575
Epoch 119 [70000/84843] Loss: 0.599817
Epoch 119 - Avg Loss: 0.390520 | Train Acc: 95.35%
Val: loss=0.4074, acc=10455/10975 (95.26%)
saved best: 95.26%
Epoch 120 [0/84843] Loss: 0.318689
Epoch 120 [35000/84843] Loss: 0.294478
Epoch 120 [70000/84843] Loss: 0.458133
Epoch 120 - Avg Loss: 0.386964 | Train Acc: 95.54%
Val: loss=0.4177, acc=10380/10975 (94.58%)
Epoch 121 [0/84843] Loss: 0.377879
Epoch 121 [35000/84843] Loss: 0.523815
Epoch 121 [70000/84843] Loss: 0.483357
Epoch 121 - Avg Loss: 0.392596 | Train Acc: 95.40%
Val: loss=0.4221, acc=10379/10975 (94.57%)
Epoch 122 [0/84843] Loss: 0.377121
Epoch 122 [35000/84843] Loss: 0.436923
Epoch 122 [70000/84843] Loss: 0.335172
Epoch 122 - Avg Loss: 0.389823 | Train Acc: 95.44%
Val: loss=0.4143, acc=10412/10975 (94.87%)
Epoch 123 [0/84843] Loss: 0.343747
Epoch 123 [35000/84843] Loss: 0.373660
Epoch 123 [70000/84843] Loss: 0.401844
Epoch 123 - Avg Loss: 0.387452 | Train Acc: 95.46%
Val: loss=0.4100, acc=10436/10975 (95.09%)
Epoch 124 [0/84843] Loss: 0.428531
Epoch 124 [35000/84843] Loss: 0.435741
Epoch 124 [70000/84843] Loss: 0.330528
Epoch 124 - Avg Loss: 0.389075 | Train Acc: 95.47%
Val: loss=0.4214, acc=10379/10975 (94.57%)
Epoch 125 [0/84843] Loss: 0.362782
Epoch 125 [35000/84843] Loss: 0.322033
Epoch 125 [70000/84843] Loss: 0.499773
Epoch 125 - Avg Loss: 0.387893 | Train Acc: 95.44%
Val: loss=0.4289, acc=10348/10975 (94.29%)
Epoch 126 [0/84843] Loss: 0.357866
Epoch 126 [35000/84843] Loss: 0.402064
Epoch 126 [70000/84843] Loss: 0.375893
Epoch 126 - Avg Loss: 0.389967 | Train Acc: 95.40%
Val: loss=0.4216, acc=10374/10975 (94.52%)
Epoch 127 [0/84843] Loss: 0.434992
Epoch 127 [35000/84843] Loss: 0.394188
Epoch 127 [70000/84843] Loss: 0.346570
Epoch 127 - Avg Loss: 0.386382 | Train Acc: 95.53%
Val: loss=0.4143, acc=10405/10975 (94.81%)
Epoch 128 [0/84843] Loss: 0.315257
Epoch 128 [35000/84843] Loss: 0.413364
Epoch 128 [70000/84843] Loss: 0.355874
Epoch 128 - Avg Loss: 0.388978 | Train Acc: 95.43%
Val: loss=0.4186, acc=10404/10975 (94.80%)
Epoch 129 [0/84843] Loss: 0.451149
Epoch 129 [35000/84843] Loss: 0.363943
Epoch 129 [70000/84843] Loss: 0.336871
Epoch 129 - Avg Loss: 0.390845 | Train Acc: 95.41%
Val: loss=0.4148, acc=10399/10975 (94.75%)
Epoch 130 [0/84843] Loss: 0.356222
Epoch 130 [35000/84843] Loss: 0.568371
Epoch 130 [70000/84843] Loss: 0.349523
Epoch 130 - Avg Loss: 0.388993 | Train Acc: 95.49%
Val: loss=0.4086, acc=10430/10975 (95.03%)
Epoch 131 [0/84843] Loss: 0.448347
Epoch 131 [35000/84843] Loss: 0.322634
Epoch 131 [70000/84843] Loss: 0.426894
Epoch 131 - Avg Loss: 0.387194 | Train Acc: 95.54%
Val: loss=0.4099, acc=10412/10975 (94.87%)
Epoch 132 [0/84843] Loss: 0.300306
Epoch 132 [35000/84843] Loss: 0.337478
Epoch 132 [70000/84843] Loss: 0.402475
Epoch 132 - Avg Loss: 0.387245 | Train Acc: 95.50%
Val: loss=0.4226, acc=10367/10975 (94.46%)
Epoch 133 [0/84843] Loss: 0.342869
Epoch 133 [35000/84843] Loss: 0.313374
Epoch 133 [70000/84843] Loss: 0.362914
Epoch 133 - Avg Loss: 0.386163 | Train Acc: 95.58%
Val: loss=0.4210, acc=10386/10975 (94.63%)
Epoch 134 [0/84843] Loss: 0.365865
Epoch 134 [35000/84843] Loss: 0.402180
Epoch 134 [70000/84843] Loss: 0.449677
Epoch 134 - Avg Loss: 0.386303 | Train Acc: 95.57%
Val: loss=0.4082, acc=10434/10975 (95.07%)
Epoch 135 [0/84843] Loss: 0.307055
Epoch 135 [35000/84843] Loss: 0.341944
Epoch 135 [70000/84843] Loss: 0.446376
Epoch 135 - Avg Loss: 0.385682 | Train Acc: 95.55%
Val: loss=0.4023, acc=10459/10975 (95.30%)
saved best: 95.30%
Epoch 136 [0/84843] Loss: 0.474080
Epoch 136 [35000/84843] Loss: 0.529003
Epoch 136 [70000/84843] Loss: 0.348708
Epoch 136 - Avg Loss: 0.382861 | Train Acc: 95.72%
Val: loss=0.4207, acc=10374/10975 (94.52%)
Epoch 137 [0/84843] Loss: 0.320459
Epoch 137 [35000/84843] Loss: 0.330021
Epoch 137 [70000/84843] Loss: 0.312908
Epoch 137 - Avg Loss: 0.389143 | Train Acc: 95.44%
Val: loss=0.4236, acc=10365/10975 (94.44%)
Epoch 138 [0/84843] Loss: 0.421033
Epoch 138 [35000/84843] Loss: 0.415515
Epoch 138 [70000/84843] Loss: 0.295099
Epoch 138 - Avg Loss: 0.384334 | Train Acc: 95.60%
Val: loss=0.4270, acc=10351/10975 (94.31%)
Epoch 139 [0/84843] Loss: 0.376766
Epoch 139 [35000/84843] Loss: 0.569230
Epoch 139 [70000/84843] Loss: 0.403448
Epoch 139 - Avg Loss: 0.384344 | Train Acc: 95.61%
Val: loss=0.4199, acc=10396/10975 (94.72%)
Epoch 140 [0/84843] Loss: 0.305477
Epoch 140 [35000/84843] Loss: 0.364360
Epoch 140 [70000/84843] Loss: 0.292515
Epoch 140 - Avg Loss: 0.383180 | Train Acc: 95.71%
Val: loss=0.4162, acc=10405/10975 (94.81%)
Epoch 141 [0/84843] Loss: 0.307603
Epoch 141 [35000/84843] Loss: 0.403022
Epoch 141 [70000/84843] Loss: 0.304286
Epoch 141 - Avg Loss: 0.385421 | Train Acc: 95.65%
Val: loss=0.4160, acc=10403/10975 (94.79%)
Epoch 142 [0/84843] Loss: 0.348723
Epoch 142 [35000/84843] Loss: 0.427529
Epoch 142 [70000/84843] Loss: 0.314505
Epoch 142 - Avg Loss: 0.387482 | Train Acc: 95.43%
Val: loss=0.4388, acc=10318/10975 (94.01%)
Epoch 143 [0/84843] Loss: 0.326116
Epoch 143 [35000/84843] Loss: 0.404125
Epoch 143 [70000/84843] Loss: 0.348353
Epoch 143 - Avg Loss: 0.382919 | Train Acc: 95.70%
Val: loss=0.4149, acc=10408/10975 (94.83%)
Epoch 144 [0/84843] Loss: 0.449524
Epoch 144 [35000/84843] Loss: 0.440175
Epoch 144 [70000/84843] Loss: 0.433964
Epoch 144 - Avg Loss: 0.383983 | Train Acc: 95.63%
Val: loss=0.4084, acc=10424/10975 (94.98%)
Epoch 145 [0/84843] Loss: 0.342464
Epoch 145 [35000/84843] Loss: 0.393262
Epoch 145 [70000/84843] Loss: 0.346204
Epoch 145 - Avg Loss: 0.382066 | Train Acc: 95.65%
Val: loss=0.4166, acc=10394/10975 (94.71%)
Epoch 146 [0/84843] Loss: 0.446221
Epoch 146 [35000/84843] Loss: 0.370651
Epoch 146 [70000/84843] Loss: 0.478710
Epoch 146 - Avg Loss: 0.385841 | Train Acc: 95.58%
Val: loss=0.4234, acc=10378/10975 (94.56%)
Epoch 147 [0/84843] Loss: 0.329988
Epoch 147 [35000/84843] Loss: 0.308988
Epoch 147 [70000/84843] Loss: 0.361569
Epoch 147 - Avg Loss: 0.380685 | Train Acc: 95.73%
Val: loss=0.4106, acc=10436/10975 (95.09%)
Epoch 148 [0/84843] Loss: 0.364608
Epoch 148 [35000/84843] Loss: 0.286957
Epoch 148 [70000/84843] Loss: 0.518131
Epoch 148 - Avg Loss: 0.381221 | Train Acc: 95.74%
Val: loss=0.4173, acc=10404/10975 (94.80%)
Epoch 149 [0/84843] Loss: 0.386068
Epoch 149 [35000/84843] Loss: 0.374912
Epoch 149 [70000/84843] Loss: 0.478835
Epoch 149 - Avg Loss: 0.380882 | Train Acc: 95.74%
Val: loss=0.4019, acc=10484/10975 (95.53%)
saved best: 95.53%
Epoch 150 [0/84843] Loss: 0.330262
Epoch 150 [35000/84843] Loss: 0.283945
Epoch 150 [70000/84843] Loss: 0.306810
Epoch 150 - Avg Loss: 0.383076 | Train Acc: 95.63%
Val: loss=0.4204, acc=10391/10975 (94.68%)
Epoch 151 [0/84843] Loss: 0.431679
Epoch 151 [35000/84843] Loss: 0.417875
Epoch 151 [70000/84843] Loss: 0.315235
Epoch 151 - Avg Loss: 0.382341 | Train Acc: 95.71%
Val: loss=0.4176, acc=10409/10975 (94.84%)
Epoch 152 [0/84843] Loss: 0.309438
Epoch 152 [35000/84843] Loss: 0.332018
Epoch 152 [70000/84843] Loss: 0.386000
Epoch 152 - Avg Loss: 0.380369 | Train Acc: 95.81%
Val: loss=0.4144, acc=10412/10975 (94.87%)
Epoch 153 [0/84843] Loss: 0.426778
Epoch 153 [35000/84843] Loss: 0.300940
Epoch 153 [70000/84843] Loss: 0.365324
Epoch 153 - Avg Loss: 0.381348 | Train Acc: 95.71%
Val: loss=0.4165, acc=10408/10975 (94.83%)
Epoch 154 [0/84843] Loss: 0.377649
Epoch 154 [35000/84843] Loss: 0.319758
Epoch 154 [70000/84843] Loss: 0.362946
Epoch 154 - Avg Loss: 0.381470 | Train Acc: 95.74%
Val: loss=0.4203, acc=10392/10975 (94.69%)
Epoch 155 [0/84843] Loss: 0.334358
Epoch 155 [35000/84843] Loss: 0.312589
Epoch 155 [70000/84843] Loss: 0.407903
Epoch 155 - Avg Loss: 0.383372 | Train Acc: 95.62%
Val: loss=0.4014, acc=10451/10975 (95.23%)
Epoch 156 [0/84843] Loss: 0.304198
Epoch 156 [35000/84843] Loss: 0.322972
Epoch 156 [70000/84843] Loss: 0.365290
Epoch 156 - Avg Loss: 0.377453 | Train Acc: 95.94%
Val: loss=0.4216, acc=10390/10975 (94.67%)
Epoch 157 [0/84843] Loss: 0.280396
Epoch 157 [35000/84843] Loss: 0.396536
Epoch 157 [70000/84843] Loss: 0.486832
Epoch 157 - Avg Loss: 0.380681 | Train Acc: 95.73%
Val: loss=0.4123, acc=10404/10975 (94.80%)
Epoch 158 [0/84843] Loss: 0.323204
Epoch 158 [35000/84843] Loss: 0.373000
Epoch 158 [70000/84843] Loss: 0.362759
Epoch 158 - Avg Loss: 0.382186 | Train Acc: 95.68%
Val: loss=0.4112, acc=10420/10975 (94.94%)
Epoch 159 [0/84843] Loss: 0.308524
Epoch 159 [35000/84843] Loss: 0.331955
Epoch 159 [70000/84843] Loss: 0.469998
Epoch 159 - Avg Loss: 0.379823 | Train Acc: 95.83%
Val: loss=0.4062, acc=10449/10975 (95.21%)
Epoch 160 [0/84843] Loss: 0.306860
Epoch 160 [35000/84843] Loss: 0.352948
Epoch 160 [70000/84843] Loss: 0.538706
Epoch 160 - Avg Loss: 0.377840 | Train Acc: 95.88%
Val: loss=0.4247, acc=10373/10975 (94.51%)
Epoch 161 [0/84843] Loss: 0.307016
Epoch 161 [35000/84843] Loss: 0.306820
Epoch 161 [70000/84843] Loss: 0.310709
Epoch 161 - Avg Loss: 0.379245 | Train Acc: 95.87%
Val: loss=0.4208, acc=10399/10975 (94.75%)
Epoch 162 [0/84843] Loss: 0.351003
Epoch 162 [35000/84843] Loss: 0.362324
Epoch 162 [70000/84843] Loss: 0.288961
Epoch 162 - Avg Loss: 0.379623 | Train Acc: 95.84%
Val: loss=0.4234, acc=10387/10975 (94.64%)
Epoch 163 [0/84843] Loss: 0.321849
Epoch 163 [35000/84843] Loss: 0.348741
Epoch 163 [70000/84843] Loss: 0.431970
Epoch 163 - Avg Loss: 0.377683 | Train Acc: 95.90%
Val: loss=0.4014, acc=10470/10975 (95.40%)
Epoch 164 [0/84843] Loss: 0.295019
Epoch 164 [35000/84843] Loss: 0.271731
Epoch 164 [70000/84843] Loss: 0.314656
Epoch 164 - Avg Loss: 0.379807 | Train Acc: 95.76%
Val: loss=0.4105, acc=10429/10975 (95.03%)
Epoch 165 [0/84843] Loss: 0.320838
Epoch 165 [35000/84843] Loss: 0.400180
Epoch 165 [70000/84843] Loss: 0.477683
Epoch 165 - Avg Loss: 0.377989 | Train Acc: 95.89%
Val: loss=0.4038, acc=10454/10975 (95.25%)
Epoch 166 [0/84843] Loss: 0.309791
Epoch 166 [35000/84843] Loss: 0.326557
Epoch 166 [70000/84843] Loss: 0.361021
Epoch 166 - Avg Loss: 0.379270 | Train Acc: 95.79%
Val: loss=0.4172, acc=10403/10975 (94.79%)
Epoch 167 [0/84843] Loss: 0.502623
Epoch 167 [35000/84843] Loss: 0.319467
Epoch 167 [70000/84843] Loss: 0.425743
Epoch 167 - Avg Loss: 0.375846 | Train Acc: 95.98%
Val: loss=0.4125, acc=10427/10975 (95.01%)
Epoch 168 [0/84843] Loss: 0.458846
Epoch 168 [35000/84843] Loss: 0.358559
Epoch 168 [70000/84843] Loss: 0.369937
Epoch 168 - Avg Loss: 0.379611 | Train Acc: 95.82%
Val: loss=0.4158, acc=10399/10975 (94.75%)
Epoch 169 [0/84843] Loss: 0.369408
Epoch 169 [35000/84843] Loss: 0.387604
Epoch 169 [70000/84843] Loss: 0.287795
Epoch 169 - Avg Loss: 0.373982 | Train Acc: 96.07%
Val: loss=0.4200, acc=10395/10975 (94.72%)
Epoch 170 [0/84843] Loss: 0.351213
Epoch 170 [35000/84843] Loss: 0.295029
Epoch 170 [70000/84843] Loss: 0.471644
Epoch 170 - Avg Loss: 0.374062 | Train Acc: 96.00%
Val: loss=0.4190, acc=10399/10975 (94.75%)
Epoch 171 [0/84843] Loss: 0.339410
Epoch 171 [35000/84843] Loss: 0.381913
Epoch 171 [70000/84843] Loss: 0.279280
Epoch 171 - Avg Loss: 0.377137 | Train Acc: 95.87%
Val: loss=0.4208, acc=10365/10975 (94.44%)
Epoch 172 [0/84843] Loss: 0.285627
Epoch 172 [35000/84843] Loss: 0.506821
Epoch 172 [70000/84843] Loss: 0.409835
Epoch 172 - Avg Loss: 0.377794 | Train Acc: 95.85%
Val: loss=0.4059, acc=10446/10975 (95.18%)
Epoch 173 [0/84843] Loss: 0.500587
Epoch 173 [35000/84843] Loss: 0.328205
Epoch 173 [70000/84843] Loss: 0.347593
Epoch 173 - Avg Loss: 0.377328 | Train Acc: 95.90%
Val: loss=0.4188, acc=10383/10975 (94.61%)
Epoch 174 [0/84843] Loss: 0.438594
Epoch 174 [35000/84843] Loss: 0.441221
Epoch 174 [70000/84843] Loss: 0.332103
Epoch 174 - Avg Loss: 0.375334 | Train Acc: 95.97%
Val: loss=0.4229, acc=10368/10975 (94.47%)
Epoch 175 [0/84843] Loss: 0.362876
Epoch 175 [35000/84843] Loss: 0.338580
Epoch 175 [70000/84843] Loss: 0.517531
Epoch 175 - Avg Loss: 0.374659 | Train Acc: 96.00%
Val: loss=0.4243, acc=10354/10975 (94.34%)
Epoch 176 [0/84843] Loss: 0.344018
Epoch 176 [35000/84843] Loss: 0.352460
Epoch 176 [70000/84843] Loss: 0.493336
Epoch 176 - Avg Loss: 0.376185 | Train Acc: 95.91%
Val: loss=0.4189, acc=10387/10975 (94.64%)
Epoch 177 [0/84843] Loss: 0.319859
Epoch 177 [35000/84843] Loss: 0.523592
Epoch 177 [70000/84843] Loss: 0.331204
Epoch 177 - Avg Loss: 0.376083 | Train Acc: 95.87%
Val: loss=0.4170, acc=10418/10975 (94.92%)
Epoch 178 [0/84843] Loss: 0.382753
Epoch 178 [35000/84843] Loss: 0.558164
Epoch 178 [70000/84843] Loss: 0.437020
Epoch 178 - Avg Loss: 0.376621 | Train Acc: 95.84%
Val: loss=0.4304, acc=10362/10975 (94.41%)
Epoch 179 [0/84843] Loss: 0.299131
Epoch 179 [35000/84843] Loss: 0.314795
Epoch 179 [70000/84843] Loss: 0.441370
Epoch 179 - Avg Loss: 0.373770 | Train Acc: 96.00%
Val: loss=0.4131, acc=10412/10975 (94.87%)
Epoch 180 [0/84843] Loss: 0.376390
Epoch 180 [35000/84843] Loss: 0.284962
Epoch 180 [70000/84843] Loss: 0.424186
Epoch 180 - Avg Loss: 0.373150 | Train Acc: 96.09%
Val: loss=0.4054, acc=10443/10975 (95.15%)
Epoch 181 [0/84843] Loss: 0.325411
Epoch 181 [35000/84843] Loss: 0.375481
Epoch 181 [70000/84843] Loss: 0.302072
Epoch 181 - Avg Loss: 0.378148 | Train Acc: 95.81%
Val: loss=0.4139, acc=10421/10975 (94.95%)
Epoch 182 [0/84843] Loss: 0.340521
Epoch 182 [35000/84843] Loss: 0.394661
Epoch 182 [70000/84843] Loss: 0.329076
Epoch 182 - Avg Loss: 0.375080 | Train Acc: 95.97%
Val: loss=0.4236, acc=10367/10975 (94.46%)
Epoch 183 [0/84843] Loss: 0.349015
Epoch 183 [35000/84843] Loss: 0.396409
Epoch 183 [70000/84843] Loss: 0.507469
Epoch 183 - Avg Loss: 0.372816 | Train Acc: 96.01%
Val: loss=0.4185, acc=10410/10975 (94.85%)
Epoch 184 [0/84843] Loss: 0.329964
Epoch 184 [35000/84843] Loss: 0.481366
Epoch 184 [70000/84843] Loss: 0.336023
Epoch 184 - Avg Loss: 0.372325 | Train Acc: 96.09%
Val: loss=0.4173, acc=10395/10975 (94.72%)
Epoch 185 [0/84843] Loss: 0.373124
Epoch 185 [35000/84843] Loss: 0.509477
Epoch 185 [70000/84843] Loss: 0.394296
Epoch 185 - Avg Loss: 0.373073 | Train Acc: 96.01%
Val: loss=0.4096, acc=10442/10975 (95.14%)
Epoch 186 [0/84843] Loss: 0.385447
Epoch 186 [35000/84843] Loss: 0.467496
Epoch 186 [70000/84843] Loss: 0.415652
Epoch 186 - Avg Loss: 0.371602 | Train Acc: 96.11%
Val: loss=0.4055, acc=10454/10975 (95.25%)
Epoch 187 [0/84843] Loss: 0.389257
Epoch 187 [35000/84843] Loss: 0.426390
Epoch 187 [70000/84843] Loss: 0.309704
Epoch 187 - Avg Loss: 0.373093 | Train Acc: 96.02%
Val: loss=0.4078, acc=10445/10975 (95.17%)
Epoch 188 [0/84843] Loss: 0.353563
Epoch 188 [35000/84843] Loss: 0.343524
Epoch 188 [70000/84843] Loss: 0.358020
Epoch 188 - Avg Loss: 0.370097 | Train Acc: 96.24%
Val: loss=0.4091, acc=10443/10975 (95.15%)
Epoch 189 [0/84843] Loss: 0.350251
Epoch 189 [35000/84843] Loss: 0.304437
Epoch 189 [70000/84843] Loss: 0.339423
Epoch 189 - Avg Loss: 0.372659 | Train Acc: 96.02%
Val: loss=0.4132, acc=10426/10975 (95.00%)
Epoch 190 [0/84843] Loss: 0.442360
Epoch 190 [35000/84843] Loss: 0.345358
Epoch 190 [70000/84843] Loss: 0.307953
Epoch 190 - Avg Loss: 0.374920 | Train Acc: 95.95%
Val: loss=0.4091, acc=10433/10975 (95.06%)
Epoch 191 [0/84843] Loss: 0.394610
Epoch 191 [35000/84843] Loss: 0.327722
Epoch 191 [70000/84843] Loss: 0.309518
Epoch 191 - Avg Loss: 0.372738 | Train Acc: 96.08%
Val: loss=0.4106, acc=10419/10975 (94.93%)
Epoch 192 [0/84843] Loss: 0.294284
Epoch 192 [35000/84843] Loss: 0.306523
Epoch 192 [70000/84843] Loss: 0.434041
Epoch 192 - Avg Loss: 0.372348 | Train Acc: 96.08%
Val: loss=0.4159, acc=10398/10975 (94.74%)
Epoch 193 [0/84843] Loss: 0.331524
Epoch 193 [35000/84843] Loss: 0.383678
Epoch 193 [70000/84843] Loss: 0.358137
Epoch 193 - Avg Loss: 0.374168 | Train Acc: 96.04%
Val: loss=0.4079, acc=10447/10975 (95.19%)
Epoch 194 [0/84843] Loss: 0.552864
Epoch 194 [35000/84843] Loss: 0.388649
Epoch 194 [70000/84843] Loss: 0.395652
Epoch 194 - Avg Loss: 0.373028 | Train Acc: 96.03%
Val: loss=0.4012, acc=10468/10975 (95.38%)
Epoch 195 [0/84843] Loss: 0.386152
Epoch 195 [35000/84843] Loss: 0.342496
Epoch 195 [70000/84843] Loss: 0.295081
Epoch 195 - Avg Loss: 0.369698 | Train Acc: 96.20%
Val: loss=0.4046, acc=10452/10975 (95.23%)
Epoch 196 [0/84843] Loss: 0.327735
Epoch 196 [35000/84843] Loss: 0.283014
Epoch 196 [70000/84843] Loss: 0.447087
Epoch 196 - Avg Loss: 0.369188 | Train Acc: 96.21%
Val: loss=0.4121, acc=10411/10975 (94.86%)
Epoch 197 [0/84843] Loss: 0.330719
Epoch 197 [35000/84843] Loss: 0.338927
Epoch 197 [70000/84843] Loss: 0.320702
Epoch 197 - Avg Loss: 0.368658 | Train Acc: 96.22%
Val: loss=0.4082, acc=10433/10975 (95.06%)
Epoch 198 [0/84843] Loss: 0.451854
Epoch 198 [35000/84843] Loss: 0.329462
Epoch 198 [70000/84843] Loss: 0.435845
Epoch 198 - Avg Loss: 0.373253 | Train Acc: 96.00%
Val: loss=0.4104, acc=10431/10975 (95.04%)
Epoch 199 [0/84843] Loss: 0.356977
Epoch 199 [35000/84843] Loss: 0.299188
Epoch 199 [70000/84843] Loss: 0.500149
Epoch 199 - Avg Loss: 0.370513 | Train Acc: 96.18%
Val: loss=0.4088, acc=10448/10975 (95.20%)
Epoch 200 [0/84843] Loss: 0.513065
Epoch 200 [35000/84843] Loss: 0.323918
Epoch 200 [70000/84843] Loss: 0.287297
Epoch 200 - Avg Loss: 0.368145 | Train Acc: 96.23%
Val: loss=0.4036, acc=10464/10975 (95.34%)
Epoch 201 [0/84843] Loss: 0.419452
Epoch 201 [35000/84843] Loss: 0.437416
Epoch 201 [70000/84843] Loss: 0.342174
Epoch 201 - Avg Loss: 0.368348 | Train Acc: 96.24%
Val: loss=0.4137, acc=10408/10975 (94.83%)
Epoch 202 [0/84843] Loss: 0.347366
Epoch 202 [35000/84843] Loss: 0.331337
Epoch 202 [70000/84843] Loss: 0.306929
Epoch 202 - Avg Loss: 0.372113 | Train Acc: 96.10%
Val: loss=0.4210, acc=10378/10975 (94.56%)
Epoch 203 [0/84843] Loss: 0.466532
Epoch 203 [35000/84843] Loss: 0.394815
Epoch 203 [70000/84843] Loss: 0.429700
Epoch 203 - Avg Loss: 0.370548 | Train Acc: 96.13%
Val: loss=0.4030, acc=10452/10975 (95.23%)
Epoch 204 [0/84843] Loss: 0.425703
Epoch 204 [35000/84843] Loss: 0.342743
Epoch 204 [70000/84843] Loss: 0.338882
Epoch 204 - Avg Loss: 0.369898 | Train Acc: 96.16%
Val: loss=0.4042, acc=10467/10975 (95.37%)
Epoch 205 [0/84843] Loss: 0.410940
Epoch 205 [35000/84843] Loss: 0.338465
Epoch 205 [70000/84843] Loss: 0.298414
Epoch 205 - Avg Loss: 0.371002 | Train Acc: 96.12%
Val: loss=0.4073, acc=10440/10975 (95.13%)
Epoch 206 [0/84843] Loss: 0.549045
Epoch 206 [35000/84843] Loss: 0.348411
Epoch 206 [70000/84843] Loss: 0.310440
Epoch 206 - Avg Loss: 0.369091 | Train Acc: 96.17%
Val: loss=0.4047, acc=10440/10975 (95.13%)
Epoch 207 [0/84843] Loss: 0.315546
Epoch 207 [35000/84843] Loss: 0.344600
Epoch 207 [70000/84843] Loss: 0.286870
Epoch 207 - Avg Loss: 0.368531 | Train Acc: 96.25%
Val: loss=0.4110, acc=10440/10975 (95.13%)
Epoch 208 [0/84843] Loss: 0.394692
Epoch 208 [35000/84843] Loss: 0.341726
Epoch 208 [70000/84843] Loss: 0.453483
Epoch 208 - Avg Loss: 0.372529 | Train Acc: 96.00%
Val: loss=0.4007, acc=10476/10975 (95.45%)
Epoch 209 [0/84843] Loss: 0.300223
Epoch 209 [35000/84843] Loss: 0.376967
Epoch 209 [70000/84843] Loss: 0.292065
Epoch 209 - Avg Loss: 0.366973 | Train Acc: 96.29%
Val: loss=0.4091, acc=10443/10975 (95.15%)
Epoch 210 [0/84843] Loss: 0.294287
Epoch 210 [35000/84843] Loss: 0.320636
Epoch 210 [70000/84843] Loss: 0.347723
Epoch 210 - Avg Loss: 0.367662 | Train Acc: 96.28%
Val: loss=0.4098, acc=10438/10975 (95.11%)
Epoch 211 [0/84843] Loss: 0.370743
Epoch 211 [35000/84843] Loss: 0.371251
Epoch 211 [70000/84843] Loss: 0.276510
Epoch 211 - Avg Loss: 0.369062 | Train Acc: 96.17%
Val: loss=0.4194, acc=10394/10975 (94.71%)
Epoch 212 [0/84843] Loss: 0.367302
Epoch 212 [35000/84843] Loss: 0.311467
Epoch 212 [70000/84843] Loss: 0.301450
Epoch 212 - Avg Loss: 0.367454 | Train Acc: 96.29%
Val: loss=0.3995, acc=10480/10975 (95.49%)
Epoch 213 [0/84843] Loss: 0.279193
Epoch 213 [35000/84843] Loss: 0.373114
Epoch 213 [70000/84843] Loss: 0.284612
Epoch 213 - Avg Loss: 0.365364 | Train Acc: 96.31%
Val: loss=0.4073, acc=10450/10975 (95.22%)
Epoch 214 [0/84843] Loss: 0.488488
Epoch 214 [35000/84843] Loss: 0.297141
Epoch 214 [70000/84843] Loss: 0.373857
Epoch 214 - Avg Loss: 0.368836 | Train Acc: 96.26%
Val: loss=0.4056, acc=10456/10975 (95.27%)
Epoch 215 [0/84843] Loss: 0.398066
Epoch 215 [35000/84843] Loss: 0.408675
Epoch 215 [70000/84843] Loss: 0.476911
Epoch 215 - Avg Loss: 0.364465 | Train Acc: 96.38%
Val: loss=0.4080, acc=10446/10975 (95.18%)
Epoch 216 [0/84843] Loss: 0.287277
Epoch 216 [35000/84843] Loss: 0.421288
Epoch 216 [70000/84843] Loss: 0.300281
Epoch 216 - Avg Loss: 0.365972 | Train Acc: 96.33%
Val: loss=0.4132, acc=10441/10975 (95.13%)
Epoch 217 [0/84843] Loss: 0.425916
Epoch 217 [35000/84843] Loss: 0.317047
Epoch 217 [70000/84843] Loss: 0.391919
Epoch 217 - Avg Loss: 0.364664 | Train Acc: 96.34%
Val: loss=0.4072, acc=10440/10975 (95.13%)
Epoch 218 [0/84843] Loss: 0.312916
Epoch 218 [35000/84843] Loss: 0.363872
Epoch 218 [70000/84843] Loss: 0.291572
Epoch 218 - Avg Loss: 0.368065 | Train Acc: 96.25%
Val: loss=0.4070, acc=10469/10975 (95.39%)
Epoch 219 [0/84843] Loss: 0.322165
Epoch 219 [35000/84843] Loss: 0.486623
Epoch 219 [70000/84843] Loss: 0.384052
Epoch 219 - Avg Loss: 0.367563 | Train Acc: 96.26%
Val: loss=0.4048, acc=10465/10975 (95.35%)
Epoch 220 [0/84843] Loss: 0.366352
Epoch 220 [35000/84843] Loss: 0.307733
Epoch 220 [70000/84843] Loss: 0.410322
Epoch 220 - Avg Loss: 0.363244 | Train Acc: 96.45%
Val: loss=0.4233, acc=10386/10975 (94.63%)
Epoch 221 [0/84843] Loss: 0.369837
Epoch 221 [35000/84843] Loss: 0.350569
Epoch 221 [70000/84843] Loss: 0.309253
Epoch 221 - Avg Loss: 0.364944 | Train Acc: 96.37%
Val: loss=0.4050, acc=10457/10975 (95.28%)
Epoch 222 [0/84843] Loss: 0.404245
Epoch 222 [35000/84843] Loss: 0.352509
Epoch 222 [70000/84843] Loss: 0.331761
Epoch 222 - Avg Loss: 0.366026 | Train Acc: 96.37%
Val: loss=0.4151, acc=10423/10975 (94.97%)
Epoch 223 [0/84843] Loss: 0.391180
Epoch 223 [35000/84843] Loss: 0.286288
Epoch 223 [70000/84843] Loss: 0.380514
Epoch 223 - Avg Loss: 0.367955 | Train Acc: 96.24%
Val: loss=0.4075, acc=10456/10975 (95.27%)
Epoch 224 [0/84843] Loss: 0.359172
Epoch 224 [35000/84843] Loss: 0.332729
Epoch 224 [70000/84843] Loss: 0.330718
Epoch 224 - Avg Loss: 0.365087 | Train Acc: 96.31%
Val: loss=0.4081, acc=10452/10975 (95.23%)
Epoch 225 [0/84843] Loss: 0.379316
Epoch 225 [35000/84843] Loss: 0.331777
Epoch 225 [70000/84843] Loss: 0.380103
Epoch 225 - Avg Loss: 0.363982 | Train Acc: 96.40%
Val: loss=0.4078, acc=10421/10975 (94.95%)
Epoch 226 [0/84843] Loss: 0.425334
Epoch 226 [35000/84843] Loss: 0.323923
Epoch 226 [70000/84843] Loss: 0.311157
Epoch 226 - Avg Loss: 0.364449 | Train Acc: 96.34%
Val: loss=0.4120, acc=10440/10975 (95.13%)
Epoch 227 [0/84843] Loss: 0.375407
Epoch 227 [35000/84843] Loss: 0.289620
Epoch 227 [70000/84843] Loss: 0.329051
Epoch 227 - Avg Loss: 0.365327 | Train Acc: 96.39%
Val: loss=0.4158, acc=10430/10975 (95.03%)
Epoch 228 [0/84843] Loss: 0.690242
Epoch 228 [35000/84843] Loss: 0.458768
Epoch 228 [70000/84843] Loss: 0.296072
Epoch 228 - Avg Loss: 0.364114 | Train Acc: 96.40%
Val: loss=0.4091, acc=10431/10975 (95.04%)
Epoch 229 [0/84843] Loss: 0.309919
Epoch 229 [35000/84843] Loss: 0.285814
Epoch 229 [70000/84843] Loss: 0.499717
Epoch 229 - Avg Loss: 0.365180 | Train Acc: 96.31%
Val: loss=0.4052, acc=10467/10975 (95.37%)
Epoch 230 [0/84843] Loss: 0.436786
Epoch 230 [35000/84843] Loss: 0.299681
Epoch 230 [70000/84843] Loss: 0.283981
Epoch 230 - Avg Loss: 0.360887 | Train Acc: 96.59%
Val: loss=0.4162, acc=10419/10975 (94.93%)
Epoch 231 [0/84843] Loss: 0.341026
Epoch 231 [35000/84843] Loss: 0.314067
Epoch 231 [70000/84843] Loss: 0.310759
Epoch 231 - Avg Loss: 0.366456 | Train Acc: 96.26%
Val: loss=0.4102, acc=10433/10975 (95.06%)
Epoch 232 [0/84843] Loss: 0.326798
Epoch 232 [35000/84843] Loss: 0.316957
Epoch 232 [70000/84843] Loss: 0.339496
Epoch 232 - Avg Loss: 0.357835 | Train Acc: 96.69%
Val: loss=0.4099, acc=10443/10975 (95.15%)
Epoch 233 [0/84843] Loss: 0.490223
Epoch 233 [35000/84843] Loss: 0.410502
Epoch 233 [70000/84843] Loss: 0.283960
Epoch 233 - Avg Loss: 0.363490 | Train Acc: 96.38%
Val: loss=0.4071, acc=10450/10975 (95.22%)
Epoch 234 [0/84843] Loss: 0.420503
Epoch 234 [35000/84843] Loss: 0.336823
Epoch 234 [70000/84843] Loss: 0.293522
Epoch 234 - Avg Loss: 0.361347 | Train Acc: 96.50%
Val: loss=0.4034, acc=10471/10975 (95.41%)
Epoch 235 [0/84843] Loss: 0.283348
Epoch 235 [35000/84843] Loss: 0.365421
Epoch 235 [70000/84843] Loss: 0.374258
Epoch 235 - Avg Loss: 0.365094 | Train Acc: 96.34%
Val: loss=0.4048, acc=10467/10975 (95.37%)
Epoch 236 [0/84843] Loss: 0.283661
Epoch 236 [35000/84843] Loss: 0.561257
Epoch 236 [70000/84843] Loss: 0.347311
Epoch 236 - Avg Loss: 0.363012 | Train Acc: 96.42%
Val: loss=0.3990, acc=10484/10975 (95.53%)
Epoch 237 [0/84843] Loss: 0.616046
Epoch 237 [35000/84843] Loss: 0.450983
Epoch 237 [70000/84843] Loss: 0.279667
Epoch 237 - Avg Loss: 0.359251 | Train Acc: 96.59%
Val: loss=0.4036, acc=10451/10975 (95.23%)
Epoch 238 [0/84843] Loss: 0.327974
Epoch 238 [35000/84843] Loss: 0.362473
Epoch 238 [70000/84843] Loss: 0.309649
Epoch 238 - Avg Loss: 0.361257 | Train Acc: 96.50%
Val: loss=0.4081, acc=10425/10975 (94.99%)
Epoch 239 [0/84843] Loss: 0.391405
Epoch 239 [35000/84843] Loss: 0.432491
Epoch 239 [70000/84843] Loss: 0.416180
Epoch 239 - Avg Loss: 0.361590 | Train Acc: 96.48%
Val: loss=0.4082, acc=10445/10975 (95.17%)
Epoch 240 [0/84843] Loss: 0.340059
Epoch 240 [35000/84843] Loss: 0.448172
Epoch 240 [70000/84843] Loss: 0.333098
Epoch 240 - Avg Loss: 0.359711 | Train Acc: 96.53%
Val: loss=0.4078, acc=10435/10975 (95.08%)
Epoch 241 [0/84843] Loss: 0.304425
Epoch 241 [35000/84843] Loss: 0.338406
Epoch 241 [70000/84843] Loss: 0.330222
Epoch 241 - Avg Loss: 0.360161 | Train Acc: 96.53%
Val: loss=0.4100, acc=10423/10975 (94.97%)
Epoch 242 [0/84843] Loss: 0.449266
Epoch 242 [35000/84843] Loss: 0.288516
Epoch 242 [70000/84843] Loss: 0.282374
Epoch 242 - Avg Loss: 0.359350 | Train Acc: 96.54%
Val: loss=0.4131, acc=10437/10975 (95.10%)
Epoch 243 [0/84843] Loss: 0.488531
Epoch 243 [35000/84843] Loss: 0.355292
Epoch 243 [70000/84843] Loss: 0.287664
Epoch 243 - Avg Loss: 0.360891 | Train Acc: 96.50%
Val: loss=0.3965, acc=10492/10975 (95.60%)
saved best: 95.60%
Epoch 244 [0/84843] Loss: 0.303296
Epoch 244 [35000/84843] Loss: 0.432571
Epoch 244 [70000/84843] Loss: 0.323387
Epoch 244 - Avg Loss: 0.359761 | Train Acc: 96.50%
Val: loss=0.4061, acc=10444/10975 (95.16%)
Epoch 245 [0/84843] Loss: 0.367864
Epoch 245 [35000/84843] Loss: 0.293454
Epoch 245 [70000/84843] Loss: 0.356384
Epoch 245 - Avg Loss: 0.361937 | Train Acc: 96.43%
Val: loss=0.4007, acc=10472/10975 (95.42%)
Epoch 246 [0/84843] Loss: 0.426124
Epoch 246 [35000/84843] Loss: 0.358835
Epoch 246 [70000/84843] Loss: 0.367462
Epoch 246 - Avg Loss: 0.359646 | Train Acc: 96.55%
Val: loss=0.4055, acc=10424/10975 (94.98%)
Epoch 247 [0/84843] Loss: 0.325749
Epoch 247 [35000/84843] Loss: 0.319088
Epoch 247 [70000/84843] Loss: 0.470800
Epoch 247 - Avg Loss: 0.359592 | Train Acc: 96.58%
Val: loss=0.4038, acc=10465/10975 (95.35%)
Epoch 248 [0/84843] Loss: 0.289108
Epoch 248 [35000/84843] Loss: 0.283966
Epoch 248 [70000/84843] Loss: 0.281815
Epoch 248 - Avg Loss: 0.357322 | Train Acc: 96.65%
Val: loss=0.4017, acc=10456/10975 (95.27%)
Epoch 249 [0/84843] Loss: 0.280945
Epoch 249 [35000/84843] Loss: 0.404430
Epoch 249 [70000/84843] Loss: 0.363668
Epoch 249 - Avg Loss: 0.360987 | Train Acc: 96.53%
Val: loss=0.4099, acc=10439/10975 (95.12%)
Epoch 250 [0/84843] Loss: 0.398211
Epoch 250 [35000/84843] Loss: 0.341705
Epoch 250 [70000/84843] Loss: 0.360849
Epoch 250 - Avg Loss: 0.360245 | Train Acc: 96.49%
Val: loss=0.4032, acc=10464/10975 (95.34%)
Epoch 251 [0/84843] Loss: 0.304323
Epoch 251 [35000/84843] Loss: 0.282515
Epoch 251 [70000/84843] Loss: 0.577335
Epoch 251 - Avg Loss: 0.356016 | Train Acc: 96.69%
Val: loss=0.4022, acc=10465/10975 (95.35%)
Epoch 252 [0/84843] Loss: 0.419123
Epoch 252 [35000/84843] Loss: 0.343504
Epoch 252 [70000/84843] Loss: 0.359278
Epoch 252 - Avg Loss: 0.354680 | Train Acc: 96.79%
Val: loss=0.4001, acc=10477/10975 (95.46%)
Epoch 253 [0/84843] Loss: 0.326207
Epoch 253 [35000/84843] Loss: 0.313439
Epoch 253 [70000/84843] Loss: 0.333286
Epoch 253 - Avg Loss: 0.358472 | Train Acc: 96.58%
Val: loss=0.4019, acc=10469/10975 (95.39%)
Epoch 254 [0/84843] Loss: 0.274873
Epoch 254 [35000/84843] Loss: 0.283788
Epoch 254 [70000/84843] Loss: 0.381436
Epoch 254 - Avg Loss: 0.355722 | Train Acc: 96.70%
Val: loss=0.4049, acc=10445/10975 (95.17%)
Epoch 255 [0/84843] Loss: 0.443686
Epoch 255 [35000/84843] Loss: 0.291817
Epoch 255 [70000/84843] Loss: 0.341868
Epoch 255 - Avg Loss: 0.356820 | Train Acc: 96.63%
Val: loss=0.4031, acc=10475/10975 (95.44%)
Epoch 256 [0/84843] Loss: 0.379119
Epoch 256 [35000/84843] Loss: 0.436222
Epoch 256 [70000/84843] Loss: 0.335790
Epoch 256 - Avg Loss: 0.355156 | Train Acc: 96.74%
Val: loss=0.4093, acc=10438/10975 (95.11%)
Epoch 257 [0/84843] Loss: 0.395755
Epoch 257 [35000/84843] Loss: 0.314809
Epoch 257 [70000/84843] Loss: 0.360926
Epoch 257 - Avg Loss: 0.358429 | Train Acc: 96.57%
Val: loss=0.4076, acc=10450/10975 (95.22%)
Epoch 258 [0/84843] Loss: 0.359302
Epoch 258 [35000/84843] Loss: 0.374708
Epoch 258 [70000/84843] Loss: 0.315279
Epoch 258 - Avg Loss: 0.357258 | Train Acc: 96.61%
Val: loss=0.4065, acc=10458/10975 (95.29%)
Epoch 259 [0/84843] Loss: 0.274432
Epoch 259 [35000/84843] Loss: 0.482101
Epoch 259 [70000/84843] Loss: 0.311268
Epoch 259 - Avg Loss: 0.356470 | Train Acc: 96.68%
Val: loss=0.4089, acc=10441/10975 (95.13%)
Epoch 260 [0/84843] Loss: 0.316587
Epoch 260 [35000/84843] Loss: 0.452453
Epoch 260 [70000/84843] Loss: 0.412574
Epoch 260 - Avg Loss: 0.356449 | Train Acc: 96.65%
Val: loss=0.4064, acc=10457/10975 (95.28%)
Epoch 261 [0/84843] Loss: 0.322407
Epoch 261 [35000/84843] Loss: 0.281816
Epoch 261 [70000/84843] Loss: 0.315975
Epoch 261 - Avg Loss: 0.354964 | Train Acc: 96.76%
Val: loss=0.4047, acc=10462/10975 (95.33%)
Epoch 262 [0/84843] Loss: 0.281799
Epoch 262 [35000/84843] Loss: 0.358566
Epoch 262 [70000/84843] Loss: 0.354456
Epoch 262 - Avg Loss: 0.355679 | Train Acc: 96.73%
Val: loss=0.4040, acc=10461/10975 (95.32%)
Epoch 263 [0/84843] Loss: 0.443533
Epoch 263 [35000/84843] Loss: 0.295957
Epoch 263 [70000/84843] Loss: 0.317233
Epoch 263 - Avg Loss: 0.355889 | Train Acc: 96.66%
Val: loss=0.4022, acc=10475/10975 (95.44%)
Epoch 264 [0/84843] Loss: 0.357614
Epoch 264 [35000/84843] Loss: 0.403274
Epoch 264 [70000/84843] Loss: 0.292196
Epoch 264 - Avg Loss: 0.355524 | Train Acc: 96.71%
Val: loss=0.4103, acc=10439/10975 (95.12%)
Epoch 265 [0/84843] Loss: 0.345191
Epoch 265 [35000/84843] Loss: 0.398051
Epoch 265 [70000/84843] Loss: 0.480019
Epoch 265 - Avg Loss: 0.351004 | Train Acc: 96.91%
Val: loss=0.4063, acc=10462/10975 (95.33%)
Epoch 266 [0/84843] Loss: 0.311109
Epoch 266 [35000/84843] Loss: 0.397062
Epoch 266 [70000/84843] Loss: 0.345965
Epoch 266 - Avg Loss: 0.354236 | Train Acc: 96.78%
Val: loss=0.4015, acc=10466/10975 (95.36%)
Epoch 267 [0/84843] Loss: 0.306407
Epoch 267 [35000/84843] Loss: 0.346628
Epoch 267 [70000/84843] Loss: 0.373523
Epoch 267 - Avg Loss: 0.354448 | Train Acc: 96.75%
Val: loss=0.4054, acc=10458/10975 (95.29%)
Epoch 268 [0/84843] Loss: 0.349915
Epoch 268 [35000/84843] Loss: 0.368560
Epoch 268 [70000/84843] Loss: 0.328610
Epoch 268 - Avg Loss: 0.352892 | Train Acc: 96.79%
Val: loss=0.3924, acc=10505/10975 (95.72%)
saved best: 95.72%
Epoch 269 [0/84843] Loss: 0.366091
Epoch 269 [35000/84843] Loss: 0.463104
Epoch 269 [70000/84843] Loss: 0.300461
Epoch 269 - Avg Loss: 0.355687 | Train Acc: 96.72%
Val: loss=0.4057, acc=10451/10975 (95.23%)
Epoch 270 [0/84843] Loss: 0.348717
Epoch 270 [35000/84843] Loss: 0.330452
Epoch 270 [70000/84843] Loss: 0.392710
Epoch 270 - Avg Loss: 0.353203 | Train Acc: 96.80%
Val: loss=0.4061, acc=10450/10975 (95.22%)
Epoch 271 [0/84843] Loss: 0.287073
Epoch 271 [35000/84843] Loss: 0.345882
Epoch 271 [70000/84843] Loss: 0.317215
Epoch 271 - Avg Loss: 0.351783 | Train Acc: 96.85%
Val: loss=0.4059, acc=10468/10975 (95.38%)
Epoch 272 [0/84843] Loss: 0.363285
Epoch 272 [35000/84843] Loss: 0.401149
Epoch 272 [70000/84843] Loss: 0.459542
Epoch 272 - Avg Loss: 0.358285 | Train Acc: 96.60%
Val: loss=0.4037, acc=10473/10975 (95.43%)
Epoch 273 [0/84843] Loss: 0.363745
Epoch 273 [35000/84843] Loss: 0.365231
Epoch 273 [70000/84843] Loss: 0.293807
Epoch 273 - Avg Loss: 0.350566 | Train Acc: 96.93%
Val: loss=0.4088, acc=10447/10975 (95.19%)
Epoch 274 [0/84843] Loss: 0.490392
Epoch 274 [35000/84843] Loss: 0.315538
Epoch 274 [70000/84843] Loss: 0.375370
Epoch 274 - Avg Loss: 0.353345 | Train Acc: 96.76%
Val: loss=0.4049, acc=10478/10975 (95.47%)
Epoch 275 [0/84843] Loss: 0.431882
Epoch 275 [35000/84843] Loss: 0.281284
Epoch 275 [70000/84843] Loss: 0.289783
Epoch 275 - Avg Loss: 0.349368 | Train Acc: 97.02%
Val: loss=0.4039, acc=10468/10975 (95.38%)
Epoch 276 [0/84843] Loss: 0.410083
Epoch 276 [35000/84843] Loss: 0.440389
Epoch 276 [70000/84843] Loss: 0.458412
Epoch 276 - Avg Loss: 0.355180 | Train Acc: 96.73%
Val: loss=0.4007, acc=10474/10975 (95.44%)
Epoch 277 [0/84843] Loss: 0.343003
Epoch 277 [35000/84843] Loss: 0.453065
Epoch 277 [70000/84843] Loss: 0.368226
Epoch 277 - Avg Loss: 0.350126 | Train Acc: 96.97%
Val: loss=0.3979, acc=10493/10975 (95.61%)
Epoch 278 [0/84843] Loss: 0.311035
Epoch 278 [35000/84843] Loss: 0.317523
Epoch 278 [70000/84843] Loss: 0.407853
Epoch 278 - Avg Loss: 0.351139 | Train Acc: 96.88%
Val: loss=0.4039, acc=10457/10975 (95.28%)
Epoch 279 [0/84843] Loss: 0.327263
Epoch 279 [35000/84843] Loss: 0.434278
Epoch 279 [70000/84843] Loss: 0.497982
Epoch 279 - Avg Loss: 0.352503 | Train Acc: 96.79%
Val: loss=0.3990, acc=10490/10975 (95.58%)
Epoch 280 [0/84843] Loss: 0.422187
Epoch 280 [35000/84843] Loss: 0.344986
Epoch 280 [70000/84843] Loss: 0.330705
Epoch 280 - Avg Loss: 0.354395 | Train Acc: 96.79%
Val: loss=0.4010, acc=10475/10975 (95.44%)
Epoch 281 [0/84843] Loss: 0.296287
Epoch 281 [35000/84843] Loss: 0.334206
Epoch 281 [70000/84843] Loss: 0.403858
Epoch 281 - Avg Loss: 0.346445 | Train Acc: 97.06%
Val: loss=0.3991, acc=10479/10975 (95.48%)
Epoch 282 [0/84843] Loss: 0.309156
Epoch 282 [35000/84843] Loss: 0.376108
Epoch 282 [70000/84843] Loss: 0.330985
Epoch 282 - Avg Loss: 0.351040 | Train Acc: 96.90%
Val: loss=0.3921, acc=10515/10975 (95.81%)
saved best: 95.81%
Epoch 283 [0/84843] Loss: 0.330859
Epoch 283 [35000/84843] Loss: 0.559830
Epoch 283 [70000/84843] Loss: 0.302057
Epoch 283 - Avg Loss: 0.352959 | Train Acc: 96.85%
Val: loss=0.4021, acc=10481/10975 (95.50%)
Epoch 284 [0/84843] Loss: 0.292390
Epoch 284 [35000/84843] Loss: 0.378843
Epoch 284 [70000/84843] Loss: 0.375343
Epoch 284 - Avg Loss: 0.350505 | Train Acc: 96.95%
Val: loss=0.4045, acc=10462/10975 (95.33%)
Epoch 285 [0/84843] Loss: 0.286224
Epoch 285 [35000/84843] Loss: 0.361673
Epoch 285 [70000/84843] Loss: 0.436577
Epoch 285 - Avg Loss: 0.351711 | Train Acc: 96.86%
Val: loss=0.4012, acc=10473/10975 (95.43%)
Epoch 286 [0/84843] Loss: 0.340153
Epoch 286 [35000/84843] Loss: 0.332131
Epoch 286 [70000/84843] Loss: 0.319711
Epoch 286 - Avg Loss: 0.350763 | Train Acc: 96.94%
Val: loss=0.4016, acc=10467/10975 (95.37%)
Epoch 287 [0/84843] Loss: 0.286116
Epoch 287 [35000/84843] Loss: 0.372311
Epoch 287 [70000/84843] Loss: 0.313884
Epoch 287 - Avg Loss: 0.349819 | Train Acc: 96.94%
Val: loss=0.4035, acc=10455/10975 (95.26%)
Epoch 288 [0/84843] Loss: 0.320220
Epoch 288 [35000/84843] Loss: 0.322214
Epoch 288 [70000/84843] Loss: 0.407924
Epoch 288 - Avg Loss: 0.351524 | Train Acc: 96.87%
Val: loss=0.3985, acc=10497/10975 (95.64%)
Epoch 289 [0/84843] Loss: 0.383650
Epoch 289 [35000/84843] Loss: 0.312011
Epoch 289 [70000/84843] Loss: 0.462883
Epoch 289 - Avg Loss: 0.352854 | Train Acc: 96.82%
Val: loss=0.3955, acc=10496/10975 (95.64%)
Epoch 290 [0/84843] Loss: 0.304951
Epoch 290 [35000/84843] Loss: 0.277467
Epoch 290 [70000/84843] Loss: 0.362900
Epoch 290 - Avg Loss: 0.352856 | Train Acc: 96.73%
Val: loss=0.3945, acc=10493/10975 (95.61%)
Epoch 291 [0/84843] Loss: 0.294493
Epoch 291 [35000/84843] Loss: 0.313869
Epoch 291 [70000/84843] Loss: 0.335737
Epoch 291 - Avg Loss: 0.350683 | Train Acc: 96.88%
Val: loss=0.3943, acc=10506/10975 (95.73%)
Epoch 292 [0/84843] Loss: 0.390264
Epoch 292 [35000/84843] Loss: 0.318024
Epoch 292 [70000/84843] Loss: 0.316370
Epoch 292 - Avg Loss: 0.346355 | Train Acc: 97.05%
Val: loss=0.4000, acc=10479/10975 (95.48%)
Epoch 293 [0/84843] Loss: 0.270916
Epoch 293 [35000/84843] Loss: 0.440327
Epoch 293 [70000/84843] Loss: 0.433588
Epoch 293 - Avg Loss: 0.349921 | Train Acc: 96.93%
Val: loss=0.3953, acc=10499/10975 (95.66%)
Epoch 294 [0/84843] Loss: 0.343975
Epoch 294 [35000/84843] Loss: 0.383266
Epoch 294 [70000/84843] Loss: 0.317016
Epoch 294 - Avg Loss: 0.347349 | Train Acc: 97.03%
Val: loss=0.3965, acc=10480/10975 (95.49%)
Epoch 295 [0/84843] Loss: 0.336942
Epoch 295 [35000/84843] Loss: 0.409825
Epoch 295 [70000/84843] Loss: 0.310397
Epoch 295 - Avg Loss: 0.350137 | Train Acc: 96.88%
Val: loss=0.3924, acc=10514/10975 (95.80%)
Epoch 296 [0/84843] Loss: 0.283284
Epoch 296 [35000/84843] Loss: 0.333644
Epoch 296 [70000/84843] Loss: 0.342777
Epoch 296 - Avg Loss: 0.348962 | Train Acc: 96.93%
Val: loss=0.4009, acc=10479/10975 (95.48%)
Epoch 297 [0/84843] Loss: 0.304238
Epoch 297 [35000/84843] Loss: 0.517368
Epoch 297 [70000/84843] Loss: 0.486086
Epoch 297 - Avg Loss: 0.347476 | Train Acc: 97.04%
Val: loss=0.4048, acc=10452/10975 (95.23%)
Epoch 298 [0/84843] Loss: 0.336534
Epoch 298 [35000/84843] Loss: 0.305115
Epoch 298 [70000/84843] Loss: 0.372411
Epoch 298 - Avg Loss: 0.349304 | Train Acc: 96.98%
Val: loss=0.3957, acc=10503/10975 (95.70%)
Epoch 299 [0/84843] Loss: 0.279368
Epoch 299 [35000/84843] Loss: 0.317697
Epoch 299 [70000/84843] Loss: 0.371547
Epoch 299 - Avg Loss: 0.347231 | Train Acc: 97.06%
Val: loss=0.3994, acc=10501/10975 (95.68%)
Epoch 300 [0/84843] Loss: 0.295578
Epoch 300 [35000/84843] Loss: 0.281877
Epoch 300 [70000/84843] Loss: 0.301434
Epoch 300 - Avg Loss: 0.347672 | Train Acc: 97.03%
Val: loss=0.3926, acc=10511/10975 (95.77%)
Epoch 301 [0/84843] Loss: 0.350892
Epoch 301 [35000/84843] Loss: 0.293344
Epoch 301 [70000/84843] Loss: 0.306180
Epoch 301 - Avg Loss: 0.348441 | Train Acc: 96.98%
Val: loss=0.3973, acc=10490/10975 (95.58%)
Epoch 302 [0/84843] Loss: 0.421646
Epoch 302 [35000/84843] Loss: 0.288513
Epoch 302 [70000/84843] Loss: 0.305948
Epoch 302 - Avg Loss: 0.349527 | Train Acc: 96.96%
Val: loss=0.3968, acc=10477/10975 (95.46%)
Epoch 303 [0/84843] Loss: 0.306768
Epoch 303 [35000/84843] Loss: 0.316942
Epoch 303 [70000/84843] Loss: 0.280335
Epoch 303 - Avg Loss: 0.348970 | Train Acc: 97.00%
Val: loss=0.3985, acc=10492/10975 (95.60%)
Epoch 304 [0/84843] Loss: 0.330342
Epoch 304 [35000/84843] Loss: 0.339610
Epoch 304 [70000/84843] Loss: 0.367227
Epoch 304 - Avg Loss: 0.347576 | Train Acc: 97.00%
Val: loss=0.4050, acc=10458/10975 (95.29%)
Epoch 305 [0/84843] Loss: 0.457094
Epoch 305 [35000/84843] Loss: 0.313159
Epoch 305 [70000/84843] Loss: 0.293980
Epoch 305 - Avg Loss: 0.347559 | Train Acc: 97.00%
Val: loss=0.3999, acc=10479/10975 (95.48%)
Epoch 306 [0/84843] Loss: 0.456415
Epoch 306 [35000/84843] Loss: 0.423320
Epoch 306 [70000/84843] Loss: 0.287054
Epoch 306 - Avg Loss: 0.343684 | Train Acc: 97.15%
Val: loss=0.3947, acc=10497/10975 (95.64%)
Epoch 307 [0/84843] Loss: 0.339986
Epoch 307 [35000/84843] Loss: 0.319314
Epoch 307 [70000/84843] Loss: 0.292650
Epoch 307 - Avg Loss: 0.345897 | Train Acc: 97.07%
Val: loss=0.3999, acc=10482/10975 (95.51%)
Epoch 308 [0/84843] Loss: 0.293689
Epoch 308 [35000/84843] Loss: 0.319211
Epoch 308 [70000/84843] Loss: 0.278449
Epoch 308 - Avg Loss: 0.346902 | Train Acc: 97.09%
Val: loss=0.3991, acc=10492/10975 (95.60%)
Epoch 309 [0/84843] Loss: 0.291784
Epoch 309 [35000/84843] Loss: 0.302770
Epoch 309 [70000/84843] Loss: 0.349194
Epoch 309 - Avg Loss: 0.347141 | Train Acc: 97.03%
Val: loss=0.3974, acc=10485/10975 (95.54%)
Epoch 310 [0/84843] Loss: 0.551850
Epoch 310 [35000/84843] Loss: 0.286960
Epoch 310 [70000/84843] Loss: 0.269821
Epoch 310 - Avg Loss: 0.347020 | Train Acc: 96.99%
Val: loss=0.3987, acc=10492/10975 (95.60%)
Epoch 311 [0/84843] Loss: 0.434768
Epoch 311 [35000/84843] Loss: 0.297236
Epoch 311 [70000/84843] Loss: 0.426303
Epoch 311 - Avg Loss: 0.346260 | Train Acc: 97.05%
Val: loss=0.3946, acc=10515/10975 (95.81%)
Epoch 312 [0/84843] Loss: 0.402871
Epoch 312 [35000/84843] Loss: 0.367177
Epoch 312 [70000/84843] Loss: 0.346883
Epoch 312 - Avg Loss: 0.345407 | Train Acc: 97.12%
Val: loss=0.3988, acc=10487/10975 (95.55%)
Epoch 313 [0/84843] Loss: 0.272232
Epoch 313 [35000/84843] Loss: 0.348214
Epoch 313 [70000/84843] Loss: 0.348766
Epoch 313 - Avg Loss: 0.345813 | Train Acc: 97.10%
Val: loss=0.3977, acc=10491/10975 (95.59%)
Epoch 314 [0/84843] Loss: 0.506220
Epoch 314 [35000/84843] Loss: 0.278894
Epoch 314 [70000/84843] Loss: 0.281599
Epoch 314 - Avg Loss: 0.346549 | Train Acc: 97.08%
Val: loss=0.3961, acc=10486/10975 (95.54%)
Epoch 315 [0/84843] Loss: 0.348253
Epoch 315 [35000/84843] Loss: 0.305017
Epoch 315 [70000/84843] Loss: 0.301424
Epoch 315 - Avg Loss: 0.346709 | Train Acc: 97.01%
Val: loss=0.3981, acc=10482/10975 (95.51%)
Epoch 316 [0/84843] Loss: 0.452468
Epoch 316 [35000/84843] Loss: 0.358178
Epoch 316 [70000/84843] Loss: 0.395790
Epoch 316 - Avg Loss: 0.342724 | Train Acc: 97.19%
Val: loss=0.3971, acc=10493/10975 (95.61%)
Epoch 317 [0/84843] Loss: 0.288551
Epoch 317 [35000/84843] Loss: 0.288762
Epoch 317 [70000/84843] Loss: 0.336179
Epoch 317 - Avg Loss: 0.344335 | Train Acc: 97.16%
Val: loss=0.3944, acc=10513/10975 (95.79%)
Epoch 318 [0/84843] Loss: 0.338747
Epoch 318 [35000/84843] Loss: 0.302166
Epoch 318 [70000/84843] Loss: 0.427111
Epoch 318 - Avg Loss: 0.345356 | Train Acc: 97.10%
Val: loss=0.3962, acc=10505/10975 (95.72%)
Epoch 319 [0/84843] Loss: 0.321295
Epoch 319 [35000/84843] Loss: 0.325895
Epoch 319 [70000/84843] Loss: 0.298849
Epoch 319 - Avg Loss: 0.343071 | Train Acc: 97.21%
Val: loss=0.3926, acc=10505/10975 (95.72%)
Epoch 320 [0/84843] Loss: 0.465166
Epoch 320 [35000/84843] Loss: 0.377266
Epoch 320 [70000/84843] Loss: 0.469196
Epoch 320 - Avg Loss: 0.343965 | Train Acc: 97.12%
Val: loss=0.4058, acc=10474/10975 (95.44%)
Epoch 321 [0/84843] Loss: 0.351789
Epoch 321 [35000/84843] Loss: 0.317036
Epoch 321 [70000/84843] Loss: 0.297077
Epoch 321 - Avg Loss: 0.344444 | Train Acc: 97.10%
Val: loss=0.3980, acc=10491/10975 (95.59%)
Epoch 322 [0/84843] Loss: 0.435744
Epoch 322 [35000/84843] Loss: 0.304994
Epoch 322 [70000/84843] Loss: 0.339322
Epoch 322 - Avg Loss: 0.342493 | Train Acc: 97.25%
Val: loss=0.3978, acc=10506/10975 (95.73%)
Epoch 323 [0/84843] Loss: 0.410490
Epoch 323 [35000/84843] Loss: 0.316053
Epoch 323 [70000/84843] Loss: 0.384251
Epoch 323 - Avg Loss: 0.342102 | Train Acc: 97.26%
Val: loss=0.3977, acc=10488/10975 (95.56%)
Epoch 324 [0/84843] Loss: 0.375372
Epoch 324 [35000/84843] Loss: 0.274277
Epoch 324 [70000/84843] Loss: 0.327047
Epoch 324 - Avg Loss: 0.341239 | Train Acc: 97.28%
Val: loss=0.3951, acc=10511/10975 (95.77%)
Epoch 325 [0/84843] Loss: 0.470843
Epoch 325 [35000/84843] Loss: 0.359180
Epoch 325 [70000/84843] Loss: 0.290489
Epoch 325 - Avg Loss: 0.340190 | Train Acc: 97.30%
Val: loss=0.3972, acc=10502/10975 (95.69%)
Epoch 326 [0/84843] Loss: 0.356934
Epoch 326 [35000/84843] Loss: 0.291024
Epoch 326 [70000/84843] Loss: 0.508970
Epoch 326 - Avg Loss: 0.344147 | Train Acc: 97.12%
Val: loss=0.3957, acc=10510/10975 (95.76%)
Epoch 327 [0/84843] Loss: 0.319568
Epoch 327 [35000/84843] Loss: 0.471880
Epoch 327 [70000/84843] Loss: 0.391255
Epoch 327 - Avg Loss: 0.344224 | Train Acc: 97.11%
Val: loss=0.4029, acc=10484/10975 (95.53%)
Epoch 328 [0/84843] Loss: 0.477809
Epoch 328 [35000/84843] Loss: 0.300409
Epoch 328 [70000/84843] Loss: 0.283106
Epoch 328 - Avg Loss: 0.339409 | Train Acc: 97.43%
Val: loss=0.4024, acc=10493/10975 (95.61%)
Epoch 329 [0/84843] Loss: 0.323030
Epoch 329 [35000/84843] Loss: 0.395629
Epoch 329 [70000/84843] Loss: 0.525617
Epoch 329 - Avg Loss: 0.342331 | Train Acc: 97.29%
Val: loss=0.3963, acc=10502/10975 (95.69%)
Epoch 330 [0/84843] Loss: 0.468768
Epoch 330 [35000/84843] Loss: 0.285801
Epoch 330 [70000/84843] Loss: 0.295797
Epoch 330 - Avg Loss: 0.342209 | Train Acc: 97.24%
Val: loss=0.3966, acc=10504/10975 (95.71%)
Epoch 331 [0/84843] Loss: 0.350016
Epoch 331 [35000/84843] Loss: 0.278650
Epoch 331 [70000/84843] Loss: 0.420053
Epoch 331 - Avg Loss: 0.344449 | Train Acc: 97.06%
Val: loss=0.3996, acc=10496/10975 (95.64%)
Epoch 332 [0/84843] Loss: 0.360231
Epoch 332 [35000/84843] Loss: 0.277635
Epoch 332 [70000/84843] Loss: 0.439853
Epoch 332 - Avg Loss: 0.339519 | Train Acc: 97.37%
Val: loss=0.3971, acc=10503/10975 (95.70%)
Epoch 333 [0/84843] Loss: 0.292296
Epoch 333 [35000/84843] Loss: 0.417343
Epoch 333 [70000/84843] Loss: 0.333464
Epoch 333 - Avg Loss: 0.344987 | Train Acc: 97.08%
Val: loss=0.3989, acc=10496/10975 (95.64%)
Epoch 334 [0/84843] Loss: 0.389647
Epoch 334 [35000/84843] Loss: 0.377450
Epoch 334 [70000/84843] Loss: 0.318165
Epoch 334 - Avg Loss: 0.341423 | Train Acc: 97.31%
Val: loss=0.3986, acc=10503/10975 (95.70%)
Epoch 335 [0/84843] Loss: 0.332085
Epoch 335 [35000/84843] Loss: 0.332136
Epoch 335 [70000/84843] Loss: 0.348262
Epoch 335 - Avg Loss: 0.343796 | Train Acc: 97.20%
Val: loss=0.3970, acc=10504/10975 (95.71%)
Epoch 336 [0/84843] Loss: 0.276119
Epoch 336 [35000/84843] Loss: 0.358262
Epoch 336 [70000/84843] Loss: 0.321911
Epoch 336 - Avg Loss: 0.340982 | Train Acc: 97.24%
Val: loss=0.3983, acc=10500/10975 (95.67%)
Epoch 337 [0/84843] Loss: 0.358534
Epoch 337 [35000/84843] Loss: 0.285218
Epoch 337 [70000/84843] Loss: 0.317865
Epoch 337 - Avg Loss: 0.339156 | Train Acc: 97.35%
Val: loss=0.3957, acc=10497/10975 (95.64%)
Epoch 338 [0/84843] Loss: 0.363505
Epoch 338 [35000/84843] Loss: 0.536028
Epoch 338 [70000/84843] Loss: 0.300252
Epoch 338 - Avg Loss: 0.343221 | Train Acc: 97.15%
Val: loss=0.3978, acc=10509/10975 (95.75%)
Epoch 339 [0/84843] Loss: 0.306859
Epoch 339 [35000/84843] Loss: 0.317003
Epoch 339 [70000/84843] Loss: 0.347619
Epoch 339 - Avg Loss: 0.340577 | Train Acc: 97.34%
Val: loss=0.3942, acc=10511/10975 (95.77%)
Epoch 340 [0/84843] Loss: 0.317497
Epoch 340 [35000/84843] Loss: 0.292769
Epoch 340 [70000/84843] Loss: 0.308303
Epoch 340 - Avg Loss: 0.343083 | Train Acc: 97.18%
Val: loss=0.3965, acc=10495/10975 (95.63%)
Epoch 341 [0/84843] Loss: 0.319748
Epoch 341 [35000/84843] Loss: 0.308758
Epoch 341 [70000/84843] Loss: 0.386496
Epoch 341 - Avg Loss: 0.342917 | Train Acc: 97.18%
Val: loss=0.3975, acc=10490/10975 (95.58%)
Epoch 342 [0/84843] Loss: 0.285895
Epoch 342 [35000/84843] Loss: 0.313892
Epoch 342 [70000/84843] Loss: 0.327024
Epoch 342 - Avg Loss: 0.343994 | Train Acc: 97.15%
Val: loss=0.3954, acc=10508/10975 (95.74%)
Epoch 343 [0/84843] Loss: 0.272882
Epoch 343 [35000/84843] Loss: 0.526904
Epoch 343 [70000/84843] Loss: 0.322986
Epoch 343 - Avg Loss: 0.339101 | Train Acc: 97.36%
Val: loss=0.3992, acc=10485/10975 (95.54%)
Epoch 344 [0/84843] Loss: 0.413622
Epoch 344 [35000/84843] Loss: 0.350469
Epoch 344 [70000/84843] Loss: 0.359387
Epoch 344 - Avg Loss: 0.341175 | Train Acc: 97.22%
Val: loss=0.3935, acc=10506/10975 (95.73%)
Epoch 345 [0/84843] Loss: 0.398635
Epoch 345 [35000/84843] Loss: 0.303857
Epoch 345 [70000/84843] Loss: 0.284631
Epoch 345 - Avg Loss: 0.338887 | Train Acc: 97.36%
Val: loss=0.3959, acc=10500/10975 (95.67%)
Epoch 346 [0/84843] Loss: 0.312459
Epoch 346 [35000/84843] Loss: 0.288545
Epoch 346 [70000/84843] Loss: 0.328537
Epoch 346 - Avg Loss: 0.338731 | Train Acc: 97.35%
Val: loss=0.3994, acc=10475/10975 (95.44%)
Epoch 347 [0/84843] Loss: 0.341682
Epoch 347 [35000/84843] Loss: 0.275776
Epoch 347 [70000/84843] Loss: 0.295211
Epoch 347 - Avg Loss: 0.341120 | Train Acc: 97.31%
Val: loss=0.3963, acc=10494/10975 (95.62%)
Epoch 348 [0/84843] Loss: 0.307721
Epoch 348 [35000/84843] Loss: 0.358770
Epoch 348 [70000/84843] Loss: 0.304972
Epoch 348 - Avg Loss: 0.340776 | Train Acc: 97.30%
Val: loss=0.3964, acc=10509/10975 (95.75%)
Epoch 349 [0/84843] Loss: 0.423053
Epoch 349 [35000/84843] Loss: 0.372389
Epoch 349 [70000/84843] Loss: 0.473641
Epoch 349 - Avg Loss: 0.340784 | Train Acc: 97.29%
Val: loss=0.3963, acc=10499/10975 (95.66%)
Epoch 350 [0/84843] Loss: 0.422610
Epoch 350 [35000/84843] Loss: 0.294644
Epoch 350 [70000/84843] Loss: 0.292592
Epoch 350 - Avg Loss: 0.337817 | Train Acc: 97.39%
Val: loss=0.3948, acc=10509/10975 (95.75%)
Epoch 351 [0/84843] Loss: 0.286716
Epoch 351 [35000/84843] Loss: 0.320378
Epoch 351 [70000/84843] Loss: 0.321815
Epoch 351 - Avg Loss: 0.338803 | Train Acc: 97.34%
Val: loss=0.3937, acc=10523/10975 (95.88%)
saved best: 95.88%
Epoch 352 [0/84843] Loss: 0.298126
Epoch 352 [35000/84843] Loss: 0.367049
Epoch 352 [70000/84843] Loss: 0.334528
Epoch 352 - Avg Loss: 0.340642 | Train Acc: 97.30%
Val: loss=0.3965, acc=10491/10975 (95.59%)
Epoch 353 [0/84843] Loss: 0.344161
Epoch 353 [35000/84843] Loss: 0.378109
Epoch 353 [70000/84843] Loss: 0.496035
Epoch 353 - Avg Loss: 0.341156 | Train Acc: 97.25%
Val: loss=0.3992, acc=10490/10975 (95.58%)
Epoch 354 [0/84843] Loss: 0.272530
Epoch 354 [35000/84843] Loss: 0.526449
Epoch 354 [70000/84843] Loss: 0.303862
Epoch 354 - Avg Loss: 0.342554 | Train Acc: 97.25%
Val: loss=0.3955, acc=10510/10975 (95.76%)
Epoch 355 [0/84843] Loss: 0.321371
Epoch 355 [35000/84843] Loss: 0.330273
Epoch 355 [70000/84843] Loss: 0.366744
Epoch 355 - Avg Loss: 0.340610 | Train Acc: 97.30%
Val: loss=0.3982, acc=10492/10975 (95.60%)
Epoch 356 [0/84843] Loss: 0.457850
Epoch 356 [35000/84843] Loss: 0.432657
Epoch 356 [70000/84843] Loss: 0.324234
Epoch 356 - Avg Loss: 0.341118 | Train Acc: 97.22%
Val: loss=0.3985, acc=10492/10975 (95.60%)
Epoch 357 [0/84843] Loss: 0.333755
Epoch 357 [35000/84843] Loss: 0.331633
Epoch 357 [70000/84843] Loss: 0.324897
Epoch 357 - Avg Loss: 0.337648 | Train Acc: 97.40%
Val: loss=0.3965, acc=10510/10975 (95.76%)
Epoch 358 [0/84843] Loss: 0.310981
Epoch 358 [35000/84843] Loss: 0.421860
Epoch 358 [70000/84843] Loss: 0.507813
Epoch 358 - Avg Loss: 0.339265 | Train Acc: 97.37%
Val: loss=0.3984, acc=10490/10975 (95.58%)
Epoch 359 [0/84843] Loss: 0.290857
Epoch 359 [35000/84843] Loss: 0.311580
Epoch 359 [70000/84843] Loss: 0.276119
Epoch 359 - Avg Loss: 0.337699 | Train Acc: 97.37%
Val: loss=0.3969, acc=10504/10975 (95.71%)
Epoch 360 [0/84843] Loss: 0.410823
Epoch 360 [35000/84843] Loss: 0.386391
Epoch 360 [70000/84843] Loss: 0.311561
Epoch 360 - Avg Loss: 0.340692 | Train Acc: 97.28%
Val: loss=0.3969, acc=10495/10975 (95.63%)
Epoch 361 [0/84843] Loss: 0.302338
Epoch 361 [35000/84843] Loss: 0.362706
Epoch 361 [70000/84843] Loss: 0.310118
Epoch 361 - Avg Loss: 0.338936 | Train Acc: 97.37%
Val: loss=0.3967, acc=10499/10975 (95.66%)
Epoch 362 [0/84843] Loss: 0.351883
Epoch 362 [35000/84843] Loss: 0.310109
Epoch 362 [70000/84843] Loss: 0.344079
Epoch 362 - Avg Loss: 0.335945 | Train Acc: 97.49%
Val: loss=0.3960, acc=10508/10975 (95.74%)
Epoch 363 [0/84843] Loss: 0.279271
Epoch 363 [35000/84843] Loss: 0.341160
Epoch 363 [70000/84843] Loss: 0.300626
Epoch 363 - Avg Loss: 0.339699 | Train Acc: 97.30%
Val: loss=0.3987, acc=10481/10975 (95.50%)
Epoch 364 [0/84843] Loss: 0.378654
Epoch 364 [35000/84843] Loss: 0.303447
Epoch 364 [70000/84843] Loss: 0.277133
Epoch 364 - Avg Loss: 0.338388 | Train Acc: 97.36%
Val: loss=0.3961, acc=10503/10975 (95.70%)
Epoch 365 [0/84843] Loss: 0.355863
Epoch 365 [35000/84843] Loss: 0.280528
Epoch 365 [70000/84843] Loss: 0.312459
Epoch 365 - Avg Loss: 0.339859 | Train Acc: 97.31%
Val: loss=0.3957, acc=10492/10975 (95.60%)
Epoch 366 [0/84843] Loss: 0.380222
Epoch 366 [35000/84843] Loss: 0.311651
Epoch 366 [70000/84843] Loss: 0.382948
Epoch 366 - Avg Loss: 0.340704 | Train Acc: 97.30%
Val: loss=0.3966, acc=10504/10975 (95.71%)
Epoch 367 [0/84843] Loss: 0.318864
Epoch 367 [35000/84843] Loss: 0.301323
Epoch 367 [70000/84843] Loss: 0.280315
Epoch 367 - Avg Loss: 0.336815 | Train Acc: 97.44%
Val: loss=0.3961, acc=10509/10975 (95.75%)
Epoch 368 [0/84843] Loss: 0.423724
Epoch 368 [35000/84843] Loss: 0.272326
Epoch 368 [70000/84843] Loss: 0.293125
Epoch 368 - Avg Loss: 0.338457 | Train Acc: 97.38%
Val: loss=0.3959, acc=10504/10975 (95.71%)
Epoch 369 [0/84843] Loss: 0.324733
Epoch 369 [35000/84843] Loss: 0.334498
Epoch 369 [70000/84843] Loss: 0.282078
Epoch 369 - Avg Loss: 0.339523 | Train Acc: 97.32%
Val: loss=0.3951, acc=10508/10975 (95.74%)
Epoch 370 [0/84843] Loss: 0.363683
Epoch 370 [35000/84843] Loss: 0.329381
Epoch 370 [70000/84843] Loss: 0.295547
Epoch 370 - Avg Loss: 0.334774 | Train Acc: 97.51%
Val: loss=0.3948, acc=10507/10975 (95.74%)
Epoch 371 [0/84843] Loss: 0.336146
Epoch 371 [35000/84843] Loss: 0.281263
Epoch 371 [70000/84843] Loss: 0.339499
Epoch 371 - Avg Loss: 0.334497 | Train Acc: 97.58%
Val: loss=0.3937, acc=10511/10975 (95.77%)
Epoch 372 [0/84843] Loss: 0.312880
Epoch 372 [35000/84843] Loss: 0.362885
Epoch 372 [70000/84843] Loss: 0.295889
Epoch 372 - Avg Loss: 0.340307 | Train Acc: 97.33%
Val: loss=0.3981, acc=10503/10975 (95.70%)
Epoch 373 [0/84843] Loss: 0.353356
Epoch 373 [35000/84843] Loss: 0.493285
Epoch 373 [70000/84843] Loss: 0.285700
Epoch 373 - Avg Loss: 0.338432 | Train Acc: 97.37%
Val: loss=0.3960, acc=10514/10975 (95.80%)
Epoch 374 [0/84843] Loss: 0.280718
Epoch 374 [35000/84843] Loss: 0.531856
Epoch 374 [70000/84843] Loss: 0.371314
Epoch 374 - Avg Loss: 0.337156 | Train Acc: 97.45%
Val: loss=0.3948, acc=10503/10975 (95.70%)
Epoch 375 [0/84843] Loss: 0.394351
Epoch 375 [35000/84843] Loss: 0.436622
Epoch 375 [70000/84843] Loss: 0.372466
Epoch 375 - Avg Loss: 0.338640 | Train Acc: 97.36%
Val: loss=0.3945, acc=10508/10975 (95.74%)
Epoch 376 [0/84843] Loss: 0.321747
Epoch 376 [35000/84843] Loss: 0.283607
Epoch 376 [70000/84843] Loss: 0.301817
Epoch 376 - Avg Loss: 0.336566 | Train Acc: 97.43%
Val: loss=0.3951, acc=10498/10975 (95.65%)
Epoch 377 [0/84843] Loss: 0.339460
Epoch 377 [35000/84843] Loss: 0.378035
Epoch 377 [70000/84843] Loss: 0.298816
Epoch 377 - Avg Loss: 0.336205 | Train Acc: 97.48%
Val: loss=0.3955, acc=10505/10975 (95.72%)
Epoch 378 [0/84843] Loss: 0.299874
Epoch 378 [35000/84843] Loss: 0.300393
Epoch 378 [70000/84843] Loss: 0.480159
Epoch 378 - Avg Loss: 0.336397 | Train Acc: 97.46%
Val: loss=0.3951, acc=10504/10975 (95.71%)
Epoch 379 [0/84843] Loss: 0.358807
Epoch 379 [35000/84843] Loss: 0.331012
Epoch 379 [70000/84843] Loss: 0.328583
Epoch 379 - Avg Loss: 0.338842 | Train Acc: 97.38%
Val: loss=0.3948, acc=10508/10975 (95.74%)
Epoch 380 [0/84843] Loss: 0.278646
Epoch 380 [35000/84843] Loss: 0.591119
Epoch 380 [70000/84843] Loss: 0.295991
Epoch 380 - Avg Loss: 0.337764 | Train Acc: 97.40%
Val: loss=0.3970, acc=10507/10975 (95.74%)
Epoch 381 [0/84843] Loss: 0.303774
Epoch 381 [35000/84843] Loss: 0.316974
Epoch 381 [70000/84843] Loss: 0.457710
Epoch 381 - Avg Loss: 0.341419 | Train Acc: 97.21%
Val: loss=0.3952, acc=10507/10975 (95.74%)
Epoch 382 [0/84843] Loss: 0.325956
Epoch 382 [35000/84843] Loss: 0.476031
Epoch 382 [70000/84843] Loss: 0.293046
Epoch 382 - Avg Loss: 0.339464 | Train Acc: 97.32%
Val: loss=0.3946, acc=10505/10975 (95.72%)
Epoch 383 [0/84843] Loss: 0.384965
Epoch 383 [35000/84843] Loss: 0.478811
Epoch 383 [70000/84843] Loss: 0.298383
Epoch 383 - Avg Loss: 0.335575 | Train Acc: 97.48%
Val: loss=0.3943, acc=10508/10975 (95.74%)
Epoch 384 [0/84843] Loss: 0.433889
Epoch 384 [35000/84843] Loss: 0.275668
Epoch 384 [70000/84843] Loss: 0.370824
Epoch 384 - Avg Loss: 0.340808 | Train Acc: 97.31%
Val: loss=0.3947, acc=10505/10975 (95.72%)
Epoch 385 [0/84843] Loss: 0.393898
Epoch 385 [35000/84843] Loss: 0.378348
Epoch 385 [70000/84843] Loss: 0.367161
Epoch 385 - Avg Loss: 0.338222 | Train Acc: 97.41%
Val: loss=0.3952, acc=10507/10975 (95.74%)
Epoch 386 [0/84843] Loss: 0.316903
Epoch 386 [35000/84843] Loss: 0.381905
Epoch 386 [70000/84843] Loss: 0.282697
Epoch 386 - Avg Loss: 0.337568 | Train Acc: 97.39%
Val: loss=0.3945, acc=10508/10975 (95.74%)
Epoch 387 [0/84843] Loss: 0.293034
Epoch 387 [35000/84843] Loss: 0.279870
Epoch 387 [70000/84843] Loss: 0.320822
Epoch 387 - Avg Loss: 0.339664 | Train Acc: 97.32%
Val: loss=0.3950, acc=10504/10975 (95.71%)
Epoch 388 [0/84843] Loss: 0.472605
Epoch 388 [35000/84843] Loss: 0.276455
Epoch 388 [70000/84843] Loss: 0.299889
Epoch 388 - Avg Loss: 0.338475 | Train Acc: 97.35%
Val: loss=0.3952, acc=10504/10975 (95.71%)
Epoch 389 [0/84843] Loss: 0.283526
Epoch 389 [35000/84843] Loss: 0.311919
Epoch 389 [70000/84843] Loss: 0.316455
Epoch 389 - Avg Loss: 0.337719 | Train Acc: 97.38%
Val: loss=0.3953, acc=10504/10975 (95.71%)
Epoch 390 [0/84843] Loss: 0.306387
Epoch 390 [35000/84843] Loss: 0.353836
Epoch 390 [70000/84843] Loss: 0.350140
Epoch 390 - Avg Loss: 0.338576 | Train Acc: 97.39%
Val: loss=0.3955, acc=10506/10975 (95.73%)
Epoch 391 [0/84843] Loss: 0.279368
Epoch 391 [35000/84843] Loss: 0.280054
Epoch 391 [70000/84843] Loss: 0.299983
Epoch 391 - Avg Loss: 0.336087 | Train Acc: 97.49%
Val: loss=0.3953, acc=10505/10975 (95.72%)
Epoch 392 [0/84843] Loss: 0.279720
Epoch 392 [35000/84843] Loss: 0.318914
Epoch 392 [70000/84843] Loss: 0.377167
Epoch 392 - Avg Loss: 0.336181 | Train Acc: 97.50%
Val: loss=0.3955, acc=10504/10975 (95.71%)
Epoch 393 [0/84843] Loss: 0.283998
Epoch 393 [35000/84843] Loss: 0.283432
Epoch 393 [70000/84843] Loss: 0.288542
Epoch 393 - Avg Loss: 0.336208 | Train Acc: 97.46%
Val: loss=0.3955, acc=10503/10975 (95.70%)
Epoch 394 [0/84843] Loss: 0.316774
Epoch 394 [35000/84843] Loss: 0.591375
Epoch 394 [70000/84843] Loss: 0.476295
Epoch 394 - Avg Loss: 0.338343 | Train Acc: 97.37%
Val: loss=0.3949, acc=10506/10975 (95.73%)
Epoch 395 [0/84843] Loss: 0.322171
Epoch 395 [35000/84843] Loss: 0.305407
Epoch 395 [70000/84843] Loss: 0.340345
Epoch 395 - Avg Loss: 0.335142 | Train Acc: 97.52%
Val: loss=0.3951, acc=10502/10975 (95.69%)
Epoch 396 [0/84843] Loss: 0.326971
Epoch 396 [35000/84843] Loss: 0.374639
Epoch 396 [70000/84843] Loss: 0.376555
Epoch 396 - Avg Loss: 0.336373 | Train Acc: 97.46%
Val: loss=0.3952, acc=10500/10975 (95.67%)
Epoch 397 [0/84843] Loss: 0.276015
Epoch 397 [35000/84843] Loss: 0.293356
Epoch 397 [70000/84843] Loss: 0.401338
Epoch 397 - Avg Loss: 0.336990 | Train Acc: 97.41%
Val: loss=0.3951, acc=10503/10975 (95.70%)
Epoch 398 [0/84843] Loss: 0.337754
Epoch 398 [35000/84843] Loss: 0.300820
Epoch 398 [70000/84843] Loss: 0.283043
Epoch 398 - Avg Loss: 0.338325 | Train Acc: 97.38%
Val: loss=0.3951, acc=10503/10975 (95.70%)
Epoch 399 [0/84843] Loss: 0.309966
Epoch 399 [35000/84843] Loss: 0.361993
Epoch 399 [70000/84843] Loss: 0.327190
Epoch 399 - Avg Loss: 0.340260 | Train Acc: 97.27%
Val: loss=0.3948, acc=10504/10975 (95.71%)
Epoch 400 [0/84843] Loss: 0.364139
Epoch 400 [35000/84843] Loss: 0.353110
Epoch 400 [70000/84843] Loss: 0.274725
Epoch 400 - Avg Loss: 0.336130 | Train Acc: 97.49%
Val: loss=0.3950, acc=10501/10975 (95.68%)
Test: loss=0.4225, acc=11470/12101 (94.79%)
