Running feature config: 48_mels (task 47)
SpecAugment freq_mask=12 time_mask=50
Device: cuda
Feature config: 48_mels -> {'n_mels': 48, 'use_delta': False, 'use_delta_delta': False}
SpecAugment: True freq_mask=12 time_mask=50
GPU Name: Tesla V100-PCIE-32GB
GPU Memory: 34.07 GB
Total model parameters: 47,628
Epoch 1 [0/84843] Loss: 2.548562
Epoch 1 [35000/84843] Loss: 2.110705
Epoch 1 [70000/84843] Loss: 1.649006
Epoch 1 - Avg Loss: 1.753983 | Train Acc: 54.25%
Val: loss=1.6452, acc=6175/10975 (56.26%)
saved best: 56.26%
Epoch 2 [0/84843] Loss: 1.369630
Epoch 2 [35000/84843] Loss: 1.675397
Epoch 2 [70000/84843] Loss: 1.326269
Epoch 2 - Avg Loss: 1.533360 | Train Acc: 59.38%
Val: loss=1.6353, acc=6030/10975 (54.94%)
Epoch 3 [0/84843] Loss: 1.443926
Epoch 3 [35000/84843] Loss: 1.280804
Epoch 3 [70000/84843] Loss: 1.376321
Epoch 3 - Avg Loss: 1.412877 | Train Acc: 64.69%
Val: loss=1.7184, acc=6197/10975 (56.46%)
saved best: 56.46%
Epoch 4 [0/84843] Loss: 1.559951
Epoch 4 [35000/84843] Loss: 1.352330
Epoch 4 [70000/84843] Loss: 1.586399
Epoch 4 - Avg Loss: 1.373308 | Train Acc: 65.69%
Val: loss=1.6967, acc=6236/10975 (56.82%)
saved best: 56.82%
Epoch 5 [0/84843] Loss: 1.293012
Epoch 5 [35000/84843] Loss: 1.245748
Epoch 5 [70000/84843] Loss: 1.479998
Epoch 5 - Avg Loss: 1.347617 | Train Acc: 65.93%
Val: loss=1.5050, acc=6420/10975 (58.50%)
saved best: 58.50%
Epoch 6 [0/84843] Loss: 1.476047
Epoch 6 [35000/84843] Loss: 1.509570
Epoch 6 [70000/84843] Loss: 1.373475
Epoch 6 - Avg Loss: 1.320427 | Train Acc: 66.23%
Val: loss=1.4604, acc=6524/10975 (59.44%)
saved best: 59.44%
Epoch 7 [0/84843] Loss: 1.449926
Epoch 7 [35000/84843] Loss: 1.248889
Epoch 7 [70000/84843] Loss: 1.233173
Epoch 7 - Avg Loss: 1.297734 | Train Acc: 66.38%
Val: loss=1.3667, acc=6891/10975 (62.79%)
saved best: 62.79%
Epoch 8 [0/84843] Loss: 1.398120
Epoch 8 [35000/84843] Loss: 1.343798
Epoch 8 [70000/84843] Loss: 1.400730
Epoch 8 - Avg Loss: 1.272450 | Train Acc: 66.59%
Val: loss=1.2898, acc=7148/10975 (65.13%)
saved best: 65.13%
Epoch 9 [0/84843] Loss: 1.397429
Epoch 9 [35000/84843] Loss: 1.264134
Epoch 9 [70000/84843] Loss: 1.295301
Epoch 9 - Avg Loss: 1.251128 | Train Acc: 66.71%
Val: loss=1.2551, acc=7232/10975 (65.90%)
saved best: 65.90%
Epoch 10 [0/84843] Loss: 1.254008
Epoch 10 [35000/84843] Loss: 1.170364
Epoch 10 [70000/84843] Loss: 1.195668
Epoch 10 - Avg Loss: 1.223021 | Train Acc: 67.12%
Val: loss=1.2344, acc=7249/10975 (66.05%)
saved best: 66.05%
Epoch 11 [0/84843] Loss: 1.009441
Epoch 11 [35000/84843] Loss: 0.981993
Epoch 11 [70000/84843] Loss: 1.411338
Epoch 11 - Avg Loss: 1.201987 | Train Acc: 67.36%
Val: loss=1.1887, acc=7396/10975 (67.39%)
saved best: 67.39%
Epoch 12 [0/84843] Loss: 1.048995
Epoch 12 [35000/84843] Loss: 1.067545
Epoch 12 [70000/84843] Loss: 1.279662
Epoch 12 - Avg Loss: 1.178785 | Train Acc: 67.75%
Val: loss=1.1555, acc=7526/10975 (68.57%)
saved best: 68.57%
Epoch 13 [0/84843] Loss: 1.446885
Epoch 13 [35000/84843] Loss: 0.937123
Epoch 13 [70000/84843] Loss: 0.925704
Epoch 13 - Avg Loss: 1.154685 | Train Acc: 68.37%
Val: loss=1.1383, acc=7554/10975 (68.83%)
saved best: 68.83%
Epoch 14 [0/84843] Loss: 1.061719
Epoch 14 [35000/84843] Loss: 1.115995
Epoch 14 [70000/84843] Loss: 0.893779
Epoch 14 - Avg Loss: 1.133913 | Train Acc: 68.93%
Val: loss=1.1077, acc=7575/10975 (69.02%)
saved best: 69.02%
Epoch 15 [0/84843] Loss: 0.878482
Epoch 15 [35000/84843] Loss: 1.179240
Epoch 15 [70000/84843] Loss: 0.864128
Epoch 15 - Avg Loss: 1.113778 | Train Acc: 69.56%
Val: loss=1.0750, acc=7646/10975 (69.67%)
saved best: 69.67%
Epoch 16 [0/84843] Loss: 1.175175
Epoch 16 [35000/84843] Loss: 1.170218
Epoch 16 [70000/84843] Loss: 1.199655
Epoch 16 - Avg Loss: 1.089144 | Train Acc: 70.17%
Val: loss=1.0277, acc=7806/10975 (71.13%)
saved best: 71.13%
Epoch 17 [0/84843] Loss: 1.215912
Epoch 17 [35000/84843] Loss: 1.009686
Epoch 17 [70000/84843] Loss: 0.965225
Epoch 17 - Avg Loss: 1.066580 | Train Acc: 70.73%
Val: loss=1.0069, acc=7861/10975 (71.63%)
saved best: 71.63%
Epoch 18 [0/84843] Loss: 0.944320
Epoch 18 [35000/84843] Loss: 1.230892
Epoch 18 [70000/84843] Loss: 1.039487
Epoch 18 - Avg Loss: 1.047614 | Train Acc: 71.32%
Val: loss=0.9645, acc=8103/10975 (73.83%)
saved best: 73.83%
Epoch 19 [0/84843] Loss: 1.096828
Epoch 19 [35000/84843] Loss: 1.061265
Epoch 19 [70000/84843] Loss: 0.831401
Epoch 19 - Avg Loss: 1.011255 | Train Acc: 72.37%
Val: loss=0.9336, acc=8260/10975 (75.26%)
saved best: 75.26%
Epoch 20 [0/84843] Loss: 0.981759
Epoch 20 [35000/84843] Loss: 1.100448
Epoch 20 [70000/84843] Loss: 1.033136
Epoch 20 - Avg Loss: 0.991300 | Train Acc: 73.03%
Val: loss=0.9058, acc=8318/10975 (75.79%)
saved best: 75.79%
Epoch 21 [0/84843] Loss: 0.808451
Epoch 21 [35000/84843] Loss: 0.782165
Epoch 21 [70000/84843] Loss: 0.996158
Epoch 21 - Avg Loss: 0.968255 | Train Acc: 73.69%
Val: loss=0.8696, acc=8484/10975 (77.30%)
saved best: 77.30%
Epoch 22 [0/84843] Loss: 0.842123
Epoch 22 [35000/84843] Loss: 0.940927
Epoch 22 [70000/84843] Loss: 0.895941
Epoch 22 - Avg Loss: 0.947969 | Train Acc: 74.58%
Val: loss=0.8578, acc=8592/10975 (78.29%)
saved best: 78.29%
Epoch 23 [0/84843] Loss: 0.960323
Epoch 23 [35000/84843] Loss: 1.096463
Epoch 23 [70000/84843] Loss: 0.905459
Epoch 23 - Avg Loss: 0.915031 | Train Acc: 75.72%
Val: loss=0.7926, acc=8810/10975 (80.27%)
saved best: 80.27%
Epoch 24 [0/84843] Loss: 1.131227
Epoch 24 [35000/84843] Loss: 0.755189
Epoch 24 [70000/84843] Loss: 0.766167
Epoch 24 - Avg Loss: 0.895325 | Train Acc: 76.39%
Val: loss=0.7982, acc=8771/10975 (79.92%)
Epoch 25 [0/84843] Loss: 0.680030
Epoch 25 [35000/84843] Loss: 1.064201
Epoch 25 [70000/84843] Loss: 0.666158
Epoch 25 - Avg Loss: 0.878913 | Train Acc: 76.81%
Val: loss=0.7394, acc=9162/10975 (83.48%)
saved best: 83.48%
Epoch 26 [0/84843] Loss: 0.914924
Epoch 26 [35000/84843] Loss: 1.174925
Epoch 26 [70000/84843] Loss: 0.501091
Epoch 26 - Avg Loss: 0.857836 | Train Acc: 77.63%
Val: loss=0.7411, acc=9111/10975 (83.02%)
Epoch 27 [0/84843] Loss: 0.636670
Epoch 27 [35000/84843] Loss: 0.679438
Epoch 27 [70000/84843] Loss: 0.943857
Epoch 27 - Avg Loss: 0.847328 | Train Acc: 78.11%
Val: loss=0.7103, acc=9251/10975 (84.29%)
saved best: 84.29%
Epoch 28 [0/84843] Loss: 0.684272
Epoch 28 [35000/84843] Loss: 0.671384
Epoch 28 [70000/84843] Loss: 0.792983
Epoch 28 - Avg Loss: 0.827329 | Train Acc: 78.91%
Val: loss=0.6980, acc=9291/10975 (84.66%)
saved best: 84.66%
Epoch 29 [0/84843] Loss: 0.962595
Epoch 29 [35000/84843] Loss: 0.779160
Epoch 29 [70000/84843] Loss: 0.777793
Epoch 29 - Avg Loss: 0.821705 | Train Acc: 78.95%
Val: loss=0.6800, acc=9365/10975 (85.33%)
saved best: 85.33%
Epoch 30 [0/84843] Loss: 0.923281
Epoch 30 [35000/84843] Loss: 0.695893
Epoch 30 [70000/84843] Loss: 0.549298
Epoch 30 - Avg Loss: 0.802947 | Train Acc: 79.75%
Val: loss=0.6588, acc=9444/10975 (86.05%)
saved best: 86.05%
Epoch 31 [0/84843] Loss: 1.159847
Epoch 31 [35000/84843] Loss: 0.778279
Epoch 31 [70000/84843] Loss: 1.190109
Epoch 31 - Avg Loss: 0.795166 | Train Acc: 80.01%
Val: loss=0.6583, acc=9449/10975 (86.10%)
saved best: 86.10%
Epoch 32 [0/84843] Loss: 0.623165
Epoch 32 [35000/84843] Loss: 0.583161
Epoch 32 [70000/84843] Loss: 0.778502
Epoch 32 - Avg Loss: 0.784576 | Train Acc: 80.32%
Val: loss=0.6422, acc=9504/10975 (86.60%)
saved best: 86.60%
Epoch 33 [0/84843] Loss: 0.823798
Epoch 33 [35000/84843] Loss: 0.906637
Epoch 33 [70000/84843] Loss: 1.014719
Epoch 33 - Avg Loss: 0.775598 | Train Acc: 80.81%
Val: loss=0.6281, acc=9574/10975 (87.23%)
saved best: 87.23%
Epoch 34 [0/84843] Loss: 0.757667
Epoch 34 [35000/84843] Loss: 0.520123
Epoch 34 [70000/84843] Loss: 0.976547
Epoch 34 - Avg Loss: 0.765526 | Train Acc: 81.05%
Val: loss=0.6049, acc=9659/10975 (88.01%)
saved best: 88.01%
Epoch 35 [0/84843] Loss: 0.496195
Epoch 35 [35000/84843] Loss: 0.683445
Epoch 35 [70000/84843] Loss: 0.677779
Epoch 35 - Avg Loss: 0.754774 | Train Acc: 81.49%
Val: loss=0.6045, acc=9650/10975 (87.93%)
Epoch 36 [0/84843] Loss: 0.597360
Epoch 36 [35000/84843] Loss: 0.605201
Epoch 36 [70000/84843] Loss: 0.574085
Epoch 36 - Avg Loss: 0.757515 | Train Acc: 81.35%
Val: loss=0.6084, acc=9647/10975 (87.90%)
Epoch 37 [0/84843] Loss: 0.844810
Epoch 37 [35000/84843] Loss: 0.725681
Epoch 37 [70000/84843] Loss: 0.570163
Epoch 37 - Avg Loss: 0.744445 | Train Acc: 81.76%
Val: loss=0.5947, acc=9700/10975 (88.38%)
saved best: 88.38%
Epoch 38 [0/84843] Loss: 1.158694
Epoch 38 [35000/84843] Loss: 0.696185
Epoch 38 [70000/84843] Loss: 0.497606
Epoch 38 - Avg Loss: 0.733161 | Train Acc: 82.17%
Val: loss=0.5761, acc=9790/10975 (89.20%)
saved best: 89.20%
Epoch 39 [0/84843] Loss: 0.584199
Epoch 39 [35000/84843] Loss: 0.792904
Epoch 39 [70000/84843] Loss: 0.582340
Epoch 39 - Avg Loss: 0.728890 | Train Acc: 82.39%
Val: loss=0.5789, acc=9760/10975 (88.93%)
Epoch 40 [0/84843] Loss: 0.563750
Epoch 40 [35000/84843] Loss: 0.678709
Epoch 40 [70000/84843] Loss: 0.636650
Epoch 40 - Avg Loss: 0.717391 | Train Acc: 82.81%
Val: loss=0.5745, acc=9789/10975 (89.19%)
Epoch 41 [0/84843] Loss: 0.499493
Epoch 41 [35000/84843] Loss: 0.758748
Epoch 41 [70000/84843] Loss: 0.804747
Epoch 41 - Avg Loss: 0.721606 | Train Acc: 82.57%
Val: loss=0.5585, acc=9829/10975 (89.56%)
saved best: 89.56%
Epoch 42 [0/84843] Loss: 0.656612
Epoch 42 [35000/84843] Loss: 0.818392
Epoch 42 [70000/84843] Loss: 1.118295
Epoch 42 - Avg Loss: 0.706602 | Train Acc: 83.25%
Val: loss=0.5508, acc=9866/10975 (89.90%)
saved best: 89.90%
Epoch 43 [0/84843] Loss: 0.924484
Epoch 43 [35000/84843] Loss: 0.807497
Epoch 43 [70000/84843] Loss: 0.988063
Epoch 43 - Avg Loss: 0.710095 | Train Acc: 83.08%
Val: loss=0.5650, acc=9797/10975 (89.27%)
Epoch 44 [0/84843] Loss: 0.633219
Epoch 44 [35000/84843] Loss: 0.452888
Epoch 44 [70000/84843] Loss: 1.156008
Epoch 44 - Avg Loss: 0.697832 | Train Acc: 83.50%
Val: loss=0.5563, acc=9854/10975 (89.79%)
Epoch 45 [0/84843] Loss: 0.798526
Epoch 45 [35000/84843] Loss: 0.574206
Epoch 45 [70000/84843] Loss: 0.871781
Epoch 45 - Avg Loss: 0.693696 | Train Acc: 83.69%
Val: loss=0.5333, acc=9965/10975 (90.80%)
saved best: 90.80%
Epoch 46 [0/84843] Loss: 0.546770
Epoch 46 [35000/84843] Loss: 1.019875
Epoch 46 [70000/84843] Loss: 0.707612
Epoch 46 - Avg Loss: 0.683313 | Train Acc: 84.11%
Val: loss=0.5262, acc=9976/10975 (90.90%)
saved best: 90.90%
Epoch 47 [0/84843] Loss: 0.569879
Epoch 47 [35000/84843] Loss: 0.730271
Epoch 47 [70000/84843] Loss: 0.437535
Epoch 47 - Avg Loss: 0.683682 | Train Acc: 83.97%
Val: loss=0.5395, acc=9916/10975 (90.35%)
Epoch 48 [0/84843] Loss: 0.722651
Epoch 48 [35000/84843] Loss: 0.494423
Epoch 48 [70000/84843] Loss: 0.883935
Epoch 48 - Avg Loss: 0.680928 | Train Acc: 84.16%
Val: loss=0.5416, acc=9896/10975 (90.17%)
Epoch 49 [0/84843] Loss: 0.738172
Epoch 49 [35000/84843] Loss: 0.673506
Epoch 49 [70000/84843] Loss: 1.090436
Epoch 49 - Avg Loss: 0.680321 | Train Acc: 84.16%
Val: loss=0.5210, acc=9987/10975 (91.00%)
saved best: 91.00%
Epoch 50 [0/84843] Loss: 0.585042
Epoch 50 [35000/84843] Loss: 0.599264
Epoch 50 [70000/84843] Loss: 0.742208
Epoch 50 - Avg Loss: 0.671767 | Train Acc: 84.51%
Val: loss=0.5309, acc=9943/10975 (90.60%)
Epoch 51 [0/84843] Loss: 0.517592
Epoch 51 [35000/84843] Loss: 0.401888
Epoch 51 [70000/84843] Loss: 1.045908
Epoch 51 - Avg Loss: 0.671343 | Train Acc: 84.45%
Val: loss=0.5302, acc=9965/10975 (90.80%)
Epoch 52 [0/84843] Loss: 0.631967
Epoch 52 [35000/84843] Loss: 0.523151
Epoch 52 [70000/84843] Loss: 0.398787
Epoch 52 - Avg Loss: 0.670775 | Train Acc: 84.44%
Val: loss=0.5066, acc=10039/10975 (91.47%)
saved best: 91.47%
Epoch 53 [0/84843] Loss: 0.603077
Epoch 53 [35000/84843] Loss: 0.485958
Epoch 53 [70000/84843] Loss: 0.912895
Epoch 53 - Avg Loss: 0.657643 | Train Acc: 84.95%
Val: loss=0.5108, acc=9987/10975 (91.00%)
Epoch 54 [0/84843] Loss: 0.627466
Epoch 54 [35000/84843] Loss: 0.435116
Epoch 54 [70000/84843] Loss: 0.617437
Epoch 54 - Avg Loss: 0.659132 | Train Acc: 84.94%
Val: loss=0.5205, acc=9989/10975 (91.02%)
Epoch 55 [0/84843] Loss: 1.039807
Epoch 55 [35000/84843] Loss: 0.685967
Epoch 55 [70000/84843] Loss: 0.547278
Epoch 55 - Avg Loss: 0.660030 | Train Acc: 84.84%
Val: loss=0.5042, acc=10047/10975 (91.54%)
saved best: 91.54%
Epoch 56 [0/84843] Loss: 0.421255
Epoch 56 [35000/84843] Loss: 0.545320
Epoch 56 [70000/84843] Loss: 0.402548
Epoch 56 - Avg Loss: 0.642453 | Train Acc: 85.57%
Val: loss=0.5057, acc=10070/10975 (91.75%)
saved best: 91.75%
Epoch 57 [0/84843] Loss: 0.606754
Epoch 57 [35000/84843] Loss: 0.386731
Epoch 57 [70000/84843] Loss: 0.821970
Epoch 57 - Avg Loss: 0.653699 | Train Acc: 85.06%
Val: loss=0.4937, acc=10105/10975 (92.07%)
saved best: 92.07%
Epoch 58 [0/84843] Loss: 0.546923
Epoch 58 [35000/84843] Loss: 0.875949
Epoch 58 [70000/84843] Loss: 0.366417
Epoch 58 - Avg Loss: 0.641835 | Train Acc: 85.56%
Val: loss=0.4880, acc=10110/10975 (92.12%)
saved best: 92.12%
Epoch 59 [0/84843] Loss: 0.982643
Epoch 59 [35000/84843] Loss: 0.439613
Epoch 59 [70000/84843] Loss: 0.538413
Epoch 59 - Avg Loss: 0.641219 | Train Acc: 85.57%
Val: loss=0.5005, acc=10058/10975 (91.64%)
Epoch 60 [0/84843] Loss: 0.664113
Epoch 60 [35000/84843] Loss: 0.755084
Epoch 60 [70000/84843] Loss: 0.844525
Epoch 60 - Avg Loss: 0.633743 | Train Acc: 85.88%
Val: loss=0.5005, acc=10030/10975 (91.39%)
Epoch 61 [0/84843] Loss: 0.463125
Epoch 61 [35000/84843] Loss: 0.711543
Epoch 61 [70000/84843] Loss: 0.396782
Epoch 61 - Avg Loss: 0.637591 | Train Acc: 85.68%
Val: loss=0.4926, acc=10065/10975 (91.71%)
Epoch 62 [0/84843] Loss: 0.949411
Epoch 62 [35000/84843] Loss: 0.415764
Epoch 62 [70000/84843] Loss: 0.461481
Epoch 62 - Avg Loss: 0.636861 | Train Acc: 85.74%
Val: loss=0.4906, acc=10085/10975 (91.89%)
Epoch 63 [0/84843] Loss: 0.883332
Epoch 63 [35000/84843] Loss: 0.483587
Epoch 63 [70000/84843] Loss: 0.964544
Epoch 63 - Avg Loss: 0.630651 | Train Acc: 85.95%
Val: loss=0.4746, acc=10147/10975 (92.46%)
saved best: 92.46%
Epoch 64 [0/84843] Loss: 0.668703
Epoch 64 [35000/84843] Loss: 0.415955
Epoch 64 [70000/84843] Loss: 0.571014
Epoch 64 - Avg Loss: 0.626616 | Train Acc: 86.10%
Val: loss=0.4687, acc=10170/10975 (92.67%)
saved best: 92.67%
Epoch 65 [0/84843] Loss: 0.531470
Epoch 65 [35000/84843] Loss: 0.553849
Epoch 65 [70000/84843] Loss: 0.552776
Epoch 65 - Avg Loss: 0.630083 | Train Acc: 86.01%
Val: loss=0.4882, acc=10127/10975 (92.27%)
Epoch 66 [0/84843] Loss: 0.891238
Epoch 66 [35000/84843] Loss: 0.551342
Epoch 66 [70000/84843] Loss: 0.784131
Epoch 66 - Avg Loss: 0.622006 | Train Acc: 86.33%
Val: loss=0.4803, acc=10142/10975 (92.41%)
Epoch 67 [0/84843] Loss: 0.475069
Epoch 67 [35000/84843] Loss: 0.598461
Epoch 67 [70000/84843] Loss: 0.739066
Epoch 67 - Avg Loss: 0.619817 | Train Acc: 86.34%
Val: loss=0.4974, acc=10059/10975 (91.65%)
Epoch 68 [0/84843] Loss: 0.921530
Epoch 68 [35000/84843] Loss: 0.430243
Epoch 68 [70000/84843] Loss: 0.723906
Epoch 68 - Avg Loss: 0.613803 | Train Acc: 86.59%
Val: loss=0.4730, acc=10150/10975 (92.48%)
Epoch 69 [0/84843] Loss: 0.480877
Epoch 69 [35000/84843] Loss: 0.751933
Epoch 69 [70000/84843] Loss: 0.565480
Epoch 69 - Avg Loss: 0.620454 | Train Acc: 86.30%
Val: loss=0.4803, acc=10134/10975 (92.34%)
Epoch 70 [0/84843] Loss: 0.654546
Epoch 70 [35000/84843] Loss: 0.341248
Epoch 70 [70000/84843] Loss: 0.888530
Epoch 70 - Avg Loss: 0.608950 | Train Acc: 86.78%
Val: loss=0.4873, acc=10100/10975 (92.03%)
Epoch 71 [0/84843] Loss: 0.651088
Epoch 71 [35000/84843] Loss: 0.788675
Epoch 71 [70000/84843] Loss: 0.320624
Epoch 71 - Avg Loss: 0.616975 | Train Acc: 86.47%
Val: loss=0.4540, acc=10251/10975 (93.40%)
saved best: 93.40%
Epoch 72 [0/84843] Loss: 0.511899
Epoch 72 [35000/84843] Loss: 0.872145
Epoch 72 [70000/84843] Loss: 0.741245
Epoch 72 - Avg Loss: 0.606079 | Train Acc: 86.94%
Val: loss=0.4638, acc=10201/10975 (92.95%)
Epoch 73 [0/84843] Loss: 0.711308
Epoch 73 [35000/84843] Loss: 0.761308
Epoch 73 [70000/84843] Loss: 0.615768
Epoch 73 - Avg Loss: 0.613209 | Train Acc: 86.53%
Val: loss=0.4721, acc=10169/10975 (92.66%)
Epoch 74 [0/84843] Loss: 0.784561
Epoch 74 [35000/84843] Loss: 0.709302
Epoch 74 [70000/84843] Loss: 0.399972
Epoch 74 - Avg Loss: 0.599620 | Train Acc: 87.18%
Val: loss=0.4558, acc=10241/10975 (93.31%)
Epoch 75 [0/84843] Loss: 0.698873
Epoch 75 [35000/84843] Loss: 0.715860
Epoch 75 [70000/84843] Loss: 0.457607
Epoch 75 - Avg Loss: 0.605626 | Train Acc: 86.82%
Val: loss=0.4980, acc=10060/10975 (91.66%)
Epoch 76 [0/84843] Loss: 0.754410
Epoch 76 [35000/84843] Loss: 0.822027
Epoch 76 [70000/84843] Loss: 0.466550
Epoch 76 - Avg Loss: 0.611132 | Train Acc: 86.76%
Val: loss=0.4650, acc=10198/10975 (92.92%)
Epoch 77 [0/84843] Loss: 1.077152
Epoch 77 [35000/84843] Loss: 0.441194
Epoch 77 [70000/84843] Loss: 0.569677
Epoch 77 - Avg Loss: 0.596908 | Train Acc: 87.28%
Val: loss=0.4735, acc=10170/10975 (92.67%)
Epoch 78 [0/84843] Loss: 0.472415
Epoch 78 [35000/84843] Loss: 0.558973
Epoch 78 [70000/84843] Loss: 0.497887
Epoch 78 - Avg Loss: 0.598189 | Train Acc: 87.18%
Val: loss=0.4623, acc=10227/10975 (93.18%)
Epoch 79 [0/84843] Loss: 0.465656
Epoch 79 [35000/84843] Loss: 0.564987
Epoch 79 [70000/84843] Loss: 1.042829
Epoch 79 - Avg Loss: 0.602025 | Train Acc: 87.09%
Val: loss=0.4564, acc=10237/10975 (93.28%)
Epoch 80 [0/84843] Loss: 0.544767
Epoch 80 [35000/84843] Loss: 0.766775
Epoch 80 [70000/84843] Loss: 0.502376
Epoch 80 - Avg Loss: 0.600309 | Train Acc: 87.09%
Val: loss=0.4664, acc=10194/10975 (92.88%)
Epoch 81 [0/84843] Loss: 0.921231
Epoch 81 [35000/84843] Loss: 0.603687
Epoch 81 [70000/84843] Loss: 0.625019
Epoch 81 - Avg Loss: 0.605084 | Train Acc: 86.91%
Val: loss=0.4523, acc=10262/10975 (93.50%)
saved best: 93.50%
Epoch 82 [0/84843] Loss: 0.533972
Epoch 82 [35000/84843] Loss: 0.526127
Epoch 82 [70000/84843] Loss: 0.714927
Epoch 82 - Avg Loss: 0.597698 | Train Acc: 87.12%
Val: loss=0.4674, acc=10209/10975 (93.02%)
Epoch 83 [0/84843] Loss: 0.827985
Epoch 83 [35000/84843] Loss: 1.065466
Epoch 83 [70000/84843] Loss: 0.441978
Epoch 83 - Avg Loss: 0.596154 | Train Acc: 87.25%
Val: loss=0.4622, acc=10189/10975 (92.84%)
Epoch 84 [0/84843] Loss: 0.750324
Epoch 84 [35000/84843] Loss: 0.506008
Epoch 84 [70000/84843] Loss: 0.416081
Epoch 84 - Avg Loss: 0.590192 | Train Acc: 87.49%
Val: loss=0.4685, acc=10176/10975 (92.72%)
Epoch 85 [0/84843] Loss: 0.581144
Epoch 85 [35000/84843] Loss: 0.343506
Epoch 85 [70000/84843] Loss: 0.779195
Epoch 85 - Avg Loss: 0.581003 | Train Acc: 87.84%
Val: loss=0.4771, acc=10169/10975 (92.66%)
Epoch 86 [0/84843] Loss: 0.800120
Epoch 86 [35000/84843] Loss: 0.653546
Epoch 86 [70000/84843] Loss: 0.549200
Epoch 86 - Avg Loss: 0.584837 | Train Acc: 87.64%
Val: loss=0.4534, acc=10246/10975 (93.36%)
Epoch 87 [0/84843] Loss: 0.529663
Epoch 87 [35000/84843] Loss: 0.920491
Epoch 87 [70000/84843] Loss: 0.376705
Epoch 87 - Avg Loss: 0.588777 | Train Acc: 87.51%
Val: loss=0.4919, acc=10120/10975 (92.21%)
Epoch 88 [0/84843] Loss: 0.789602
Epoch 88 [35000/84843] Loss: 0.554232
Epoch 88 [70000/84843] Loss: 0.499181
Epoch 88 - Avg Loss: 0.596799 | Train Acc: 87.23%
Val: loss=0.4555, acc=10198/10975 (92.92%)
Epoch 89 [0/84843] Loss: 0.863588
Epoch 89 [35000/84843] Loss: 0.739121
Epoch 89 [70000/84843] Loss: 0.773279
Epoch 89 - Avg Loss: 0.587443 | Train Acc: 87.61%
Val: loss=0.4508, acc=10272/10975 (93.59%)
saved best: 93.59%
Epoch 90 [0/84843] Loss: 0.537283
Epoch 90 [35000/84843] Loss: 0.990900
Epoch 90 [70000/84843] Loss: 0.383093
Epoch 90 - Avg Loss: 0.583419 | Train Acc: 87.74%
Val: loss=0.4470, acc=10294/10975 (93.79%)
saved best: 93.79%
Epoch 91 [0/84843] Loss: 0.583012
Epoch 91 [35000/84843] Loss: 0.392235
Epoch 91 [70000/84843] Loss: 0.972350
Epoch 91 - Avg Loss: 0.583376 | Train Acc: 87.71%
Val: loss=0.4641, acc=10212/10975 (93.05%)
Epoch 92 [0/84843] Loss: 0.599321
Epoch 92 [35000/84843] Loss: 0.537501
Epoch 92 [70000/84843] Loss: 0.500062
Epoch 92 - Avg Loss: 0.579519 | Train Acc: 87.96%
Val: loss=0.4687, acc=10174/10975 (92.70%)
Epoch 93 [0/84843] Loss: 0.616916
Epoch 93 [35000/84843] Loss: 0.421246
Epoch 93 [70000/84843] Loss: 0.854641
Epoch 93 - Avg Loss: 0.574077 | Train Acc: 88.16%
Val: loss=0.4400, acc=10287/10975 (93.73%)
Epoch 94 [0/84843] Loss: 0.425833
Epoch 94 [35000/84843] Loss: 0.803267
Epoch 94 [70000/84843] Loss: 0.885138
Epoch 94 - Avg Loss: 0.580522 | Train Acc: 87.89%
Val: loss=0.4491, acc=10247/10975 (93.37%)
Epoch 95 [0/84843] Loss: 0.549305
Epoch 95 [35000/84843] Loss: 0.405731
Epoch 95 [70000/84843] Loss: 0.419719
Epoch 95 - Avg Loss: 0.579418 | Train Acc: 87.93%
Val: loss=0.4435, acc=10295/10975 (93.80%)
saved best: 93.80%
Epoch 96 [0/84843] Loss: 0.897672
Epoch 96 [35000/84843] Loss: 0.443724
Epoch 96 [70000/84843] Loss: 0.416207
Epoch 96 - Avg Loss: 0.581649 | Train Acc: 87.78%
Val: loss=0.4416, acc=10317/10975 (94.00%)
saved best: 94.00%
Epoch 97 [0/84843] Loss: 0.496029
Epoch 97 [35000/84843] Loss: 0.385365
Epoch 97 [70000/84843] Loss: 0.479690
Epoch 97 - Avg Loss: 0.574715 | Train Acc: 88.02%
Val: loss=0.4622, acc=10225/10975 (93.17%)
Epoch 98 [0/84843] Loss: 0.630594
Epoch 98 [35000/84843] Loss: 0.527743
Epoch 98 [70000/84843] Loss: 0.553204
Epoch 98 - Avg Loss: 0.583436 | Train Acc: 87.80%
Val: loss=0.4442, acc=10272/10975 (93.59%)
Epoch 99 [0/84843] Loss: 0.767285
Epoch 99 [35000/84843] Loss: 0.522382
Epoch 99 [70000/84843] Loss: 0.433206
Epoch 99 - Avg Loss: 0.577047 | Train Acc: 87.91%
Val: loss=0.4657, acc=10212/10975 (93.05%)
Epoch 100 [0/84843] Loss: 0.484282
Epoch 100 [35000/84843] Loss: 0.410164
Epoch 100 [70000/84843] Loss: 0.711719
Epoch 100 - Avg Loss: 0.570682 | Train Acc: 88.22%
Val: loss=0.4433, acc=10294/10975 (93.79%)
Epoch 101 [0/84843] Loss: 0.598800
Epoch 101 [35000/84843] Loss: 0.603271
Epoch 101 [70000/84843] Loss: 0.385544
Epoch 101 - Avg Loss: 0.575571 | Train Acc: 88.06%
Val: loss=0.4445, acc=10310/10975 (93.94%)
Epoch 102 [0/84843] Loss: 0.487551
Epoch 102 [35000/84843] Loss: 0.443855
Epoch 102 [70000/84843] Loss: 0.457067
Epoch 102 - Avg Loss: 0.576716 | Train Acc: 87.93%
Val: loss=0.4345, acc=10333/10975 (94.15%)
saved best: 94.15%
Epoch 103 [0/84843] Loss: 0.826930
Epoch 103 [35000/84843] Loss: 0.887712
Epoch 103 [70000/84843] Loss: 0.372658
Epoch 103 - Avg Loss: 0.574924 | Train Acc: 87.99%
Val: loss=0.4352, acc=10334/10975 (94.16%)
saved best: 94.16%
Epoch 104 [0/84843] Loss: 0.505753
Epoch 104 [35000/84843] Loss: 0.446885
Epoch 104 [70000/84843] Loss: 0.456728
Epoch 104 - Avg Loss: 0.576439 | Train Acc: 88.04%
Val: loss=0.4362, acc=10329/10975 (94.11%)
Epoch 105 [0/84843] Loss: 0.876007
Epoch 105 [35000/84843] Loss: 0.802290
Epoch 105 [70000/84843] Loss: 0.525899
Epoch 105 - Avg Loss: 0.572448 | Train Acc: 88.20%
Val: loss=0.4592, acc=10226/10975 (93.18%)
Epoch 106 [0/84843] Loss: 0.368156
Epoch 106 [35000/84843] Loss: 0.807182
Epoch 106 [70000/84843] Loss: 0.601489
Epoch 106 - Avg Loss: 0.574511 | Train Acc: 88.10%
Val: loss=0.4325, acc=10320/10975 (94.03%)
Epoch 107 [0/84843] Loss: 0.691595
Epoch 107 [35000/84843] Loss: 0.618394
Epoch 107 [70000/84843] Loss: 0.377319
Epoch 107 - Avg Loss: 0.569690 | Train Acc: 88.11%
Val: loss=0.4467, acc=10304/10975 (93.89%)
Epoch 108 [0/84843] Loss: 0.954123
Epoch 108 [35000/84843] Loss: 0.373690
Epoch 108 [70000/84843] Loss: 0.935366
Epoch 108 - Avg Loss: 0.567227 | Train Acc: 88.35%
Val: loss=0.4378, acc=10336/10975 (94.18%)
saved best: 94.18%
Epoch 109 [0/84843] Loss: 0.552727
Epoch 109 [35000/84843] Loss: 0.432257
Epoch 109 [70000/84843] Loss: 0.620041
Epoch 109 - Avg Loss: 0.574688 | Train Acc: 87.99%
Val: loss=0.4300, acc=10336/10975 (94.18%)
Epoch 110 [0/84843] Loss: 0.414394
Epoch 110 [35000/84843] Loss: 0.788319
Epoch 110 [70000/84843] Loss: 0.765044
Epoch 110 - Avg Loss: 0.569704 | Train Acc: 88.30%
Val: loss=0.4438, acc=10284/10975 (93.70%)
Epoch 111 [0/84843] Loss: 0.628702
Epoch 111 [35000/84843] Loss: 0.424546
Epoch 111 [70000/84843] Loss: 0.505696
Epoch 111 - Avg Loss: 0.574108 | Train Acc: 88.10%
Val: loss=0.4342, acc=10336/10975 (94.18%)
Epoch 112 [0/84843] Loss: 1.095200
Epoch 112 [35000/84843] Loss: 0.874842
Epoch 112 [70000/84843] Loss: 0.861354
Epoch 112 - Avg Loss: 0.573017 | Train Acc: 88.10%
Val: loss=0.4448, acc=10286/10975 (93.72%)
Epoch 113 [0/84843] Loss: 0.443032
Epoch 113 [35000/84843] Loss: 0.479519
Epoch 113 [70000/84843] Loss: 0.454827
Epoch 113 - Avg Loss: 0.563116 | Train Acc: 88.57%
Val: loss=0.4387, acc=10312/10975 (93.96%)
Epoch 114 [0/84843] Loss: 0.985885
Epoch 114 [35000/84843] Loss: 0.766203
Epoch 114 [70000/84843] Loss: 0.317074
Epoch 114 - Avg Loss: 0.570561 | Train Acc: 88.25%
Val: loss=0.4391, acc=10285/10975 (93.71%)
Epoch 115 [0/84843] Loss: 0.461916
Epoch 115 [35000/84843] Loss: 0.398018
Epoch 115 [70000/84843] Loss: 0.832677
Epoch 115 - Avg Loss: 0.571494 | Train Acc: 88.15%
Val: loss=0.4398, acc=10323/10975 (94.06%)
Epoch 116 [0/84843] Loss: 0.392746
Epoch 116 [35000/84843] Loss: 0.444764
Epoch 116 [70000/84843] Loss: 0.654574
Epoch 116 - Avg Loss: 0.570983 | Train Acc: 88.08%
Val: loss=0.4278, acc=10344/10975 (94.25%)
saved best: 94.25%
Epoch 117 [0/84843] Loss: 0.762449
Epoch 117 [35000/84843] Loss: 0.625057
Epoch 117 [70000/84843] Loss: 0.797145
Epoch 117 - Avg Loss: 0.565931 | Train Acc: 88.28%
Val: loss=0.4373, acc=10330/10975 (94.12%)
Epoch 118 [0/84843] Loss: 0.431302
Epoch 118 [35000/84843] Loss: 0.879381
Epoch 118 [70000/84843] Loss: 0.514037
Epoch 118 - Avg Loss: 0.565226 | Train Acc: 88.49%
Val: loss=0.4460, acc=10292/10975 (93.78%)
Epoch 119 [0/84843] Loss: 0.656852
Epoch 119 [35000/84843] Loss: 0.443110
Epoch 119 [70000/84843] Loss: 0.408986
Epoch 119 - Avg Loss: 0.566613 | Train Acc: 88.36%
Val: loss=0.4731, acc=10177/10975 (92.73%)
Epoch 120 [0/84843] Loss: 0.560471
Epoch 120 [35000/84843] Loss: 0.516844
Epoch 120 [70000/84843] Loss: 0.696553
Epoch 120 - Avg Loss: 0.571056 | Train Acc: 88.15%
Val: loss=0.4675, acc=10198/10975 (92.92%)
Epoch 121 [0/84843] Loss: 0.401869
Epoch 121 [35000/84843] Loss: 0.713086
Epoch 121 [70000/84843] Loss: 0.579541
Epoch 121 - Avg Loss: 0.556119 | Train Acc: 88.75%
Val: loss=0.4344, acc=10337/10975 (94.19%)
Epoch 122 [0/84843] Loss: 0.507596
Epoch 122 [35000/84843] Loss: 0.472814
Epoch 122 [70000/84843] Loss: 0.438439
Epoch 122 - Avg Loss: 0.562899 | Train Acc: 88.48%
Val: loss=0.4395, acc=10315/10975 (93.99%)
Epoch 123 [0/84843] Loss: 0.388929
Epoch 123 [35000/84843] Loss: 0.393824
Epoch 123 [70000/84843] Loss: 0.448963
Epoch 123 - Avg Loss: 0.565578 | Train Acc: 88.42%
Val: loss=0.4507, acc=10272/10975 (93.59%)
Epoch 124 [0/84843] Loss: 0.329983
Epoch 124 [35000/84843] Loss: 0.387395
Epoch 124 [70000/84843] Loss: 0.718566
Epoch 124 - Avg Loss: 0.553601 | Train Acc: 88.85%
Val: loss=0.4354, acc=10341/10975 (94.22%)
Epoch 125 [0/84843] Loss: 0.346030
Epoch 125 [35000/84843] Loss: 0.438184
Epoch 125 [70000/84843] Loss: 0.427638
Epoch 125 - Avg Loss: 0.556663 | Train Acc: 88.77%
Val: loss=0.4265, acc=10371/10975 (94.50%)
saved best: 94.50%
Epoch 126 [0/84843] Loss: 0.772640
Epoch 126 [35000/84843] Loss: 0.780255
Epoch 126 [70000/84843] Loss: 0.412636
Epoch 126 - Avg Loss: 0.564001 | Train Acc: 88.40%
Val: loss=0.4378, acc=10321/10975 (94.04%)
Epoch 127 [0/84843] Loss: 0.535451
Epoch 127 [35000/84843] Loss: 0.426735
Epoch 127 [70000/84843] Loss: 0.418316
Epoch 127 - Avg Loss: 0.564889 | Train Acc: 88.51%
Val: loss=0.4380, acc=10302/10975 (93.87%)
Epoch 128 [0/84843] Loss: 0.601557
Epoch 128 [35000/84843] Loss: 0.349260
Epoch 128 [70000/84843] Loss: 0.329190
Epoch 128 - Avg Loss: 0.558669 | Train Acc: 88.64%
Val: loss=0.4245, acc=10372/10975 (94.51%)
saved best: 94.51%
Epoch 129 [0/84843] Loss: 0.486333
Epoch 129 [35000/84843] Loss: 0.375884
Epoch 129 [70000/84843] Loss: 0.457025
Epoch 129 - Avg Loss: 0.562544 | Train Acc: 88.48%
Val: loss=0.4180, acc=10413/10975 (94.88%)
saved best: 94.88%
Epoch 130 [0/84843] Loss: 0.506456
Epoch 130 [35000/84843] Loss: 0.540671
Epoch 130 [70000/84843] Loss: 0.601814
Epoch 130 - Avg Loss: 0.565916 | Train Acc: 88.38%
Val: loss=0.4278, acc=10337/10975 (94.19%)
Epoch 131 [0/84843] Loss: 0.469419
Epoch 131 [35000/84843] Loss: 0.431938
Epoch 131 [70000/84843] Loss: 0.470204
Epoch 131 - Avg Loss: 0.560527 | Train Acc: 88.52%
Val: loss=0.4321, acc=10313/10975 (93.97%)
Epoch 132 [0/84843] Loss: 0.374098
Epoch 132 [35000/84843] Loss: 0.760260
Epoch 132 [70000/84843] Loss: 0.453937
Epoch 132 - Avg Loss: 0.558631 | Train Acc: 88.51%
Val: loss=0.4314, acc=10337/10975 (94.19%)
Epoch 133 [0/84843] Loss: 0.430950
Epoch 133 [35000/84843] Loss: 0.577750
Epoch 133 [70000/84843] Loss: 0.340572
Epoch 133 - Avg Loss: 0.558994 | Train Acc: 88.61%
Val: loss=0.4262, acc=10346/10975 (94.27%)
Epoch 134 [0/84843] Loss: 0.459494
Epoch 134 [35000/84843] Loss: 0.449858
Epoch 134 [70000/84843] Loss: 0.659527
Epoch 134 - Avg Loss: 0.553869 | Train Acc: 88.81%
Val: loss=0.4240, acc=10370/10975 (94.49%)
Epoch 135 [0/84843] Loss: 0.323330
Epoch 135 [35000/84843] Loss: 0.361054
Epoch 135 [70000/84843] Loss: 0.521416
Epoch 135 - Avg Loss: 0.549891 | Train Acc: 89.04%
Val: loss=0.4255, acc=10359/10975 (94.39%)
Epoch 136 [0/84843] Loss: 0.357999
Epoch 136 [35000/84843] Loss: 0.396535
Epoch 136 [70000/84843] Loss: 0.537380
Epoch 136 - Avg Loss: 0.561320 | Train Acc: 88.58%
Val: loss=0.4448, acc=10268/10975 (93.56%)
Epoch 137 [0/84843] Loss: 0.348596
Epoch 137 [35000/84843] Loss: 0.482589
Epoch 137 [70000/84843] Loss: 0.305266
Epoch 137 - Avg Loss: 0.559779 | Train Acc: 88.64%
Val: loss=0.4384, acc=10311/10975 (93.95%)
Epoch 138 [0/84843] Loss: 0.382437
Epoch 138 [35000/84843] Loss: 0.369894
Epoch 138 [70000/84843] Loss: 0.689644
Epoch 138 - Avg Loss: 0.554368 | Train Acc: 88.73%
Val: loss=0.4305, acc=10351/10975 (94.31%)
Epoch 139 [0/84843] Loss: 0.445497
Epoch 139 [35000/84843] Loss: 0.331444
Epoch 139 [70000/84843] Loss: 0.447813
Epoch 139 - Avg Loss: 0.560229 | Train Acc: 88.54%
Val: loss=0.4435, acc=10302/10975 (93.87%)
Epoch 140 [0/84843] Loss: 0.501770
Epoch 140 [35000/84843] Loss: 0.635476
Epoch 140 [70000/84843] Loss: 0.739324
Epoch 140 - Avg Loss: 0.558750 | Train Acc: 88.66%
Val: loss=0.4322, acc=10338/10975 (94.20%)
Epoch 141 [0/84843] Loss: 0.598183
Epoch 141 [35000/84843] Loss: 0.511498
Epoch 141 [70000/84843] Loss: 0.419403
Epoch 141 - Avg Loss: 0.555086 | Train Acc: 88.73%
Val: loss=0.4390, acc=10303/10975 (93.88%)
Epoch 142 [0/84843] Loss: 0.705689
Epoch 142 [35000/84843] Loss: 0.500251
Epoch 142 [70000/84843] Loss: 0.430970
Epoch 142 - Avg Loss: 0.548925 | Train Acc: 89.04%
Val: loss=0.4248, acc=10368/10975 (94.47%)
Epoch 143 [0/84843] Loss: 0.364201
Epoch 143 [35000/84843] Loss: 0.497626
Epoch 143 [70000/84843] Loss: 0.511151
Epoch 143 - Avg Loss: 0.549069 | Train Acc: 89.08%
Val: loss=0.4213, acc=10380/10975 (94.58%)
Epoch 144 [0/84843] Loss: 0.537777
Epoch 144 [35000/84843] Loss: 0.672886
Epoch 144 [70000/84843] Loss: 0.390936
Epoch 144 - Avg Loss: 0.551169 | Train Acc: 88.85%
Val: loss=0.4255, acc=10359/10975 (94.39%)
Epoch 145 [0/84843] Loss: 0.494877
Epoch 145 [35000/84843] Loss: 0.390650
Epoch 145 [70000/84843] Loss: 0.418656
Epoch 145 - Avg Loss: 0.552990 | Train Acc: 88.80%
Val: loss=0.4342, acc=10339/10975 (94.21%)
Epoch 146 [0/84843] Loss: 0.569872
Epoch 146 [35000/84843] Loss: 0.471796
Epoch 146 [70000/84843] Loss: 0.601770
Epoch 146 - Avg Loss: 0.549601 | Train Acc: 89.00%
Val: loss=0.4292, acc=10365/10975 (94.44%)
Epoch 147 [0/84843] Loss: 0.369902
Epoch 147 [35000/84843] Loss: 0.391000
Epoch 147 [70000/84843] Loss: 0.725078
Epoch 147 - Avg Loss: 0.553588 | Train Acc: 88.77%
Val: loss=0.4285, acc=10376/10975 (94.54%)
Epoch 148 [0/84843] Loss: 0.497665
Epoch 148 [35000/84843] Loss: 0.584845
Epoch 148 [70000/84843] Loss: 0.724953
Epoch 148 - Avg Loss: 0.555064 | Train Acc: 88.83%
Val: loss=0.4442, acc=10302/10975 (93.87%)
Epoch 149 [0/84843] Loss: 0.643681
Epoch 149 [35000/84843] Loss: 0.474255
Epoch 149 [70000/84843] Loss: 0.451447
Epoch 149 - Avg Loss: 0.552144 | Train Acc: 88.90%
Val: loss=0.4309, acc=10347/10975 (94.28%)
Epoch 150 [0/84843] Loss: 0.934505
Epoch 150 [35000/84843] Loss: 0.353596
Epoch 150 [70000/84843] Loss: 0.493852
Epoch 150 - Avg Loss: 0.551643 | Train Acc: 88.87%
Val: loss=0.4221, acc=10378/10975 (94.56%)
Epoch 151 [0/84843] Loss: 0.556426
Epoch 151 [35000/84843] Loss: 0.535124
Epoch 151 [70000/84843] Loss: 0.584513
Epoch 151 - Avg Loss: 0.543689 | Train Acc: 89.19%
Val: loss=0.4491, acc=10264/10975 (93.52%)
Epoch 152 [0/84843] Loss: 0.832931
Epoch 152 [35000/84843] Loss: 0.428467
Epoch 152 [70000/84843] Loss: 0.447656
Epoch 152 - Avg Loss: 0.546148 | Train Acc: 89.08%
Val: loss=0.4228, acc=10397/10975 (94.73%)
Epoch 153 [0/84843] Loss: 0.726737
Epoch 153 [35000/84843] Loss: 0.444669
Epoch 153 [70000/84843] Loss: 0.628540
Epoch 153 - Avg Loss: 0.543413 | Train Acc: 89.11%
Val: loss=0.4332, acc=10345/10975 (94.26%)
Epoch 154 [0/84843] Loss: 0.871340
Epoch 154 [35000/84843] Loss: 0.488554
Epoch 154 [70000/84843] Loss: 0.322018
Epoch 154 - Avg Loss: 0.547902 | Train Acc: 89.00%
Val: loss=0.4298, acc=10343/10975 (94.24%)
Epoch 155 [0/84843] Loss: 0.679047
Epoch 155 [35000/84843] Loss: 0.558735
Epoch 155 [70000/84843] Loss: 0.598356
Epoch 155 - Avg Loss: 0.553304 | Train Acc: 88.85%
Val: loss=0.4377, acc=10316/10975 (94.00%)
Epoch 156 [0/84843] Loss: 0.453281
Epoch 156 [35000/84843] Loss: 0.358979
Epoch 156 [70000/84843] Loss: 0.372418
Epoch 156 - Avg Loss: 0.542442 | Train Acc: 89.29%
Val: loss=0.4194, acc=10392/10975 (94.69%)
Epoch 157 [0/84843] Loss: 0.634213
Epoch 157 [35000/84843] Loss: 0.480915
Epoch 157 [70000/84843] Loss: 0.625676
Epoch 157 - Avg Loss: 0.560280 | Train Acc: 88.44%
Val: loss=0.4206, acc=10378/10975 (94.56%)
Epoch 158 [0/84843] Loss: 0.608055
Epoch 158 [35000/84843] Loss: 0.660169
Epoch 158 [70000/84843] Loss: 0.610540
Epoch 158 - Avg Loss: 0.547226 | Train Acc: 89.09%
Val: loss=0.4287, acc=10341/10975 (94.22%)
Epoch 159 [0/84843] Loss: 0.441453
Epoch 159 [35000/84843] Loss: 0.425821
Epoch 159 [70000/84843] Loss: 0.472910
Epoch 159 - Avg Loss: 0.549092 | Train Acc: 88.99%
Val: loss=0.4461, acc=10267/10975 (93.55%)
Epoch 160 [0/84843] Loss: 0.384907
Epoch 160 [35000/84843] Loss: 0.839281
Epoch 160 [70000/84843] Loss: 0.443407
Epoch 160 - Avg Loss: 0.539010 | Train Acc: 89.34%
Val: loss=0.4332, acc=10328/10975 (94.10%)
Epoch 161 [0/84843] Loss: 0.412808
Epoch 161 [35000/84843] Loss: 0.338760
Epoch 161 [70000/84843] Loss: 0.338247
Epoch 161 - Avg Loss: 0.540526 | Train Acc: 89.22%
Val: loss=0.4372, acc=10313/10975 (93.97%)
Epoch 162 [0/84843] Loss: 0.505254
Epoch 162 [35000/84843] Loss: 0.406570
Epoch 162 [70000/84843] Loss: 0.540975
Epoch 162 - Avg Loss: 0.553569 | Train Acc: 88.81%
Val: loss=0.4407, acc=10299/10975 (93.84%)
Epoch 163 [0/84843] Loss: 0.482499
Epoch 163 [35000/84843] Loss: 0.384988
Epoch 163 [70000/84843] Loss: 0.676067
Epoch 163 - Avg Loss: 0.544717 | Train Acc: 89.10%
Val: loss=0.4200, acc=10388/10975 (94.65%)
Epoch 164 [0/84843] Loss: 0.389111
Epoch 164 [35000/84843] Loss: 0.345489
Epoch 164 [70000/84843] Loss: 0.670728
Epoch 164 - Avg Loss: 0.547045 | Train Acc: 89.09%
Val: loss=0.4319, acc=10338/10975 (94.20%)
Epoch 165 [0/84843] Loss: 0.617243
Epoch 165 [35000/84843] Loss: 0.520620
Epoch 165 [70000/84843] Loss: 0.447301
Epoch 165 - Avg Loss: 0.537908 | Train Acc: 89.40%
Val: loss=0.4249, acc=10382/10975 (94.60%)
Epoch 166 [0/84843] Loss: 0.379587
Epoch 166 [35000/84843] Loss: 0.304021
Epoch 166 [70000/84843] Loss: 0.407546
Epoch 166 - Avg Loss: 0.549174 | Train Acc: 89.09%
Val: loss=0.4239, acc=10360/10975 (94.40%)
Epoch 167 [0/84843] Loss: 0.596912
Epoch 167 [35000/84843] Loss: 0.395947
Epoch 167 [70000/84843] Loss: 0.537225
Epoch 167 - Avg Loss: 0.544121 | Train Acc: 89.17%
Val: loss=0.4297, acc=10346/10975 (94.27%)
Epoch 168 [0/84843] Loss: 0.426696
Epoch 168 [35000/84843] Loss: 0.626668
Epoch 168 [70000/84843] Loss: 0.375666
Epoch 168 - Avg Loss: 0.537845 | Train Acc: 89.41%
Val: loss=0.4202, acc=10397/10975 (94.73%)
Epoch 169 [0/84843] Loss: 0.406837
Epoch 169 [35000/84843] Loss: 0.391407
Epoch 169 [70000/84843] Loss: 0.372378
Epoch 169 - Avg Loss: 0.543417 | Train Acc: 89.22%
Val: loss=0.4268, acc=10366/10975 (94.45%)
Epoch 170 [0/84843] Loss: 0.322601
Epoch 170 [35000/84843] Loss: 0.465712
Epoch 170 [70000/84843] Loss: 0.549151
Epoch 170 - Avg Loss: 0.543168 | Train Acc: 89.25%
Val: loss=0.4210, acc=10391/10975 (94.68%)
Epoch 171 [0/84843] Loss: 0.467696
Epoch 171 [35000/84843] Loss: 0.681618
Epoch 171 [70000/84843] Loss: 0.713280
Epoch 171 - Avg Loss: 0.546157 | Train Acc: 89.01%
Val: loss=0.4194, acc=10387/10975 (94.64%)
Epoch 172 [0/84843] Loss: 0.657864
Epoch 172 [35000/84843] Loss: 0.716680
Epoch 172 [70000/84843] Loss: 0.546410
Epoch 172 - Avg Loss: 0.538548 | Train Acc: 89.38%
Val: loss=0.4166, acc=10409/10975 (94.84%)
Epoch 173 [0/84843] Loss: 0.510425
Epoch 173 [35000/84843] Loss: 0.581481
Epoch 173 [70000/84843] Loss: 0.876291
Epoch 173 - Avg Loss: 0.539799 | Train Acc: 89.36%
Val: loss=0.4302, acc=10334/10975 (94.16%)
Epoch 174 [0/84843] Loss: 0.437684
Epoch 174 [35000/84843] Loss: 0.808937
Epoch 174 [70000/84843] Loss: 0.499654
Epoch 174 - Avg Loss: 0.532975 | Train Acc: 89.63%
Val: loss=0.4121, acc=10426/10975 (95.00%)
saved best: 95.00%
Epoch 175 [0/84843] Loss: 0.607465
Epoch 175 [35000/84843] Loss: 0.436610
Epoch 175 [70000/84843] Loss: 0.596450
Epoch 175 - Avg Loss: 0.539659 | Train Acc: 89.35%
Val: loss=0.4206, acc=10374/10975 (94.52%)
Epoch 176 [0/84843] Loss: 0.463836
Epoch 176 [35000/84843] Loss: 0.646519
Epoch 176 [70000/84843] Loss: 0.362484
Epoch 176 - Avg Loss: 0.543333 | Train Acc: 89.19%
Val: loss=0.4139, acc=10390/10975 (94.67%)
Epoch 177 [0/84843] Loss: 0.518708
Epoch 177 [35000/84843] Loss: 0.790950
Epoch 177 [70000/84843] Loss: 0.844077
Epoch 177 - Avg Loss: 0.543899 | Train Acc: 89.16%
Val: loss=0.4191, acc=10382/10975 (94.60%)
Epoch 178 [0/84843] Loss: 0.571695
Epoch 178 [35000/84843] Loss: 0.425771
Epoch 178 [70000/84843] Loss: 0.389951
Epoch 178 - Avg Loss: 0.540505 | Train Acc: 89.25%
Val: loss=0.4211, acc=10386/10975 (94.63%)
Epoch 179 [0/84843] Loss: 0.470877
Epoch 179 [35000/84843] Loss: 0.362963
Epoch 179 [70000/84843] Loss: 0.467208
Epoch 179 - Avg Loss: 0.546483 | Train Acc: 89.03%
Val: loss=0.4096, acc=10416/10975 (94.91%)
Epoch 180 [0/84843] Loss: 0.513128
Epoch 180 [35000/84843] Loss: 0.486222
Epoch 180 [70000/84843] Loss: 0.339960
Epoch 180 - Avg Loss: 0.535237 | Train Acc: 89.50%
Val: loss=0.4199, acc=10387/10975 (94.64%)
Epoch 181 [0/84843] Loss: 0.646682
Epoch 181 [35000/84843] Loss: 0.906367
Epoch 181 [70000/84843] Loss: 0.528186
Epoch 181 - Avg Loss: 0.533718 | Train Acc: 89.51%
Val: loss=0.4179, acc=10397/10975 (94.73%)
Epoch 182 [0/84843] Loss: 0.340484
Epoch 182 [35000/84843] Loss: 0.528036
Epoch 182 [70000/84843] Loss: 0.905075
Epoch 182 - Avg Loss: 0.539931 | Train Acc: 89.28%
Val: loss=0.4303, acc=10330/10975 (94.12%)
Epoch 183 [0/84843] Loss: 0.734979
Epoch 183 [35000/84843] Loss: 0.971917
Epoch 183 [70000/84843] Loss: 0.471740
Epoch 183 - Avg Loss: 0.549392 | Train Acc: 88.90%
Val: loss=0.4309, acc=10332/10975 (94.14%)
Epoch 184 [0/84843] Loss: 0.433638
Epoch 184 [35000/84843] Loss: 0.356006
Epoch 184 [70000/84843] Loss: 0.543210
Epoch 184 - Avg Loss: 0.535579 | Train Acc: 89.42%
Val: loss=0.4154, acc=10410/10975 (94.85%)
Epoch 185 [0/84843] Loss: 0.593162
Epoch 185 [35000/84843] Loss: 0.430066
Epoch 185 [70000/84843] Loss: 0.554033
Epoch 185 - Avg Loss: 0.536731 | Train Acc: 89.47%
Val: loss=0.4242, acc=10372/10975 (94.51%)
Epoch 186 [0/84843] Loss: 0.576962
Epoch 186 [35000/84843] Loss: 0.452518
Epoch 186 [70000/84843] Loss: 0.414950
Epoch 186 - Avg Loss: 0.535859 | Train Acc: 89.47%
Val: loss=0.4391, acc=10319/10975 (94.02%)
Epoch 187 [0/84843] Loss: 0.319919
Epoch 187 [35000/84843] Loss: 0.568770
Epoch 187 [70000/84843] Loss: 0.457367
Epoch 187 - Avg Loss: 0.541288 | Train Acc: 89.20%
Val: loss=0.4243, acc=10363/10975 (94.42%)
Epoch 188 [0/84843] Loss: 0.566113
Epoch 188 [35000/84843] Loss: 0.533893
Epoch 188 [70000/84843] Loss: 0.456501
Epoch 188 - Avg Loss: 0.528815 | Train Acc: 89.70%
Val: loss=0.4271, acc=10364/10975 (94.43%)
Epoch 189 [0/84843] Loss: 0.370893
Epoch 189 [35000/84843] Loss: 0.590559
Epoch 189 [70000/84843] Loss: 0.752161
Epoch 189 - Avg Loss: 0.537122 | Train Acc: 89.35%
Val: loss=0.4154, acc=10404/10975 (94.80%)
Epoch 190 [0/84843] Loss: 0.616061
Epoch 190 [35000/84843] Loss: 0.432698
Epoch 190 [70000/84843] Loss: 0.354127
Epoch 190 - Avg Loss: 0.529798 | Train Acc: 89.67%
Val: loss=0.4123, acc=10408/10975 (94.83%)
Epoch 191 [0/84843] Loss: 0.383936
Epoch 191 [35000/84843] Loss: 0.672414
Epoch 191 [70000/84843] Loss: 0.593417
Epoch 191 - Avg Loss: 0.538455 | Train Acc: 89.43%
Val: loss=0.4272, acc=10347/10975 (94.28%)
Epoch 192 [0/84843] Loss: 0.626610
Epoch 192 [35000/84843] Loss: 0.454547
Epoch 192 [70000/84843] Loss: 0.603072
Epoch 192 - Avg Loss: 0.526833 | Train Acc: 89.82%
Val: loss=0.4287, acc=10330/10975 (94.12%)
Epoch 193 [0/84843] Loss: 0.344687
Epoch 193 [35000/84843] Loss: 0.352105
Epoch 193 [70000/84843] Loss: 0.293443
Epoch 193 - Avg Loss: 0.538479 | Train Acc: 89.34%
Val: loss=0.4396, acc=10289/10975 (93.75%)
Epoch 194 [0/84843] Loss: 0.551021
Epoch 194 [35000/84843] Loss: 0.388831
Epoch 194 [70000/84843] Loss: 0.573563
Epoch 194 - Avg Loss: 0.535496 | Train Acc: 89.45%
Val: loss=0.4261, acc=10370/10975 (94.49%)
Epoch 195 [0/84843] Loss: 0.442544
Epoch 195 [35000/84843] Loss: 0.570985
Epoch 195 [70000/84843] Loss: 0.420050
Epoch 195 - Avg Loss: 0.529566 | Train Acc: 89.75%
Val: loss=0.4116, acc=10420/10975 (94.94%)
Epoch 196 [0/84843] Loss: 0.322168
Epoch 196 [35000/84843] Loss: 0.719053
Epoch 196 [70000/84843] Loss: 0.588145
Epoch 196 - Avg Loss: 0.538801 | Train Acc: 89.32%
Val: loss=0.4154, acc=10389/10975 (94.66%)
Epoch 197 [0/84843] Loss: 0.774664
Epoch 197 [35000/84843] Loss: 0.494892
Epoch 197 [70000/84843] Loss: 0.560825
Epoch 197 - Avg Loss: 0.525845 | Train Acc: 89.89%
Val: loss=0.4224, acc=10363/10975 (94.42%)
Epoch 198 [0/84843] Loss: 0.585669
Epoch 198 [35000/84843] Loss: 0.463883
Epoch 198 [70000/84843] Loss: 0.638868
Epoch 198 - Avg Loss: 0.534866 | Train Acc: 89.57%
Val: loss=0.4324, acc=10327/10975 (94.10%)
Epoch 199 [0/84843] Loss: 0.614353
Epoch 199 [35000/84843] Loss: 0.468801
Epoch 199 [70000/84843] Loss: 0.582288
Epoch 199 - Avg Loss: 0.524805 | Train Acc: 89.95%
Val: loss=0.4136, acc=10399/10975 (94.75%)
Epoch 200 [0/84843] Loss: 0.330317
Epoch 200 [35000/84843] Loss: 0.385902
Epoch 200 [70000/84843] Loss: 0.610942
Epoch 200 - Avg Loss: 0.539548 | Train Acc: 89.36%
Val: loss=0.4127, acc=10420/10975 (94.94%)
Epoch 201 [0/84843] Loss: 0.337138
Epoch 201 [35000/84843] Loss: 0.859242
Epoch 201 [70000/84843] Loss: 0.549405
Epoch 201 - Avg Loss: 0.523466 | Train Acc: 89.96%
Val: loss=0.4307, acc=10350/10975 (94.31%)
Epoch 202 [0/84843] Loss: 0.480967
Epoch 202 [35000/84843] Loss: 0.495867
Epoch 202 [70000/84843] Loss: 0.405305
Epoch 202 - Avg Loss: 0.533516 | Train Acc: 89.53%
Val: loss=0.4137, acc=10419/10975 (94.93%)
Epoch 203 [0/84843] Loss: 0.359899
Epoch 203 [35000/84843] Loss: 0.642956
Epoch 203 [70000/84843] Loss: 0.543977
Epoch 203 - Avg Loss: 0.530541 | Train Acc: 89.65%
Val: loss=0.4207, acc=10385/10975 (94.62%)
Epoch 204 [0/84843] Loss: 0.379353
Epoch 204 [35000/84843] Loss: 0.310202
Epoch 204 [70000/84843] Loss: 0.612219
Epoch 204 - Avg Loss: 0.527761 | Train Acc: 89.79%
Val: loss=0.4093, acc=10431/10975 (95.04%)
saved best: 95.04%
Epoch 205 [0/84843] Loss: 0.547935
Epoch 205 [35000/84843] Loss: 0.556021
Epoch 205 [70000/84843] Loss: 0.339953
Epoch 205 - Avg Loss: 0.523677 | Train Acc: 90.04%
Val: loss=0.4190, acc=10372/10975 (94.51%)
Epoch 206 [0/84843] Loss: 0.716681
Epoch 206 [35000/84843] Loss: 0.578609
Epoch 206 [70000/84843] Loss: 0.352888
Epoch 206 - Avg Loss: 0.528318 | Train Acc: 89.69%
Val: loss=0.4260, acc=10349/10975 (94.30%)
Epoch 207 [0/84843] Loss: 0.558805
Epoch 207 [35000/84843] Loss: 0.382659
Epoch 207 [70000/84843] Loss: 0.539947
Epoch 207 - Avg Loss: 0.529865 | Train Acc: 89.63%
Val: loss=0.4087, acc=10424/10975 (94.98%)
Epoch 208 [0/84843] Loss: 0.341805
Epoch 208 [35000/84843] Loss: 0.376259
Epoch 208 [70000/84843] Loss: 0.296703
Epoch 208 - Avg Loss: 0.527051 | Train Acc: 89.84%
Val: loss=0.4111, acc=10421/10975 (94.95%)
Epoch 209 [0/84843] Loss: 0.378122
Epoch 209 [35000/84843] Loss: 0.564910
Epoch 209 [70000/84843] Loss: 0.323127
Epoch 209 - Avg Loss: 0.531234 | Train Acc: 89.62%
Val: loss=0.4118, acc=10410/10975 (94.85%)
Epoch 210 [0/84843] Loss: 0.534186
Epoch 210 [35000/84843] Loss: 0.700017
Epoch 210 [70000/84843] Loss: 0.366242
Epoch 210 - Avg Loss: 0.524098 | Train Acc: 89.90%
Val: loss=0.4180, acc=10408/10975 (94.83%)
Epoch 211 [0/84843] Loss: 0.813711
Epoch 211 [35000/84843] Loss: 0.391275
Epoch 211 [70000/84843] Loss: 0.422424
Epoch 211 - Avg Loss: 0.533837 | Train Acc: 89.54%
Val: loss=0.4181, acc=10389/10975 (94.66%)
Epoch 212 [0/84843] Loss: 0.774264
Epoch 212 [35000/84843] Loss: 0.487830
Epoch 212 [70000/84843] Loss: 0.664222
Epoch 212 - Avg Loss: 0.533987 | Train Acc: 89.53%
Val: loss=0.4240, acc=10373/10975 (94.51%)
Epoch 213 [0/84843] Loss: 0.435587
Epoch 213 [35000/84843] Loss: 0.380713
Epoch 213 [70000/84843] Loss: 0.799608
Epoch 213 - Avg Loss: 0.527039 | Train Acc: 89.66%
Val: loss=0.4156, acc=10393/10975 (94.70%)
Epoch 214 [0/84843] Loss: 0.668420
Epoch 214 [35000/84843] Loss: 0.611328
Epoch 214 [70000/84843] Loss: 0.382218
Epoch 214 - Avg Loss: 0.530555 | Train Acc: 89.72%
Val: loss=0.4273, acc=10351/10975 (94.31%)
Epoch 215 [0/84843] Loss: 0.563703
Epoch 215 [35000/84843] Loss: 0.636144
Epoch 215 [70000/84843] Loss: 0.328939
Epoch 215 - Avg Loss: 0.530560 | Train Acc: 89.63%
Val: loss=0.4120, acc=10417/10975 (94.92%)
Epoch 216 [0/84843] Loss: 0.383329
Epoch 216 [35000/84843] Loss: 0.370199
Epoch 216 [70000/84843] Loss: 0.408625
Epoch 216 - Avg Loss: 0.521665 | Train Acc: 90.03%
Val: loss=0.4382, acc=10307/10975 (93.91%)
Epoch 217 [0/84843] Loss: 0.664102
Epoch 217 [35000/84843] Loss: 0.355727
Epoch 217 [70000/84843] Loss: 0.566400
Epoch 217 - Avg Loss: 0.522319 | Train Acc: 89.95%
Val: loss=0.4118, acc=10418/10975 (94.92%)
Epoch 218 [0/84843] Loss: 0.606277
Epoch 218 [35000/84843] Loss: 0.665592
Epoch 218 [70000/84843] Loss: 0.409440
Epoch 218 - Avg Loss: 0.525347 | Train Acc: 89.90%
Val: loss=0.4163, acc=10394/10975 (94.71%)
Epoch 219 [0/84843] Loss: 0.680688
Epoch 219 [35000/84843] Loss: 0.332264
Epoch 219 [70000/84843] Loss: 0.463813
Epoch 219 - Avg Loss: 0.522249 | Train Acc: 90.06%
Val: loss=0.4121, acc=10403/10975 (94.79%)
Epoch 220 [0/84843] Loss: 0.695999
Epoch 220 [35000/84843] Loss: 0.457570
Epoch 220 [70000/84843] Loss: 0.538029
Epoch 220 - Avg Loss: 0.527219 | Train Acc: 89.74%
Val: loss=0.4102, acc=10390/10975 (94.67%)
Epoch 221 [0/84843] Loss: 0.375917
Epoch 221 [35000/84843] Loss: 0.299348
Epoch 221 [70000/84843] Loss: 0.881316
Epoch 221 - Avg Loss: 0.524013 | Train Acc: 89.98%
Val: loss=0.4143, acc=10388/10975 (94.65%)
Epoch 222 [0/84843] Loss: 0.992553
Epoch 222 [35000/84843] Loss: 0.530433
Epoch 222 [70000/84843] Loss: 0.349575
Epoch 222 - Avg Loss: 0.522942 | Train Acc: 89.80%
Val: loss=0.4098, acc=10432/10975 (95.05%)
saved best: 95.05%
Epoch 223 [0/84843] Loss: 0.617742
Epoch 223 [35000/84843] Loss: 0.292511
Epoch 223 [70000/84843] Loss: 0.745197
Epoch 223 - Avg Loss: 0.528497 | Train Acc: 89.78%
Val: loss=0.4096, acc=10430/10975 (95.03%)
Epoch 224 [0/84843] Loss: 0.771525
Epoch 224 [35000/84843] Loss: 0.286346
Epoch 224 [70000/84843] Loss: 0.429262
Epoch 224 - Avg Loss: 0.521235 | Train Acc: 89.95%
Val: loss=0.4132, acc=10380/10975 (94.58%)
Epoch 225 [0/84843] Loss: 0.807390
Epoch 225 [35000/84843] Loss: 0.474751
Epoch 225 [70000/84843] Loss: 0.336737
Epoch 225 - Avg Loss: 0.517939 | Train Acc: 90.10%
Val: loss=0.4099, acc=10410/10975 (94.85%)
Epoch 226 [0/84843] Loss: 0.437116
Epoch 226 [35000/84843] Loss: 0.434316
Epoch 226 [70000/84843] Loss: 0.559023
Epoch 226 - Avg Loss: 0.520113 | Train Acc: 90.10%
Val: loss=0.4157, acc=10400/10975 (94.76%)
Epoch 227 [0/84843] Loss: 0.622969
Epoch 227 [35000/84843] Loss: 0.344856
Epoch 227 [70000/84843] Loss: 0.433318
Epoch 227 - Avg Loss: 0.519845 | Train Acc: 90.01%
Val: loss=0.4059, acc=10426/10975 (95.00%)
Epoch 228 [0/84843] Loss: 0.385426
Epoch 228 [35000/84843] Loss: 0.361155
Epoch 228 [70000/84843] Loss: 0.835027
Epoch 228 - Avg Loss: 0.517959 | Train Acc: 90.12%
Val: loss=0.4088, acc=10420/10975 (94.94%)
Epoch 229 [0/84843] Loss: 0.451386
Epoch 229 [35000/84843] Loss: 0.535904
Epoch 229 [70000/84843] Loss: 0.351577
Epoch 229 - Avg Loss: 0.527536 | Train Acc: 89.77%
Val: loss=0.4150, acc=10409/10975 (94.84%)
Epoch 230 [0/84843] Loss: 0.409560
Epoch 230 [35000/84843] Loss: 0.392021
Epoch 230 [70000/84843] Loss: 0.439161
Epoch 230 - Avg Loss: 0.519412 | Train Acc: 90.13%
Val: loss=0.4092, acc=10422/10975 (94.96%)
Epoch 231 [0/84843] Loss: 0.390762
Epoch 231 [35000/84843] Loss: 0.293646
Epoch 231 [70000/84843] Loss: 0.484756
Epoch 231 - Avg Loss: 0.521940 | Train Acc: 89.98%
Val: loss=0.4026, acc=10436/10975 (95.09%)
saved best: 95.09%
Epoch 232 [0/84843] Loss: 0.589592
Epoch 232 [35000/84843] Loss: 0.313102
Epoch 232 [70000/84843] Loss: 0.913406
Epoch 232 - Avg Loss: 0.517277 | Train Acc: 90.12%
Val: loss=0.3967, acc=10458/10975 (95.29%)
saved best: 95.29%
Epoch 233 [0/84843] Loss: 0.665259
Epoch 233 [35000/84843] Loss: 0.745143
Epoch 233 [70000/84843] Loss: 0.537535
Epoch 233 - Avg Loss: 0.514440 | Train Acc: 90.29%
Val: loss=0.4081, acc=10408/10975 (94.83%)
Epoch 234 [0/84843] Loss: 0.354616
Epoch 234 [35000/84843] Loss: 0.416286
Epoch 234 [70000/84843] Loss: 0.405450
Epoch 234 - Avg Loss: 0.522232 | Train Acc: 90.05%
Val: loss=0.4094, acc=10417/10975 (94.92%)
Epoch 235 [0/84843] Loss: 0.491314
Epoch 235 [35000/84843] Loss: 0.416132
Epoch 235 [70000/84843] Loss: 0.523595
Epoch 235 - Avg Loss: 0.526243 | Train Acc: 89.76%
Val: loss=0.4067, acc=10419/10975 (94.93%)
Epoch 236 [0/84843] Loss: 0.448280
Epoch 236 [35000/84843] Loss: 0.548738
Epoch 236 [70000/84843] Loss: 0.397677
Epoch 236 - Avg Loss: 0.522331 | Train Acc: 89.93%
Val: loss=0.4129, acc=10393/10975 (94.70%)
Epoch 237 [0/84843] Loss: 0.779630
Epoch 237 [35000/84843] Loss: 0.519105
Epoch 237 [70000/84843] Loss: 0.395826
Epoch 237 - Avg Loss: 0.513761 | Train Acc: 90.35%
Val: loss=0.3955, acc=10490/10975 (95.58%)
saved best: 95.58%
Epoch 238 [0/84843] Loss: 0.645251
Epoch 238 [35000/84843] Loss: 0.388762
Epoch 238 [70000/84843] Loss: 0.397783
Epoch 238 - Avg Loss: 0.513867 | Train Acc: 90.37%
Val: loss=0.4104, acc=10413/10975 (94.88%)
Epoch 239 [0/84843] Loss: 0.387450
Epoch 239 [35000/84843] Loss: 0.485059
Epoch 239 [70000/84843] Loss: 0.689076
Epoch 239 - Avg Loss: 0.528964 | Train Acc: 89.77%
Val: loss=0.4027, acc=10431/10975 (95.04%)
Epoch 240 [0/84843] Loss: 0.317522
Epoch 240 [35000/84843] Loss: 0.412795
Epoch 240 [70000/84843] Loss: 0.284728
Epoch 240 - Avg Loss: 0.517678 | Train Acc: 90.07%
Val: loss=0.4134, acc=10399/10975 (94.75%)
Epoch 241 [0/84843] Loss: 0.406174
Epoch 241 [35000/84843] Loss: 0.757323
Epoch 241 [70000/84843] Loss: 0.681610
Epoch 241 - Avg Loss: 0.518276 | Train Acc: 90.12%
Val: loss=0.3988, acc=10470/10975 (95.40%)
Epoch 242 [0/84843] Loss: 0.362019
Epoch 242 [35000/84843] Loss: 0.379090
Epoch 242 [70000/84843] Loss: 0.297181
Epoch 242 - Avg Loss: 0.515677 | Train Acc: 90.23%
Val: loss=0.4041, acc=10421/10975 (94.95%)
Epoch 243 [0/84843] Loss: 0.545556
Epoch 243 [35000/84843] Loss: 0.579381
Epoch 243 [70000/84843] Loss: 0.727454
Epoch 243 - Avg Loss: 0.511674 | Train Acc: 90.36%
Val: loss=0.4070, acc=10424/10975 (94.98%)
Epoch 244 [0/84843] Loss: 0.544403
Epoch 244 [35000/84843] Loss: 0.435500
Epoch 244 [70000/84843] Loss: 0.379241
Epoch 244 - Avg Loss: 0.516424 | Train Acc: 90.17%
Val: loss=0.4142, acc=10401/10975 (94.77%)
Epoch 245 [0/84843] Loss: 0.445555
Epoch 245 [35000/84843] Loss: 0.477923
Epoch 245 [70000/84843] Loss: 0.693423
Epoch 245 - Avg Loss: 0.523596 | Train Acc: 89.91%
Val: loss=0.4103, acc=10413/10975 (94.88%)
Epoch 246 [0/84843] Loss: 0.305226
Epoch 246 [35000/84843] Loss: 0.312651
Epoch 246 [70000/84843] Loss: 0.686523
Epoch 246 - Avg Loss: 0.521863 | Train Acc: 89.97%
Val: loss=0.4105, acc=10412/10975 (94.87%)
Epoch 247 [0/84843] Loss: 0.389256
Epoch 247 [35000/84843] Loss: 0.402716
Epoch 247 [70000/84843] Loss: 0.414695
Epoch 247 - Avg Loss: 0.507930 | Train Acc: 90.54%
Val: loss=0.4124, acc=10413/10975 (94.88%)
Epoch 248 [0/84843] Loss: 0.437363
Epoch 248 [35000/84843] Loss: 0.347749
Epoch 248 [70000/84843] Loss: 0.300269
Epoch 248 - Avg Loss: 0.526524 | Train Acc: 89.71%
Val: loss=0.4057, acc=10436/10975 (95.09%)
Epoch 249 [0/84843] Loss: 0.484427
Epoch 249 [35000/84843] Loss: 0.351852
Epoch 249 [70000/84843] Loss: 0.508836
Epoch 249 - Avg Loss: 0.511495 | Train Acc: 90.31%
Val: loss=0.4073, acc=10435/10975 (95.08%)
Epoch 250 [0/84843] Loss: 0.868553
Epoch 250 [35000/84843] Loss: 0.898982
Epoch 250 [70000/84843] Loss: 0.323565
Epoch 250 - Avg Loss: 0.512928 | Train Acc: 90.34%
Val: loss=0.4074, acc=10412/10975 (94.87%)
Epoch 251 [0/84843] Loss: 0.436230
Epoch 251 [35000/84843] Loss: 0.614256
Epoch 251 [70000/84843] Loss: 0.893701
Epoch 251 - Avg Loss: 0.512253 | Train Acc: 90.34%
Val: loss=0.4073, acc=10432/10975 (95.05%)
Epoch 252 [0/84843] Loss: 0.670189
Epoch 252 [35000/84843] Loss: 0.570193
Epoch 252 [70000/84843] Loss: 0.673652
Epoch 252 - Avg Loss: 0.520453 | Train Acc: 90.02%
Val: loss=0.4079, acc=10419/10975 (94.93%)
Epoch 253 [0/84843] Loss: 0.307301
Epoch 253 [35000/84843] Loss: 0.599363
Epoch 253 [70000/84843] Loss: 0.466310
Epoch 253 - Avg Loss: 0.516988 | Train Acc: 90.21%
Val: loss=0.4025, acc=10428/10975 (95.02%)
Epoch 254 [0/84843] Loss: 0.321471
Epoch 254 [35000/84843] Loss: 0.390314
Epoch 254 [70000/84843] Loss: 0.967545
Epoch 254 - Avg Loss: 0.517056 | Train Acc: 90.20%
Val: loss=0.4055, acc=10422/10975 (94.96%)
Epoch 255 [0/84843] Loss: 0.464440
Epoch 255 [35000/84843] Loss: 0.528672
Epoch 255 [70000/84843] Loss: 0.487172
Epoch 255 - Avg Loss: 0.516161 | Train Acc: 90.19%
Val: loss=0.4004, acc=10459/10975 (95.30%)
Epoch 256 [0/84843] Loss: 0.499803
Epoch 256 [35000/84843] Loss: 0.673493
Epoch 256 [70000/84843] Loss: 0.723718
Epoch 256 - Avg Loss: 0.512355 | Train Acc: 90.26%
Val: loss=0.3987, acc=10454/10975 (95.25%)
Epoch 257 [0/84843] Loss: 0.317604
Epoch 257 [35000/84843] Loss: 0.336576
Epoch 257 [70000/84843] Loss: 0.409387
Epoch 257 - Avg Loss: 0.511910 | Train Acc: 90.32%
Val: loss=0.4037, acc=10433/10975 (95.06%)
Epoch 258 [0/84843] Loss: 0.489337
Epoch 258 [35000/84843] Loss: 0.600753
Epoch 258 [70000/84843] Loss: 0.574109
Epoch 258 - Avg Loss: 0.509235 | Train Acc: 90.47%
Val: loss=0.3958, acc=10476/10975 (95.45%)
Epoch 259 [0/84843] Loss: 0.670261
Epoch 259 [35000/84843] Loss: 0.574647
Epoch 259 [70000/84843] Loss: 0.331163
Epoch 259 - Avg Loss: 0.508821 | Train Acc: 90.46%
Val: loss=0.4004, acc=10450/10975 (95.22%)
Epoch 260 [0/84843] Loss: 0.880753
Epoch 260 [35000/84843] Loss: 1.023690
Epoch 260 [70000/84843] Loss: 0.498027
Epoch 260 - Avg Loss: 0.508103 | Train Acc: 90.63%
Val: loss=0.3956, acc=10480/10975 (95.49%)
Epoch 261 [0/84843] Loss: 0.822714
Epoch 261 [35000/84843] Loss: 0.307516
Epoch 261 [70000/84843] Loss: 0.423218
Epoch 261 - Avg Loss: 0.505689 | Train Acc: 90.63%
Val: loss=0.4013, acc=10462/10975 (95.33%)
Epoch 262 [0/84843] Loss: 0.577091
Epoch 262 [35000/84843] Loss: 0.732954
Epoch 262 [70000/84843] Loss: 0.600430
Epoch 262 - Avg Loss: 0.521097 | Train Acc: 89.99%
Val: loss=0.4005, acc=10438/10975 (95.11%)
Epoch 263 [0/84843] Loss: 0.752844
Epoch 263 [35000/84843] Loss: 0.885761
Epoch 263 [70000/84843] Loss: 0.606886
Epoch 263 - Avg Loss: 0.516537 | Train Acc: 90.14%
Val: loss=0.3961, acc=10455/10975 (95.26%)
Epoch 264 [0/84843] Loss: 0.430115
Epoch 264 [35000/84843] Loss: 0.600237
Epoch 264 [70000/84843] Loss: 0.364526
Epoch 264 - Avg Loss: 0.512818 | Train Acc: 90.22%
Val: loss=0.3953, acc=10469/10975 (95.39%)
Epoch 265 [0/84843] Loss: 0.484232
Epoch 265 [35000/84843] Loss: 0.837028
Epoch 265 [70000/84843] Loss: 0.299977
Epoch 265 - Avg Loss: 0.506454 | Train Acc: 90.59%
Val: loss=0.4080, acc=10420/10975 (94.94%)
Epoch 266 [0/84843] Loss: 0.442975
Epoch 266 [35000/84843] Loss: 0.344276
Epoch 266 [70000/84843] Loss: 0.431972
Epoch 266 - Avg Loss: 0.510086 | Train Acc: 90.47%
Val: loss=0.3981, acc=10464/10975 (95.34%)
Epoch 267 [0/84843] Loss: 0.398369
Epoch 267 [35000/84843] Loss: 0.333377
Epoch 267 [70000/84843] Loss: 0.390803
Epoch 267 - Avg Loss: 0.511383 | Train Acc: 90.33%
Val: loss=0.3932, acc=10481/10975 (95.50%)
Epoch 268 [0/84843] Loss: 0.448064
Epoch 268 [35000/84843] Loss: 0.574935
Epoch 268 [70000/84843] Loss: 0.773309
Epoch 268 - Avg Loss: 0.501747 | Train Acc: 90.69%
Val: loss=0.3985, acc=10447/10975 (95.19%)
Epoch 269 [0/84843] Loss: 0.844357
Epoch 269 [35000/84843] Loss: 0.791538
Epoch 269 [70000/84843] Loss: 0.480473
Epoch 269 - Avg Loss: 0.504744 | Train Acc: 90.62%
Val: loss=0.3976, acc=10451/10975 (95.23%)
Epoch 270 [0/84843] Loss: 0.631845
Epoch 270 [35000/84843] Loss: 0.305529
Epoch 270 [70000/84843] Loss: 0.669866
Epoch 270 - Avg Loss: 0.507373 | Train Acc: 90.50%
Val: loss=0.4107, acc=10423/10975 (94.97%)
Epoch 271 [0/84843] Loss: 0.585231
Epoch 271 [35000/84843] Loss: 0.553542
Epoch 271 [70000/84843] Loss: 0.374478
Epoch 271 - Avg Loss: 0.508170 | Train Acc: 90.54%
Val: loss=0.3957, acc=10466/10975 (95.36%)
Epoch 272 [0/84843] Loss: 0.325494
Epoch 272 [35000/84843] Loss: 0.882349
Epoch 272 [70000/84843] Loss: 0.688848
Epoch 272 - Avg Loss: 0.512104 | Train Acc: 90.30%
Val: loss=0.3963, acc=10471/10975 (95.41%)
Epoch 273 [0/84843] Loss: 0.322023
Epoch 273 [35000/84843] Loss: 0.497714
Epoch 273 [70000/84843] Loss: 0.646340
Epoch 273 - Avg Loss: 0.513838 | Train Acc: 90.33%
Val: loss=0.4044, acc=10413/10975 (94.88%)
Epoch 274 [0/84843] Loss: 0.529838
Epoch 274 [35000/84843] Loss: 0.418546
Epoch 274 [70000/84843] Loss: 0.538472
Epoch 274 - Avg Loss: 0.513555 | Train Acc: 90.26%
Val: loss=0.3946, acc=10472/10975 (95.42%)
Epoch 275 [0/84843] Loss: 0.684898
Epoch 275 [35000/84843] Loss: 0.365098
Epoch 275 [70000/84843] Loss: 0.579187
Epoch 275 - Avg Loss: 0.509228 | Train Acc: 90.36%
Val: loss=0.3952, acc=10477/10975 (95.46%)
Epoch 276 [0/84843] Loss: 0.738107
Epoch 276 [35000/84843] Loss: 0.458816
Epoch 276 [70000/84843] Loss: 0.884760
Epoch 276 - Avg Loss: 0.504669 | Train Acc: 90.62%
Val: loss=0.3938, acc=10467/10975 (95.37%)
Epoch 277 [0/84843] Loss: 0.515640
Epoch 277 [35000/84843] Loss: 0.769517
Epoch 277 [70000/84843] Loss: 0.698740
Epoch 277 - Avg Loss: 0.499551 | Train Acc: 90.83%
Val: loss=0.4039, acc=10446/10975 (95.18%)
Epoch 278 [0/84843] Loss: 0.488800
Epoch 278 [35000/84843] Loss: 0.334656
Epoch 278 [70000/84843] Loss: 0.437092
Epoch 278 - Avg Loss: 0.503017 | Train Acc: 90.69%
Val: loss=0.3946, acc=10489/10975 (95.57%)
Epoch 279 [0/84843] Loss: 0.424718
Epoch 279 [35000/84843] Loss: 0.430527
Epoch 279 [70000/84843] Loss: 0.819973
Epoch 279 - Avg Loss: 0.504949 | Train Acc: 90.55%
Val: loss=0.4032, acc=10421/10975 (94.95%)
Epoch 280 [0/84843] Loss: 0.674524
Epoch 280 [35000/84843] Loss: 0.527901
Epoch 280 [70000/84843] Loss: 0.546214
Epoch 280 - Avg Loss: 0.505114 | Train Acc: 90.53%
Val: loss=0.4184, acc=10382/10975 (94.60%)
Epoch 281 [0/84843] Loss: 0.591711
Epoch 281 [35000/84843] Loss: 0.496709
Epoch 281 [70000/84843] Loss: 0.728111
Epoch 281 - Avg Loss: 0.507991 | Train Acc: 90.56%
Val: loss=0.4016, acc=10455/10975 (95.26%)
Epoch 282 [0/84843] Loss: 0.443998
Epoch 282 [35000/84843] Loss: 0.336824
Epoch 282 [70000/84843] Loss: 0.424173
Epoch 282 - Avg Loss: 0.504330 | Train Acc: 90.58%
Val: loss=0.3967, acc=10461/10975 (95.32%)
Epoch 283 [0/84843] Loss: 0.379287
Epoch 283 [35000/84843] Loss: 0.897332
Epoch 283 [70000/84843] Loss: 0.654669
Epoch 283 - Avg Loss: 0.501273 | Train Acc: 90.66%
Val: loss=0.3932, acc=10489/10975 (95.57%)
Epoch 284 [0/84843] Loss: 0.308982
Epoch 284 [35000/84843] Loss: 0.412821
Epoch 284 [70000/84843] Loss: 0.839000
Epoch 284 - Avg Loss: 0.509465 | Train Acc: 90.46%
Val: loss=0.3909, acc=10488/10975 (95.56%)
Epoch 285 [0/84843] Loss: 0.494293
Epoch 285 [35000/84843] Loss: 0.413867
Epoch 285 [70000/84843] Loss: 0.398984
Epoch 285 - Avg Loss: 0.504841 | Train Acc: 90.61%
Val: loss=0.3947, acc=10469/10975 (95.39%)
Epoch 286 [0/84843] Loss: 0.422100
Epoch 286 [35000/84843] Loss: 0.675636
Epoch 286 [70000/84843] Loss: 0.414165
Epoch 286 - Avg Loss: 0.510063 | Train Acc: 90.43%
Val: loss=0.3926, acc=10474/10975 (95.44%)
Epoch 287 [0/84843] Loss: 0.426917
Epoch 287 [35000/84843] Loss: 0.732101
Epoch 287 [70000/84843] Loss: 0.417623
Epoch 287 - Avg Loss: 0.500583 | Train Acc: 90.76%
Val: loss=0.3946, acc=10473/10975 (95.43%)
Epoch 288 [0/84843] Loss: 0.474132
Epoch 288 [35000/84843] Loss: 0.738401
Epoch 288 [70000/84843] Loss: 0.610529
Epoch 288 - Avg Loss: 0.505130 | Train Acc: 90.62%
Val: loss=0.3952, acc=10472/10975 (95.42%)
Epoch 289 [0/84843] Loss: 0.341249
Epoch 289 [35000/84843] Loss: 0.543029
Epoch 289 [70000/84843] Loss: 0.790911
Epoch 289 - Avg Loss: 0.499493 | Train Acc: 90.76%
Val: loss=0.3981, acc=10455/10975 (95.26%)
Epoch 290 [0/84843] Loss: 0.389446
Epoch 290 [35000/84843] Loss: 0.486085
Epoch 290 [70000/84843] Loss: 0.412022
Epoch 290 - Avg Loss: 0.505507 | Train Acc: 90.47%
Val: loss=0.3956, acc=10482/10975 (95.51%)
Epoch 291 [0/84843] Loss: 0.660736
Epoch 291 [35000/84843] Loss: 0.433951
Epoch 291 [70000/84843] Loss: 0.345596
Epoch 291 - Avg Loss: 0.499333 | Train Acc: 90.74%
Val: loss=0.3974, acc=10468/10975 (95.38%)
Epoch 292 [0/84843] Loss: 0.348996
Epoch 292 [35000/84843] Loss: 0.420305
Epoch 292 [70000/84843] Loss: 0.368192
Epoch 292 - Avg Loss: 0.498056 | Train Acc: 90.86%
Val: loss=0.3965, acc=10468/10975 (95.38%)
Epoch 293 [0/84843] Loss: 0.410271
Epoch 293 [35000/84843] Loss: 0.400104
Epoch 293 [70000/84843] Loss: 0.673860
Epoch 293 - Avg Loss: 0.500261 | Train Acc: 90.79%
Val: loss=0.3908, acc=10490/10975 (95.58%)
Epoch 294 [0/84843] Loss: 0.464326
Epoch 294 [35000/84843] Loss: 0.489985
Epoch 294 [70000/84843] Loss: 0.582642
Epoch 294 - Avg Loss: 0.516838 | Train Acc: 90.14%
Val: loss=0.3923, acc=10500/10975 (95.67%)
saved best: 95.67%
Epoch 295 [0/84843] Loss: 0.367584
Epoch 295 [35000/84843] Loss: 0.476602
Epoch 295 [70000/84843] Loss: 0.621270
Epoch 295 - Avg Loss: 0.492467 | Train Acc: 91.04%
Val: loss=0.3913, acc=10486/10975 (95.54%)
Epoch 296 [0/84843] Loss: 0.831865
Epoch 296 [35000/84843] Loss: 0.594747
Epoch 296 [70000/84843] Loss: 0.434555
Epoch 296 - Avg Loss: 0.492670 | Train Acc: 91.06%
Val: loss=0.3920, acc=10503/10975 (95.70%)
saved best: 95.70%
Epoch 297 [0/84843] Loss: 0.592986
Epoch 297 [35000/84843] Loss: 0.512594
Epoch 297 [70000/84843] Loss: 0.488555
Epoch 297 - Avg Loss: 0.496624 | Train Acc: 90.96%
Val: loss=0.3912, acc=10482/10975 (95.51%)
Epoch 298 [0/84843] Loss: 0.491585
Epoch 298 [35000/84843] Loss: 0.656117
Epoch 298 [70000/84843] Loss: 0.426184
Epoch 298 - Avg Loss: 0.498247 | Train Acc: 90.84%
Val: loss=0.3995, acc=10450/10975 (95.22%)
Epoch 299 [0/84843] Loss: 0.389352
Epoch 299 [35000/84843] Loss: 0.434506
Epoch 299 [70000/84843] Loss: 0.550581
Epoch 299 - Avg Loss: 0.499248 | Train Acc: 90.81%
Val: loss=0.3908, acc=10498/10975 (95.65%)
Epoch 300 [0/84843] Loss: 0.640521
Epoch 300 [35000/84843] Loss: 0.374362
Epoch 300 [70000/84843] Loss: 0.288219
Epoch 300 - Avg Loss: 0.501541 | Train Acc: 90.78%
Val: loss=0.3906, acc=10502/10975 (95.69%)
Epoch 301 [0/84843] Loss: 0.753512
Epoch 301 [35000/84843] Loss: 0.501651
Epoch 301 [70000/84843] Loss: 0.435063
Epoch 301 - Avg Loss: 0.506966 | Train Acc: 90.47%
Val: loss=0.3956, acc=10475/10975 (95.44%)
Epoch 302 [0/84843] Loss: 0.554486
Epoch 302 [35000/84843] Loss: 0.678765
Epoch 302 [70000/84843] Loss: 0.354826
Epoch 302 - Avg Loss: 0.499569 | Train Acc: 90.82%
Val: loss=0.3894, acc=10486/10975 (95.54%)
Epoch 303 [0/84843] Loss: 0.324201
Epoch 303 [35000/84843] Loss: 0.566136
Epoch 303 [70000/84843] Loss: 0.664007
Epoch 303 - Avg Loss: 0.501361 | Train Acc: 90.68%
Val: loss=0.3863, acc=10510/10975 (95.76%)
saved best: 95.76%
Epoch 304 [0/84843] Loss: 0.305734
Epoch 304 [35000/84843] Loss: 0.450490
Epoch 304 [70000/84843] Loss: 0.574473
Epoch 304 - Avg Loss: 0.499154 | Train Acc: 90.80%
Val: loss=0.3914, acc=10478/10975 (95.47%)
Epoch 305 [0/84843] Loss: 0.292274
Epoch 305 [35000/84843] Loss: 0.744181
Epoch 305 [70000/84843] Loss: 0.617119
Epoch 305 - Avg Loss: 0.498723 | Train Acc: 90.83%
Val: loss=0.3842, acc=10516/10975 (95.82%)
saved best: 95.82%
Epoch 306 [0/84843] Loss: 0.528488
Epoch 306 [35000/84843] Loss: 0.439447
Epoch 306 [70000/84843] Loss: 0.436352
Epoch 306 - Avg Loss: 0.496579 | Train Acc: 90.91%
Val: loss=0.3923, acc=10482/10975 (95.51%)
Epoch 307 [0/84843] Loss: 0.285392
Epoch 307 [35000/84843] Loss: 0.470304
Epoch 307 [70000/84843] Loss: 0.353938
Epoch 307 - Avg Loss: 0.493891 | Train Acc: 91.09%
Val: loss=0.3848, acc=10513/10975 (95.79%)
Epoch 308 [0/84843] Loss: 0.475780
Epoch 308 [35000/84843] Loss: 0.315297
Epoch 308 [70000/84843] Loss: 0.342871
Epoch 308 - Avg Loss: 0.489920 | Train Acc: 91.13%
Val: loss=0.3969, acc=10461/10975 (95.32%)
Epoch 309 [0/84843] Loss: 0.290450
Epoch 309 [35000/84843] Loss: 0.408668
Epoch 309 [70000/84843] Loss: 0.483144
Epoch 309 - Avg Loss: 0.494870 | Train Acc: 91.03%
Val: loss=0.3848, acc=10516/10975 (95.82%)
Epoch 310 [0/84843] Loss: 0.353880
Epoch 310 [35000/84843] Loss: 0.430789
Epoch 310 [70000/84843] Loss: 0.507088
Epoch 310 - Avg Loss: 0.496286 | Train Acc: 90.97%
Val: loss=0.3968, acc=10473/10975 (95.43%)
Epoch 311 [0/84843] Loss: 0.739595
Epoch 311 [35000/84843] Loss: 0.671855
Epoch 311 [70000/84843] Loss: 0.414271
Epoch 311 - Avg Loss: 0.482777 | Train Acc: 91.47%
Val: loss=0.3944, acc=10483/10975 (95.52%)
Epoch 312 [0/84843] Loss: 0.658811
Epoch 312 [35000/84843] Loss: 0.446658
Epoch 312 [70000/84843] Loss: 0.552652
Epoch 312 - Avg Loss: 0.499037 | Train Acc: 90.89%
Val: loss=0.3948, acc=10480/10975 (95.49%)
Epoch 313 [0/84843] Loss: 0.823882
Epoch 313 [35000/84843] Loss: 0.382600
Epoch 313 [70000/84843] Loss: 0.367513
Epoch 313 - Avg Loss: 0.499219 | Train Acc: 90.83%
Val: loss=0.3913, acc=10502/10975 (95.69%)
Epoch 314 [0/84843] Loss: 0.338240
Epoch 314 [35000/84843] Loss: 0.354925
Epoch 314 [70000/84843] Loss: 0.401113
Epoch 314 - Avg Loss: 0.493848 | Train Acc: 91.01%
Val: loss=0.3940, acc=10491/10975 (95.59%)
Epoch 315 [0/84843] Loss: 0.859813
Epoch 315 [35000/84843] Loss: 0.286426
Epoch 315 [70000/84843] Loss: 0.446971
Epoch 315 - Avg Loss: 0.489249 | Train Acc: 91.28%
Val: loss=0.3911, acc=10488/10975 (95.56%)
Epoch 316 [0/84843] Loss: 0.423319
Epoch 316 [35000/84843] Loss: 0.337711
Epoch 316 [70000/84843] Loss: 0.435165
Epoch 316 - Avg Loss: 0.497559 | Train Acc: 90.90%
Val: loss=0.3894, acc=10515/10975 (95.81%)
Epoch 317 [0/84843] Loss: 0.593589
Epoch 317 [35000/84843] Loss: 0.557231
Epoch 317 [70000/84843] Loss: 0.758361
Epoch 317 - Avg Loss: 0.492494 | Train Acc: 91.09%
Val: loss=0.3923, acc=10488/10975 (95.56%)
Epoch 318 [0/84843] Loss: 0.422211
Epoch 318 [35000/84843] Loss: 0.852751
Epoch 318 [70000/84843] Loss: 0.839384
Epoch 318 - Avg Loss: 0.494544 | Train Acc: 91.02%
Val: loss=0.3941, acc=10486/10975 (95.54%)
Epoch 319 [0/84843] Loss: 0.287228
Epoch 319 [35000/84843] Loss: 0.539709
Epoch 319 [70000/84843] Loss: 0.848256
Epoch 319 - Avg Loss: 0.493050 | Train Acc: 91.14%
Val: loss=0.3929, acc=10494/10975 (95.62%)
Epoch 320 [0/84843] Loss: 0.365490
Epoch 320 [35000/84843] Loss: 0.509893
Epoch 320 [70000/84843] Loss: 0.773174
Epoch 320 - Avg Loss: 0.496467 | Train Acc: 90.94%
Val: loss=0.3906, acc=10513/10975 (95.79%)
Epoch 321 [0/84843] Loss: 0.340950
Epoch 321 [35000/84843] Loss: 0.341959
Epoch 321 [70000/84843] Loss: 0.392234
Epoch 321 - Avg Loss: 0.488470 | Train Acc: 91.25%
Val: loss=0.3944, acc=10492/10975 (95.60%)
Epoch 322 [0/84843] Loss: 0.728273
Epoch 322 [35000/84843] Loss: 0.357873
Epoch 322 [70000/84843] Loss: 0.616278
Epoch 322 - Avg Loss: 0.490731 | Train Acc: 91.21%
Val: loss=0.3927, acc=10478/10975 (95.47%)
Epoch 323 [0/84843] Loss: 0.778621
Epoch 323 [35000/84843] Loss: 0.515140
Epoch 323 [70000/84843] Loss: 0.708408
Epoch 323 - Avg Loss: 0.498803 | Train Acc: 90.80%
Val: loss=0.3888, acc=10505/10975 (95.72%)
Epoch 324 [0/84843] Loss: 0.514831
Epoch 324 [35000/84843] Loss: 0.551358
Epoch 324 [70000/84843] Loss: 0.450667
Epoch 324 - Avg Loss: 0.493107 | Train Acc: 91.08%
Val: loss=0.3881, acc=10503/10975 (95.70%)
Epoch 325 [0/84843] Loss: 0.305761
Epoch 325 [35000/84843] Loss: 0.639728
Epoch 325 [70000/84843] Loss: 0.410306
Epoch 325 - Avg Loss: 0.494023 | Train Acc: 91.05%
Val: loss=0.3845, acc=10528/10975 (95.93%)
saved best: 95.93%
Epoch 326 [0/84843] Loss: 0.300728
Epoch 326 [35000/84843] Loss: 0.321592
Epoch 326 [70000/84843] Loss: 0.614692
Epoch 326 - Avg Loss: 0.489484 | Train Acc: 91.16%
Val: loss=0.3844, acc=10518/10975 (95.84%)
Epoch 327 [0/84843] Loss: 0.289626
Epoch 327 [35000/84843] Loss: 0.558811
Epoch 327 [70000/84843] Loss: 0.663856
Epoch 327 - Avg Loss: 0.496804 | Train Acc: 90.97%
Val: loss=0.3876, acc=10502/10975 (95.69%)
Epoch 328 [0/84843] Loss: 0.424551
Epoch 328 [35000/84843] Loss: 0.378772
Epoch 328 [70000/84843] Loss: 0.396941
Epoch 328 - Avg Loss: 0.493200 | Train Acc: 91.17%
Val: loss=0.3896, acc=10497/10975 (95.64%)
Epoch 329 [0/84843] Loss: 0.301652
Epoch 329 [35000/84843] Loss: 0.310710
Epoch 329 [70000/84843] Loss: 0.304464
Epoch 329 - Avg Loss: 0.496051 | Train Acc: 90.94%
Val: loss=0.3976, acc=10466/10975 (95.36%)
Epoch 330 [0/84843] Loss: 0.474270
Epoch 330 [35000/84843] Loss: 0.364618
Epoch 330 [70000/84843] Loss: 0.289913
Epoch 330 - Avg Loss: 0.498148 | Train Acc: 90.95%
Val: loss=0.3916, acc=10491/10975 (95.59%)
Epoch 331 [0/84843] Loss: 0.629342
Epoch 331 [35000/84843] Loss: 0.284094
Epoch 331 [70000/84843] Loss: 0.432807
Epoch 331 - Avg Loss: 0.501367 | Train Acc: 90.76%
Val: loss=0.3892, acc=10499/10975 (95.66%)
Epoch 332 [0/84843] Loss: 0.356161
Epoch 332 [35000/84843] Loss: 0.630954
Epoch 332 [70000/84843] Loss: 0.760657
Epoch 332 - Avg Loss: 0.487451 | Train Acc: 91.26%
Val: loss=0.3874, acc=10510/10975 (95.76%)
Epoch 333 [0/84843] Loss: 0.402645
Epoch 333 [35000/84843] Loss: 0.515434
Epoch 333 [70000/84843] Loss: 0.405663
Epoch 333 - Avg Loss: 0.494556 | Train Acc: 90.94%
Val: loss=0.3840, acc=10520/10975 (95.85%)
Epoch 334 [0/84843] Loss: 0.342044
Epoch 334 [35000/84843] Loss: 0.559339
Epoch 334 [70000/84843] Loss: 0.408935
Epoch 334 - Avg Loss: 0.486267 | Train Acc: 91.33%
Val: loss=0.3873, acc=10503/10975 (95.70%)
Epoch 335 [0/84843] Loss: 0.381884
Epoch 335 [35000/84843] Loss: 0.403742
Epoch 335 [70000/84843] Loss: 0.490224
Epoch 335 - Avg Loss: 0.494283 | Train Acc: 90.99%
Val: loss=0.3875, acc=10511/10975 (95.77%)
Epoch 336 [0/84843] Loss: 0.404877
Epoch 336 [35000/84843] Loss: 0.331000
Epoch 336 [70000/84843] Loss: 0.303578
Epoch 336 - Avg Loss: 0.495261 | Train Acc: 90.98%
Val: loss=0.3819, acc=10529/10975 (95.94%)
saved best: 95.94%
Epoch 337 [0/84843] Loss: 0.726481
Epoch 337 [35000/84843] Loss: 0.417242
Epoch 337 [70000/84843] Loss: 0.387605
Epoch 337 - Avg Loss: 0.494126 | Train Acc: 91.00%
Val: loss=0.3878, acc=10514/10975 (95.80%)
Epoch 338 [0/84843] Loss: 0.399268
Epoch 338 [35000/84843] Loss: 0.709929
Epoch 338 [70000/84843] Loss: 0.458760
Epoch 338 - Avg Loss: 0.488794 | Train Acc: 91.23%
Val: loss=0.3894, acc=10498/10975 (95.65%)
Epoch 339 [0/84843] Loss: 0.431051
Epoch 339 [35000/84843] Loss: 0.332207
Epoch 339 [70000/84843] Loss: 0.386951
Epoch 339 - Avg Loss: 0.483033 | Train Acc: 91.42%
Val: loss=0.3851, acc=10514/10975 (95.80%)
Epoch 340 [0/84843] Loss: 0.739560
Epoch 340 [35000/84843] Loss: 0.525937
Epoch 340 [70000/84843] Loss: 0.296349
Epoch 340 - Avg Loss: 0.491396 | Train Acc: 91.05%
Val: loss=0.3851, acc=10521/10975 (95.86%)
Epoch 341 [0/84843] Loss: 0.311292
Epoch 341 [35000/84843] Loss: 0.386561
Epoch 341 [70000/84843] Loss: 0.402083
Epoch 341 - Avg Loss: 0.491026 | Train Acc: 91.13%
Val: loss=0.3935, acc=10484/10975 (95.53%)
Epoch 342 [0/84843] Loss: 0.362281
Epoch 342 [35000/84843] Loss: 0.753457
Epoch 342 [70000/84843] Loss: 0.445820
Epoch 342 - Avg Loss: 0.489156 | Train Acc: 91.13%
Val: loss=0.3845, acc=10516/10975 (95.82%)
Epoch 343 [0/84843] Loss: 0.486345
Epoch 343 [35000/84843] Loss: 0.513664
Epoch 343 [70000/84843] Loss: 0.600881
Epoch 343 - Avg Loss: 0.491067 | Train Acc: 91.17%
Val: loss=0.3859, acc=10514/10975 (95.80%)
Epoch 344 [0/84843] Loss: 0.371077
Epoch 344 [35000/84843] Loss: 0.483416
Epoch 344 [70000/84843] Loss: 0.348284
Epoch 344 - Avg Loss: 0.489395 | Train Acc: 91.19%
Val: loss=0.3816, acc=10538/10975 (96.02%)
saved best: 96.02%
Epoch 345 [0/84843] Loss: 0.392324
Epoch 345 [35000/84843] Loss: 0.658596
Epoch 345 [70000/84843] Loss: 0.477562
Epoch 345 - Avg Loss: 0.495879 | Train Acc: 90.93%
Val: loss=0.3849, acc=10524/10975 (95.89%)
Epoch 346 [0/84843] Loss: 0.614403
Epoch 346 [35000/84843] Loss: 0.776114
Epoch 346 [70000/84843] Loss: 0.347609
Epoch 346 - Avg Loss: 0.500374 | Train Acc: 90.67%
Val: loss=0.3857, acc=10511/10975 (95.77%)
Epoch 347 [0/84843] Loss: 0.935655
Epoch 347 [35000/84843] Loss: 0.421937
Epoch 347 [70000/84843] Loss: 0.325317
Epoch 347 - Avg Loss: 0.490061 | Train Acc: 91.12%
Val: loss=0.3865, acc=10517/10975 (95.83%)
Epoch 348 [0/84843] Loss: 0.625725
Epoch 348 [35000/84843] Loss: 0.386920
Epoch 348 [70000/84843] Loss: 0.309465
Epoch 348 - Avg Loss: 0.482373 | Train Acc: 91.50%
Val: loss=0.3914, acc=10492/10975 (95.60%)
Epoch 349 [0/84843] Loss: 0.534272
Epoch 349 [35000/84843] Loss: 0.416984
Epoch 349 [70000/84843] Loss: 0.514834
Epoch 349 - Avg Loss: 0.494853 | Train Acc: 90.99%
Val: loss=0.3867, acc=10516/10975 (95.82%)
Epoch 350 [0/84843] Loss: 0.473304
Epoch 350 [35000/84843] Loss: 0.394851
Epoch 350 [70000/84843] Loss: 0.454784
Epoch 350 - Avg Loss: 0.491369 | Train Acc: 91.09%
Val: loss=0.3852, acc=10523/10975 (95.88%)
Epoch 351 [0/84843] Loss: 0.376387
Epoch 351 [35000/84843] Loss: 0.384962
Epoch 351 [70000/84843] Loss: 0.660360
Epoch 351 - Avg Loss: 0.488807 | Train Acc: 91.15%
Val: loss=0.3859, acc=10506/10975 (95.73%)
Epoch 352 [0/84843] Loss: 0.371964
Epoch 352 [35000/84843] Loss: 0.448851
Epoch 352 [70000/84843] Loss: 0.594714
Epoch 352 - Avg Loss: 0.492581 | Train Acc: 91.05%
Val: loss=0.3839, acc=10520/10975 (95.85%)
Epoch 353 [0/84843] Loss: 0.326463
Epoch 353 [35000/84843] Loss: 0.518912
Epoch 353 [70000/84843] Loss: 0.522318
Epoch 353 - Avg Loss: 0.488299 | Train Acc: 91.31%
Val: loss=0.3904, acc=10490/10975 (95.58%)
Epoch 354 [0/84843] Loss: 0.551966
Epoch 354 [35000/84843] Loss: 0.300626
Epoch 354 [70000/84843] Loss: 0.485564
Epoch 354 - Avg Loss: 0.488425 | Train Acc: 91.26%
Val: loss=0.3845, acc=10523/10975 (95.88%)
Epoch 355 [0/84843] Loss: 0.492569
Epoch 355 [35000/84843] Loss: 0.361877
Epoch 355 [70000/84843] Loss: 0.414225
Epoch 355 - Avg Loss: 0.487830 | Train Acc: 91.23%
Val: loss=0.3872, acc=10502/10975 (95.69%)
Epoch 356 [0/84843] Loss: 0.431966
Epoch 356 [35000/84843] Loss: 0.579729
Epoch 356 [70000/84843] Loss: 0.356333
Epoch 356 - Avg Loss: 0.483421 | Train Acc: 91.43%
Val: loss=0.3853, acc=10517/10975 (95.83%)
Epoch 357 [0/84843] Loss: 0.329501
Epoch 357 [35000/84843] Loss: 0.531632
Epoch 357 [70000/84843] Loss: 0.327381
Epoch 357 - Avg Loss: 0.489028 | Train Acc: 91.18%
Val: loss=0.3848, acc=10520/10975 (95.85%)
Epoch 358 [0/84843] Loss: 0.518598
Epoch 358 [35000/84843] Loss: 0.469609
Epoch 358 [70000/84843] Loss: 0.647559
Epoch 358 - Avg Loss: 0.483528 | Train Acc: 91.48%
Val: loss=0.3845, acc=10527/10975 (95.92%)
Epoch 359 [0/84843] Loss: 0.710330
Epoch 359 [35000/84843] Loss: 0.312840
Epoch 359 [70000/84843] Loss: 0.328788
Epoch 359 - Avg Loss: 0.489417 | Train Acc: 91.13%
Val: loss=0.3872, acc=10514/10975 (95.80%)
Epoch 360 [0/84843] Loss: 0.542186
Epoch 360 [35000/84843] Loss: 0.367742
Epoch 360 [70000/84843] Loss: 0.645841
Epoch 360 - Avg Loss: 0.487684 | Train Acc: 91.26%
Val: loss=0.3862, acc=10518/10975 (95.84%)
Epoch 361 [0/84843] Loss: 0.320559
Epoch 361 [35000/84843] Loss: 0.653653
Epoch 361 [70000/84843] Loss: 0.498430
Epoch 361 - Avg Loss: 0.490370 | Train Acc: 91.12%
Val: loss=0.3827, acc=10529/10975 (95.94%)
Epoch 362 [0/84843] Loss: 0.374396
Epoch 362 [35000/84843] Loss: 0.595478
Epoch 362 [70000/84843] Loss: 0.372708
Epoch 362 - Avg Loss: 0.483260 | Train Acc: 91.41%
Val: loss=0.3848, acc=10523/10975 (95.88%)
Epoch 363 [0/84843] Loss: 0.351203
Epoch 363 [35000/84843] Loss: 0.423043
Epoch 363 [70000/84843] Loss: 0.675160
Epoch 363 - Avg Loss: 0.485770 | Train Acc: 91.37%
Val: loss=0.3839, acc=10530/10975 (95.95%)
Epoch 364 [0/84843] Loss: 0.411723
Epoch 364 [35000/84843] Loss: 0.397215
Epoch 364 [70000/84843] Loss: 0.663705
Epoch 364 - Avg Loss: 0.491932 | Train Acc: 91.04%
Val: loss=0.3882, acc=10500/10975 (95.67%)
Epoch 365 [0/84843] Loss: 0.680907
Epoch 365 [35000/84843] Loss: 0.338820
Epoch 365 [70000/84843] Loss: 0.423495
Epoch 365 - Avg Loss: 0.488884 | Train Acc: 91.23%
Val: loss=0.3860, acc=10509/10975 (95.75%)
Epoch 366 [0/84843] Loss: 0.553595
Epoch 366 [35000/84843] Loss: 0.356028
Epoch 366 [70000/84843] Loss: 0.533036
Epoch 366 - Avg Loss: 0.485593 | Train Acc: 91.32%
Val: loss=0.3852, acc=10521/10975 (95.86%)
Epoch 367 [0/84843] Loss: 0.563986
Epoch 367 [35000/84843] Loss: 0.733226
Epoch 367 [70000/84843] Loss: 0.304506
Epoch 367 - Avg Loss: 0.487772 | Train Acc: 91.18%
Val: loss=0.3863, acc=10509/10975 (95.75%)
Epoch 368 [0/84843] Loss: 0.530099
Epoch 368 [35000/84843] Loss: 0.361125
Epoch 368 [70000/84843] Loss: 0.937074
Epoch 368 - Avg Loss: 0.484092 | Train Acc: 91.41%
Val: loss=0.3855, acc=10517/10975 (95.83%)
Epoch 369 [0/84843] Loss: 0.353355
Epoch 369 [35000/84843] Loss: 0.349960
Epoch 369 [70000/84843] Loss: 0.342006
Epoch 369 - Avg Loss: 0.484306 | Train Acc: 91.39%
Val: loss=0.3861, acc=10513/10975 (95.79%)
Epoch 370 [0/84843] Loss: 0.376811
Epoch 370 [35000/84843] Loss: 0.442509
Epoch 370 [70000/84843] Loss: 0.513783
Epoch 370 - Avg Loss: 0.490049 | Train Acc: 91.08%
Val: loss=0.3871, acc=10503/10975 (95.70%)
Epoch 371 [0/84843] Loss: 0.459698
Epoch 371 [35000/84843] Loss: 0.311365
Epoch 371 [70000/84843] Loss: 0.343290
Epoch 371 - Avg Loss: 0.485616 | Train Acc: 91.34%
Val: loss=0.3849, acc=10515/10975 (95.81%)
Epoch 372 [0/84843] Loss: 0.419947
Epoch 372 [35000/84843] Loss: 0.461169
Epoch 372 [70000/84843] Loss: 0.711668
Epoch 372 - Avg Loss: 0.484743 | Train Acc: 91.40%
Val: loss=0.3854, acc=10518/10975 (95.84%)
Epoch 373 [0/84843] Loss: 0.355912
Epoch 373 [35000/84843] Loss: 0.703559
Epoch 373 [70000/84843] Loss: 0.320800
Epoch 373 - Avg Loss: 0.483356 | Train Acc: 91.42%
Val: loss=0.3840, acc=10519/10975 (95.85%)
Epoch 374 [0/84843] Loss: 0.399006
Epoch 374 [35000/84843] Loss: 0.723448
Epoch 374 [70000/84843] Loss: 0.373894
Epoch 374 - Avg Loss: 0.483402 | Train Acc: 91.43%
Val: loss=0.3835, acc=10521/10975 (95.86%)
Epoch 375 [0/84843] Loss: 0.407647
Epoch 375 [35000/84843] Loss: 0.387963
Epoch 375 [70000/84843] Loss: 0.414776
Epoch 375 - Avg Loss: 0.487518 | Train Acc: 91.28%
Val: loss=0.3833, acc=10523/10975 (95.88%)
Epoch 376 [0/84843] Loss: 0.637246
Epoch 376 [35000/84843] Loss: 0.426490
Epoch 376 [70000/84843] Loss: 0.297734
Epoch 376 - Avg Loss: 0.478798 | Train Acc: 91.64%
Val: loss=0.3843, acc=10520/10975 (95.85%)
Epoch 377 [0/84843] Loss: 0.378066
Epoch 377 [35000/84843] Loss: 0.643951
Epoch 377 [70000/84843] Loss: 0.612617
Epoch 377 - Avg Loss: 0.483869 | Train Acc: 91.37%
Val: loss=0.3840, acc=10514/10975 (95.80%)
Epoch 378 [0/84843] Loss: 0.594014
Epoch 378 [35000/84843] Loss: 0.708477
Epoch 378 [70000/84843] Loss: 0.459639
Epoch 378 - Avg Loss: 0.486175 | Train Acc: 91.30%
Val: loss=0.3838, acc=10514/10975 (95.80%)
Epoch 379 [0/84843] Loss: 0.819575
Epoch 379 [35000/84843] Loss: 0.323779
Epoch 379 [70000/84843] Loss: 0.709810
Epoch 379 - Avg Loss: 0.489387 | Train Acc: 91.15%
Val: loss=0.3840, acc=10514/10975 (95.80%)
Epoch 380 [0/84843] Loss: 0.528531
Epoch 380 [35000/84843] Loss: 0.424124
Epoch 380 [70000/84843] Loss: 0.717589
Epoch 380 - Avg Loss: 0.489464 | Train Acc: 91.20%
Val: loss=0.3842, acc=10518/10975 (95.84%)
Epoch 381 [0/84843] Loss: 0.420125
Epoch 381 [35000/84843] Loss: 0.487336
Epoch 381 [70000/84843] Loss: 0.633959
Epoch 381 - Avg Loss: 0.480449 | Train Acc: 91.58%
Val: loss=0.3834, acc=10523/10975 (95.88%)
Epoch 382 [0/84843] Loss: 0.292639
Epoch 382 [35000/84843] Loss: 0.313095
Epoch 382 [70000/84843] Loss: 0.442851
Epoch 382 - Avg Loss: 0.493170 | Train Acc: 91.06%
Val: loss=0.3832, acc=10518/10975 (95.84%)
Epoch 383 [0/84843] Loss: 0.476897
Epoch 383 [35000/84843] Loss: 0.444141
Epoch 383 [70000/84843] Loss: 0.368974
Epoch 383 - Avg Loss: 0.482442 | Train Acc: 91.44%
Val: loss=0.3835, acc=10519/10975 (95.85%)
Epoch 384 [0/84843] Loss: 0.731622
Epoch 384 [35000/84843] Loss: 0.443274
Epoch 384 [70000/84843] Loss: 0.432956
Epoch 384 - Avg Loss: 0.485348 | Train Acc: 91.37%
Val: loss=0.3847, acc=10508/10975 (95.74%)
Epoch 385 [0/84843] Loss: 0.359390
Epoch 385 [35000/84843] Loss: 0.604448
Epoch 385 [70000/84843] Loss: 0.613566
Epoch 385 - Avg Loss: 0.489654 | Train Acc: 91.17%
Val: loss=0.3844, acc=10516/10975 (95.82%)
Epoch 386 [0/84843] Loss: 0.451236
Epoch 386 [35000/84843] Loss: 0.585280
Epoch 386 [70000/84843] Loss: 0.608031
Epoch 386 - Avg Loss: 0.487243 | Train Acc: 91.20%
Val: loss=0.3846, acc=10512/10975 (95.78%)
Epoch 387 [0/84843] Loss: 0.432742
Epoch 387 [35000/84843] Loss: 0.409992
Epoch 387 [70000/84843] Loss: 0.580651
Epoch 387 - Avg Loss: 0.480965 | Train Acc: 91.52%
Val: loss=0.3848, acc=10510/10975 (95.76%)
Epoch 388 [0/84843] Loss: 0.361518
Epoch 388 [35000/84843] Loss: 0.342640
Epoch 388 [70000/84843] Loss: 0.500472
Epoch 388 - Avg Loss: 0.490763 | Train Acc: 91.15%
Val: loss=0.3836, acc=10522/10975 (95.87%)
Epoch 389 [0/84843] Loss: 0.737995
Epoch 389 [35000/84843] Loss: 0.383095
Epoch 389 [70000/84843] Loss: 0.466660
Epoch 389 - Avg Loss: 0.489852 | Train Acc: 91.13%
Val: loss=0.3831, acc=10519/10975 (95.85%)
Epoch 390 [0/84843] Loss: 0.378217
Epoch 390 [35000/84843] Loss: 0.718106
Epoch 390 [70000/84843] Loss: 0.354858
Epoch 390 - Avg Loss: 0.495397 | Train Acc: 90.95%
Val: loss=0.3831, acc=10515/10975 (95.81%)
Epoch 391 [0/84843] Loss: 0.302709
Epoch 391 [35000/84843] Loss: 0.607176
Epoch 391 [70000/84843] Loss: 0.535854
Epoch 391 - Avg Loss: 0.487076 | Train Acc: 91.28%
Val: loss=0.3826, acc=10514/10975 (95.80%)
Epoch 392 [0/84843] Loss: 0.347902
Epoch 392 [35000/84843] Loss: 0.440747
Epoch 392 [70000/84843] Loss: 0.677687
Epoch 392 - Avg Loss: 0.493862 | Train Acc: 90.97%
Val: loss=0.3835, acc=10516/10975 (95.82%)
Epoch 393 [0/84843] Loss: 0.428764
Epoch 393 [35000/84843] Loss: 0.438478
Epoch 393 [70000/84843] Loss: 0.359328
Epoch 393 - Avg Loss: 0.490447 | Train Acc: 91.10%
Val: loss=0.3843, acc=10510/10975 (95.76%)
Epoch 394 [0/84843] Loss: 0.384002
Epoch 394 [35000/84843] Loss: 0.577520
Epoch 394 [70000/84843] Loss: 0.289478
Epoch 394 - Avg Loss: 0.487366 | Train Acc: 91.22%
Val: loss=0.3834, acc=10513/10975 (95.79%)
Epoch 395 [0/84843] Loss: 0.295145
Epoch 395 [35000/84843] Loss: 0.614181
Epoch 395 [70000/84843] Loss: 0.314133
Epoch 395 - Avg Loss: 0.488201 | Train Acc: 91.21%
Val: loss=0.3827, acc=10515/10975 (95.81%)
Epoch 396 [0/84843] Loss: 0.707433
Epoch 396 [35000/84843] Loss: 0.361270
Epoch 396 [70000/84843] Loss: 0.378316
Epoch 396 - Avg Loss: 0.481932 | Train Acc: 91.52%
Val: loss=0.3834, acc=10513/10975 (95.79%)
Epoch 397 [0/84843] Loss: 0.353331
Epoch 397 [35000/84843] Loss: 0.356792
Epoch 397 [70000/84843] Loss: 0.737294
Epoch 397 - Avg Loss: 0.485091 | Train Acc: 91.38%
Val: loss=0.3828, acc=10513/10975 (95.79%)
Epoch 398 [0/84843] Loss: 0.376843
Epoch 398 [35000/84843] Loss: 0.731803
Epoch 398 [70000/84843] Loss: 0.324388
Epoch 398 - Avg Loss: 0.478867 | Train Acc: 91.66%
Val: loss=0.3826, acc=10516/10975 (95.82%)
Epoch 399 [0/84843] Loss: 0.679153
Epoch 399 [35000/84843] Loss: 0.388880
Epoch 399 [70000/84843] Loss: 0.666424
Epoch 399 - Avg Loss: 0.483981 | Train Acc: 91.35%
Val: loss=0.3833, acc=10515/10975 (95.81%)
Epoch 400 [0/84843] Loss: 0.324427
Epoch 400 [35000/84843] Loss: 0.415606
Epoch 400 [70000/84843] Loss: 0.334766
Epoch 400 - Avg Loss: 0.480343 | Train Acc: 91.50%
Val: loss=0.3830, acc=10516/10975 (95.82%)
Test: loss=0.3860, acc=11618/12101 (96.01%)
