Running feature config: 24_mels_delta (task 14)
SpecAugment freq_mask=0 time_mask=50
Device: cuda
Feature config: 24_mels_delta -> {'n_mels': 24, 'use_delta': True, 'use_delta_delta': False}
SpecAugment: True freq_mask=0 time_mask=50
GPU Name: Tesla V100-PCIE-32GB
GPU Memory: 34.07 GB
Total model parameters: 47,628
Epoch 1 [0/84843] Loss: 2.377941
Epoch 1 [35000/84843] Loss: 1.603110
Epoch 1 [70000/84843] Loss: 1.417102
Epoch 1 - Avg Loss: 1.653994 | Train Acc: 58.13%
Val: loss=1.5394, acc=6706/10975 (61.10%)
saved best: 61.10%
Epoch 2 [0/84843] Loss: 1.371109
Epoch 2 [35000/84843] Loss: 1.550347
Epoch 2 [70000/84843] Loss: 1.200198
Epoch 2 - Avg Loss: 1.383520 | Train Acc: 66.32%
Val: loss=1.3884, acc=7255/10975 (66.10%)
saved best: 66.10%
Epoch 3 [0/84843] Loss: 1.311968
Epoch 3 [35000/84843] Loss: 1.453864
Epoch 3 [70000/84843] Loss: 1.683733
Epoch 3 - Avg Loss: 1.354799 | Train Acc: 66.76%
Val: loss=1.3697, acc=7261/10975 (66.16%)
saved best: 66.16%
Epoch 4 [0/84843] Loss: 1.271262
Epoch 4 [35000/84843] Loss: 1.297003
Epoch 4 [70000/84843] Loss: 1.259502
Epoch 4 - Avg Loss: 1.329205 | Train Acc: 66.79%
Val: loss=1.3084, acc=7332/10975 (66.81%)
saved best: 66.81%
Epoch 5 [0/84843] Loss: 1.563520
Epoch 5 [35000/84843] Loss: 1.365118
Epoch 5 [70000/84843] Loss: 1.111932
Epoch 5 - Avg Loss: 1.285862 | Train Acc: 67.02%
Val: loss=1.2584, acc=7365/10975 (67.11%)
saved best: 67.11%
Epoch 6 [0/84843] Loss: 1.170619
Epoch 6 [35000/84843] Loss: 1.248366
Epoch 6 [70000/84843] Loss: 1.255137
Epoch 6 - Avg Loss: 1.252922 | Train Acc: 67.23%
Val: loss=1.2192, acc=7393/10975 (67.36%)
saved best: 67.36%
Epoch 7 [0/84843] Loss: 1.034890
Epoch 7 [35000/84843] Loss: 1.132515
Epoch 7 [70000/84843] Loss: 1.440445
Epoch 7 - Avg Loss: 1.227819 | Train Acc: 67.52%
Val: loss=1.1854, acc=7390/10975 (67.33%)
Epoch 8 [0/84843] Loss: 1.201248
Epoch 8 [35000/84843] Loss: 1.207107
Epoch 8 [70000/84843] Loss: 1.192408
Epoch 8 - Avg Loss: 1.200109 | Train Acc: 67.76%
Val: loss=1.1380, acc=7448/10975 (67.86%)
saved best: 67.86%
Epoch 9 [0/84843] Loss: 0.961320
Epoch 9 [35000/84843] Loss: 1.272036
Epoch 9 [70000/84843] Loss: 1.310584
Epoch 9 - Avg Loss: 1.167893 | Train Acc: 68.25%
Val: loss=1.0874, acc=7575/10975 (69.02%)
saved best: 69.02%
Epoch 10 [0/84843] Loss: 1.170072
Epoch 10 [35000/84843] Loss: 0.902173
Epoch 10 [70000/84843] Loss: 1.108235
Epoch 10 - Avg Loss: 1.127047 | Train Acc: 69.34%
Val: loss=1.0200, acc=7865/10975 (71.66%)
saved best: 71.66%
Epoch 11 [0/84843] Loss: 0.984329
Epoch 11 [35000/84843] Loss: 1.284773
Epoch 11 [70000/84843] Loss: 1.076978
Epoch 11 - Avg Loss: 1.086569 | Train Acc: 70.21%
Val: loss=0.9616, acc=7991/10975 (72.81%)
saved best: 72.81%
Epoch 12 [0/84843] Loss: 0.855918
Epoch 12 [35000/84843] Loss: 1.008773
Epoch 12 [70000/84843] Loss: 1.325226
Epoch 12 - Avg Loss: 1.044067 | Train Acc: 71.16%
Val: loss=0.9293, acc=8154/10975 (74.30%)
saved best: 74.30%
Epoch 13 [0/84843] Loss: 1.224125
Epoch 13 [35000/84843] Loss: 0.845206
Epoch 13 [70000/84843] Loss: 0.969289
Epoch 13 - Avg Loss: 0.995882 | Train Acc: 72.09%
Val: loss=0.8709, acc=8375/10975 (76.31%)
saved best: 76.31%
Epoch 14 [0/84843] Loss: 1.296836
Epoch 14 [35000/84843] Loss: 1.350047
Epoch 14 [70000/84843] Loss: 0.949508
Epoch 14 - Avg Loss: 0.960631 | Train Acc: 73.00%
Val: loss=0.8539, acc=8440/10975 (76.90%)
saved best: 76.90%
Epoch 15 [0/84843] Loss: 1.027781
Epoch 15 [35000/84843] Loss: 0.973147
Epoch 15 [70000/84843] Loss: 0.778178
Epoch 15 - Avg Loss: 0.934769 | Train Acc: 74.03%
Val: loss=0.8075, acc=8732/10975 (79.56%)
saved best: 79.56%
Epoch 16 [0/84843] Loss: 0.978093
Epoch 16 [35000/84843] Loss: 0.718494
Epoch 16 [70000/84843] Loss: 1.004006
Epoch 16 - Avg Loss: 0.902012 | Train Acc: 75.63%
Val: loss=0.7672, acc=8942/10975 (81.48%)
saved best: 81.48%
Epoch 17 [0/84843] Loss: 1.320020
Epoch 17 [35000/84843] Loss: 1.056785
Epoch 17 [70000/84843] Loss: 1.285344
Epoch 17 - Avg Loss: 0.867176 | Train Acc: 77.20%
Val: loss=0.7239, acc=9130/10975 (83.19%)
saved best: 83.19%
Epoch 18 [0/84843] Loss: 0.917264
Epoch 18 [35000/84843] Loss: 0.879553
Epoch 18 [70000/84843] Loss: 0.915926
Epoch 18 - Avg Loss: 0.845096 | Train Acc: 78.04%
Val: loss=0.7082, acc=9192/10975 (83.75%)
saved best: 83.75%
Epoch 19 [0/84843] Loss: 0.731015
Epoch 19 [35000/84843] Loss: 0.718200
Epoch 19 [70000/84843] Loss: 0.583779
Epoch 19 - Avg Loss: 0.816585 | Train Acc: 79.34%
Val: loss=0.6567, acc=9415/10975 (85.79%)
saved best: 85.79%
Epoch 20 [0/84843] Loss: 0.665923
Epoch 20 [35000/84843] Loss: 0.849328
Epoch 20 [70000/84843] Loss: 0.709254
Epoch 20 - Avg Loss: 0.787802 | Train Acc: 80.36%
Val: loss=0.6147, acc=9560/10975 (87.11%)
saved best: 87.11%
Epoch 21 [0/84843] Loss: 0.935577
Epoch 21 [35000/84843] Loss: 0.855929
Epoch 21 [70000/84843] Loss: 0.582067
Epoch 21 - Avg Loss: 0.766393 | Train Acc: 81.24%
Val: loss=0.5992, acc=9632/10975 (87.76%)
saved best: 87.76%
Epoch 22 [0/84843] Loss: 0.984034
Epoch 22 [35000/84843] Loss: 0.728613
Epoch 22 [70000/84843] Loss: 0.505586
Epoch 22 - Avg Loss: 0.750044 | Train Acc: 81.82%
Val: loss=0.5820, acc=9741/10975 (88.76%)
saved best: 88.76%
Epoch 23 [0/84843] Loss: 0.654406
Epoch 23 [35000/84843] Loss: 0.562097
Epoch 23 [70000/84843] Loss: 0.490192
Epoch 23 - Avg Loss: 0.728121 | Train Acc: 82.57%
Val: loss=0.5505, acc=9881/10975 (90.03%)
saved best: 90.03%
Epoch 24 [0/84843] Loss: 0.816118
Epoch 24 [35000/84843] Loss: 0.492457
Epoch 24 [70000/84843] Loss: 0.604708
Epoch 24 - Avg Loss: 0.709370 | Train Acc: 83.28%
Val: loss=0.5421, acc=9934/10975 (90.51%)
saved best: 90.51%
Epoch 25 [0/84843] Loss: 0.418258
Epoch 25 [35000/84843] Loss: 0.607509
Epoch 25 [70000/84843] Loss: 0.939272
Epoch 25 - Avg Loss: 0.698373 | Train Acc: 83.79%
Val: loss=0.5249, acc=9978/10975 (90.92%)
saved best: 90.92%
Epoch 26 [0/84843] Loss: 0.699644
Epoch 26 [35000/84843] Loss: 0.676614
Epoch 26 [70000/84843] Loss: 0.616936
Epoch 26 - Avg Loss: 0.687501 | Train Acc: 84.11%
Val: loss=0.5352, acc=9921/10975 (90.40%)
Epoch 27 [0/84843] Loss: 0.521184
Epoch 27 [35000/84843] Loss: 0.849011
Epoch 27 [70000/84843] Loss: 0.764782
Epoch 27 - Avg Loss: 0.672516 | Train Acc: 84.66%
Val: loss=0.4963, acc=10101/10975 (92.04%)
saved best: 92.04%
Epoch 28 [0/84843] Loss: 0.928143
Epoch 28 [35000/84843] Loss: 0.643955
Epoch 28 [70000/84843] Loss: 0.533760
Epoch 28 - Avg Loss: 0.664381 | Train Acc: 85.02%
Val: loss=0.5056, acc=10042/10975 (91.50%)
Epoch 29 [0/84843] Loss: 0.848405
Epoch 29 [35000/84843] Loss: 0.806825
Epoch 29 [70000/84843] Loss: 0.527214
Epoch 29 - Avg Loss: 0.655384 | Train Acc: 85.29%
Val: loss=0.4910, acc=10102/10975 (92.05%)
saved best: 92.05%
Epoch 30 [0/84843] Loss: 0.433695
Epoch 30 [35000/84843] Loss: 0.452665
Epoch 30 [70000/84843] Loss: 0.807206
Epoch 30 - Avg Loss: 0.637843 | Train Acc: 86.03%
Val: loss=0.4847, acc=10148/10975 (92.46%)
saved best: 92.46%
Epoch 31 [0/84843] Loss: 0.471163
Epoch 31 [35000/84843] Loss: 1.044349
Epoch 31 [70000/84843] Loss: 0.551575
Epoch 31 - Avg Loss: 0.634012 | Train Acc: 86.01%
Val: loss=0.4758, acc=10177/10975 (92.73%)
saved best: 92.73%
Epoch 32 [0/84843] Loss: 0.739426
Epoch 32 [35000/84843] Loss: 1.091298
Epoch 32 [70000/84843] Loss: 0.678690
Epoch 32 - Avg Loss: 0.627876 | Train Acc: 86.21%
Val: loss=0.4704, acc=10227/10975 (93.18%)
saved best: 93.18%
Epoch 33 [0/84843] Loss: 0.858113
Epoch 33 [35000/84843] Loss: 0.500210
Epoch 33 [70000/84843] Loss: 0.649373
Epoch 33 - Avg Loss: 0.613054 | Train Acc: 86.84%
Val: loss=0.4614, acc=10240/10975 (93.30%)
saved best: 93.30%
Epoch 34 [0/84843] Loss: 0.651868
Epoch 34 [35000/84843] Loss: 0.821584
Epoch 34 [70000/84843] Loss: 0.605991
Epoch 34 - Avg Loss: 0.607976 | Train Acc: 87.00%
Val: loss=0.4749, acc=10162/10975 (92.59%)
Epoch 35 [0/84843] Loss: 0.625286
Epoch 35 [35000/84843] Loss: 0.428968
Epoch 35 [70000/84843] Loss: 0.532414
Epoch 35 - Avg Loss: 0.604315 | Train Acc: 87.12%
Val: loss=0.4588, acc=10251/10975 (93.40%)
saved best: 93.40%
Epoch 36 [0/84843] Loss: 0.432660
Epoch 36 [35000/84843] Loss: 0.549704
Epoch 36 [70000/84843] Loss: 0.870939
Epoch 36 - Avg Loss: 0.591985 | Train Acc: 87.54%
Val: loss=0.4550, acc=10256/10975 (93.45%)
saved best: 93.45%
Epoch 37 [0/84843] Loss: 0.426172
Epoch 37 [35000/84843] Loss: 0.670706
Epoch 37 [70000/84843] Loss: 0.485035
Epoch 37 - Avg Loss: 0.586570 | Train Acc: 87.87%
Val: loss=0.4463, acc=10268/10975 (93.56%)
saved best: 93.56%
Epoch 38 [0/84843] Loss: 0.461905
Epoch 38 [35000/84843] Loss: 0.830582
Epoch 38 [70000/84843] Loss: 0.492439
Epoch 38 - Avg Loss: 0.589019 | Train Acc: 87.65%
Val: loss=0.4440, acc=10282/10975 (93.69%)
saved best: 93.69%
Epoch 39 [0/84843] Loss: 1.073088
Epoch 39 [35000/84843] Loss: 0.624387
Epoch 39 [70000/84843] Loss: 0.486106
Epoch 39 - Avg Loss: 0.589988 | Train Acc: 87.62%
Val: loss=0.4280, acc=10365/10975 (94.44%)
saved best: 94.44%
Epoch 40 [0/84843] Loss: 0.456962
Epoch 40 [35000/84843] Loss: 0.400308
Epoch 40 [70000/84843] Loss: 0.634580
Epoch 40 - Avg Loss: 0.565652 | Train Acc: 88.54%
Val: loss=0.4346, acc=10341/10975 (94.22%)
Epoch 41 [0/84843] Loss: 0.553380
Epoch 41 [35000/84843] Loss: 0.486937
Epoch 41 [70000/84843] Loss: 0.385431
Epoch 41 - Avg Loss: 0.562050 | Train Acc: 88.69%
Val: loss=0.4355, acc=10318/10975 (94.01%)
Epoch 42 [0/84843] Loss: 0.501424
Epoch 42 [35000/84843] Loss: 0.397519
Epoch 42 [70000/84843] Loss: 0.562923
Epoch 42 - Avg Loss: 0.560654 | Train Acc: 88.74%
Val: loss=0.4218, acc=10387/10975 (94.64%)
saved best: 94.64%
Epoch 43 [0/84843] Loss: 0.387103
Epoch 43 [35000/84843] Loss: 0.631158
Epoch 43 [70000/84843] Loss: 0.378735
Epoch 43 - Avg Loss: 0.560952 | Train Acc: 88.74%
Val: loss=0.4205, acc=10407/10975 (94.82%)
saved best: 94.82%
Epoch 44 [0/84843] Loss: 0.413753
Epoch 44 [35000/84843] Loss: 0.494717
Epoch 44 [70000/84843] Loss: 0.362412
Epoch 44 - Avg Loss: 0.558129 | Train Acc: 88.84%
Val: loss=0.4241, acc=10379/10975 (94.57%)
Epoch 45 [0/84843] Loss: 0.493733
Epoch 45 [35000/84843] Loss: 0.672668
Epoch 45 [70000/84843] Loss: 0.452103
Epoch 45 - Avg Loss: 0.549706 | Train Acc: 89.16%
Val: loss=0.4402, acc=10282/10975 (93.69%)
Epoch 46 [0/84843] Loss: 0.742955
Epoch 46 [35000/84843] Loss: 0.391519
Epoch 46 [70000/84843] Loss: 0.309942
Epoch 46 - Avg Loss: 0.551788 | Train Acc: 89.07%
Val: loss=0.4196, acc=10393/10975 (94.70%)
Epoch 47 [0/84843] Loss: 0.725581
Epoch 47 [35000/84843] Loss: 0.587438
Epoch 47 [70000/84843] Loss: 0.469277
Epoch 47 - Avg Loss: 0.535088 | Train Acc: 89.76%
Val: loss=0.4185, acc=10397/10975 (94.73%)
Epoch 48 [0/84843] Loss: 0.390406
Epoch 48 [35000/84843] Loss: 0.581408
Epoch 48 [70000/84843] Loss: 0.555809
Epoch 48 - Avg Loss: 0.540084 | Train Acc: 89.51%
Val: loss=0.4219, acc=10376/10975 (94.54%)
Epoch 49 [0/84843] Loss: 0.375075
Epoch 49 [35000/84843] Loss: 0.623264
Epoch 49 [70000/84843] Loss: 0.803210
Epoch 49 - Avg Loss: 0.541226 | Train Acc: 89.38%
Val: loss=0.3971, acc=10470/10975 (95.40%)
saved best: 95.40%
Epoch 50 [0/84843] Loss: 0.507087
Epoch 50 [35000/84843] Loss: 0.632051
Epoch 50 [70000/84843] Loss: 0.382403
Epoch 50 - Avg Loss: 0.545458 | Train Acc: 89.34%
Val: loss=0.4181, acc=10392/10975 (94.69%)
Epoch 51 [0/84843] Loss: 0.521559
Epoch 51 [35000/84843] Loss: 0.372639
Epoch 51 [70000/84843] Loss: 0.426645
Epoch 51 - Avg Loss: 0.533582 | Train Acc: 89.71%
Val: loss=0.3989, acc=10480/10975 (95.49%)
saved best: 95.49%
Epoch 52 [0/84843] Loss: 0.373584
Epoch 52 [35000/84843] Loss: 0.437345
Epoch 52 [70000/84843] Loss: 0.396777
Epoch 52 - Avg Loss: 0.536349 | Train Acc: 89.62%
Val: loss=0.4033, acc=10450/10975 (95.22%)
Epoch 53 [0/84843] Loss: 0.448781
Epoch 53 [35000/84843] Loss: 0.393690
Epoch 53 [70000/84843] Loss: 0.479922
Epoch 53 - Avg Loss: 0.527232 | Train Acc: 90.04%
Val: loss=0.4064, acc=10443/10975 (95.15%)
Epoch 54 [0/84843] Loss: 0.532878
Epoch 54 [35000/84843] Loss: 0.464768
Epoch 54 [70000/84843] Loss: 0.832857
Epoch 54 - Avg Loss: 0.526217 | Train Acc: 89.96%
Val: loss=0.4001, acc=10481/10975 (95.50%)
saved best: 95.50%
Epoch 55 [0/84843] Loss: 0.697783
Epoch 55 [35000/84843] Loss: 0.420693
Epoch 55 [70000/84843] Loss: 0.358406
Epoch 55 - Avg Loss: 0.531143 | Train Acc: 89.73%
Val: loss=0.4122, acc=10399/10975 (94.75%)
Epoch 56 [0/84843] Loss: 0.357586
Epoch 56 [35000/84843] Loss: 0.327426
Epoch 56 [70000/84843] Loss: 0.388532
Epoch 56 - Avg Loss: 0.516924 | Train Acc: 90.37%
Val: loss=0.4037, acc=10427/10975 (95.01%)
Epoch 57 [0/84843] Loss: 0.596496
Epoch 57 [35000/84843] Loss: 0.420228
Epoch 57 [70000/84843] Loss: 0.687189
Epoch 57 - Avg Loss: 0.520753 | Train Acc: 90.27%
Val: loss=0.3965, acc=10477/10975 (95.46%)
Epoch 58 [0/84843] Loss: 0.754418
Epoch 58 [35000/84843] Loss: 0.414032
Epoch 58 [70000/84843] Loss: 0.569706
Epoch 58 - Avg Loss: 0.517682 | Train Acc: 90.38%
Val: loss=0.4026, acc=10450/10975 (95.22%)
Epoch 59 [0/84843] Loss: 0.422741
Epoch 59 [35000/84843] Loss: 0.688770
Epoch 59 [70000/84843] Loss: 0.547653
Epoch 59 - Avg Loss: 0.515117 | Train Acc: 90.45%
Val: loss=0.4050, acc=10432/10975 (95.05%)
Epoch 60 [0/84843] Loss: 0.397025
Epoch 60 [35000/84843] Loss: 0.811551
Epoch 60 [70000/84843] Loss: 0.352080
Epoch 60 - Avg Loss: 0.514448 | Train Acc: 90.45%
Val: loss=0.3993, acc=10471/10975 (95.41%)
Epoch 61 [0/84843] Loss: 0.477191
Epoch 61 [35000/84843] Loss: 0.364136
Epoch 61 [70000/84843] Loss: 0.576069
Epoch 61 - Avg Loss: 0.516192 | Train Acc: 90.31%
Val: loss=0.4036, acc=10447/10975 (95.19%)
Epoch 62 [0/84843] Loss: 0.429087
Epoch 62 [35000/84843] Loss: 0.534652
Epoch 62 [70000/84843] Loss: 0.635906
Epoch 62 - Avg Loss: 0.506837 | Train Acc: 90.70%
Val: loss=0.3975, acc=10483/10975 (95.52%)
saved best: 95.52%
Epoch 63 [0/84843] Loss: 0.744363
Epoch 63 [35000/84843] Loss: 0.762746
Epoch 63 [70000/84843] Loss: 0.376343
Epoch 63 - Avg Loss: 0.503471 | Train Acc: 90.89%
Val: loss=0.3938, acc=10496/10975 (95.64%)
saved best: 95.64%
Epoch 64 [0/84843] Loss: 0.573779
Epoch 64 [35000/84843] Loss: 0.580785
Epoch 64 [70000/84843] Loss: 0.614094
Epoch 64 - Avg Loss: 0.508373 | Train Acc: 90.64%
Val: loss=0.3973, acc=10465/10975 (95.35%)
Epoch 65 [0/84843] Loss: 0.469251
Epoch 65 [35000/84843] Loss: 0.769688
Epoch 65 [70000/84843] Loss: 0.326984
Epoch 65 - Avg Loss: 0.498039 | Train Acc: 91.11%
Val: loss=0.3923, acc=10496/10975 (95.64%)
Epoch 66 [0/84843] Loss: 0.501019
Epoch 66 [35000/84843] Loss: 0.380068
Epoch 66 [70000/84843] Loss: 0.421680
Epoch 66 - Avg Loss: 0.503885 | Train Acc: 90.86%
Val: loss=0.3975, acc=10486/10975 (95.54%)
Epoch 67 [0/84843] Loss: 0.348701
Epoch 67 [35000/84843] Loss: 0.965545
Epoch 67 [70000/84843] Loss: 0.878401
Epoch 67 - Avg Loss: 0.499332 | Train Acc: 91.08%
Val: loss=0.4053, acc=10455/10975 (95.26%)
Epoch 68 [0/84843] Loss: 0.766772
Epoch 68 [35000/84843] Loss: 0.370598
Epoch 68 [70000/84843] Loss: 0.412255
Epoch 68 - Avg Loss: 0.503046 | Train Acc: 90.90%
Val: loss=0.3874, acc=10531/10975 (95.95%)
saved best: 95.95%
Epoch 69 [0/84843] Loss: 0.386968
Epoch 69 [35000/84843] Loss: 0.514208
Epoch 69 [70000/84843] Loss: 0.668589
Epoch 69 - Avg Loss: 0.494899 | Train Acc: 91.13%
Val: loss=0.4048, acc=10457/10975 (95.28%)
Epoch 70 [0/84843] Loss: 0.744889
Epoch 70 [35000/84843] Loss: 0.403074
Epoch 70 [70000/84843] Loss: 0.592246
Epoch 70 - Avg Loss: 0.501478 | Train Acc: 90.91%
Val: loss=0.3960, acc=10471/10975 (95.41%)
Epoch 71 [0/84843] Loss: 0.955182
Epoch 71 [35000/84843] Loss: 0.443132
Epoch 71 [70000/84843] Loss: 0.383046
Epoch 71 - Avg Loss: 0.500596 | Train Acc: 90.95%
Val: loss=0.4036, acc=10442/10975 (95.14%)
Epoch 72 [0/84843] Loss: 0.333759
Epoch 72 [35000/84843] Loss: 0.801492
Epoch 72 [70000/84843] Loss: 0.626584
Epoch 72 - Avg Loss: 0.497815 | Train Acc: 91.10%
Val: loss=0.3911, acc=10496/10975 (95.64%)
Epoch 73 [0/84843] Loss: 0.377693
Epoch 73 [35000/84843] Loss: 0.429444
Epoch 73 [70000/84843] Loss: 0.559275
Epoch 73 - Avg Loss: 0.493052 | Train Acc: 91.29%
Val: loss=0.3917, acc=10498/10975 (95.65%)
Epoch 74 [0/84843] Loss: 0.471230
Epoch 74 [35000/84843] Loss: 0.556806
Epoch 74 [70000/84843] Loss: 0.458031
Epoch 74 - Avg Loss: 0.493617 | Train Acc: 91.14%
Val: loss=0.3853, acc=10544/10975 (96.07%)
saved best: 96.07%
Epoch 75 [0/84843] Loss: 0.445962
Epoch 75 [35000/84843] Loss: 0.304836
Epoch 75 [70000/84843] Loss: 0.644661
Epoch 75 - Avg Loss: 0.494703 | Train Acc: 91.18%
Val: loss=0.3818, acc=10547/10975 (96.10%)
saved best: 96.10%
Epoch 76 [0/84843] Loss: 0.515788
Epoch 76 [35000/84843] Loss: 0.349162
Epoch 76 [70000/84843] Loss: 0.424307
Epoch 76 - Avg Loss: 0.499089 | Train Acc: 90.96%
Val: loss=0.3867, acc=10513/10975 (95.79%)
Epoch 77 [0/84843] Loss: 0.298850
Epoch 77 [35000/84843] Loss: 0.543973
Epoch 77 [70000/84843] Loss: 0.772433
Epoch 77 - Avg Loss: 0.487813 | Train Acc: 91.44%
Val: loss=0.3983, acc=10474/10975 (95.44%)
Epoch 78 [0/84843] Loss: 0.417380
Epoch 78 [35000/84843] Loss: 0.409746
Epoch 78 [70000/84843] Loss: 0.445475
Epoch 78 - Avg Loss: 0.497914 | Train Acc: 91.06%
Val: loss=0.3972, acc=10476/10975 (95.45%)
Epoch 79 [0/84843] Loss: 0.478081
Epoch 79 [35000/84843] Loss: 0.486418
Epoch 79 [70000/84843] Loss: 0.375882
Epoch 79 - Avg Loss: 0.491992 | Train Acc: 91.25%
Val: loss=0.3917, acc=10501/10975 (95.68%)
Epoch 80 [0/84843] Loss: 0.473390
Epoch 80 [35000/84843] Loss: 0.330487
Epoch 80 [70000/84843] Loss: 0.490953
Epoch 80 - Avg Loss: 0.494000 | Train Acc: 91.16%
Val: loss=0.3965, acc=10472/10975 (95.42%)
Epoch 81 [0/84843] Loss: 0.338391
Epoch 81 [35000/84843] Loss: 0.447448
Epoch 81 [70000/84843] Loss: 0.354704
Epoch 81 - Avg Loss: 0.483171 | Train Acc: 91.65%
Val: loss=0.3940, acc=10497/10975 (95.64%)
Epoch 82 [0/84843] Loss: 0.616153
Epoch 82 [35000/84843] Loss: 0.925741
Epoch 82 [70000/84843] Loss: 0.712295
Epoch 82 - Avg Loss: 0.487545 | Train Acc: 91.41%
Val: loss=0.3896, acc=10505/10975 (95.72%)
Epoch 83 [0/84843] Loss: 0.509997
Epoch 83 [35000/84843] Loss: 0.458625
Epoch 83 [70000/84843] Loss: 0.356690
Epoch 83 - Avg Loss: 0.492652 | Train Acc: 91.19%
Val: loss=0.3970, acc=10472/10975 (95.42%)
Epoch 84 [0/84843] Loss: 0.669638
Epoch 84 [35000/84843] Loss: 0.348019
Epoch 84 [70000/84843] Loss: 0.458622
Epoch 84 - Avg Loss: 0.485432 | Train Acc: 91.53%
Val: loss=0.3862, acc=10515/10975 (95.81%)
Epoch 85 [0/84843] Loss: 0.532658
Epoch 85 [35000/84843] Loss: 0.331174
Epoch 85 [70000/84843] Loss: 0.421368
Epoch 85 - Avg Loss: 0.487590 | Train Acc: 91.45%
Val: loss=0.3919, acc=10504/10975 (95.71%)
Epoch 86 [0/84843] Loss: 0.611413
Epoch 86 [35000/84843] Loss: 0.406935
Epoch 86 [70000/84843] Loss: 0.392026
Epoch 86 - Avg Loss: 0.486344 | Train Acc: 91.56%
Val: loss=0.3856, acc=10520/10975 (95.85%)
Epoch 87 [0/84843] Loss: 0.573971
Epoch 87 [35000/84843] Loss: 0.500673
Epoch 87 [70000/84843] Loss: 0.502170
Epoch 87 - Avg Loss: 0.489580 | Train Acc: 91.37%
Val: loss=0.4015, acc=10453/10975 (95.24%)
Epoch 88 [0/84843] Loss: 0.416911
Epoch 88 [35000/84843] Loss: 0.367282
Epoch 88 [70000/84843] Loss: 0.426285
Epoch 88 - Avg Loss: 0.484001 | Train Acc: 91.51%
Val: loss=0.3892, acc=10507/10975 (95.74%)
Epoch 89 [0/84843] Loss: 0.401264
Epoch 89 [35000/84843] Loss: 0.337799
Epoch 89 [70000/84843] Loss: 0.854333
Epoch 89 - Avg Loss: 0.481174 | Train Acc: 91.70%
Val: loss=0.3884, acc=10500/10975 (95.67%)
Epoch 90 [0/84843] Loss: 0.596738
Epoch 90 [35000/84843] Loss: 0.509354
Epoch 90 [70000/84843] Loss: 0.578761
Epoch 90 - Avg Loss: 0.480124 | Train Acc: 91.68%
Val: loss=0.3884, acc=10521/10975 (95.86%)
Epoch 91 [0/84843] Loss: 0.341640
Epoch 91 [35000/84843] Loss: 0.707182
Epoch 91 [70000/84843] Loss: 0.393627
Epoch 91 - Avg Loss: 0.481836 | Train Acc: 91.67%
Val: loss=0.3980, acc=10473/10975 (95.43%)
Epoch 92 [0/84843] Loss: 0.318928
Epoch 92 [35000/84843] Loss: 0.343053
Epoch 92 [70000/84843] Loss: 0.640398
Epoch 92 - Avg Loss: 0.478368 | Train Acc: 91.86%
Val: loss=0.3916, acc=10489/10975 (95.57%)
Epoch 93 [0/84843] Loss: 0.408201
Epoch 93 [35000/84843] Loss: 0.508916
Epoch 93 [70000/84843] Loss: 0.775195
Epoch 93 - Avg Loss: 0.478733 | Train Acc: 91.84%
Val: loss=0.3902, acc=10499/10975 (95.66%)
Epoch 94 [0/84843] Loss: 0.642997
Epoch 94 [35000/84843] Loss: 0.343925
Epoch 94 [70000/84843] Loss: 0.315007
Epoch 94 - Avg Loss: 0.484395 | Train Acc: 91.57%
Val: loss=0.3894, acc=10496/10975 (95.64%)
Epoch 95 [0/84843] Loss: 0.312664
Epoch 95 [35000/84843] Loss: 0.535629
Epoch 95 [70000/84843] Loss: 0.549346
Epoch 95 - Avg Loss: 0.485887 | Train Acc: 91.39%
Val: loss=0.3827, acc=10526/10975 (95.91%)
Epoch 96 [0/84843] Loss: 0.467475
Epoch 96 [35000/84843] Loss: 0.436309
Epoch 96 [70000/84843] Loss: 0.361388
Epoch 96 - Avg Loss: 0.479330 | Train Acc: 91.73%
Val: loss=0.3896, acc=10501/10975 (95.68%)
Epoch 97 [0/84843] Loss: 0.634027
Epoch 97 [35000/84843] Loss: 0.539751
Epoch 97 [70000/84843] Loss: 0.955272
Epoch 97 - Avg Loss: 0.473178 | Train Acc: 91.96%
Val: loss=0.3883, acc=10514/10975 (95.80%)
Epoch 98 [0/84843] Loss: 0.912460
Epoch 98 [35000/84843] Loss: 0.645201
Epoch 98 [70000/84843] Loss: 0.489127
Epoch 98 - Avg Loss: 0.481381 | Train Acc: 91.65%
Val: loss=0.3876, acc=10515/10975 (95.81%)
Epoch 99 [0/84843] Loss: 0.613658
Epoch 99 [35000/84843] Loss: 0.319294
Epoch 99 [70000/84843] Loss: 0.300195
Epoch 99 - Avg Loss: 0.472528 | Train Acc: 92.05%
Val: loss=0.3871, acc=10525/10975 (95.90%)
Epoch 100 [0/84843] Loss: 0.362848
Epoch 100 [35000/84843] Loss: 0.616121
Epoch 100 [70000/84843] Loss: 0.550969
Epoch 100 - Avg Loss: 0.477940 | Train Acc: 91.79%
Val: loss=0.3895, acc=10508/10975 (95.74%)
Epoch 101 [0/84843] Loss: 0.345422
Epoch 101 [35000/84843] Loss: 0.440310
Epoch 101 [70000/84843] Loss: 0.438726
Epoch 101 - Avg Loss: 0.473738 | Train Acc: 92.03%
Val: loss=0.3921, acc=10489/10975 (95.57%)
Epoch 102 [0/84843] Loss: 0.410544
Epoch 102 [35000/84843] Loss: 0.364162
Epoch 102 [70000/84843] Loss: 0.756082
Epoch 102 - Avg Loss: 0.469412 | Train Acc: 92.23%
Val: loss=0.3831, acc=10545/10975 (96.08%)
Epoch 103 [0/84843] Loss: 0.481938
Epoch 103 [35000/84843] Loss: 0.418543
Epoch 103 [70000/84843] Loss: 0.352222
Epoch 103 - Avg Loss: 0.478438 | Train Acc: 91.73%
Val: loss=0.3980, acc=10479/10975 (95.48%)
Epoch 104 [0/84843] Loss: 0.559882
Epoch 104 [35000/84843] Loss: 0.743083
Epoch 104 [70000/84843] Loss: 0.670278
Epoch 104 - Avg Loss: 0.482883 | Train Acc: 91.54%
Val: loss=0.3853, acc=10512/10975 (95.78%)
Epoch 105 [0/84843] Loss: 0.320383
Epoch 105 [35000/84843] Loss: 0.403708
Epoch 105 [70000/84843] Loss: 0.401045
Epoch 105 - Avg Loss: 0.472323 | Train Acc: 92.02%
Val: loss=0.3875, acc=10520/10975 (95.85%)
Epoch 106 [0/84843] Loss: 0.417272
Epoch 106 [35000/84843] Loss: 0.588696
Epoch 106 [70000/84843] Loss: 0.356875
Epoch 106 - Avg Loss: 0.476969 | Train Acc: 91.72%
Val: loss=0.3878, acc=10519/10975 (95.85%)
Epoch 107 [0/84843] Loss: 0.393394
Epoch 107 [35000/84843] Loss: 0.315877
Epoch 107 [70000/84843] Loss: 0.677543
Epoch 107 - Avg Loss: 0.468578 | Train Acc: 92.12%
Val: loss=0.3886, acc=10498/10975 (95.65%)
Epoch 108 [0/84843] Loss: 0.598000
Epoch 108 [35000/84843] Loss: 0.336930
Epoch 108 [70000/84843] Loss: 0.667533
Epoch 108 - Avg Loss: 0.470646 | Train Acc: 92.16%
Val: loss=0.3871, acc=10511/10975 (95.77%)
Epoch 109 [0/84843] Loss: 0.499956
Epoch 109 [35000/84843] Loss: 0.528061
Epoch 109 [70000/84843] Loss: 0.442885
Epoch 109 - Avg Loss: 0.476557 | Train Acc: 91.83%
Val: loss=0.3895, acc=10494/10975 (95.62%)
Epoch 110 [0/84843] Loss: 0.636288
Epoch 110 [35000/84843] Loss: 0.351220
Epoch 110 [70000/84843] Loss: 0.556950
Epoch 110 - Avg Loss: 0.476113 | Train Acc: 91.91%
Val: loss=0.3839, acc=10506/10975 (95.73%)
Epoch 111 [0/84843] Loss: 0.324096
Epoch 111 [35000/84843] Loss: 0.400683
Epoch 111 [70000/84843] Loss: 0.330484
Epoch 111 - Avg Loss: 0.466334 | Train Acc: 92.24%
Val: loss=0.3874, acc=10514/10975 (95.80%)
Epoch 112 [0/84843] Loss: 0.634013
Epoch 112 [35000/84843] Loss: 0.444293
Epoch 112 [70000/84843] Loss: 0.587490
Epoch 112 - Avg Loss: 0.467533 | Train Acc: 92.13%
Val: loss=0.3869, acc=10523/10975 (95.88%)
Epoch 113 [0/84843] Loss: 0.661534
Epoch 113 [35000/84843] Loss: 0.531894
Epoch 113 [70000/84843] Loss: 0.429351
Epoch 113 - Avg Loss: 0.472061 | Train Acc: 92.00%
Val: loss=0.3851, acc=10536/10975 (96.00%)
Epoch 114 [0/84843] Loss: 0.511855
Epoch 114 [35000/84843] Loss: 0.397004
Epoch 114 [70000/84843] Loss: 0.360056
Epoch 114 - Avg Loss: 0.468279 | Train Acc: 92.21%
Val: loss=0.3811, acc=10533/10975 (95.97%)
Epoch 115 [0/84843] Loss: 0.293857
Epoch 115 [35000/84843] Loss: 0.317508
Epoch 115 [70000/84843] Loss: 0.388936
Epoch 115 - Avg Loss: 0.469203 | Train Acc: 92.05%
Val: loss=0.3911, acc=10490/10975 (95.58%)
Epoch 116 [0/84843] Loss: 0.692993
Epoch 116 [35000/84843] Loss: 0.422041
Epoch 116 [70000/84843] Loss: 0.393122
Epoch 116 - Avg Loss: 0.470774 | Train Acc: 92.08%
Val: loss=0.3883, acc=10509/10975 (95.75%)
Epoch 117 [0/84843] Loss: 0.396437
Epoch 117 [35000/84843] Loss: 0.668152
Epoch 117 [70000/84843] Loss: 0.332681
Epoch 117 - Avg Loss: 0.466584 | Train Acc: 92.22%
Val: loss=0.3844, acc=10527/10975 (95.92%)
Epoch 118 [0/84843] Loss: 0.510036
Epoch 118 [35000/84843] Loss: 0.390104
Epoch 118 [70000/84843] Loss: 0.403786
Epoch 118 - Avg Loss: 0.471026 | Train Acc: 92.10%
Val: loss=0.3944, acc=10461/10975 (95.32%)
Epoch 119 [0/84843] Loss: 0.499973
Epoch 119 [35000/84843] Loss: 0.365403
Epoch 119 [70000/84843] Loss: 0.331948
Epoch 119 - Avg Loss: 0.460533 | Train Acc: 92.46%
Val: loss=0.3894, acc=10501/10975 (95.68%)
Epoch 120 [0/84843] Loss: 0.471258
Epoch 120 [35000/84843] Loss: 0.698514
Epoch 120 [70000/84843] Loss: 0.426214
Epoch 120 - Avg Loss: 0.467736 | Train Acc: 92.20%
Val: loss=0.3895, acc=10506/10975 (95.73%)
Epoch 121 [0/84843] Loss: 0.324261
Epoch 121 [35000/84843] Loss: 0.393609
Epoch 121 [70000/84843] Loss: 0.352655
Epoch 121 - Avg Loss: 0.466214 | Train Acc: 92.25%
Val: loss=0.3778, acc=10546/10975 (96.09%)
Epoch 122 [0/84843] Loss: 0.398421
Epoch 122 [35000/84843] Loss: 0.387266
Epoch 122 [70000/84843] Loss: 0.380372
Epoch 122 - Avg Loss: 0.462692 | Train Acc: 92.35%
Val: loss=0.3775, acc=10556/10975 (96.18%)
saved best: 96.18%
Epoch 123 [0/84843] Loss: 0.489346
Epoch 123 [35000/84843] Loss: 0.572531
Epoch 123 [70000/84843] Loss: 0.727913
Epoch 123 - Avg Loss: 0.464580 | Train Acc: 92.26%
Val: loss=0.3816, acc=10538/10975 (96.02%)
Epoch 124 [0/84843] Loss: 0.421026
Epoch 124 [35000/84843] Loss: 0.465670
Epoch 124 [70000/84843] Loss: 0.439257
Epoch 124 - Avg Loss: 0.466295 | Train Acc: 92.27%
Val: loss=0.3960, acc=10474/10975 (95.44%)
Epoch 125 [0/84843] Loss: 0.296825
Epoch 125 [35000/84843] Loss: 0.612306
Epoch 125 [70000/84843] Loss: 0.298848
Epoch 125 - Avg Loss: 0.470089 | Train Acc: 92.04%
Val: loss=0.3961, acc=10475/10975 (95.44%)
Epoch 126 [0/84843] Loss: 0.565726
Epoch 126 [35000/84843] Loss: 0.423468
Epoch 126 [70000/84843] Loss: 0.490749
Epoch 126 - Avg Loss: 0.472992 | Train Acc: 91.90%
Val: loss=0.3891, acc=10488/10975 (95.56%)
Epoch 127 [0/84843] Loss: 0.330224
Epoch 127 [35000/84843] Loss: 0.448751
Epoch 127 [70000/84843] Loss: 0.338557
Epoch 127 - Avg Loss: 0.466413 | Train Acc: 92.15%
Val: loss=0.3856, acc=10512/10975 (95.78%)
Epoch 128 [0/84843] Loss: 0.348761
Epoch 128 [35000/84843] Loss: 0.315774
Epoch 128 [70000/84843] Loss: 0.370673
Epoch 128 - Avg Loss: 0.460486 | Train Acc: 92.48%
Val: loss=0.3926, acc=10488/10975 (95.56%)
Epoch 129 [0/84843] Loss: 0.467677
Epoch 129 [35000/84843] Loss: 0.513265
Epoch 129 [70000/84843] Loss: 0.580071
Epoch 129 - Avg Loss: 0.467487 | Train Acc: 92.22%
Val: loss=0.3895, acc=10498/10975 (95.65%)
Epoch 130 [0/84843] Loss: 0.403570
Epoch 130 [35000/84843] Loss: 0.302755
Epoch 130 [70000/84843] Loss: 0.322216
Epoch 130 - Avg Loss: 0.465150 | Train Acc: 92.23%
Val: loss=0.3832, acc=10532/10975 (95.96%)
Epoch 131 [0/84843] Loss: 0.547841
Epoch 131 [35000/84843] Loss: 0.618961
Epoch 131 [70000/84843] Loss: 0.466601
Epoch 131 - Avg Loss: 0.458677 | Train Acc: 92.57%
Val: loss=0.3791, acc=10551/10975 (96.14%)
Epoch 132 [0/84843] Loss: 0.436905
Epoch 132 [35000/84843] Loss: 0.593637
Epoch 132 [70000/84843] Loss: 0.332597
Epoch 132 - Avg Loss: 0.462647 | Train Acc: 92.35%
Val: loss=0.3791, acc=10531/10975 (95.95%)
Epoch 133 [0/84843] Loss: 0.625702
Epoch 133 [35000/84843] Loss: 0.601702
Epoch 133 [70000/84843] Loss: 0.352427
Epoch 133 - Avg Loss: 0.470743 | Train Acc: 92.10%
Val: loss=0.4109, acc=10416/10975 (94.91%)
Epoch 134 [0/84843] Loss: 0.405458
Epoch 134 [35000/84843] Loss: 0.355264
Epoch 134 [70000/84843] Loss: 0.331291
Epoch 134 - Avg Loss: 0.464069 | Train Acc: 92.30%
Val: loss=0.3887, acc=10501/10975 (95.68%)
Epoch 135 [0/84843] Loss: 0.482917
Epoch 135 [35000/84843] Loss: 0.296882
Epoch 135 [70000/84843] Loss: 0.489643
Epoch 135 - Avg Loss: 0.464618 | Train Acc: 92.33%
Val: loss=0.3868, acc=10510/10975 (95.76%)
Epoch 136 [0/84843] Loss: 0.514726
Epoch 136 [35000/84843] Loss: 0.469021
Epoch 136 [70000/84843] Loss: 0.491805
Epoch 136 - Avg Loss: 0.464741 | Train Acc: 92.26%
Val: loss=0.3860, acc=10542/10975 (96.05%)
Epoch 137 [0/84843] Loss: 0.442640
Epoch 137 [35000/84843] Loss: 0.344970
Epoch 137 [70000/84843] Loss: 0.329727
Epoch 137 - Avg Loss: 0.462921 | Train Acc: 92.39%
Val: loss=0.3904, acc=10479/10975 (95.48%)
Epoch 138 [0/84843] Loss: 0.603648
Epoch 138 [35000/84843] Loss: 0.377930
Epoch 138 [70000/84843] Loss: 0.530749
Epoch 138 - Avg Loss: 0.461715 | Train Acc: 92.34%
Val: loss=0.3869, acc=10491/10975 (95.59%)
Epoch 139 [0/84843] Loss: 0.392168
Epoch 139 [35000/84843] Loss: 0.360938
Epoch 139 [70000/84843] Loss: 0.359401
Epoch 139 - Avg Loss: 0.464009 | Train Acc: 92.31%
Val: loss=0.3892, acc=10513/10975 (95.79%)
Epoch 140 [0/84843] Loss: 0.402896
Epoch 140 [35000/84843] Loss: 0.347835
Epoch 140 [70000/84843] Loss: 0.399062
Epoch 140 - Avg Loss: 0.459115 | Train Acc: 92.51%
Val: loss=0.3824, acc=10534/10975 (95.98%)
Epoch 141 [0/84843] Loss: 0.407298
Epoch 141 [35000/84843] Loss: 0.302974
Epoch 141 [70000/84843] Loss: 0.462575
Epoch 141 - Avg Loss: 0.464219 | Train Acc: 92.22%
Val: loss=0.4000, acc=10458/10975 (95.29%)
Epoch 142 [0/84843] Loss: 0.320169
Epoch 142 [35000/84843] Loss: 0.606907
Epoch 142 [70000/84843] Loss: 0.547483
Epoch 142 - Avg Loss: 0.465861 | Train Acc: 92.25%
Val: loss=0.3816, acc=10502/10975 (95.69%)
Epoch 143 [0/84843] Loss: 0.281253
Epoch 143 [35000/84843] Loss: 0.407999
Epoch 143 [70000/84843] Loss: 0.441033
Epoch 143 - Avg Loss: 0.457557 | Train Acc: 92.52%
Val: loss=0.3810, acc=10527/10975 (95.92%)
Epoch 144 [0/84843] Loss: 0.455219
Epoch 144 [35000/84843] Loss: 0.315370
Epoch 144 [70000/84843] Loss: 0.430123
Epoch 144 - Avg Loss: 0.453513 | Train Acc: 92.72%
Val: loss=0.3827, acc=10524/10975 (95.89%)
Epoch 145 [0/84843] Loss: 0.300286
Epoch 145 [35000/84843] Loss: 0.356102
Epoch 145 [70000/84843] Loss: 0.338689
Epoch 145 - Avg Loss: 0.455107 | Train Acc: 92.70%
Val: loss=0.3775, acc=10535/10975 (95.99%)
Epoch 146 [0/84843] Loss: 0.311815
Epoch 146 [35000/84843] Loss: 0.491975
Epoch 146 [70000/84843] Loss: 0.331393
Epoch 146 - Avg Loss: 0.458253 | Train Acc: 92.55%
Val: loss=0.3834, acc=10528/10975 (95.93%)
Epoch 147 [0/84843] Loss: 0.416254
Epoch 147 [35000/84843] Loss: 0.360997
Epoch 147 [70000/84843] Loss: 0.452883
Epoch 147 - Avg Loss: 0.463778 | Train Acc: 92.35%
Val: loss=0.3750, acc=10570/10975 (96.31%)
saved best: 96.31%
Epoch 148 [0/84843] Loss: 0.327608
Epoch 148 [35000/84843] Loss: 0.445554
Epoch 148 [70000/84843] Loss: 0.477435
Epoch 148 - Avg Loss: 0.462168 | Train Acc: 92.37%
Val: loss=0.3879, acc=10505/10975 (95.72%)
Epoch 149 [0/84843] Loss: 0.536623
Epoch 149 [35000/84843] Loss: 0.562184
Epoch 149 [70000/84843] Loss: 0.328281
Epoch 149 - Avg Loss: 0.452365 | Train Acc: 92.72%
Val: loss=0.3808, acc=10534/10975 (95.98%)
Epoch 150 [0/84843] Loss: 0.324942
Epoch 150 [35000/84843] Loss: 0.383734
Epoch 150 [70000/84843] Loss: 0.730591
Epoch 150 - Avg Loss: 0.453705 | Train Acc: 92.73%
Val: loss=0.3934, acc=10495/10975 (95.63%)
Epoch 151 [0/84843] Loss: 0.369210
Epoch 151 [35000/84843] Loss: 0.448995
Epoch 151 [70000/84843] Loss: 0.369155
Epoch 151 - Avg Loss: 0.458061 | Train Acc: 92.63%
Val: loss=0.3839, acc=10518/10975 (95.84%)
Epoch 152 [0/84843] Loss: 0.508123
Epoch 152 [35000/84843] Loss: 0.357821
Epoch 152 [70000/84843] Loss: 0.370884
Epoch 152 - Avg Loss: 0.467990 | Train Acc: 92.12%
Val: loss=0.3797, acc=10551/10975 (96.14%)
Epoch 153 [0/84843] Loss: 0.410243
Epoch 153 [35000/84843] Loss: 0.397987
Epoch 153 [70000/84843] Loss: 0.395232
Epoch 153 - Avg Loss: 0.457318 | Train Acc: 92.61%
Val: loss=0.3874, acc=10510/10975 (95.76%)
Epoch 154 [0/84843] Loss: 0.289310
Epoch 154 [35000/84843] Loss: 0.490580
Epoch 154 [70000/84843] Loss: 0.362907
Epoch 154 - Avg Loss: 0.457421 | Train Acc: 92.62%
Val: loss=0.3833, acc=10505/10975 (95.72%)
Epoch 155 [0/84843] Loss: 0.390835
Epoch 155 [35000/84843] Loss: 0.343479
Epoch 155 [70000/84843] Loss: 0.300731
Epoch 155 - Avg Loss: 0.460488 | Train Acc: 92.37%
Val: loss=0.3796, acc=10534/10975 (95.98%)
Epoch 156 [0/84843] Loss: 0.488570
Epoch 156 [35000/84843] Loss: 0.373525
Epoch 156 [70000/84843] Loss: 0.598990
Epoch 156 - Avg Loss: 0.459745 | Train Acc: 92.49%
Val: loss=0.3786, acc=10539/10975 (96.03%)
Epoch 157 [0/84843] Loss: 0.671103
Epoch 157 [35000/84843] Loss: 0.750619
Epoch 157 [70000/84843] Loss: 0.480341
Epoch 157 - Avg Loss: 0.455446 | Train Acc: 92.55%
Val: loss=0.3832, acc=10532/10975 (95.96%)
Epoch 158 [0/84843] Loss: 0.509463
Epoch 158 [35000/84843] Loss: 0.637610
Epoch 158 [70000/84843] Loss: 0.293522
Epoch 158 - Avg Loss: 0.454663 | Train Acc: 92.68%
Val: loss=0.3811, acc=10524/10975 (95.89%)
Epoch 159 [0/84843] Loss: 0.284796
Epoch 159 [35000/84843] Loss: 0.287922
Epoch 159 [70000/84843] Loss: 0.445835
Epoch 159 - Avg Loss: 0.450802 | Train Acc: 92.88%
Val: loss=0.3805, acc=10525/10975 (95.90%)
Epoch 160 [0/84843] Loss: 0.410943
Epoch 160 [35000/84843] Loss: 0.377426
Epoch 160 [70000/84843] Loss: 0.568214
Epoch 160 - Avg Loss: 0.457511 | Train Acc: 92.62%
Val: loss=0.3774, acc=10540/10975 (96.04%)
Epoch 161 [0/84843] Loss: 0.459034
Epoch 161 [35000/84843] Loss: 0.290580
Epoch 161 [70000/84843] Loss: 0.438762
Epoch 161 - Avg Loss: 0.457257 | Train Acc: 92.53%
Val: loss=0.3730, acc=10567/10975 (96.28%)
Epoch 162 [0/84843] Loss: 0.600330
Epoch 162 [35000/84843] Loss: 0.395912
Epoch 162 [70000/84843] Loss: 0.659647
Epoch 162 - Avg Loss: 0.458167 | Train Acc: 92.44%
Val: loss=0.3839, acc=10515/10975 (95.81%)
Epoch 163 [0/84843] Loss: 0.320427
Epoch 163 [35000/84843] Loss: 0.288789
Epoch 163 [70000/84843] Loss: 0.411642
Epoch 163 - Avg Loss: 0.464952 | Train Acc: 92.28%
Val: loss=0.3772, acc=10566/10975 (96.27%)
Epoch 164 [0/84843] Loss: 0.356279
Epoch 164 [35000/84843] Loss: 0.340195
Epoch 164 [70000/84843] Loss: 0.445202
Epoch 164 - Avg Loss: 0.452674 | Train Acc: 92.67%
Val: loss=0.3728, acc=10562/10975 (96.24%)
Epoch 165 [0/84843] Loss: 0.301675
Epoch 165 [35000/84843] Loss: 0.717846
Epoch 165 [70000/84843] Loss: 0.689580
Epoch 165 - Avg Loss: 0.459048 | Train Acc: 92.45%
Val: loss=0.3756, acc=10555/10975 (96.17%)
Epoch 166 [0/84843] Loss: 0.302651
Epoch 166 [35000/84843] Loss: 0.453412
Epoch 166 [70000/84843] Loss: 0.458365
Epoch 166 - Avg Loss: 0.449571 | Train Acc: 92.88%
Val: loss=0.3770, acc=10545/10975 (96.08%)
Epoch 167 [0/84843] Loss: 0.355321
Epoch 167 [35000/84843] Loss: 0.348366
Epoch 167 [70000/84843] Loss: 0.427877
Epoch 167 - Avg Loss: 0.446607 | Train Acc: 93.00%
Val: loss=0.3850, acc=10519/10975 (95.85%)
Epoch 168 [0/84843] Loss: 0.456999
Epoch 168 [35000/84843] Loss: 0.352253
Epoch 168 [70000/84843] Loss: 0.590766
Epoch 168 - Avg Loss: 0.449921 | Train Acc: 92.93%
Val: loss=0.3873, acc=10499/10975 (95.66%)
Epoch 169 [0/84843] Loss: 0.851764
Epoch 169 [35000/84843] Loss: 0.380498
Epoch 169 [70000/84843] Loss: 0.493289
Epoch 169 - Avg Loss: 0.452287 | Train Acc: 92.75%
Val: loss=0.3793, acc=10536/10975 (96.00%)
Epoch 170 [0/84843] Loss: 0.333277
Epoch 170 [35000/84843] Loss: 0.422252
Epoch 170 [70000/84843] Loss: 0.588662
Epoch 170 - Avg Loss: 0.451719 | Train Acc: 92.70%
Val: loss=0.3785, acc=10562/10975 (96.24%)
Epoch 171 [0/84843] Loss: 0.401431
Epoch 171 [35000/84843] Loss: 0.728863
Epoch 171 [70000/84843] Loss: 0.442175
Epoch 171 - Avg Loss: 0.448420 | Train Acc: 92.87%
Val: loss=0.3796, acc=10549/10975 (96.12%)
Epoch 172 [0/84843] Loss: 0.419356
Epoch 172 [35000/84843] Loss: 0.470262
Epoch 172 [70000/84843] Loss: 0.326738
Epoch 172 - Avg Loss: 0.450941 | Train Acc: 92.77%
Val: loss=0.3752, acc=10562/10975 (96.24%)
Epoch 173 [0/84843] Loss: 0.434273
Epoch 173 [35000/84843] Loss: 0.524893
Epoch 173 [70000/84843] Loss: 0.411753
Epoch 173 - Avg Loss: 0.454425 | Train Acc: 92.64%
Val: loss=0.3792, acc=10548/10975 (96.11%)
Epoch 174 [0/84843] Loss: 0.316928
Epoch 174 [35000/84843] Loss: 0.627912
Epoch 174 [70000/84843] Loss: 0.280838
Epoch 174 - Avg Loss: 0.452031 | Train Acc: 92.83%
Val: loss=0.3793, acc=10545/10975 (96.08%)
Epoch 175 [0/84843] Loss: 0.399732
Epoch 175 [35000/84843] Loss: 0.682293
Epoch 175 [70000/84843] Loss: 0.292609
Epoch 175 - Avg Loss: 0.459165 | Train Acc: 92.47%
Val: loss=0.3786, acc=10559/10975 (96.21%)
Epoch 176 [0/84843] Loss: 0.283558
Epoch 176 [35000/84843] Loss: 0.463822
Epoch 176 [70000/84843] Loss: 0.355514
Epoch 176 - Avg Loss: 0.464155 | Train Acc: 92.15%
Val: loss=0.3772, acc=10552/10975 (96.15%)
Epoch 177 [0/84843] Loss: 0.555962
Epoch 177 [35000/84843] Loss: 0.355224
Epoch 177 [70000/84843] Loss: 0.430965
Epoch 177 - Avg Loss: 0.453705 | Train Acc: 92.65%
Val: loss=0.3825, acc=10525/10975 (95.90%)
Epoch 178 [0/84843] Loss: 0.315867
Epoch 178 [35000/84843] Loss: 0.285923
Epoch 178 [70000/84843] Loss: 0.322762
Epoch 178 - Avg Loss: 0.451413 | Train Acc: 92.81%
Val: loss=0.3862, acc=10525/10975 (95.90%)
Epoch 179 [0/84843] Loss: 0.348677
Epoch 179 [35000/84843] Loss: 0.383129
Epoch 179 [70000/84843] Loss: 0.389093
Epoch 179 - Avg Loss: 0.448935 | Train Acc: 92.91%
Val: loss=0.3817, acc=10547/10975 (96.10%)
Epoch 180 [0/84843] Loss: 0.301653
Epoch 180 [35000/84843] Loss: 0.503464
Epoch 180 [70000/84843] Loss: 0.364278
Epoch 180 - Avg Loss: 0.453334 | Train Acc: 92.70%
Val: loss=0.3739, acc=10555/10975 (96.17%)
Epoch 181 [0/84843] Loss: 0.412147
Epoch 181 [35000/84843] Loss: 0.734410
Epoch 181 [70000/84843] Loss: 0.545093
Epoch 181 - Avg Loss: 0.455663 | Train Acc: 92.53%
Val: loss=0.3760, acc=10564/10975 (96.26%)
Epoch 182 [0/84843] Loss: 0.363360
Epoch 182 [35000/84843] Loss: 0.312957
Epoch 182 [70000/84843] Loss: 0.680903
Epoch 182 - Avg Loss: 0.453490 | Train Acc: 92.68%
Val: loss=0.3875, acc=10505/10975 (95.72%)
Epoch 183 [0/84843] Loss: 0.449748
Epoch 183 [35000/84843] Loss: 0.439173
Epoch 183 [70000/84843] Loss: 0.653861
Epoch 183 - Avg Loss: 0.451990 | Train Acc: 92.78%
Val: loss=0.3801, acc=10540/10975 (96.04%)
Epoch 184 [0/84843] Loss: 0.497919
Epoch 184 [35000/84843] Loss: 0.351559
Epoch 184 [70000/84843] Loss: 0.307396
Epoch 184 - Avg Loss: 0.455537 | Train Acc: 92.59%
Val: loss=0.3743, acc=10561/10975 (96.23%)
Epoch 185 [0/84843] Loss: 0.344724
Epoch 185 [35000/84843] Loss: 0.562010
Epoch 185 [70000/84843] Loss: 0.477492
Epoch 185 - Avg Loss: 0.448095 | Train Acc: 92.94%
Val: loss=0.3756, acc=10552/10975 (96.15%)
Epoch 186 [0/84843] Loss: 0.276575
Epoch 186 [35000/84843] Loss: 0.454200
Epoch 186 [70000/84843] Loss: 0.492895
Epoch 186 - Avg Loss: 0.444789 | Train Acc: 93.03%
Val: loss=0.3702, acc=10578/10975 (96.38%)
saved best: 96.38%
Epoch 187 [0/84843] Loss: 0.293751
Epoch 187 [35000/84843] Loss: 0.572754
Epoch 187 [70000/84843] Loss: 0.571226
Epoch 187 - Avg Loss: 0.451785 | Train Acc: 92.75%
Val: loss=0.3779, acc=10550/10975 (96.13%)
Epoch 188 [0/84843] Loss: 0.332300
Epoch 188 [35000/84843] Loss: 0.612286
Epoch 188 [70000/84843] Loss: 0.396539
Epoch 188 - Avg Loss: 0.446557 | Train Acc: 92.94%
Val: loss=0.3818, acc=10532/10975 (95.96%)
Epoch 189 [0/84843] Loss: 0.661350
Epoch 189 [35000/84843] Loss: 0.410902
Epoch 189 [70000/84843] Loss: 0.418178
Epoch 189 - Avg Loss: 0.456814 | Train Acc: 92.58%
Val: loss=0.3880, acc=10514/10975 (95.80%)
Epoch 190 [0/84843] Loss: 0.490095
Epoch 190 [35000/84843] Loss: 0.658459
Epoch 190 [70000/84843] Loss: 0.369326
Epoch 190 - Avg Loss: 0.445287 | Train Acc: 93.05%
Val: loss=0.3791, acc=10547/10975 (96.10%)
Epoch 191 [0/84843] Loss: 0.422378
Epoch 191 [35000/84843] Loss: 0.319507
Epoch 191 [70000/84843] Loss: 0.466493
Epoch 191 - Avg Loss: 0.448388 | Train Acc: 92.87%
Val: loss=0.3820, acc=10534/10975 (95.98%)
Epoch 192 [0/84843] Loss: 0.510231
Epoch 192 [35000/84843] Loss: 0.724035
Epoch 192 [70000/84843] Loss: 0.420460
Epoch 192 - Avg Loss: 0.443536 | Train Acc: 93.09%
Val: loss=0.3822, acc=10515/10975 (95.81%)
Epoch 193 [0/84843] Loss: 0.468790
Epoch 193 [35000/84843] Loss: 0.695564
Epoch 193 [70000/84843] Loss: 0.306978
Epoch 193 - Avg Loss: 0.450915 | Train Acc: 92.74%
Val: loss=0.3840, acc=10531/10975 (95.95%)
Epoch 194 [0/84843] Loss: 0.429847
Epoch 194 [35000/84843] Loss: 0.454295
Epoch 194 [70000/84843] Loss: 0.394390
Epoch 194 - Avg Loss: 0.453499 | Train Acc: 92.68%
Val: loss=0.3748, acc=10562/10975 (96.24%)
Epoch 195 [0/84843] Loss: 0.315009
Epoch 195 [35000/84843] Loss: 0.333974
Epoch 195 [70000/84843] Loss: 0.594057
Epoch 195 - Avg Loss: 0.453839 | Train Acc: 92.67%
Val: loss=0.3693, acc=10588/10975 (96.47%)
saved best: 96.47%
Epoch 196 [0/84843] Loss: 0.357532
Epoch 196 [35000/84843] Loss: 0.497680
Epoch 196 [70000/84843] Loss: 0.649580
Epoch 196 - Avg Loss: 0.443486 | Train Acc: 93.06%
Val: loss=0.3779, acc=10561/10975 (96.23%)
Epoch 197 [0/84843] Loss: 0.621875
Epoch 197 [35000/84843] Loss: 0.340240
Epoch 197 [70000/84843] Loss: 0.354555
Epoch 197 - Avg Loss: 0.446890 | Train Acc: 92.97%
Val: loss=0.3730, acc=10576/10975 (96.36%)
Epoch 198 [0/84843] Loss: 0.282217
Epoch 198 [35000/84843] Loss: 0.299859
Epoch 198 [70000/84843] Loss: 0.384695
Epoch 198 - Avg Loss: 0.445466 | Train Acc: 93.00%
Val: loss=0.3735, acc=10570/10975 (96.31%)
Epoch 199 [0/84843] Loss: 0.390887
Epoch 199 [35000/84843] Loss: 0.282661
Epoch 199 [70000/84843] Loss: 0.583956
Epoch 199 - Avg Loss: 0.450995 | Train Acc: 92.86%
Val: loss=0.3733, acc=10565/10975 (96.26%)
Epoch 200 [0/84843] Loss: 0.342175
Epoch 200 [35000/84843] Loss: 0.369924
Epoch 200 [70000/84843] Loss: 0.290972
Epoch 200 - Avg Loss: 0.449496 | Train Acc: 92.85%
Val: loss=0.3737, acc=10576/10975 (96.36%)
Epoch 201 [0/84843] Loss: 0.512722
Epoch 201 [35000/84843] Loss: 0.807330
Epoch 201 [70000/84843] Loss: 0.616416
Epoch 201 - Avg Loss: 0.445553 | Train Acc: 92.99%
Val: loss=0.3800, acc=10533/10975 (95.97%)
Epoch 202 [0/84843] Loss: 0.508957
Epoch 202 [35000/84843] Loss: 0.349506
Epoch 202 [70000/84843] Loss: 0.360919
Epoch 202 - Avg Loss: 0.447547 | Train Acc: 92.91%
Val: loss=0.3774, acc=10548/10975 (96.11%)
Epoch 203 [0/84843] Loss: 0.922528
Epoch 203 [35000/84843] Loss: 0.340444
Epoch 203 [70000/84843] Loss: 0.320084
Epoch 203 - Avg Loss: 0.448299 | Train Acc: 92.86%
Val: loss=0.3756, acc=10543/10975 (96.06%)
Epoch 204 [0/84843] Loss: 0.382998
Epoch 204 [35000/84843] Loss: 0.330482
Epoch 204 [70000/84843] Loss: 0.426146
Epoch 204 - Avg Loss: 0.450285 | Train Acc: 92.78%
Val: loss=0.3766, acc=10557/10975 (96.19%)
Epoch 205 [0/84843] Loss: 0.444240
Epoch 205 [35000/84843] Loss: 0.508283
Epoch 205 [70000/84843] Loss: 0.296811
Epoch 205 - Avg Loss: 0.454265 | Train Acc: 92.67%
Val: loss=0.3722, acc=10564/10975 (96.26%)
Epoch 206 [0/84843] Loss: 0.381921
Epoch 206 [35000/84843] Loss: 0.363560
Epoch 206 [70000/84843] Loss: 0.442446
Epoch 206 - Avg Loss: 0.442443 | Train Acc: 93.13%
Val: loss=0.3749, acc=10556/10975 (96.18%)
Epoch 207 [0/84843] Loss: 0.507100
Epoch 207 [35000/84843] Loss: 0.651709
Epoch 207 [70000/84843] Loss: 0.343337
Epoch 207 - Avg Loss: 0.452917 | Train Acc: 92.64%
Val: loss=0.3766, acc=10567/10975 (96.28%)
Epoch 208 [0/84843] Loss: 0.516798
Epoch 208 [35000/84843] Loss: 0.335844
Epoch 208 [70000/84843] Loss: 0.563764
Epoch 208 - Avg Loss: 0.443444 | Train Acc: 93.06%
Val: loss=0.3765, acc=10569/10975 (96.30%)
Epoch 209 [0/84843] Loss: 0.338224
Epoch 209 [35000/84843] Loss: 0.303850
Epoch 209 [70000/84843] Loss: 0.410618
Epoch 209 - Avg Loss: 0.440553 | Train Acc: 93.15%
Val: loss=0.3731, acc=10572/10975 (96.33%)
Epoch 210 [0/84843] Loss: 0.288882
Epoch 210 [35000/84843] Loss: 0.290549
Epoch 210 [70000/84843] Loss: 0.354335
Epoch 210 - Avg Loss: 0.437947 | Train Acc: 93.34%
Val: loss=0.3782, acc=10546/10975 (96.09%)
Epoch 211 [0/84843] Loss: 0.292039
Epoch 211 [35000/84843] Loss: 0.470727
Epoch 211 [70000/84843] Loss: 0.396042
Epoch 211 - Avg Loss: 0.445577 | Train Acc: 92.98%
Val: loss=0.3752, acc=10573/10975 (96.34%)
Epoch 212 [0/84843] Loss: 0.297884
Epoch 212 [35000/84843] Loss: 0.306469
Epoch 212 [70000/84843] Loss: 0.667407
Epoch 212 - Avg Loss: 0.450167 | Train Acc: 92.78%
Val: loss=0.3721, acc=10555/10975 (96.17%)
Epoch 213 [0/84843] Loss: 0.315823
Epoch 213 [35000/84843] Loss: 0.344197
Epoch 213 [70000/84843] Loss: 0.454095
Epoch 213 - Avg Loss: 0.441477 | Train Acc: 93.14%
Val: loss=0.3858, acc=10509/10975 (95.75%)
Epoch 214 [0/84843] Loss: 0.299332
Epoch 214 [35000/84843] Loss: 0.303343
Epoch 214 [70000/84843] Loss: 0.414316
Epoch 214 - Avg Loss: 0.446364 | Train Acc: 93.03%
Val: loss=0.3722, acc=10567/10975 (96.28%)
Epoch 215 [0/84843] Loss: 0.421193
Epoch 215 [35000/84843] Loss: 0.459964
Epoch 215 [70000/84843] Loss: 0.324295
Epoch 215 - Avg Loss: 0.435870 | Train Acc: 93.40%
Val: loss=0.3671, acc=10595/10975 (96.54%)
saved best: 96.54%
Epoch 216 [0/84843] Loss: 0.433348
Epoch 216 [35000/84843] Loss: 0.426896
Epoch 216 [70000/84843] Loss: 0.290272
Epoch 216 - Avg Loss: 0.442394 | Train Acc: 93.10%
Val: loss=0.3758, acc=10544/10975 (96.07%)
Epoch 217 [0/84843] Loss: 0.404287
Epoch 217 [35000/84843] Loss: 0.510177
Epoch 217 [70000/84843] Loss: 0.592480
Epoch 217 - Avg Loss: 0.437765 | Train Acc: 93.33%
Val: loss=0.3753, acc=10567/10975 (96.28%)
Epoch 218 [0/84843] Loss: 0.350343
Epoch 218 [35000/84843] Loss: 0.666341
Epoch 218 [70000/84843] Loss: 0.333326
Epoch 218 - Avg Loss: 0.440449 | Train Acc: 93.22%
Val: loss=0.3694, acc=10583/10975 (96.43%)
Epoch 219 [0/84843] Loss: 0.819887
Epoch 219 [35000/84843] Loss: 0.290349
Epoch 219 [70000/84843] Loss: 0.312861
Epoch 219 - Avg Loss: 0.445557 | Train Acc: 93.02%
Val: loss=0.3750, acc=10542/10975 (96.05%)
Epoch 220 [0/84843] Loss: 0.438560
Epoch 220 [35000/84843] Loss: 0.672554
Epoch 220 [70000/84843] Loss: 0.428103
Epoch 220 - Avg Loss: 0.445586 | Train Acc: 93.01%
Val: loss=0.3714, acc=10562/10975 (96.24%)
Epoch 221 [0/84843] Loss: 0.498509
Epoch 221 [35000/84843] Loss: 0.339211
Epoch 221 [70000/84843] Loss: 0.320435
Epoch 221 - Avg Loss: 0.433210 | Train Acc: 93.46%
Val: loss=0.3811, acc=10516/10975 (95.82%)
Epoch 222 [0/84843] Loss: 0.453923
Epoch 222 [35000/84843] Loss: 0.592735
Epoch 222 [70000/84843] Loss: 0.538133
Epoch 222 - Avg Loss: 0.440479 | Train Acc: 93.17%
Val: loss=0.3791, acc=10554/10975 (96.16%)
Epoch 223 [0/84843] Loss: 0.500417
Epoch 223 [35000/84843] Loss: 0.311852
Epoch 223 [70000/84843] Loss: 0.537345
Epoch 223 - Avg Loss: 0.444468 | Train Acc: 93.00%
Val: loss=0.3757, acc=10562/10975 (96.24%)
Epoch 224 [0/84843] Loss: 0.309922
Epoch 224 [35000/84843] Loss: 0.726267
Epoch 224 [70000/84843] Loss: 0.419088
Epoch 224 - Avg Loss: 0.450689 | Train Acc: 92.69%
Val: loss=0.3706, acc=10580/10975 (96.40%)
Epoch 225 [0/84843] Loss: 0.284881
Epoch 225 [35000/84843] Loss: 0.312884
Epoch 225 [70000/84843] Loss: 0.279298
Epoch 225 - Avg Loss: 0.445081 | Train Acc: 93.02%
Val: loss=0.3668, acc=10600/10975 (96.58%)
saved best: 96.58%
Epoch 226 [0/84843] Loss: 0.575072
Epoch 226 [35000/84843] Loss: 0.389539
Epoch 226 [70000/84843] Loss: 0.414066
Epoch 226 - Avg Loss: 0.442671 | Train Acc: 93.15%
Val: loss=0.3702, acc=10567/10975 (96.28%)
Epoch 227 [0/84843] Loss: 0.290156
Epoch 227 [35000/84843] Loss: 0.349515
Epoch 227 [70000/84843] Loss: 0.729634
Epoch 227 - Avg Loss: 0.437309 | Train Acc: 93.28%
Val: loss=0.3722, acc=10563/10975 (96.25%)
Epoch 228 [0/84843] Loss: 0.385310
Epoch 228 [35000/84843] Loss: 0.328601
Epoch 228 [70000/84843] Loss: 0.325876
Epoch 228 - Avg Loss: 0.444490 | Train Acc: 93.12%
Val: loss=0.3683, acc=10579/10975 (96.39%)
Epoch 229 [0/84843] Loss: 0.411268
Epoch 229 [35000/84843] Loss: 0.565151
Epoch 229 [70000/84843] Loss: 0.399273
Epoch 229 - Avg Loss: 0.441000 | Train Acc: 93.22%
Val: loss=0.3820, acc=10528/10975 (95.93%)
Epoch 230 [0/84843] Loss: 0.441124
Epoch 230 [35000/84843] Loss: 0.516396
Epoch 230 [70000/84843] Loss: 0.290700
Epoch 230 - Avg Loss: 0.430743 | Train Acc: 93.62%
Val: loss=0.3732, acc=10577/10975 (96.37%)
Epoch 231 [0/84843] Loss: 0.382396
Epoch 231 [35000/84843] Loss: 0.338410
Epoch 231 [70000/84843] Loss: 0.805018
Epoch 231 - Avg Loss: 0.438205 | Train Acc: 93.37%
Val: loss=0.3739, acc=10572/10975 (96.33%)
Epoch 232 [0/84843] Loss: 0.340568
Epoch 232 [35000/84843] Loss: 0.460226
Epoch 232 [70000/84843] Loss: 0.307477
Epoch 232 - Avg Loss: 0.441689 | Train Acc: 93.14%
Val: loss=0.3690, acc=10583/10975 (96.43%)
Epoch 233 [0/84843] Loss: 0.308444
Epoch 233 [35000/84843] Loss: 0.618755
Epoch 233 [70000/84843] Loss: 0.309838
Epoch 233 - Avg Loss: 0.443522 | Train Acc: 93.09%
Val: loss=0.3702, acc=10574/10975 (96.35%)
Epoch 234 [0/84843] Loss: 0.682469
Epoch 234 [35000/84843] Loss: 0.600960
Epoch 234 [70000/84843] Loss: 0.396596
Epoch 234 - Avg Loss: 0.443742 | Train Acc: 93.09%
Val: loss=0.3719, acc=10562/10975 (96.24%)
Epoch 235 [0/84843] Loss: 0.308065
Epoch 235 [35000/84843] Loss: 0.337331
Epoch 235 [70000/84843] Loss: 0.774819
Epoch 235 - Avg Loss: 0.433916 | Train Acc: 93.45%
Val: loss=0.3622, acc=10624/10975 (96.80%)
saved best: 96.80%
Epoch 236 [0/84843] Loss: 0.333534
Epoch 236 [35000/84843] Loss: 0.358793
Epoch 236 [70000/84843] Loss: 0.312339
Epoch 236 - Avg Loss: 0.437809 | Train Acc: 93.27%
Val: loss=0.3651, acc=10591/10975 (96.50%)
Epoch 237 [0/84843] Loss: 0.342226
Epoch 237 [35000/84843] Loss: 0.375873
Epoch 237 [70000/84843] Loss: 0.517292
Epoch 237 - Avg Loss: 0.436530 | Train Acc: 93.37%
Val: loss=0.3689, acc=10585/10975 (96.45%)
Epoch 238 [0/84843] Loss: 0.575792
Epoch 238 [35000/84843] Loss: 0.525619
Epoch 238 [70000/84843] Loss: 0.336478
Epoch 238 - Avg Loss: 0.440017 | Train Acc: 93.15%
Val: loss=0.3721, acc=10576/10975 (96.36%)
Epoch 239 [0/84843] Loss: 0.335920
Epoch 239 [35000/84843] Loss: 0.608245
Epoch 239 [70000/84843] Loss: 0.469472
Epoch 239 - Avg Loss: 0.441284 | Train Acc: 93.18%
Val: loss=0.3708, acc=10582/10975 (96.42%)
Epoch 240 [0/84843] Loss: 0.315028
Epoch 240 [35000/84843] Loss: 0.319813
Epoch 240 [70000/84843] Loss: 0.483800
Epoch 240 - Avg Loss: 0.440022 | Train Acc: 93.23%
Val: loss=0.3755, acc=10563/10975 (96.25%)
Epoch 241 [0/84843] Loss: 0.517327
Epoch 241 [35000/84843] Loss: 0.283663
Epoch 241 [70000/84843] Loss: 0.681518
Epoch 241 - Avg Loss: 0.438942 | Train Acc: 93.22%
Val: loss=0.3723, acc=10579/10975 (96.39%)
Epoch 242 [0/84843] Loss: 0.370015
Epoch 242 [35000/84843] Loss: 0.409847
Epoch 242 [70000/84843] Loss: 0.391659
Epoch 242 - Avg Loss: 0.438847 | Train Acc: 93.20%
Val: loss=0.3727, acc=10575/10975 (96.36%)
Epoch 243 [0/84843] Loss: 0.350029
Epoch 243 [35000/84843] Loss: 0.917949
Epoch 243 [70000/84843] Loss: 0.411219
Epoch 243 - Avg Loss: 0.435600 | Train Acc: 93.41%
Val: loss=0.3722, acc=10573/10975 (96.34%)
Epoch 244 [0/84843] Loss: 0.326437
Epoch 244 [35000/84843] Loss: 0.591167
Epoch 244 [70000/84843] Loss: 0.282763
Epoch 244 - Avg Loss: 0.433849 | Train Acc: 93.43%
Val: loss=0.3709, acc=10573/10975 (96.34%)
Epoch 245 [0/84843] Loss: 0.328522
Epoch 245 [35000/84843] Loss: 0.297124
Epoch 245 [70000/84843] Loss: 0.326322
Epoch 245 - Avg Loss: 0.430112 | Train Acc: 93.60%
Val: loss=0.3729, acc=10589/10975 (96.48%)
Epoch 246 [0/84843] Loss: 0.320975
Epoch 246 [35000/84843] Loss: 0.401272
Epoch 246 [70000/84843] Loss: 0.414308
Epoch 246 - Avg Loss: 0.436815 | Train Acc: 93.38%
Val: loss=0.3687, acc=10578/10975 (96.38%)
Epoch 247 [0/84843] Loss: 0.305869
Epoch 247 [35000/84843] Loss: 0.684959
Epoch 247 [70000/84843] Loss: 0.495079
Epoch 247 - Avg Loss: 0.432737 | Train Acc: 93.53%
Val: loss=0.3738, acc=10564/10975 (96.26%)
Epoch 248 [0/84843] Loss: 0.381888
Epoch 248 [35000/84843] Loss: 0.717812
Epoch 248 [70000/84843] Loss: 0.440457
Epoch 248 - Avg Loss: 0.439750 | Train Acc: 93.24%
Val: loss=0.3718, acc=10572/10975 (96.33%)
Epoch 249 [0/84843] Loss: 0.314088
Epoch 249 [35000/84843] Loss: 0.373326
Epoch 249 [70000/84843] Loss: 0.307273
Epoch 249 - Avg Loss: 0.436166 | Train Acc: 93.37%
Val: loss=0.3680, acc=10589/10975 (96.48%)
Epoch 250 [0/84843] Loss: 0.287727
Epoch 250 [35000/84843] Loss: 0.282905
Epoch 250 [70000/84843] Loss: 0.326786
Epoch 250 - Avg Loss: 0.434051 | Train Acc: 93.46%
Val: loss=0.3705, acc=10592/10975 (96.51%)
Epoch 251 [0/84843] Loss: 0.360674
Epoch 251 [35000/84843] Loss: 0.320643
Epoch 251 [70000/84843] Loss: 0.595646
Epoch 251 - Avg Loss: 0.433078 | Train Acc: 93.50%
Val: loss=0.3715, acc=10579/10975 (96.39%)
Epoch 252 [0/84843] Loss: 0.763085
Epoch 252 [35000/84843] Loss: 0.317008
Epoch 252 [70000/84843] Loss: 0.601052
Epoch 252 - Avg Loss: 0.433595 | Train Acc: 93.46%
Val: loss=0.3722, acc=10571/10975 (96.32%)
Epoch 253 [0/84843] Loss: 0.290801
Epoch 253 [35000/84843] Loss: 0.305675
Epoch 253 [70000/84843] Loss: 0.333925
Epoch 253 - Avg Loss: 0.435954 | Train Acc: 93.40%
Val: loss=0.3645, acc=10609/10975 (96.67%)
Epoch 254 [0/84843] Loss: 0.358974
Epoch 254 [35000/84843] Loss: 0.342782
Epoch 254 [70000/84843] Loss: 0.309339
Epoch 254 - Avg Loss: 0.426797 | Train Acc: 93.76%
Val: loss=0.3682, acc=10591/10975 (96.50%)
Epoch 255 [0/84843] Loss: 0.278347
Epoch 255 [35000/84843] Loss: 0.413591
Epoch 255 [70000/84843] Loss: 0.333752
Epoch 255 - Avg Loss: 0.436821 | Train Acc: 93.32%
Val: loss=0.3684, acc=10592/10975 (96.51%)
Epoch 256 [0/84843] Loss: 0.587670
Epoch 256 [35000/84843] Loss: 0.790310
Epoch 256 [70000/84843] Loss: 0.411533
Epoch 256 - Avg Loss: 0.433173 | Train Acc: 93.42%
Val: loss=0.3714, acc=10585/10975 (96.45%)
Epoch 257 [0/84843] Loss: 0.346835
Epoch 257 [35000/84843] Loss: 0.336002
Epoch 257 [70000/84843] Loss: 0.311256
Epoch 257 - Avg Loss: 0.431304 | Train Acc: 93.55%
Val: loss=0.3689, acc=10590/10975 (96.49%)
Epoch 258 [0/84843] Loss: 0.528894
Epoch 258 [35000/84843] Loss: 0.289726
Epoch 258 [70000/84843] Loss: 0.664076
Epoch 258 - Avg Loss: 0.428410 | Train Acc: 93.68%
Val: loss=0.3766, acc=10559/10975 (96.21%)
Epoch 259 [0/84843] Loss: 0.329617
Epoch 259 [35000/84843] Loss: 0.703816
Epoch 259 [70000/84843] Loss: 0.287905
Epoch 259 - Avg Loss: 0.435440 | Train Acc: 93.40%
Val: loss=0.3722, acc=10581/10975 (96.41%)
Epoch 260 [0/84843] Loss: 0.701927
Epoch 260 [35000/84843] Loss: 0.472282
Epoch 260 [70000/84843] Loss: 0.351426
Epoch 260 - Avg Loss: 0.431916 | Train Acc: 93.53%
Val: loss=0.3701, acc=10575/10975 (96.36%)
Epoch 261 [0/84843] Loss: 0.374843
Epoch 261 [35000/84843] Loss: 0.615132
Epoch 261 [70000/84843] Loss: 0.332250
Epoch 261 - Avg Loss: 0.426458 | Train Acc: 93.79%
Val: loss=0.3686, acc=10587/10975 (96.46%)
Epoch 262 [0/84843] Loss: 0.631993
Epoch 262 [35000/84843] Loss: 0.322802
Epoch 262 [70000/84843] Loss: 0.580189
Epoch 262 - Avg Loss: 0.429825 | Train Acc: 93.60%
Val: loss=0.3718, acc=10566/10975 (96.27%)
Epoch 263 [0/84843] Loss: 0.347158
Epoch 263 [35000/84843] Loss: 0.358745
Epoch 263 [70000/84843] Loss: 0.495428
Epoch 263 - Avg Loss: 0.430798 | Train Acc: 93.55%
Val: loss=0.3696, acc=10584/10975 (96.44%)
Epoch 264 [0/84843] Loss: 0.551341
Epoch 264 [35000/84843] Loss: 0.374988
Epoch 264 [70000/84843] Loss: 0.285179
Epoch 264 - Avg Loss: 0.428195 | Train Acc: 93.63%
Val: loss=0.3681, acc=10595/10975 (96.54%)
Epoch 265 [0/84843] Loss: 0.475761
Epoch 265 [35000/84843] Loss: 0.343827
Epoch 265 [70000/84843] Loss: 0.335034
Epoch 265 - Avg Loss: 0.430662 | Train Acc: 93.56%
Val: loss=0.3671, acc=10579/10975 (96.39%)
Epoch 266 [0/84843] Loss: 0.316639
Epoch 266 [35000/84843] Loss: 0.319815
Epoch 266 [70000/84843] Loss: 0.836977
Epoch 266 - Avg Loss: 0.429660 | Train Acc: 93.53%
Val: loss=0.3705, acc=10600/10975 (96.58%)
Epoch 267 [0/84843] Loss: 0.611743
Epoch 267 [35000/84843] Loss: 0.315442
Epoch 267 [70000/84843] Loss: 0.292641
Epoch 267 - Avg Loss: 0.433151 | Train Acc: 93.44%
Val: loss=0.3723, acc=10591/10975 (96.50%)
Epoch 268 [0/84843] Loss: 0.501515
Epoch 268 [35000/84843] Loss: 0.391131
Epoch 268 [70000/84843] Loss: 0.345168
Epoch 268 - Avg Loss: 0.436629 | Train Acc: 93.33%
Val: loss=0.3741, acc=10565/10975 (96.26%)
Epoch 269 [0/84843] Loss: 0.470469
Epoch 269 [35000/84843] Loss: 0.417052
Epoch 269 [70000/84843] Loss: 0.320319
Epoch 269 - Avg Loss: 0.432842 | Train Acc: 93.45%
Val: loss=0.3705, acc=10591/10975 (96.50%)
Epoch 270 [0/84843] Loss: 0.341599
Epoch 270 [35000/84843] Loss: 0.841593
Epoch 270 [70000/84843] Loss: 0.724951
Epoch 270 - Avg Loss: 0.428334 | Train Acc: 93.60%
Val: loss=0.3678, acc=10589/10975 (96.48%)
Epoch 271 [0/84843] Loss: 0.418452
Epoch 271 [35000/84843] Loss: 0.389751
Epoch 271 [70000/84843] Loss: 0.560427
Epoch 271 - Avg Loss: 0.433492 | Train Acc: 93.38%
Val: loss=0.3767, acc=10559/10975 (96.21%)
Epoch 272 [0/84843] Loss: 0.289324
Epoch 272 [35000/84843] Loss: 0.323317
Epoch 272 [70000/84843] Loss: 0.290796
Epoch 272 - Avg Loss: 0.427666 | Train Acc: 93.68%
Val: loss=0.3678, acc=10603/10975 (96.61%)
Epoch 273 [0/84843] Loss: 0.357966
Epoch 273 [35000/84843] Loss: 0.517135
Epoch 273 [70000/84843] Loss: 0.563720
Epoch 273 - Avg Loss: 0.426675 | Train Acc: 93.72%
Val: loss=0.3706, acc=10583/10975 (96.43%)
Epoch 274 [0/84843] Loss: 0.375215
Epoch 274 [35000/84843] Loss: 0.373363
Epoch 274 [70000/84843] Loss: 0.358561
Epoch 274 - Avg Loss: 0.423814 | Train Acc: 93.83%
Val: loss=0.3757, acc=10556/10975 (96.18%)
Epoch 275 [0/84843] Loss: 0.526911
Epoch 275 [35000/84843] Loss: 0.309748
Epoch 275 [70000/84843] Loss: 0.670254
Epoch 275 - Avg Loss: 0.429950 | Train Acc: 93.62%
Val: loss=0.3699, acc=10581/10975 (96.41%)
Epoch 276 [0/84843] Loss: 0.460397
Epoch 276 [35000/84843] Loss: 0.298524
Epoch 276 [70000/84843] Loss: 0.338663
Epoch 276 - Avg Loss: 0.428482 | Train Acc: 93.67%
Val: loss=0.3660, acc=10600/10975 (96.58%)
Epoch 277 [0/84843] Loss: 0.314261
Epoch 277 [35000/84843] Loss: 0.317445
Epoch 277 [70000/84843] Loss: 0.279150
Epoch 277 - Avg Loss: 0.425148 | Train Acc: 93.84%
Val: loss=0.3698, acc=10582/10975 (96.42%)
Epoch 278 [0/84843] Loss: 0.417987
Epoch 278 [35000/84843] Loss: 0.309374
Epoch 278 [70000/84843] Loss: 0.393511
Epoch 278 - Avg Loss: 0.427179 | Train Acc: 93.71%
Val: loss=0.3697, acc=10594/10975 (96.53%)
Epoch 279 [0/84843] Loss: 0.320610
Epoch 279 [35000/84843] Loss: 0.423501
Epoch 279 [70000/84843] Loss: 0.350127
Epoch 279 - Avg Loss: 0.428703 | Train Acc: 93.60%
Val: loss=0.3718, acc=10590/10975 (96.49%)
Epoch 280 [0/84843] Loss: 0.275486
Epoch 280 [35000/84843] Loss: 0.343310
Epoch 280 [70000/84843] Loss: 0.381654
Epoch 280 - Avg Loss: 0.431974 | Train Acc: 93.51%
Val: loss=0.3701, acc=10590/10975 (96.49%)
Epoch 281 [0/84843] Loss: 0.373972
Epoch 281 [35000/84843] Loss: 0.283965
Epoch 281 [70000/84843] Loss: 0.338928
Epoch 281 - Avg Loss: 0.426774 | Train Acc: 93.83%
Val: loss=0.3679, acc=10604/10975 (96.62%)
Epoch 282 [0/84843] Loss: 0.280763
Epoch 282 [35000/84843] Loss: 0.320740
Epoch 282 [70000/84843] Loss: 0.279041
Epoch 282 - Avg Loss: 0.423023 | Train Acc: 93.84%
Val: loss=0.3675, acc=10603/10975 (96.61%)
Epoch 283 [0/84843] Loss: 0.299820
Epoch 283 [35000/84843] Loss: 0.344741
Epoch 283 [70000/84843] Loss: 0.487709
Epoch 283 - Avg Loss: 0.426767 | Train Acc: 93.75%
Val: loss=0.3684, acc=10600/10975 (96.58%)
Epoch 284 [0/84843] Loss: 0.360525
Epoch 284 [35000/84843] Loss: 0.739873
Epoch 284 [70000/84843] Loss: 0.571345
Epoch 284 - Avg Loss: 0.422062 | Train Acc: 93.88%
Val: loss=0.3698, acc=10580/10975 (96.40%)
Epoch 285 [0/84843] Loss: 0.309376
Epoch 285 [35000/84843] Loss: 0.663745
Epoch 285 [70000/84843] Loss: 0.451755
Epoch 285 - Avg Loss: 0.429545 | Train Acc: 93.63%
Val: loss=0.3666, acc=10603/10975 (96.61%)
Epoch 286 [0/84843] Loss: 0.551614
Epoch 286 [35000/84843] Loss: 0.376585
Epoch 286 [70000/84843] Loss: 0.479639
Epoch 286 - Avg Loss: 0.428900 | Train Acc: 93.62%
Val: loss=0.3696, acc=10590/10975 (96.49%)
Epoch 287 [0/84843] Loss: 0.274479
Epoch 287 [35000/84843] Loss: 0.325098
Epoch 287 [70000/84843] Loss: 0.340006
Epoch 287 - Avg Loss: 0.423017 | Train Acc: 93.85%
Val: loss=0.3669, acc=10601/10975 (96.59%)
Epoch 288 [0/84843] Loss: 0.294936
Epoch 288 [35000/84843] Loss: 0.657186
Epoch 288 [70000/84843] Loss: 0.704881
Epoch 288 - Avg Loss: 0.419989 | Train Acc: 94.04%
Val: loss=0.3661, acc=10597/10975 (96.56%)
Epoch 289 [0/84843] Loss: 0.604513
Epoch 289 [35000/84843] Loss: 0.279001
Epoch 289 [70000/84843] Loss: 0.316676
Epoch 289 - Avg Loss: 0.424916 | Train Acc: 93.75%
Val: loss=0.3701, acc=10582/10975 (96.42%)
Epoch 290 [0/84843] Loss: 0.345352
Epoch 290 [35000/84843] Loss: 0.532766
Epoch 290 [70000/84843] Loss: 0.302286
Epoch 290 - Avg Loss: 0.427629 | Train Acc: 93.70%
Val: loss=0.3663, acc=10610/10975 (96.67%)
Epoch 291 [0/84843] Loss: 0.396573
Epoch 291 [35000/84843] Loss: 0.525896
Epoch 291 [70000/84843] Loss: 0.349168
Epoch 291 - Avg Loss: 0.422842 | Train Acc: 93.90%
Val: loss=0.3664, acc=10599/10975 (96.57%)
Epoch 292 [0/84843] Loss: 0.358408
Epoch 292 [35000/84843] Loss: 0.284919
Epoch 292 [70000/84843] Loss: 0.277193
Epoch 292 - Avg Loss: 0.430041 | Train Acc: 93.52%
Val: loss=0.3658, acc=10603/10975 (96.61%)
Epoch 293 [0/84843] Loss: 0.444652
Epoch 293 [35000/84843] Loss: 0.360055
Epoch 293 [70000/84843] Loss: 0.356153
Epoch 293 - Avg Loss: 0.432978 | Train Acc: 93.42%
Val: loss=0.3703, acc=10592/10975 (96.51%)
Epoch 294 [0/84843] Loss: 0.544633
Epoch 294 [35000/84843] Loss: 0.364761
Epoch 294 [70000/84843] Loss: 0.281248
Epoch 294 - Avg Loss: 0.419874 | Train Acc: 94.08%
Val: loss=0.3614, acc=10613/10975 (96.70%)
Epoch 295 [0/84843] Loss: 0.318887
Epoch 295 [35000/84843] Loss: 0.474413
Epoch 295 [70000/84843] Loss: 0.335627
Epoch 295 - Avg Loss: 0.424158 | Train Acc: 93.82%
Val: loss=0.3730, acc=10565/10975 (96.26%)
Epoch 296 [0/84843] Loss: 0.384097
Epoch 296 [35000/84843] Loss: 0.332995
Epoch 296 [70000/84843] Loss: 0.306947
Epoch 296 - Avg Loss: 0.426099 | Train Acc: 93.76%
Val: loss=0.3697, acc=10589/10975 (96.48%)
Epoch 297 [0/84843] Loss: 0.317472
Epoch 297 [35000/84843] Loss: 0.421698
Epoch 297 [70000/84843] Loss: 0.358640
Epoch 297 - Avg Loss: 0.424091 | Train Acc: 93.81%
Val: loss=0.3672, acc=10590/10975 (96.49%)
Epoch 298 [0/84843] Loss: 0.389071
Epoch 298 [35000/84843] Loss: 0.349774
Epoch 298 [70000/84843] Loss: 0.623476
Epoch 298 - Avg Loss: 0.417879 | Train Acc: 94.09%
Val: loss=0.3669, acc=10601/10975 (96.59%)
Epoch 299 [0/84843] Loss: 0.724895
Epoch 299 [35000/84843] Loss: 0.287523
Epoch 299 [70000/84843] Loss: 0.490160
Epoch 299 - Avg Loss: 0.425910 | Train Acc: 93.75%
Val: loss=0.3680, acc=10589/10975 (96.48%)
Epoch 300 [0/84843] Loss: 0.340767
Epoch 300 [35000/84843] Loss: 0.337915
Epoch 300 [70000/84843] Loss: 0.369811
Epoch 300 - Avg Loss: 0.413642 | Train Acc: 94.21%
Val: loss=0.3664, acc=10601/10975 (96.59%)
Epoch 301 [0/84843] Loss: 0.383725
Epoch 301 [35000/84843] Loss: 0.283304
Epoch 301 [70000/84843] Loss: 0.317480
Epoch 301 - Avg Loss: 0.420380 | Train Acc: 93.92%
Val: loss=0.3670, acc=10602/10975 (96.60%)
Epoch 302 [0/84843] Loss: 0.882298
Epoch 302 [35000/84843] Loss: 0.425380
Epoch 302 [70000/84843] Loss: 0.305221
Epoch 302 - Avg Loss: 0.422363 | Train Acc: 93.87%
Val: loss=0.3640, acc=10616/10975 (96.73%)
Epoch 303 [0/84843] Loss: 0.462115
Epoch 303 [35000/84843] Loss: 0.344759
Epoch 303 [70000/84843] Loss: 0.701354
Epoch 303 - Avg Loss: 0.427511 | Train Acc: 93.63%
Val: loss=0.3664, acc=10610/10975 (96.67%)
Epoch 304 [0/84843] Loss: 0.350520
Epoch 304 [35000/84843] Loss: 0.285213
Epoch 304 [70000/84843] Loss: 0.296144
Epoch 304 - Avg Loss: 0.421211 | Train Acc: 93.91%
Val: loss=0.3660, acc=10604/10975 (96.62%)
Epoch 305 [0/84843] Loss: 0.470935
Epoch 305 [35000/84843] Loss: 0.541800
Epoch 305 [70000/84843] Loss: 0.326051
Epoch 305 - Avg Loss: 0.420204 | Train Acc: 93.95%
Val: loss=0.3659, acc=10596/10975 (96.55%)
Epoch 306 [0/84843] Loss: 0.687989
Epoch 306 [35000/84843] Loss: 0.297784
Epoch 306 [70000/84843] Loss: 0.305504
Epoch 306 - Avg Loss: 0.422578 | Train Acc: 93.84%
Val: loss=0.3663, acc=10600/10975 (96.58%)
Epoch 307 [0/84843] Loss: 0.506649
Epoch 307 [35000/84843] Loss: 0.350383
Epoch 307 [70000/84843] Loss: 0.492952
Epoch 307 - Avg Loss: 0.426112 | Train Acc: 93.70%
Val: loss=0.3599, acc=10623/10975 (96.79%)
Epoch 308 [0/84843] Loss: 0.307598
Epoch 308 [35000/84843] Loss: 0.352192
Epoch 308 [70000/84843] Loss: 0.559421
Epoch 308 - Avg Loss: 0.420006 | Train Acc: 93.96%
Val: loss=0.3616, acc=10610/10975 (96.67%)
Epoch 309 [0/84843] Loss: 0.379568
Epoch 309 [35000/84843] Loss: 0.290813
Epoch 309 [70000/84843] Loss: 0.340818
Epoch 309 - Avg Loss: 0.423014 | Train Acc: 93.90%
Val: loss=0.3662, acc=10599/10975 (96.57%)
Epoch 310 [0/84843] Loss: 0.551355
Epoch 310 [35000/84843] Loss: 0.320225
Epoch 310 [70000/84843] Loss: 0.330592
Epoch 310 - Avg Loss: 0.419887 | Train Acc: 94.03%
Val: loss=0.3639, acc=10619/10975 (96.76%)
Epoch 311 [0/84843] Loss: 0.585348
Epoch 311 [35000/84843] Loss: 0.311392
Epoch 311 [70000/84843] Loss: 0.271294
Epoch 311 - Avg Loss: 0.428315 | Train Acc: 93.60%
Val: loss=0.3632, acc=10597/10975 (96.56%)
Epoch 312 [0/84843] Loss: 0.514690
Epoch 312 [35000/84843] Loss: 0.379993
Epoch 312 [70000/84843] Loss: 0.695470
Epoch 312 - Avg Loss: 0.425490 | Train Acc: 93.76%
Val: loss=0.3658, acc=10592/10975 (96.51%)
Epoch 313 [0/84843] Loss: 0.281921
Epoch 313 [35000/84843] Loss: 0.277688
Epoch 313 [70000/84843] Loss: 0.430286
Epoch 313 - Avg Loss: 0.418404 | Train Acc: 94.02%
Val: loss=0.3650, acc=10613/10975 (96.70%)
Epoch 314 [0/84843] Loss: 0.428519
Epoch 314 [35000/84843] Loss: 0.462000
Epoch 314 [70000/84843] Loss: 0.357593
Epoch 314 - Avg Loss: 0.422682 | Train Acc: 93.92%
Val: loss=0.3650, acc=10617/10975 (96.74%)
Epoch 315 [0/84843] Loss: 0.826753
Epoch 315 [35000/84843] Loss: 0.565739
Epoch 315 [70000/84843] Loss: 0.414135
Epoch 315 - Avg Loss: 0.427117 | Train Acc: 93.71%
Val: loss=0.3655, acc=10611/10975 (96.68%)
Epoch 316 [0/84843] Loss: 0.322065
Epoch 316 [35000/84843] Loss: 0.280261
Epoch 316 [70000/84843] Loss: 0.385206
Epoch 316 - Avg Loss: 0.414621 | Train Acc: 94.21%
Val: loss=0.3675, acc=10600/10975 (96.58%)
Epoch 317 [0/84843] Loss: 0.701934
Epoch 317 [35000/84843] Loss: 0.420859
Epoch 317 [70000/84843] Loss: 0.443753
Epoch 317 - Avg Loss: 0.414231 | Train Acc: 94.26%
Val: loss=0.3653, acc=10614/10975 (96.71%)
Epoch 318 [0/84843] Loss: 0.429287
Epoch 318 [35000/84843] Loss: 0.682500
Epoch 318 [70000/84843] Loss: 0.279441
Epoch 318 - Avg Loss: 0.414383 | Train Acc: 94.22%
Val: loss=0.3659, acc=10612/10975 (96.69%)
Epoch 319 [0/84843] Loss: 0.411040
Epoch 319 [35000/84843] Loss: 0.346137
Epoch 319 [70000/84843] Loss: 0.334683
Epoch 319 - Avg Loss: 0.417244 | Train Acc: 94.11%
Val: loss=0.3664, acc=10610/10975 (96.67%)
Epoch 320 [0/84843] Loss: 0.353373
Epoch 320 [35000/84843] Loss: 0.387375
Epoch 320 [70000/84843] Loss: 0.307284
Epoch 320 - Avg Loss: 0.418731 | Train Acc: 94.00%
Val: loss=0.3658, acc=10607/10975 (96.65%)
Epoch 321 [0/84843] Loss: 0.569977
Epoch 321 [35000/84843] Loss: 0.524604
Epoch 321 [70000/84843] Loss: 0.442031
Epoch 321 - Avg Loss: 0.420522 | Train Acc: 93.99%
Val: loss=0.3652, acc=10614/10975 (96.71%)
Epoch 322 [0/84843] Loss: 0.577792
Epoch 322 [35000/84843] Loss: 0.405138
Epoch 322 [70000/84843] Loss: 0.294357
Epoch 322 - Avg Loss: 0.424643 | Train Acc: 93.78%
Val: loss=0.3644, acc=10609/10975 (96.67%)
Epoch 323 [0/84843] Loss: 0.638280
Epoch 323 [35000/84843] Loss: 0.414306
Epoch 323 [70000/84843] Loss: 0.361597
Epoch 323 - Avg Loss: 0.422423 | Train Acc: 93.91%
Val: loss=0.3626, acc=10611/10975 (96.68%)
Epoch 324 [0/84843] Loss: 0.307381
Epoch 324 [35000/84843] Loss: 0.353440
Epoch 324 [70000/84843] Loss: 0.438272
Epoch 324 - Avg Loss: 0.418379 | Train Acc: 94.07%
Val: loss=0.3658, acc=10611/10975 (96.68%)
Epoch 325 [0/84843] Loss: 0.476219
Epoch 325 [35000/84843] Loss: 0.290106
Epoch 325 [70000/84843] Loss: 0.388930
Epoch 325 - Avg Loss: 0.421693 | Train Acc: 93.96%
Val: loss=0.3639, acc=10614/10975 (96.71%)
Epoch 326 [0/84843] Loss: 0.421049
Epoch 326 [35000/84843] Loss: 0.525840
Epoch 326 [70000/84843] Loss: 0.639308
Epoch 326 - Avg Loss: 0.420458 | Train Acc: 93.98%
Val: loss=0.3644, acc=10616/10975 (96.73%)
Epoch 327 [0/84843] Loss: 0.691696
Epoch 327 [35000/84843] Loss: 0.652766
Epoch 327 [70000/84843] Loss: 0.326213
Epoch 327 - Avg Loss: 0.416688 | Train Acc: 94.16%
Val: loss=0.3655, acc=10607/10975 (96.65%)
Epoch 328 [0/84843] Loss: 0.330279
Epoch 328 [35000/84843] Loss: 0.337144
Epoch 328 [70000/84843] Loss: 0.814995
Epoch 328 - Avg Loss: 0.415763 | Train Acc: 94.14%
Val: loss=0.3672, acc=10613/10975 (96.70%)
Epoch 329 [0/84843] Loss: 0.282548
Epoch 329 [35000/84843] Loss: 0.523656
Epoch 329 [70000/84843] Loss: 0.328915
Epoch 329 - Avg Loss: 0.417391 | Train Acc: 94.05%
Val: loss=0.3663, acc=10610/10975 (96.67%)
Epoch 330 [0/84843] Loss: 0.385510
Epoch 330 [35000/84843] Loss: 0.340446
Epoch 330 [70000/84843] Loss: 0.350552
Epoch 330 - Avg Loss: 0.413136 | Train Acc: 94.33%
Val: loss=0.3678, acc=10604/10975 (96.62%)
Epoch 331 [0/84843] Loss: 0.476823
Epoch 331 [35000/84843] Loss: 0.434819
Epoch 331 [70000/84843] Loss: 0.368480
Epoch 331 - Avg Loss: 0.420864 | Train Acc: 94.03%
Val: loss=0.3644, acc=10622/10975 (96.78%)
Epoch 332 [0/84843] Loss: 0.289512
Epoch 332 [35000/84843] Loss: 0.289371
Epoch 332 [70000/84843] Loss: 0.445757
Epoch 332 - Avg Loss: 0.413938 | Train Acc: 94.29%
Val: loss=0.3635, acc=10612/10975 (96.69%)
Epoch 333 [0/84843] Loss: 0.340307
Epoch 333 [35000/84843] Loss: 0.287718
Epoch 333 [70000/84843] Loss: 0.468606
Epoch 333 - Avg Loss: 0.424117 | Train Acc: 93.82%
Val: loss=0.3651, acc=10599/10975 (96.57%)
Epoch 334 [0/84843] Loss: 0.470895
Epoch 334 [35000/84843] Loss: 0.380612
Epoch 334 [70000/84843] Loss: 0.465923
Epoch 334 - Avg Loss: 0.415477 | Train Acc: 94.19%
Val: loss=0.3664, acc=10614/10975 (96.71%)
Epoch 335 [0/84843] Loss: 0.385655
Epoch 335 [35000/84843] Loss: 0.440748
Epoch 335 [70000/84843] Loss: 0.565029
Epoch 335 - Avg Loss: 0.424820 | Train Acc: 93.77%
Val: loss=0.3652, acc=10616/10975 (96.73%)
Epoch 336 [0/84843] Loss: 0.479048
Epoch 336 [35000/84843] Loss: 0.612741
Epoch 336 [70000/84843] Loss: 0.343545
Epoch 336 - Avg Loss: 0.418035 | Train Acc: 94.05%
Val: loss=0.3621, acc=10616/10975 (96.73%)
Epoch 337 [0/84843] Loss: 0.292730
Epoch 337 [35000/84843] Loss: 0.296872
Epoch 337 [70000/84843] Loss: 0.412562
Epoch 337 - Avg Loss: 0.411742 | Train Acc: 94.38%
Val: loss=0.3635, acc=10624/10975 (96.80%)
Epoch 338 [0/84843] Loss: 0.321092
Epoch 338 [35000/84843] Loss: 0.372218
Epoch 338 [70000/84843] Loss: 0.579132
Epoch 338 - Avg Loss: 0.409254 | Train Acc: 94.44%
Val: loss=0.3651, acc=10604/10975 (96.62%)
Epoch 339 [0/84843] Loss: 0.445948
Epoch 339 [35000/84843] Loss: 0.797495
Epoch 339 [70000/84843] Loss: 0.369834
Epoch 339 - Avg Loss: 0.423352 | Train Acc: 93.82%
Val: loss=0.3667, acc=10606/10975 (96.64%)
Epoch 340 [0/84843] Loss: 0.369039
Epoch 340 [35000/84843] Loss: 0.313911
Epoch 340 [70000/84843] Loss: 0.726777
Epoch 340 - Avg Loss: 0.415857 | Train Acc: 94.19%
Val: loss=0.3641, acc=10614/10975 (96.71%)
Epoch 341 [0/84843] Loss: 0.310492
Epoch 341 [35000/84843] Loss: 0.276842
Epoch 341 [70000/84843] Loss: 0.546313
Epoch 341 - Avg Loss: 0.414271 | Train Acc: 94.21%
Val: loss=0.3633, acc=10614/10975 (96.71%)
Epoch 342 [0/84843] Loss: 0.351789
Epoch 342 [35000/84843] Loss: 0.581893
Epoch 342 [70000/84843] Loss: 0.471377
Epoch 342 - Avg Loss: 0.413380 | Train Acc: 94.25%
Val: loss=0.3646, acc=10622/10975 (96.78%)
Epoch 343 [0/84843] Loss: 0.493957
Epoch 343 [35000/84843] Loss: 0.645095
Epoch 343 [70000/84843] Loss: 0.445233
Epoch 343 - Avg Loss: 0.414860 | Train Acc: 94.19%
Val: loss=0.3638, acc=10624/10975 (96.80%)
Epoch 344 [0/84843] Loss: 0.368383
Epoch 344 [35000/84843] Loss: 0.387000
Epoch 344 [70000/84843] Loss: 0.290819
Epoch 344 - Avg Loss: 0.415495 | Train Acc: 94.12%
Val: loss=0.3647, acc=10617/10975 (96.74%)
Epoch 345 [0/84843] Loss: 0.324292
Epoch 345 [35000/84843] Loss: 0.372867
Epoch 345 [70000/84843] Loss: 0.478379
Epoch 345 - Avg Loss: 0.413064 | Train Acc: 94.26%
Val: loss=0.3646, acc=10625/10975 (96.81%)
saved best: 96.81%
Epoch 346 [0/84843] Loss: 0.716191
Epoch 346 [35000/84843] Loss: 0.429060
Epoch 346 [70000/84843] Loss: 0.306216
Epoch 346 - Avg Loss: 0.416713 | Train Acc: 94.11%
Val: loss=0.3655, acc=10610/10975 (96.67%)
Epoch 347 [0/84843] Loss: 0.290054
Epoch 347 [35000/84843] Loss: 0.330273
Epoch 347 [70000/84843] Loss: 0.277989
Epoch 347 - Avg Loss: 0.418384 | Train Acc: 94.06%
Val: loss=0.3660, acc=10602/10975 (96.60%)
Epoch 348 [0/84843] Loss: 0.610436
Epoch 348 [35000/84843] Loss: 0.365889
Epoch 348 [70000/84843] Loss: 0.340748
Epoch 348 - Avg Loss: 0.412085 | Train Acc: 94.27%
Val: loss=0.3645, acc=10610/10975 (96.67%)
Epoch 349 [0/84843] Loss: 0.281206
Epoch 349 [35000/84843] Loss: 0.515191
Epoch 349 [70000/84843] Loss: 0.457412
Epoch 349 - Avg Loss: 0.412155 | Train Acc: 94.32%
Val: loss=0.3665, acc=10615/10975 (96.72%)
Epoch 350 [0/84843] Loss: 0.423865
Epoch 350 [35000/84843] Loss: 0.451833
Epoch 350 [70000/84843] Loss: 0.468034
Epoch 350 - Avg Loss: 0.418576 | Train Acc: 94.05%
Val: loss=0.3663, acc=10604/10975 (96.62%)
Epoch 351 [0/84843] Loss: 0.402351
Epoch 351 [35000/84843] Loss: 0.435118
Epoch 351 [70000/84843] Loss: 0.347162
Epoch 351 - Avg Loss: 0.415617 | Train Acc: 94.09%
Val: loss=0.3660, acc=10611/10975 (96.68%)
Epoch 352 [0/84843] Loss: 0.370359
Epoch 352 [35000/84843] Loss: 0.401580
Epoch 352 [70000/84843] Loss: 0.711676
Epoch 352 - Avg Loss: 0.407123 | Train Acc: 94.55%
Val: loss=0.3663, acc=10617/10975 (96.74%)
Epoch 353 [0/84843] Loss: 0.498023
Epoch 353 [35000/84843] Loss: 0.498206
Epoch 353 [70000/84843] Loss: 0.823133
Epoch 353 - Avg Loss: 0.419755 | Train Acc: 93.94%
Val: loss=0.3651, acc=10615/10975 (96.72%)
Epoch 354 [0/84843] Loss: 0.540495
Epoch 354 [35000/84843] Loss: 0.403700
Epoch 354 [70000/84843] Loss: 0.308831
Epoch 354 - Avg Loss: 0.418244 | Train Acc: 94.05%
Val: loss=0.3655, acc=10615/10975 (96.72%)
Epoch 355 [0/84843] Loss: 0.273349
Epoch 355 [35000/84843] Loss: 0.609674
Epoch 355 [70000/84843] Loss: 0.358501
Epoch 355 - Avg Loss: 0.412896 | Train Acc: 94.24%
Val: loss=0.3652, acc=10619/10975 (96.76%)
Epoch 356 [0/84843] Loss: 0.310370
Epoch 356 [35000/84843] Loss: 0.287995
Epoch 356 [70000/84843] Loss: 0.300052
Epoch 356 - Avg Loss: 0.408257 | Train Acc: 94.50%
Val: loss=0.3641, acc=10616/10975 (96.73%)
Epoch 357 [0/84843] Loss: 0.317755
Epoch 357 [35000/84843] Loss: 0.360204
Epoch 357 [70000/84843] Loss: 0.290993
Epoch 357 - Avg Loss: 0.410194 | Train Acc: 94.37%
Val: loss=0.3646, acc=10618/10975 (96.75%)
Epoch 358 [0/84843] Loss: 0.451263
Epoch 358 [35000/84843] Loss: 0.539145
Epoch 358 [70000/84843] Loss: 0.419425
Epoch 358 - Avg Loss: 0.415187 | Train Acc: 94.20%
Val: loss=0.3660, acc=10625/10975 (96.81%)
Epoch 359 [0/84843] Loss: 0.431200
Epoch 359 [35000/84843] Loss: 0.450086
Epoch 359 [70000/84843] Loss: 0.342663
Epoch 359 - Avg Loss: 0.413225 | Train Acc: 94.25%
Val: loss=0.3651, acc=10620/10975 (96.77%)
Epoch 360 [0/84843] Loss: 0.268589
Epoch 360 [35000/84843] Loss: 0.364532
Epoch 360 [70000/84843] Loss: 0.391730
Epoch 360 - Avg Loss: 0.414133 | Train Acc: 94.30%
Val: loss=0.3638, acc=10628/10975 (96.84%)
saved best: 96.84%
Epoch 361 [0/84843] Loss: 0.517449
Epoch 361 [35000/84843] Loss: 0.432754
Epoch 361 [70000/84843] Loss: 0.305066
Epoch 361 - Avg Loss: 0.419553 | Train Acc: 93.95%
Val: loss=0.3636, acc=10625/10975 (96.81%)
Epoch 362 [0/84843] Loss: 0.531037
Epoch 362 [35000/84843] Loss: 0.634463
Epoch 362 [70000/84843] Loss: 0.320647
Epoch 362 - Avg Loss: 0.415846 | Train Acc: 94.09%
Val: loss=0.3648, acc=10617/10975 (96.74%)
Epoch 363 [0/84843] Loss: 0.339560
Epoch 363 [35000/84843] Loss: 0.490690
Epoch 363 [70000/84843] Loss: 0.492685
Epoch 363 - Avg Loss: 0.419184 | Train Acc: 93.95%
Val: loss=0.3658, acc=10603/10975 (96.61%)
Epoch 364 [0/84843] Loss: 0.395169
Epoch 364 [35000/84843] Loss: 0.652676
Epoch 364 [70000/84843] Loss: 0.339721
Epoch 364 - Avg Loss: 0.412518 | Train Acc: 94.35%
Val: loss=0.3660, acc=10618/10975 (96.75%)
Epoch 365 [0/84843] Loss: 0.299776
Epoch 365 [35000/84843] Loss: 0.658705
Epoch 365 [70000/84843] Loss: 0.377882
Epoch 365 - Avg Loss: 0.411132 | Train Acc: 94.33%
Val: loss=0.3649, acc=10623/10975 (96.79%)
Epoch 366 [0/84843] Loss: 0.329249
Epoch 366 [35000/84843] Loss: 0.314675
Epoch 366 [70000/84843] Loss: 0.453508
Epoch 366 - Avg Loss: 0.413625 | Train Acc: 94.24%
Val: loss=0.3647, acc=10616/10975 (96.73%)
Epoch 367 [0/84843] Loss: 0.476019
Epoch 367 [35000/84843] Loss: 0.300501
Epoch 367 [70000/84843] Loss: 0.383077
Epoch 367 - Avg Loss: 0.419265 | Train Acc: 93.97%
Val: loss=0.3648, acc=10619/10975 (96.76%)
Epoch 368 [0/84843] Loss: 0.326209
Epoch 368 [35000/84843] Loss: 0.363767
Epoch 368 [70000/84843] Loss: 0.351027
Epoch 368 - Avg Loss: 0.413580 | Train Acc: 94.30%
Val: loss=0.3639, acc=10611/10975 (96.68%)
Epoch 369 [0/84843] Loss: 0.364032
Epoch 369 [35000/84843] Loss: 0.401163
Epoch 369 [70000/84843] Loss: 0.481705
Epoch 369 - Avg Loss: 0.415062 | Train Acc: 94.10%
Val: loss=0.3645, acc=10626/10975 (96.82%)
Epoch 370 [0/84843] Loss: 0.283843
Epoch 370 [35000/84843] Loss: 0.312989
Epoch 370 [70000/84843] Loss: 0.288787
Epoch 370 - Avg Loss: 0.410646 | Train Acc: 94.32%
Val: loss=0.3649, acc=10614/10975 (96.71%)
Epoch 371 [0/84843] Loss: 0.346450
Epoch 371 [35000/84843] Loss: 0.469640
Epoch 371 [70000/84843] Loss: 0.355555
Epoch 371 - Avg Loss: 0.414978 | Train Acc: 94.15%
Val: loss=0.3645, acc=10621/10975 (96.77%)
Epoch 372 [0/84843] Loss: 0.340520
Epoch 372 [35000/84843] Loss: 0.571620
Epoch 372 [70000/84843] Loss: 0.302125
Epoch 372 - Avg Loss: 0.408533 | Train Acc: 94.41%
Val: loss=0.3637, acc=10624/10975 (96.80%)
Epoch 373 [0/84843] Loss: 0.364240
Epoch 373 [35000/84843] Loss: 0.425321
Epoch 373 [70000/84843] Loss: 0.395039
Epoch 373 - Avg Loss: 0.416820 | Train Acc: 94.03%
Val: loss=0.3631, acc=10626/10975 (96.82%)
Epoch 374 [0/84843] Loss: 0.842653
Epoch 374 [35000/84843] Loss: 0.313483
Epoch 374 [70000/84843] Loss: 0.600720
Epoch 374 - Avg Loss: 0.416801 | Train Acc: 94.08%
Val: loss=0.3643, acc=10623/10975 (96.79%)
Epoch 375 [0/84843] Loss: 0.458179
Epoch 375 [35000/84843] Loss: 0.278587
Epoch 375 [70000/84843] Loss: 0.281550
Epoch 375 - Avg Loss: 0.412927 | Train Acc: 94.17%
Val: loss=0.3642, acc=10626/10975 (96.82%)
Epoch 376 [0/84843] Loss: 0.463558
Epoch 376 [35000/84843] Loss: 0.363631
Epoch 376 [70000/84843] Loss: 0.370286
Epoch 376 - Avg Loss: 0.412818 | Train Acc: 94.25%
Val: loss=0.3635, acc=10632/10975 (96.87%)
saved best: 96.87%
Epoch 377 [0/84843] Loss: 0.283589
Epoch 377 [35000/84843] Loss: 0.502545
Epoch 377 [70000/84843] Loss: 0.420796
Epoch 377 - Avg Loss: 0.414245 | Train Acc: 94.17%
Val: loss=0.3634, acc=10629/10975 (96.85%)
Epoch 378 [0/84843] Loss: 0.307732
Epoch 378 [35000/84843] Loss: 0.322523
Epoch 378 [70000/84843] Loss: 0.290302
Epoch 378 - Avg Loss: 0.413942 | Train Acc: 94.23%
Val: loss=0.3627, acc=10629/10975 (96.85%)
Epoch 379 [0/84843] Loss: 0.566068
Epoch 379 [35000/84843] Loss: 0.323017
Epoch 379 [70000/84843] Loss: 0.349300
Epoch 379 - Avg Loss: 0.415405 | Train Acc: 94.15%
Val: loss=0.3626, acc=10628/10975 (96.84%)
Epoch 380 [0/84843] Loss: 0.321347
Epoch 380 [35000/84843] Loss: 0.276521
Epoch 380 [70000/84843] Loss: 0.363736
Epoch 380 - Avg Loss: 0.419034 | Train Acc: 94.03%
Val: loss=0.3636, acc=10624/10975 (96.80%)
Epoch 381 [0/84843] Loss: 0.719871
Epoch 381 [35000/84843] Loss: 0.295092
Epoch 381 [70000/84843] Loss: 0.459216
Epoch 381 - Avg Loss: 0.413550 | Train Acc: 94.20%
Val: loss=0.3629, acc=10627/10975 (96.83%)
Epoch 382 [0/84843] Loss: 0.309736
Epoch 382 [35000/84843] Loss: 0.335171
Epoch 382 [70000/84843] Loss: 0.554451
Epoch 382 - Avg Loss: 0.412600 | Train Acc: 94.24%
Val: loss=0.3632, acc=10626/10975 (96.82%)
Epoch 383 [0/84843] Loss: 0.591700
Epoch 383 [35000/84843] Loss: 0.346517
Epoch 383 [70000/84843] Loss: 0.367592
Epoch 383 - Avg Loss: 0.412379 | Train Acc: 94.33%
Val: loss=0.3637, acc=10628/10975 (96.84%)
Epoch 384 [0/84843] Loss: 0.375195
Epoch 384 [35000/84843] Loss: 0.605625
Epoch 384 [70000/84843] Loss: 0.494043
Epoch 384 - Avg Loss: 0.416710 | Train Acc: 94.11%
Val: loss=0.3634, acc=10622/10975 (96.78%)
Epoch 385 [0/84843] Loss: 0.383547
Epoch 385 [35000/84843] Loss: 0.360601
Epoch 385 [70000/84843] Loss: 0.288141
Epoch 385 - Avg Loss: 0.413357 | Train Acc: 94.17%
Val: loss=0.3629, acc=10623/10975 (96.79%)
Epoch 386 [0/84843] Loss: 0.282515
Epoch 386 [35000/84843] Loss: 0.279448
Epoch 386 [70000/84843] Loss: 0.268128
Epoch 386 - Avg Loss: 0.416514 | Train Acc: 94.12%
Val: loss=0.3631, acc=10626/10975 (96.82%)
Epoch 387 [0/84843] Loss: 0.335488
Epoch 387 [35000/84843] Loss: 0.366851
Epoch 387 [70000/84843] Loss: 0.326639
Epoch 387 - Avg Loss: 0.415524 | Train Acc: 94.17%
Val: loss=0.3634, acc=10624/10975 (96.80%)
Epoch 388 [0/84843] Loss: 0.280777
Epoch 388 [35000/84843] Loss: 0.321188
Epoch 388 [70000/84843] Loss: 0.389228
Epoch 388 - Avg Loss: 0.414862 | Train Acc: 94.18%
Val: loss=0.3633, acc=10623/10975 (96.79%)
Epoch 389 [0/84843] Loss: 0.291797
Epoch 389 [35000/84843] Loss: 0.595312
Epoch 389 [70000/84843] Loss: 0.279625
Epoch 389 - Avg Loss: 0.412425 | Train Acc: 94.24%
Val: loss=0.3631, acc=10618/10975 (96.75%)
Epoch 390 [0/84843] Loss: 0.607214
Epoch 390 [35000/84843] Loss: 0.464710
Epoch 390 [70000/84843] Loss: 0.346117
Epoch 390 - Avg Loss: 0.409767 | Train Acc: 94.39%
Val: loss=0.3631, acc=10622/10975 (96.78%)
Epoch 391 [0/84843] Loss: 0.585589
Epoch 391 [35000/84843] Loss: 0.408024
Epoch 391 [70000/84843] Loss: 0.343130
Epoch 391 - Avg Loss: 0.413450 | Train Acc: 94.23%
Val: loss=0.3632, acc=10625/10975 (96.81%)
Epoch 392 [0/84843] Loss: 0.290497
Epoch 392 [35000/84843] Loss: 0.409068
Epoch 392 [70000/84843] Loss: 0.322183
Epoch 392 - Avg Loss: 0.410347 | Train Acc: 94.37%
Val: loss=0.3632, acc=10622/10975 (96.78%)
Epoch 393 [0/84843] Loss: 0.358217
Epoch 393 [35000/84843] Loss: 0.285421
Epoch 393 [70000/84843] Loss: 0.753606
Epoch 393 - Avg Loss: 0.414970 | Train Acc: 94.11%
Val: loss=0.3632, acc=10623/10975 (96.79%)
Epoch 394 [0/84843] Loss: 0.307247
Epoch 394 [35000/84843] Loss: 0.513559
Epoch 394 [70000/84843] Loss: 0.302442
Epoch 394 - Avg Loss: 0.414745 | Train Acc: 94.26%
Val: loss=0.3631, acc=10624/10975 (96.80%)
Epoch 395 [0/84843] Loss: 0.597963
Epoch 395 [35000/84843] Loss: 0.449728
Epoch 395 [70000/84843] Loss: 0.306626
Epoch 395 - Avg Loss: 0.412030 | Train Acc: 94.28%
Val: loss=0.3631, acc=10626/10975 (96.82%)
Epoch 396 [0/84843] Loss: 0.403526
Epoch 396 [35000/84843] Loss: 0.556902
Epoch 396 [70000/84843] Loss: 0.329742
Epoch 396 - Avg Loss: 0.413659 | Train Acc: 94.18%
Val: loss=0.3632, acc=10627/10975 (96.83%)
Epoch 397 [0/84843] Loss: 0.280050
Epoch 397 [35000/84843] Loss: 0.352862
Epoch 397 [70000/84843] Loss: 0.307507
Epoch 397 - Avg Loss: 0.409836 | Train Acc: 94.36%
Val: loss=0.3634, acc=10624/10975 (96.80%)
Epoch 398 [0/84843] Loss: 0.540933
Epoch 398 [35000/84843] Loss: 0.519738
Epoch 398 [70000/84843] Loss: 0.409483
Epoch 398 - Avg Loss: 0.415436 | Train Acc: 94.08%
Val: loss=0.3632, acc=10624/10975 (96.80%)
Epoch 399 [0/84843] Loss: 0.464307
Epoch 399 [35000/84843] Loss: 0.351544
Epoch 399 [70000/84843] Loss: 0.311412
Epoch 399 - Avg Loss: 0.413580 | Train Acc: 94.24%
Val: loss=0.3631, acc=10624/10975 (96.80%)
Epoch 400 [0/84843] Loss: 0.279709
Epoch 400 [35000/84843] Loss: 0.454558
Epoch 400 [70000/84843] Loss: 0.492550
Epoch 400 - Avg Loss: 0.412067 | Train Acc: 94.31%
Val: loss=0.3632, acc=10624/10975 (96.80%)
Test: loss=0.4563, acc=11305/12101 (93.42%)
