Running feature config: 40_mels (task 30)
SpecAugment freq_mask=8 time_mask=10
Device: cuda
Feature config: 40_mels -> {'n_mels': 40, 'use_delta': False, 'use_delta_delta': False}
SpecAugment: True freq_mask=8 time_mask=10
GPU Name: Tesla V100-SXM2-32GB
GPU Memory: 34.07 GB
Total model parameters: 46,092
Epoch 1 [0/84843] Loss: 2.529308
Epoch 1 [35000/84843] Loss: 1.776612
Epoch 1 [70000/84843] Loss: 1.541991
Epoch 1 - Avg Loss: 1.743659 | Train Acc: 52.96%
Val: loss=1.5705, acc=6248/10975 (56.93%)
saved best: 56.93%
Epoch 2 [0/84843] Loss: 1.448862
Epoch 2 [35000/84843] Loss: 1.382846
Epoch 2 [70000/84843] Loss: 1.422161
Epoch 2 - Avg Loss: 1.421650 | Train Acc: 63.91%
Val: loss=1.3897, acc=7250/10975 (66.06%)
saved best: 66.06%
Epoch 3 [0/84843] Loss: 1.591755
Epoch 3 [35000/84843] Loss: 1.275151
Epoch 3 [70000/84843] Loss: 1.380671
Epoch 3 - Avg Loss: 1.345253 | Train Acc: 66.72%
Val: loss=1.3509, acc=7251/10975 (66.07%)
saved best: 66.07%
Epoch 4 [0/84843] Loss: 1.491025
Epoch 4 [35000/84843] Loss: 1.342892
Epoch 4 [70000/84843] Loss: 1.055109
Epoch 4 - Avg Loss: 1.282267 | Train Acc: 67.07%
Val: loss=1.2621, acc=7358/10975 (67.04%)
saved best: 67.04%
Epoch 5 [0/84843] Loss: 1.202360
Epoch 5 [35000/84843] Loss: 1.276663
Epoch 5 [70000/84843] Loss: 1.274951
Epoch 5 - Avg Loss: 1.205248 | Train Acc: 68.39%
Val: loss=1.1905, acc=7434/10975 (67.74%)
saved best: 67.74%
Epoch 6 [0/84843] Loss: 1.121584
Epoch 6 [35000/84843] Loss: 0.910777
Epoch 6 [70000/84843] Loss: 0.809558
Epoch 6 - Avg Loss: 1.159662 | Train Acc: 68.69%
Val: loss=1.1508, acc=7436/10975 (67.75%)
saved best: 67.75%
Epoch 7 [0/84843] Loss: 1.263952
Epoch 7 [35000/84843] Loss: 1.335100
Epoch 7 [70000/84843] Loss: 1.022323
Epoch 7 - Avg Loss: 1.125573 | Train Acc: 68.97%
Val: loss=1.1086, acc=7495/10975 (68.29%)
saved best: 68.29%
Epoch 8 [0/84843] Loss: 1.218307
Epoch 8 [35000/84843] Loss: 1.603196
Epoch 8 [70000/84843] Loss: 0.839503
Epoch 8 - Avg Loss: 1.095276 | Train Acc: 69.24%
Val: loss=1.0741, acc=7574/10975 (69.01%)
saved best: 69.01%
Epoch 9 [0/84843] Loss: 1.136435
Epoch 9 [35000/84843] Loss: 0.933428
Epoch 9 [70000/84843] Loss: 0.896185
Epoch 9 - Avg Loss: 1.063086 | Train Acc: 69.76%
Val: loss=1.0407, acc=7650/10975 (69.70%)
saved best: 69.70%
Epoch 10 [0/84843] Loss: 1.187425
Epoch 10 [35000/84843] Loss: 1.033121
Epoch 10 [70000/84843] Loss: 1.049757
Epoch 10 - Avg Loss: 1.023468 | Train Acc: 71.01%
Val: loss=0.9893, acc=7863/10975 (71.64%)
saved best: 71.64%
Epoch 11 [0/84843] Loss: 1.014996
Epoch 11 [35000/84843] Loss: 0.919309
Epoch 11 [70000/84843] Loss: 0.854211
Epoch 11 - Avg Loss: 0.985486 | Train Acc: 72.34%
Val: loss=0.9479, acc=8026/10975 (73.13%)
saved best: 73.13%
Epoch 12 [0/84843] Loss: 0.835897
Epoch 12 [35000/84843] Loss: 0.860800
Epoch 12 [70000/84843] Loss: 1.061030
Epoch 12 - Avg Loss: 0.945098 | Train Acc: 73.61%
Val: loss=0.8971, acc=8246/10975 (75.13%)
saved best: 75.13%
Epoch 13 [0/84843] Loss: 0.997273
Epoch 13 [35000/84843] Loss: 0.830000
Epoch 13 [70000/84843] Loss: 1.008519
Epoch 13 - Avg Loss: 0.912599 | Train Acc: 75.04%
Val: loss=0.8705, acc=8464/10975 (77.12%)
saved best: 77.12%
Epoch 14 [0/84843] Loss: 0.844124
Epoch 14 [35000/84843] Loss: 1.023096
Epoch 14 [70000/84843] Loss: 0.756787
Epoch 14 - Avg Loss: 0.880968 | Train Acc: 76.74%
Val: loss=0.8248, acc=8697/10975 (79.24%)
saved best: 79.24%
Epoch 15 [0/84843] Loss: 1.046167
Epoch 15 [35000/84843] Loss: 0.737869
Epoch 15 [70000/84843] Loss: 0.790118
Epoch 15 - Avg Loss: 0.849556 | Train Acc: 78.16%
Val: loss=0.7971, acc=8920/10975 (81.28%)
saved best: 81.28%
Epoch 16 [0/84843] Loss: 0.713953
Epoch 16 [35000/84843] Loss: 0.776392
Epoch 16 [70000/84843] Loss: 0.728087
Epoch 16 - Avg Loss: 0.820302 | Train Acc: 79.28%
Val: loss=0.7619, acc=9031/10975 (82.29%)
saved best: 82.29%
Epoch 17 [0/84843] Loss: 0.646970
Epoch 17 [35000/84843] Loss: 0.678003
Epoch 17 [70000/84843] Loss: 0.819518
Epoch 17 - Avg Loss: 0.788476 | Train Acc: 80.43%
Val: loss=0.7315, acc=9075/10975 (82.69%)
saved best: 82.69%
Epoch 18 [0/84843] Loss: 0.714544
Epoch 18 [35000/84843] Loss: 0.695225
Epoch 18 [70000/84843] Loss: 0.904994
Epoch 18 - Avg Loss: 0.757140 | Train Acc: 81.39%
Val: loss=0.6974, acc=9219/10975 (84.00%)
saved best: 84.00%
Epoch 19 [0/84843] Loss: 0.665168
Epoch 19 [35000/84843] Loss: 0.623931
Epoch 19 [70000/84843] Loss: 0.546853
Epoch 19 - Avg Loss: 0.728684 | Train Acc: 82.65%
Val: loss=0.6622, acc=9435/10975 (85.97%)
saved best: 85.97%
Epoch 20 [0/84843] Loss: 0.708638
Epoch 20 [35000/84843] Loss: 0.677200
Epoch 20 [70000/84843] Loss: 0.683416
Epoch 20 - Avg Loss: 0.703999 | Train Acc: 83.75%
Val: loss=0.6407, acc=9521/10975 (86.75%)
saved best: 86.75%
Epoch 21 [0/84843] Loss: 0.997359
Epoch 21 [35000/84843] Loss: 0.524282
Epoch 21 [70000/84843] Loss: 0.787695
Epoch 21 - Avg Loss: 0.681623 | Train Acc: 84.58%
Val: loss=0.6506, acc=9521/10975 (86.75%)
Epoch 22 [0/84843] Loss: 0.699554
Epoch 22 [35000/84843] Loss: 0.541538
Epoch 22 [70000/84843] Loss: 0.623797
Epoch 22 - Avg Loss: 0.660197 | Train Acc: 85.32%
Val: loss=0.6049, acc=9663/10975 (88.05%)
saved best: 88.05%
Epoch 23 [0/84843] Loss: 0.780268
Epoch 23 [35000/84843] Loss: 0.638071
Epoch 23 [70000/84843] Loss: 0.514146
Epoch 23 - Avg Loss: 0.647825 | Train Acc: 85.78%
Val: loss=0.6192, acc=9589/10975 (87.37%)
Epoch 24 [0/84843] Loss: 0.562081
Epoch 24 [35000/84843] Loss: 0.792157
Epoch 24 [70000/84843] Loss: 0.712880
Epoch 24 - Avg Loss: 0.626842 | Train Acc: 86.58%
Val: loss=0.5833, acc=9741/10975 (88.76%)
saved best: 88.76%
Epoch 25 [0/84843] Loss: 0.588161
Epoch 25 [35000/84843] Loss: 0.605386
Epoch 25 [70000/84843] Loss: 0.566724
Epoch 25 - Avg Loss: 0.612319 | Train Acc: 87.18%
Val: loss=0.5720, acc=9794/10975 (89.24%)
saved best: 89.24%
Epoch 26 [0/84843] Loss: 0.495247
Epoch 26 [35000/84843] Loss: 0.612940
Epoch 26 [70000/84843] Loss: 0.491353
Epoch 26 - Avg Loss: 0.601128 | Train Acc: 87.57%
Val: loss=0.5605, acc=9853/10975 (89.78%)
saved best: 89.78%
Epoch 27 [0/84843] Loss: 0.782553
Epoch 27 [35000/84843] Loss: 0.598775
Epoch 27 [70000/84843] Loss: 0.559314
Epoch 27 - Avg Loss: 0.587044 | Train Acc: 88.21%
Val: loss=0.5401, acc=9926/10975 (90.44%)
saved best: 90.44%
Epoch 28 [0/84843] Loss: 0.569446
Epoch 28 [35000/84843] Loss: 0.740568
Epoch 28 [70000/84843] Loss: 0.478128
Epoch 28 - Avg Loss: 0.577581 | Train Acc: 88.48%
Val: loss=0.5334, acc=9950/10975 (90.66%)
saved best: 90.66%
Epoch 29 [0/84843] Loss: 0.716373
Epoch 29 [35000/84843] Loss: 0.555723
Epoch 29 [70000/84843] Loss: 0.638966
Epoch 29 - Avg Loss: 0.569357 | Train Acc: 88.78%
Val: loss=0.5434, acc=9892/10975 (90.13%)
Epoch 30 [0/84843] Loss: 0.512235
Epoch 30 [35000/84843] Loss: 0.567037
Epoch 30 [70000/84843] Loss: 0.536317
Epoch 30 - Avg Loss: 0.559363 | Train Acc: 89.23%
Val: loss=0.5309, acc=9967/10975 (90.82%)
saved best: 90.82%
Epoch 31 [0/84843] Loss: 0.470208
Epoch 31 [35000/84843] Loss: 0.516704
Epoch 31 [70000/84843] Loss: 0.735926
Epoch 31 - Avg Loss: 0.547943 | Train Acc: 89.68%
Val: loss=0.5063, acc=10076/10975 (91.81%)
saved best: 91.81%
Epoch 32 [0/84843] Loss: 0.496118
Epoch 32 [35000/84843] Loss: 0.431674
Epoch 32 [70000/84843] Loss: 0.521301
Epoch 32 - Avg Loss: 0.544028 | Train Acc: 89.72%
Val: loss=0.5139, acc=10028/10975 (91.37%)
Epoch 33 [0/84843] Loss: 0.434163
Epoch 33 [35000/84843] Loss: 0.465174
Epoch 33 [70000/84843] Loss: 0.591382
Epoch 33 - Avg Loss: 0.532905 | Train Acc: 90.31%
Val: loss=0.5119, acc=10032/10975 (91.41%)
Epoch 34 [0/84843] Loss: 0.443225
Epoch 34 [35000/84843] Loss: 0.639533
Epoch 34 [70000/84843] Loss: 0.447532
Epoch 34 - Avg Loss: 0.527929 | Train Acc: 90.39%
Val: loss=0.4930, acc=10121/10975 (92.22%)
saved best: 92.22%
Epoch 35 [0/84843] Loss: 0.472326
Epoch 35 [35000/84843] Loss: 0.564507
Epoch 35 [70000/84843] Loss: 0.540352
Epoch 35 - Avg Loss: 0.521799 | Train Acc: 90.64%
Val: loss=0.4879, acc=10126/10975 (92.26%)
saved best: 92.26%
Epoch 36 [0/84843] Loss: 0.519886
Epoch 36 [35000/84843] Loss: 0.536872
Epoch 36 [70000/84843] Loss: 0.568633
Epoch 36 - Avg Loss: 0.515416 | Train Acc: 90.85%
Val: loss=0.5139, acc=10018/10975 (91.28%)
Epoch 37 [0/84843] Loss: 0.528906
Epoch 37 [35000/84843] Loss: 0.504002
Epoch 37 [70000/84843] Loss: 0.700163
Epoch 37 - Avg Loss: 0.505761 | Train Acc: 91.18%
Val: loss=0.4799, acc=10152/10975 (92.50%)
saved best: 92.50%
Epoch 38 [0/84843] Loss: 0.530113
Epoch 38 [35000/84843] Loss: 0.552247
Epoch 38 [70000/84843] Loss: 0.665849
Epoch 38 - Avg Loss: 0.503847 | Train Acc: 91.32%
Val: loss=0.4759, acc=10152/10975 (92.50%)
Epoch 39 [0/84843] Loss: 0.329096
Epoch 39 [35000/84843] Loss: 0.582197
Epoch 39 [70000/84843] Loss: 0.598589
Epoch 39 - Avg Loss: 0.498391 | Train Acc: 91.47%
Val: loss=0.4692, acc=10214/10975 (93.07%)
saved best: 93.07%
Epoch 40 [0/84843] Loss: 0.448169
Epoch 40 [35000/84843] Loss: 0.544293
Epoch 40 [70000/84843] Loss: 0.675636
Epoch 40 - Avg Loss: 0.496704 | Train Acc: 91.57%
Val: loss=0.4879, acc=10107/10975 (92.09%)
Epoch 41 [0/84843] Loss: 0.371270
Epoch 41 [35000/84843] Loss: 0.479271
Epoch 41 [70000/84843] Loss: 0.405903
Epoch 41 - Avg Loss: 0.490683 | Train Acc: 91.77%
Val: loss=0.4662, acc=10200/10975 (92.94%)
Epoch 42 [0/84843] Loss: 0.643715
Epoch 42 [35000/84843] Loss: 0.471051
Epoch 42 [70000/84843] Loss: 0.390294
Epoch 42 - Avg Loss: 0.487001 | Train Acc: 91.85%
Val: loss=0.4562, acc=10249/10975 (93.38%)
saved best: 93.38%
Epoch 43 [0/84843] Loss: 0.443182
Epoch 43 [35000/84843] Loss: 0.559642
Epoch 43 [70000/84843] Loss: 0.440742
Epoch 43 - Avg Loss: 0.479138 | Train Acc: 92.19%
Val: loss=0.4614, acc=10222/10975 (93.14%)
Epoch 44 [0/84843] Loss: 0.479446
Epoch 44 [35000/84843] Loss: 0.495475
Epoch 44 [70000/84843] Loss: 0.340443
Epoch 44 - Avg Loss: 0.476606 | Train Acc: 92.27%
Val: loss=0.4565, acc=10229/10975 (93.20%)
Epoch 45 [0/84843] Loss: 0.417546
Epoch 45 [35000/84843] Loss: 0.624780
Epoch 45 [70000/84843] Loss: 0.531538
Epoch 45 - Avg Loss: 0.470701 | Train Acc: 92.53%
Val: loss=0.4465, acc=10268/10975 (93.56%)
saved best: 93.56%
Epoch 46 [0/84843] Loss: 0.335742
Epoch 46 [35000/84843] Loss: 0.427962
Epoch 46 [70000/84843] Loss: 0.612676
Epoch 46 - Avg Loss: 0.469573 | Train Acc: 92.52%
Val: loss=0.4474, acc=10255/10975 (93.44%)
Epoch 47 [0/84843] Loss: 0.534618
Epoch 47 [35000/84843] Loss: 0.522776
Epoch 47 [70000/84843] Loss: 0.618159
Epoch 47 - Avg Loss: 0.467591 | Train Acc: 92.66%
Val: loss=0.4539, acc=10235/10975 (93.26%)
Epoch 48 [0/84843] Loss: 0.399301
Epoch 48 [35000/84843] Loss: 0.355182
Epoch 48 [70000/84843] Loss: 0.462528
Epoch 48 - Avg Loss: 0.464029 | Train Acc: 92.77%
Val: loss=0.4498, acc=10263/10975 (93.51%)
Epoch 49 [0/84843] Loss: 0.425585
Epoch 49 [35000/84843] Loss: 0.435832
Epoch 49 [70000/84843] Loss: 0.411936
Epoch 49 - Avg Loss: 0.459988 | Train Acc: 92.95%
Val: loss=0.4477, acc=10278/10975 (93.65%)
saved best: 93.65%
Epoch 50 [0/84843] Loss: 0.445894
Epoch 50 [35000/84843] Loss: 0.383841
Epoch 50 [70000/84843] Loss: 0.357633
Epoch 50 - Avg Loss: 0.457132 | Train Acc: 93.03%
Val: loss=0.4357, acc=10300/10975 (93.85%)
saved best: 93.85%
Epoch 51 [0/84843] Loss: 0.463542
Epoch 51 [35000/84843] Loss: 0.387447
Epoch 51 [70000/84843] Loss: 0.333123
Epoch 51 - Avg Loss: 0.452841 | Train Acc: 93.26%
Val: loss=0.4459, acc=10282/10975 (93.69%)
Epoch 52 [0/84843] Loss: 0.449549
Epoch 52 [35000/84843] Loss: 0.510140
Epoch 52 [70000/84843] Loss: 0.432718
Epoch 52 - Avg Loss: 0.453814 | Train Acc: 93.13%
Val: loss=0.4383, acc=10312/10975 (93.96%)
saved best: 93.96%
Epoch 53 [0/84843] Loss: 0.422551
Epoch 53 [35000/84843] Loss: 0.306700
Epoch 53 [70000/84843] Loss: 0.449435
Epoch 53 - Avg Loss: 0.447220 | Train Acc: 93.39%
Val: loss=0.4340, acc=10310/10975 (93.94%)
Epoch 54 [0/84843] Loss: 0.611120
Epoch 54 [35000/84843] Loss: 0.494627
Epoch 54 [70000/84843] Loss: 0.551541
Epoch 54 - Avg Loss: 0.446794 | Train Acc: 93.40%
Val: loss=0.4313, acc=10335/10975 (94.17%)
saved best: 94.17%
Epoch 55 [0/84843] Loss: 0.328625
Epoch 55 [35000/84843] Loss: 0.353158
Epoch 55 [70000/84843] Loss: 0.426693
Epoch 55 - Avg Loss: 0.443427 | Train Acc: 93.55%
Val: loss=0.4414, acc=10279/10975 (93.66%)
Epoch 56 [0/84843] Loss: 0.526347
Epoch 56 [35000/84843] Loss: 0.563860
Epoch 56 [70000/84843] Loss: 0.529503
Epoch 56 - Avg Loss: 0.438366 | Train Acc: 93.66%
Val: loss=0.4436, acc=10297/10975 (93.82%)
Epoch 57 [0/84843] Loss: 0.558872
Epoch 57 [35000/84843] Loss: 0.384351
Epoch 57 [70000/84843] Loss: 0.385260
Epoch 57 - Avg Loss: 0.439307 | Train Acc: 93.70%
Val: loss=0.4215, acc=10374/10975 (94.52%)
saved best: 94.52%
Epoch 58 [0/84843] Loss: 0.397207
Epoch 58 [35000/84843] Loss: 0.469988
Epoch 58 [70000/84843] Loss: 0.456259
Epoch 58 - Avg Loss: 0.439266 | Train Acc: 93.73%
Val: loss=0.4350, acc=10288/10975 (93.74%)
Epoch 59 [0/84843] Loss: 0.376447
Epoch 59 [35000/84843] Loss: 0.351419
Epoch 59 [70000/84843] Loss: 0.542398
Epoch 59 - Avg Loss: 0.433617 | Train Acc: 93.88%
Val: loss=0.4247, acc=10360/10975 (94.40%)
Epoch 60 [0/84843] Loss: 0.577363
Epoch 60 [35000/84843] Loss: 0.376694
Epoch 60 [70000/84843] Loss: 0.551826
Epoch 60 - Avg Loss: 0.430038 | Train Acc: 94.06%
Val: loss=0.4279, acc=10359/10975 (94.39%)
Epoch 61 [0/84843] Loss: 0.403709
Epoch 61 [35000/84843] Loss: 0.561818
Epoch 61 [70000/84843] Loss: 0.425484
Epoch 61 - Avg Loss: 0.430699 | Train Acc: 94.06%
Val: loss=0.4268, acc=10343/10975 (94.24%)
Epoch 62 [0/84843] Loss: 0.389522
Epoch 62 [35000/84843] Loss: 0.371820
Epoch 62 [70000/84843] Loss: 0.327624
Epoch 62 - Avg Loss: 0.427556 | Train Acc: 94.04%
Val: loss=0.4237, acc=10381/10975 (94.59%)
saved best: 94.59%
Epoch 63 [0/84843] Loss: 0.415340
Epoch 63 [35000/84843] Loss: 0.441509
Epoch 63 [70000/84843] Loss: 0.306693
Epoch 63 - Avg Loss: 0.426568 | Train Acc: 94.22%
Val: loss=0.4204, acc=10363/10975 (94.42%)
Epoch 64 [0/84843] Loss: 0.372548
Epoch 64 [35000/84843] Loss: 0.416027
Epoch 64 [70000/84843] Loss: 0.562318
Epoch 64 - Avg Loss: 0.426884 | Train Acc: 94.12%
Val: loss=0.4223, acc=10380/10975 (94.58%)
Epoch 65 [0/84843] Loss: 0.360370
Epoch 65 [35000/84843] Loss: 0.423497
Epoch 65 [70000/84843] Loss: 0.369101
Epoch 65 - Avg Loss: 0.424936 | Train Acc: 94.22%
Val: loss=0.4143, acc=10412/10975 (94.87%)
saved best: 94.87%
Epoch 66 [0/84843] Loss: 0.407637
Epoch 66 [35000/84843] Loss: 0.324235
Epoch 66 [70000/84843] Loss: 0.657763
Epoch 66 - Avg Loss: 0.421464 | Train Acc: 94.38%
Val: loss=0.4192, acc=10386/10975 (94.63%)
Epoch 67 [0/84843] Loss: 0.373554
Epoch 67 [35000/84843] Loss: 0.364797
Epoch 67 [70000/84843] Loss: 0.444477
Epoch 67 - Avg Loss: 0.421091 | Train Acc: 94.35%
Val: loss=0.4107, acc=10427/10975 (95.01%)
saved best: 95.01%
Epoch 68 [0/84843] Loss: 0.293880
Epoch 68 [35000/84843] Loss: 0.585181
Epoch 68 [70000/84843] Loss: 0.410376
Epoch 68 - Avg Loss: 0.418141 | Train Acc: 94.40%
Val: loss=0.4198, acc=10389/10975 (94.66%)
Epoch 69 [0/84843] Loss: 0.485256
Epoch 69 [35000/84843] Loss: 0.495189
Epoch 69 [70000/84843] Loss: 0.444203
Epoch 69 - Avg Loss: 0.420782 | Train Acc: 94.31%
Val: loss=0.4097, acc=10413/10975 (94.88%)
Epoch 70 [0/84843] Loss: 0.443251
Epoch 70 [35000/84843] Loss: 0.314684
Epoch 70 [70000/84843] Loss: 0.367791
Epoch 70 - Avg Loss: 0.418585 | Train Acc: 94.43%
Val: loss=0.4217, acc=10364/10975 (94.43%)
Epoch 71 [0/84843] Loss: 0.354121
Epoch 71 [35000/84843] Loss: 0.343610
Epoch 71 [70000/84843] Loss: 0.465474
Epoch 71 - Avg Loss: 0.412641 | Train Acc: 94.69%
Val: loss=0.4223, acc=10388/10975 (94.65%)
Epoch 72 [0/84843] Loss: 0.435297
Epoch 72 [35000/84843] Loss: 0.393948
Epoch 72 [70000/84843] Loss: 0.323035
Epoch 72 - Avg Loss: 0.413942 | Train Acc: 94.65%
Val: loss=0.4076, acc=10430/10975 (95.03%)
saved best: 95.03%
Epoch 73 [0/84843] Loss: 0.332107
Epoch 73 [35000/84843] Loss: 0.379019
Epoch 73 [70000/84843] Loss: 0.487553
Epoch 73 - Avg Loss: 0.413492 | Train Acc: 94.64%
Val: loss=0.4122, acc=10408/10975 (94.83%)
Epoch 74 [0/84843] Loss: 0.458028
Epoch 74 [35000/84843] Loss: 0.339533
Epoch 74 [70000/84843] Loss: 0.411145
Epoch 74 - Avg Loss: 0.410917 | Train Acc: 94.72%
Val: loss=0.4274, acc=10359/10975 (94.39%)
Epoch 75 [0/84843] Loss: 0.543142
Epoch 75 [35000/84843] Loss: 0.401244
Epoch 75 [70000/84843] Loss: 0.409776
Epoch 75 - Avg Loss: 0.409867 | Train Acc: 94.74%
Val: loss=0.4104, acc=10415/10975 (94.90%)
Epoch 76 [0/84843] Loss: 0.412133
Epoch 76 [35000/84843] Loss: 0.427098
Epoch 76 [70000/84843] Loss: 0.426876
Epoch 76 - Avg Loss: 0.408727 | Train Acc: 94.81%
Val: loss=0.4082, acc=10431/10975 (95.04%)
saved best: 95.04%
Epoch 77 [0/84843] Loss: 0.523457
Epoch 77 [35000/84843] Loss: 0.451611
Epoch 77 [70000/84843] Loss: 0.501474
Epoch 77 - Avg Loss: 0.408672 | Train Acc: 94.78%
Val: loss=0.4091, acc=10413/10975 (94.88%)
Epoch 78 [0/84843] Loss: 0.496753
Epoch 78 [35000/84843] Loss: 0.430261
Epoch 78 [70000/84843] Loss: 0.374080
Epoch 78 - Avg Loss: 0.408190 | Train Acc: 94.85%
Val: loss=0.4046, acc=10432/10975 (95.05%)
saved best: 95.05%
Epoch 79 [0/84843] Loss: 0.362064
Epoch 79 [35000/84843] Loss: 0.400525
Epoch 79 [70000/84843] Loss: 0.496430
Epoch 79 - Avg Loss: 0.406042 | Train Acc: 94.92%
Val: loss=0.4067, acc=10426/10975 (95.00%)
Epoch 80 [0/84843] Loss: 0.412816
Epoch 80 [35000/84843] Loss: 0.373530
Epoch 80 [70000/84843] Loss: 0.474551
Epoch 80 - Avg Loss: 0.404593 | Train Acc: 94.97%
Val: loss=0.4076, acc=10423/10975 (94.97%)
Epoch 81 [0/84843] Loss: 0.364073
Epoch 81 [35000/84843] Loss: 0.364418
Epoch 81 [70000/84843] Loss: 0.315618
Epoch 81 - Avg Loss: 0.403798 | Train Acc: 95.02%
Val: loss=0.4019, acc=10457/10975 (95.28%)
saved best: 95.28%
Epoch 82 [0/84843] Loss: 0.383287
Epoch 82 [35000/84843] Loss: 0.389740
Epoch 82 [70000/84843] Loss: 0.324658
Epoch 82 - Avg Loss: 0.402303 | Train Acc: 95.05%
Val: loss=0.4033, acc=10459/10975 (95.30%)
saved best: 95.30%
Epoch 83 [0/84843] Loss: 0.492078
Epoch 83 [35000/84843] Loss: 0.458655
Epoch 83 [70000/84843] Loss: 0.303947
Epoch 83 - Avg Loss: 0.400730 | Train Acc: 95.08%
Val: loss=0.4032, acc=10437/10975 (95.10%)
Epoch 84 [0/84843] Loss: 0.464775
Epoch 84 [35000/84843] Loss: 0.402547
Epoch 84 [70000/84843] Loss: 0.364532
Epoch 84 - Avg Loss: 0.399828 | Train Acc: 95.12%
Val: loss=0.4015, acc=10449/10975 (95.21%)
Epoch 85 [0/84843] Loss: 0.356353
Epoch 85 [35000/84843] Loss: 0.298917
Epoch 85 [70000/84843] Loss: 0.355454
Epoch 85 - Avg Loss: 0.398200 | Train Acc: 95.16%
Val: loss=0.4052, acc=10436/10975 (95.09%)
Epoch 86 [0/84843] Loss: 0.374895
Epoch 86 [35000/84843] Loss: 0.352601
Epoch 86 [70000/84843] Loss: 0.374297
Epoch 86 - Avg Loss: 0.401330 | Train Acc: 95.08%
Val: loss=0.4025, acc=10443/10975 (95.15%)
Epoch 87 [0/84843] Loss: 0.330988
Epoch 87 [35000/84843] Loss: 0.452204
Epoch 87 [70000/84843] Loss: 0.340214
Epoch 87 - Avg Loss: 0.399739 | Train Acc: 95.12%
Val: loss=0.4010, acc=10456/10975 (95.27%)
Epoch 88 [0/84843] Loss: 0.314330
Epoch 88 [35000/84843] Loss: 0.324281
Epoch 88 [70000/84843] Loss: 0.502018
Epoch 88 - Avg Loss: 0.397729 | Train Acc: 95.24%
Val: loss=0.4022, acc=10455/10975 (95.26%)
Epoch 89 [0/84843] Loss: 0.355945
Epoch 89 [35000/84843] Loss: 0.400829
Epoch 89 [70000/84843] Loss: 0.395375
Epoch 89 - Avg Loss: 0.396087 | Train Acc: 95.32%
Val: loss=0.3995, acc=10459/10975 (95.30%)
Epoch 90 [0/84843] Loss: 0.307641
Epoch 90 [35000/84843] Loss: 0.443407
Epoch 90 [70000/84843] Loss: 0.366616
Epoch 90 - Avg Loss: 0.393702 | Train Acc: 95.35%
Val: loss=0.4004, acc=10453/10975 (95.24%)
Epoch 91 [0/84843] Loss: 0.326722
Epoch 91 [35000/84843] Loss: 0.344055
Epoch 91 [70000/84843] Loss: 0.306498
Epoch 91 - Avg Loss: 0.394750 | Train Acc: 95.31%
Val: loss=0.3966, acc=10481/10975 (95.50%)
saved best: 95.50%
Epoch 92 [0/84843] Loss: 0.413357
Epoch 92 [35000/84843] Loss: 0.362830
Epoch 92 [70000/84843] Loss: 0.463716
Epoch 92 - Avg Loss: 0.395828 | Train Acc: 95.26%
Val: loss=0.3988, acc=10475/10975 (95.44%)
Epoch 93 [0/84843] Loss: 0.324088
Epoch 93 [35000/84843] Loss: 0.493305
Epoch 93 [70000/84843] Loss: 0.313743
Epoch 93 - Avg Loss: 0.394204 | Train Acc: 95.34%
Val: loss=0.3989, acc=10452/10975 (95.23%)
Epoch 94 [0/84843] Loss: 0.402535
Epoch 94 [35000/84843] Loss: 0.408751
Epoch 94 [70000/84843] Loss: 0.349974
Epoch 94 - Avg Loss: 0.389691 | Train Acc: 95.58%
Val: loss=0.4092, acc=10429/10975 (95.03%)
Epoch 95 [0/84843] Loss: 0.393138
Epoch 95 [35000/84843] Loss: 0.454317
Epoch 95 [70000/84843] Loss: 0.346355
Epoch 95 - Avg Loss: 0.389818 | Train Acc: 95.50%
Val: loss=0.4104, acc=10419/10975 (94.93%)
Epoch 96 [0/84843] Loss: 0.363892
Epoch 96 [35000/84843] Loss: 0.295037
Epoch 96 [70000/84843] Loss: 0.329095
Epoch 96 - Avg Loss: 0.392635 | Train Acc: 95.40%
Val: loss=0.4020, acc=10453/10975 (95.24%)
Epoch 97 [0/84843] Loss: 0.541696
Epoch 97 [35000/84843] Loss: 0.379071
Epoch 97 [70000/84843] Loss: 0.391672
Epoch 97 - Avg Loss: 0.393058 | Train Acc: 95.45%
Val: loss=0.3988, acc=10454/10975 (95.25%)
Epoch 98 [0/84843] Loss: 0.447093
Epoch 98 [35000/84843] Loss: 0.522445
Epoch 98 [70000/84843] Loss: 0.433005
Epoch 98 - Avg Loss: 0.391713 | Train Acc: 95.47%
Val: loss=0.3964, acc=10481/10975 (95.50%)
Epoch 99 [0/84843] Loss: 0.390701
Epoch 99 [35000/84843] Loss: 0.367563
Epoch 99 [70000/84843] Loss: 0.390894
Epoch 99 - Avg Loss: 0.388884 | Train Acc: 95.53%
Val: loss=0.3943, acc=10476/10975 (95.45%)
Epoch 100 [0/84843] Loss: 0.390461
Epoch 100 [35000/84843] Loss: 0.324659
Epoch 100 [70000/84843] Loss: 0.369055
Epoch 100 - Avg Loss: 0.389956 | Train Acc: 95.53%
Val: loss=0.3940, acc=10500/10975 (95.67%)
saved best: 95.67%
Epoch 101 [0/84843] Loss: 0.287837
Epoch 101 [35000/84843] Loss: 0.340581
Epoch 101 [70000/84843] Loss: 0.350770
Epoch 101 - Avg Loss: 0.390312 | Train Acc: 95.50%
Val: loss=0.4022, acc=10446/10975 (95.18%)
Epoch 102 [0/84843] Loss: 0.469409
Epoch 102 [35000/84843] Loss: 0.469208
Epoch 102 [70000/84843] Loss: 0.376777
Epoch 102 - Avg Loss: 0.387798 | Train Acc: 95.60%
Val: loss=0.3952, acc=10473/10975 (95.43%)
Epoch 103 [0/84843] Loss: 0.438769
Epoch 103 [35000/84843] Loss: 0.323093
Epoch 103 [70000/84843] Loss: 0.381669
Epoch 103 - Avg Loss: 0.387000 | Train Acc: 95.60%
Val: loss=0.3906, acc=10514/10975 (95.80%)
saved best: 95.80%
Epoch 104 [0/84843] Loss: 0.341946
Epoch 104 [35000/84843] Loss: 0.348214
Epoch 104 [70000/84843] Loss: 0.436175
Epoch 104 - Avg Loss: 0.387943 | Train Acc: 95.55%
Val: loss=0.3939, acc=10489/10975 (95.57%)
Epoch 105 [0/84843] Loss: 0.393043
Epoch 105 [35000/84843] Loss: 0.297268
Epoch 105 [70000/84843] Loss: 0.354092
Epoch 105 - Avg Loss: 0.388236 | Train Acc: 95.62%
Val: loss=0.4037, acc=10451/10975 (95.23%)
Epoch 106 [0/84843] Loss: 0.517870
Epoch 106 [35000/84843] Loss: 0.437981
Epoch 106 [70000/84843] Loss: 0.400495
Epoch 106 - Avg Loss: 0.385619 | Train Acc: 95.67%
Val: loss=0.3881, acc=10492/10975 (95.60%)
Epoch 107 [0/84843] Loss: 0.301953
Epoch 107 [35000/84843] Loss: 0.310263
Epoch 107 [70000/84843] Loss: 0.511523
Epoch 107 - Avg Loss: 0.384901 | Train Acc: 95.70%
Val: loss=0.3895, acc=10509/10975 (95.75%)
Epoch 108 [0/84843] Loss: 0.496857
Epoch 108 [35000/84843] Loss: 0.407380
Epoch 108 [70000/84843] Loss: 0.402014
Epoch 108 - Avg Loss: 0.386582 | Train Acc: 95.65%
Val: loss=0.3938, acc=10496/10975 (95.64%)
Epoch 109 [0/84843] Loss: 0.374679
Epoch 109 [35000/84843] Loss: 0.324446
Epoch 109 [70000/84843] Loss: 0.407923
Epoch 109 - Avg Loss: 0.384908 | Train Acc: 95.68%
Val: loss=0.3863, acc=10520/10975 (95.85%)
saved best: 95.85%
Epoch 110 [0/84843] Loss: 0.366681
Epoch 110 [35000/84843] Loss: 0.320273
Epoch 110 [70000/84843] Loss: 0.377779
Epoch 110 - Avg Loss: 0.386602 | Train Acc: 95.58%
Val: loss=0.4012, acc=10449/10975 (95.21%)
Epoch 111 [0/84843] Loss: 0.342628
Epoch 111 [35000/84843] Loss: 0.329459
Epoch 111 [70000/84843] Loss: 0.542640
Epoch 111 - Avg Loss: 0.383658 | Train Acc: 95.85%
Val: loss=0.3990, acc=10474/10975 (95.44%)
Epoch 112 [0/84843] Loss: 0.365134
Epoch 112 [35000/84843] Loss: 0.298289
Epoch 112 [70000/84843] Loss: 0.328332
Epoch 112 - Avg Loss: 0.382075 | Train Acc: 95.87%
Val: loss=0.3909, acc=10493/10975 (95.61%)
Epoch 113 [0/84843] Loss: 0.339712
Epoch 113 [35000/84843] Loss: 0.488320
Epoch 113 [70000/84843] Loss: 0.400669
Epoch 113 - Avg Loss: 0.381972 | Train Acc: 95.82%
Val: loss=0.4004, acc=10458/10975 (95.29%)
Epoch 114 [0/84843] Loss: 0.349794
Epoch 114 [35000/84843] Loss: 0.357697
Epoch 114 [70000/84843] Loss: 0.299810
Epoch 114 - Avg Loss: 0.383072 | Train Acc: 95.78%
Val: loss=0.3899, acc=10490/10975 (95.58%)
Epoch 115 [0/84843] Loss: 0.291995
Epoch 115 [35000/84843] Loss: 0.343455
Epoch 115 [70000/84843] Loss: 0.540430
Epoch 115 - Avg Loss: 0.382103 | Train Acc: 95.80%
Val: loss=0.3896, acc=10513/10975 (95.79%)
Epoch 116 [0/84843] Loss: 0.402774
Epoch 116 [35000/84843] Loss: 0.399301
Epoch 116 [70000/84843] Loss: 0.326425
Epoch 116 - Avg Loss: 0.382096 | Train Acc: 95.85%
Val: loss=0.3834, acc=10532/10975 (95.96%)
saved best: 95.96%
Epoch 117 [0/84843] Loss: 0.309416
Epoch 117 [35000/84843] Loss: 0.280498
Epoch 117 [70000/84843] Loss: 0.322802
Epoch 117 - Avg Loss: 0.380570 | Train Acc: 95.88%
Val: loss=0.3936, acc=10504/10975 (95.71%)
Epoch 118 [0/84843] Loss: 0.357400
Epoch 118 [35000/84843] Loss: 0.371833
Epoch 118 [70000/84843] Loss: 0.341044
Epoch 118 - Avg Loss: 0.380892 | Train Acc: 95.86%
Val: loss=0.3920, acc=10502/10975 (95.69%)
Epoch 119 [0/84843] Loss: 0.465438
Epoch 119 [35000/84843] Loss: 0.495328
Epoch 119 [70000/84843] Loss: 0.391188
Epoch 119 - Avg Loss: 0.380986 | Train Acc: 95.86%
Val: loss=0.3970, acc=10472/10975 (95.42%)
Epoch 120 [0/84843] Loss: 0.375965
Epoch 120 [35000/84843] Loss: 0.374068
Epoch 120 [70000/84843] Loss: 0.366384
Epoch 120 - Avg Loss: 0.380122 | Train Acc: 95.84%
Val: loss=0.3903, acc=10493/10975 (95.61%)
Epoch 121 [0/84843] Loss: 0.350614
Epoch 121 [35000/84843] Loss: 0.352286
Epoch 121 [70000/84843] Loss: 0.292456
Epoch 121 - Avg Loss: 0.380668 | Train Acc: 95.87%
Val: loss=0.3931, acc=10497/10975 (95.64%)
Epoch 122 [0/84843] Loss: 0.382006
Epoch 122 [35000/84843] Loss: 0.327002
Epoch 122 [70000/84843] Loss: 0.287351
Epoch 122 - Avg Loss: 0.382157 | Train Acc: 95.83%
Val: loss=0.3778, acc=10549/10975 (96.12%)
saved best: 96.12%
Epoch 123 [0/84843] Loss: 0.341972
Epoch 123 [35000/84843] Loss: 0.368086
Epoch 123 [70000/84843] Loss: 0.330461
Epoch 123 - Avg Loss: 0.377144 | Train Acc: 96.02%
Val: loss=0.3908, acc=10503/10975 (95.70%)
Epoch 124 [0/84843] Loss: 0.514334
Epoch 124 [35000/84843] Loss: 0.395383
Epoch 124 [70000/84843] Loss: 0.343524
Epoch 124 - Avg Loss: 0.377531 | Train Acc: 96.01%
Val: loss=0.3929, acc=10493/10975 (95.61%)
Epoch 125 [0/84843] Loss: 0.394071
Epoch 125 [35000/84843] Loss: 0.311400
Epoch 125 [70000/84843] Loss: 0.419076
Epoch 125 - Avg Loss: 0.379119 | Train Acc: 95.88%
Val: loss=0.3950, acc=10488/10975 (95.56%)
Epoch 126 [0/84843] Loss: 0.364336
Epoch 126 [35000/84843] Loss: 0.374292
Epoch 126 [70000/84843] Loss: 0.413078
Epoch 126 - Avg Loss: 0.378567 | Train Acc: 96.00%
Val: loss=0.3866, acc=10529/10975 (95.94%)
Epoch 127 [0/84843] Loss: 0.388500
Epoch 127 [35000/84843] Loss: 0.286277
Epoch 127 [70000/84843] Loss: 0.447014
Epoch 127 - Avg Loss: 0.376510 | Train Acc: 96.08%
Val: loss=0.3884, acc=10503/10975 (95.70%)
Epoch 128 [0/84843] Loss: 0.292662
Epoch 128 [35000/84843] Loss: 0.341935
Epoch 128 [70000/84843] Loss: 0.291769
Epoch 128 - Avg Loss: 0.376632 | Train Acc: 96.01%
Val: loss=0.3816, acc=10536/10975 (96.00%)
Epoch 129 [0/84843] Loss: 0.361072
Epoch 129 [35000/84843] Loss: 0.430311
Epoch 129 [70000/84843] Loss: 0.380768
Epoch 129 - Avg Loss: 0.375017 | Train Acc: 96.09%
Val: loss=0.3865, acc=10499/10975 (95.66%)
Epoch 130 [0/84843] Loss: 0.291198
Epoch 130 [35000/84843] Loss: 0.311050
Epoch 130 [70000/84843] Loss: 0.364064
Epoch 130 - Avg Loss: 0.376388 | Train Acc: 96.06%
Val: loss=0.3945, acc=10480/10975 (95.49%)
Epoch 131 [0/84843] Loss: 0.427956
Epoch 131 [35000/84843] Loss: 0.348311
Epoch 131 [70000/84843] Loss: 0.413001
Epoch 131 - Avg Loss: 0.375607 | Train Acc: 96.07%
Val: loss=0.3877, acc=10514/10975 (95.80%)
Epoch 132 [0/84843] Loss: 0.386438
Epoch 132 [35000/84843] Loss: 0.317566
Epoch 132 [70000/84843] Loss: 0.427211
Epoch 132 - Avg Loss: 0.373984 | Train Acc: 96.13%
Val: loss=0.3902, acc=10506/10975 (95.73%)
Epoch 133 [0/84843] Loss: 0.551413
Epoch 133 [35000/84843] Loss: 0.485891
Epoch 133 [70000/84843] Loss: 0.390088
Epoch 133 - Avg Loss: 0.374235 | Train Acc: 96.14%
Val: loss=0.3852, acc=10517/10975 (95.83%)
Epoch 134 [0/84843] Loss: 0.339667
Epoch 134 [35000/84843] Loss: 0.485587
Epoch 134 [70000/84843] Loss: 0.557863
Epoch 134 - Avg Loss: 0.374553 | Train Acc: 96.08%
Val: loss=0.3818, acc=10522/10975 (95.87%)
Epoch 135 [0/84843] Loss: 0.294652
Epoch 135 [35000/84843] Loss: 0.391490
Epoch 135 [70000/84843] Loss: 0.284550
Epoch 135 - Avg Loss: 0.374102 | Train Acc: 96.13%
Val: loss=0.3878, acc=10524/10975 (95.89%)
Epoch 136 [0/84843] Loss: 0.340430
Epoch 136 [35000/84843] Loss: 0.289992
Epoch 136 [70000/84843] Loss: 0.374016
Epoch 136 - Avg Loss: 0.372657 | Train Acc: 96.14%
Val: loss=0.3836, acc=10513/10975 (95.79%)
Epoch 137 [0/84843] Loss: 0.353821
Epoch 137 [35000/84843] Loss: 0.386945
Epoch 137 [70000/84843] Loss: 0.337969
Epoch 137 - Avg Loss: 0.372788 | Train Acc: 96.19%
Val: loss=0.3881, acc=10507/10975 (95.74%)
Epoch 138 [0/84843] Loss: 0.353363
Epoch 138 [35000/84843] Loss: 0.352475
Epoch 138 [70000/84843] Loss: 0.293623
Epoch 138 - Avg Loss: 0.375697 | Train Acc: 96.01%
Val: loss=0.3857, acc=10511/10975 (95.77%)
Epoch 139 [0/84843] Loss: 0.503935
Epoch 139 [35000/84843] Loss: 0.447251
Epoch 139 [70000/84843] Loss: 0.458517
Epoch 139 - Avg Loss: 0.372427 | Train Acc: 96.18%
Val: loss=0.3877, acc=10523/10975 (95.88%)
Epoch 140 [0/84843] Loss: 0.399644
Epoch 140 [35000/84843] Loss: 0.351166
Epoch 140 [70000/84843] Loss: 0.320887
Epoch 140 - Avg Loss: 0.373236 | Train Acc: 96.15%
Val: loss=0.3886, acc=10502/10975 (95.69%)
Epoch 141 [0/84843] Loss: 0.313609
Epoch 141 [35000/84843] Loss: 0.322809
Epoch 141 [70000/84843] Loss: 0.371105
Epoch 141 - Avg Loss: 0.371147 | Train Acc: 96.27%
Val: loss=0.3852, acc=10515/10975 (95.81%)
Epoch 142 [0/84843] Loss: 0.296326
Epoch 142 [35000/84843] Loss: 0.337218
Epoch 142 [70000/84843] Loss: 0.458358
Epoch 142 - Avg Loss: 0.370041 | Train Acc: 96.31%
Val: loss=0.3839, acc=10521/10975 (95.86%)
Epoch 143 [0/84843] Loss: 0.377265
Epoch 143 [35000/84843] Loss: 0.375086
Epoch 143 [70000/84843] Loss: 0.334186
Epoch 143 - Avg Loss: 0.373501 | Train Acc: 96.09%
Val: loss=0.3877, acc=10528/10975 (95.93%)
Epoch 144 [0/84843] Loss: 0.327216
Epoch 144 [35000/84843] Loss: 0.324823
Epoch 144 [70000/84843] Loss: 0.366525
Epoch 144 - Avg Loss: 0.370676 | Train Acc: 96.27%
Val: loss=0.3834, acc=10538/10975 (96.02%)
Epoch 145 [0/84843] Loss: 0.325805
Epoch 145 [35000/84843] Loss: 0.383567
Epoch 145 [70000/84843] Loss: 0.382994
Epoch 145 - Avg Loss: 0.370199 | Train Acc: 96.23%
Val: loss=0.3956, acc=10483/10975 (95.52%)
Epoch 146 [0/84843] Loss: 0.390067
Epoch 146 [35000/84843] Loss: 0.371494
Epoch 146 [70000/84843] Loss: 0.308662
Epoch 146 - Avg Loss: 0.369320 | Train Acc: 96.28%
Val: loss=0.3797, acc=10534/10975 (95.98%)
Epoch 147 [0/84843] Loss: 0.369515
Epoch 147 [35000/84843] Loss: 0.312613
Epoch 147 [70000/84843] Loss: 0.421099
Epoch 147 - Avg Loss: 0.369923 | Train Acc: 96.26%
Val: loss=0.3952, acc=10482/10975 (95.51%)
Epoch 148 [0/84843] Loss: 0.320859
Epoch 148 [35000/84843] Loss: 0.347099
Epoch 148 [70000/84843] Loss: 0.337979
Epoch 148 - Avg Loss: 0.370713 | Train Acc: 96.20%
Val: loss=0.3899, acc=10512/10975 (95.78%)
Epoch 149 [0/84843] Loss: 0.403168
Epoch 149 [35000/84843] Loss: 0.371262
Epoch 149 [70000/84843] Loss: 0.428671
Epoch 149 - Avg Loss: 0.371031 | Train Acc: 96.22%
Val: loss=0.3808, acc=10539/10975 (96.03%)
Epoch 150 [0/84843] Loss: 0.389863
Epoch 150 [35000/84843] Loss: 0.425556
Epoch 150 [70000/84843] Loss: 0.458702
Epoch 150 - Avg Loss: 0.370835 | Train Acc: 96.22%
Val: loss=0.3809, acc=10549/10975 (96.12%)
Epoch 151 [0/84843] Loss: 0.408306
Epoch 151 [35000/84843] Loss: 0.614148
Epoch 151 [70000/84843] Loss: 0.435031
Epoch 151 - Avg Loss: 0.368227 | Train Acc: 96.39%
Val: loss=0.3881, acc=10505/10975 (95.72%)
Epoch 152 [0/84843] Loss: 0.286872
Epoch 152 [35000/84843] Loss: 0.411063
Epoch 152 [70000/84843] Loss: 0.387769
Epoch 152 - Avg Loss: 0.369952 | Train Acc: 96.30%
Val: loss=0.3869, acc=10506/10975 (95.73%)
Epoch 153 [0/84843] Loss: 0.402566
Epoch 153 [35000/84843] Loss: 0.350819
Epoch 153 [70000/84843] Loss: 0.331016
Epoch 153 - Avg Loss: 0.370351 | Train Acc: 96.20%
Val: loss=0.3863, acc=10534/10975 (95.98%)
Epoch 154 [0/84843] Loss: 0.342283
Epoch 154 [35000/84843] Loss: 0.386540
Epoch 154 [70000/84843] Loss: 0.287447
Epoch 154 - Avg Loss: 0.369407 | Train Acc: 96.32%
Val: loss=0.3833, acc=10533/10975 (95.97%)
Epoch 155 [0/84843] Loss: 0.306972
Epoch 155 [35000/84843] Loss: 0.408088
Epoch 155 [70000/84843] Loss: 0.473601
Epoch 155 - Avg Loss: 0.368710 | Train Acc: 96.31%
Val: loss=0.3825, acc=10552/10975 (96.15%)
saved best: 96.15%
Epoch 156 [0/84843] Loss: 0.450453
Epoch 156 [35000/84843] Loss: 0.428607
Epoch 156 [70000/84843] Loss: 0.295294
Epoch 156 - Avg Loss: 0.368760 | Train Acc: 96.30%
Val: loss=0.3767, acc=10551/10975 (96.14%)
Epoch 157 [0/84843] Loss: 0.313430
Epoch 157 [35000/84843] Loss: 0.349281
Epoch 157 [70000/84843] Loss: 0.319440
Epoch 157 - Avg Loss: 0.368303 | Train Acc: 96.34%
Val: loss=0.3807, acc=10536/10975 (96.00%)
Epoch 158 [0/84843] Loss: 0.402574
Epoch 158 [35000/84843] Loss: 0.443349
Epoch 158 [70000/84843] Loss: 0.498612
Epoch 158 - Avg Loss: 0.368689 | Train Acc: 96.33%
Val: loss=0.3841, acc=10504/10975 (95.71%)
Epoch 159 [0/84843] Loss: 0.392137
Epoch 159 [35000/84843] Loss: 0.394869
Epoch 159 [70000/84843] Loss: 0.378002
Epoch 159 - Avg Loss: 0.367168 | Train Acc: 96.38%
Val: loss=0.3838, acc=10530/10975 (95.95%)
Epoch 160 [0/84843] Loss: 0.378686
Epoch 160 [35000/84843] Loss: 0.504343
Epoch 160 [70000/84843] Loss: 0.319979
Epoch 160 - Avg Loss: 0.365122 | Train Acc: 96.46%
Val: loss=0.3788, acc=10545/10975 (96.08%)
Epoch 161 [0/84843] Loss: 0.337353
Epoch 161 [35000/84843] Loss: 0.517487
Epoch 161 [70000/84843] Loss: 0.418732
Epoch 161 - Avg Loss: 0.367084 | Train Acc: 96.38%
Val: loss=0.3778, acc=10552/10975 (96.15%)
Epoch 162 [0/84843] Loss: 0.306402
Epoch 162 [35000/84843] Loss: 0.333104
Epoch 162 [70000/84843] Loss: 0.470107
Epoch 162 - Avg Loss: 0.364177 | Train Acc: 96.44%
Val: loss=0.3764, acc=10543/10975 (96.06%)
Epoch 163 [0/84843] Loss: 0.373282
Epoch 163 [35000/84843] Loss: 0.313672
Epoch 163 [70000/84843] Loss: 0.366203
Epoch 163 - Avg Loss: 0.366591 | Train Acc: 96.41%
Val: loss=0.3773, acc=10550/10975 (96.13%)
Epoch 164 [0/84843] Loss: 0.393546
Epoch 164 [35000/84843] Loss: 0.357775
Epoch 164 [70000/84843] Loss: 0.332317
Epoch 164 - Avg Loss: 0.365757 | Train Acc: 96.43%
Val: loss=0.3790, acc=10547/10975 (96.10%)
Epoch 165 [0/84843] Loss: 0.349335
Epoch 165 [35000/84843] Loss: 0.383439
Epoch 165 [70000/84843] Loss: 0.462573
Epoch 165 - Avg Loss: 0.364473 | Train Acc: 96.48%
Val: loss=0.3869, acc=10515/10975 (95.81%)
Epoch 166 [0/84843] Loss: 0.319868
Epoch 166 [35000/84843] Loss: 0.399449
Epoch 166 [70000/84843] Loss: 0.331336
Epoch 166 - Avg Loss: 0.366410 | Train Acc: 96.41%
Val: loss=0.3924, acc=10512/10975 (95.78%)
Epoch 167 [0/84843] Loss: 0.381801
Epoch 167 [35000/84843] Loss: 0.393767
Epoch 167 [70000/84843] Loss: 0.298497
Epoch 167 - Avg Loss: 0.366370 | Train Acc: 96.39%
Val: loss=0.3810, acc=10543/10975 (96.06%)
Epoch 168 [0/84843] Loss: 0.442231
Epoch 168 [35000/84843] Loss: 0.456706
Epoch 168 [70000/84843] Loss: 0.335928
Epoch 168 - Avg Loss: 0.364503 | Train Acc: 96.51%
Val: loss=0.3818, acc=10524/10975 (95.89%)
Epoch 169 [0/84843] Loss: 0.358738
Epoch 169 [35000/84843] Loss: 0.309312
Epoch 169 [70000/84843] Loss: 0.377527
Epoch 169 - Avg Loss: 0.365405 | Train Acc: 96.45%
Val: loss=0.3844, acc=10532/10975 (95.96%)
Epoch 170 [0/84843] Loss: 0.464692
Epoch 170 [35000/84843] Loss: 0.506063
Epoch 170 [70000/84843] Loss: 0.402638
Epoch 170 - Avg Loss: 0.366673 | Train Acc: 96.38%
Val: loss=0.3856, acc=10528/10975 (95.93%)
Epoch 171 [0/84843] Loss: 0.333712
Epoch 171 [35000/84843] Loss: 0.342722
Epoch 171 [70000/84843] Loss: 0.316849
Epoch 171 - Avg Loss: 0.361895 | Train Acc: 96.54%
Val: loss=0.3764, acc=10557/10975 (96.19%)
saved best: 96.19%
Epoch 172 [0/84843] Loss: 0.284051
Epoch 172 [35000/84843] Loss: 0.440746
Epoch 172 [70000/84843] Loss: 0.403009
Epoch 172 - Avg Loss: 0.365977 | Train Acc: 96.43%
Val: loss=0.3792, acc=10546/10975 (96.09%)
Epoch 173 [0/84843] Loss: 0.389337
Epoch 173 [35000/84843] Loss: 0.283531
Epoch 173 [70000/84843] Loss: 0.377975
Epoch 173 - Avg Loss: 0.363048 | Train Acc: 96.57%
Val: loss=0.3959, acc=10505/10975 (95.72%)
Epoch 174 [0/84843] Loss: 0.355048
Epoch 174 [35000/84843] Loss: 0.450843
Epoch 174 [70000/84843] Loss: 0.322367
Epoch 174 - Avg Loss: 0.362624 | Train Acc: 96.59%
Val: loss=0.3766, acc=10565/10975 (96.26%)
saved best: 96.26%
Epoch 175 [0/84843] Loss: 0.326763
Epoch 175 [35000/84843] Loss: 0.458553
Epoch 175 [70000/84843] Loss: 0.344241
Epoch 175 - Avg Loss: 0.360448 | Train Acc: 96.67%
Val: loss=0.3718, acc=10555/10975 (96.17%)
Epoch 176 [0/84843] Loss: 0.356418
Epoch 176 [35000/84843] Loss: 0.302387
Epoch 176 [70000/84843] Loss: 0.417073
Epoch 176 - Avg Loss: 0.362455 | Train Acc: 96.51%
Val: loss=0.3886, acc=10513/10975 (95.79%)
Epoch 177 [0/84843] Loss: 0.369246
Epoch 177 [35000/84843] Loss: 0.424860
Epoch 177 [70000/84843] Loss: 0.323189
Epoch 177 - Avg Loss: 0.364102 | Train Acc: 96.47%
Val: loss=0.3761, acc=10550/10975 (96.13%)
Epoch 178 [0/84843] Loss: 0.297280
Epoch 178 [35000/84843] Loss: 0.356372
Epoch 178 [70000/84843] Loss: 0.370671
Epoch 178 - Avg Loss: 0.361202 | Train Acc: 96.56%
Val: loss=0.3859, acc=10516/10975 (95.82%)
Epoch 179 [0/84843] Loss: 0.403583
Epoch 179 [35000/84843] Loss: 0.303012
Epoch 179 [70000/84843] Loss: 0.355188
Epoch 179 - Avg Loss: 0.362556 | Train Acc: 96.52%
Val: loss=0.3869, acc=10524/10975 (95.89%)
Epoch 180 [0/84843] Loss: 0.320951
Epoch 180 [35000/84843] Loss: 0.349587
Epoch 180 [70000/84843] Loss: 0.352407
Epoch 180 - Avg Loss: 0.360899 | Train Acc: 96.59%
Val: loss=0.3789, acc=10550/10975 (96.13%)
Epoch 181 [0/84843] Loss: 0.417403
Epoch 181 [35000/84843] Loss: 0.379335
Epoch 181 [70000/84843] Loss: 0.350507
Epoch 181 - Avg Loss: 0.361225 | Train Acc: 96.60%
Val: loss=0.3814, acc=10530/10975 (95.95%)
Epoch 182 [0/84843] Loss: 0.309854
Epoch 182 [35000/84843] Loss: 0.396659
Epoch 182 [70000/84843] Loss: 0.303295
Epoch 182 - Avg Loss: 0.361095 | Train Acc: 96.59%
Val: loss=0.3812, acc=10538/10975 (96.02%)
Epoch 183 [0/84843] Loss: 0.284976
Epoch 183 [35000/84843] Loss: 0.302199
Epoch 183 [70000/84843] Loss: 0.387332
Epoch 183 - Avg Loss: 0.360851 | Train Acc: 96.57%
Val: loss=0.3780, acc=10553/10975 (96.15%)
Epoch 184 [0/84843] Loss: 0.389977
Epoch 184 [35000/84843] Loss: 0.363758
Epoch 184 [70000/84843] Loss: 0.387809
Epoch 184 - Avg Loss: 0.360950 | Train Acc: 96.62%
Val: loss=0.3809, acc=10550/10975 (96.13%)
Epoch 185 [0/84843] Loss: 0.344604
Epoch 185 [35000/84843] Loss: 0.368394
Epoch 185 [70000/84843] Loss: 0.310129
Epoch 185 - Avg Loss: 0.360719 | Train Acc: 96.60%
Val: loss=0.3790, acc=10554/10975 (96.16%)
Epoch 186 [0/84843] Loss: 0.294008
Epoch 186 [35000/84843] Loss: 0.337668
Epoch 186 [70000/84843] Loss: 0.414735
Epoch 186 - Avg Loss: 0.358509 | Train Acc: 96.75%
Val: loss=0.3769, acc=10556/10975 (96.18%)
Epoch 187 [0/84843] Loss: 0.291333
Epoch 187 [35000/84843] Loss: 0.414679
Epoch 187 [70000/84843] Loss: 0.332617
Epoch 187 - Avg Loss: 0.361179 | Train Acc: 96.58%
Val: loss=0.3781, acc=10556/10975 (96.18%)
Epoch 188 [0/84843] Loss: 0.359010
Epoch 188 [35000/84843] Loss: 0.522183
Epoch 188 [70000/84843] Loss: 0.312661
Epoch 188 - Avg Loss: 0.359219 | Train Acc: 96.64%
Val: loss=0.3753, acc=10564/10975 (96.26%)
Epoch 189 [0/84843] Loss: 0.409678
Epoch 189 [35000/84843] Loss: 0.340655
Epoch 189 [70000/84843] Loss: 0.298493
Epoch 189 - Avg Loss: 0.359054 | Train Acc: 96.68%
Val: loss=0.3795, acc=10559/10975 (96.21%)
Epoch 190 [0/84843] Loss: 0.368764
Epoch 190 [35000/84843] Loss: 0.333623
Epoch 190 [70000/84843] Loss: 0.360363
Epoch 190 - Avg Loss: 0.359549 | Train Acc: 96.65%
Val: loss=0.3707, acc=10584/10975 (96.44%)
saved best: 96.44%
Epoch 191 [0/84843] Loss: 0.308890
Epoch 191 [35000/84843] Loss: 0.322600
Epoch 191 [70000/84843] Loss: 0.458328
Epoch 191 - Avg Loss: 0.357914 | Train Acc: 96.68%
Val: loss=0.3728, acc=10585/10975 (96.45%)
saved best: 96.45%
Epoch 192 [0/84843] Loss: 0.281224
Epoch 192 [35000/84843] Loss: 0.349962
Epoch 192 [70000/84843] Loss: 0.373535
Epoch 192 - Avg Loss: 0.358773 | Train Acc: 96.70%
Val: loss=0.3794, acc=10546/10975 (96.09%)
Epoch 193 [0/84843] Loss: 0.286783
Epoch 193 [35000/84843] Loss: 0.414387
Epoch 193 [70000/84843] Loss: 0.517409
Epoch 193 - Avg Loss: 0.356884 | Train Acc: 96.77%
Val: loss=0.3776, acc=10555/10975 (96.17%)
Epoch 194 [0/84843] Loss: 0.326596
Epoch 194 [35000/84843] Loss: 0.324665
Epoch 194 [70000/84843] Loss: 0.333204
Epoch 194 - Avg Loss: 0.360141 | Train Acc: 96.67%
Val: loss=0.3775, acc=10559/10975 (96.21%)
Epoch 195 [0/84843] Loss: 0.429941
Epoch 195 [35000/84843] Loss: 0.423864
Epoch 195 [70000/84843] Loss: 0.394666
Epoch 195 - Avg Loss: 0.358806 | Train Acc: 96.71%
Val: loss=0.3770, acc=10555/10975 (96.17%)
Epoch 196 [0/84843] Loss: 0.385799
Epoch 196 [35000/84843] Loss: 0.365299
Epoch 196 [70000/84843] Loss: 0.449507
Epoch 196 - Avg Loss: 0.358549 | Train Acc: 96.71%
Val: loss=0.3751, acc=10568/10975 (96.29%)
Epoch 197 [0/84843] Loss: 0.306497
Epoch 197 [35000/84843] Loss: 0.379298
Epoch 197 [70000/84843] Loss: 0.296444
Epoch 197 - Avg Loss: 0.357703 | Train Acc: 96.74%
Val: loss=0.3749, acc=10552/10975 (96.15%)
Epoch 198 [0/84843] Loss: 0.349992
Epoch 198 [35000/84843] Loss: 0.342655
Epoch 198 [70000/84843] Loss: 0.326286
Epoch 198 - Avg Loss: 0.357029 | Train Acc: 96.75%
Val: loss=0.3793, acc=10548/10975 (96.11%)
Epoch 199 [0/84843] Loss: 0.497633
Epoch 199 [35000/84843] Loss: 0.336818
Epoch 199 [70000/84843] Loss: 0.291583
Epoch 199 - Avg Loss: 0.357004 | Train Acc: 96.78%
Val: loss=0.3729, acc=10563/10975 (96.25%)
Epoch 200 [0/84843] Loss: 0.303552
Epoch 200 [35000/84843] Loss: 0.327547
Epoch 200 [70000/84843] Loss: 0.465640
Epoch 200 - Avg Loss: 0.358382 | Train Acc: 96.66%
Val: loss=0.3817, acc=10546/10975 (96.09%)
Epoch 201 [0/84843] Loss: 0.360408
Epoch 201 [35000/84843] Loss: 0.321111
Epoch 201 [70000/84843] Loss: 0.315885
Epoch 201 - Avg Loss: 0.356205 | Train Acc: 96.82%
Val: loss=0.3741, acc=10560/10975 (96.22%)
Epoch 202 [0/84843] Loss: 0.402268
Epoch 202 [35000/84843] Loss: 0.340504
Epoch 202 [70000/84843] Loss: 0.309147
Epoch 202 - Avg Loss: 0.357066 | Train Acc: 96.74%
Val: loss=0.3795, acc=10534/10975 (95.98%)
Epoch 203 [0/84843] Loss: 0.285404
Epoch 203 [35000/84843] Loss: 0.280883
Epoch 203 [70000/84843] Loss: 0.395561
Epoch 203 - Avg Loss: 0.356972 | Train Acc: 96.76%
Val: loss=0.3787, acc=10563/10975 (96.25%)
Epoch 204 [0/84843] Loss: 0.501338
Epoch 204 [35000/84843] Loss: 0.288446
Epoch 204 [70000/84843] Loss: 0.337086
Epoch 204 - Avg Loss: 0.354620 | Train Acc: 96.90%
Val: loss=0.3781, acc=10543/10975 (96.06%)
Epoch 205 [0/84843] Loss: 0.317759
Epoch 205 [35000/84843] Loss: 0.463916
Epoch 205 [70000/84843] Loss: 0.334198
Epoch 205 - Avg Loss: 0.353999 | Train Acc: 96.93%
Val: loss=0.3726, acc=10566/10975 (96.27%)
Epoch 206 [0/84843] Loss: 0.349885
Epoch 206 [35000/84843] Loss: 0.338294
Epoch 206 [70000/84843] Loss: 0.332190
Epoch 206 - Avg Loss: 0.355164 | Train Acc: 96.84%
Val: loss=0.3726, acc=10579/10975 (96.39%)
Epoch 207 [0/84843] Loss: 0.369187
Epoch 207 [35000/84843] Loss: 0.397935
Epoch 207 [70000/84843] Loss: 0.377361
Epoch 207 - Avg Loss: 0.353693 | Train Acc: 96.85%
Val: loss=0.3757, acc=10567/10975 (96.28%)
Epoch 208 [0/84843] Loss: 0.386736
Epoch 208 [35000/84843] Loss: 0.279756
Epoch 208 [70000/84843] Loss: 0.361106
Epoch 208 - Avg Loss: 0.355743 | Train Acc: 96.80%
Val: loss=0.3781, acc=10543/10975 (96.06%)
Epoch 209 [0/84843] Loss: 0.307312
Epoch 209 [35000/84843] Loss: 0.453750
Epoch 209 [70000/84843] Loss: 0.323222
Epoch 209 - Avg Loss: 0.353970 | Train Acc: 96.93%
Val: loss=0.3795, acc=10542/10975 (96.05%)
Epoch 210 [0/84843] Loss: 0.392483
Epoch 210 [35000/84843] Loss: 0.374023
Epoch 210 [70000/84843] Loss: 0.390237
Epoch 210 - Avg Loss: 0.353728 | Train Acc: 96.87%
Val: loss=0.3747, acc=10555/10975 (96.17%)
Epoch 211 [0/84843] Loss: 0.464399
Epoch 211 [35000/84843] Loss: 0.300344
Epoch 211 [70000/84843] Loss: 0.279748
Epoch 211 - Avg Loss: 0.352888 | Train Acc: 96.88%
Val: loss=0.3760, acc=10544/10975 (96.07%)
Epoch 212 [0/84843] Loss: 0.378943
Epoch 212 [35000/84843] Loss: 0.310521
Epoch 212 [70000/84843] Loss: 0.300642
Epoch 212 - Avg Loss: 0.353876 | Train Acc: 96.86%
Val: loss=0.3726, acc=10567/10975 (96.28%)
Epoch 213 [0/84843] Loss: 0.348645
Epoch 213 [35000/84843] Loss: 0.352205
Epoch 213 [70000/84843] Loss: 0.377029
Epoch 213 - Avg Loss: 0.354366 | Train Acc: 96.86%
Val: loss=0.3783, acc=10561/10975 (96.23%)
Epoch 214 [0/84843] Loss: 0.381046
Epoch 214 [35000/84843] Loss: 0.350803
Epoch 214 [70000/84843] Loss: 0.335397
Epoch 214 - Avg Loss: 0.352338 | Train Acc: 96.96%
Val: loss=0.3740, acc=10572/10975 (96.33%)
Epoch 215 [0/84843] Loss: 0.317655
Epoch 215 [35000/84843] Loss: 0.359987
Epoch 215 [70000/84843] Loss: 0.348238
Epoch 215 - Avg Loss: 0.352730 | Train Acc: 96.95%
Val: loss=0.3759, acc=10551/10975 (96.14%)
Epoch 216 [0/84843] Loss: 0.330950
Epoch 216 [35000/84843] Loss: 0.370542
Epoch 216 [70000/84843] Loss: 0.347573
Epoch 216 - Avg Loss: 0.353392 | Train Acc: 96.93%
Val: loss=0.3814, acc=10537/10975 (96.01%)
Epoch 217 [0/84843] Loss: 0.345275
Epoch 217 [35000/84843] Loss: 0.311905
Epoch 217 [70000/84843] Loss: 0.432913
Epoch 217 - Avg Loss: 0.352538 | Train Acc: 96.94%
Val: loss=0.3774, acc=10552/10975 (96.15%)
Epoch 218 [0/84843] Loss: 0.298525
Epoch 218 [35000/84843] Loss: 0.276659
Epoch 218 [70000/84843] Loss: 0.286593
Epoch 218 - Avg Loss: 0.351101 | Train Acc: 97.06%
Val: loss=0.3772, acc=10547/10975 (96.10%)
Epoch 219 [0/84843] Loss: 0.329701
Epoch 219 [35000/84843] Loss: 0.380073
Epoch 219 [70000/84843] Loss: 0.298994
Epoch 219 - Avg Loss: 0.353128 | Train Acc: 96.87%
Val: loss=0.3771, acc=10578/10975 (96.38%)
Epoch 220 [0/84843] Loss: 0.286942
Epoch 220 [35000/84843] Loss: 0.336677
Epoch 220 [70000/84843] Loss: 0.294673
Epoch 220 - Avg Loss: 0.352622 | Train Acc: 96.94%
Val: loss=0.3700, acc=10565/10975 (96.26%)
Epoch 221 [0/84843] Loss: 0.288379
Epoch 221 [35000/84843] Loss: 0.277467
Epoch 221 [70000/84843] Loss: 0.386401
Epoch 221 - Avg Loss: 0.351403 | Train Acc: 96.97%
Val: loss=0.3722, acc=10576/10975 (96.36%)
Epoch 222 [0/84843] Loss: 0.370154
Epoch 222 [35000/84843] Loss: 0.431775
Epoch 222 [70000/84843] Loss: 0.295676
Epoch 222 - Avg Loss: 0.351536 | Train Acc: 96.96%
Val: loss=0.3731, acc=10565/10975 (96.26%)
Epoch 223 [0/84843] Loss: 0.275957
Epoch 223 [35000/84843] Loss: 0.375837
Epoch 223 [70000/84843] Loss: 0.388338
Epoch 223 - Avg Loss: 0.351983 | Train Acc: 96.97%
Val: loss=0.3721, acc=10565/10975 (96.26%)
Epoch 224 [0/84843] Loss: 0.279877
Epoch 224 [35000/84843] Loss: 0.347253
Epoch 224 [70000/84843] Loss: 0.327221
Epoch 224 - Avg Loss: 0.349371 | Train Acc: 97.06%
Val: loss=0.3798, acc=10543/10975 (96.06%)
Epoch 225 [0/84843] Loss: 0.399487
Epoch 225 [35000/84843] Loss: 0.349946
Epoch 225 [70000/84843] Loss: 0.275106
Epoch 225 - Avg Loss: 0.352492 | Train Acc: 96.91%
Val: loss=0.3716, acc=10589/10975 (96.48%)
saved best: 96.48%
Epoch 226 [0/84843] Loss: 0.370263
Epoch 226 [35000/84843] Loss: 0.358995
Epoch 226 [70000/84843] Loss: 0.313847
Epoch 226 - Avg Loss: 0.349918 | Train Acc: 97.04%
Val: loss=0.3741, acc=10568/10975 (96.29%)
Epoch 227 [0/84843] Loss: 0.368689
Epoch 227 [35000/84843] Loss: 0.317845
Epoch 227 [70000/84843] Loss: 0.379523
Epoch 227 - Avg Loss: 0.350125 | Train Acc: 97.02%
Val: loss=0.3734, acc=10558/10975 (96.20%)
Epoch 228 [0/84843] Loss: 0.340215
Epoch 228 [35000/84843] Loss: 0.384592
Epoch 228 [70000/84843] Loss: 0.320332
Epoch 228 - Avg Loss: 0.349945 | Train Acc: 97.06%
Val: loss=0.3745, acc=10572/10975 (96.33%)
Epoch 229 [0/84843] Loss: 0.301004
Epoch 229 [35000/84843] Loss: 0.448003
Epoch 229 [70000/84843] Loss: 0.288681
Epoch 229 - Avg Loss: 0.348880 | Train Acc: 97.15%
Val: loss=0.3767, acc=10554/10975 (96.16%)
Epoch 230 [0/84843] Loss: 0.510030
Epoch 230 [35000/84843] Loss: 0.449797
Epoch 230 [70000/84843] Loss: 0.320489
Epoch 230 - Avg Loss: 0.349539 | Train Acc: 97.05%
Val: loss=0.3716, acc=10586/10975 (96.46%)
Epoch 231 [0/84843] Loss: 0.364102
Epoch 231 [35000/84843] Loss: 0.312393
Epoch 231 [70000/84843] Loss: 0.384154
Epoch 231 - Avg Loss: 0.347635 | Train Acc: 97.12%
Val: loss=0.3825, acc=10539/10975 (96.03%)
Epoch 232 [0/84843] Loss: 0.476753
Epoch 232 [35000/84843] Loss: 0.385227
Epoch 232 [70000/84843] Loss: 0.337937
Epoch 232 - Avg Loss: 0.351295 | Train Acc: 96.98%
Val: loss=0.3681, acc=10591/10975 (96.50%)
saved best: 96.50%
Epoch 233 [0/84843] Loss: 0.390106
Epoch 233 [35000/84843] Loss: 0.403150
Epoch 233 [70000/84843] Loss: 0.388583
Epoch 233 - Avg Loss: 0.349425 | Train Acc: 97.04%
Val: loss=0.3712, acc=10577/10975 (96.37%)
Epoch 234 [0/84843] Loss: 0.353198
Epoch 234 [35000/84843] Loss: 0.359560
Epoch 234 [70000/84843] Loss: 0.332518
Epoch 234 - Avg Loss: 0.346864 | Train Acc: 97.16%
Val: loss=0.3703, acc=10578/10975 (96.38%)
Epoch 235 [0/84843] Loss: 0.430961
Epoch 235 [35000/84843] Loss: 0.295443
Epoch 235 [70000/84843] Loss: 0.362871
Epoch 235 - Avg Loss: 0.348457 | Train Acc: 97.09%
Val: loss=0.3768, acc=10563/10975 (96.25%)
Epoch 236 [0/84843] Loss: 0.386232
Epoch 236 [35000/84843] Loss: 0.348603
Epoch 236 [70000/84843] Loss: 0.542055
Epoch 236 - Avg Loss: 0.348830 | Train Acc: 97.05%
Val: loss=0.3727, acc=10566/10975 (96.27%)
Epoch 237 [0/84843] Loss: 0.384425
Epoch 237 [35000/84843] Loss: 0.521453
Epoch 237 [70000/84843] Loss: 0.533132
Epoch 237 - Avg Loss: 0.348653 | Train Acc: 97.06%
Val: loss=0.3778, acc=10549/10975 (96.12%)
Epoch 238 [0/84843] Loss: 0.298060
Epoch 238 [35000/84843] Loss: 0.482022
Epoch 238 [70000/84843] Loss: 0.354324
Epoch 238 - Avg Loss: 0.346111 | Train Acc: 97.16%
Val: loss=0.3736, acc=10568/10975 (96.29%)
Epoch 239 [0/84843] Loss: 0.299923
Epoch 239 [35000/84843] Loss: 0.362923
Epoch 239 [70000/84843] Loss: 0.308851
Epoch 239 - Avg Loss: 0.347957 | Train Acc: 97.13%
Val: loss=0.3736, acc=10582/10975 (96.42%)
Epoch 240 [0/84843] Loss: 0.409653
Epoch 240 [35000/84843] Loss: 0.378034
Epoch 240 [70000/84843] Loss: 0.316083
Epoch 240 - Avg Loss: 0.347297 | Train Acc: 97.13%
Val: loss=0.3723, acc=10565/10975 (96.26%)
Epoch 241 [0/84843] Loss: 0.289144
Epoch 241 [35000/84843] Loss: 0.394856
Epoch 241 [70000/84843] Loss: 0.320336
Epoch 241 - Avg Loss: 0.346412 | Train Acc: 97.15%
Val: loss=0.3702, acc=10579/10975 (96.39%)
Epoch 242 [0/84843] Loss: 0.441723
Epoch 242 [35000/84843] Loss: 0.327096
Epoch 242 [70000/84843] Loss: 0.337570
Epoch 242 - Avg Loss: 0.346534 | Train Acc: 97.18%
Val: loss=0.3716, acc=10565/10975 (96.26%)
Epoch 243 [0/84843] Loss: 0.328498
Epoch 243 [35000/84843] Loss: 0.490651
Epoch 243 [70000/84843] Loss: 0.317533
Epoch 243 - Avg Loss: 0.348778 | Train Acc: 97.08%
Val: loss=0.3721, acc=10547/10975 (96.10%)
Epoch 244 [0/84843] Loss: 0.555664
Epoch 244 [35000/84843] Loss: 0.308394
Epoch 244 [70000/84843] Loss: 0.325618
Epoch 244 - Avg Loss: 0.345475 | Train Acc: 97.20%
Val: loss=0.3721, acc=10571/10975 (96.32%)
Epoch 245 [0/84843] Loss: 0.288198
Epoch 245 [35000/84843] Loss: 0.313482
Epoch 245 [70000/84843] Loss: 0.371868
Epoch 245 - Avg Loss: 0.345428 | Train Acc: 97.24%
Val: loss=0.3739, acc=10570/10975 (96.31%)
Epoch 246 [0/84843] Loss: 0.299756
Epoch 246 [35000/84843] Loss: 0.340014
Epoch 246 [70000/84843] Loss: 0.344035
Epoch 246 - Avg Loss: 0.346315 | Train Acc: 97.19%
Val: loss=0.3704, acc=10576/10975 (96.36%)
Epoch 247 [0/84843] Loss: 0.341913
Epoch 247 [35000/84843] Loss: 0.279983
Epoch 247 [70000/84843] Loss: 0.381695
Epoch 247 - Avg Loss: 0.346647 | Train Acc: 97.15%
Val: loss=0.3737, acc=10549/10975 (96.12%)
Epoch 248 [0/84843] Loss: 0.282951
Epoch 248 [35000/84843] Loss: 0.381208
Epoch 248 [70000/84843] Loss: 0.347966
Epoch 248 - Avg Loss: 0.346876 | Train Acc: 97.18%
Val: loss=0.3702, acc=10582/10975 (96.42%)
Epoch 249 [0/84843] Loss: 0.292551
Epoch 249 [35000/84843] Loss: 0.321610
Epoch 249 [70000/84843] Loss: 0.355726
Epoch 249 - Avg Loss: 0.345132 | Train Acc: 97.26%
Val: loss=0.3712, acc=10573/10975 (96.34%)
Epoch 250 [0/84843] Loss: 0.298135
Epoch 250 [35000/84843] Loss: 0.374356
Epoch 250 [70000/84843] Loss: 0.393633
Epoch 250 - Avg Loss: 0.344955 | Train Acc: 97.23%
Val: loss=0.3735, acc=10565/10975 (96.26%)
Epoch 251 [0/84843] Loss: 0.322188
Epoch 251 [35000/84843] Loss: 0.324102
Epoch 251 [70000/84843] Loss: 0.343356
Epoch 251 - Avg Loss: 0.346814 | Train Acc: 97.10%
Val: loss=0.3714, acc=10563/10975 (96.25%)
Epoch 252 [0/84843] Loss: 0.325934
Epoch 252 [35000/84843] Loss: 0.345750
Epoch 252 [70000/84843] Loss: 0.426484
Epoch 252 - Avg Loss: 0.344499 | Train Acc: 97.25%
Val: loss=0.3706, acc=10588/10975 (96.47%)
Epoch 253 [0/84843] Loss: 0.341311
Epoch 253 [35000/84843] Loss: 0.442566
Epoch 253 [70000/84843] Loss: 0.283179
Epoch 253 - Avg Loss: 0.345258 | Train Acc: 97.19%
Val: loss=0.3695, acc=10590/10975 (96.49%)
Epoch 254 [0/84843] Loss: 0.321469
Epoch 254 [35000/84843] Loss: 0.375193
Epoch 254 [70000/84843] Loss: 0.321469
Epoch 254 - Avg Loss: 0.343824 | Train Acc: 97.25%
Val: loss=0.3680, acc=10590/10975 (96.49%)
Epoch 255 [0/84843] Loss: 0.325161
Epoch 255 [35000/84843] Loss: 0.289101
Epoch 255 [70000/84843] Loss: 0.477215
Epoch 255 - Avg Loss: 0.341947 | Train Acc: 97.35%
Val: loss=0.3706, acc=10574/10975 (96.35%)
Epoch 256 [0/84843] Loss: 0.285447
Epoch 256 [35000/84843] Loss: 0.397588
Epoch 256 [70000/84843] Loss: 0.282756
Epoch 256 - Avg Loss: 0.343147 | Train Acc: 97.31%
Val: loss=0.3764, acc=10559/10975 (96.21%)
Epoch 257 [0/84843] Loss: 0.302078
Epoch 257 [35000/84843] Loss: 0.418651
Epoch 257 [70000/84843] Loss: 0.313737
Epoch 257 - Avg Loss: 0.343451 | Train Acc: 97.28%
Val: loss=0.3772, acc=10580/10975 (96.40%)
Epoch 258 [0/84843] Loss: 0.280532
Epoch 258 [35000/84843] Loss: 0.358380
Epoch 258 [70000/84843] Loss: 0.295981
Epoch 258 - Avg Loss: 0.341900 | Train Acc: 97.39%
Val: loss=0.3713, acc=10576/10975 (96.36%)
Epoch 259 [0/84843] Loss: 0.335435
Epoch 259 [35000/84843] Loss: 0.284318
Epoch 259 [70000/84843] Loss: 0.323652
Epoch 259 - Avg Loss: 0.343371 | Train Acc: 97.27%
Val: loss=0.3693, acc=10587/10975 (96.46%)
Epoch 260 [0/84843] Loss: 0.326137
Epoch 260 [35000/84843] Loss: 0.374841
Epoch 260 [70000/84843] Loss: 0.292221
Epoch 260 - Avg Loss: 0.342440 | Train Acc: 97.30%
Val: loss=0.3717, acc=10591/10975 (96.50%)
Epoch 261 [0/84843] Loss: 0.286851
Epoch 261 [35000/84843] Loss: 0.280828
Epoch 261 [70000/84843] Loss: 0.365949
Epoch 261 - Avg Loss: 0.341683 | Train Acc: 97.33%
Val: loss=0.3676, acc=10602/10975 (96.60%)
saved best: 96.60%
Epoch 262 [0/84843] Loss: 0.431005
Epoch 262 [35000/84843] Loss: 0.275342
Epoch 262 [70000/84843] Loss: 0.327679
Epoch 262 - Avg Loss: 0.340978 | Train Acc: 97.35%
Val: loss=0.3730, acc=10583/10975 (96.43%)
Epoch 263 [0/84843] Loss: 0.374698
Epoch 263 [35000/84843] Loss: 0.287990
Epoch 263 [70000/84843] Loss: 0.309436
Epoch 263 - Avg Loss: 0.342972 | Train Acc: 97.28%
Val: loss=0.3728, acc=10565/10975 (96.26%)
Epoch 264 [0/84843] Loss: 0.298100
Epoch 264 [35000/84843] Loss: 0.324080
Epoch 264 [70000/84843] Loss: 0.291819
Epoch 264 - Avg Loss: 0.341561 | Train Acc: 97.37%
Val: loss=0.3688, acc=10591/10975 (96.50%)
Epoch 265 [0/84843] Loss: 0.332983
Epoch 265 [35000/84843] Loss: 0.365897
Epoch 265 [70000/84843] Loss: 0.334891
Epoch 265 - Avg Loss: 0.340607 | Train Acc: 97.34%
Val: loss=0.3671, acc=10591/10975 (96.50%)
Epoch 266 [0/84843] Loss: 0.289165
Epoch 266 [35000/84843] Loss: 0.307692
Epoch 266 [70000/84843] Loss: 0.336213
Epoch 266 - Avg Loss: 0.340722 | Train Acc: 97.37%
Val: loss=0.3699, acc=10587/10975 (96.46%)
Epoch 267 [0/84843] Loss: 0.337905
Epoch 267 [35000/84843] Loss: 0.313065
Epoch 267 [70000/84843] Loss: 0.292344
Epoch 267 - Avg Loss: 0.340833 | Train Acc: 97.40%
Val: loss=0.3640, acc=10614/10975 (96.71%)
saved best: 96.71%
Epoch 268 [0/84843] Loss: 0.392354
Epoch 268 [35000/84843] Loss: 0.346544
Epoch 268 [70000/84843] Loss: 0.543026
Epoch 268 - Avg Loss: 0.340947 | Train Acc: 97.36%
Val: loss=0.3691, acc=10586/10975 (96.46%)
Epoch 269 [0/84843] Loss: 0.276892
Epoch 269 [35000/84843] Loss: 0.277218
Epoch 269 [70000/84843] Loss: 0.310839
Epoch 269 - Avg Loss: 0.341244 | Train Acc: 97.37%
Val: loss=0.3717, acc=10575/10975 (96.36%)
Epoch 270 [0/84843] Loss: 0.303733
Epoch 270 [35000/84843] Loss: 0.335768
Epoch 270 [70000/84843] Loss: 0.495620
Epoch 270 - Avg Loss: 0.340188 | Train Acc: 97.37%
Val: loss=0.3684, acc=10592/10975 (96.51%)
Epoch 271 [0/84843] Loss: 0.472247
Epoch 271 [35000/84843] Loss: 0.284630
Epoch 271 [70000/84843] Loss: 0.376480
Epoch 271 - Avg Loss: 0.337214 | Train Acc: 97.53%
Val: loss=0.3724, acc=10581/10975 (96.41%)
Epoch 272 [0/84843] Loss: 0.366972
Epoch 272 [35000/84843] Loss: 0.369806
Epoch 272 [70000/84843] Loss: 0.341586
Epoch 272 - Avg Loss: 0.341205 | Train Acc: 97.35%
Val: loss=0.3665, acc=10599/10975 (96.57%)
Epoch 273 [0/84843] Loss: 0.372961
Epoch 273 [35000/84843] Loss: 0.282679
Epoch 273 [70000/84843] Loss: 0.348015
Epoch 273 - Avg Loss: 0.339771 | Train Acc: 97.45%
Val: loss=0.3672, acc=10600/10975 (96.58%)
Epoch 274 [0/84843] Loss: 0.289694
Epoch 274 [35000/84843] Loss: 0.286248
Epoch 274 [70000/84843] Loss: 0.334824
Epoch 274 - Avg Loss: 0.338511 | Train Acc: 97.46%
Val: loss=0.3709, acc=10588/10975 (96.47%)
Epoch 275 [0/84843] Loss: 0.367336
Epoch 275 [35000/84843] Loss: 0.302479
Epoch 275 [70000/84843] Loss: 0.352749
Epoch 275 - Avg Loss: 0.338557 | Train Acc: 97.52%
Val: loss=0.3727, acc=10577/10975 (96.37%)
Epoch 276 [0/84843] Loss: 0.399701
Epoch 276 [35000/84843] Loss: 0.317855
Epoch 276 [70000/84843] Loss: 0.340774
Epoch 276 - Avg Loss: 0.339078 | Train Acc: 97.40%
Val: loss=0.3660, acc=10600/10975 (96.58%)
Epoch 277 [0/84843] Loss: 0.365888
Epoch 277 [35000/84843] Loss: 0.293725
Epoch 277 [70000/84843] Loss: 0.399644
Epoch 277 - Avg Loss: 0.337670 | Train Acc: 97.50%
Val: loss=0.3708, acc=10574/10975 (96.35%)
Epoch 278 [0/84843] Loss: 0.291086
Epoch 278 [35000/84843] Loss: 0.289555
Epoch 278 [70000/84843] Loss: 0.446761
Epoch 278 - Avg Loss: 0.338854 | Train Acc: 97.41%
Val: loss=0.3662, acc=10607/10975 (96.65%)
Epoch 279 [0/84843] Loss: 0.387702
Epoch 279 [35000/84843] Loss: 0.318292
Epoch 279 [70000/84843] Loss: 0.403223
Epoch 279 - Avg Loss: 0.337616 | Train Acc: 97.50%
Val: loss=0.3675, acc=10601/10975 (96.59%)
Epoch 280 [0/84843] Loss: 0.310158
Epoch 280 [35000/84843] Loss: 0.407217
Epoch 280 [70000/84843] Loss: 0.488113
Epoch 280 - Avg Loss: 0.338124 | Train Acc: 97.50%
Val: loss=0.3671, acc=10610/10975 (96.67%)
Epoch 281 [0/84843] Loss: 0.330166
Epoch 281 [35000/84843] Loss: 0.316044
Epoch 281 [70000/84843] Loss: 0.334804
Epoch 281 - Avg Loss: 0.337219 | Train Acc: 97.52%
Val: loss=0.3673, acc=10597/10975 (96.56%)
Epoch 282 [0/84843] Loss: 0.336905
Epoch 282 [35000/84843] Loss: 0.409250
Epoch 282 [70000/84843] Loss: 0.330031
Epoch 282 - Avg Loss: 0.335516 | Train Acc: 97.62%
Val: loss=0.3692, acc=10600/10975 (96.58%)
Epoch 283 [0/84843] Loss: 0.281037
Epoch 283 [35000/84843] Loss: 0.294901
Epoch 283 [70000/84843] Loss: 0.350900
Epoch 283 - Avg Loss: 0.337808 | Train Acc: 97.53%
Val: loss=0.3687, acc=10590/10975 (96.49%)
Epoch 284 [0/84843] Loss: 0.280314
Epoch 284 [35000/84843] Loss: 0.399831
Epoch 284 [70000/84843] Loss: 0.302589
Epoch 284 - Avg Loss: 0.336998 | Train Acc: 97.48%
Val: loss=0.3685, acc=10602/10975 (96.60%)
Epoch 285 [0/84843] Loss: 0.381996
Epoch 285 [35000/84843] Loss: 0.287556
Epoch 285 [70000/84843] Loss: 0.310418
Epoch 285 - Avg Loss: 0.337600 | Train Acc: 97.52%
Val: loss=0.3707, acc=10600/10975 (96.58%)
Epoch 286 [0/84843] Loss: 0.304916
Epoch 286 [35000/84843] Loss: 0.390213
Epoch 286 [70000/84843] Loss: 0.340074
Epoch 286 - Avg Loss: 0.337415 | Train Acc: 97.50%
Val: loss=0.3701, acc=10584/10975 (96.44%)
Epoch 287 [0/84843] Loss: 0.287922
Epoch 287 [35000/84843] Loss: 0.303771
Epoch 287 [70000/84843] Loss: 0.333558
Epoch 287 - Avg Loss: 0.335409 | Train Acc: 97.62%
Val: loss=0.3662, acc=10608/10975 (96.66%)
Epoch 288 [0/84843] Loss: 0.378931
Epoch 288 [35000/84843] Loss: 0.360619
Epoch 288 [70000/84843] Loss: 0.317825
Epoch 288 - Avg Loss: 0.337545 | Train Acc: 97.50%
Val: loss=0.3711, acc=10596/10975 (96.55%)
Epoch 289 [0/84843] Loss: 0.354711
Epoch 289 [35000/84843] Loss: 0.326564
Epoch 289 [70000/84843] Loss: 0.457069
Epoch 289 - Avg Loss: 0.335250 | Train Acc: 97.60%
Val: loss=0.3691, acc=10595/10975 (96.54%)
Epoch 290 [0/84843] Loss: 0.289709
Epoch 290 [35000/84843] Loss: 0.363551
Epoch 290 [70000/84843] Loss: 0.443924
Epoch 290 - Avg Loss: 0.334745 | Train Acc: 97.64%
Val: loss=0.3700, acc=10599/10975 (96.57%)
Epoch 291 [0/84843] Loss: 0.351440
Epoch 291 [35000/84843] Loss: 0.372248
Epoch 291 [70000/84843] Loss: 0.382023
Epoch 291 - Avg Loss: 0.336312 | Train Acc: 97.56%
Val: loss=0.3707, acc=10592/10975 (96.51%)
Epoch 292 [0/84843] Loss: 0.286873
Epoch 292 [35000/84843] Loss: 0.283461
Epoch 292 [70000/84843] Loss: 0.446444
Epoch 292 - Avg Loss: 0.334607 | Train Acc: 97.59%
Val: loss=0.3640, acc=10619/10975 (96.76%)
saved best: 96.76%
Epoch 293 [0/84843] Loss: 0.330718
Epoch 293 [35000/84843] Loss: 0.330041
Epoch 293 [70000/84843] Loss: 0.323508
Epoch 293 - Avg Loss: 0.335325 | Train Acc: 97.59%
Val: loss=0.3687, acc=10612/10975 (96.69%)
Epoch 294 [0/84843] Loss: 0.288889
Epoch 294 [35000/84843] Loss: 0.410497
Epoch 294 [70000/84843] Loss: 0.453664
Epoch 294 - Avg Loss: 0.333944 | Train Acc: 97.69%
Val: loss=0.3651, acc=10619/10975 (96.76%)
Epoch 295 [0/84843] Loss: 0.286754
Epoch 295 [35000/84843] Loss: 0.460874
Epoch 295 [70000/84843] Loss: 0.319529
Epoch 295 - Avg Loss: 0.332927 | Train Acc: 97.67%
Val: loss=0.3662, acc=10609/10975 (96.67%)
Epoch 296 [0/84843] Loss: 0.356632
Epoch 296 [35000/84843] Loss: 0.337782
Epoch 296 [70000/84843] Loss: 0.323547
Epoch 296 - Avg Loss: 0.335680 | Train Acc: 97.58%
Val: loss=0.3677, acc=10606/10975 (96.64%)
Epoch 297 [0/84843] Loss: 0.295712
Epoch 297 [35000/84843] Loss: 0.351684
Epoch 297 [70000/84843] Loss: 0.282945
Epoch 297 - Avg Loss: 0.336055 | Train Acc: 97.56%
Val: loss=0.3701, acc=10599/10975 (96.57%)
Epoch 298 [0/84843] Loss: 0.401375
Epoch 298 [35000/84843] Loss: 0.351868
Epoch 298 [70000/84843] Loss: 0.335508
Epoch 298 - Avg Loss: 0.334182 | Train Acc: 97.58%
Val: loss=0.3675, acc=10605/10975 (96.63%)
Epoch 299 [0/84843] Loss: 0.335833
Epoch 299 [35000/84843] Loss: 0.313641
Epoch 299 [70000/84843] Loss: 0.359545
Epoch 299 - Avg Loss: 0.334261 | Train Acc: 97.63%
Val: loss=0.3670, acc=10599/10975 (96.57%)
Epoch 300 [0/84843] Loss: 0.273666
Epoch 300 [35000/84843] Loss: 0.373791
Epoch 300 [70000/84843] Loss: 0.322525
Epoch 300 - Avg Loss: 0.334450 | Train Acc: 97.60%
Val: loss=0.3643, acc=10614/10975 (96.71%)
Epoch 301 [0/84843] Loss: 0.365291
Epoch 301 [35000/84843] Loss: 0.278412
Epoch 301 [70000/84843] Loss: 0.355344
Epoch 301 - Avg Loss: 0.332357 | Train Acc: 97.73%
Val: loss=0.3662, acc=10602/10975 (96.60%)
Epoch 302 [0/84843] Loss: 0.335717
Epoch 302 [35000/84843] Loss: 0.346706
Epoch 302 [70000/84843] Loss: 0.310123
Epoch 302 - Avg Loss: 0.333790 | Train Acc: 97.62%
Val: loss=0.3724, acc=10584/10975 (96.44%)
Epoch 303 [0/84843] Loss: 0.302885
Epoch 303 [35000/84843] Loss: 0.345311
Epoch 303 [70000/84843] Loss: 0.316862
Epoch 303 - Avg Loss: 0.335135 | Train Acc: 97.60%
Val: loss=0.3698, acc=10590/10975 (96.49%)
Epoch 304 [0/84843] Loss: 0.335875
Epoch 304 [35000/84843] Loss: 0.288926
Epoch 304 [70000/84843] Loss: 0.304044
Epoch 304 - Avg Loss: 0.331683 | Train Acc: 97.70%
Val: loss=0.3677, acc=10610/10975 (96.67%)
Epoch 305 [0/84843] Loss: 0.351583
Epoch 305 [35000/84843] Loss: 0.300543
Epoch 305 [70000/84843] Loss: 0.341238
Epoch 305 - Avg Loss: 0.334051 | Train Acc: 97.59%
Val: loss=0.3690, acc=10609/10975 (96.67%)
Epoch 306 [0/84843] Loss: 0.295461
Epoch 306 [35000/84843] Loss: 0.338481
Epoch 306 [70000/84843] Loss: 0.276155
Epoch 306 - Avg Loss: 0.332589 | Train Acc: 97.72%
Val: loss=0.3675, acc=10594/10975 (96.53%)
Epoch 307 [0/84843] Loss: 0.374136
Epoch 307 [35000/84843] Loss: 0.330200
Epoch 307 [70000/84843] Loss: 0.280135
Epoch 307 - Avg Loss: 0.332658 | Train Acc: 97.68%
Val: loss=0.3752, acc=10572/10975 (96.33%)
Epoch 308 [0/84843] Loss: 0.399170
Epoch 308 [35000/84843] Loss: 0.312301
Epoch 308 [70000/84843] Loss: 0.331025
Epoch 308 - Avg Loss: 0.331357 | Train Acc: 97.76%
Val: loss=0.3665, acc=10620/10975 (96.77%)
saved best: 96.77%
Epoch 309 [0/84843] Loss: 0.391379
Epoch 309 [35000/84843] Loss: 0.288068
Epoch 309 [70000/84843] Loss: 0.367377
Epoch 309 - Avg Loss: 0.331728 | Train Acc: 97.75%
Val: loss=0.3641, acc=10618/10975 (96.75%)
Epoch 310 [0/84843] Loss: 0.341669
Epoch 310 [35000/84843] Loss: 0.322557
Epoch 310 [70000/84843] Loss: 0.282436
Epoch 310 - Avg Loss: 0.332379 | Train Acc: 97.64%
Val: loss=0.3676, acc=10594/10975 (96.53%)
Epoch 311 [0/84843] Loss: 0.307178
Epoch 311 [35000/84843] Loss: 0.318074
Epoch 311 [70000/84843] Loss: 0.322303
Epoch 311 - Avg Loss: 0.330488 | Train Acc: 97.79%
Val: loss=0.3689, acc=10593/10975 (96.52%)
Epoch 312 [0/84843] Loss: 0.298895
Epoch 312 [35000/84843] Loss: 0.344282
Epoch 312 [70000/84843] Loss: 0.419946
Epoch 312 - Avg Loss: 0.332970 | Train Acc: 97.72%
Val: loss=0.3673, acc=10599/10975 (96.57%)
Epoch 313 [0/84843] Loss: 0.347388
Epoch 313 [35000/84843] Loss: 0.369737
Epoch 313 [70000/84843] Loss: 0.341117
Epoch 313 - Avg Loss: 0.331284 | Train Acc: 97.76%
Val: loss=0.3672, acc=10610/10975 (96.67%)
Epoch 314 [0/84843] Loss: 0.284182
Epoch 314 [35000/84843] Loss: 0.349764
Epoch 314 [70000/84843] Loss: 0.346448
Epoch 314 - Avg Loss: 0.332376 | Train Acc: 97.72%
Val: loss=0.3643, acc=10618/10975 (96.75%)
Epoch 315 [0/84843] Loss: 0.300763
Epoch 315 [35000/84843] Loss: 0.320017
Epoch 315 [70000/84843] Loss: 0.351814
Epoch 315 - Avg Loss: 0.331236 | Train Acc: 97.79%
Val: loss=0.3671, acc=10615/10975 (96.72%)
Epoch 316 [0/84843] Loss: 0.298739
Epoch 316 [35000/84843] Loss: 0.348595
Epoch 316 [70000/84843] Loss: 0.322392
Epoch 316 - Avg Loss: 0.332341 | Train Acc: 97.65%
Val: loss=0.3640, acc=10616/10975 (96.73%)
Epoch 317 [0/84843] Loss: 0.297332
Epoch 317 [35000/84843] Loss: 0.291935
Epoch 317 [70000/84843] Loss: 0.291293
Epoch 317 - Avg Loss: 0.330096 | Train Acc: 97.78%
Val: loss=0.3681, acc=10588/10975 (96.47%)
Epoch 318 [0/84843] Loss: 0.274948
Epoch 318 [35000/84843] Loss: 0.396769
Epoch 318 [70000/84843] Loss: 0.534442
Epoch 318 - Avg Loss: 0.332305 | Train Acc: 97.69%
Val: loss=0.3682, acc=10608/10975 (96.66%)
Epoch 319 [0/84843] Loss: 0.325236
Epoch 319 [35000/84843] Loss: 0.282994
Epoch 319 [70000/84843] Loss: 0.318830
Epoch 319 - Avg Loss: 0.331099 | Train Acc: 97.77%
Val: loss=0.3664, acc=10597/10975 (96.56%)
Epoch 320 [0/84843] Loss: 0.389819
Epoch 320 [35000/84843] Loss: 0.486314
Epoch 320 [70000/84843] Loss: 0.450636
Epoch 320 - Avg Loss: 0.329513 | Train Acc: 97.82%
Val: loss=0.3642, acc=10612/10975 (96.69%)
Epoch 321 [0/84843] Loss: 0.314946
Epoch 321 [35000/84843] Loss: 0.309920
Epoch 321 [70000/84843] Loss: 0.282769
Epoch 321 - Avg Loss: 0.329401 | Train Acc: 97.82%
Val: loss=0.3661, acc=10617/10975 (96.74%)
Epoch 322 [0/84843] Loss: 0.298349
Epoch 322 [35000/84843] Loss: 0.292052
Epoch 322 [70000/84843] Loss: 0.364496
Epoch 322 - Avg Loss: 0.329010 | Train Acc: 97.84%
Val: loss=0.3667, acc=10606/10975 (96.64%)
Epoch 323 [0/84843] Loss: 0.301201
Epoch 323 [35000/84843] Loss: 0.369353
Epoch 323 [70000/84843] Loss: 0.369703
Epoch 323 - Avg Loss: 0.330406 | Train Acc: 97.77%
Val: loss=0.3661, acc=10601/10975 (96.59%)
Epoch 324 [0/84843] Loss: 0.338279
Epoch 324 [35000/84843] Loss: 0.286631
Epoch 324 [70000/84843] Loss: 0.340525
Epoch 324 - Avg Loss: 0.332675 | Train Acc: 97.70%
Val: loss=0.3670, acc=10608/10975 (96.66%)
Epoch 325 [0/84843] Loss: 0.298719
Epoch 325 [35000/84843] Loss: 0.355019
Epoch 325 [70000/84843] Loss: 0.291800
Epoch 325 - Avg Loss: 0.329331 | Train Acc: 97.85%
Val: loss=0.3657, acc=10613/10975 (96.70%)
Epoch 326 [0/84843] Loss: 0.297073
Epoch 326 [35000/84843] Loss: 0.291971
Epoch 326 [70000/84843] Loss: 0.353828
Epoch 326 - Avg Loss: 0.327984 | Train Acc: 97.85%
Val: loss=0.3645, acc=10605/10975 (96.63%)
Epoch 327 [0/84843] Loss: 0.286474
Epoch 327 [35000/84843] Loss: 0.353578
Epoch 327 [70000/84843] Loss: 0.313996
Epoch 327 - Avg Loss: 0.327820 | Train Acc: 97.89%
Val: loss=0.3616, acc=10631/10975 (96.87%)
saved best: 96.87%
Epoch 328 [0/84843] Loss: 0.294206
Epoch 328 [35000/84843] Loss: 0.272293
Epoch 328 [70000/84843] Loss: 0.342422
Epoch 328 - Avg Loss: 0.330186 | Train Acc: 97.80%
Val: loss=0.3658, acc=10614/10975 (96.71%)
Epoch 329 [0/84843] Loss: 0.343791
Epoch 329 [35000/84843] Loss: 0.410071
Epoch 329 [70000/84843] Loss: 0.316350
Epoch 329 - Avg Loss: 0.329140 | Train Acc: 97.80%
Val: loss=0.3643, acc=10608/10975 (96.66%)
Epoch 330 [0/84843] Loss: 0.292986
Epoch 330 [35000/84843] Loss: 0.292652
Epoch 330 [70000/84843] Loss: 0.287927
Epoch 330 - Avg Loss: 0.329587 | Train Acc: 97.83%
Val: loss=0.3649, acc=10609/10975 (96.67%)
Epoch 331 [0/84843] Loss: 0.439306
Epoch 331 [35000/84843] Loss: 0.396097
Epoch 331 [70000/84843] Loss: 0.282109
Epoch 331 - Avg Loss: 0.328887 | Train Acc: 97.83%
Val: loss=0.3662, acc=10611/10975 (96.68%)
Epoch 332 [0/84843] Loss: 0.370758
Epoch 332 [35000/84843] Loss: 0.374923
Epoch 332 [70000/84843] Loss: 0.432621
Epoch 332 - Avg Loss: 0.328146 | Train Acc: 97.86%
Val: loss=0.3644, acc=10617/10975 (96.74%)
Epoch 333 [0/84843] Loss: 0.273726
Epoch 333 [35000/84843] Loss: 0.328917
Epoch 333 [70000/84843] Loss: 0.314705
Epoch 333 - Avg Loss: 0.330386 | Train Acc: 97.81%
Val: loss=0.3656, acc=10598/10975 (96.56%)
Epoch 334 [0/84843] Loss: 0.282954
Epoch 334 [35000/84843] Loss: 0.337587
Epoch 334 [70000/84843] Loss: 0.292123
Epoch 334 - Avg Loss: 0.327965 | Train Acc: 97.86%
Val: loss=0.3653, acc=10608/10975 (96.66%)
Epoch 335 [0/84843] Loss: 0.308260
Epoch 335 [35000/84843] Loss: 0.328522
Epoch 335 [70000/84843] Loss: 0.279881
Epoch 335 - Avg Loss: 0.326818 | Train Acc: 97.97%
Val: loss=0.3655, acc=10603/10975 (96.61%)
Epoch 336 [0/84843] Loss: 0.487111
Epoch 336 [35000/84843] Loss: 0.282440
Epoch 336 [70000/84843] Loss: 0.349360
Epoch 336 - Avg Loss: 0.328767 | Train Acc: 97.85%
Val: loss=0.3650, acc=10613/10975 (96.70%)
Epoch 337 [0/84843] Loss: 0.307891
Epoch 337 [35000/84843] Loss: 0.310376
Epoch 337 [70000/84843] Loss: 0.293020
Epoch 337 - Avg Loss: 0.328068 | Train Acc: 97.83%
Val: loss=0.3630, acc=10620/10975 (96.77%)
Epoch 338 [0/84843] Loss: 0.373718
Epoch 338 [35000/84843] Loss: 0.423620
Epoch 338 [70000/84843] Loss: 0.287560
Epoch 338 - Avg Loss: 0.326333 | Train Acc: 97.94%
Val: loss=0.3640, acc=10609/10975 (96.67%)
Epoch 339 [0/84843] Loss: 0.366398
Epoch 339 [35000/84843] Loss: 0.344404
Epoch 339 [70000/84843] Loss: 0.403116
Epoch 339 - Avg Loss: 0.327914 | Train Acc: 97.86%
Val: loss=0.3648, acc=10612/10975 (96.69%)
Epoch 340 [0/84843] Loss: 0.294357
Epoch 340 [35000/84843] Loss: 0.325913
Epoch 340 [70000/84843] Loss: 0.330592
Epoch 340 - Avg Loss: 0.327598 | Train Acc: 97.90%
Val: loss=0.3644, acc=10610/10975 (96.67%)
Epoch 341 [0/84843] Loss: 0.344829
Epoch 341 [35000/84843] Loss: 0.311589
Epoch 341 [70000/84843] Loss: 0.452365
Epoch 341 - Avg Loss: 0.326995 | Train Acc: 97.89%
Val: loss=0.3643, acc=10615/10975 (96.72%)
Epoch 342 [0/84843] Loss: 0.336387
Epoch 342 [35000/84843] Loss: 0.369335
Epoch 342 [70000/84843] Loss: 0.412201
Epoch 342 - Avg Loss: 0.327880 | Train Acc: 97.86%
Val: loss=0.3638, acc=10609/10975 (96.67%)
Epoch 343 [0/84843] Loss: 0.411108
Epoch 343 [35000/84843] Loss: 0.304817
Epoch 343 [70000/84843] Loss: 0.393479
Epoch 343 - Avg Loss: 0.326533 | Train Acc: 97.95%
Val: loss=0.3639, acc=10612/10975 (96.69%)
Epoch 344 [0/84843] Loss: 0.387043
Epoch 344 [35000/84843] Loss: 0.400109
Epoch 344 [70000/84843] Loss: 0.328832
Epoch 344 - Avg Loss: 0.326646 | Train Acc: 97.90%
Val: loss=0.3631, acc=10610/10975 (96.67%)
Epoch 345 [0/84843] Loss: 0.345987
Epoch 345 [35000/84843] Loss: 0.276414
Epoch 345 [70000/84843] Loss: 0.280130
Epoch 345 - Avg Loss: 0.325642 | Train Acc: 97.97%
Val: loss=0.3626, acc=10615/10975 (96.72%)
Epoch 346 [0/84843] Loss: 0.362347
Epoch 346 [35000/84843] Loss: 0.314035
Epoch 346 [70000/84843] Loss: 0.291985
Epoch 346 - Avg Loss: 0.327180 | Train Acc: 97.88%
Val: loss=0.3632, acc=10617/10975 (96.74%)
Epoch 347 [0/84843] Loss: 0.311825
Epoch 347 [35000/84843] Loss: 0.271887
Epoch 347 [70000/84843] Loss: 0.349728
Epoch 347 - Avg Loss: 0.326760 | Train Acc: 97.92%
Val: loss=0.3628, acc=10624/10975 (96.80%)
Epoch 348 [0/84843] Loss: 0.285100
Epoch 348 [35000/84843] Loss: 0.367158
Epoch 348 [70000/84843] Loss: 0.276774
Epoch 348 - Avg Loss: 0.326182 | Train Acc: 97.95%
Val: loss=0.3632, acc=10618/10975 (96.75%)
Epoch 349 [0/84843] Loss: 0.371619
Epoch 349 [35000/84843] Loss: 0.281522
Epoch 349 [70000/84843] Loss: 0.373247
Epoch 349 - Avg Loss: 0.326256 | Train Acc: 97.91%
Val: loss=0.3667, acc=10600/10975 (96.58%)
Epoch 350 [0/84843] Loss: 0.278594
Epoch 350 [35000/84843] Loss: 0.290367
Epoch 350 [70000/84843] Loss: 0.339248
Epoch 350 - Avg Loss: 0.325966 | Train Acc: 97.96%
Val: loss=0.3654, acc=10611/10975 (96.68%)
Epoch 351 [0/84843] Loss: 0.289575
Epoch 351 [35000/84843] Loss: 0.280388
Epoch 351 [70000/84843] Loss: 0.376405
Epoch 351 - Avg Loss: 0.326009 | Train Acc: 97.94%
Val: loss=0.3631, acc=10625/10975 (96.81%)
Epoch 352 [0/84843] Loss: 0.277532
Epoch 352 [35000/84843] Loss: 0.285184
Epoch 352 [70000/84843] Loss: 0.357440
Epoch 352 - Avg Loss: 0.328214 | Train Acc: 97.84%
Val: loss=0.3632, acc=10619/10975 (96.76%)
Epoch 353 [0/84843] Loss: 0.350499
Epoch 353 [35000/84843] Loss: 0.295378
Epoch 353 [70000/84843] Loss: 0.307822
Epoch 353 - Avg Loss: 0.328107 | Train Acc: 97.89%
Val: loss=0.3614, acc=10620/10975 (96.77%)
Epoch 354 [0/84843] Loss: 0.307606
Epoch 354 [35000/84843] Loss: 0.306676
Epoch 354 [70000/84843] Loss: 0.331292
Epoch 354 - Avg Loss: 0.325083 | Train Acc: 98.00%
Val: loss=0.3626, acc=10616/10975 (96.73%)
Epoch 355 [0/84843] Loss: 0.284182
Epoch 355 [35000/84843] Loss: 0.350814
Epoch 355 [70000/84843] Loss: 0.299595
Epoch 355 - Avg Loss: 0.324657 | Train Acc: 98.01%
Val: loss=0.3623, acc=10617/10975 (96.74%)
Epoch 356 [0/84843] Loss: 0.432280
Epoch 356 [35000/84843] Loss: 0.350803
Epoch 356 [70000/84843] Loss: 0.373296
Epoch 356 - Avg Loss: 0.326907 | Train Acc: 97.92%
Val: loss=0.3620, acc=10609/10975 (96.67%)
Epoch 357 [0/84843] Loss: 0.369159
Epoch 357 [35000/84843] Loss: 0.334898
Epoch 357 [70000/84843] Loss: 0.384626
Epoch 357 - Avg Loss: 0.326781 | Train Acc: 97.97%
Val: loss=0.3613, acc=10618/10975 (96.75%)
Epoch 358 [0/84843] Loss: 0.418149
Epoch 358 [35000/84843] Loss: 0.337811
Epoch 358 [70000/84843] Loss: 0.278411
Epoch 358 - Avg Loss: 0.325259 | Train Acc: 97.96%
Val: loss=0.3631, acc=10612/10975 (96.69%)
Epoch 359 [0/84843] Loss: 0.295530
Epoch 359 [35000/84843] Loss: 0.293082
Epoch 359 [70000/84843] Loss: 0.299299
Epoch 359 - Avg Loss: 0.326151 | Train Acc: 97.92%
Val: loss=0.3635, acc=10617/10975 (96.74%)
Epoch 360 [0/84843] Loss: 0.382911
Epoch 360 [35000/84843] Loss: 0.286854
Epoch 360 [70000/84843] Loss: 0.406255
Epoch 360 - Avg Loss: 0.324046 | Train Acc: 97.99%
Val: loss=0.3632, acc=10616/10975 (96.73%)
Epoch 361 [0/84843] Loss: 0.384282
Epoch 361 [35000/84843] Loss: 0.330036
Epoch 361 [70000/84843] Loss: 0.296170
Epoch 361 - Avg Loss: 0.327132 | Train Acc: 97.88%
Val: loss=0.3640, acc=10620/10975 (96.77%)
Epoch 362 [0/84843] Loss: 0.368409
Epoch 362 [35000/84843] Loss: 0.397358
Epoch 362 [70000/84843] Loss: 0.283217
Epoch 362 - Avg Loss: 0.326742 | Train Acc: 97.93%
Val: loss=0.3625, acc=10618/10975 (96.75%)
Epoch 363 [0/84843] Loss: 0.286773
Epoch 363 [35000/84843] Loss: 0.312163
Epoch 363 [70000/84843] Loss: 0.436739
Epoch 363 - Avg Loss: 0.325171 | Train Acc: 97.98%
Val: loss=0.3627, acc=10621/10975 (96.77%)
Epoch 364 [0/84843] Loss: 0.394491
Epoch 364 [35000/84843] Loss: 0.404551
Epoch 364 [70000/84843] Loss: 0.383555
Epoch 364 - Avg Loss: 0.324960 | Train Acc: 97.97%
Val: loss=0.3625, acc=10621/10975 (96.77%)
Epoch 365 [0/84843] Loss: 0.287948
Epoch 365 [35000/84843] Loss: 0.278798
Epoch 365 [70000/84843] Loss: 0.294550
Epoch 365 - Avg Loss: 0.324147 | Train Acc: 98.02%
Val: loss=0.3633, acc=10611/10975 (96.68%)
Epoch 366 [0/84843] Loss: 0.322790
Epoch 366 [35000/84843] Loss: 0.275299
Epoch 366 [70000/84843] Loss: 0.361703
Epoch 366 - Avg Loss: 0.326450 | Train Acc: 97.96%
Val: loss=0.3624, acc=10617/10975 (96.74%)
Epoch 367 [0/84843] Loss: 0.328009
Epoch 367 [35000/84843] Loss: 0.353526
Epoch 367 [70000/84843] Loss: 0.363343
Epoch 367 - Avg Loss: 0.326185 | Train Acc: 97.98%
Val: loss=0.3632, acc=10620/10975 (96.77%)
Epoch 368 [0/84843] Loss: 0.277014
Epoch 368 [35000/84843] Loss: 0.365876
Epoch 368 [70000/84843] Loss: 0.326598
Epoch 368 - Avg Loss: 0.326236 | Train Acc: 97.98%
Val: loss=0.3647, acc=10614/10975 (96.71%)
Epoch 369 [0/84843] Loss: 0.347137
Epoch 369 [35000/84843] Loss: 0.345379
Epoch 369 [70000/84843] Loss: 0.274365
Epoch 369 - Avg Loss: 0.327100 | Train Acc: 97.91%
Val: loss=0.3636, acc=10614/10975 (96.71%)
Epoch 370 [0/84843] Loss: 0.271704
Epoch 370 [35000/84843] Loss: 0.288746
Epoch 370 [70000/84843] Loss: 0.417020
Epoch 370 - Avg Loss: 0.322493 | Train Acc: 98.11%
Val: loss=0.3636, acc=10614/10975 (96.71%)
Epoch 371 [0/84843] Loss: 0.359266
Epoch 371 [35000/84843] Loss: 0.274824
Epoch 371 [70000/84843] Loss: 0.290459
Epoch 371 - Avg Loss: 0.326005 | Train Acc: 97.95%
Val: loss=0.3629, acc=10618/10975 (96.75%)
Epoch 372 [0/84843] Loss: 0.404130
Epoch 372 [35000/84843] Loss: 0.412006
Epoch 372 [70000/84843] Loss: 0.459254
Epoch 372 - Avg Loss: 0.325945 | Train Acc: 97.93%
Val: loss=0.3633, acc=10626/10975 (96.82%)
Epoch 373 [0/84843] Loss: 0.275488
Epoch 373 [35000/84843] Loss: 0.273717
Epoch 373 [70000/84843] Loss: 0.365505
Epoch 373 - Avg Loss: 0.326175 | Train Acc: 97.97%
Val: loss=0.3635, acc=10619/10975 (96.76%)
Epoch 374 [0/84843] Loss: 0.269552
Epoch 374 [35000/84843] Loss: 0.325751
Epoch 374 [70000/84843] Loss: 0.331183
Epoch 374 - Avg Loss: 0.322916 | Train Acc: 98.08%
Val: loss=0.3632, acc=10613/10975 (96.70%)
Epoch 375 [0/84843] Loss: 0.312356
Epoch 375 [35000/84843] Loss: 0.280331
Epoch 375 [70000/84843] Loss: 0.405962
Epoch 375 - Avg Loss: 0.323125 | Train Acc: 98.10%
Val: loss=0.3638, acc=10614/10975 (96.71%)
Epoch 376 [0/84843] Loss: 0.379033
Epoch 376 [35000/84843] Loss: 0.324648
Epoch 376 [70000/84843] Loss: 0.312846
Epoch 376 - Avg Loss: 0.326559 | Train Acc: 97.93%
Val: loss=0.3635, acc=10614/10975 (96.71%)
Epoch 377 [0/84843] Loss: 0.369809
Epoch 377 [35000/84843] Loss: 0.340552
Epoch 377 [70000/84843] Loss: 0.303522
Epoch 377 - Avg Loss: 0.324184 | Train Acc: 98.03%
Val: loss=0.3640, acc=10620/10975 (96.77%)
Epoch 378 [0/84843] Loss: 0.282104
Epoch 378 [35000/84843] Loss: 0.328872
Epoch 378 [70000/84843] Loss: 0.280680
Epoch 378 - Avg Loss: 0.324151 | Train Acc: 98.03%
Val: loss=0.3633, acc=10614/10975 (96.71%)
Epoch 379 [0/84843] Loss: 0.339200
Epoch 379 [35000/84843] Loss: 0.306652
Epoch 379 [70000/84843] Loss: 0.330680
Epoch 379 - Avg Loss: 0.324946 | Train Acc: 97.99%
Val: loss=0.3632, acc=10618/10975 (96.75%)
Epoch 380 [0/84843] Loss: 0.330306
Epoch 380 [35000/84843] Loss: 0.383894
Epoch 380 [70000/84843] Loss: 0.298096
Epoch 380 - Avg Loss: 0.323425 | Train Acc: 98.05%
Val: loss=0.3635, acc=10617/10975 (96.74%)
Epoch 381 [0/84843] Loss: 0.316795
Epoch 381 [35000/84843] Loss: 0.318163
Epoch 381 [70000/84843] Loss: 0.320046
Epoch 381 - Avg Loss: 0.324930 | Train Acc: 98.02%
Val: loss=0.3637, acc=10615/10975 (96.72%)
Epoch 382 [0/84843] Loss: 0.350505
Epoch 382 [35000/84843] Loss: 0.300771
Epoch 382 [70000/84843] Loss: 0.342166
Epoch 382 - Avg Loss: 0.323602 | Train Acc: 98.06%
Val: loss=0.3638, acc=10613/10975 (96.70%)
Epoch 383 [0/84843] Loss: 0.290200
Epoch 383 [35000/84843] Loss: 0.485439
Epoch 383 [70000/84843] Loss: 0.298881
Epoch 383 - Avg Loss: 0.323616 | Train Acc: 98.06%
Val: loss=0.3634, acc=10612/10975 (96.69%)
Epoch 384 [0/84843] Loss: 0.321095
Epoch 384 [35000/84843] Loss: 0.278859
Epoch 384 [70000/84843] Loss: 0.303853
Epoch 384 - Avg Loss: 0.324043 | Train Acc: 98.06%
Val: loss=0.3634, acc=10611/10975 (96.68%)
Epoch 385 [0/84843] Loss: 0.278411
Epoch 385 [35000/84843] Loss: 0.328710
Epoch 385 [70000/84843] Loss: 0.378320
Epoch 385 - Avg Loss: 0.324614 | Train Acc: 98.01%
Val: loss=0.3634, acc=10614/10975 (96.71%)
Epoch 386 [0/84843] Loss: 0.301739
Epoch 386 [35000/84843] Loss: 0.380962
Epoch 386 [70000/84843] Loss: 0.322137
Epoch 386 - Avg Loss: 0.325125 | Train Acc: 97.95%
Val: loss=0.3639, acc=10614/10975 (96.71%)
Epoch 387 [0/84843] Loss: 0.377317
Epoch 387 [35000/84843] Loss: 0.484424
Epoch 387 [70000/84843] Loss: 0.370026
Epoch 387 - Avg Loss: 0.323985 | Train Acc: 98.06%
Val: loss=0.3640, acc=10615/10975 (96.72%)
Epoch 388 [0/84843] Loss: 0.310851
Epoch 388 [35000/84843] Loss: 0.306620
Epoch 388 [70000/84843] Loss: 0.284160
Epoch 388 - Avg Loss: 0.322265 | Train Acc: 98.11%
Val: loss=0.3635, acc=10612/10975 (96.69%)
Epoch 389 [0/84843] Loss: 0.274454
Epoch 389 [35000/84843] Loss: 0.329076
Epoch 389 [70000/84843] Loss: 0.285610
Epoch 389 - Avg Loss: 0.323973 | Train Acc: 98.04%
Val: loss=0.3634, acc=10612/10975 (96.69%)
Epoch 390 [0/84843] Loss: 0.443975
Epoch 390 [35000/84843] Loss: 0.281350
Epoch 390 [70000/84843] Loss: 0.365974
Epoch 390 - Avg Loss: 0.325010 | Train Acc: 97.99%
Val: loss=0.3642, acc=10614/10975 (96.71%)
Epoch 391 [0/84843] Loss: 0.349997
Epoch 391 [35000/84843] Loss: 0.282768
Epoch 391 [70000/84843] Loss: 0.322886
Epoch 391 - Avg Loss: 0.325158 | Train Acc: 98.07%
Val: loss=0.3633, acc=10620/10975 (96.77%)
Epoch 392 [0/84843] Loss: 0.319886
Epoch 392 [35000/84843] Loss: 0.422206
Epoch 392 [70000/84843] Loss: 0.388505
Epoch 392 - Avg Loss: 0.323279 | Train Acc: 98.08%
Val: loss=0.3631, acc=10619/10975 (96.76%)
Epoch 393 [0/84843] Loss: 0.426263
Epoch 393 [35000/84843] Loss: 0.310110
Epoch 393 [70000/84843] Loss: 0.379775
Epoch 393 - Avg Loss: 0.324590 | Train Acc: 98.00%
Val: loss=0.3634, acc=10619/10975 (96.76%)
Epoch 394 [0/84843] Loss: 0.430060
Epoch 394 [35000/84843] Loss: 0.288979
Epoch 394 [70000/84843] Loss: 0.349323
Epoch 394 - Avg Loss: 0.324967 | Train Acc: 98.04%
Val: loss=0.3633, acc=10621/10975 (96.77%)
Epoch 395 [0/84843] Loss: 0.287512
Epoch 395 [35000/84843] Loss: 0.383543
Epoch 395 [70000/84843] Loss: 0.304594
Epoch 395 - Avg Loss: 0.323550 | Train Acc: 98.04%
Val: loss=0.3630, acc=10622/10975 (96.78%)
Epoch 396 [0/84843] Loss: 0.379752
Epoch 396 [35000/84843] Loss: 0.352038
Epoch 396 [70000/84843] Loss: 0.447960
Epoch 396 - Avg Loss: 0.323315 | Train Acc: 98.06%
Val: loss=0.3630, acc=10621/10975 (96.77%)
Epoch 397 [0/84843] Loss: 0.302389
Epoch 397 [35000/84843] Loss: 0.286110
Epoch 397 [70000/84843] Loss: 0.348746
Epoch 397 - Avg Loss: 0.323574 | Train Acc: 98.07%
Val: loss=0.3629, acc=10620/10975 (96.77%)
Epoch 398 [0/84843] Loss: 0.287070
Epoch 398 [35000/84843] Loss: 0.315988
Epoch 398 [70000/84843] Loss: 0.302833
Epoch 398 - Avg Loss: 0.322751 | Train Acc: 98.09%
Val: loss=0.3630, acc=10621/10975 (96.77%)
Epoch 399 [0/84843] Loss: 0.325978
Epoch 399 [35000/84843] Loss: 0.329268
Epoch 399 [70000/84843] Loss: 0.293052
Epoch 399 - Avg Loss: 0.324225 | Train Acc: 98.02%
Val: loss=0.3631, acc=10620/10975 (96.77%)
Epoch 400 [0/84843] Loss: 0.334970
Epoch 400 [35000/84843] Loss: 0.301289
Epoch 400 [70000/84843] Loss: 0.312455
Epoch 400 - Avg Loss: 0.323214 | Train Acc: 98.06%
Val: loss=0.3631, acc=10620/10975 (96.77%)
Test: loss=0.3772, acc=11649/12101 (96.26%)
