Running feature config: 16_mels_delta_delta (task 1)
SpecAugment freq_mask=0 time_mask=30
Device: cuda
Feature config: 16_mels_delta_delta -> {'n_mels': 16, 'use_delta': True, 'use_delta_delta': True}
SpecAugment: True freq_mask=0 time_mask=30
GPU Name: Tesla V100-SXM2-32GB
GPU Memory: 34.07 GB
Total model parameters: 47,628
Epoch 1 [0/84843] Loss: 2.389100
Epoch 1 [35000/84843] Loss: 1.893672
Epoch 1 [70000/84843] Loss: 1.374298
Epoch 1 - Avg Loss: 1.659286 | Train Acc: 57.62%
Val: loss=1.5296, acc=6845/10975 (62.37%)
saved best: 62.37%
Epoch 2 [0/84843] Loss: 1.865105
Epoch 2 [35000/84843] Loss: 1.497730
Epoch 2 [70000/84843] Loss: 1.343078
Epoch 2 - Avg Loss: 1.377563 | Train Acc: 66.34%
Val: loss=1.3857, acc=7250/10975 (66.06%)
saved best: 66.06%
Epoch 3 [0/84843] Loss: 1.392973
Epoch 3 [35000/84843] Loss: 1.444989
Epoch 3 [70000/84843] Loss: 1.701486
Epoch 3 - Avg Loss: 1.352061 | Train Acc: 66.77%
Val: loss=1.3577, acc=7264/10975 (66.19%)
saved best: 66.19%
Epoch 4 [0/84843] Loss: 1.410181
Epoch 4 [35000/84843] Loss: 1.249425
Epoch 4 [70000/84843] Loss: 1.338060
Epoch 4 - Avg Loss: 1.319820 | Train Acc: 66.77%
Val: loss=1.3050, acc=7287/10975 (66.40%)
saved best: 66.40%
Epoch 5 [0/84843] Loss: 1.566981
Epoch 5 [35000/84843] Loss: 1.158447
Epoch 5 [70000/84843] Loss: 1.129282
Epoch 5 - Avg Loss: 1.273150 | Train Acc: 66.90%
Val: loss=1.2486, acc=7387/10975 (67.31%)
saved best: 67.31%
Epoch 6 [0/84843] Loss: 1.076311
Epoch 6 [35000/84843] Loss: 1.437061
Epoch 6 [70000/84843] Loss: 1.296437
Epoch 6 - Avg Loss: 1.234947 | Train Acc: 67.60%
Val: loss=1.2102, acc=7406/10975 (67.48%)
saved best: 67.48%
Epoch 7 [0/84843] Loss: 1.250736
Epoch 7 [35000/84843] Loss: 1.210980
Epoch 7 [70000/84843] Loss: 1.198934
Epoch 7 - Avg Loss: 1.200225 | Train Acc: 68.06%
Val: loss=1.1727, acc=7427/10975 (67.67%)
saved best: 67.67%
Epoch 8 [0/84843] Loss: 1.114329
Epoch 8 [35000/84843] Loss: 1.188820
Epoch 8 [70000/84843] Loss: 1.259278
Epoch 8 - Avg Loss: 1.168425 | Train Acc: 68.49%
Val: loss=1.1403, acc=7518/10975 (68.50%)
saved best: 68.50%
Epoch 9 [0/84843] Loss: 1.139471
Epoch 9 [35000/84843] Loss: 1.150615
Epoch 9 [70000/84843] Loss: 1.072034
Epoch 9 - Avg Loss: 1.141960 | Train Acc: 68.75%
Val: loss=1.1106, acc=7554/10975 (68.83%)
saved best: 68.83%
Epoch 10 [0/84843] Loss: 0.885868
Epoch 10 [35000/84843] Loss: 1.253196
Epoch 10 [70000/84843] Loss: 1.199316
Epoch 10 - Avg Loss: 1.112444 | Train Acc: 69.31%
Val: loss=1.0678, acc=7678/10975 (69.96%)
saved best: 69.96%
Epoch 11 [0/84843] Loss: 1.000954
Epoch 11 [35000/84843] Loss: 1.599756
Epoch 11 [70000/84843] Loss: 1.180374
Epoch 11 - Avg Loss: 1.081278 | Train Acc: 70.09%
Val: loss=1.0305, acc=7806/10975 (71.13%)
saved best: 71.13%
Epoch 12 [0/84843] Loss: 1.215554
Epoch 12 [35000/84843] Loss: 1.090750
Epoch 12 [70000/84843] Loss: 1.023672
Epoch 12 - Avg Loss: 1.048442 | Train Acc: 70.99%
Val: loss=0.9991, acc=7776/10975 (70.85%)
Epoch 13 [0/84843] Loss: 0.922348
Epoch 13 [35000/84843] Loss: 0.931313
Epoch 13 [70000/84843] Loss: 0.706261
Epoch 13 - Avg Loss: 1.011049 | Train Acc: 71.50%
Val: loss=0.9510, acc=7966/10975 (72.58%)
saved best: 72.58%
Epoch 14 [0/84843] Loss: 1.146639
Epoch 14 [35000/84843] Loss: 0.892278
Epoch 14 [70000/84843] Loss: 0.922588
Epoch 14 - Avg Loss: 0.977306 | Train Acc: 72.44%
Val: loss=0.9232, acc=8097/10975 (73.78%)
saved best: 73.78%
Epoch 15 [0/84843] Loss: 0.656093
Epoch 15 [35000/84843] Loss: 0.853624
Epoch 15 [70000/84843] Loss: 0.944618
Epoch 15 - Avg Loss: 0.938921 | Train Acc: 74.02%
Val: loss=0.8688, acc=8357/10975 (76.15%)
saved best: 76.15%
Epoch 16 [0/84843] Loss: 0.831848
Epoch 16 [35000/84843] Loss: 0.885006
Epoch 16 [70000/84843] Loss: 0.870636
Epoch 16 - Avg Loss: 0.903344 | Train Acc: 75.51%
Val: loss=0.8243, acc=8682/10975 (79.11%)
saved best: 79.11%
Epoch 17 [0/84843] Loss: 0.837567
Epoch 17 [35000/84843] Loss: 0.869639
Epoch 17 [70000/84843] Loss: 0.908704
Epoch 17 - Avg Loss: 0.873464 | Train Acc: 76.79%
Val: loss=0.7876, acc=8841/10975 (80.56%)
saved best: 80.56%
Epoch 18 [0/84843] Loss: 0.822172
Epoch 18 [35000/84843] Loss: 1.086572
Epoch 18 [70000/84843] Loss: 0.720775
Epoch 18 - Avg Loss: 0.839966 | Train Acc: 78.23%
Val: loss=0.7566, acc=8977/10975 (81.79%)
saved best: 81.79%
Epoch 19 [0/84843] Loss: 0.750910
Epoch 19 [35000/84843] Loss: 0.759183
Epoch 19 [70000/84843] Loss: 0.772659
Epoch 19 - Avg Loss: 0.804188 | Train Acc: 79.76%
Val: loss=0.7170, acc=9166/10975 (83.52%)
saved best: 83.52%
Epoch 20 [0/84843] Loss: 0.912910
Epoch 20 [35000/84843] Loss: 0.722408
Epoch 20 [70000/84843] Loss: 0.725515
Epoch 20 - Avg Loss: 0.767774 | Train Acc: 81.12%
Val: loss=0.6711, acc=9322/10975 (84.94%)
saved best: 84.94%
Epoch 21 [0/84843] Loss: 0.708434
Epoch 21 [35000/84843] Loss: 0.825691
Epoch 21 [70000/84843] Loss: 0.663322
Epoch 21 - Avg Loss: 0.732149 | Train Acc: 82.24%
Val: loss=0.6329, acc=9481/10975 (86.39%)
saved best: 86.39%
Epoch 22 [0/84843] Loss: 0.684767
Epoch 22 [35000/84843] Loss: 0.795943
Epoch 22 [70000/84843] Loss: 0.603499
Epoch 22 - Avg Loss: 0.688673 | Train Acc: 84.23%
Val: loss=0.5999, acc=9661/10975 (88.03%)
saved best: 88.03%
Epoch 23 [0/84843] Loss: 0.700077
Epoch 23 [35000/84843] Loss: 0.795639
Epoch 23 [70000/84843] Loss: 0.894724
Epoch 23 - Avg Loss: 0.659987 | Train Acc: 85.50%
Val: loss=0.5742, acc=9761/10975 (88.94%)
saved best: 88.94%
Epoch 24 [0/84843] Loss: 0.759476
Epoch 24 [35000/84843] Loss: 0.495696
Epoch 24 [70000/84843] Loss: 0.748468
Epoch 24 - Avg Loss: 0.631317 | Train Acc: 86.58%
Val: loss=0.5358, acc=9952/10975 (90.68%)
saved best: 90.68%
Epoch 25 [0/84843] Loss: 0.639904
Epoch 25 [35000/84843] Loss: 0.610688
Epoch 25 [70000/84843] Loss: 0.477995
Epoch 25 - Avg Loss: 0.606125 | Train Acc: 87.42%
Val: loss=0.5237, acc=10004/10975 (91.15%)
saved best: 91.15%
Epoch 26 [0/84843] Loss: 0.586787
Epoch 26 [35000/84843] Loss: 0.495757
Epoch 26 [70000/84843] Loss: 0.783230
Epoch 26 - Avg Loss: 0.591245 | Train Acc: 88.00%
Val: loss=0.5049, acc=10075/10975 (91.80%)
saved best: 91.80%
Epoch 27 [0/84843] Loss: 0.615476
Epoch 27 [35000/84843] Loss: 0.480839
Epoch 27 [70000/84843] Loss: 0.655391
Epoch 27 - Avg Loss: 0.574159 | Train Acc: 88.66%
Val: loss=0.4885, acc=10139/10975 (92.38%)
saved best: 92.38%
Epoch 28 [0/84843] Loss: 0.502351
Epoch 28 [35000/84843] Loss: 0.682714
Epoch 28 [70000/84843] Loss: 0.496655
Epoch 28 - Avg Loss: 0.563086 | Train Acc: 89.03%
Val: loss=0.4861, acc=10166/10975 (92.63%)
saved best: 92.63%
Epoch 29 [0/84843] Loss: 0.659829
Epoch 29 [35000/84843] Loss: 0.642623
Epoch 29 [70000/84843] Loss: 0.547632
Epoch 29 - Avg Loss: 0.551238 | Train Acc: 89.42%
Val: loss=0.4794, acc=10175/10975 (92.71%)
saved best: 92.71%
Epoch 30 [0/84843] Loss: 0.396984
Epoch 30 [35000/84843] Loss: 0.349749
Epoch 30 [70000/84843] Loss: 0.451657
Epoch 30 - Avg Loss: 0.540929 | Train Acc: 89.88%
Val: loss=0.4603, acc=10259/10975 (93.48%)
saved best: 93.48%
Epoch 31 [0/84843] Loss: 0.349495
Epoch 31 [35000/84843] Loss: 0.441693
Epoch 31 [70000/84843] Loss: 0.461666
Epoch 31 - Avg Loss: 0.531272 | Train Acc: 90.18%
Val: loss=0.4651, acc=10227/10975 (93.18%)
Epoch 32 [0/84843] Loss: 0.540760
Epoch 32 [35000/84843] Loss: 0.490888
Epoch 32 [70000/84843] Loss: 0.558487
Epoch 32 - Avg Loss: 0.525557 | Train Acc: 90.34%
Val: loss=0.4632, acc=10241/10975 (93.31%)
Epoch 33 [0/84843] Loss: 0.658675
Epoch 33 [35000/84843] Loss: 0.364453
Epoch 33 [70000/84843] Loss: 0.425946
Epoch 33 - Avg Loss: 0.515955 | Train Acc: 90.85%
Val: loss=0.4431, acc=10321/10975 (94.04%)
saved best: 94.04%
Epoch 34 [0/84843] Loss: 0.577185
Epoch 34 [35000/84843] Loss: 0.568261
Epoch 34 [70000/84843] Loss: 0.482900
Epoch 34 - Avg Loss: 0.509516 | Train Acc: 90.89%
Val: loss=0.4401, acc=10329/10975 (94.11%)
saved best: 94.11%
Epoch 35 [0/84843] Loss: 0.660925
Epoch 35 [35000/84843] Loss: 0.551398
Epoch 35 [70000/84843] Loss: 0.644085
Epoch 35 - Avg Loss: 0.499977 | Train Acc: 91.47%
Val: loss=0.4338, acc=10359/10975 (94.39%)
saved best: 94.39%
Epoch 36 [0/84843] Loss: 0.439253
Epoch 36 [35000/84843] Loss: 0.644360
Epoch 36 [70000/84843] Loss: 0.548012
Epoch 36 - Avg Loss: 0.492556 | Train Acc: 91.72%
Val: loss=0.4516, acc=10296/10975 (93.81%)
Epoch 37 [0/84843] Loss: 0.381774
Epoch 37 [35000/84843] Loss: 0.344606
Epoch 37 [70000/84843] Loss: 0.477445
Epoch 37 - Avg Loss: 0.490510 | Train Acc: 91.73%
Val: loss=0.4309, acc=10372/10975 (94.51%)
saved best: 94.51%
Epoch 38 [0/84843] Loss: 0.460471
Epoch 38 [35000/84843] Loss: 0.509451
Epoch 38 [70000/84843] Loss: 0.622414
Epoch 38 - Avg Loss: 0.485629 | Train Acc: 91.96%
Val: loss=0.4243, acc=10409/10975 (94.84%)
saved best: 94.84%
Epoch 39 [0/84843] Loss: 0.402093
Epoch 39 [35000/84843] Loss: 0.369928
Epoch 39 [70000/84843] Loss: 0.496036
Epoch 39 - Avg Loss: 0.478958 | Train Acc: 92.21%
Val: loss=0.4164, acc=10419/10975 (94.93%)
saved best: 94.93%
Epoch 40 [0/84843] Loss: 0.448616
Epoch 40 [35000/84843] Loss: 0.391182
Epoch 40 [70000/84843] Loss: 0.450443
Epoch 40 - Avg Loss: 0.474670 | Train Acc: 92.29%
Val: loss=0.4158, acc=10412/10975 (94.87%)
Epoch 41 [0/84843] Loss: 0.497340
Epoch 41 [35000/84843] Loss: 0.683623
Epoch 41 [70000/84843] Loss: 0.438033
Epoch 41 - Avg Loss: 0.473554 | Train Acc: 92.40%
Val: loss=0.4210, acc=10395/10975 (94.72%)
Epoch 42 [0/84843] Loss: 0.505194
Epoch 42 [35000/84843] Loss: 0.522602
Epoch 42 [70000/84843] Loss: 0.345018
Epoch 42 - Avg Loss: 0.465250 | Train Acc: 92.68%
Val: loss=0.4064, acc=10456/10975 (95.27%)
saved best: 95.27%
Epoch 43 [0/84843] Loss: 0.402027
Epoch 43 [35000/84843] Loss: 0.455808
Epoch 43 [70000/84843] Loss: 0.441001
Epoch 43 - Avg Loss: 0.461104 | Train Acc: 92.82%
Val: loss=0.4144, acc=10427/10975 (95.01%)
Epoch 44 [0/84843] Loss: 0.604270
Epoch 44 [35000/84843] Loss: 0.441134
Epoch 44 [70000/84843] Loss: 0.373001
Epoch 44 - Avg Loss: 0.455484 | Train Acc: 93.02%
Val: loss=0.4127, acc=10431/10975 (95.04%)
Epoch 45 [0/84843] Loss: 0.514706
Epoch 45 [35000/84843] Loss: 0.492489
Epoch 45 [70000/84843] Loss: 0.614297
Epoch 45 - Avg Loss: 0.454617 | Train Acc: 93.06%
Val: loss=0.4050, acc=10466/10975 (95.36%)
saved best: 95.36%
Epoch 46 [0/84843] Loss: 0.437713
Epoch 46 [35000/84843] Loss: 0.368902
Epoch 46 [70000/84843] Loss: 0.417232
Epoch 46 - Avg Loss: 0.449868 | Train Acc: 93.23%
Val: loss=0.4009, acc=10460/10975 (95.31%)
Epoch 47 [0/84843] Loss: 0.431744
Epoch 47 [35000/84843] Loss: 0.417029
Epoch 47 [70000/84843] Loss: 0.443338
Epoch 47 - Avg Loss: 0.447804 | Train Acc: 93.31%
Val: loss=0.4085, acc=10412/10975 (94.87%)
Epoch 48 [0/84843] Loss: 0.553857
Epoch 48 [35000/84843] Loss: 0.330058
Epoch 48 [70000/84843] Loss: 0.368270
Epoch 48 - Avg Loss: 0.444336 | Train Acc: 93.43%
Val: loss=0.3943, acc=10503/10975 (95.70%)
saved best: 95.70%
Epoch 49 [0/84843] Loss: 0.326344
Epoch 49 [35000/84843] Loss: 0.436547
Epoch 49 [70000/84843] Loss: 0.476844
Epoch 49 - Avg Loss: 0.442521 | Train Acc: 93.48%
Val: loss=0.3946, acc=10476/10975 (95.45%)
Epoch 50 [0/84843] Loss: 0.369313
Epoch 50 [35000/84843] Loss: 0.461946
Epoch 50 [70000/84843] Loss: 0.537883
Epoch 50 - Avg Loss: 0.435597 | Train Acc: 93.73%
Val: loss=0.4014, acc=10471/10975 (95.41%)
Epoch 51 [0/84843] Loss: 0.415983
Epoch 51 [35000/84843] Loss: 0.579134
Epoch 51 [70000/84843] Loss: 0.371376
Epoch 51 - Avg Loss: 0.436729 | Train Acc: 93.75%
Val: loss=0.3957, acc=10492/10975 (95.60%)
Epoch 52 [0/84843] Loss: 0.367098
Epoch 52 [35000/84843] Loss: 0.387122
Epoch 52 [70000/84843] Loss: 0.515877
Epoch 52 - Avg Loss: 0.432606 | Train Acc: 93.89%
Val: loss=0.3935, acc=10515/10975 (95.81%)
saved best: 95.81%
Epoch 53 [0/84843] Loss: 0.553472
Epoch 53 [35000/84843] Loss: 0.522195
Epoch 53 [70000/84843] Loss: 0.573874
Epoch 53 - Avg Loss: 0.433511 | Train Acc: 93.74%
Val: loss=0.4070, acc=10437/10975 (95.10%)
Epoch 54 [0/84843] Loss: 0.430033
Epoch 54 [35000/84843] Loss: 0.345422
Epoch 54 [70000/84843] Loss: 0.432902
Epoch 54 - Avg Loss: 0.429599 | Train Acc: 93.93%
Val: loss=0.3883, acc=10505/10975 (95.72%)
Epoch 55 [0/84843] Loss: 0.373777
Epoch 55 [35000/84843] Loss: 0.550544
Epoch 55 [70000/84843] Loss: 0.518705
Epoch 55 - Avg Loss: 0.427236 | Train Acc: 94.00%
Val: loss=0.3881, acc=10506/10975 (95.73%)
Epoch 56 [0/84843] Loss: 0.490565
Epoch 56 [35000/84843] Loss: 0.412336
Epoch 56 [70000/84843] Loss: 0.334827
Epoch 56 - Avg Loss: 0.424595 | Train Acc: 94.15%
Val: loss=0.3857, acc=10511/10975 (95.77%)
Epoch 57 [0/84843] Loss: 0.505086
Epoch 57 [35000/84843] Loss: 0.453139
Epoch 57 [70000/84843] Loss: 0.437153
Epoch 57 - Avg Loss: 0.425257 | Train Acc: 94.15%
Val: loss=0.3911, acc=10512/10975 (95.78%)
Epoch 58 [0/84843] Loss: 0.510532
Epoch 58 [35000/84843] Loss: 0.395884
Epoch 58 [70000/84843] Loss: 0.437030
Epoch 58 - Avg Loss: 0.422134 | Train Acc: 94.19%
Val: loss=0.3931, acc=10474/10975 (95.44%)
Epoch 59 [0/84843] Loss: 0.312760
Epoch 59 [35000/84843] Loss: 0.568714
Epoch 59 [70000/84843] Loss: 0.579674
Epoch 59 - Avg Loss: 0.418304 | Train Acc: 94.38%
Val: loss=0.3883, acc=10509/10975 (95.75%)
Epoch 60 [0/84843] Loss: 0.346316
Epoch 60 [35000/84843] Loss: 0.356862
Epoch 60 [70000/84843] Loss: 0.425848
Epoch 60 - Avg Loss: 0.415705 | Train Acc: 94.54%
Val: loss=0.3850, acc=10516/10975 (95.82%)
saved best: 95.82%
Epoch 61 [0/84843] Loss: 0.306961
Epoch 61 [35000/84843] Loss: 0.506488
Epoch 61 [70000/84843] Loss: 0.384904
Epoch 61 - Avg Loss: 0.413447 | Train Acc: 94.59%
Val: loss=0.3864, acc=10500/10975 (95.67%)
Epoch 62 [0/84843] Loss: 0.357939
Epoch 62 [35000/84843] Loss: 0.515843
Epoch 62 [70000/84843] Loss: 0.341194
Epoch 62 - Avg Loss: 0.413282 | Train Acc: 94.59%
Val: loss=0.3812, acc=10542/10975 (96.05%)
saved best: 96.05%
Epoch 63 [0/84843] Loss: 0.465815
Epoch 63 [35000/84843] Loss: 0.362782
Epoch 63 [70000/84843] Loss: 0.404788
Epoch 63 - Avg Loss: 0.407451 | Train Acc: 94.81%
Val: loss=0.3867, acc=10512/10975 (95.78%)
Epoch 64 [0/84843] Loss: 0.407903
Epoch 64 [35000/84843] Loss: 0.414460
Epoch 64 [70000/84843] Loss: 0.514588
Epoch 64 - Avg Loss: 0.412920 | Train Acc: 94.54%
Val: loss=0.3876, acc=10509/10975 (95.75%)
Epoch 65 [0/84843] Loss: 0.472233
Epoch 65 [35000/84843] Loss: 0.361846
Epoch 65 [70000/84843] Loss: 0.354404
Epoch 65 - Avg Loss: 0.412676 | Train Acc: 94.58%
Val: loss=0.3837, acc=10530/10975 (95.95%)
Epoch 66 [0/84843] Loss: 0.499626
Epoch 66 [35000/84843] Loss: 0.359892
Epoch 66 [70000/84843] Loss: 0.499801
Epoch 66 - Avg Loss: 0.407729 | Train Acc: 94.73%
Val: loss=0.3826, acc=10536/10975 (96.00%)
Epoch 67 [0/84843] Loss: 0.352833
Epoch 67 [35000/84843] Loss: 0.305791
Epoch 67 [70000/84843] Loss: 0.307873
Epoch 67 - Avg Loss: 0.410290 | Train Acc: 94.68%
Val: loss=0.3849, acc=10517/10975 (95.83%)
Epoch 68 [0/84843] Loss: 0.380887
Epoch 68 [35000/84843] Loss: 0.314824
Epoch 68 [70000/84843] Loss: 0.428354
Epoch 68 - Avg Loss: 0.402989 | Train Acc: 95.04%
Val: loss=0.3834, acc=10526/10975 (95.91%)
Epoch 69 [0/84843] Loss: 0.516434
Epoch 69 [35000/84843] Loss: 0.435466
Epoch 69 [70000/84843] Loss: 0.336582
Epoch 69 - Avg Loss: 0.407350 | Train Acc: 94.77%
Val: loss=0.3878, acc=10518/10975 (95.84%)
Epoch 70 [0/84843] Loss: 0.322766
Epoch 70 [35000/84843] Loss: 0.441665
Epoch 70 [70000/84843] Loss: 0.472797
Epoch 70 - Avg Loss: 0.406294 | Train Acc: 94.81%
Val: loss=0.3796, acc=10557/10975 (96.19%)
saved best: 96.19%
Epoch 71 [0/84843] Loss: 0.326525
Epoch 71 [35000/84843] Loss: 0.450986
Epoch 71 [70000/84843] Loss: 0.427279
Epoch 71 - Avg Loss: 0.400649 | Train Acc: 95.05%
Val: loss=0.3819, acc=10531/10975 (95.95%)
Epoch 72 [0/84843] Loss: 0.430207
Epoch 72 [35000/84843] Loss: 0.400968
Epoch 72 [70000/84843] Loss: 0.381036
Epoch 72 - Avg Loss: 0.406054 | Train Acc: 94.84%
Val: loss=0.3872, acc=10517/10975 (95.83%)
Epoch 73 [0/84843] Loss: 0.386501
Epoch 73 [35000/84843] Loss: 0.333841
Epoch 73 [70000/84843] Loss: 0.440295
Epoch 73 - Avg Loss: 0.401247 | Train Acc: 94.99%
Val: loss=0.3780, acc=10565/10975 (96.26%)
saved best: 96.26%
Epoch 74 [0/84843] Loss: 0.401601
Epoch 74 [35000/84843] Loss: 0.385669
Epoch 74 [70000/84843] Loss: 0.352455
Epoch 74 - Avg Loss: 0.399845 | Train Acc: 95.02%
Val: loss=0.3835, acc=10547/10975 (96.10%)
Epoch 75 [0/84843] Loss: 0.318429
Epoch 75 [35000/84843] Loss: 0.332783
Epoch 75 [70000/84843] Loss: 0.418700
Epoch 75 - Avg Loss: 0.400040 | Train Acc: 95.13%
Val: loss=0.3882, acc=10523/10975 (95.88%)
Epoch 76 [0/84843] Loss: 0.371331
Epoch 76 [35000/84843] Loss: 0.348654
Epoch 76 [70000/84843] Loss: 0.345190
Epoch 76 - Avg Loss: 0.397939 | Train Acc: 95.16%
Val: loss=0.3856, acc=10536/10975 (96.00%)
Epoch 77 [0/84843] Loss: 0.369552
Epoch 77 [35000/84843] Loss: 0.558366
Epoch 77 [70000/84843] Loss: 0.378660
Epoch 77 - Avg Loss: 0.398993 | Train Acc: 95.14%
Val: loss=0.3920, acc=10510/10975 (95.76%)
Epoch 78 [0/84843] Loss: 0.356173
Epoch 78 [35000/84843] Loss: 0.349015
Epoch 78 [70000/84843] Loss: 0.346817
Epoch 78 - Avg Loss: 0.394641 | Train Acc: 95.30%
Val: loss=0.3786, acc=10557/10975 (96.19%)
Epoch 79 [0/84843] Loss: 0.372710
Epoch 79 [35000/84843] Loss: 0.335733
Epoch 79 [70000/84843] Loss: 0.412987
Epoch 79 - Avg Loss: 0.398502 | Train Acc: 95.14%
Val: loss=0.3748, acc=10570/10975 (96.31%)
saved best: 96.31%
Epoch 80 [0/84843] Loss: 0.305623
Epoch 80 [35000/84843] Loss: 0.394957
Epoch 80 [70000/84843] Loss: 0.309242
Epoch 80 - Avg Loss: 0.399314 | Train Acc: 95.06%
Val: loss=0.3834, acc=10535/10975 (95.99%)
Epoch 81 [0/84843] Loss: 0.476691
Epoch 81 [35000/84843] Loss: 0.538658
Epoch 81 [70000/84843] Loss: 0.476806
Epoch 81 - Avg Loss: 0.397268 | Train Acc: 95.09%
Val: loss=0.3795, acc=10546/10975 (96.09%)
Epoch 82 [0/84843] Loss: 0.378700
Epoch 82 [35000/84843] Loss: 0.308368
Epoch 82 [70000/84843] Loss: 0.380933
Epoch 82 - Avg Loss: 0.393581 | Train Acc: 95.18%
Val: loss=0.3828, acc=10552/10975 (96.15%)
Epoch 83 [0/84843] Loss: 0.411215
Epoch 83 [35000/84843] Loss: 0.299866
Epoch 83 [70000/84843] Loss: 0.430872
Epoch 83 - Avg Loss: 0.391905 | Train Acc: 95.44%
Val: loss=0.3808, acc=10548/10975 (96.11%)
Epoch 84 [0/84843] Loss: 0.339628
Epoch 84 [35000/84843] Loss: 0.383615
Epoch 84 [70000/84843] Loss: 0.449446
Epoch 84 - Avg Loss: 0.392726 | Train Acc: 95.30%
Val: loss=0.3872, acc=10515/10975 (95.81%)
Epoch 85 [0/84843] Loss: 0.378737
Epoch 85 [35000/84843] Loss: 0.327529
Epoch 85 [70000/84843] Loss: 0.393208
Epoch 85 - Avg Loss: 0.391444 | Train Acc: 95.42%
Val: loss=0.3813, acc=10544/10975 (96.07%)
Epoch 86 [0/84843] Loss: 0.372273
Epoch 86 [35000/84843] Loss: 0.389932
Epoch 86 [70000/84843] Loss: 0.292649
Epoch 86 - Avg Loss: 0.391498 | Train Acc: 95.38%
Val: loss=0.3762, acc=10544/10975 (96.07%)
Epoch 87 [0/84843] Loss: 0.475566
Epoch 87 [35000/84843] Loss: 0.444601
Epoch 87 [70000/84843] Loss: 0.406715
Epoch 87 - Avg Loss: 0.391394 | Train Acc: 95.40%
Val: loss=0.3799, acc=10543/10975 (96.06%)
Epoch 88 [0/84843] Loss: 0.369124
Epoch 88 [35000/84843] Loss: 0.560301
Epoch 88 [70000/84843] Loss: 0.548680
Epoch 88 - Avg Loss: 0.390679 | Train Acc: 95.41%
Val: loss=0.3758, acc=10565/10975 (96.26%)
Epoch 89 [0/84843] Loss: 0.487673
Epoch 89 [35000/84843] Loss: 0.387929
Epoch 89 [70000/84843] Loss: 0.326753
Epoch 89 - Avg Loss: 0.389353 | Train Acc: 95.46%
Val: loss=0.3830, acc=10522/10975 (95.87%)
Epoch 90 [0/84843] Loss: 0.350514
Epoch 90 [35000/84843] Loss: 0.335453
Epoch 90 [70000/84843] Loss: 0.369249
Epoch 90 - Avg Loss: 0.387137 | Train Acc: 95.54%
Val: loss=0.3800, acc=10565/10975 (96.26%)
Epoch 91 [0/84843] Loss: 0.293068
Epoch 91 [35000/84843] Loss: 0.364054
Epoch 91 [70000/84843] Loss: 0.593402
Epoch 91 - Avg Loss: 0.387205 | Train Acc: 95.57%
Val: loss=0.3808, acc=10549/10975 (96.12%)
Epoch 92 [0/84843] Loss: 0.384939
Epoch 92 [35000/84843] Loss: 0.444871
Epoch 92 [70000/84843] Loss: 0.466394
Epoch 92 - Avg Loss: 0.388144 | Train Acc: 95.52%
Val: loss=0.3728, acc=10579/10975 (96.39%)
saved best: 96.39%
Epoch 93 [0/84843] Loss: 0.334926
Epoch 93 [35000/84843] Loss: 0.433508
Epoch 93 [70000/84843] Loss: 0.306530
Epoch 93 - Avg Loss: 0.386694 | Train Acc: 95.56%
Val: loss=0.3870, acc=10527/10975 (95.92%)
Epoch 94 [0/84843] Loss: 0.328474
Epoch 94 [35000/84843] Loss: 0.362731
Epoch 94 [70000/84843] Loss: 0.573053
Epoch 94 - Avg Loss: 0.390429 | Train Acc: 95.37%
Val: loss=0.3753, acc=10563/10975 (96.25%)
Epoch 95 [0/84843] Loss: 0.439567
Epoch 95 [35000/84843] Loss: 0.422824
Epoch 95 [70000/84843] Loss: 0.321989
Epoch 95 - Avg Loss: 0.386364 | Train Acc: 95.59%
Val: loss=0.3839, acc=10554/10975 (96.16%)
Epoch 96 [0/84843] Loss: 0.458150
Epoch 96 [35000/84843] Loss: 0.311090
Epoch 96 [70000/84843] Loss: 0.374533
Epoch 96 - Avg Loss: 0.386232 | Train Acc: 95.60%
Val: loss=0.3797, acc=10541/10975 (96.05%)
Epoch 97 [0/84843] Loss: 0.524464
Epoch 97 [35000/84843] Loss: 0.419015
Epoch 97 [70000/84843] Loss: 0.425330
Epoch 97 - Avg Loss: 0.383495 | Train Acc: 95.69%
Val: loss=0.3851, acc=10522/10975 (95.87%)
Epoch 98 [0/84843] Loss: 0.549944
Epoch 98 [35000/84843] Loss: 0.356957
Epoch 98 [70000/84843] Loss: 0.330587
Epoch 98 - Avg Loss: 0.382530 | Train Acc: 95.71%
Val: loss=0.3780, acc=10568/10975 (96.29%)
Epoch 99 [0/84843] Loss: 0.380146
Epoch 99 [35000/84843] Loss: 0.410803
Epoch 99 [70000/84843] Loss: 0.430591
Epoch 99 - Avg Loss: 0.386802 | Train Acc: 95.57%
Val: loss=0.3760, acc=10571/10975 (96.32%)
Epoch 100 [0/84843] Loss: 0.302211
Epoch 100 [35000/84843] Loss: 0.408648
Epoch 100 [70000/84843] Loss: 0.394253
Epoch 100 - Avg Loss: 0.385488 | Train Acc: 95.60%
Val: loss=0.3739, acc=10582/10975 (96.42%)
saved best: 96.42%
Epoch 101 [0/84843] Loss: 0.304413
Epoch 101 [35000/84843] Loss: 0.377818
Epoch 101 [70000/84843] Loss: 0.353210
Epoch 101 - Avg Loss: 0.385269 | Train Acc: 95.60%
Val: loss=0.3715, acc=10579/10975 (96.39%)
Epoch 102 [0/84843] Loss: 0.304196
Epoch 102 [35000/84843] Loss: 0.470418
Epoch 102 [70000/84843] Loss: 0.366645
Epoch 102 - Avg Loss: 0.386564 | Train Acc: 95.58%
Val: loss=0.3756, acc=10571/10975 (96.32%)
Epoch 103 [0/84843] Loss: 0.316870
Epoch 103 [35000/84843] Loss: 0.327657
Epoch 103 [70000/84843] Loss: 0.356877
Epoch 103 - Avg Loss: 0.384080 | Train Acc: 95.62%
Val: loss=0.3717, acc=10580/10975 (96.40%)
Epoch 104 [0/84843] Loss: 0.431084
Epoch 104 [35000/84843] Loss: 0.316199
Epoch 104 [70000/84843] Loss: 0.364305
Epoch 104 - Avg Loss: 0.381082 | Train Acc: 95.79%
Val: loss=0.3724, acc=10574/10975 (96.35%)
Epoch 105 [0/84843] Loss: 0.282152
Epoch 105 [35000/84843] Loss: 0.412613
Epoch 105 [70000/84843] Loss: 0.395414
Epoch 105 - Avg Loss: 0.382043 | Train Acc: 95.69%
Val: loss=0.3680, acc=10593/10975 (96.52%)
saved best: 96.52%
Epoch 106 [0/84843] Loss: 0.371645
Epoch 106 [35000/84843] Loss: 0.464677
Epoch 106 [70000/84843] Loss: 0.472770
Epoch 106 - Avg Loss: 0.381881 | Train Acc: 95.78%
Val: loss=0.3785, acc=10540/10975 (96.04%)
Epoch 107 [0/84843] Loss: 0.455686
Epoch 107 [35000/84843] Loss: 0.382589
Epoch 107 [70000/84843] Loss: 0.499716
Epoch 107 - Avg Loss: 0.380415 | Train Acc: 95.83%
Val: loss=0.3726, acc=10595/10975 (96.54%)
saved best: 96.54%
Epoch 108 [0/84843] Loss: 0.464400
Epoch 108 [35000/84843] Loss: 0.310896
Epoch 108 [70000/84843] Loss: 0.323904
Epoch 108 - Avg Loss: 0.381380 | Train Acc: 95.74%
Val: loss=0.3903, acc=10520/10975 (95.85%)
Epoch 109 [0/84843] Loss: 0.326305
Epoch 109 [35000/84843] Loss: 0.388243
Epoch 109 [70000/84843] Loss: 0.375152
Epoch 109 - Avg Loss: 0.381723 | Train Acc: 95.75%
Val: loss=0.3743, acc=10574/10975 (96.35%)
Epoch 110 [0/84843] Loss: 0.468727
Epoch 110 [35000/84843] Loss: 0.291660
Epoch 110 [70000/84843] Loss: 0.347848
Epoch 110 - Avg Loss: 0.378640 | Train Acc: 95.83%
Val: loss=0.3880, acc=10511/10975 (95.77%)
Epoch 111 [0/84843] Loss: 0.347988
Epoch 111 [35000/84843] Loss: 0.335761
Epoch 111 [70000/84843] Loss: 0.334331
Epoch 111 - Avg Loss: 0.381382 | Train Acc: 95.78%
Val: loss=0.3837, acc=10535/10975 (95.99%)
Epoch 112 [0/84843] Loss: 0.311201
Epoch 112 [35000/84843] Loss: 0.456886
Epoch 112 [70000/84843] Loss: 0.381383
Epoch 112 - Avg Loss: 0.379719 | Train Acc: 95.82%
Val: loss=0.3840, acc=10531/10975 (95.95%)
Epoch 113 [0/84843] Loss: 0.295019
Epoch 113 [35000/84843] Loss: 0.426901
Epoch 113 [70000/84843] Loss: 0.352162
Epoch 113 - Avg Loss: 0.381627 | Train Acc: 95.70%
Val: loss=0.3775, acc=10548/10975 (96.11%)
Epoch 114 [0/84843] Loss: 0.325903
Epoch 114 [35000/84843] Loss: 0.317642
Epoch 114 [70000/84843] Loss: 0.536425
Epoch 114 - Avg Loss: 0.378382 | Train Acc: 95.91%
Val: loss=0.3779, acc=10555/10975 (96.17%)
Epoch 115 [0/84843] Loss: 0.331315
Epoch 115 [35000/84843] Loss: 0.429160
Epoch 115 [70000/84843] Loss: 0.292419
Epoch 115 - Avg Loss: 0.378018 | Train Acc: 95.87%
Val: loss=0.3745, acc=10574/10975 (96.35%)
Epoch 116 [0/84843] Loss: 0.317408
Epoch 116 [35000/84843] Loss: 0.315103
Epoch 116 [70000/84843] Loss: 0.448539
Epoch 116 - Avg Loss: 0.380409 | Train Acc: 95.79%
Val: loss=0.3786, acc=10559/10975 (96.21%)
Epoch 117 [0/84843] Loss: 0.358915
Epoch 117 [35000/84843] Loss: 0.396935
Epoch 117 [70000/84843] Loss: 0.387318
Epoch 117 - Avg Loss: 0.375552 | Train Acc: 96.01%
Val: loss=0.3764, acc=10569/10975 (96.30%)
Epoch 118 [0/84843] Loss: 0.300288
Epoch 118 [35000/84843] Loss: 0.372194
Epoch 118 [70000/84843] Loss: 0.396682
Epoch 118 - Avg Loss: 0.378894 | Train Acc: 95.82%
Val: loss=0.3752, acc=10583/10975 (96.43%)
Epoch 119 [0/84843] Loss: 0.377853
Epoch 119 [35000/84843] Loss: 0.327444
Epoch 119 [70000/84843] Loss: 0.308111
Epoch 119 - Avg Loss: 0.376848 | Train Acc: 95.90%
Val: loss=0.3867, acc=10528/10975 (95.93%)
Epoch 120 [0/84843] Loss: 0.316632
Epoch 120 [35000/84843] Loss: 0.418742
Epoch 120 [70000/84843] Loss: 0.425527
Epoch 120 - Avg Loss: 0.376786 | Train Acc: 95.98%
Val: loss=0.3718, acc=10582/10975 (96.42%)
Epoch 121 [0/84843] Loss: 0.366367
Epoch 121 [35000/84843] Loss: 0.316716
Epoch 121 [70000/84843] Loss: 0.297487
Epoch 121 - Avg Loss: 0.378968 | Train Acc: 95.82%
Val: loss=0.3874, acc=10530/10975 (95.95%)
Epoch 122 [0/84843] Loss: 0.635810
Epoch 122 [35000/84843] Loss: 0.387447
Epoch 122 [70000/84843] Loss: 0.372029
Epoch 122 - Avg Loss: 0.374287 | Train Acc: 96.02%
Val: loss=0.3738, acc=10570/10975 (96.31%)
Epoch 123 [0/84843] Loss: 0.287369
Epoch 123 [35000/84843] Loss: 0.309601
Epoch 123 [70000/84843] Loss: 0.304660
Epoch 123 - Avg Loss: 0.376757 | Train Acc: 95.92%
Val: loss=0.3784, acc=10554/10975 (96.16%)
Epoch 124 [0/84843] Loss: 0.292524
Epoch 124 [35000/84843] Loss: 0.511927
Epoch 124 [70000/84843] Loss: 0.323649
Epoch 124 - Avg Loss: 0.378547 | Train Acc: 95.86%
Val: loss=0.3769, acc=10567/10975 (96.28%)
Epoch 125 [0/84843] Loss: 0.304842
Epoch 125 [35000/84843] Loss: 0.353805
Epoch 125 [70000/84843] Loss: 0.401001
Epoch 125 - Avg Loss: 0.377201 | Train Acc: 95.91%
Val: loss=0.3754, acc=10575/10975 (96.36%)
Epoch 126 [0/84843] Loss: 0.417402
Epoch 126 [35000/84843] Loss: 0.310021
Epoch 126 [70000/84843] Loss: 0.311025
Epoch 126 - Avg Loss: 0.375029 | Train Acc: 96.03%
Val: loss=0.3812, acc=10537/10975 (96.01%)
Epoch 127 [0/84843] Loss: 0.396636
Epoch 127 [35000/84843] Loss: 0.332185
Epoch 127 [70000/84843] Loss: 0.358815
Epoch 127 - Avg Loss: 0.375754 | Train Acc: 95.96%
Val: loss=0.3724, acc=10596/10975 (96.55%)
saved best: 96.55%
Epoch 128 [0/84843] Loss: 0.415793
Epoch 128 [35000/84843] Loss: 0.273946
Epoch 128 [70000/84843] Loss: 0.432280
Epoch 128 - Avg Loss: 0.376595 | Train Acc: 95.97%
Val: loss=0.3724, acc=10586/10975 (96.46%)
Epoch 129 [0/84843] Loss: 0.455792
Epoch 129 [35000/84843] Loss: 0.284578
Epoch 129 [70000/84843] Loss: 0.309128
Epoch 129 - Avg Loss: 0.375430 | Train Acc: 95.93%
Val: loss=0.3769, acc=10572/10975 (96.33%)
Epoch 130 [0/84843] Loss: 0.439505
Epoch 130 [35000/84843] Loss: 0.334562
Epoch 130 [70000/84843] Loss: 0.384652
Epoch 130 - Avg Loss: 0.375020 | Train Acc: 96.03%
Val: loss=0.3866, acc=10522/10975 (95.87%)
Epoch 131 [0/84843] Loss: 0.568720
Epoch 131 [35000/84843] Loss: 0.359278
Epoch 131 [70000/84843] Loss: 0.336175
Epoch 131 - Avg Loss: 0.373269 | Train Acc: 96.08%
Val: loss=0.3688, acc=10598/10975 (96.56%)
saved best: 96.56%
Epoch 132 [0/84843] Loss: 0.401498
Epoch 132 [35000/84843] Loss: 0.482448
Epoch 132 [70000/84843] Loss: 0.443702
Epoch 132 - Avg Loss: 0.377892 | Train Acc: 95.85%
Val: loss=0.3776, acc=10556/10975 (96.18%)
Epoch 133 [0/84843] Loss: 0.361943
Epoch 133 [35000/84843] Loss: 0.465149
Epoch 133 [70000/84843] Loss: 0.354959
Epoch 133 - Avg Loss: 0.372475 | Train Acc: 96.15%
Val: loss=0.3810, acc=10541/10975 (96.05%)
Epoch 134 [0/84843] Loss: 0.387255
Epoch 134 [35000/84843] Loss: 0.316398
Epoch 134 [70000/84843] Loss: 0.310446
Epoch 134 - Avg Loss: 0.370413 | Train Acc: 96.17%
Val: loss=0.3777, acc=10566/10975 (96.27%)
Epoch 135 [0/84843] Loss: 0.360362
Epoch 135 [35000/84843] Loss: 0.306883
Epoch 135 [70000/84843] Loss: 0.564769
Epoch 135 - Avg Loss: 0.371777 | Train Acc: 96.09%
Val: loss=0.3823, acc=10540/10975 (96.04%)
Epoch 136 [0/84843] Loss: 0.370109
Epoch 136 [35000/84843] Loss: 0.369373
Epoch 136 [70000/84843] Loss: 0.282162
Epoch 136 - Avg Loss: 0.370245 | Train Acc: 96.22%
Val: loss=0.3778, acc=10580/10975 (96.40%)
Epoch 137 [0/84843] Loss: 0.276937
Epoch 137 [35000/84843] Loss: 0.389949
Epoch 137 [70000/84843] Loss: 0.457507
Epoch 137 - Avg Loss: 0.373210 | Train Acc: 96.00%
Val: loss=0.3760, acc=10570/10975 (96.31%)
Epoch 138 [0/84843] Loss: 0.411276
Epoch 138 [35000/84843] Loss: 0.299990
Epoch 138 [70000/84843] Loss: 0.362617
Epoch 138 - Avg Loss: 0.370643 | Train Acc: 96.18%
Val: loss=0.3705, acc=10601/10975 (96.59%)
saved best: 96.59%
Epoch 139 [0/84843] Loss: 0.411925
Epoch 139 [35000/84843] Loss: 0.395277
Epoch 139 [70000/84843] Loss: 0.339464
Epoch 139 - Avg Loss: 0.375490 | Train Acc: 96.01%
Val: loss=0.3774, acc=10568/10975 (96.29%)
Epoch 140 [0/84843] Loss: 0.348120
Epoch 140 [35000/84843] Loss: 0.360294
Epoch 140 [70000/84843] Loss: 0.303270
Epoch 140 - Avg Loss: 0.372232 | Train Acc: 96.07%
Val: loss=0.3786, acc=10564/10975 (96.26%)
Epoch 141 [0/84843] Loss: 0.316070
Epoch 141 [35000/84843] Loss: 0.369363
Epoch 141 [70000/84843] Loss: 0.499969
Epoch 141 - Avg Loss: 0.367997 | Train Acc: 96.24%
Val: loss=0.3718, acc=10589/10975 (96.48%)
Epoch 142 [0/84843] Loss: 0.422555
Epoch 142 [35000/84843] Loss: 0.405343
Epoch 142 [70000/84843] Loss: 0.360496
Epoch 142 - Avg Loss: 0.373097 | Train Acc: 96.04%
Val: loss=0.3697, acc=10602/10975 (96.60%)
saved best: 96.60%
Epoch 143 [0/84843] Loss: 0.499976
Epoch 143 [35000/84843] Loss: 0.524142
Epoch 143 [70000/84843] Loss: 0.362508
Epoch 143 - Avg Loss: 0.370081 | Train Acc: 96.20%
Val: loss=0.3824, acc=10543/10975 (96.06%)
Epoch 144 [0/84843] Loss: 0.434249
Epoch 144 [35000/84843] Loss: 0.282894
Epoch 144 [70000/84843] Loss: 0.304130
Epoch 144 - Avg Loss: 0.371566 | Train Acc: 96.14%
Val: loss=0.3739, acc=10581/10975 (96.41%)
Epoch 145 [0/84843] Loss: 0.309361
Epoch 145 [35000/84843] Loss: 0.539159
Epoch 145 [70000/84843] Loss: 0.377911
Epoch 145 - Avg Loss: 0.370002 | Train Acc: 96.20%
Val: loss=0.3775, acc=10554/10975 (96.16%)
Epoch 146 [0/84843] Loss: 0.290520
Epoch 146 [35000/84843] Loss: 0.291320
Epoch 146 [70000/84843] Loss: 0.619411
Epoch 146 - Avg Loss: 0.373267 | Train Acc: 96.10%
Val: loss=0.3798, acc=10557/10975 (96.19%)
Epoch 147 [0/84843] Loss: 0.282611
Epoch 147 [35000/84843] Loss: 0.371765
Epoch 147 [70000/84843] Loss: 0.286133
Epoch 147 - Avg Loss: 0.368354 | Train Acc: 96.33%
Val: loss=0.3753, acc=10580/10975 (96.40%)
Epoch 148 [0/84843] Loss: 0.375829
Epoch 148 [35000/84843] Loss: 0.388902
Epoch 148 [70000/84843] Loss: 0.278491
Epoch 148 - Avg Loss: 0.371698 | Train Acc: 96.08%
Val: loss=0.3741, acc=10582/10975 (96.42%)
Epoch 149 [0/84843] Loss: 0.426518
Epoch 149 [35000/84843] Loss: 0.313094
Epoch 149 [70000/84843] Loss: 0.381845
Epoch 149 - Avg Loss: 0.366303 | Train Acc: 96.33%
Val: loss=0.3746, acc=10576/10975 (96.36%)
Epoch 150 [0/84843] Loss: 0.314916
Epoch 150 [35000/84843] Loss: 0.434148
Epoch 150 [70000/84843] Loss: 0.278636
Epoch 150 - Avg Loss: 0.367638 | Train Acc: 96.27%
Val: loss=0.3738, acc=10570/10975 (96.31%)
Epoch 151 [0/84843] Loss: 0.334322
Epoch 151 [35000/84843] Loss: 0.461328
Epoch 151 [70000/84843] Loss: 0.310499
Epoch 151 - Avg Loss: 0.368241 | Train Acc: 96.33%
Val: loss=0.3851, acc=10545/10975 (96.08%)
Epoch 152 [0/84843] Loss: 0.384744
Epoch 152 [35000/84843] Loss: 0.352885
Epoch 152 [70000/84843] Loss: 0.303512
Epoch 152 - Avg Loss: 0.368292 | Train Acc: 96.24%
Val: loss=0.3727, acc=10586/10975 (96.46%)
Epoch 153 [0/84843] Loss: 0.384773
Epoch 153 [35000/84843] Loss: 0.452737
Epoch 153 [70000/84843] Loss: 0.530913
Epoch 153 - Avg Loss: 0.367380 | Train Acc: 96.26%
Val: loss=0.3773, acc=10576/10975 (96.36%)
Epoch 154 [0/84843] Loss: 0.457922
Epoch 154 [35000/84843] Loss: 0.463728
Epoch 154 [70000/84843] Loss: 0.353673
Epoch 154 - Avg Loss: 0.370524 | Train Acc: 96.20%
Val: loss=0.3712, acc=10596/10975 (96.55%)
Epoch 155 [0/84843] Loss: 0.354006
Epoch 155 [35000/84843] Loss: 0.460002
Epoch 155 [70000/84843] Loss: 0.311151
Epoch 155 - Avg Loss: 0.366659 | Train Acc: 96.34%
Val: loss=0.3696, acc=10579/10975 (96.39%)
Epoch 156 [0/84843] Loss: 0.348425
Epoch 156 [35000/84843] Loss: 0.308737
Epoch 156 [70000/84843] Loss: 0.317065
Epoch 156 - Avg Loss: 0.367896 | Train Acc: 96.27%
Val: loss=0.3706, acc=10593/10975 (96.52%)
Epoch 157 [0/84843] Loss: 0.394228
Epoch 157 [35000/84843] Loss: 0.390860
Epoch 157 [70000/84843] Loss: 0.473861
Epoch 157 - Avg Loss: 0.367131 | Train Acc: 96.31%
Val: loss=0.3704, acc=10581/10975 (96.41%)
Epoch 158 [0/84843] Loss: 0.309814
Epoch 158 [35000/84843] Loss: 0.363002
Epoch 158 [70000/84843] Loss: 0.426772
Epoch 158 - Avg Loss: 0.364713 | Train Acc: 96.37%
Val: loss=0.3799, acc=10555/10975 (96.17%)
Epoch 159 [0/84843] Loss: 0.280475
Epoch 159 [35000/84843] Loss: 0.292929
Epoch 159 [70000/84843] Loss: 0.483452
Epoch 159 - Avg Loss: 0.369324 | Train Acc: 96.23%
Val: loss=0.3739, acc=10572/10975 (96.33%)
Epoch 160 [0/84843] Loss: 0.326543
Epoch 160 [35000/84843] Loss: 0.288140
Epoch 160 [70000/84843] Loss: 0.322223
Epoch 160 - Avg Loss: 0.366278 | Train Acc: 96.34%
Val: loss=0.3727, acc=10590/10975 (96.49%)
Epoch 161 [0/84843] Loss: 0.300859
Epoch 161 [35000/84843] Loss: 0.366700
Epoch 161 [70000/84843] Loss: 0.487869
Epoch 161 - Avg Loss: 0.366768 | Train Acc: 96.31%
Val: loss=0.3615, acc=10628/10975 (96.84%)
saved best: 96.84%
Epoch 162 [0/84843] Loss: 0.399573
Epoch 162 [35000/84843] Loss: 0.346887
Epoch 162 [70000/84843] Loss: 0.397062
Epoch 162 - Avg Loss: 0.367462 | Train Acc: 96.33%
Val: loss=0.3723, acc=10576/10975 (96.36%)
Epoch 163 [0/84843] Loss: 0.385305
Epoch 163 [35000/84843] Loss: 0.285196
Epoch 163 [70000/84843] Loss: 0.288318
Epoch 163 - Avg Loss: 0.365556 | Train Acc: 96.33%
Val: loss=0.3744, acc=10569/10975 (96.30%)
Epoch 164 [0/84843] Loss: 0.342085
Epoch 164 [35000/84843] Loss: 0.346248
Epoch 164 [70000/84843] Loss: 0.288495
Epoch 164 - Avg Loss: 0.366739 | Train Acc: 96.30%
Val: loss=0.3836, acc=10543/10975 (96.06%)
Epoch 165 [0/84843] Loss: 0.274575
Epoch 165 [35000/84843] Loss: 0.407723
Epoch 165 [70000/84843] Loss: 0.318436
Epoch 165 - Avg Loss: 0.366052 | Train Acc: 96.37%
Val: loss=0.3718, acc=10579/10975 (96.39%)
Epoch 166 [0/84843] Loss: 0.330920
Epoch 166 [35000/84843] Loss: 0.328136
Epoch 166 [70000/84843] Loss: 0.340845
Epoch 166 - Avg Loss: 0.367431 | Train Acc: 96.33%
Val: loss=0.3823, acc=10562/10975 (96.24%)
Epoch 167 [0/84843] Loss: 0.294517
Epoch 167 [35000/84843] Loss: 0.320358
Epoch 167 [70000/84843] Loss: 0.398032
Epoch 167 - Avg Loss: 0.368127 | Train Acc: 96.32%
Val: loss=0.3787, acc=10565/10975 (96.26%)
Epoch 168 [0/84843] Loss: 0.360619
Epoch 168 [35000/84843] Loss: 0.334667
Epoch 168 [70000/84843] Loss: 0.365789
Epoch 168 - Avg Loss: 0.364253 | Train Acc: 96.37%
Val: loss=0.3730, acc=10592/10975 (96.51%)
Epoch 169 [0/84843] Loss: 0.427788
Epoch 169 [35000/84843] Loss: 0.297935
Epoch 169 [70000/84843] Loss: 0.465703
Epoch 169 - Avg Loss: 0.365671 | Train Acc: 96.31%
Val: loss=0.3751, acc=10567/10975 (96.28%)
Epoch 170 [0/84843] Loss: 0.332864
Epoch 170 [35000/84843] Loss: 0.406813
Epoch 170 [70000/84843] Loss: 0.400136
Epoch 170 - Avg Loss: 0.361144 | Train Acc: 96.56%
Val: loss=0.3706, acc=10579/10975 (96.39%)
Epoch 171 [0/84843] Loss: 0.359471
Epoch 171 [35000/84843] Loss: 0.314512
Epoch 171 [70000/84843] Loss: 0.372183
Epoch 171 - Avg Loss: 0.365765 | Train Acc: 96.39%
Val: loss=0.3699, acc=10589/10975 (96.48%)
Epoch 172 [0/84843] Loss: 0.393937
Epoch 172 [35000/84843] Loss: 0.449700
Epoch 172 [70000/84843] Loss: 0.314228
Epoch 172 - Avg Loss: 0.363497 | Train Acc: 96.48%
Val: loss=0.3742, acc=10562/10975 (96.24%)
Epoch 173 [0/84843] Loss: 0.389164
Epoch 173 [35000/84843] Loss: 0.320357
Epoch 173 [70000/84843] Loss: 0.332974
Epoch 173 - Avg Loss: 0.363729 | Train Acc: 96.44%
Val: loss=0.3777, acc=10562/10975 (96.24%)
Epoch 174 [0/84843] Loss: 0.424045
Epoch 174 [35000/84843] Loss: 0.371847
Epoch 174 [70000/84843] Loss: 0.450888
Epoch 174 - Avg Loss: 0.362264 | Train Acc: 96.45%
Val: loss=0.3719, acc=10572/10975 (96.33%)
Epoch 175 [0/84843] Loss: 0.333373
Epoch 175 [35000/84843] Loss: 0.429686
Epoch 175 [70000/84843] Loss: 0.410232
Epoch 175 - Avg Loss: 0.362099 | Train Acc: 96.53%
Val: loss=0.3712, acc=10597/10975 (96.56%)
Epoch 176 [0/84843] Loss: 0.384225
Epoch 176 [35000/84843] Loss: 0.328167
Epoch 176 [70000/84843] Loss: 0.280518
Epoch 176 - Avg Loss: 0.363529 | Train Acc: 96.49%
Val: loss=0.3738, acc=10579/10975 (96.39%)
Epoch 177 [0/84843] Loss: 0.328982
Epoch 177 [35000/84843] Loss: 0.293977
Epoch 177 [70000/84843] Loss: 0.291243
Epoch 177 - Avg Loss: 0.361821 | Train Acc: 96.55%
Val: loss=0.3747, acc=10558/10975 (96.20%)
Epoch 178 [0/84843] Loss: 0.404824
Epoch 178 [35000/84843] Loss: 0.363194
Epoch 178 [70000/84843] Loss: 0.400440
Epoch 178 - Avg Loss: 0.361429 | Train Acc: 96.56%
Val: loss=0.3741, acc=10570/10975 (96.31%)
Epoch 179 [0/84843] Loss: 0.475324
Epoch 179 [35000/84843] Loss: 0.382352
Epoch 179 [70000/84843] Loss: 0.356712
Epoch 179 - Avg Loss: 0.364807 | Train Acc: 96.39%
Val: loss=0.3777, acc=10572/10975 (96.33%)
Epoch 180 [0/84843] Loss: 0.495891
Epoch 180 [35000/84843] Loss: 0.448320
Epoch 180 [70000/84843] Loss: 0.387765
Epoch 180 - Avg Loss: 0.360664 | Train Acc: 96.55%
Val: loss=0.3783, acc=10561/10975 (96.23%)
Epoch 181 [0/84843] Loss: 0.442988
Epoch 181 [35000/84843] Loss: 0.402696
Epoch 181 [70000/84843] Loss: 0.380149
Epoch 181 - Avg Loss: 0.363825 | Train Acc: 96.38%
Val: loss=0.3674, acc=10612/10975 (96.69%)
Epoch 182 [0/84843] Loss: 0.284076
Epoch 182 [35000/84843] Loss: 0.409406
Epoch 182 [70000/84843] Loss: 0.406697
Epoch 182 - Avg Loss: 0.360788 | Train Acc: 96.57%
Val: loss=0.3799, acc=10564/10975 (96.26%)
Epoch 183 [0/84843] Loss: 0.352935
Epoch 183 [35000/84843] Loss: 0.288194
Epoch 183 [70000/84843] Loss: 0.381785
Epoch 183 - Avg Loss: 0.360491 | Train Acc: 96.58%
Val: loss=0.3731, acc=10577/10975 (96.37%)
Epoch 184 [0/84843] Loss: 0.311359
Epoch 184 [35000/84843] Loss: 0.460173
Epoch 184 [70000/84843] Loss: 0.385197
Epoch 184 - Avg Loss: 0.363258 | Train Acc: 96.40%
Val: loss=0.3731, acc=10586/10975 (96.46%)
Epoch 185 [0/84843] Loss: 0.319127
Epoch 185 [35000/84843] Loss: 0.374769
Epoch 185 [70000/84843] Loss: 0.462111
Epoch 185 - Avg Loss: 0.362715 | Train Acc: 96.48%
Val: loss=0.3730, acc=10585/10975 (96.45%)
Epoch 186 [0/84843] Loss: 0.310272
Epoch 186 [35000/84843] Loss: 0.364323
Epoch 186 [70000/84843] Loss: 0.284374
Epoch 186 - Avg Loss: 0.359495 | Train Acc: 96.61%
Val: loss=0.3729, acc=10584/10975 (96.44%)
Epoch 187 [0/84843] Loss: 0.311975
Epoch 187 [35000/84843] Loss: 0.378743
Epoch 187 [70000/84843] Loss: 0.326248
Epoch 187 - Avg Loss: 0.359562 | Train Acc: 96.61%
Val: loss=0.3733, acc=10584/10975 (96.44%)
Epoch 188 [0/84843] Loss: 0.592716
Epoch 188 [35000/84843] Loss: 0.329792
Epoch 188 [70000/84843] Loss: 0.317382
Epoch 188 - Avg Loss: 0.361781 | Train Acc: 96.55%
Val: loss=0.3698, acc=10603/10975 (96.61%)
Epoch 189 [0/84843] Loss: 0.356747
Epoch 189 [35000/84843] Loss: 0.419873
Epoch 189 [70000/84843] Loss: 0.321123
Epoch 189 - Avg Loss: 0.359844 | Train Acc: 96.56%
Val: loss=0.3720, acc=10603/10975 (96.61%)
Epoch 190 [0/84843] Loss: 0.347066
Epoch 190 [35000/84843] Loss: 0.346954
Epoch 190 [70000/84843] Loss: 0.294468
Epoch 190 - Avg Loss: 0.358597 | Train Acc: 96.66%
Val: loss=0.3703, acc=10598/10975 (96.56%)
Epoch 191 [0/84843] Loss: 0.418369
Epoch 191 [35000/84843] Loss: 0.429486
Epoch 191 [70000/84843] Loss: 0.438360
Epoch 191 - Avg Loss: 0.361070 | Train Acc: 96.53%
Val: loss=0.3866, acc=10509/10975 (95.75%)
Epoch 192 [0/84843] Loss: 0.290854
Epoch 192 [35000/84843] Loss: 0.360572
Epoch 192 [70000/84843] Loss: 0.314103
Epoch 192 - Avg Loss: 0.360413 | Train Acc: 96.54%
Val: loss=0.3711, acc=10581/10975 (96.41%)
Epoch 193 [0/84843] Loss: 0.403103
Epoch 193 [35000/84843] Loss: 0.355864
Epoch 193 [70000/84843] Loss: 0.506605
Epoch 193 - Avg Loss: 0.356626 | Train Acc: 96.72%
Val: loss=0.3758, acc=10554/10975 (96.16%)
Epoch 194 [0/84843] Loss: 0.323696
Epoch 194 [35000/84843] Loss: 0.519964
Epoch 194 [70000/84843] Loss: 0.380011
Epoch 194 - Avg Loss: 0.358600 | Train Acc: 96.64%
Val: loss=0.3723, acc=10595/10975 (96.54%)
Epoch 195 [0/84843] Loss: 0.337211
Epoch 195 [35000/84843] Loss: 0.302947
Epoch 195 [70000/84843] Loss: 0.411097
Epoch 195 - Avg Loss: 0.358140 | Train Acc: 96.65%
Val: loss=0.3742, acc=10567/10975 (96.28%)
Epoch 196 [0/84843] Loss: 0.317901
Epoch 196 [35000/84843] Loss: 0.308952
Epoch 196 [70000/84843] Loss: 0.396491
Epoch 196 - Avg Loss: 0.359050 | Train Acc: 96.60%
Val: loss=0.3732, acc=10574/10975 (96.35%)
Epoch 197 [0/84843] Loss: 0.389085
Epoch 197 [35000/84843] Loss: 0.331366
Epoch 197 [70000/84843] Loss: 0.413129
Epoch 197 - Avg Loss: 0.357350 | Train Acc: 96.70%
Val: loss=0.3794, acc=10553/10975 (96.15%)
Epoch 198 [0/84843] Loss: 0.420710
Epoch 198 [35000/84843] Loss: 0.369426
Epoch 198 [70000/84843] Loss: 0.575972
Epoch 198 - Avg Loss: 0.357611 | Train Acc: 96.75%
Val: loss=0.3762, acc=10566/10975 (96.27%)
Epoch 199 [0/84843] Loss: 0.347574
Epoch 199 [35000/84843] Loss: 0.342815
Epoch 199 [70000/84843] Loss: 0.527375
Epoch 199 - Avg Loss: 0.356901 | Train Acc: 96.71%
Val: loss=0.3707, acc=10592/10975 (96.51%)
Epoch 200 [0/84843] Loss: 0.464101
Epoch 200 [35000/84843] Loss: 0.477457
Epoch 200 [70000/84843] Loss: 0.333968
Epoch 200 - Avg Loss: 0.356675 | Train Acc: 96.69%
Val: loss=0.3794, acc=10557/10975 (96.19%)
Epoch 201 [0/84843] Loss: 0.416606
Epoch 201 [35000/84843] Loss: 0.515751
Epoch 201 [70000/84843] Loss: 0.340552
Epoch 201 - Avg Loss: 0.356457 | Train Acc: 96.70%
Val: loss=0.3717, acc=10601/10975 (96.59%)
Epoch 202 [0/84843] Loss: 0.275975
Epoch 202 [35000/84843] Loss: 0.355712
Epoch 202 [70000/84843] Loss: 0.440023
Epoch 202 - Avg Loss: 0.359306 | Train Acc: 96.62%
Val: loss=0.3745, acc=10579/10975 (96.39%)
Epoch 203 [0/84843] Loss: 0.359018
Epoch 203 [35000/84843] Loss: 0.484553
Epoch 203 [70000/84843] Loss: 0.472072
Epoch 203 - Avg Loss: 0.358819 | Train Acc: 96.62%
Val: loss=0.3766, acc=10565/10975 (96.26%)
Epoch 204 [0/84843] Loss: 0.292404
Epoch 204 [35000/84843] Loss: 0.307687
Epoch 204 [70000/84843] Loss: 0.285844
Epoch 204 - Avg Loss: 0.356940 | Train Acc: 96.74%
Val: loss=0.3754, acc=10572/10975 (96.33%)
Epoch 205 [0/84843] Loss: 0.291702
Epoch 205 [35000/84843] Loss: 0.436441
Epoch 205 [70000/84843] Loss: 0.423967
Epoch 205 - Avg Loss: 0.357133 | Train Acc: 96.69%
Val: loss=0.3681, acc=10604/10975 (96.62%)
Epoch 206 [0/84843] Loss: 0.333868
Epoch 206 [35000/84843] Loss: 0.287170
Epoch 206 [70000/84843] Loss: 0.484601
Epoch 206 - Avg Loss: 0.356116 | Train Acc: 96.75%
Val: loss=0.3634, acc=10603/10975 (96.61%)
Epoch 207 [0/84843] Loss: 0.286283
Epoch 207 [35000/84843] Loss: 0.290539
Epoch 207 [70000/84843] Loss: 0.417237
Epoch 207 - Avg Loss: 0.354024 | Train Acc: 96.82%
Val: loss=0.3794, acc=10544/10975 (96.07%)
Epoch 208 [0/84843] Loss: 0.303510
Epoch 208 [35000/84843] Loss: 0.279055
Epoch 208 [70000/84843] Loss: 0.311712
Epoch 208 - Avg Loss: 0.353735 | Train Acc: 96.87%
Val: loss=0.3664, acc=10605/10975 (96.63%)
Epoch 209 [0/84843] Loss: 0.271033
Epoch 209 [35000/84843] Loss: 0.404296
Epoch 209 [70000/84843] Loss: 0.358085
Epoch 209 - Avg Loss: 0.352973 | Train Acc: 96.83%
Val: loss=0.3755, acc=10565/10975 (96.26%)
Epoch 210 [0/84843] Loss: 0.311896
Epoch 210 [35000/84843] Loss: 0.334241
Epoch 210 [70000/84843] Loss: 0.388077
Epoch 210 - Avg Loss: 0.359566 | Train Acc: 96.58%
Val: loss=0.3720, acc=10585/10975 (96.45%)
Epoch 211 [0/84843] Loss: 0.327834
Epoch 211 [35000/84843] Loss: 0.298267
Epoch 211 [70000/84843] Loss: 0.365403
Epoch 211 - Avg Loss: 0.354013 | Train Acc: 96.82%
Val: loss=0.3710, acc=10599/10975 (96.57%)
Epoch 212 [0/84843] Loss: 0.433630
Epoch 212 [35000/84843] Loss: 0.351134
Epoch 212 [70000/84843] Loss: 0.368561
Epoch 212 - Avg Loss: 0.355311 | Train Acc: 96.76%
Val: loss=0.3775, acc=10576/10975 (96.36%)
Epoch 213 [0/84843] Loss: 0.397148
Epoch 213 [35000/84843] Loss: 0.273413
Epoch 213 [70000/84843] Loss: 0.413817
Epoch 213 - Avg Loss: 0.356898 | Train Acc: 96.70%
Val: loss=0.3766, acc=10569/10975 (96.30%)
Epoch 214 [0/84843] Loss: 0.278602
Epoch 214 [35000/84843] Loss: 0.320403
Epoch 214 [70000/84843] Loss: 0.390070
Epoch 214 - Avg Loss: 0.355248 | Train Acc: 96.77%
Val: loss=0.3730, acc=10586/10975 (96.46%)
Epoch 215 [0/84843] Loss: 0.404623
Epoch 215 [35000/84843] Loss: 0.324638
Epoch 215 [70000/84843] Loss: 0.309133
Epoch 215 - Avg Loss: 0.352758 | Train Acc: 96.85%
Val: loss=0.3734, acc=10598/10975 (96.56%)
Epoch 216 [0/84843] Loss: 0.337979
Epoch 216 [35000/84843] Loss: 0.381886
Epoch 216 [70000/84843] Loss: 0.383767
Epoch 216 - Avg Loss: 0.354972 | Train Acc: 96.78%
Val: loss=0.3781, acc=10577/10975 (96.37%)
Epoch 217 [0/84843] Loss: 0.354795
Epoch 217 [35000/84843] Loss: 0.274623
Epoch 217 [70000/84843] Loss: 0.456991
Epoch 217 - Avg Loss: 0.353382 | Train Acc: 96.89%
Val: loss=0.3720, acc=10586/10975 (96.46%)
Epoch 218 [0/84843] Loss: 0.289389
Epoch 218 [35000/84843] Loss: 0.302529
Epoch 218 [70000/84843] Loss: 0.343601
Epoch 218 - Avg Loss: 0.355113 | Train Acc: 96.77%
Val: loss=0.3746, acc=10581/10975 (96.41%)
Epoch 219 [0/84843] Loss: 0.308744
Epoch 219 [35000/84843] Loss: 0.315424
Epoch 219 [70000/84843] Loss: 0.291912
Epoch 219 - Avg Loss: 0.351297 | Train Acc: 96.87%
Val: loss=0.3767, acc=10568/10975 (96.29%)
Epoch 220 [0/84843] Loss: 0.360798
Epoch 220 [35000/84843] Loss: 0.319122
Epoch 220 [70000/84843] Loss: 0.353047
Epoch 220 - Avg Loss: 0.354802 | Train Acc: 96.75%
Val: loss=0.3683, acc=10602/10975 (96.60%)
Epoch 221 [0/84843] Loss: 0.311394
Epoch 221 [35000/84843] Loss: 0.330031
Epoch 221 [70000/84843] Loss: 0.322658
Epoch 221 - Avg Loss: 0.353195 | Train Acc: 96.81%
Val: loss=0.3740, acc=10581/10975 (96.41%)
Epoch 222 [0/84843] Loss: 0.365435
Epoch 222 [35000/84843] Loss: 0.401465
Epoch 222 [70000/84843] Loss: 0.343941
Epoch 222 - Avg Loss: 0.352417 | Train Acc: 96.86%
Val: loss=0.3757, acc=10572/10975 (96.33%)
Epoch 223 [0/84843] Loss: 0.399009
Epoch 223 [35000/84843] Loss: 0.334155
Epoch 223 [70000/84843] Loss: 0.327078
Epoch 223 - Avg Loss: 0.351631 | Train Acc: 96.90%
Val: loss=0.3693, acc=10584/10975 (96.44%)
Epoch 224 [0/84843] Loss: 0.332005
Epoch 224 [35000/84843] Loss: 0.354376
Epoch 224 [70000/84843] Loss: 0.461041
Epoch 224 - Avg Loss: 0.353367 | Train Acc: 96.78%
Val: loss=0.3717, acc=10585/10975 (96.45%)
Epoch 225 [0/84843] Loss: 0.281796
Epoch 225 [35000/84843] Loss: 0.278030
Epoch 225 [70000/84843] Loss: 0.350268
Epoch 225 - Avg Loss: 0.351180 | Train Acc: 96.93%
Val: loss=0.3750, acc=10567/10975 (96.28%)
Epoch 226 [0/84843] Loss: 0.352392
Epoch 226 [35000/84843] Loss: 0.317895
Epoch 226 [70000/84843] Loss: 0.392391
Epoch 226 - Avg Loss: 0.351969 | Train Acc: 96.88%
Val: loss=0.3740, acc=10583/10975 (96.43%)
Epoch 227 [0/84843] Loss: 0.382309
Epoch 227 [35000/84843] Loss: 0.351346
Epoch 227 [70000/84843] Loss: 0.369774
Epoch 227 - Avg Loss: 0.353674 | Train Acc: 96.78%
Val: loss=0.3686, acc=10600/10975 (96.58%)
Epoch 228 [0/84843] Loss: 0.341736
Epoch 228 [35000/84843] Loss: 0.311982
Epoch 228 [70000/84843] Loss: 0.386797
Epoch 228 - Avg Loss: 0.352526 | Train Acc: 96.86%
Val: loss=0.3717, acc=10585/10975 (96.45%)
Epoch 229 [0/84843] Loss: 0.293456
Epoch 229 [35000/84843] Loss: 0.364349
Epoch 229 [70000/84843] Loss: 0.334137
Epoch 229 - Avg Loss: 0.350928 | Train Acc: 96.92%
Val: loss=0.3741, acc=10592/10975 (96.51%)
Epoch 230 [0/84843] Loss: 0.313820
Epoch 230 [35000/84843] Loss: 0.440163
Epoch 230 [70000/84843] Loss: 0.338210
Epoch 230 - Avg Loss: 0.352213 | Train Acc: 96.85%
Val: loss=0.3730, acc=10594/10975 (96.53%)
Epoch 231 [0/84843] Loss: 0.392387
Epoch 231 [35000/84843] Loss: 0.323612
Epoch 231 [70000/84843] Loss: 0.366335
Epoch 231 - Avg Loss: 0.350788 | Train Acc: 96.90%
Val: loss=0.3642, acc=10626/10975 (96.82%)
Epoch 232 [0/84843] Loss: 0.380447
Epoch 232 [35000/84843] Loss: 0.292579
Epoch 232 [70000/84843] Loss: 0.293871
Epoch 232 - Avg Loss: 0.347777 | Train Acc: 97.10%
Val: loss=0.3751, acc=10590/10975 (96.49%)
Epoch 233 [0/84843] Loss: 0.357829
Epoch 233 [35000/84843] Loss: 0.294965
Epoch 233 [70000/84843] Loss: 0.377672
Epoch 233 - Avg Loss: 0.349708 | Train Acc: 97.01%
Val: loss=0.3713, acc=10590/10975 (96.49%)
Epoch 234 [0/84843] Loss: 0.282335
Epoch 234 [35000/84843] Loss: 0.291129
Epoch 234 [70000/84843] Loss: 0.333872
Epoch 234 - Avg Loss: 0.350464 | Train Acc: 96.93%
Val: loss=0.3698, acc=10605/10975 (96.63%)
Epoch 235 [0/84843] Loss: 0.361507
Epoch 235 [35000/84843] Loss: 0.293097
Epoch 235 [70000/84843] Loss: 0.309729
Epoch 235 - Avg Loss: 0.350757 | Train Acc: 96.94%
Val: loss=0.3678, acc=10618/10975 (96.75%)
Epoch 236 [0/84843] Loss: 0.283411
Epoch 236 [35000/84843] Loss: 0.411263
Epoch 236 [70000/84843] Loss: 0.318616
Epoch 236 - Avg Loss: 0.350688 | Train Acc: 96.94%
Val: loss=0.3705, acc=10591/10975 (96.50%)
Epoch 237 [0/84843] Loss: 0.391831
Epoch 237 [35000/84843] Loss: 0.348876
Epoch 237 [70000/84843] Loss: 0.318463
Epoch 237 - Avg Loss: 0.348938 | Train Acc: 97.02%
Val: loss=0.3676, acc=10608/10975 (96.66%)
Epoch 238 [0/84843] Loss: 0.490034
Epoch 238 [35000/84843] Loss: 0.387920
Epoch 238 [70000/84843] Loss: 0.397373
Epoch 238 - Avg Loss: 0.347908 | Train Acc: 97.05%
Val: loss=0.3708, acc=10617/10975 (96.74%)
Epoch 239 [0/84843] Loss: 0.270943
Epoch 239 [35000/84843] Loss: 0.299223
Epoch 239 [70000/84843] Loss: 0.362470
Epoch 239 - Avg Loss: 0.350186 | Train Acc: 96.94%
Val: loss=0.3709, acc=10600/10975 (96.58%)
Epoch 240 [0/84843] Loss: 0.307594
Epoch 240 [35000/84843] Loss: 0.346425
Epoch 240 [70000/84843] Loss: 0.348690
Epoch 240 - Avg Loss: 0.349959 | Train Acc: 96.98%
Val: loss=0.3725, acc=10603/10975 (96.61%)
Epoch 241 [0/84843] Loss: 0.287327
Epoch 241 [35000/84843] Loss: 0.284003
Epoch 241 [70000/84843] Loss: 0.316416
Epoch 241 - Avg Loss: 0.346433 | Train Acc: 97.09%
Val: loss=0.3735, acc=10595/10975 (96.54%)
Epoch 242 [0/84843] Loss: 0.309932
Epoch 242 [35000/84843] Loss: 0.353382
Epoch 242 [70000/84843] Loss: 0.289740
Epoch 242 - Avg Loss: 0.349749 | Train Acc: 97.02%
Val: loss=0.3708, acc=10595/10975 (96.54%)
Epoch 243 [0/84843] Loss: 0.283128
Epoch 243 [35000/84843] Loss: 0.446955
Epoch 243 [70000/84843] Loss: 0.326913
Epoch 243 - Avg Loss: 0.350357 | Train Acc: 96.88%
Val: loss=0.3678, acc=10607/10975 (96.65%)
Epoch 244 [0/84843] Loss: 0.328201
Epoch 244 [35000/84843] Loss: 0.346056
Epoch 244 [70000/84843] Loss: 0.459248
Epoch 244 - Avg Loss: 0.347364 | Train Acc: 97.12%
Val: loss=0.3711, acc=10604/10975 (96.62%)
Epoch 245 [0/84843] Loss: 0.284428
Epoch 245 [35000/84843] Loss: 0.275306
Epoch 245 [70000/84843] Loss: 0.338832
Epoch 245 - Avg Loss: 0.348267 | Train Acc: 97.01%
Val: loss=0.3709, acc=10595/10975 (96.54%)
Epoch 246 [0/84843] Loss: 0.275773
Epoch 246 [35000/84843] Loss: 0.294713
Epoch 246 [70000/84843] Loss: 0.462331
Epoch 246 - Avg Loss: 0.348410 | Train Acc: 97.06%
Val: loss=0.3707, acc=10599/10975 (96.57%)
Epoch 247 [0/84843] Loss: 0.349757
Epoch 247 [35000/84843] Loss: 0.424719
Epoch 247 [70000/84843] Loss: 0.284822
Epoch 247 - Avg Loss: 0.345396 | Train Acc: 97.11%
Val: loss=0.3658, acc=10619/10975 (96.76%)
Epoch 248 [0/84843] Loss: 0.317428
Epoch 248 [35000/84843] Loss: 0.284343
Epoch 248 [70000/84843] Loss: 0.313062
Epoch 248 - Avg Loss: 0.345246 | Train Acc: 97.15%
Val: loss=0.3715, acc=10581/10975 (96.41%)
Epoch 249 [0/84843] Loss: 0.297329
Epoch 249 [35000/84843] Loss: 0.400848
Epoch 249 [70000/84843] Loss: 0.287391
Epoch 249 - Avg Loss: 0.345195 | Train Acc: 97.13%
Val: loss=0.3685, acc=10610/10975 (96.67%)
Epoch 250 [0/84843] Loss: 0.280001
Epoch 250 [35000/84843] Loss: 0.386817
Epoch 250 [70000/84843] Loss: 0.306382
Epoch 250 - Avg Loss: 0.346654 | Train Acc: 97.08%
Val: loss=0.3729, acc=10586/10975 (96.46%)
Epoch 251 [0/84843] Loss: 0.334500
Epoch 251 [35000/84843] Loss: 0.381182
Epoch 251 [70000/84843] Loss: 0.455032
Epoch 251 - Avg Loss: 0.346392 | Train Acc: 97.05%
Val: loss=0.3713, acc=10605/10975 (96.63%)
Epoch 252 [0/84843] Loss: 0.425776
Epoch 252 [35000/84843] Loss: 0.313732
Epoch 252 [70000/84843] Loss: 0.376267
Epoch 252 - Avg Loss: 0.343888 | Train Acc: 97.23%
Val: loss=0.3725, acc=10599/10975 (96.57%)
Epoch 253 [0/84843] Loss: 0.332280
Epoch 253 [35000/84843] Loss: 0.328388
Epoch 253 [70000/84843] Loss: 0.353315
Epoch 253 - Avg Loss: 0.347373 | Train Acc: 97.07%
Val: loss=0.3708, acc=10597/10975 (96.56%)
Epoch 254 [0/84843] Loss: 0.297856
Epoch 254 [35000/84843] Loss: 0.350490
Epoch 254 [70000/84843] Loss: 0.327357
Epoch 254 - Avg Loss: 0.344727 | Train Acc: 97.16%
Val: loss=0.3714, acc=10596/10975 (96.55%)
Epoch 255 [0/84843] Loss: 0.291056
Epoch 255 [35000/84843] Loss: 0.312661
Epoch 255 [70000/84843] Loss: 0.387903
Epoch 255 - Avg Loss: 0.345743 | Train Acc: 97.10%
Val: loss=0.3710, acc=10589/10975 (96.48%)
Epoch 256 [0/84843] Loss: 0.396307
Epoch 256 [35000/84843] Loss: 0.549774
Epoch 256 [70000/84843] Loss: 0.356726
Epoch 256 - Avg Loss: 0.346493 | Train Acc: 97.13%
Val: loss=0.3741, acc=10577/10975 (96.37%)
Epoch 257 [0/84843] Loss: 0.344424
Epoch 257 [35000/84843] Loss: 0.484408
Epoch 257 [70000/84843] Loss: 0.285229
Epoch 257 - Avg Loss: 0.347463 | Train Acc: 97.08%
Val: loss=0.3676, acc=10600/10975 (96.58%)
Epoch 258 [0/84843] Loss: 0.508281
Epoch 258 [35000/84843] Loss: 0.287492
Epoch 258 [70000/84843] Loss: 0.294049
Epoch 258 - Avg Loss: 0.343995 | Train Acc: 97.20%
Val: loss=0.3697, acc=10599/10975 (96.57%)
Epoch 259 [0/84843] Loss: 0.290099
Epoch 259 [35000/84843] Loss: 0.275470
Epoch 259 [70000/84843] Loss: 0.347459
Epoch 259 - Avg Loss: 0.343848 | Train Acc: 97.19%
Val: loss=0.3682, acc=10608/10975 (96.66%)
Epoch 260 [0/84843] Loss: 0.284070
Epoch 260 [35000/84843] Loss: 0.397531
Epoch 260 [70000/84843] Loss: 0.431171
Epoch 260 - Avg Loss: 0.345771 | Train Acc: 97.07%
Val: loss=0.3663, acc=10597/10975 (96.56%)
Epoch 261 [0/84843] Loss: 0.311583
Epoch 261 [35000/84843] Loss: 0.321189
Epoch 261 [70000/84843] Loss: 0.317794
Epoch 261 - Avg Loss: 0.343845 | Train Acc: 97.17%
Val: loss=0.3707, acc=10602/10975 (96.60%)
Epoch 262 [0/84843] Loss: 0.311582
Epoch 262 [35000/84843] Loss: 0.278049
Epoch 262 [70000/84843] Loss: 0.275791
Epoch 262 - Avg Loss: 0.345707 | Train Acc: 97.16%
Val: loss=0.3662, acc=10605/10975 (96.63%)
Epoch 263 [0/84843] Loss: 0.442170
Epoch 263 [35000/84843] Loss: 0.430106
Epoch 263 [70000/84843] Loss: 0.331798
Epoch 263 - Avg Loss: 0.344697 | Train Acc: 97.13%
Val: loss=0.3706, acc=10599/10975 (96.57%)
Epoch 264 [0/84843] Loss: 0.321234
Epoch 264 [35000/84843] Loss: 0.372872
Epoch 264 [70000/84843] Loss: 0.319358
Epoch 264 - Avg Loss: 0.342578 | Train Acc: 97.26%
Val: loss=0.3679, acc=10598/10975 (96.56%)
Epoch 265 [0/84843] Loss: 0.291786
Epoch 265 [35000/84843] Loss: 0.343842
Epoch 265 [70000/84843] Loss: 0.379712
Epoch 265 - Avg Loss: 0.341572 | Train Acc: 97.30%
Val: loss=0.3656, acc=10608/10975 (96.66%)
Epoch 266 [0/84843] Loss: 0.349308
Epoch 266 [35000/84843] Loss: 0.310371
Epoch 266 [70000/84843] Loss: 0.315248
Epoch 266 - Avg Loss: 0.341735 | Train Acc: 97.29%
Val: loss=0.3657, acc=10610/10975 (96.67%)
Epoch 267 [0/84843] Loss: 0.352239
Epoch 267 [35000/84843] Loss: 0.366664
Epoch 267 [70000/84843] Loss: 0.288505
Epoch 267 - Avg Loss: 0.342076 | Train Acc: 97.33%
Val: loss=0.3674, acc=10627/10975 (96.83%)
Epoch 268 [0/84843] Loss: 0.286543
Epoch 268 [35000/84843] Loss: 0.472353
Epoch 268 [70000/84843] Loss: 0.320252
Epoch 268 - Avg Loss: 0.341620 | Train Acc: 97.25%
Val: loss=0.3678, acc=10619/10975 (96.76%)
Epoch 269 [0/84843] Loss: 0.352998
Epoch 269 [35000/84843] Loss: 0.298643
Epoch 269 [70000/84843] Loss: 0.383842
Epoch 269 - Avg Loss: 0.345278 | Train Acc: 97.14%
Val: loss=0.3741, acc=10593/10975 (96.52%)
Epoch 270 [0/84843] Loss: 0.482208
Epoch 270 [35000/84843] Loss: 0.359976
Epoch 270 [70000/84843] Loss: 0.384520
Epoch 270 - Avg Loss: 0.342163 | Train Acc: 97.32%
Val: loss=0.3709, acc=10590/10975 (96.49%)
Epoch 271 [0/84843] Loss: 0.278614
Epoch 271 [35000/84843] Loss: 0.330434
Epoch 271 [70000/84843] Loss: 0.310880
Epoch 271 - Avg Loss: 0.342971 | Train Acc: 97.29%
Val: loss=0.3667, acc=10613/10975 (96.70%)
Epoch 272 [0/84843] Loss: 0.319943
Epoch 272 [35000/84843] Loss: 0.309341
Epoch 272 [70000/84843] Loss: 0.531154
Epoch 272 - Avg Loss: 0.343031 | Train Acc: 97.17%
Val: loss=0.3699, acc=10608/10975 (96.66%)
Epoch 273 [0/84843] Loss: 0.286356
Epoch 273 [35000/84843] Loss: 0.283878
Epoch 273 [70000/84843] Loss: 0.292801
Epoch 273 - Avg Loss: 0.343356 | Train Acc: 97.24%
Val: loss=0.3661, acc=10613/10975 (96.70%)
Epoch 274 [0/84843] Loss: 0.308481
Epoch 274 [35000/84843] Loss: 0.307223
Epoch 274 [70000/84843] Loss: 0.275583
Epoch 274 - Avg Loss: 0.341644 | Train Acc: 97.28%
Val: loss=0.3674, acc=10615/10975 (96.72%)
Epoch 275 [0/84843] Loss: 0.365369
Epoch 275 [35000/84843] Loss: 0.438658
Epoch 275 [70000/84843] Loss: 0.356679
Epoch 275 - Avg Loss: 0.344081 | Train Acc: 97.17%
Val: loss=0.3740, acc=10588/10975 (96.47%)
Epoch 276 [0/84843] Loss: 0.300654
Epoch 276 [35000/84843] Loss: 0.339888
Epoch 276 [70000/84843] Loss: 0.330944
Epoch 276 - Avg Loss: 0.341157 | Train Acc: 97.30%
Val: loss=0.3709, acc=10596/10975 (96.55%)
Epoch 277 [0/84843] Loss: 0.373056
Epoch 277 [35000/84843] Loss: 0.355892
Epoch 277 [70000/84843] Loss: 0.288655
Epoch 277 - Avg Loss: 0.341356 | Train Acc: 97.37%
Val: loss=0.3683, acc=10608/10975 (96.66%)
Epoch 278 [0/84843] Loss: 0.333518
Epoch 278 [35000/84843] Loss: 0.325740
Epoch 278 [70000/84843] Loss: 0.286717
Epoch 278 - Avg Loss: 0.340896 | Train Acc: 97.26%
Val: loss=0.3689, acc=10619/10975 (96.76%)
Epoch 279 [0/84843] Loss: 0.393803
Epoch 279 [35000/84843] Loss: 0.340747
Epoch 279 [70000/84843] Loss: 0.351153
Epoch 279 - Avg Loss: 0.340320 | Train Acc: 97.32%
Val: loss=0.3699, acc=10596/10975 (96.55%)
Epoch 280 [0/84843] Loss: 0.334600
Epoch 280 [35000/84843] Loss: 0.276398
Epoch 280 [70000/84843] Loss: 0.348440
Epoch 280 - Avg Loss: 0.338038 | Train Acc: 97.39%
Val: loss=0.3691, acc=10605/10975 (96.63%)
Epoch 281 [0/84843] Loss: 0.286292
Epoch 281 [35000/84843] Loss: 0.342376
Epoch 281 [70000/84843] Loss: 0.308583
Epoch 281 - Avg Loss: 0.338879 | Train Acc: 97.38%
Val: loss=0.3674, acc=10608/10975 (96.66%)
Epoch 282 [0/84843] Loss: 0.297643
Epoch 282 [35000/84843] Loss: 0.325576
Epoch 282 [70000/84843] Loss: 0.334075
Epoch 282 - Avg Loss: 0.340697 | Train Acc: 97.27%
Val: loss=0.3683, acc=10606/10975 (96.64%)
Epoch 283 [0/84843] Loss: 0.348338
Epoch 283 [35000/84843] Loss: 0.422525
Epoch 283 [70000/84843] Loss: 0.311173
Epoch 283 - Avg Loss: 0.337846 | Train Acc: 97.42%
Val: loss=0.3679, acc=10598/10975 (96.56%)
Epoch 284 [0/84843] Loss: 0.384293
Epoch 284 [35000/84843] Loss: 0.429158
Epoch 284 [70000/84843] Loss: 0.336914
Epoch 284 - Avg Loss: 0.341930 | Train Acc: 97.25%
Val: loss=0.3661, acc=10611/10975 (96.68%)
Epoch 285 [0/84843] Loss: 0.329275
Epoch 285 [35000/84843] Loss: 0.331821
Epoch 285 [70000/84843] Loss: 0.316813
Epoch 285 - Avg Loss: 0.342951 | Train Acc: 97.26%
Val: loss=0.3651, acc=10625/10975 (96.81%)
Epoch 286 [0/84843] Loss: 0.316915
Epoch 286 [35000/84843] Loss: 0.311570
Epoch 286 [70000/84843] Loss: 0.378113
Epoch 286 - Avg Loss: 0.339341 | Train Acc: 97.35%
Val: loss=0.3684, acc=10603/10975 (96.61%)
Epoch 287 [0/84843] Loss: 0.274600
Epoch 287 [35000/84843] Loss: 0.301167
Epoch 287 [70000/84843] Loss: 0.278921
Epoch 287 - Avg Loss: 0.339129 | Train Acc: 97.37%
Val: loss=0.3663, acc=10622/10975 (96.78%)
Epoch 288 [0/84843] Loss: 0.372251
Epoch 288 [35000/84843] Loss: 0.349890
Epoch 288 [70000/84843] Loss: 0.324447
Epoch 288 - Avg Loss: 0.340496 | Train Acc: 97.33%
Val: loss=0.3720, acc=10600/10975 (96.58%)
Epoch 289 [0/84843] Loss: 0.439173
Epoch 289 [35000/84843] Loss: 0.466817
Epoch 289 [70000/84843] Loss: 0.324133
Epoch 289 - Avg Loss: 0.338587 | Train Acc: 97.39%
Val: loss=0.3663, acc=10612/10975 (96.69%)
Epoch 290 [0/84843] Loss: 0.311255
Epoch 290 [35000/84843] Loss: 0.274232
Epoch 290 [70000/84843] Loss: 0.358731
Epoch 290 - Avg Loss: 0.338751 | Train Acc: 97.38%
Val: loss=0.3652, acc=10628/10975 (96.84%)
Epoch 291 [0/84843] Loss: 0.352780
Epoch 291 [35000/84843] Loss: 0.319120
Epoch 291 [70000/84843] Loss: 0.334000
Epoch 291 - Avg Loss: 0.338476 | Train Acc: 97.37%
Val: loss=0.3616, acc=10637/10975 (96.92%)
saved best: 96.92%
Epoch 292 [0/84843] Loss: 0.297314
Epoch 292 [35000/84843] Loss: 0.296302
Epoch 292 [70000/84843] Loss: 0.309768
Epoch 292 - Avg Loss: 0.338719 | Train Acc: 97.37%
Val: loss=0.3719, acc=10594/10975 (96.53%)
Epoch 293 [0/84843] Loss: 0.310295
Epoch 293 [35000/84843] Loss: 0.298748
Epoch 293 [70000/84843] Loss: 0.301550
Epoch 293 - Avg Loss: 0.338009 | Train Acc: 97.38%
Val: loss=0.3665, acc=10613/10975 (96.70%)
Epoch 294 [0/84843] Loss: 0.370691
Epoch 294 [35000/84843] Loss: 0.310837
Epoch 294 [70000/84843] Loss: 0.311097
Epoch 294 - Avg Loss: 0.337906 | Train Acc: 97.44%
Val: loss=0.3695, acc=10601/10975 (96.59%)
Epoch 295 [0/84843] Loss: 0.277273
Epoch 295 [35000/84843] Loss: 0.271008
Epoch 295 [70000/84843] Loss: 0.307583
Epoch 295 - Avg Loss: 0.334635 | Train Acc: 97.54%
Val: loss=0.3673, acc=10605/10975 (96.63%)
Epoch 296 [0/84843] Loss: 0.447344
Epoch 296 [35000/84843] Loss: 0.406514
Epoch 296 [70000/84843] Loss: 0.276219
Epoch 296 - Avg Loss: 0.339243 | Train Acc: 97.40%
Val: loss=0.3673, acc=10607/10975 (96.65%)
Epoch 297 [0/84843] Loss: 0.351561
Epoch 297 [35000/84843] Loss: 0.367778
Epoch 297 [70000/84843] Loss: 0.455660
Epoch 297 - Avg Loss: 0.337843 | Train Acc: 97.43%
Val: loss=0.3654, acc=10621/10975 (96.77%)
Epoch 298 [0/84843] Loss: 0.327419
Epoch 298 [35000/84843] Loss: 0.286878
Epoch 298 [70000/84843] Loss: 0.328934
Epoch 298 - Avg Loss: 0.339667 | Train Acc: 97.35%
Val: loss=0.3664, acc=10617/10975 (96.74%)
Epoch 299 [0/84843] Loss: 0.289888
Epoch 299 [35000/84843] Loss: 0.333889
Epoch 299 [70000/84843] Loss: 0.268884
Epoch 299 - Avg Loss: 0.337812 | Train Acc: 97.40%
Val: loss=0.3664, acc=10612/10975 (96.69%)
Epoch 300 [0/84843] Loss: 0.321029
Epoch 300 [35000/84843] Loss: 0.330001
Epoch 300 [70000/84843] Loss: 0.337152
Epoch 300 - Avg Loss: 0.337348 | Train Acc: 97.47%
Val: loss=0.3669, acc=10624/10975 (96.80%)
Epoch 301 [0/84843] Loss: 0.288357
Epoch 301 [35000/84843] Loss: 0.460471
Epoch 301 [70000/84843] Loss: 0.305577
Epoch 301 - Avg Loss: 0.335404 | Train Acc: 97.53%
Val: loss=0.3676, acc=10613/10975 (96.70%)
Epoch 302 [0/84843] Loss: 0.361154
Epoch 302 [35000/84843] Loss: 0.284722
Epoch 302 [70000/84843] Loss: 0.305111
Epoch 302 - Avg Loss: 0.339754 | Train Acc: 97.41%
Val: loss=0.3677, acc=10609/10975 (96.67%)
Epoch 303 [0/84843] Loss: 0.349211
Epoch 303 [35000/84843] Loss: 0.299051
Epoch 303 [70000/84843] Loss: 0.385477
Epoch 303 - Avg Loss: 0.336468 | Train Acc: 97.49%
Val: loss=0.3658, acc=10618/10975 (96.75%)
Epoch 304 [0/84843] Loss: 0.430477
Epoch 304 [35000/84843] Loss: 0.308963
Epoch 304 [70000/84843] Loss: 0.299555
Epoch 304 - Avg Loss: 0.334282 | Train Acc: 97.59%
Val: loss=0.3683, acc=10611/10975 (96.68%)
Epoch 305 [0/84843] Loss: 0.415331
Epoch 305 [35000/84843] Loss: 0.430695
Epoch 305 [70000/84843] Loss: 0.370105
Epoch 305 - Avg Loss: 0.334016 | Train Acc: 97.55%
Val: loss=0.3668, acc=10619/10975 (96.76%)
Epoch 306 [0/84843] Loss: 0.296120
Epoch 306 [35000/84843] Loss: 0.278975
Epoch 306 [70000/84843] Loss: 0.416406
Epoch 306 - Avg Loss: 0.334015 | Train Acc: 97.60%
Val: loss=0.3692, acc=10615/10975 (96.72%)
Epoch 307 [0/84843] Loss: 0.278438
Epoch 307 [35000/84843] Loss: 0.371391
Epoch 307 [70000/84843] Loss: 0.385379
Epoch 307 - Avg Loss: 0.337037 | Train Acc: 97.43%
Val: loss=0.3675, acc=10615/10975 (96.72%)
Epoch 308 [0/84843] Loss: 0.370344
Epoch 308 [35000/84843] Loss: 0.289176
Epoch 308 [70000/84843] Loss: 0.273758
Epoch 308 - Avg Loss: 0.336007 | Train Acc: 97.53%
Val: loss=0.3652, acc=10619/10975 (96.76%)
Epoch 309 [0/84843] Loss: 0.339971
Epoch 309 [35000/84843] Loss: 0.299565
Epoch 309 [70000/84843] Loss: 0.314261
Epoch 309 - Avg Loss: 0.335039 | Train Acc: 97.55%
Val: loss=0.3661, acc=10630/10975 (96.86%)
Epoch 310 [0/84843] Loss: 0.318931
Epoch 310 [35000/84843] Loss: 0.326423
Epoch 310 [70000/84843] Loss: 0.310387
Epoch 310 - Avg Loss: 0.334509 | Train Acc: 97.55%
Val: loss=0.3689, acc=10614/10975 (96.71%)
Epoch 311 [0/84843] Loss: 0.336237
Epoch 311 [35000/84843] Loss: 0.479397
Epoch 311 [70000/84843] Loss: 0.446437
Epoch 311 - Avg Loss: 0.334156 | Train Acc: 97.57%
Val: loss=0.3677, acc=10609/10975 (96.67%)
Epoch 312 [0/84843] Loss: 0.301161
Epoch 312 [35000/84843] Loss: 0.336133
Epoch 312 [70000/84843] Loss: 0.279894
Epoch 312 - Avg Loss: 0.336137 | Train Acc: 97.52%
Val: loss=0.3715, acc=10611/10975 (96.68%)
Epoch 313 [0/84843] Loss: 0.366334
Epoch 313 [35000/84843] Loss: 0.325182
Epoch 313 [70000/84843] Loss: 0.283200
Epoch 313 - Avg Loss: 0.335777 | Train Acc: 97.49%
Val: loss=0.3688, acc=10616/10975 (96.73%)
Epoch 314 [0/84843] Loss: 0.285402
Epoch 314 [35000/84843] Loss: 0.403702
Epoch 314 [70000/84843] Loss: 0.380336
Epoch 314 - Avg Loss: 0.335271 | Train Acc: 97.53%
Val: loss=0.3673, acc=10607/10975 (96.65%)
Epoch 315 [0/84843] Loss: 0.285251
Epoch 315 [35000/84843] Loss: 0.283234
Epoch 315 [70000/84843] Loss: 0.403062
Epoch 315 - Avg Loss: 0.332756 | Train Acc: 97.63%
Val: loss=0.3650, acc=10619/10975 (96.76%)
Epoch 316 [0/84843] Loss: 0.281846
Epoch 316 [35000/84843] Loss: 0.343573
Epoch 316 [70000/84843] Loss: 0.293575
Epoch 316 - Avg Loss: 0.333337 | Train Acc: 97.62%
Val: loss=0.3701, acc=10604/10975 (96.62%)
Epoch 317 [0/84843] Loss: 0.358078
Epoch 317 [35000/84843] Loss: 0.418267
Epoch 317 [70000/84843] Loss: 0.281052
Epoch 317 - Avg Loss: 0.332623 | Train Acc: 97.63%
Val: loss=0.3664, acc=10616/10975 (96.73%)
Epoch 318 [0/84843] Loss: 0.483848
Epoch 318 [35000/84843] Loss: 0.283137
Epoch 318 [70000/84843] Loss: 0.325796
Epoch 318 - Avg Loss: 0.332484 | Train Acc: 97.66%
Val: loss=0.3671, acc=10610/10975 (96.67%)
Epoch 319 [0/84843] Loss: 0.322643
Epoch 319 [35000/84843] Loss: 0.321392
Epoch 319 [70000/84843] Loss: 0.338408
Epoch 319 - Avg Loss: 0.333631 | Train Acc: 97.58%
Val: loss=0.3655, acc=10631/10975 (96.87%)
Epoch 320 [0/84843] Loss: 0.357040
Epoch 320 [35000/84843] Loss: 0.271048
Epoch 320 [70000/84843] Loss: 0.303153
Epoch 320 - Avg Loss: 0.334751 | Train Acc: 97.54%
Val: loss=0.3674, acc=10609/10975 (96.67%)
Epoch 321 [0/84843] Loss: 0.389046
Epoch 321 [35000/84843] Loss: 0.512537
Epoch 321 [70000/84843] Loss: 0.271371
Epoch 321 - Avg Loss: 0.334326 | Train Acc: 97.55%
Val: loss=0.3685, acc=10618/10975 (96.75%)
Epoch 322 [0/84843] Loss: 0.286649
Epoch 322 [35000/84843] Loss: 0.388941
Epoch 322 [70000/84843] Loss: 0.325083
Epoch 322 - Avg Loss: 0.334976 | Train Acc: 97.48%
Val: loss=0.3690, acc=10608/10975 (96.66%)
Epoch 323 [0/84843] Loss: 0.293986
Epoch 323 [35000/84843] Loss: 0.434363
Epoch 323 [70000/84843] Loss: 0.313930
Epoch 323 - Avg Loss: 0.332935 | Train Acc: 97.61%
Val: loss=0.3683, acc=10609/10975 (96.67%)
Epoch 324 [0/84843] Loss: 0.370053
Epoch 324 [35000/84843] Loss: 0.319422
Epoch 324 [70000/84843] Loss: 0.281382
Epoch 324 - Avg Loss: 0.332457 | Train Acc: 97.61%
Val: loss=0.3648, acc=10623/10975 (96.79%)
Epoch 325 [0/84843] Loss: 0.356079
Epoch 325 [35000/84843] Loss: 0.303462
Epoch 325 [70000/84843] Loss: 0.480479
Epoch 325 - Avg Loss: 0.331124 | Train Acc: 97.70%
Val: loss=0.3683, acc=10618/10975 (96.75%)
Epoch 326 [0/84843] Loss: 0.489861
Epoch 326 [35000/84843] Loss: 0.367663
Epoch 326 [70000/84843] Loss: 0.393887
Epoch 326 - Avg Loss: 0.332266 | Train Acc: 97.61%
Val: loss=0.3683, acc=10618/10975 (96.75%)
Epoch 327 [0/84843] Loss: 0.276111
Epoch 327 [35000/84843] Loss: 0.281093
Epoch 327 [70000/84843] Loss: 0.318345
Epoch 327 - Avg Loss: 0.332142 | Train Acc: 97.66%
Val: loss=0.3649, acc=10627/10975 (96.83%)
Epoch 328 [0/84843] Loss: 0.314829
Epoch 328 [35000/84843] Loss: 0.405182
Epoch 328 [70000/84843] Loss: 0.312271
Epoch 328 - Avg Loss: 0.334640 | Train Acc: 97.52%
Val: loss=0.3669, acc=10621/10975 (96.77%)
Epoch 329 [0/84843] Loss: 0.351410
Epoch 329 [35000/84843] Loss: 0.453070
Epoch 329 [70000/84843] Loss: 0.343596
Epoch 329 - Avg Loss: 0.334417 | Train Acc: 97.55%
Val: loss=0.3672, acc=10623/10975 (96.79%)
Epoch 330 [0/84843] Loss: 0.527287
Epoch 330 [35000/84843] Loss: 0.280350
Epoch 330 [70000/84843] Loss: 0.413378
Epoch 330 - Avg Loss: 0.331040 | Train Acc: 97.69%
Val: loss=0.3675, acc=10623/10975 (96.79%)
Epoch 331 [0/84843] Loss: 0.276707
Epoch 331 [35000/84843] Loss: 0.322660
Epoch 331 [70000/84843] Loss: 0.301582
Epoch 331 - Avg Loss: 0.330249 | Train Acc: 97.73%
Val: loss=0.3676, acc=10620/10975 (96.77%)
Epoch 332 [0/84843] Loss: 0.463374
Epoch 332 [35000/84843] Loss: 0.445350
Epoch 332 [70000/84843] Loss: 0.391872
Epoch 332 - Avg Loss: 0.335238 | Train Acc: 97.54%
Val: loss=0.3683, acc=10623/10975 (96.79%)
Epoch 333 [0/84843] Loss: 0.379495
Epoch 333 [35000/84843] Loss: 0.280229
Epoch 333 [70000/84843] Loss: 0.385520
Epoch 333 - Avg Loss: 0.331595 | Train Acc: 97.69%
Val: loss=0.3685, acc=10624/10975 (96.80%)
Epoch 334 [0/84843] Loss: 0.275515
Epoch 334 [35000/84843] Loss: 0.282106
Epoch 334 [70000/84843] Loss: 0.333642
Epoch 334 - Avg Loss: 0.334759 | Train Acc: 97.56%
Val: loss=0.3691, acc=10610/10975 (96.67%)
Epoch 335 [0/84843] Loss: 0.280832
Epoch 335 [35000/84843] Loss: 0.425269
Epoch 335 [70000/84843] Loss: 0.296523
Epoch 335 - Avg Loss: 0.330698 | Train Acc: 97.72%
Val: loss=0.3674, acc=10613/10975 (96.70%)
Epoch 336 [0/84843] Loss: 0.344020
Epoch 336 [35000/84843] Loss: 0.283932
Epoch 336 [70000/84843] Loss: 0.277081
Epoch 336 - Avg Loss: 0.330033 | Train Acc: 97.75%
Val: loss=0.3660, acc=10619/10975 (96.76%)
Epoch 337 [0/84843] Loss: 0.321838
Epoch 337 [35000/84843] Loss: 0.395779
Epoch 337 [70000/84843] Loss: 0.411402
Epoch 337 - Avg Loss: 0.331647 | Train Acc: 97.70%
Val: loss=0.3680, acc=10612/10975 (96.69%)
Epoch 338 [0/84843] Loss: 0.440505
Epoch 338 [35000/84843] Loss: 0.283004
Epoch 338 [70000/84843] Loss: 0.487751
Epoch 338 - Avg Loss: 0.332236 | Train Acc: 97.65%
Val: loss=0.3670, acc=10617/10975 (96.74%)
Epoch 339 [0/84843] Loss: 0.323853
Epoch 339 [35000/84843] Loss: 0.353512
Epoch 339 [70000/84843] Loss: 0.298307
Epoch 339 - Avg Loss: 0.330438 | Train Acc: 97.75%
Val: loss=0.3692, acc=10611/10975 (96.68%)
Epoch 340 [0/84843] Loss: 0.303927
Epoch 340 [35000/84843] Loss: 0.312621
Epoch 340 [70000/84843] Loss: 0.327150
Epoch 340 - Avg Loss: 0.330490 | Train Acc: 97.75%
Val: loss=0.3668, acc=10624/10975 (96.80%)
Epoch 341 [0/84843] Loss: 0.427868
Epoch 341 [35000/84843] Loss: 0.273665
Epoch 341 [70000/84843] Loss: 0.294304
Epoch 341 - Avg Loss: 0.329295 | Train Acc: 97.75%
Val: loss=0.3711, acc=10612/10975 (96.69%)
Epoch 342 [0/84843] Loss: 0.348234
Epoch 342 [35000/84843] Loss: 0.398586
Epoch 342 [70000/84843] Loss: 0.344613
Epoch 342 - Avg Loss: 0.327243 | Train Acc: 97.81%
Val: loss=0.3711, acc=10614/10975 (96.71%)
Epoch 343 [0/84843] Loss: 0.361410
Epoch 343 [35000/84843] Loss: 0.270226
Epoch 343 [70000/84843] Loss: 0.284483
Epoch 343 - Avg Loss: 0.331978 | Train Acc: 97.62%
Val: loss=0.3664, acc=10625/10975 (96.81%)
Epoch 344 [0/84843] Loss: 0.348626
Epoch 344 [35000/84843] Loss: 0.291262
Epoch 344 [70000/84843] Loss: 0.271995
Epoch 344 - Avg Loss: 0.328768 | Train Acc: 97.76%
Val: loss=0.3702, acc=10605/10975 (96.63%)
Epoch 345 [0/84843] Loss: 0.301840
Epoch 345 [35000/84843] Loss: 0.357292
Epoch 345 [70000/84843] Loss: 0.282281
Epoch 345 - Avg Loss: 0.332601 | Train Acc: 97.62%
Val: loss=0.3669, acc=10616/10975 (96.73%)
Epoch 346 [0/84843] Loss: 0.284363
Epoch 346 [35000/84843] Loss: 0.333729
Epoch 346 [70000/84843] Loss: 0.291458
Epoch 346 - Avg Loss: 0.330581 | Train Acc: 97.67%
Val: loss=0.3676, acc=10627/10975 (96.83%)
Epoch 347 [0/84843] Loss: 0.284144
Epoch 347 [35000/84843] Loss: 0.348667
Epoch 347 [70000/84843] Loss: 0.281016
Epoch 347 - Avg Loss: 0.330088 | Train Acc: 97.74%
Val: loss=0.3671, acc=10620/10975 (96.77%)
Epoch 348 [0/84843] Loss: 0.474830
Epoch 348 [35000/84843] Loss: 0.270985
Epoch 348 [70000/84843] Loss: 0.407015
Epoch 348 - Avg Loss: 0.331208 | Train Acc: 97.70%
Val: loss=0.3673, acc=10617/10975 (96.74%)
Epoch 349 [0/84843] Loss: 0.283063
Epoch 349 [35000/84843] Loss: 0.323029
Epoch 349 [70000/84843] Loss: 0.282073
Epoch 349 - Avg Loss: 0.330685 | Train Acc: 97.72%
Val: loss=0.3658, acc=10621/10975 (96.77%)
Epoch 350 [0/84843] Loss: 0.310388
Epoch 350 [35000/84843] Loss: 0.287899
Epoch 350 [70000/84843] Loss: 0.309037
Epoch 350 - Avg Loss: 0.328896 | Train Acc: 97.79%
Val: loss=0.3677, acc=10621/10975 (96.77%)
Epoch 351 [0/84843] Loss: 0.316481
Epoch 351 [35000/84843] Loss: 0.313375
Epoch 351 [70000/84843] Loss: 0.393172
Epoch 351 - Avg Loss: 0.330830 | Train Acc: 97.69%
Val: loss=0.3671, acc=10615/10975 (96.72%)
Epoch 352 [0/84843] Loss: 0.373010
Epoch 352 [35000/84843] Loss: 0.420525
Epoch 352 [70000/84843] Loss: 0.335179
Epoch 352 - Avg Loss: 0.330744 | Train Acc: 97.70%
Val: loss=0.3661, acc=10624/10975 (96.80%)
Epoch 353 [0/84843] Loss: 0.285634
Epoch 353 [35000/84843] Loss: 0.305947
Epoch 353 [70000/84843] Loss: 0.374267
Epoch 353 - Avg Loss: 0.331486 | Train Acc: 97.65%
Val: loss=0.3654, acc=10616/10975 (96.73%)
Epoch 354 [0/84843] Loss: 0.316897
Epoch 354 [35000/84843] Loss: 0.354894
Epoch 354 [70000/84843] Loss: 0.311605
Epoch 354 - Avg Loss: 0.331484 | Train Acc: 97.68%
Val: loss=0.3663, acc=10624/10975 (96.80%)
Epoch 355 [0/84843] Loss: 0.330348
Epoch 355 [35000/84843] Loss: 0.369050
Epoch 355 [70000/84843] Loss: 0.295837
Epoch 355 - Avg Loss: 0.330340 | Train Acc: 97.74%
Val: loss=0.3660, acc=10617/10975 (96.74%)
Epoch 356 [0/84843] Loss: 0.449111
Epoch 356 [35000/84843] Loss: 0.328683
Epoch 356 [70000/84843] Loss: 0.380665
Epoch 356 - Avg Loss: 0.330588 | Train Acc: 97.70%
Val: loss=0.3665, acc=10631/10975 (96.87%)
Epoch 357 [0/84843] Loss: 0.307292
Epoch 357 [35000/84843] Loss: 0.275421
Epoch 357 [70000/84843] Loss: 0.281234
Epoch 357 - Avg Loss: 0.328762 | Train Acc: 97.77%
Val: loss=0.3668, acc=10630/10975 (96.86%)
Epoch 358 [0/84843] Loss: 0.352672
Epoch 358 [35000/84843] Loss: 0.317735
Epoch 358 [70000/84843] Loss: 0.268205
Epoch 358 - Avg Loss: 0.331194 | Train Acc: 97.74%
Val: loss=0.3662, acc=10619/10975 (96.76%)
Epoch 359 [0/84843] Loss: 0.283095
Epoch 359 [35000/84843] Loss: 0.319078
Epoch 359 [70000/84843] Loss: 0.346591
Epoch 359 - Avg Loss: 0.328108 | Train Acc: 97.78%
Val: loss=0.3667, acc=10621/10975 (96.77%)
Epoch 360 [0/84843] Loss: 0.271758
Epoch 360 [35000/84843] Loss: 0.327936
Epoch 360 [70000/84843] Loss: 0.307024
Epoch 360 - Avg Loss: 0.332043 | Train Acc: 97.72%
Val: loss=0.3659, acc=10626/10975 (96.82%)
Epoch 361 [0/84843] Loss: 0.282349
Epoch 361 [35000/84843] Loss: 0.274376
Epoch 361 [70000/84843] Loss: 0.288420
Epoch 361 - Avg Loss: 0.332326 | Train Acc: 97.66%
Val: loss=0.3659, acc=10633/10975 (96.88%)
Epoch 362 [0/84843] Loss: 0.293979
Epoch 362 [35000/84843] Loss: 0.280898
Epoch 362 [70000/84843] Loss: 0.292069
Epoch 362 - Avg Loss: 0.328722 | Train Acc: 97.82%
Val: loss=0.3651, acc=10629/10975 (96.85%)
Epoch 363 [0/84843] Loss: 0.302676
Epoch 363 [35000/84843] Loss: 0.410096
Epoch 363 [70000/84843] Loss: 0.384639
Epoch 363 - Avg Loss: 0.329493 | Train Acc: 97.75%
Val: loss=0.3651, acc=10624/10975 (96.80%)
Epoch 364 [0/84843] Loss: 0.280912
Epoch 364 [35000/84843] Loss: 0.404615
Epoch 364 [70000/84843] Loss: 0.342840
Epoch 364 - Avg Loss: 0.329144 | Train Acc: 97.79%
Val: loss=0.3666, acc=10617/10975 (96.74%)
Epoch 365 [0/84843] Loss: 0.397987
Epoch 365 [35000/84843] Loss: 0.324643
Epoch 365 [70000/84843] Loss: 0.301284
Epoch 365 - Avg Loss: 0.329487 | Train Acc: 97.76%
Val: loss=0.3660, acc=10621/10975 (96.77%)
Epoch 366 [0/84843] Loss: 0.423607
Epoch 366 [35000/84843] Loss: 0.282308
Epoch 366 [70000/84843] Loss: 0.277431
Epoch 366 - Avg Loss: 0.327479 | Train Acc: 97.85%
Val: loss=0.3650, acc=10622/10975 (96.78%)
Epoch 367 [0/84843] Loss: 0.282836
Epoch 367 [35000/84843] Loss: 0.281861
Epoch 367 [70000/84843] Loss: 0.349246
Epoch 367 - Avg Loss: 0.328585 | Train Acc: 97.77%
Val: loss=0.3654, acc=10627/10975 (96.83%)
Epoch 368 [0/84843] Loss: 0.294024
Epoch 368 [35000/84843] Loss: 0.307352
Epoch 368 [70000/84843] Loss: 0.385300
Epoch 368 - Avg Loss: 0.328954 | Train Acc: 97.77%
Val: loss=0.3653, acc=10622/10975 (96.78%)
Epoch 369 [0/84843] Loss: 0.341760
Epoch 369 [35000/84843] Loss: 0.331564
Epoch 369 [70000/84843] Loss: 0.293728
Epoch 369 - Avg Loss: 0.327615 | Train Acc: 97.85%
Val: loss=0.3658, acc=10623/10975 (96.79%)
Epoch 370 [0/84843] Loss: 0.286482
Epoch 370 [35000/84843] Loss: 0.285737
Epoch 370 [70000/84843] Loss: 0.306117
Epoch 370 - Avg Loss: 0.329630 | Train Acc: 97.73%
Val: loss=0.3652, acc=10624/10975 (96.80%)
Epoch 371 [0/84843] Loss: 0.289239
Epoch 371 [35000/84843] Loss: 0.406400
Epoch 371 [70000/84843] Loss: 0.322348
Epoch 371 - Avg Loss: 0.326792 | Train Acc: 97.91%
Val: loss=0.3652, acc=10620/10975 (96.77%)
Epoch 372 [0/84843] Loss: 0.284587
Epoch 372 [35000/84843] Loss: 0.278209
Epoch 372 [70000/84843] Loss: 0.450477
Epoch 372 - Avg Loss: 0.329203 | Train Acc: 97.78%
Val: loss=0.3662, acc=10627/10975 (96.83%)
Epoch 373 [0/84843] Loss: 0.327679
Epoch 373 [35000/84843] Loss: 0.276905
Epoch 373 [70000/84843] Loss: 0.291373
Epoch 373 - Avg Loss: 0.327511 | Train Acc: 97.81%
Val: loss=0.3649, acc=10629/10975 (96.85%)
Epoch 374 [0/84843] Loss: 0.282847
Epoch 374 [35000/84843] Loss: 0.313787
Epoch 374 [70000/84843] Loss: 0.301346
Epoch 374 - Avg Loss: 0.328951 | Train Acc: 97.77%
Val: loss=0.3649, acc=10636/10975 (96.91%)
Epoch 375 [0/84843] Loss: 0.289144
Epoch 375 [35000/84843] Loss: 0.451999
Epoch 375 [70000/84843] Loss: 0.372733
Epoch 375 - Avg Loss: 0.329482 | Train Acc: 97.73%
Val: loss=0.3656, acc=10633/10975 (96.88%)
Epoch 376 [0/84843] Loss: 0.277505
Epoch 376 [35000/84843] Loss: 0.270933
Epoch 376 [70000/84843] Loss: 0.314117
Epoch 376 - Avg Loss: 0.328398 | Train Acc: 97.84%
Val: loss=0.3665, acc=10624/10975 (96.80%)
Epoch 377 [0/84843] Loss: 0.273326
Epoch 377 [35000/84843] Loss: 0.312901
Epoch 377 [70000/84843] Loss: 0.277169
Epoch 377 - Avg Loss: 0.326887 | Train Acc: 97.80%
Val: loss=0.3665, acc=10631/10975 (96.87%)
Epoch 378 [0/84843] Loss: 0.279037
Epoch 378 [35000/84843] Loss: 0.280234
Epoch 378 [70000/84843] Loss: 0.270623
Epoch 378 - Avg Loss: 0.329557 | Train Acc: 97.72%
Val: loss=0.3659, acc=10632/10975 (96.87%)
Epoch 379 [0/84843] Loss: 0.289440
Epoch 379 [35000/84843] Loss: 0.278797
Epoch 379 [70000/84843] Loss: 0.341224
Epoch 379 - Avg Loss: 0.327515 | Train Acc: 97.79%
Val: loss=0.3655, acc=10636/10975 (96.91%)
Epoch 380 [0/84843] Loss: 0.337866
Epoch 380 [35000/84843] Loss: 0.344611
Epoch 380 [70000/84843] Loss: 0.275295
Epoch 380 - Avg Loss: 0.330311 | Train Acc: 97.70%
Val: loss=0.3649, acc=10631/10975 (96.87%)
Epoch 381 [0/84843] Loss: 0.279502
Epoch 381 [35000/84843] Loss: 0.281381
Epoch 381 [70000/84843] Loss: 0.331930
Epoch 381 - Avg Loss: 0.328506 | Train Acc: 97.83%
Val: loss=0.3655, acc=10633/10975 (96.88%)
Epoch 382 [0/84843] Loss: 0.279264
Epoch 382 [35000/84843] Loss: 0.283652
Epoch 382 [70000/84843] Loss: 0.344275
Epoch 382 - Avg Loss: 0.327283 | Train Acc: 97.86%
Val: loss=0.3656, acc=10634/10975 (96.89%)
Epoch 383 [0/84843] Loss: 0.337490
Epoch 383 [35000/84843] Loss: 0.335427
Epoch 383 [70000/84843] Loss: 0.370800
Epoch 383 - Avg Loss: 0.326089 | Train Acc: 97.88%
Val: loss=0.3656, acc=10632/10975 (96.87%)
Epoch 384 [0/84843] Loss: 0.312178
Epoch 384 [35000/84843] Loss: 0.284278
Epoch 384 [70000/84843] Loss: 0.277334
Epoch 384 - Avg Loss: 0.326443 | Train Acc: 97.89%
Val: loss=0.3652, acc=10627/10975 (96.83%)
Epoch 385 [0/84843] Loss: 0.319727
Epoch 385 [35000/84843] Loss: 0.288173
Epoch 385 [70000/84843] Loss: 0.305190
Epoch 385 - Avg Loss: 0.326074 | Train Acc: 97.89%
Val: loss=0.3657, acc=10628/10975 (96.84%)
Epoch 386 [0/84843] Loss: 0.421086
Epoch 386 [35000/84843] Loss: 0.352321
Epoch 386 [70000/84843] Loss: 0.361480
Epoch 386 - Avg Loss: 0.327907 | Train Acc: 97.80%
Val: loss=0.3663, acc=10630/10975 (96.86%)
Epoch 387 [0/84843] Loss: 0.326726
Epoch 387 [35000/84843] Loss: 0.295506
Epoch 387 [70000/84843] Loss: 0.324247
Epoch 387 - Avg Loss: 0.328697 | Train Acc: 97.84%
Val: loss=0.3655, acc=10633/10975 (96.88%)
Epoch 388 [0/84843] Loss: 0.285380
Epoch 388 [35000/84843] Loss: 0.270217
Epoch 388 [70000/84843] Loss: 0.276677
Epoch 388 - Avg Loss: 0.328899 | Train Acc: 97.81%
Val: loss=0.3652, acc=10634/10975 (96.89%)
Epoch 389 [0/84843] Loss: 0.305001
Epoch 389 [35000/84843] Loss: 0.285910
Epoch 389 [70000/84843] Loss: 0.293898
Epoch 389 - Avg Loss: 0.327769 | Train Acc: 97.84%
Val: loss=0.3654, acc=10634/10975 (96.89%)
Epoch 390 [0/84843] Loss: 0.288688
Epoch 390 [35000/84843] Loss: 0.279491
Epoch 390 [70000/84843] Loss: 0.324461
Epoch 390 - Avg Loss: 0.327197 | Train Acc: 97.83%
Val: loss=0.3660, acc=10632/10975 (96.87%)
Epoch 391 [0/84843] Loss: 0.287249
Epoch 391 [35000/84843] Loss: 0.338439
Epoch 391 [70000/84843] Loss: 0.289331
Epoch 391 - Avg Loss: 0.328711 | Train Acc: 97.76%
Val: loss=0.3656, acc=10631/10975 (96.87%)
Epoch 392 [0/84843] Loss: 0.363326
Epoch 392 [35000/84843] Loss: 0.287511
Epoch 392 [70000/84843] Loss: 0.399072
Epoch 392 - Avg Loss: 0.326148 | Train Acc: 97.87%
Val: loss=0.3657, acc=10632/10975 (96.87%)
Epoch 393 [0/84843] Loss: 0.297857
Epoch 393 [35000/84843] Loss: 0.397579
Epoch 393 [70000/84843] Loss: 0.281387
Epoch 393 - Avg Loss: 0.329160 | Train Acc: 97.79%
Val: loss=0.3653, acc=10630/10975 (96.86%)
Epoch 394 [0/84843] Loss: 0.316407
Epoch 394 [35000/84843] Loss: 0.329853
Epoch 394 [70000/84843] Loss: 0.267289
Epoch 394 - Avg Loss: 0.328277 | Train Acc: 97.82%
Val: loss=0.3653, acc=10631/10975 (96.87%)
Epoch 395 [0/84843] Loss: 0.309130
Epoch 395 [35000/84843] Loss: 0.398878
Epoch 395 [70000/84843] Loss: 0.504479
Epoch 395 - Avg Loss: 0.328898 | Train Acc: 97.80%
Val: loss=0.3654, acc=10631/10975 (96.87%)
Epoch 396 [0/84843] Loss: 0.306145
Epoch 396 [35000/84843] Loss: 0.297260
Epoch 396 [70000/84843] Loss: 0.333283
Epoch 396 - Avg Loss: 0.328764 | Train Acc: 97.79%
Val: loss=0.3655, acc=10630/10975 (96.86%)
Epoch 397 [0/84843] Loss: 0.308716
Epoch 397 [35000/84843] Loss: 0.293495
Epoch 397 [70000/84843] Loss: 0.313343
Epoch 397 - Avg Loss: 0.326267 | Train Acc: 97.90%
Val: loss=0.3654, acc=10631/10975 (96.87%)
Epoch 398 [0/84843] Loss: 0.350005
Epoch 398 [35000/84843] Loss: 0.302670
Epoch 398 [70000/84843] Loss: 0.333674
Epoch 398 - Avg Loss: 0.324103 | Train Acc: 97.94%
Val: loss=0.3655, acc=10631/10975 (96.87%)
Epoch 399 [0/84843] Loss: 0.305505
Epoch 399 [35000/84843] Loss: 0.311385
Epoch 399 [70000/84843] Loss: 0.428914
Epoch 399 - Avg Loss: 0.329290 | Train Acc: 97.78%
Val: loss=0.3656, acc=10630/10975 (96.86%)
Epoch 400 [0/84843] Loss: 0.285854
Epoch 400 [35000/84843] Loss: 0.319883
Epoch 400 [70000/84843] Loss: 0.287658
Epoch 400 - Avg Loss: 0.328228 | Train Acc: 97.78%
Val: loss=0.3654, acc=10631/10975 (96.87%)
Test: loss=0.3745, acc=11693/12101 (96.63%)
