Running feature config: 16_mels_delta_delta (task 8)
SpecAugment freq_mask=8 time_mask=50
Device: cuda
Feature config: 16_mels_delta_delta -> {'n_mels': 16, 'use_delta': True, 'use_delta_delta': True}
SpecAugment: True freq_mask=8 time_mask=50
GPU Name: Tesla V100-PCIE-32GB
GPU Memory: 34.07 GB
Total model parameters: 47,628
Epoch 1 [0/84843] Loss: 2.573463
Epoch 1 [35000/84843] Loss: 1.908209
Epoch 1 [70000/84843] Loss: 1.545589
Epoch 1 - Avg Loss: 1.728035 | Train Acc: 54.90%
Val: loss=1.6135, acc=6252/10975 (56.97%)
saved best: 56.97%
Epoch 2 [0/84843] Loss: 1.687317
Epoch 2 [35000/84843] Loss: 1.288745
Epoch 2 [70000/84843] Loss: 1.410030
Epoch 2 - Avg Loss: 1.442428 | Train Acc: 63.63%
Val: loss=1.3945, acc=7244/10975 (66.00%)
saved best: 66.00%
Epoch 3 [0/84843] Loss: 1.244615
Epoch 3 [35000/84843] Loss: 1.431189
Epoch 3 [70000/84843] Loss: 1.677672
Epoch 3 - Avg Loss: 1.362821 | Train Acc: 66.65%
Val: loss=1.3840, acc=7263/10975 (66.18%)
saved best: 66.18%
Epoch 4 [0/84843] Loss: 1.270385
Epoch 4 [35000/84843] Loss: 1.398642
Epoch 4 [70000/84843] Loss: 1.386303
Epoch 4 - Avg Loss: 1.356234 | Train Acc: 66.70%
Val: loss=1.3689, acc=7269/10975 (66.23%)
saved best: 66.23%
Epoch 5 [0/84843] Loss: 1.294875
Epoch 5 [35000/84843] Loss: 1.340158
Epoch 5 [70000/84843] Loss: 1.389116
Epoch 5 - Avg Loss: 1.345233 | Train Acc: 66.74%
Val: loss=1.3272, acc=7275/10975 (66.29%)
saved best: 66.29%
Epoch 6 [0/84843] Loss: 1.306140
Epoch 6 [35000/84843] Loss: 1.204505
Epoch 6 [70000/84843] Loss: 1.250779
Epoch 6 - Avg Loss: 1.320462 | Train Acc: 66.71%
Val: loss=1.2927, acc=7297/10975 (66.49%)
saved best: 66.49%
Epoch 7 [0/84843] Loss: 1.346948
Epoch 7 [35000/84843] Loss: 1.415442
Epoch 7 [70000/84843] Loss: 1.485292
Epoch 7 - Avg Loss: 1.296106 | Train Acc: 66.70%
Val: loss=1.2498, acc=7346/10975 (66.93%)
saved best: 66.93%
Epoch 8 [0/84843] Loss: 1.310281
Epoch 8 [35000/84843] Loss: 1.423102
Epoch 8 [70000/84843] Loss: 1.116616
Epoch 8 - Avg Loss: 1.271761 | Train Acc: 66.82%
Val: loss=1.2057, acc=7445/10975 (67.84%)
saved best: 67.84%
Epoch 9 [0/84843] Loss: 1.219372
Epoch 9 [35000/84843] Loss: 1.199919
Epoch 9 [70000/84843] Loss: 1.059307
Epoch 9 - Avg Loss: 1.246293 | Train Acc: 67.00%
Val: loss=1.1729, acc=7442/10975 (67.81%)
Epoch 10 [0/84843] Loss: 0.839024
Epoch 10 [35000/84843] Loss: 1.080618
Epoch 10 [70000/84843] Loss: 1.382830
Epoch 10 - Avg Loss: 1.215771 | Train Acc: 67.43%
Val: loss=1.1299, acc=7497/10975 (68.31%)
saved best: 68.31%
Epoch 11 [0/84843] Loss: 1.089832
Epoch 11 [35000/84843] Loss: 1.077701
Epoch 11 [70000/84843] Loss: 1.249365
Epoch 11 - Avg Loss: 1.195568 | Train Acc: 67.66%
Val: loss=1.0937, acc=7653/10975 (69.73%)
saved best: 69.73%
Epoch 12 [0/84843] Loss: 1.200721
Epoch 12 [35000/84843] Loss: 1.279733
Epoch 12 [70000/84843] Loss: 1.056667
Epoch 12 - Avg Loss: 1.166942 | Train Acc: 68.51%
Val: loss=1.0429, acc=7823/10975 (71.28%)
saved best: 71.28%
Epoch 13 [0/84843] Loss: 1.216432
Epoch 13 [35000/84843] Loss: 1.130495
Epoch 13 [70000/84843] Loss: 0.941292
Epoch 13 - Avg Loss: 1.138596 | Train Acc: 69.03%
Val: loss=1.0016, acc=7857/10975 (71.59%)
saved best: 71.59%
Epoch 14 [0/84843] Loss: 0.973086
Epoch 14 [35000/84843] Loss: 1.477517
Epoch 14 [70000/84843] Loss: 1.142300
Epoch 14 - Avg Loss: 1.116059 | Train Acc: 69.36%
Val: loss=0.9617, acc=7940/10975 (72.35%)
saved best: 72.35%
Epoch 15 [0/84843] Loss: 1.063126
Epoch 15 [35000/84843] Loss: 0.852282
Epoch 15 [70000/84843] Loss: 1.203398
Epoch 15 - Avg Loss: 1.092944 | Train Acc: 69.86%
Val: loss=0.9377, acc=8046/10975 (73.31%)
saved best: 73.31%
Epoch 16 [0/84843] Loss: 0.770397
Epoch 16 [35000/84843] Loss: 1.223111
Epoch 16 [70000/84843] Loss: 1.067333
Epoch 16 - Avg Loss: 1.058916 | Train Acc: 70.57%
Val: loss=0.9181, acc=8112/10975 (73.91%)
saved best: 73.91%
Epoch 17 [0/84843] Loss: 1.106782
Epoch 17 [35000/84843] Loss: 1.057997
Epoch 17 [70000/84843] Loss: 1.199074
Epoch 17 - Avg Loss: 1.032371 | Train Acc: 71.42%
Val: loss=0.8810, acc=8305/10975 (75.67%)
saved best: 75.67%
Epoch 18 [0/84843] Loss: 0.897531
Epoch 18 [35000/84843] Loss: 1.158746
Epoch 18 [70000/84843] Loss: 1.328557
Epoch 18 - Avg Loss: 1.008562 | Train Acc: 72.06%
Val: loss=0.8412, acc=8422/10975 (76.74%)
saved best: 76.74%
Epoch 19 [0/84843] Loss: 1.099649
Epoch 19 [35000/84843] Loss: 0.845655
Epoch 19 [70000/84843] Loss: 1.341869
Epoch 19 - Avg Loss: 0.977661 | Train Acc: 73.07%
Val: loss=0.7987, acc=8712/10975 (79.38%)
saved best: 79.38%
Epoch 20 [0/84843] Loss: 1.084891
Epoch 20 [35000/84843] Loss: 0.850408
Epoch 20 [70000/84843] Loss: 0.868966
Epoch 20 - Avg Loss: 0.936443 | Train Acc: 74.57%
Val: loss=0.7557, acc=8879/10975 (80.90%)
saved best: 80.90%
Epoch 21 [0/84843] Loss: 1.051711
Epoch 21 [35000/84843] Loss: 0.789967
Epoch 21 [70000/84843] Loss: 1.147448
Epoch 21 - Avg Loss: 0.903372 | Train Acc: 75.88%
Val: loss=0.6927, acc=9208/10975 (83.90%)
saved best: 83.90%
Epoch 22 [0/84843] Loss: 1.071516
Epoch 22 [35000/84843] Loss: 0.659585
Epoch 22 [70000/84843] Loss: 0.667892
Epoch 22 - Avg Loss: 0.875850 | Train Acc: 77.05%
Val: loss=0.6684, acc=9357/10975 (85.26%)
saved best: 85.26%
Epoch 23 [0/84843] Loss: 0.858611
Epoch 23 [35000/84843] Loss: 0.949158
Epoch 23 [70000/84843] Loss: 0.990606
Epoch 23 - Avg Loss: 0.846407 | Train Acc: 78.22%
Val: loss=0.6383, acc=9522/10975 (86.76%)
saved best: 86.76%
Epoch 24 [0/84843] Loss: 1.005522
Epoch 24 [35000/84843] Loss: 0.730403
Epoch 24 [70000/84843] Loss: 1.058371
Epoch 24 - Avg Loss: 0.821990 | Train Acc: 79.12%
Val: loss=0.6103, acc=9683/10975 (88.23%)
saved best: 88.23%
Epoch 25 [0/84843] Loss: 0.849776
Epoch 25 [35000/84843] Loss: 0.551521
Epoch 25 [70000/84843] Loss: 0.769590
Epoch 25 - Avg Loss: 0.796819 | Train Acc: 80.04%
Val: loss=0.5851, acc=9776/10975 (89.08%)
saved best: 89.08%
Epoch 26 [0/84843] Loss: 0.502059
Epoch 26 [35000/84843] Loss: 0.965627
Epoch 26 [70000/84843] Loss: 0.528757
Epoch 26 - Avg Loss: 0.786785 | Train Acc: 80.62%
Val: loss=0.5704, acc=9814/10975 (89.42%)
saved best: 89.42%
Epoch 27 [0/84843] Loss: 0.693594
Epoch 27 [35000/84843] Loss: 1.084224
Epoch 27 [70000/84843] Loss: 0.689672
Epoch 27 - Avg Loss: 0.758677 | Train Acc: 81.67%
Val: loss=0.5461, acc=9930/10975 (90.48%)
saved best: 90.48%
Epoch 28 [0/84843] Loss: 0.858588
Epoch 28 [35000/84843] Loss: 0.714614
Epoch 28 [70000/84843] Loss: 0.922552
Epoch 28 - Avg Loss: 0.736565 | Train Acc: 82.54%
Val: loss=0.5467, acc=9888/10975 (90.10%)
Epoch 29 [0/84843] Loss: 1.236894
Epoch 29 [35000/84843] Loss: 0.575901
Epoch 29 [70000/84843] Loss: 0.831986
Epoch 29 - Avg Loss: 0.735611 | Train Acc: 82.44%
Val: loss=0.5280, acc=9988/10975 (91.01%)
saved best: 91.01%
Epoch 30 [0/84843] Loss: 0.615830
Epoch 30 [35000/84843] Loss: 0.603860
Epoch 30 [70000/84843] Loss: 0.622735
Epoch 30 - Avg Loss: 0.722334 | Train Acc: 82.82%
Val: loss=0.5122, acc=10067/10975 (91.73%)
saved best: 91.73%
Epoch 31 [0/84843] Loss: 0.871152
Epoch 31 [35000/84843] Loss: 0.730147
Epoch 31 [70000/84843] Loss: 0.510359
Epoch 31 - Avg Loss: 0.697941 | Train Acc: 83.68%
Val: loss=0.5059, acc=10099/10975 (92.02%)
saved best: 92.02%
Epoch 32 [0/84843] Loss: 0.899063
Epoch 32 [35000/84843] Loss: 0.816063
Epoch 32 [70000/84843] Loss: 0.878607
Epoch 32 - Avg Loss: 0.688226 | Train Acc: 84.09%
Val: loss=0.5036, acc=10092/10975 (91.95%)
Epoch 33 [0/84843] Loss: 0.779293
Epoch 33 [35000/84843] Loss: 0.565073
Epoch 33 [70000/84843] Loss: 0.748337
Epoch 33 - Avg Loss: 0.677035 | Train Acc: 84.43%
Val: loss=0.4860, acc=10155/10975 (92.53%)
saved best: 92.53%
Epoch 34 [0/84843] Loss: 0.599396
Epoch 34 [35000/84843] Loss: 0.536537
Epoch 34 [70000/84843] Loss: 0.772380
Epoch 34 - Avg Loss: 0.662588 | Train Acc: 85.03%
Val: loss=0.4754, acc=10197/10975 (92.91%)
saved best: 92.91%
Epoch 35 [0/84843] Loss: 0.455706
Epoch 35 [35000/84843] Loss: 0.938537
Epoch 35 [70000/84843] Loss: 0.469498
Epoch 35 - Avg Loss: 0.660522 | Train Acc: 85.12%
Val: loss=0.4674, acc=10236/10975 (93.27%)
saved best: 93.27%
Epoch 36 [0/84843] Loss: 0.511987
Epoch 36 [35000/84843] Loss: 0.830868
Epoch 36 [70000/84843] Loss: 0.504499
Epoch 36 - Avg Loss: 0.649063 | Train Acc: 85.56%
Val: loss=0.4775, acc=10188/10975 (92.83%)
Epoch 37 [0/84843] Loss: 0.664161
Epoch 37 [35000/84843] Loss: 0.599029
Epoch 37 [70000/84843] Loss: 0.416574
Epoch 37 - Avg Loss: 0.651074 | Train Acc: 85.57%
Val: loss=0.4513, acc=10297/10975 (93.82%)
saved best: 93.82%
Epoch 38 [0/84843] Loss: 0.442298
Epoch 38 [35000/84843] Loss: 0.746080
Epoch 38 [70000/84843] Loss: 0.642279
Epoch 38 - Avg Loss: 0.635179 | Train Acc: 85.97%
Val: loss=0.4519, acc=10298/10975 (93.83%)
saved best: 93.83%
Epoch 39 [0/84843] Loss: 0.704456
Epoch 39 [35000/84843] Loss: 0.448455
Epoch 39 [70000/84843] Loss: 0.754947
Epoch 39 - Avg Loss: 0.634419 | Train Acc: 86.04%
Val: loss=0.4467, acc=10311/10975 (93.95%)
saved best: 93.95%
Epoch 40 [0/84843] Loss: 0.579612
Epoch 40 [35000/84843] Loss: 0.804119
Epoch 40 [70000/84843] Loss: 0.877345
Epoch 40 - Avg Loss: 0.619609 | Train Acc: 86.67%
Val: loss=0.4456, acc=10317/10975 (94.00%)
saved best: 94.00%
Epoch 41 [0/84843] Loss: 0.467069
Epoch 41 [35000/84843] Loss: 0.801677
Epoch 41 [70000/84843] Loss: 0.465781
Epoch 41 - Avg Loss: 0.624475 | Train Acc: 86.42%
Val: loss=0.4384, acc=10356/10975 (94.36%)
saved best: 94.36%
Epoch 42 [0/84843] Loss: 0.449421
Epoch 42 [35000/84843] Loss: 0.510590
Epoch 42 [70000/84843] Loss: 0.512106
Epoch 42 - Avg Loss: 0.614569 | Train Acc: 86.82%
Val: loss=0.4531, acc=10269/10975 (93.57%)
Epoch 43 [0/84843] Loss: 0.975023
Epoch 43 [35000/84843] Loss: 0.560162
Epoch 43 [70000/84843] Loss: 0.616584
Epoch 43 - Avg Loss: 0.617587 | Train Acc: 86.68%
Val: loss=0.4306, acc=10384/10975 (94.62%)
saved best: 94.62%
Epoch 44 [0/84843] Loss: 0.526572
Epoch 44 [35000/84843] Loss: 0.755599
Epoch 44 [70000/84843] Loss: 0.379451
Epoch 44 - Avg Loss: 0.601615 | Train Acc: 87.34%
Val: loss=0.4261, acc=10391/10975 (94.68%)
saved best: 94.68%
Epoch 45 [0/84843] Loss: 0.759295
Epoch 45 [35000/84843] Loss: 0.558859
Epoch 45 [70000/84843] Loss: 0.625030
Epoch 45 - Avg Loss: 0.604615 | Train Acc: 87.04%
Val: loss=0.4281, acc=10385/10975 (94.62%)
Epoch 46 [0/84843] Loss: 0.654324
Epoch 46 [35000/84843] Loss: 0.627056
Epoch 46 [70000/84843] Loss: 0.728225
Epoch 46 - Avg Loss: 0.605167 | Train Acc: 87.04%
Val: loss=0.4249, acc=10394/10975 (94.71%)
saved best: 94.71%
Epoch 47 [0/84843] Loss: 0.847441
Epoch 47 [35000/84843] Loss: 0.350855
Epoch 47 [70000/84843] Loss: 0.509738
Epoch 47 - Avg Loss: 0.588352 | Train Acc: 87.73%
Val: loss=0.4166, acc=10404/10975 (94.80%)
saved best: 94.80%
Epoch 48 [0/84843] Loss: 0.561485
Epoch 48 [35000/84843] Loss: 0.386377
Epoch 48 [70000/84843] Loss: 0.477299
Epoch 48 - Avg Loss: 0.588258 | Train Acc: 87.79%
Val: loss=0.4220, acc=10410/10975 (94.85%)
saved best: 94.85%
Epoch 49 [0/84843] Loss: 0.438122
Epoch 49 [35000/84843] Loss: 0.649640
Epoch 49 [70000/84843] Loss: 0.716882
Epoch 49 - Avg Loss: 0.588959 | Train Acc: 87.67%
Val: loss=0.4160, acc=10424/10975 (94.98%)
saved best: 94.98%
Epoch 50 [0/84843] Loss: 0.615537
Epoch 50 [35000/84843] Loss: 0.978200
Epoch 50 [70000/84843] Loss: 0.575250
Epoch 50 - Avg Loss: 0.584974 | Train Acc: 87.85%
Val: loss=0.4182, acc=10404/10975 (94.80%)
Epoch 51 [0/84843] Loss: 0.982604
Epoch 51 [35000/84843] Loss: 0.471896
Epoch 51 [70000/84843] Loss: 0.457073
Epoch 51 - Avg Loss: 0.582302 | Train Acc: 87.99%
Val: loss=0.4222, acc=10411/10975 (94.86%)
Epoch 52 [0/84843] Loss: 0.711159
Epoch 52 [35000/84843] Loss: 0.621170
Epoch 52 [70000/84843] Loss: 0.393093
Epoch 52 - Avg Loss: 0.578371 | Train Acc: 88.14%
Val: loss=0.4099, acc=10448/10975 (95.20%)
saved best: 95.20%
Epoch 53 [0/84843] Loss: 0.776792
Epoch 53 [35000/84843] Loss: 0.430762
Epoch 53 [70000/84843] Loss: 0.443882
Epoch 53 - Avg Loss: 0.573898 | Train Acc: 88.28%
Val: loss=0.4091, acc=10468/10975 (95.38%)
saved best: 95.38%
Epoch 54 [0/84843] Loss: 0.938477
Epoch 54 [35000/84843] Loss: 0.731898
Epoch 54 [70000/84843] Loss: 0.582695
Epoch 54 - Avg Loss: 0.577715 | Train Acc: 88.02%
Val: loss=0.4097, acc=10454/10975 (95.25%)
Epoch 55 [0/84843] Loss: 0.575533
Epoch 55 [35000/84843] Loss: 0.464305
Epoch 55 [70000/84843] Loss: 0.665548
Epoch 55 - Avg Loss: 0.574819 | Train Acc: 88.12%
Val: loss=0.4192, acc=10396/10975 (94.72%)
Epoch 56 [0/84843] Loss: 0.442916
Epoch 56 [35000/84843] Loss: 0.922941
Epoch 56 [70000/84843] Loss: 0.430926
Epoch 56 - Avg Loss: 0.567644 | Train Acc: 88.50%
Val: loss=0.4182, acc=10405/10975 (94.81%)
Epoch 57 [0/84843] Loss: 0.699910
Epoch 57 [35000/84843] Loss: 0.361036
Epoch 57 [70000/84843] Loss: 0.992360
Epoch 57 - Avg Loss: 0.565337 | Train Acc: 88.51%
Val: loss=0.4045, acc=10466/10975 (95.36%)
Epoch 58 [0/84843] Loss: 0.824203
Epoch 58 [35000/84843] Loss: 0.649287
Epoch 58 [70000/84843] Loss: 0.687363
Epoch 58 - Avg Loss: 0.564005 | Train Acc: 88.54%
Val: loss=0.4014, acc=10466/10975 (95.36%)
Epoch 59 [0/84843] Loss: 0.491549
Epoch 59 [35000/84843] Loss: 0.967049
Epoch 59 [70000/84843] Loss: 0.428152
Epoch 59 - Avg Loss: 0.558940 | Train Acc: 88.69%
Val: loss=0.4008, acc=10476/10975 (95.45%)
saved best: 95.45%
Epoch 60 [0/84843] Loss: 0.464389
Epoch 60 [35000/84843] Loss: 0.454228
Epoch 60 [70000/84843] Loss: 0.430577
Epoch 60 - Avg Loss: 0.554475 | Train Acc: 88.94%
Val: loss=0.4118, acc=10435/10975 (95.08%)
Epoch 61 [0/84843] Loss: 0.526798
Epoch 61 [35000/84843] Loss: 0.700572
Epoch 61 [70000/84843] Loss: 0.446121
Epoch 61 - Avg Loss: 0.559867 | Train Acc: 88.67%
Val: loss=0.4084, acc=10464/10975 (95.34%)
Epoch 62 [0/84843] Loss: 0.446391
Epoch 62 [35000/84843] Loss: 0.448441
Epoch 62 [70000/84843] Loss: 0.784293
Epoch 62 - Avg Loss: 0.556275 | Train Acc: 88.81%
Val: loss=0.4049, acc=10465/10975 (95.35%)
Epoch 63 [0/84843] Loss: 0.786344
Epoch 63 [35000/84843] Loss: 0.425349
Epoch 63 [70000/84843] Loss: 0.696388
Epoch 63 - Avg Loss: 0.557922 | Train Acc: 88.82%
Val: loss=0.4010, acc=10484/10975 (95.53%)
saved best: 95.53%
Epoch 64 [0/84843] Loss: 0.422884
Epoch 64 [35000/84843] Loss: 0.605914
Epoch 64 [70000/84843] Loss: 0.394050
Epoch 64 - Avg Loss: 0.549294 | Train Acc: 89.16%
Val: loss=0.3967, acc=10492/10975 (95.60%)
saved best: 95.60%
Epoch 65 [0/84843] Loss: 0.411141
Epoch 65 [35000/84843] Loss: 0.837808
Epoch 65 [70000/84843] Loss: 0.407751
Epoch 65 - Avg Loss: 0.553720 | Train Acc: 88.95%
Val: loss=0.3988, acc=10475/10975 (95.44%)
Epoch 66 [0/84843] Loss: 0.424974
Epoch 66 [35000/84843] Loss: 0.390438
Epoch 66 [70000/84843] Loss: 0.682992
Epoch 66 - Avg Loss: 0.547839 | Train Acc: 89.17%
Val: loss=0.3995, acc=10482/10975 (95.51%)
Epoch 67 [0/84843] Loss: 0.446792
Epoch 67 [35000/84843] Loss: 0.752467
Epoch 67 [70000/84843] Loss: 0.716132
Epoch 67 - Avg Loss: 0.542291 | Train Acc: 89.35%
Val: loss=0.3953, acc=10483/10975 (95.52%)
Epoch 68 [0/84843] Loss: 0.437996
Epoch 68 [35000/84843] Loss: 0.524905
Epoch 68 [70000/84843] Loss: 1.197315
Epoch 68 - Avg Loss: 0.548425 | Train Acc: 89.15%
Val: loss=0.4018, acc=10458/10975 (95.29%)
Epoch 69 [0/84843] Loss: 0.511552
Epoch 69 [35000/84843] Loss: 0.476263
Epoch 69 [70000/84843] Loss: 0.735483
Epoch 69 - Avg Loss: 0.548404 | Train Acc: 89.12%
Val: loss=0.4002, acc=10468/10975 (95.38%)
Epoch 70 [0/84843] Loss: 0.355928
Epoch 70 [35000/84843] Loss: 0.606019
Epoch 70 [70000/84843] Loss: 0.599873
Epoch 70 - Avg Loss: 0.539698 | Train Acc: 89.41%
Val: loss=0.3936, acc=10495/10975 (95.63%)
saved best: 95.63%
Epoch 71 [0/84843] Loss: 0.610372
Epoch 71 [35000/84843] Loss: 0.355763
Epoch 71 [70000/84843] Loss: 0.424608
Epoch 71 - Avg Loss: 0.547512 | Train Acc: 89.07%
Val: loss=0.3894, acc=10523/10975 (95.88%)
saved best: 95.88%
Epoch 72 [0/84843] Loss: 0.400557
Epoch 72 [35000/84843] Loss: 0.505591
Epoch 72 [70000/84843] Loss: 0.390978
Epoch 72 - Avg Loss: 0.544077 | Train Acc: 89.33%
Val: loss=0.3905, acc=10496/10975 (95.64%)
Epoch 73 [0/84843] Loss: 0.441536
Epoch 73 [35000/84843] Loss: 0.369096
Epoch 73 [70000/84843] Loss: 0.608257
Epoch 73 - Avg Loss: 0.542824 | Train Acc: 89.31%
Val: loss=0.4029, acc=10469/10975 (95.39%)
Epoch 74 [0/84843] Loss: 0.955363
Epoch 74 [35000/84843] Loss: 0.533980
Epoch 74 [70000/84843] Loss: 0.457851
Epoch 74 - Avg Loss: 0.531094 | Train Acc: 89.77%
Val: loss=0.3971, acc=10482/10975 (95.51%)
Epoch 75 [0/84843] Loss: 0.715624
Epoch 75 [35000/84843] Loss: 0.532805
Epoch 75 [70000/84843] Loss: 0.458495
Epoch 75 - Avg Loss: 0.530812 | Train Acc: 89.81%
Val: loss=0.3979, acc=10476/10975 (95.45%)
Epoch 76 [0/84843] Loss: 0.587868
Epoch 76 [35000/84843] Loss: 0.417173
Epoch 76 [70000/84843] Loss: 0.612875
Epoch 76 - Avg Loss: 0.535884 | Train Acc: 89.53%
Val: loss=0.3904, acc=10511/10975 (95.77%)
Epoch 77 [0/84843] Loss: 0.436548
Epoch 77 [35000/84843] Loss: 0.367952
Epoch 77 [70000/84843] Loss: 0.535354
Epoch 77 - Avg Loss: 0.549717 | Train Acc: 89.00%
Val: loss=0.3918, acc=10486/10975 (95.54%)
Epoch 78 [0/84843] Loss: 0.427418
Epoch 78 [35000/84843] Loss: 0.556272
Epoch 78 [70000/84843] Loss: 0.553549
Epoch 78 - Avg Loss: 0.537207 | Train Acc: 89.59%
Val: loss=0.3927, acc=10497/10975 (95.64%)
Epoch 79 [0/84843] Loss: 0.497404
Epoch 79 [35000/84843] Loss: 0.328892
Epoch 79 [70000/84843] Loss: 0.304278
Epoch 79 - Avg Loss: 0.526862 | Train Acc: 89.88%
Val: loss=0.3843, acc=10532/10975 (95.96%)
saved best: 95.96%
Epoch 80 [0/84843] Loss: 0.606094
Epoch 80 [35000/84843] Loss: 0.622176
Epoch 80 [70000/84843] Loss: 0.406334
Epoch 80 - Avg Loss: 0.523144 | Train Acc: 90.13%
Val: loss=0.3888, acc=10517/10975 (95.83%)
Epoch 81 [0/84843] Loss: 0.661063
Epoch 81 [35000/84843] Loss: 0.587173
Epoch 81 [70000/84843] Loss: 0.735410
Epoch 81 - Avg Loss: 0.533407 | Train Acc: 89.64%
Val: loss=0.3930, acc=10489/10975 (95.57%)
Epoch 82 [0/84843] Loss: 0.323049
Epoch 82 [35000/84843] Loss: 0.608246
Epoch 82 [70000/84843] Loss: 0.607651
Epoch 82 - Avg Loss: 0.535511 | Train Acc: 89.68%
Val: loss=0.3841, acc=10522/10975 (95.87%)
Epoch 83 [0/84843] Loss: 0.332132
Epoch 83 [35000/84843] Loss: 0.422234
Epoch 83 [70000/84843] Loss: 0.371752
Epoch 83 - Avg Loss: 0.532205 | Train Acc: 89.63%
Val: loss=0.3862, acc=10522/10975 (95.87%)
Epoch 84 [0/84843] Loss: 0.435653
Epoch 84 [35000/84843] Loss: 0.440631
Epoch 84 [70000/84843] Loss: 0.605915
Epoch 84 - Avg Loss: 0.529379 | Train Acc: 89.87%
Val: loss=0.3908, acc=10517/10975 (95.83%)
Epoch 85 [0/84843] Loss: 0.603906
Epoch 85 [35000/84843] Loss: 0.613888
Epoch 85 [70000/84843] Loss: 0.774299
Epoch 85 - Avg Loss: 0.530920 | Train Acc: 89.78%
Val: loss=0.3840, acc=10533/10975 (95.97%)
saved best: 95.97%
Epoch 86 [0/84843] Loss: 0.340317
Epoch 86 [35000/84843] Loss: 1.058818
Epoch 86 [70000/84843] Loss: 0.771884
Epoch 86 - Avg Loss: 0.526811 | Train Acc: 89.93%
Val: loss=0.3811, acc=10560/10975 (96.22%)
saved best: 96.22%
Epoch 87 [0/84843] Loss: 0.389191
Epoch 87 [35000/84843] Loss: 0.356763
Epoch 87 [70000/84843] Loss: 0.331834
Epoch 87 - Avg Loss: 0.526319 | Train Acc: 89.88%
Val: loss=0.3837, acc=10541/10975 (96.05%)
Epoch 88 [0/84843] Loss: 0.647564
Epoch 88 [35000/84843] Loss: 0.616959
Epoch 88 [70000/84843] Loss: 0.402768
Epoch 88 - Avg Loss: 0.528067 | Train Acc: 89.88%
Val: loss=0.3831, acc=10536/10975 (96.00%)
Epoch 89 [0/84843] Loss: 0.675572
Epoch 89 [35000/84843] Loss: 0.478094
Epoch 89 [70000/84843] Loss: 0.324081
Epoch 89 - Avg Loss: 0.524205 | Train Acc: 89.94%
Val: loss=0.3843, acc=10536/10975 (96.00%)
Epoch 90 [0/84843] Loss: 0.423060
Epoch 90 [35000/84843] Loss: 0.470892
Epoch 90 [70000/84843] Loss: 0.595382
Epoch 90 - Avg Loss: 0.524504 | Train Acc: 89.97%
Val: loss=0.3848, acc=10542/10975 (96.05%)
Epoch 91 [0/84843] Loss: 0.649390
Epoch 91 [35000/84843] Loss: 0.372026
Epoch 91 [70000/84843] Loss: 0.521129
Epoch 91 - Avg Loss: 0.530952 | Train Acc: 89.65%
Val: loss=0.3806, acc=10540/10975 (96.04%)
Epoch 92 [0/84843] Loss: 0.437652
Epoch 92 [35000/84843] Loss: 0.506591
Epoch 92 [70000/84843] Loss: 0.472241
Epoch 92 - Avg Loss: 0.525159 | Train Acc: 89.98%
Val: loss=0.3924, acc=10471/10975 (95.41%)
Epoch 93 [0/84843] Loss: 0.639896
Epoch 93 [35000/84843] Loss: 0.676741
Epoch 93 [70000/84843] Loss: 0.542426
Epoch 93 - Avg Loss: 0.527051 | Train Acc: 89.86%
Val: loss=0.3769, acc=10551/10975 (96.14%)
Epoch 94 [0/84843] Loss: 0.405002
Epoch 94 [35000/84843] Loss: 0.384547
Epoch 94 [70000/84843] Loss: 0.420207
Epoch 94 - Avg Loss: 0.526935 | Train Acc: 89.86%
Val: loss=0.3817, acc=10553/10975 (96.15%)
Epoch 95 [0/84843] Loss: 0.627190
Epoch 95 [35000/84843] Loss: 0.533449
Epoch 95 [70000/84843] Loss: 0.443435
Epoch 95 - Avg Loss: 0.523689 | Train Acc: 89.94%
Val: loss=0.3879, acc=10523/10975 (95.88%)
Epoch 96 [0/84843] Loss: 0.389116
Epoch 96 [35000/84843] Loss: 0.408978
Epoch 96 [70000/84843] Loss: 0.762587
Epoch 96 - Avg Loss: 0.521297 | Train Acc: 90.14%
Val: loss=0.3904, acc=10502/10975 (95.69%)
Epoch 97 [0/84843] Loss: 0.521834
Epoch 97 [35000/84843] Loss: 0.508025
Epoch 97 [70000/84843] Loss: 0.394693
Epoch 97 - Avg Loss: 0.517547 | Train Acc: 90.42%
Val: loss=0.3806, acc=10537/10975 (96.01%)
Epoch 98 [0/84843] Loss: 0.503015
Epoch 98 [35000/84843] Loss: 0.433288
Epoch 98 [70000/84843] Loss: 0.583672
Epoch 98 - Avg Loss: 0.518364 | Train Acc: 90.27%
Val: loss=0.3889, acc=10514/10975 (95.80%)
Epoch 99 [0/84843] Loss: 0.600918
Epoch 99 [35000/84843] Loss: 0.581294
Epoch 99 [70000/84843] Loss: 0.620526
Epoch 99 - Avg Loss: 0.513450 | Train Acc: 90.41%
Val: loss=0.3874, acc=10514/10975 (95.80%)
Epoch 100 [0/84843] Loss: 0.419974
Epoch 100 [35000/84843] Loss: 0.481877
Epoch 100 [70000/84843] Loss: 0.464622
Epoch 100 - Avg Loss: 0.516022 | Train Acc: 90.32%
Val: loss=0.3910, acc=10492/10975 (95.60%)
Epoch 101 [0/84843] Loss: 0.804600
Epoch 101 [35000/84843] Loss: 0.407063
Epoch 101 [70000/84843] Loss: 0.535188
Epoch 101 - Avg Loss: 0.519530 | Train Acc: 90.15%
Val: loss=0.3798, acc=10561/10975 (96.23%)
saved best: 96.23%
Epoch 102 [0/84843] Loss: 0.433111
Epoch 102 [35000/84843] Loss: 0.348805
Epoch 102 [70000/84843] Loss: 0.863798
Epoch 102 - Avg Loss: 0.516587 | Train Acc: 90.31%
Val: loss=0.3856, acc=10520/10975 (95.85%)
Epoch 103 [0/84843] Loss: 0.707533
Epoch 103 [35000/84843] Loss: 0.835229
Epoch 103 [70000/84843] Loss: 0.392631
Epoch 103 - Avg Loss: 0.524595 | Train Acc: 89.92%
Val: loss=0.3852, acc=10510/10975 (95.76%)
Epoch 104 [0/84843] Loss: 0.580828
Epoch 104 [35000/84843] Loss: 0.663702
Epoch 104 [70000/84843] Loss: 0.383135
Epoch 104 - Avg Loss: 0.515741 | Train Acc: 90.33%
Val: loss=0.3845, acc=10523/10975 (95.88%)
Epoch 105 [0/84843] Loss: 0.772313
Epoch 105 [35000/84843] Loss: 0.674775
Epoch 105 [70000/84843] Loss: 0.710268
Epoch 105 - Avg Loss: 0.515883 | Train Acc: 90.30%
Val: loss=0.3852, acc=10515/10975 (95.81%)
Epoch 106 [0/84843] Loss: 0.374694
Epoch 106 [35000/84843] Loss: 0.608684
Epoch 106 [70000/84843] Loss: 0.394563
Epoch 106 - Avg Loss: 0.513015 | Train Acc: 90.39%
Val: loss=0.3799, acc=10547/10975 (96.10%)
Epoch 107 [0/84843] Loss: 0.660929
Epoch 107 [35000/84843] Loss: 0.603716
Epoch 107 [70000/84843] Loss: 0.327124
Epoch 107 - Avg Loss: 0.514655 | Train Acc: 90.32%
Val: loss=0.3806, acc=10535/10975 (95.99%)
Epoch 108 [0/84843] Loss: 0.289153
Epoch 108 [35000/84843] Loss: 0.666956
Epoch 108 [70000/84843] Loss: 0.623158
Epoch 108 - Avg Loss: 0.507983 | Train Acc: 90.69%
Val: loss=0.3791, acc=10540/10975 (96.04%)
Epoch 109 [0/84843] Loss: 0.346714
Epoch 109 [35000/84843] Loss: 0.936239
Epoch 109 [70000/84843] Loss: 0.736938
Epoch 109 - Avg Loss: 0.515306 | Train Acc: 90.28%
Val: loss=0.3809, acc=10542/10975 (96.05%)
Epoch 110 [0/84843] Loss: 0.326725
Epoch 110 [35000/84843] Loss: 0.423310
Epoch 110 [70000/84843] Loss: 0.391476
Epoch 110 - Avg Loss: 0.519043 | Train Acc: 90.16%
Val: loss=0.3810, acc=10535/10975 (95.99%)
Epoch 111 [0/84843] Loss: 0.350106
Epoch 111 [35000/84843] Loss: 0.597904
Epoch 111 [70000/84843] Loss: 0.471556
Epoch 111 - Avg Loss: 0.516566 | Train Acc: 90.29%
Val: loss=0.3889, acc=10511/10975 (95.77%)
Epoch 112 [0/84843] Loss: 0.585865
Epoch 112 [35000/84843] Loss: 0.870742
Epoch 112 [70000/84843] Loss: 0.546599
Epoch 112 - Avg Loss: 0.504712 | Train Acc: 90.74%
Val: loss=0.3784, acc=10554/10975 (96.16%)
Epoch 113 [0/84843] Loss: 0.515909
Epoch 113 [35000/84843] Loss: 0.496270
Epoch 113 [70000/84843] Loss: 0.763024
Epoch 113 - Avg Loss: 0.513192 | Train Acc: 90.44%
Val: loss=0.3841, acc=10524/10975 (95.89%)
Epoch 114 [0/84843] Loss: 0.359352
Epoch 114 [35000/84843] Loss: 0.346263
Epoch 114 [70000/84843] Loss: 0.658315
Epoch 114 - Avg Loss: 0.511954 | Train Acc: 90.43%
Val: loss=0.3858, acc=10515/10975 (95.81%)
Epoch 115 [0/84843] Loss: 0.401769
Epoch 115 [35000/84843] Loss: 0.575021
Epoch 115 [70000/84843] Loss: 0.493341
Epoch 115 - Avg Loss: 0.513022 | Train Acc: 90.44%
Val: loss=0.3847, acc=10512/10975 (95.78%)
Epoch 116 [0/84843] Loss: 0.344176
Epoch 116 [35000/84843] Loss: 0.559256
Epoch 116 [70000/84843] Loss: 0.311383
Epoch 116 - Avg Loss: 0.510665 | Train Acc: 90.54%
Val: loss=0.3812, acc=10532/10975 (95.96%)
Epoch 117 [0/84843] Loss: 0.320640
Epoch 117 [35000/84843] Loss: 0.593203
Epoch 117 [70000/84843] Loss: 0.627077
Epoch 117 - Avg Loss: 0.511270 | Train Acc: 90.51%
Val: loss=0.3815, acc=10551/10975 (96.14%)
Epoch 118 [0/84843] Loss: 0.872130
Epoch 118 [35000/84843] Loss: 0.357729
Epoch 118 [70000/84843] Loss: 0.541934
Epoch 118 - Avg Loss: 0.513599 | Train Acc: 90.36%
Val: loss=0.3825, acc=10530/10975 (95.95%)
Epoch 119 [0/84843] Loss: 0.355128
Epoch 119 [35000/84843] Loss: 0.579980
Epoch 119 [70000/84843] Loss: 0.372591
Epoch 119 - Avg Loss: 0.513883 | Train Acc: 90.37%
Val: loss=0.3752, acc=10560/10975 (96.22%)
Epoch 120 [0/84843] Loss: 0.459788
Epoch 120 [35000/84843] Loss: 0.564841
Epoch 120 [70000/84843] Loss: 0.609937
Epoch 120 - Avg Loss: 0.510739 | Train Acc: 90.48%
Val: loss=0.3776, acc=10557/10975 (96.19%)
Epoch 121 [0/84843] Loss: 0.835540
Epoch 121 [35000/84843] Loss: 0.578648
Epoch 121 [70000/84843] Loss: 0.651212
Epoch 121 - Avg Loss: 0.503374 | Train Acc: 90.85%
Val: loss=0.3834, acc=10542/10975 (96.05%)
Epoch 122 [0/84843] Loss: 0.388132
Epoch 122 [35000/84843] Loss: 0.334575
Epoch 122 [70000/84843] Loss: 0.368726
Epoch 122 - Avg Loss: 0.505492 | Train Acc: 90.76%
Val: loss=0.3818, acc=10523/10975 (95.88%)
Epoch 123 [0/84843] Loss: 0.374979
Epoch 123 [35000/84843] Loss: 0.497841
Epoch 123 [70000/84843] Loss: 0.647621
Epoch 123 - Avg Loss: 0.506174 | Train Acc: 90.67%
Val: loss=0.3834, acc=10528/10975 (95.93%)
Epoch 124 [0/84843] Loss: 0.430005
Epoch 124 [35000/84843] Loss: 0.360874
Epoch 124 [70000/84843] Loss: 0.421637
Epoch 124 - Avg Loss: 0.505016 | Train Acc: 90.70%
Val: loss=0.3883, acc=10512/10975 (95.78%)
Epoch 125 [0/84843] Loss: 0.815056
Epoch 125 [35000/84843] Loss: 0.397983
Epoch 125 [70000/84843] Loss: 0.555016
Epoch 125 - Avg Loss: 0.512596 | Train Acc: 90.42%
Val: loss=0.3829, acc=10546/10975 (96.09%)
Epoch 126 [0/84843] Loss: 0.423598
Epoch 126 [35000/84843] Loss: 0.322325
Epoch 126 [70000/84843] Loss: 0.428658
Epoch 126 - Avg Loss: 0.506189 | Train Acc: 90.68%
Val: loss=0.3833, acc=10521/10975 (95.86%)
Epoch 127 [0/84843] Loss: 0.530232
Epoch 127 [35000/84843] Loss: 0.973742
Epoch 127 [70000/84843] Loss: 0.423179
Epoch 127 - Avg Loss: 0.514315 | Train Acc: 90.36%
Val: loss=0.3871, acc=10505/10975 (95.72%)
Epoch 128 [0/84843] Loss: 0.593600
Epoch 128 [35000/84843] Loss: 0.659267
Epoch 128 [70000/84843] Loss: 0.575405
Epoch 128 - Avg Loss: 0.507494 | Train Acc: 90.60%
Val: loss=0.3827, acc=10527/10975 (95.92%)
Epoch 129 [0/84843] Loss: 0.720273
Epoch 129 [35000/84843] Loss: 0.734941
Epoch 129 [70000/84843] Loss: 0.429846
Epoch 129 - Avg Loss: 0.506097 | Train Acc: 90.59%
Val: loss=0.3898, acc=10504/10975 (95.71%)
Epoch 130 [0/84843] Loss: 0.589999
Epoch 130 [35000/84843] Loss: 0.740142
Epoch 130 [70000/84843] Loss: 0.661013
Epoch 130 - Avg Loss: 0.508335 | Train Acc: 90.52%
Val: loss=0.3752, acc=10569/10975 (96.30%)
saved best: 96.30%
Epoch 131 [0/84843] Loss: 0.578019
Epoch 131 [35000/84843] Loss: 0.409830
Epoch 131 [70000/84843] Loss: 0.626680
Epoch 131 - Avg Loss: 0.501847 | Train Acc: 90.84%
Val: loss=0.3843, acc=10526/10975 (95.91%)
Epoch 132 [0/84843] Loss: 0.458959
Epoch 132 [35000/84843] Loss: 0.387021
Epoch 132 [70000/84843] Loss: 0.663683
Epoch 132 - Avg Loss: 0.510124 | Train Acc: 90.56%
Val: loss=0.3776, acc=10553/10975 (96.15%)
Epoch 133 [0/84843] Loss: 0.492083
Epoch 133 [35000/84843] Loss: 0.861365
Epoch 133 [70000/84843] Loss: 0.344900
Epoch 133 - Avg Loss: 0.502856 | Train Acc: 90.80%
Val: loss=0.3770, acc=10565/10975 (96.26%)
Epoch 134 [0/84843] Loss: 0.333686
Epoch 134 [35000/84843] Loss: 0.636752
Epoch 134 [70000/84843] Loss: 0.688633
Epoch 134 - Avg Loss: 0.496860 | Train Acc: 91.11%
Val: loss=0.3770, acc=10550/10975 (96.13%)
Epoch 135 [0/84843] Loss: 0.488568
Epoch 135 [35000/84843] Loss: 0.640495
Epoch 135 [70000/84843] Loss: 0.686211
Epoch 135 - Avg Loss: 0.512817 | Train Acc: 90.36%
Val: loss=0.3786, acc=10546/10975 (96.09%)
Epoch 136 [0/84843] Loss: 0.411964
Epoch 136 [35000/84843] Loss: 0.304660
Epoch 136 [70000/84843] Loss: 0.373555
Epoch 136 - Avg Loss: 0.511271 | Train Acc: 90.48%
Val: loss=0.3802, acc=10553/10975 (96.15%)
Epoch 137 [0/84843] Loss: 0.340381
Epoch 137 [35000/84843] Loss: 0.377075
Epoch 137 [70000/84843] Loss: 1.006720
Epoch 137 - Avg Loss: 0.504738 | Train Acc: 90.79%
Val: loss=0.3816, acc=10548/10975 (96.11%)
Epoch 138 [0/84843] Loss: 0.782336
Epoch 138 [35000/84843] Loss: 0.419235
Epoch 138 [70000/84843] Loss: 0.747192
Epoch 138 - Avg Loss: 0.508512 | Train Acc: 90.62%
Val: loss=0.3801, acc=10556/10975 (96.18%)
Epoch 139 [0/84843] Loss: 0.586116
Epoch 139 [35000/84843] Loss: 0.381982
Epoch 139 [70000/84843] Loss: 0.491843
Epoch 139 - Avg Loss: 0.498794 | Train Acc: 90.94%
Val: loss=0.3805, acc=10541/10975 (96.05%)
Epoch 140 [0/84843] Loss: 0.314141
Epoch 140 [35000/84843] Loss: 0.642237
Epoch 140 [70000/84843] Loss: 0.407685
Epoch 140 - Avg Loss: 0.498704 | Train Acc: 90.89%
Val: loss=0.3844, acc=10542/10975 (96.05%)
Epoch 141 [0/84843] Loss: 0.715261
Epoch 141 [35000/84843] Loss: 0.444464
Epoch 141 [70000/84843] Loss: 0.363724
Epoch 141 - Avg Loss: 0.504185 | Train Acc: 90.72%
Val: loss=0.3784, acc=10546/10975 (96.09%)
Epoch 142 [0/84843] Loss: 0.594123
Epoch 142 [35000/84843] Loss: 0.734812
Epoch 142 [70000/84843] Loss: 0.874074
Epoch 142 - Avg Loss: 0.501473 | Train Acc: 90.92%
Val: loss=0.3782, acc=10553/10975 (96.15%)
Epoch 143 [0/84843] Loss: 0.553843
Epoch 143 [35000/84843] Loss: 0.503207
Epoch 143 [70000/84843] Loss: 0.299716
Epoch 143 - Avg Loss: 0.503910 | Train Acc: 90.78%
Val: loss=0.3811, acc=10552/10975 (96.15%)
Epoch 144 [0/84843] Loss: 0.452000
Epoch 144 [35000/84843] Loss: 0.508725
Epoch 144 [70000/84843] Loss: 0.623011
Epoch 144 - Avg Loss: 0.504649 | Train Acc: 90.71%
Val: loss=0.3813, acc=10532/10975 (95.96%)
Epoch 145 [0/84843] Loss: 0.524723
Epoch 145 [35000/84843] Loss: 0.549945
Epoch 145 [70000/84843] Loss: 0.484193
Epoch 145 - Avg Loss: 0.504819 | Train Acc: 90.71%
Val: loss=0.3788, acc=10552/10975 (96.15%)
Epoch 146 [0/84843] Loss: 0.395808
Epoch 146 [35000/84843] Loss: 0.439021
Epoch 146 [70000/84843] Loss: 0.447294
Epoch 146 - Avg Loss: 0.504285 | Train Acc: 90.78%
Val: loss=0.3739, acc=10562/10975 (96.24%)
Epoch 147 [0/84843] Loss: 0.468175
Epoch 147 [35000/84843] Loss: 0.548087
Epoch 147 [70000/84843] Loss: 0.425703
Epoch 147 - Avg Loss: 0.501831 | Train Acc: 90.93%
Val: loss=0.3782, acc=10547/10975 (96.10%)
Epoch 148 [0/84843] Loss: 0.441337
Epoch 148 [35000/84843] Loss: 0.309733
Epoch 148 [70000/84843] Loss: 0.379802
Epoch 148 - Avg Loss: 0.489248 | Train Acc: 91.41%
Val: loss=0.3778, acc=10553/10975 (96.15%)
Epoch 149 [0/84843] Loss: 0.678538
Epoch 149 [35000/84843] Loss: 0.340130
Epoch 149 [70000/84843] Loss: 0.739363
Epoch 149 - Avg Loss: 0.502830 | Train Acc: 90.79%
Val: loss=0.3749, acc=10554/10975 (96.16%)
Epoch 150 [0/84843] Loss: 0.825113
Epoch 150 [35000/84843] Loss: 0.709789
Epoch 150 [70000/84843] Loss: 0.483577
Epoch 150 - Avg Loss: 0.501806 | Train Acc: 90.82%
Val: loss=0.3839, acc=10523/10975 (95.88%)
Epoch 151 [0/84843] Loss: 0.432482
Epoch 151 [35000/84843] Loss: 0.357593
Epoch 151 [70000/84843] Loss: 0.345988
Epoch 151 - Avg Loss: 0.502490 | Train Acc: 90.77%
Val: loss=0.3794, acc=10549/10975 (96.12%)
Epoch 152 [0/84843] Loss: 0.548049
Epoch 152 [35000/84843] Loss: 0.663139
Epoch 152 [70000/84843] Loss: 0.423950
Epoch 152 - Avg Loss: 0.496702 | Train Acc: 91.04%
Val: loss=0.3771, acc=10549/10975 (96.12%)
Epoch 153 [0/84843] Loss: 0.837076
Epoch 153 [35000/84843] Loss: 0.325852
Epoch 153 [70000/84843] Loss: 0.389505
Epoch 153 - Avg Loss: 0.500800 | Train Acc: 90.81%
Val: loss=0.3745, acc=10578/10975 (96.38%)
saved best: 96.38%
Epoch 154 [0/84843] Loss: 0.803126
Epoch 154 [35000/84843] Loss: 0.399333
Epoch 154 [70000/84843] Loss: 0.896393
Epoch 154 - Avg Loss: 0.505886 | Train Acc: 90.68%
Val: loss=0.3754, acc=10550/10975 (96.13%)
Epoch 155 [0/84843] Loss: 0.418080
Epoch 155 [35000/84843] Loss: 0.371119
Epoch 155 [70000/84843] Loss: 0.466876
Epoch 155 - Avg Loss: 0.493052 | Train Acc: 91.20%
Val: loss=0.3768, acc=10563/10975 (96.25%)
Epoch 156 [0/84843] Loss: 0.416637
Epoch 156 [35000/84843] Loss: 0.499641
Epoch 156 [70000/84843] Loss: 0.481156
Epoch 156 - Avg Loss: 0.489857 | Train Acc: 91.30%
Val: loss=0.3781, acc=10550/10975 (96.13%)
Epoch 157 [0/84843] Loss: 0.445265
Epoch 157 [35000/84843] Loss: 0.460611
Epoch 157 [70000/84843] Loss: 0.672274
Epoch 157 - Avg Loss: 0.501742 | Train Acc: 90.83%
Val: loss=0.3864, acc=10528/10975 (95.93%)
Epoch 158 [0/84843] Loss: 0.325447
Epoch 158 [35000/84843] Loss: 0.697113
Epoch 158 [70000/84843] Loss: 0.482921
Epoch 158 - Avg Loss: 0.501828 | Train Acc: 90.69%
Val: loss=0.3755, acc=10556/10975 (96.18%)
Epoch 159 [0/84843] Loss: 0.404995
Epoch 159 [35000/84843] Loss: 0.422162
Epoch 159 [70000/84843] Loss: 0.374634
Epoch 159 - Avg Loss: 0.501317 | Train Acc: 90.81%
Val: loss=0.3799, acc=10554/10975 (96.16%)
Epoch 160 [0/84843] Loss: 0.404940
Epoch 160 [35000/84843] Loss: 0.489120
Epoch 160 [70000/84843] Loss: 0.449635
Epoch 160 - Avg Loss: 0.499695 | Train Acc: 90.84%
Val: loss=0.3807, acc=10538/10975 (96.02%)
Epoch 161 [0/84843] Loss: 0.666331
Epoch 161 [35000/84843] Loss: 0.353957
Epoch 161 [70000/84843] Loss: 0.419925
Epoch 161 - Avg Loss: 0.489252 | Train Acc: 91.29%
Val: loss=0.3755, acc=10558/10975 (96.20%)
Epoch 162 [0/84843] Loss: 0.389439
Epoch 162 [35000/84843] Loss: 0.491627
Epoch 162 [70000/84843] Loss: 0.302275
Epoch 162 - Avg Loss: 0.491662 | Train Acc: 91.16%
Val: loss=0.3765, acc=10562/10975 (96.24%)
Epoch 163 [0/84843] Loss: 0.821920
Epoch 163 [35000/84843] Loss: 0.387238
Epoch 163 [70000/84843] Loss: 0.292409
Epoch 163 - Avg Loss: 0.490489 | Train Acc: 91.38%
Val: loss=0.3736, acc=10578/10975 (96.38%)
Epoch 164 [0/84843] Loss: 0.316990
Epoch 164 [35000/84843] Loss: 0.447412
Epoch 164 [70000/84843] Loss: 0.530749
Epoch 164 - Avg Loss: 0.496408 | Train Acc: 91.05%
Val: loss=0.3715, acc=10572/10975 (96.33%)
Epoch 165 [0/84843] Loss: 0.752871
Epoch 165 [35000/84843] Loss: 0.530764
Epoch 165 [70000/84843] Loss: 0.741430
Epoch 165 - Avg Loss: 0.501145 | Train Acc: 90.78%
Val: loss=0.3767, acc=10562/10975 (96.24%)
Epoch 166 [0/84843] Loss: 0.526894
Epoch 166 [35000/84843] Loss: 0.457793
Epoch 166 [70000/84843] Loss: 0.309025
Epoch 166 - Avg Loss: 0.493592 | Train Acc: 91.10%
Val: loss=0.3738, acc=10569/10975 (96.30%)
Epoch 167 [0/84843] Loss: 0.788614
Epoch 167 [35000/84843] Loss: 0.623860
Epoch 167 [70000/84843] Loss: 0.669521
Epoch 167 - Avg Loss: 0.494593 | Train Acc: 91.15%
Val: loss=0.3765, acc=10558/10975 (96.20%)
Epoch 168 [0/84843] Loss: 0.461947
Epoch 168 [35000/84843] Loss: 0.454933
Epoch 168 [70000/84843] Loss: 0.468770
Epoch 168 - Avg Loss: 0.491112 | Train Acc: 91.27%
Val: loss=0.3719, acc=10573/10975 (96.34%)
Epoch 169 [0/84843] Loss: 0.374476
Epoch 169 [35000/84843] Loss: 0.628609
Epoch 169 [70000/84843] Loss: 0.301486
Epoch 169 - Avg Loss: 0.495955 | Train Acc: 91.03%
Val: loss=0.3811, acc=10540/10975 (96.04%)
Epoch 170 [0/84843] Loss: 0.601842
Epoch 170 [35000/84843] Loss: 0.453010
Epoch 170 [70000/84843] Loss: 0.384402
Epoch 170 - Avg Loss: 0.490788 | Train Acc: 91.28%
Val: loss=0.3732, acc=10564/10975 (96.26%)
Epoch 171 [0/84843] Loss: 0.748369
Epoch 171 [35000/84843] Loss: 0.339790
Epoch 171 [70000/84843] Loss: 0.708715
Epoch 171 - Avg Loss: 0.493120 | Train Acc: 91.20%
Val: loss=0.3717, acc=10567/10975 (96.28%)
Epoch 172 [0/84843] Loss: 0.430791
Epoch 172 [35000/84843] Loss: 0.727984
Epoch 172 [70000/84843] Loss: 0.310033
Epoch 172 - Avg Loss: 0.491348 | Train Acc: 91.32%
Val: loss=0.3766, acc=10561/10975 (96.23%)
Epoch 173 [0/84843] Loss: 0.403657
Epoch 173 [35000/84843] Loss: 0.424992
Epoch 173 [70000/84843] Loss: 0.561769
Epoch 173 - Avg Loss: 0.497841 | Train Acc: 91.00%
Val: loss=0.3757, acc=10567/10975 (96.28%)
Epoch 174 [0/84843] Loss: 0.375719
Epoch 174 [35000/84843] Loss: 0.348077
Epoch 174 [70000/84843] Loss: 0.603617
Epoch 174 - Avg Loss: 0.491226 | Train Acc: 91.28%
Val: loss=0.3674, acc=10595/10975 (96.54%)
saved best: 96.54%
Epoch 175 [0/84843] Loss: 0.661242
Epoch 175 [35000/84843] Loss: 0.371802
Epoch 175 [70000/84843] Loss: 0.712639
Epoch 175 - Avg Loss: 0.497248 | Train Acc: 91.04%
Val: loss=0.3811, acc=10540/10975 (96.04%)
Epoch 176 [0/84843] Loss: 0.462498
Epoch 176 [35000/84843] Loss: 0.547350
Epoch 176 [70000/84843] Loss: 0.407350
Epoch 176 - Avg Loss: 0.491866 | Train Acc: 91.24%
Val: loss=0.3770, acc=10554/10975 (96.16%)
Epoch 177 [0/84843] Loss: 0.396626
Epoch 177 [35000/84843] Loss: 0.392932
Epoch 177 [70000/84843] Loss: 0.604966
Epoch 177 - Avg Loss: 0.498308 | Train Acc: 90.97%
Val: loss=0.3724, acc=10568/10975 (96.29%)
Epoch 178 [0/84843] Loss: 0.507362
Epoch 178 [35000/84843] Loss: 0.886182
Epoch 178 [70000/84843] Loss: 0.981009
Epoch 178 - Avg Loss: 0.494344 | Train Acc: 91.07%
Val: loss=0.3674, acc=10584/10975 (96.44%)
Epoch 179 [0/84843] Loss: 0.291617
Epoch 179 [35000/84843] Loss: 0.513548
Epoch 179 [70000/84843] Loss: 0.451218
Epoch 179 - Avg Loss: 0.489124 | Train Acc: 91.25%
Val: loss=0.3689, acc=10588/10975 (96.47%)
Epoch 180 [0/84843] Loss: 0.498239
Epoch 180 [35000/84843] Loss: 0.340557
Epoch 180 [70000/84843] Loss: 0.460967
Epoch 180 - Avg Loss: 0.484853 | Train Acc: 91.53%
Val: loss=0.3754, acc=10552/10975 (96.15%)
Epoch 181 [0/84843] Loss: 0.631113
Epoch 181 [35000/84843] Loss: 0.859212
Epoch 181 [70000/84843] Loss: 0.349065
Epoch 181 - Avg Loss: 0.493578 | Train Acc: 91.06%
Val: loss=0.3724, acc=10573/10975 (96.34%)
Epoch 182 [0/84843] Loss: 0.314394
Epoch 182 [35000/84843] Loss: 0.499925
Epoch 182 [70000/84843] Loss: 0.452766
Epoch 182 - Avg Loss: 0.496340 | Train Acc: 91.03%
Val: loss=0.3745, acc=10577/10975 (96.37%)
Epoch 183 [0/84843] Loss: 0.326113
Epoch 183 [35000/84843] Loss: 0.481846
Epoch 183 [70000/84843] Loss: 0.751406
Epoch 183 - Avg Loss: 0.490139 | Train Acc: 91.30%
Val: loss=0.3758, acc=10563/10975 (96.25%)
Epoch 184 [0/84843] Loss: 0.833655
Epoch 184 [35000/84843] Loss: 0.457661
Epoch 184 [70000/84843] Loss: 0.383323
Epoch 184 - Avg Loss: 0.481026 | Train Acc: 91.65%
Val: loss=0.3690, acc=10580/10975 (96.40%)
Epoch 185 [0/84843] Loss: 0.531868
Epoch 185 [35000/84843] Loss: 0.313674
Epoch 185 [70000/84843] Loss: 0.345055
Epoch 185 - Avg Loss: 0.488553 | Train Acc: 91.35%
Val: loss=0.3754, acc=10571/10975 (96.32%)
Epoch 186 [0/84843] Loss: 0.588302
Epoch 186 [35000/84843] Loss: 0.598134
Epoch 186 [70000/84843] Loss: 0.640189
Epoch 186 - Avg Loss: 0.486654 | Train Acc: 91.45%
Val: loss=0.3694, acc=10580/10975 (96.40%)
Epoch 187 [0/84843] Loss: 0.376790
Epoch 187 [35000/84843] Loss: 0.381511
Epoch 187 [70000/84843] Loss: 0.498960
Epoch 187 - Avg Loss: 0.488510 | Train Acc: 91.34%
Val: loss=0.3776, acc=10534/10975 (95.98%)
Epoch 188 [0/84843] Loss: 0.405358
Epoch 188 [35000/84843] Loss: 0.711191
Epoch 188 [70000/84843] Loss: 0.756201
Epoch 188 - Avg Loss: 0.496008 | Train Acc: 91.01%
Val: loss=0.3711, acc=10573/10975 (96.34%)
Epoch 189 [0/84843] Loss: 0.502483
Epoch 189 [35000/84843] Loss: 0.337791
Epoch 189 [70000/84843] Loss: 0.414764
Epoch 189 - Avg Loss: 0.492090 | Train Acc: 91.19%
Val: loss=0.3712, acc=10579/10975 (96.39%)
Epoch 190 [0/84843] Loss: 0.655566
Epoch 190 [35000/84843] Loss: 0.741079
Epoch 190 [70000/84843] Loss: 0.294853
Epoch 190 - Avg Loss: 0.491829 | Train Acc: 91.14%
Val: loss=0.3722, acc=10581/10975 (96.41%)
Epoch 191 [0/84843] Loss: 0.336453
Epoch 191 [35000/84843] Loss: 0.661418
Epoch 191 [70000/84843] Loss: 0.429079
Epoch 191 - Avg Loss: 0.491686 | Train Acc: 91.24%
Val: loss=0.3705, acc=10562/10975 (96.24%)
Epoch 192 [0/84843] Loss: 0.756831
Epoch 192 [35000/84843] Loss: 0.535119
Epoch 192 [70000/84843] Loss: 0.365524
Epoch 192 - Avg Loss: 0.487511 | Train Acc: 91.33%
Val: loss=0.3744, acc=10554/10975 (96.16%)
Epoch 193 [0/84843] Loss: 0.796931
Epoch 193 [35000/84843] Loss: 0.404371
Epoch 193 [70000/84843] Loss: 0.296798
Epoch 193 - Avg Loss: 0.488376 | Train Acc: 91.38%
Val: loss=0.3715, acc=10565/10975 (96.26%)
Epoch 194 [0/84843] Loss: 0.502128
Epoch 194 [35000/84843] Loss: 0.322901
Epoch 194 [70000/84843] Loss: 0.307714
Epoch 194 - Avg Loss: 0.487744 | Train Acc: 91.44%
Val: loss=0.3607, acc=10617/10975 (96.74%)
saved best: 96.74%
Epoch 195 [0/84843] Loss: 0.613827
Epoch 195 [35000/84843] Loss: 0.301200
Epoch 195 [70000/84843] Loss: 0.540009
Epoch 195 - Avg Loss: 0.489929 | Train Acc: 91.31%
Val: loss=0.3701, acc=10589/10975 (96.48%)
Epoch 196 [0/84843] Loss: 0.352497
Epoch 196 [35000/84843] Loss: 0.670962
Epoch 196 [70000/84843] Loss: 0.446523
Epoch 196 - Avg Loss: 0.489144 | Train Acc: 91.29%
Val: loss=0.3754, acc=10562/10975 (96.24%)
Epoch 197 [0/84843] Loss: 0.365470
Epoch 197 [35000/84843] Loss: 0.746851
Epoch 197 [70000/84843] Loss: 0.516922
Epoch 197 - Avg Loss: 0.486217 | Train Acc: 91.45%
Val: loss=0.3701, acc=10584/10975 (96.44%)
Epoch 198 [0/84843] Loss: 0.598483
Epoch 198 [35000/84843] Loss: 0.641053
Epoch 198 [70000/84843] Loss: 0.695933
Epoch 198 - Avg Loss: 0.486167 | Train Acc: 91.41%
Val: loss=0.3749, acc=10560/10975 (96.22%)
Epoch 199 [0/84843] Loss: 0.684236
Epoch 199 [35000/84843] Loss: 0.285024
Epoch 199 [70000/84843] Loss: 0.725649
Epoch 199 - Avg Loss: 0.485740 | Train Acc: 91.49%
Val: loss=0.3721, acc=10587/10975 (96.46%)
Epoch 200 [0/84843] Loss: 0.570645
Epoch 200 [35000/84843] Loss: 0.415252
Epoch 200 [70000/84843] Loss: 0.596607
Epoch 200 - Avg Loss: 0.484224 | Train Acc: 91.37%
Val: loss=0.3751, acc=10557/10975 (96.19%)
Epoch 201 [0/84843] Loss: 0.497961
Epoch 201 [35000/84843] Loss: 0.580467
Epoch 201 [70000/84843] Loss: 0.430405
Epoch 201 - Avg Loss: 0.484622 | Train Acc: 91.46%
Val: loss=0.3767, acc=10551/10975 (96.14%)
Epoch 202 [0/84843] Loss: 0.725791
Epoch 202 [35000/84843] Loss: 0.384522
Epoch 202 [70000/84843] Loss: 0.554302
Epoch 202 - Avg Loss: 0.482931 | Train Acc: 91.60%
Val: loss=0.3691, acc=10587/10975 (96.46%)
Epoch 203 [0/84843] Loss: 0.311804
Epoch 203 [35000/84843] Loss: 0.523417
Epoch 203 [70000/84843] Loss: 0.576560
Epoch 203 - Avg Loss: 0.480910 | Train Acc: 91.63%
Val: loss=0.3673, acc=10608/10975 (96.66%)
Epoch 204 [0/84843] Loss: 0.627433
Epoch 204 [35000/84843] Loss: 0.349797
Epoch 204 [70000/84843] Loss: 0.615757
Epoch 204 - Avg Loss: 0.484954 | Train Acc: 91.43%
Val: loss=0.3692, acc=10588/10975 (96.47%)
Epoch 205 [0/84843] Loss: 0.309292
Epoch 205 [35000/84843] Loss: 0.449484
Epoch 205 [70000/84843] Loss: 0.307327
Epoch 205 - Avg Loss: 0.481337 | Train Acc: 91.61%
Val: loss=0.3642, acc=10609/10975 (96.67%)
Epoch 206 [0/84843] Loss: 0.353507
Epoch 206 [35000/84843] Loss: 0.826973
Epoch 206 [70000/84843] Loss: 0.380110
Epoch 206 - Avg Loss: 0.480712 | Train Acc: 91.63%
Val: loss=0.3652, acc=10592/10975 (96.51%)
Epoch 207 [0/84843] Loss: 0.351298
Epoch 207 [35000/84843] Loss: 0.462856
Epoch 207 [70000/84843] Loss: 0.560542
Epoch 207 - Avg Loss: 0.481528 | Train Acc: 91.50%
Val: loss=0.3699, acc=10577/10975 (96.37%)
Epoch 208 [0/84843] Loss: 0.394158
Epoch 208 [35000/84843] Loss: 0.874824
Epoch 208 [70000/84843] Loss: 0.548102
Epoch 208 - Avg Loss: 0.480547 | Train Acc: 91.68%
Val: loss=0.3740, acc=10565/10975 (96.26%)
Epoch 209 [0/84843] Loss: 0.405421
Epoch 209 [35000/84843] Loss: 0.689105
Epoch 209 [70000/84843] Loss: 0.328620
Epoch 209 - Avg Loss: 0.478653 | Train Acc: 91.65%
Val: loss=0.3680, acc=10583/10975 (96.43%)
Epoch 210 [0/84843] Loss: 0.571035
Epoch 210 [35000/84843] Loss: 0.419504
Epoch 210 [70000/84843] Loss: 0.410500
Epoch 210 - Avg Loss: 0.481433 | Train Acc: 91.54%
Val: loss=0.3699, acc=10585/10975 (96.45%)
Epoch 211 [0/84843] Loss: 0.277871
Epoch 211 [35000/84843] Loss: 0.355942
Epoch 211 [70000/84843] Loss: 0.680950
Epoch 211 - Avg Loss: 0.483571 | Train Acc: 91.47%
Val: loss=0.3680, acc=10580/10975 (96.40%)
Epoch 212 [0/84843] Loss: 0.349737
Epoch 212 [35000/84843] Loss: 0.294897
Epoch 212 [70000/84843] Loss: 0.496018
Epoch 212 - Avg Loss: 0.483488 | Train Acc: 91.46%
Val: loss=0.3730, acc=10573/10975 (96.34%)
Epoch 213 [0/84843] Loss: 0.391206
Epoch 213 [35000/84843] Loss: 0.422534
Epoch 213 [70000/84843] Loss: 0.579785
Epoch 213 - Avg Loss: 0.475638 | Train Acc: 91.81%
Val: loss=0.3666, acc=10598/10975 (96.56%)
Epoch 214 [0/84843] Loss: 0.365543
Epoch 214 [35000/84843] Loss: 0.466325
Epoch 214 [70000/84843] Loss: 0.374321
Epoch 214 - Avg Loss: 0.481241 | Train Acc: 91.61%
Val: loss=0.3668, acc=10605/10975 (96.63%)
Epoch 215 [0/84843] Loss: 0.374577
Epoch 215 [35000/84843] Loss: 0.601875
Epoch 215 [70000/84843] Loss: 0.382323
Epoch 215 - Avg Loss: 0.484454 | Train Acc: 91.40%
Val: loss=0.3710, acc=10578/10975 (96.38%)
Epoch 216 [0/84843] Loss: 0.330803
Epoch 216 [35000/84843] Loss: 0.547208
Epoch 216 [70000/84843] Loss: 0.527253
Epoch 216 - Avg Loss: 0.476692 | Train Acc: 91.82%
Val: loss=0.3648, acc=10592/10975 (96.51%)
Epoch 217 [0/84843] Loss: 0.520838
Epoch 217 [35000/84843] Loss: 0.346381
Epoch 217 [70000/84843] Loss: 0.758439
Epoch 217 - Avg Loss: 0.484082 | Train Acc: 91.46%
Val: loss=0.3679, acc=10598/10975 (96.56%)
Epoch 218 [0/84843] Loss: 0.522710
Epoch 218 [35000/84843] Loss: 0.522264
Epoch 218 [70000/84843] Loss: 0.329334
Epoch 218 - Avg Loss: 0.482521 | Train Acc: 91.41%
Val: loss=0.3697, acc=10598/10975 (96.56%)
Epoch 219 [0/84843] Loss: 0.361462
Epoch 219 [35000/84843] Loss: 0.522277
Epoch 219 [70000/84843] Loss: 0.515240
Epoch 219 - Avg Loss: 0.477899 | Train Acc: 91.71%
Val: loss=0.3695, acc=10587/10975 (96.46%)
Epoch 220 [0/84843] Loss: 0.398235
Epoch 220 [35000/84843] Loss: 0.507674
Epoch 220 [70000/84843] Loss: 0.510772
Epoch 220 - Avg Loss: 0.482272 | Train Acc: 91.54%
Val: loss=0.3668, acc=10602/10975 (96.60%)
Epoch 221 [0/84843] Loss: 0.511471
Epoch 221 [35000/84843] Loss: 0.297353
Epoch 221 [70000/84843] Loss: 0.491188
Epoch 221 - Avg Loss: 0.478908 | Train Acc: 91.72%
Val: loss=0.3671, acc=10581/10975 (96.41%)
Epoch 222 [0/84843] Loss: 0.296707
Epoch 222 [35000/84843] Loss: 0.356218
Epoch 222 [70000/84843] Loss: 0.858839
Epoch 222 - Avg Loss: 0.481000 | Train Acc: 91.58%
Val: loss=0.3639, acc=10601/10975 (96.59%)
Epoch 223 [0/84843] Loss: 0.407846
Epoch 223 [35000/84843] Loss: 0.393174
Epoch 223 [70000/84843] Loss: 0.442507
Epoch 223 - Avg Loss: 0.474303 | Train Acc: 91.89%
Val: loss=0.3714, acc=10580/10975 (96.40%)
Epoch 224 [0/84843] Loss: 0.400987
Epoch 224 [35000/84843] Loss: 0.310507
Epoch 224 [70000/84843] Loss: 0.639888
Epoch 224 - Avg Loss: 0.471170 | Train Acc: 91.97%
Val: loss=0.3679, acc=10594/10975 (96.53%)
Epoch 225 [0/84843] Loss: 0.634132
Epoch 225 [35000/84843] Loss: 0.697570
Epoch 225 [70000/84843] Loss: 0.430399
Epoch 225 - Avg Loss: 0.477036 | Train Acc: 91.84%
Val: loss=0.3634, acc=10610/10975 (96.67%)
Epoch 226 [0/84843] Loss: 0.367882
Epoch 226 [35000/84843] Loss: 0.380547
Epoch 226 [70000/84843] Loss: 0.482838
Epoch 226 - Avg Loss: 0.477912 | Train Acc: 91.69%
Val: loss=0.3728, acc=10575/10975 (96.36%)
Epoch 227 [0/84843] Loss: 0.539288
Epoch 227 [35000/84843] Loss: 0.364787
Epoch 227 [70000/84843] Loss: 0.424642
Epoch 227 - Avg Loss: 0.477852 | Train Acc: 91.78%
Val: loss=0.3646, acc=10596/10975 (96.55%)
Epoch 228 [0/84843] Loss: 0.759130
Epoch 228 [35000/84843] Loss: 0.447969
Epoch 228 [70000/84843] Loss: 0.385176
Epoch 228 - Avg Loss: 0.478540 | Train Acc: 91.75%
Val: loss=0.3740, acc=10570/10975 (96.31%)
Epoch 229 [0/84843] Loss: 0.370459
Epoch 229 [35000/84843] Loss: 0.387137
Epoch 229 [70000/84843] Loss: 0.886737
Epoch 229 - Avg Loss: 0.475692 | Train Acc: 91.75%
Val: loss=0.3655, acc=10589/10975 (96.48%)
Epoch 230 [0/84843] Loss: 0.558327
Epoch 230 [35000/84843] Loss: 0.660812
Epoch 230 [70000/84843] Loss: 0.319161
Epoch 230 - Avg Loss: 0.473234 | Train Acc: 91.87%
Val: loss=0.3633, acc=10605/10975 (96.63%)
Epoch 231 [0/84843] Loss: 0.407270
Epoch 231 [35000/84843] Loss: 0.363536
Epoch 231 [70000/84843] Loss: 0.413310
Epoch 231 - Avg Loss: 0.476296 | Train Acc: 91.79%
Val: loss=0.3653, acc=10597/10975 (96.56%)
Epoch 232 [0/84843] Loss: 0.437914
Epoch 232 [35000/84843] Loss: 0.362191
Epoch 232 [70000/84843] Loss: 0.441749
Epoch 232 - Avg Loss: 0.478253 | Train Acc: 91.73%
Val: loss=0.3658, acc=10592/10975 (96.51%)
Epoch 233 [0/84843] Loss: 0.383743
Epoch 233 [35000/84843] Loss: 0.603950
Epoch 233 [70000/84843] Loss: 0.405756
Epoch 233 - Avg Loss: 0.475925 | Train Acc: 91.76%
Val: loss=0.3635, acc=10608/10975 (96.66%)
Epoch 234 [0/84843] Loss: 0.322506
Epoch 234 [35000/84843] Loss: 0.348010
Epoch 234 [70000/84843] Loss: 0.374179
Epoch 234 - Avg Loss: 0.475016 | Train Acc: 91.77%
Val: loss=0.3688, acc=10587/10975 (96.46%)
Epoch 235 [0/84843] Loss: 0.357861
Epoch 235 [35000/84843] Loss: 0.401780
Epoch 235 [70000/84843] Loss: 0.343152
Epoch 235 - Avg Loss: 0.475069 | Train Acc: 91.79%
Val: loss=0.3662, acc=10592/10975 (96.51%)
Epoch 236 [0/84843] Loss: 0.560398
Epoch 236 [35000/84843] Loss: 0.947568
Epoch 236 [70000/84843] Loss: 0.357292
Epoch 236 - Avg Loss: 0.474904 | Train Acc: 91.74%
Val: loss=0.3615, acc=10602/10975 (96.60%)
Epoch 237 [0/84843] Loss: 0.648853
Epoch 237 [35000/84843] Loss: 0.338408
Epoch 237 [70000/84843] Loss: 0.581217
Epoch 237 - Avg Loss: 0.469814 | Train Acc: 92.00%
Val: loss=0.3628, acc=10602/10975 (96.60%)
Epoch 238 [0/84843] Loss: 0.603444
Epoch 238 [35000/84843] Loss: 0.339482
Epoch 238 [70000/84843] Loss: 0.650282
Epoch 238 - Avg Loss: 0.472611 | Train Acc: 91.91%
Val: loss=0.3681, acc=10588/10975 (96.47%)
Epoch 239 [0/84843] Loss: 0.652605
Epoch 239 [35000/84843] Loss: 0.356816
Epoch 239 [70000/84843] Loss: 0.431141
Epoch 239 - Avg Loss: 0.476094 | Train Acc: 91.78%
Val: loss=0.3670, acc=10591/10975 (96.50%)
Epoch 240 [0/84843] Loss: 0.312261
Epoch 240 [35000/84843] Loss: 0.408226
Epoch 240 [70000/84843] Loss: 0.472649
Epoch 240 - Avg Loss: 0.474465 | Train Acc: 91.85%
Val: loss=0.3626, acc=10610/10975 (96.67%)
Epoch 241 [0/84843] Loss: 0.406435
Epoch 241 [35000/84843] Loss: 0.484983
Epoch 241 [70000/84843] Loss: 0.370723
Epoch 241 - Avg Loss: 0.473222 | Train Acc: 91.85%
Val: loss=0.3680, acc=10594/10975 (96.53%)
Epoch 242 [0/84843] Loss: 0.439580
Epoch 242 [35000/84843] Loss: 0.366855
Epoch 242 [70000/84843] Loss: 0.748407
Epoch 242 - Avg Loss: 0.472954 | Train Acc: 91.92%
Val: loss=0.3623, acc=10610/10975 (96.67%)
Epoch 243 [0/84843] Loss: 0.464820
Epoch 243 [35000/84843] Loss: 0.452375
Epoch 243 [70000/84843] Loss: 0.512748
Epoch 243 - Avg Loss: 0.464922 | Train Acc: 92.28%
Val: loss=0.3714, acc=10551/10975 (96.14%)
Epoch 244 [0/84843] Loss: 0.502067
Epoch 244 [35000/84843] Loss: 0.359159
Epoch 244 [70000/84843] Loss: 0.337564
Epoch 244 - Avg Loss: 0.473965 | Train Acc: 91.77%
Val: loss=0.3689, acc=10580/10975 (96.40%)
Epoch 245 [0/84843] Loss: 0.286627
Epoch 245 [35000/84843] Loss: 0.466162
Epoch 245 [70000/84843] Loss: 0.370449
Epoch 245 - Avg Loss: 0.478142 | Train Acc: 91.71%
Val: loss=0.3647, acc=10605/10975 (96.63%)
Epoch 246 [0/84843] Loss: 0.530357
Epoch 246 [35000/84843] Loss: 0.423113
Epoch 246 [70000/84843] Loss: 0.395910
Epoch 246 - Avg Loss: 0.475964 | Train Acc: 91.76%
Val: loss=0.3618, acc=10600/10975 (96.58%)
Epoch 247 [0/84843] Loss: 0.708412
Epoch 247 [35000/84843] Loss: 0.407110
Epoch 247 [70000/84843] Loss: 0.488220
Epoch 247 - Avg Loss: 0.473720 | Train Acc: 91.83%
Val: loss=0.3626, acc=10604/10975 (96.62%)
Epoch 248 [0/84843] Loss: 0.679955
Epoch 248 [35000/84843] Loss: 0.345072
Epoch 248 [70000/84843] Loss: 0.414725
Epoch 248 - Avg Loss: 0.474990 | Train Acc: 91.73%
Val: loss=0.3615, acc=10615/10975 (96.72%)
Epoch 249 [0/84843] Loss: 0.599088
Epoch 249 [35000/84843] Loss: 0.674889
Epoch 249 [70000/84843] Loss: 0.461731
Epoch 249 - Avg Loss: 0.469130 | Train Acc: 92.06%
Val: loss=0.3646, acc=10591/10975 (96.50%)
Epoch 250 [0/84843] Loss: 0.461131
Epoch 250 [35000/84843] Loss: 0.630925
Epoch 250 [70000/84843] Loss: 0.375863
Epoch 250 - Avg Loss: 0.472067 | Train Acc: 91.92%
Val: loss=0.3633, acc=10598/10975 (96.56%)
Epoch 251 [0/84843] Loss: 0.460422
Epoch 251 [35000/84843] Loss: 0.396411
Epoch 251 [70000/84843] Loss: 0.460199
Epoch 251 - Avg Loss: 0.472852 | Train Acc: 91.91%
Val: loss=0.3672, acc=10592/10975 (96.51%)
Epoch 252 [0/84843] Loss: 0.371549
Epoch 252 [35000/84843] Loss: 0.295873
Epoch 252 [70000/84843] Loss: 0.345497
Epoch 252 - Avg Loss: 0.468704 | Train Acc: 92.02%
Val: loss=0.3599, acc=10618/10975 (96.75%)
saved best: 96.75%
Epoch 253 [0/84843] Loss: 0.312005
Epoch 253 [35000/84843] Loss: 0.548926
Epoch 253 [70000/84843] Loss: 0.626753
Epoch 253 - Avg Loss: 0.471208 | Train Acc: 91.92%
Val: loss=0.3618, acc=10610/10975 (96.67%)
Epoch 254 [0/84843] Loss: 0.316426
Epoch 254 [35000/84843] Loss: 0.331827
Epoch 254 [70000/84843] Loss: 0.321420
Epoch 254 - Avg Loss: 0.469952 | Train Acc: 92.01%
Val: loss=0.3607, acc=10619/10975 (96.76%)
saved best: 96.76%
Epoch 255 [0/84843] Loss: 0.483327
Epoch 255 [35000/84843] Loss: 0.400505
Epoch 255 [70000/84843] Loss: 0.730462
Epoch 255 - Avg Loss: 0.468665 | Train Acc: 92.13%
Val: loss=0.3630, acc=10603/10975 (96.61%)
Epoch 256 [0/84843] Loss: 0.311058
Epoch 256 [35000/84843] Loss: 0.315352
Epoch 256 [70000/84843] Loss: 0.486700
Epoch 256 - Avg Loss: 0.468308 | Train Acc: 92.13%
Val: loss=0.3637, acc=10610/10975 (96.67%)
Epoch 257 [0/84843] Loss: 0.561823
Epoch 257 [35000/84843] Loss: 0.349698
Epoch 257 [70000/84843] Loss: 0.594597
Epoch 257 - Avg Loss: 0.471693 | Train Acc: 91.84%
Val: loss=0.3614, acc=10617/10975 (96.74%)
Epoch 258 [0/84843] Loss: 0.331889
Epoch 258 [35000/84843] Loss: 0.416504
Epoch 258 [70000/84843] Loss: 0.649389
Epoch 258 - Avg Loss: 0.467751 | Train Acc: 92.07%
Val: loss=0.3615, acc=10617/10975 (96.74%)
Epoch 259 [0/84843] Loss: 0.444077
Epoch 259 [35000/84843] Loss: 0.418163
Epoch 259 [70000/84843] Loss: 0.844148
Epoch 259 - Avg Loss: 0.462439 | Train Acc: 92.33%
Val: loss=0.3636, acc=10608/10975 (96.66%)
Epoch 260 [0/84843] Loss: 0.330142
Epoch 260 [35000/84843] Loss: 0.703095
Epoch 260 [70000/84843] Loss: 0.677776
Epoch 260 - Avg Loss: 0.471071 | Train Acc: 91.98%
Val: loss=0.3638, acc=10611/10975 (96.68%)
Epoch 261 [0/84843] Loss: 0.287191
Epoch 261 [35000/84843] Loss: 0.362615
Epoch 261 [70000/84843] Loss: 0.519119
Epoch 261 - Avg Loss: 0.465940 | Train Acc: 92.15%
Val: loss=0.3637, acc=10613/10975 (96.70%)
Epoch 262 [0/84843] Loss: 0.476339
Epoch 262 [35000/84843] Loss: 0.315585
Epoch 262 [70000/84843] Loss: 0.322190
Epoch 262 - Avg Loss: 0.470151 | Train Acc: 92.11%
Val: loss=0.3578, acc=10629/10975 (96.85%)
saved best: 96.85%
Epoch 263 [0/84843] Loss: 0.363636
Epoch 263 [35000/84843] Loss: 0.338102
Epoch 263 [70000/84843] Loss: 0.907717
Epoch 263 - Avg Loss: 0.470822 | Train Acc: 92.01%
Val: loss=0.3614, acc=10614/10975 (96.71%)
Epoch 264 [0/84843] Loss: 0.540195
Epoch 264 [35000/84843] Loss: 0.588987
Epoch 264 [70000/84843] Loss: 0.364775
Epoch 264 - Avg Loss: 0.468181 | Train Acc: 92.03%
Val: loss=0.3624, acc=10607/10975 (96.65%)
Epoch 265 [0/84843] Loss: 0.599788
Epoch 265 [35000/84843] Loss: 0.375416
Epoch 265 [70000/84843] Loss: 0.738134
Epoch 265 - Avg Loss: 0.472371 | Train Acc: 91.98%
Val: loss=0.3575, acc=10639/10975 (96.94%)
saved best: 96.94%
Epoch 266 [0/84843] Loss: 0.385933
Epoch 266 [35000/84843] Loss: 0.597561
Epoch 266 [70000/84843] Loss: 0.321040
Epoch 266 - Avg Loss: 0.470802 | Train Acc: 91.96%
Val: loss=0.3613, acc=10619/10975 (96.76%)
Epoch 267 [0/84843] Loss: 0.352548
Epoch 267 [35000/84843] Loss: 0.348121
Epoch 267 [70000/84843] Loss: 0.558255
Epoch 267 - Avg Loss: 0.469034 | Train Acc: 92.08%
Val: loss=0.3637, acc=10599/10975 (96.57%)
Epoch 268 [0/84843] Loss: 0.571827
Epoch 268 [35000/84843] Loss: 0.315811
Epoch 268 [70000/84843] Loss: 0.505516
Epoch 268 - Avg Loss: 0.468793 | Train Acc: 92.09%
Val: loss=0.3612, acc=10618/10975 (96.75%)
Epoch 269 [0/84843] Loss: 0.476223
Epoch 269 [35000/84843] Loss: 0.444498
Epoch 269 [70000/84843] Loss: 0.469396
Epoch 269 - Avg Loss: 0.471439 | Train Acc: 91.96%
Val: loss=0.3593, acc=10627/10975 (96.83%)
Epoch 270 [0/84843] Loss: 0.311879
Epoch 270 [35000/84843] Loss: 0.589247
Epoch 270 [70000/84843] Loss: 0.334265
Epoch 270 - Avg Loss: 0.468713 | Train Acc: 92.12%
Val: loss=0.3614, acc=10616/10975 (96.73%)
Epoch 271 [0/84843] Loss: 0.721198
Epoch 271 [35000/84843] Loss: 0.334985
Epoch 271 [70000/84843] Loss: 0.396211
Epoch 271 - Avg Loss: 0.463346 | Train Acc: 92.17%
Val: loss=0.3622, acc=10604/10975 (96.62%)
Epoch 272 [0/84843] Loss: 0.560468
Epoch 272 [35000/84843] Loss: 0.621262
Epoch 272 [70000/84843] Loss: 0.352090
Epoch 272 - Avg Loss: 0.463187 | Train Acc: 92.30%
Val: loss=0.3573, acc=10623/10975 (96.79%)
Epoch 273 [0/84843] Loss: 0.314850
Epoch 273 [35000/84843] Loss: 0.619943
Epoch 273 [70000/84843] Loss: 0.366480
Epoch 273 - Avg Loss: 0.470501 | Train Acc: 91.99%
Val: loss=0.3622, acc=10606/10975 (96.64%)
Epoch 274 [0/84843] Loss: 0.577045
Epoch 274 [35000/84843] Loss: 0.368403
Epoch 274 [70000/84843] Loss: 0.357453
Epoch 274 - Avg Loss: 0.462792 | Train Acc: 92.27%
Val: loss=0.3610, acc=10599/10975 (96.57%)
Epoch 275 [0/84843] Loss: 0.344404
Epoch 275 [35000/84843] Loss: 0.437225
Epoch 275 [70000/84843] Loss: 0.541637
Epoch 275 - Avg Loss: 0.460400 | Train Acc: 92.44%
Val: loss=0.3614, acc=10611/10975 (96.68%)
Epoch 276 [0/84843] Loss: 0.563875
Epoch 276 [35000/84843] Loss: 0.524010
Epoch 276 [70000/84843] Loss: 0.398822
Epoch 276 - Avg Loss: 0.476501 | Train Acc: 91.68%
Val: loss=0.3583, acc=10626/10975 (96.82%)
Epoch 277 [0/84843] Loss: 0.325733
Epoch 277 [35000/84843] Loss: 0.432752
Epoch 277 [70000/84843] Loss: 0.466935
Epoch 277 - Avg Loss: 0.468343 | Train Acc: 92.11%
Val: loss=0.3561, acc=10636/10975 (96.91%)
Epoch 278 [0/84843] Loss: 0.276428
Epoch 278 [35000/84843] Loss: 0.711618
Epoch 278 [70000/84843] Loss: 0.627144
Epoch 278 - Avg Loss: 0.465528 | Train Acc: 92.21%
Val: loss=0.3577, acc=10621/10975 (96.77%)
Epoch 279 [0/84843] Loss: 0.306074
Epoch 279 [35000/84843] Loss: 0.292219
Epoch 279 [70000/84843] Loss: 0.624840
Epoch 279 - Avg Loss: 0.459812 | Train Acc: 92.45%
Val: loss=0.3617, acc=10612/10975 (96.69%)
Epoch 280 [0/84843] Loss: 0.470963
Epoch 280 [35000/84843] Loss: 0.611708
Epoch 280 [70000/84843] Loss: 0.448549
Epoch 280 - Avg Loss: 0.460588 | Train Acc: 92.45%
Val: loss=0.3599, acc=10613/10975 (96.70%)
Epoch 281 [0/84843] Loss: 0.297110
Epoch 281 [35000/84843] Loss: 0.367725
Epoch 281 [70000/84843] Loss: 0.497698
Epoch 281 - Avg Loss: 0.459632 | Train Acc: 92.43%
Val: loss=0.3598, acc=10612/10975 (96.69%)
Epoch 282 [0/84843] Loss: 0.347034
Epoch 282 [35000/84843] Loss: 0.347970
Epoch 282 [70000/84843] Loss: 0.483932
Epoch 282 - Avg Loss: 0.462642 | Train Acc: 92.30%
Val: loss=0.3588, acc=10618/10975 (96.75%)
Epoch 283 [0/84843] Loss: 0.303363
Epoch 283 [35000/84843] Loss: 0.535409
Epoch 283 [70000/84843] Loss: 0.286546
Epoch 283 - Avg Loss: 0.465210 | Train Acc: 92.21%
Val: loss=0.3592, acc=10616/10975 (96.73%)
Epoch 284 [0/84843] Loss: 0.384048
Epoch 284 [35000/84843] Loss: 0.666663
Epoch 284 [70000/84843] Loss: 0.294992
Epoch 284 - Avg Loss: 0.462463 | Train Acc: 92.30%
Val: loss=0.3614, acc=10606/10975 (96.64%)
Epoch 285 [0/84843] Loss: 0.314906
Epoch 285 [35000/84843] Loss: 0.674456
Epoch 285 [70000/84843] Loss: 0.413930
Epoch 285 - Avg Loss: 0.462012 | Train Acc: 92.32%
Val: loss=0.3644, acc=10587/10975 (96.46%)
Epoch 286 [0/84843] Loss: 0.388861
Epoch 286 [35000/84843] Loss: 0.548830
Epoch 286 [70000/84843] Loss: 0.435089
Epoch 286 - Avg Loss: 0.467572 | Train Acc: 92.12%
Val: loss=0.3595, acc=10606/10975 (96.64%)
Epoch 287 [0/84843] Loss: 0.668372
Epoch 287 [35000/84843] Loss: 0.586668
Epoch 287 [70000/84843] Loss: 0.517266
Epoch 287 - Avg Loss: 0.459235 | Train Acc: 92.40%
Val: loss=0.3585, acc=10620/10975 (96.77%)
Epoch 288 [0/84843] Loss: 0.406311
Epoch 288 [35000/84843] Loss: 0.441189
Epoch 288 [70000/84843] Loss: 0.436010
Epoch 288 - Avg Loss: 0.455837 | Train Acc: 92.58%
Val: loss=0.3564, acc=10617/10975 (96.74%)
Epoch 289 [0/84843] Loss: 0.339369
Epoch 289 [35000/84843] Loss: 0.645027
Epoch 289 [70000/84843] Loss: 0.336940
Epoch 289 - Avg Loss: 0.458614 | Train Acc: 92.41%
Val: loss=0.3583, acc=10626/10975 (96.82%)
Epoch 290 [0/84843] Loss: 0.468371
Epoch 290 [35000/84843] Loss: 0.405710
Epoch 290 [70000/84843] Loss: 0.409070
Epoch 290 - Avg Loss: 0.466784 | Train Acc: 92.19%
Val: loss=0.3584, acc=10625/10975 (96.81%)
Epoch 291 [0/84843] Loss: 0.617082
Epoch 291 [35000/84843] Loss: 0.499430
Epoch 291 [70000/84843] Loss: 0.363080
Epoch 291 - Avg Loss: 0.461355 | Train Acc: 92.33%
Val: loss=0.3569, acc=10622/10975 (96.78%)
Epoch 292 [0/84843] Loss: 0.317416
Epoch 292 [35000/84843] Loss: 0.697708
Epoch 292 [70000/84843] Loss: 0.404388
Epoch 292 - Avg Loss: 0.454187 | Train Acc: 92.63%
Val: loss=0.3602, acc=10632/10975 (96.87%)
Epoch 293 [0/84843] Loss: 0.582058
Epoch 293 [35000/84843] Loss: 0.764357
Epoch 293 [70000/84843] Loss: 0.529467
Epoch 293 - Avg Loss: 0.460506 | Train Acc: 92.39%
Val: loss=0.3590, acc=10626/10975 (96.82%)
Epoch 294 [0/84843] Loss: 0.457586
Epoch 294 [35000/84843] Loss: 0.363455
Epoch 294 [70000/84843] Loss: 0.506175
Epoch 294 - Avg Loss: 0.468220 | Train Acc: 92.08%
Val: loss=0.3564, acc=10630/10975 (96.86%)
Epoch 295 [0/84843] Loss: 0.417656
Epoch 295 [35000/84843] Loss: 0.340921
Epoch 295 [70000/84843] Loss: 0.362430
Epoch 295 - Avg Loss: 0.457014 | Train Acc: 92.51%
Val: loss=0.3559, acc=10622/10975 (96.78%)
Epoch 296 [0/84843] Loss: 0.550420
Epoch 296 [35000/84843] Loss: 0.335827
Epoch 296 [70000/84843] Loss: 0.371497
Epoch 296 - Avg Loss: 0.459072 | Train Acc: 92.36%
Val: loss=0.3563, acc=10629/10975 (96.85%)
Epoch 297 [0/84843] Loss: 0.784498
Epoch 297 [35000/84843] Loss: 0.328367
Epoch 297 [70000/84843] Loss: 0.300814
Epoch 297 - Avg Loss: 0.461293 | Train Acc: 92.31%
Val: loss=0.3541, acc=10636/10975 (96.91%)
Epoch 298 [0/84843] Loss: 0.278239
Epoch 298 [35000/84843] Loss: 0.520487
Epoch 298 [70000/84843] Loss: 0.333172
Epoch 298 - Avg Loss: 0.455280 | Train Acc: 92.57%
Val: loss=0.3532, acc=10639/10975 (96.94%)
Epoch 299 [0/84843] Loss: 0.297243
Epoch 299 [35000/84843] Loss: 0.485677
Epoch 299 [70000/84843] Loss: 0.358409
Epoch 299 - Avg Loss: 0.458135 | Train Acc: 92.49%
Val: loss=0.3570, acc=10613/10975 (96.70%)
Epoch 300 [0/84843] Loss: 0.414072
Epoch 300 [35000/84843] Loss: 0.674615
Epoch 300 [70000/84843] Loss: 0.344003
Epoch 300 - Avg Loss: 0.469839 | Train Acc: 92.06%
Val: loss=0.3561, acc=10647/10975 (97.01%)
saved best: 97.01%
Epoch 301 [0/84843] Loss: 0.364072
Epoch 301 [35000/84843] Loss: 0.408970
Epoch 301 [70000/84843] Loss: 0.328586
Epoch 301 - Avg Loss: 0.455468 | Train Acc: 92.63%
Val: loss=0.3547, acc=10633/10975 (96.88%)
Epoch 302 [0/84843] Loss: 0.336265
Epoch 302 [35000/84843] Loss: 0.594455
Epoch 302 [70000/84843] Loss: 0.416401
Epoch 302 - Avg Loss: 0.464363 | Train Acc: 92.21%
Val: loss=0.3599, acc=10608/10975 (96.66%)
Epoch 303 [0/84843] Loss: 0.410314
Epoch 303 [35000/84843] Loss: 0.614766
Epoch 303 [70000/84843] Loss: 0.426777
Epoch 303 - Avg Loss: 0.457660 | Train Acc: 92.52%
Val: loss=0.3568, acc=10632/10975 (96.87%)
Epoch 304 [0/84843] Loss: 0.386643
Epoch 304 [35000/84843] Loss: 0.547090
Epoch 304 [70000/84843] Loss: 0.682189
Epoch 304 - Avg Loss: 0.459149 | Train Acc: 92.48%
Val: loss=0.3546, acc=10645/10975 (96.99%)
Epoch 305 [0/84843] Loss: 0.275959
Epoch 305 [35000/84843] Loss: 0.316106
Epoch 305 [70000/84843] Loss: 0.308232
Epoch 305 - Avg Loss: 0.448119 | Train Acc: 92.93%
Val: loss=0.3584, acc=10627/10975 (96.83%)
Epoch 306 [0/84843] Loss: 0.411432
Epoch 306 [35000/84843] Loss: 0.903931
Epoch 306 [70000/84843] Loss: 0.379075
Epoch 306 - Avg Loss: 0.455373 | Train Acc: 92.62%
Val: loss=0.3549, acc=10630/10975 (96.86%)
Epoch 307 [0/84843] Loss: 0.489047
Epoch 307 [35000/84843] Loss: 0.382106
Epoch 307 [70000/84843] Loss: 0.281228
Epoch 307 - Avg Loss: 0.457843 | Train Acc: 92.57%
Val: loss=0.3555, acc=10619/10975 (96.76%)
Epoch 308 [0/84843] Loss: 0.457450
Epoch 308 [35000/84843] Loss: 0.325396
Epoch 308 [70000/84843] Loss: 0.567286
Epoch 308 - Avg Loss: 0.458883 | Train Acc: 92.36%
Val: loss=0.3557, acc=10629/10975 (96.85%)
Epoch 309 [0/84843] Loss: 0.377032
Epoch 309 [35000/84843] Loss: 0.389945
Epoch 309 [70000/84843] Loss: 0.344351
Epoch 309 - Avg Loss: 0.454868 | Train Acc: 92.64%
Val: loss=0.3555, acc=10627/10975 (96.83%)
Epoch 310 [0/84843] Loss: 0.327155
Epoch 310 [35000/84843] Loss: 0.493428
Epoch 310 [70000/84843] Loss: 0.297562
Epoch 310 - Avg Loss: 0.454597 | Train Acc: 92.59%
Val: loss=0.3546, acc=10630/10975 (96.86%)
Epoch 311 [0/84843] Loss: 0.350754
Epoch 311 [35000/84843] Loss: 0.476363
Epoch 311 [70000/84843] Loss: 0.395303
Epoch 311 - Avg Loss: 0.453411 | Train Acc: 92.71%
Val: loss=0.3565, acc=10628/10975 (96.84%)
Epoch 312 [0/84843] Loss: 0.319650
Epoch 312 [35000/84843] Loss: 0.277732
Epoch 312 [70000/84843] Loss: 0.633636
Epoch 312 - Avg Loss: 0.456965 | Train Acc: 92.53%
Val: loss=0.3572, acc=10630/10975 (96.86%)
Epoch 313 [0/84843] Loss: 0.537165
Epoch 313 [35000/84843] Loss: 0.509349
Epoch 313 [70000/84843] Loss: 0.317545
Epoch 313 - Avg Loss: 0.456213 | Train Acc: 92.60%
Val: loss=0.3568, acc=10624/10975 (96.80%)
Epoch 314 [0/84843] Loss: 0.504743
Epoch 314 [35000/84843] Loss: 0.489348
Epoch 314 [70000/84843] Loss: 0.338544
Epoch 314 - Avg Loss: 0.459858 | Train Acc: 92.39%
Val: loss=0.3590, acc=10618/10975 (96.75%)
Epoch 315 [0/84843] Loss: 0.846931
Epoch 315 [35000/84843] Loss: 0.364043
Epoch 315 [70000/84843] Loss: 0.298266
Epoch 315 - Avg Loss: 0.461014 | Train Acc: 92.30%
Val: loss=0.3546, acc=10647/10975 (97.01%)
Epoch 316 [0/84843] Loss: 0.658447
Epoch 316 [35000/84843] Loss: 0.452299
Epoch 316 [70000/84843] Loss: 0.349135
Epoch 316 - Avg Loss: 0.456752 | Train Acc: 92.50%
Val: loss=0.3566, acc=10629/10975 (96.85%)
Epoch 317 [0/84843] Loss: 0.336355
Epoch 317 [35000/84843] Loss: 0.786394
Epoch 317 [70000/84843] Loss: 0.419558
Epoch 317 - Avg Loss: 0.453170 | Train Acc: 92.69%
Val: loss=0.3563, acc=10632/10975 (96.87%)
Epoch 318 [0/84843] Loss: 0.766205
Epoch 318 [35000/84843] Loss: 0.367729
Epoch 318 [70000/84843] Loss: 0.321249
Epoch 318 - Avg Loss: 0.452133 | Train Acc: 92.64%
Val: loss=0.3546, acc=10627/10975 (96.83%)
Epoch 319 [0/84843] Loss: 0.506462
Epoch 319 [35000/84843] Loss: 0.529424
Epoch 319 [70000/84843] Loss: 0.309526
Epoch 319 - Avg Loss: 0.450763 | Train Acc: 92.77%
Val: loss=0.3542, acc=10641/10975 (96.96%)
Epoch 320 [0/84843] Loss: 0.371360
Epoch 320 [35000/84843] Loss: 0.429343
Epoch 320 [70000/84843] Loss: 0.335553
Epoch 320 - Avg Loss: 0.445446 | Train Acc: 92.97%
Val: loss=0.3549, acc=10640/10975 (96.95%)
Epoch 321 [0/84843] Loss: 0.373574
Epoch 321 [35000/84843] Loss: 0.393876
Epoch 321 [70000/84843] Loss: 0.393843
Epoch 321 - Avg Loss: 0.458927 | Train Acc: 92.47%
Val: loss=0.3560, acc=10624/10975 (96.80%)
Epoch 322 [0/84843] Loss: 0.504069
Epoch 322 [35000/84843] Loss: 0.640245
Epoch 322 [70000/84843] Loss: 0.349133
Epoch 322 - Avg Loss: 0.463864 | Train Acc: 92.24%
Val: loss=0.3549, acc=10625/10975 (96.81%)
Epoch 323 [0/84843] Loss: 0.321830
Epoch 323 [35000/84843] Loss: 0.560162
Epoch 323 [70000/84843] Loss: 0.450485
Epoch 323 - Avg Loss: 0.445241 | Train Acc: 92.94%
Val: loss=0.3539, acc=10641/10975 (96.96%)
Epoch 324 [0/84843] Loss: 0.353505
Epoch 324 [35000/84843] Loss: 0.405397
Epoch 324 [70000/84843] Loss: 0.753441
Epoch 324 - Avg Loss: 0.458767 | Train Acc: 92.41%
Val: loss=0.3529, acc=10633/10975 (96.88%)
Epoch 325 [0/84843] Loss: 0.316762
Epoch 325 [35000/84843] Loss: 0.658458
Epoch 325 [70000/84843] Loss: 0.436353
Epoch 325 - Avg Loss: 0.448339 | Train Acc: 92.90%
Val: loss=0.3547, acc=10636/10975 (96.91%)
Epoch 326 [0/84843] Loss: 0.327393
Epoch 326 [35000/84843] Loss: 0.396036
Epoch 326 [70000/84843] Loss: 0.487344
Epoch 326 - Avg Loss: 0.455016 | Train Acc: 92.64%
Val: loss=0.3525, acc=10641/10975 (96.96%)
Epoch 327 [0/84843] Loss: 0.343522
Epoch 327 [35000/84843] Loss: 0.510958
Epoch 327 [70000/84843] Loss: 0.866183
Epoch 327 - Avg Loss: 0.463122 | Train Acc: 92.26%
Val: loss=0.3525, acc=10638/10975 (96.93%)
Epoch 328 [0/84843] Loss: 0.433244
Epoch 328 [35000/84843] Loss: 0.392987
Epoch 328 [70000/84843] Loss: 0.318767
Epoch 328 - Avg Loss: 0.455180 | Train Acc: 92.56%
Val: loss=0.3535, acc=10637/10975 (96.92%)
Epoch 329 [0/84843] Loss: 0.897214
Epoch 329 [35000/84843] Loss: 0.761414
Epoch 329 [70000/84843] Loss: 0.352147
Epoch 329 - Avg Loss: 0.453584 | Train Acc: 92.65%
Val: loss=0.3524, acc=10637/10975 (96.92%)
Epoch 330 [0/84843] Loss: 0.350414
Epoch 330 [35000/84843] Loss: 0.309002
Epoch 330 [70000/84843] Loss: 0.518943
Epoch 330 - Avg Loss: 0.456018 | Train Acc: 92.61%
Val: loss=0.3536, acc=10642/10975 (96.97%)
Epoch 331 [0/84843] Loss: 0.388213
Epoch 331 [35000/84843] Loss: 0.599769
Epoch 331 [70000/84843] Loss: 0.293867
Epoch 331 - Avg Loss: 0.457178 | Train Acc: 92.50%
Val: loss=0.3522, acc=10643/10975 (96.97%)
Epoch 332 [0/84843] Loss: 0.454594
Epoch 332 [35000/84843] Loss: 0.408257
Epoch 332 [70000/84843] Loss: 0.571199
Epoch 332 - Avg Loss: 0.450107 | Train Acc: 92.84%
Val: loss=0.3543, acc=10634/10975 (96.89%)
Epoch 333 [0/84843] Loss: 0.532341
Epoch 333 [35000/84843] Loss: 0.649883
Epoch 333 [70000/84843] Loss: 0.427626
Epoch 333 - Avg Loss: 0.458031 | Train Acc: 92.45%
Val: loss=0.3529, acc=10645/10975 (96.99%)
Epoch 334 [0/84843] Loss: 0.538407
Epoch 334 [35000/84843] Loss: 0.599677
Epoch 334 [70000/84843] Loss: 0.649166
Epoch 334 - Avg Loss: 0.446989 | Train Acc: 92.85%
Val: loss=0.3529, acc=10641/10975 (96.96%)
Epoch 335 [0/84843] Loss: 0.369807
Epoch 335 [35000/84843] Loss: 0.526076
Epoch 335 [70000/84843] Loss: 0.465538
Epoch 335 - Avg Loss: 0.453043 | Train Acc: 92.65%
Val: loss=0.3529, acc=10647/10975 (97.01%)
Epoch 336 [0/84843] Loss: 0.838874
Epoch 336 [35000/84843] Loss: 0.392475
Epoch 336 [70000/84843] Loss: 0.448327
Epoch 336 - Avg Loss: 0.452977 | Train Acc: 92.60%
Val: loss=0.3544, acc=10634/10975 (96.89%)
Epoch 337 [0/84843] Loss: 0.705192
Epoch 337 [35000/84843] Loss: 0.371725
Epoch 337 [70000/84843] Loss: 0.319937
Epoch 337 - Avg Loss: 0.448771 | Train Acc: 92.83%
Val: loss=0.3528, acc=10637/10975 (96.92%)
Epoch 338 [0/84843] Loss: 0.358671
Epoch 338 [35000/84843] Loss: 0.343108
Epoch 338 [70000/84843] Loss: 0.459105
Epoch 338 - Avg Loss: 0.454906 | Train Acc: 92.59%
Val: loss=0.3544, acc=10632/10975 (96.87%)
Epoch 339 [0/84843] Loss: 0.531765
Epoch 339 [35000/84843] Loss: 0.732119
Epoch 339 [70000/84843] Loss: 0.668059
Epoch 339 - Avg Loss: 0.455496 | Train Acc: 92.51%
Val: loss=0.3535, acc=10637/10975 (96.92%)
Epoch 340 [0/84843] Loss: 0.421002
Epoch 340 [35000/84843] Loss: 0.617671
Epoch 340 [70000/84843] Loss: 0.473949
Epoch 340 - Avg Loss: 0.454446 | Train Acc: 92.67%
Val: loss=0.3531, acc=10639/10975 (96.94%)
Epoch 341 [0/84843] Loss: 0.333770
Epoch 341 [35000/84843] Loss: 0.595098
Epoch 341 [70000/84843] Loss: 0.578198
Epoch 341 - Avg Loss: 0.447391 | Train Acc: 92.91%
Val: loss=0.3534, acc=10639/10975 (96.94%)
Epoch 342 [0/84843] Loss: 0.473529
Epoch 342 [35000/84843] Loss: 0.345143
Epoch 342 [70000/84843] Loss: 0.346303
Epoch 342 - Avg Loss: 0.449443 | Train Acc: 92.86%
Val: loss=0.3548, acc=10632/10975 (96.87%)
Epoch 343 [0/84843] Loss: 0.508504
Epoch 343 [35000/84843] Loss: 0.375162
Epoch 343 [70000/84843] Loss: 0.296217
Epoch 343 - Avg Loss: 0.452244 | Train Acc: 92.71%
Val: loss=0.3523, acc=10637/10975 (96.92%)
Epoch 344 [0/84843] Loss: 0.414334
Epoch 344 [35000/84843] Loss: 0.551458
Epoch 344 [70000/84843] Loss: 0.352474
Epoch 344 - Avg Loss: 0.457637 | Train Acc: 92.47%
Val: loss=0.3522, acc=10647/10975 (97.01%)
Epoch 345 [0/84843] Loss: 0.285785
Epoch 345 [35000/84843] Loss: 0.664869
Epoch 345 [70000/84843] Loss: 0.396640
Epoch 345 - Avg Loss: 0.450057 | Train Acc: 92.74%
Val: loss=0.3533, acc=10646/10975 (97.00%)
Epoch 346 [0/84843] Loss: 0.327219
Epoch 346 [35000/84843] Loss: 0.634968
Epoch 346 [70000/84843] Loss: 0.599963
Epoch 346 - Avg Loss: 0.448944 | Train Acc: 92.83%
Val: loss=0.3559, acc=10632/10975 (96.87%)
Epoch 347 [0/84843] Loss: 0.371950
Epoch 347 [35000/84843] Loss: 0.461173
Epoch 347 [70000/84843] Loss: 0.365459
Epoch 347 - Avg Loss: 0.451718 | Train Acc: 92.63%
Val: loss=0.3550, acc=10634/10975 (96.89%)
Epoch 348 [0/84843] Loss: 0.376221
Epoch 348 [35000/84843] Loss: 0.666932
Epoch 348 [70000/84843] Loss: 0.378606
Epoch 348 - Avg Loss: 0.453232 | Train Acc: 92.63%
Val: loss=0.3535, acc=10635/10975 (96.90%)
Epoch 349 [0/84843] Loss: 0.569554
Epoch 349 [35000/84843] Loss: 0.771061
Epoch 349 [70000/84843] Loss: 0.388209
Epoch 349 - Avg Loss: 0.453059 | Train Acc: 92.63%
Val: loss=0.3546, acc=10636/10975 (96.91%)
Epoch 350 [0/84843] Loss: 0.353138
Epoch 350 [35000/84843] Loss: 0.301342
Epoch 350 [70000/84843] Loss: 0.276756
Epoch 350 - Avg Loss: 0.454325 | Train Acc: 92.62%
Val: loss=0.3527, acc=10636/10975 (96.91%)
Epoch 351 [0/84843] Loss: 0.410330
Epoch 351 [35000/84843] Loss: 0.561136
Epoch 351 [70000/84843] Loss: 0.326777
Epoch 351 - Avg Loss: 0.441742 | Train Acc: 93.18%
Val: loss=0.3544, acc=10631/10975 (96.87%)
Epoch 352 [0/84843] Loss: 0.402948
Epoch 352 [35000/84843] Loss: 0.640682
Epoch 352 [70000/84843] Loss: 0.405247
Epoch 352 - Avg Loss: 0.456157 | Train Acc: 92.50%
Val: loss=0.3544, acc=10634/10975 (96.89%)
Epoch 353 [0/84843] Loss: 0.633904
Epoch 353 [35000/84843] Loss: 0.454450
Epoch 353 [70000/84843] Loss: 0.433010
Epoch 353 - Avg Loss: 0.449084 | Train Acc: 92.78%
Val: loss=0.3546, acc=10634/10975 (96.89%)
Epoch 354 [0/84843] Loss: 0.324248
Epoch 354 [35000/84843] Loss: 0.440825
Epoch 354 [70000/84843] Loss: 0.369248
Epoch 354 - Avg Loss: 0.451736 | Train Acc: 92.71%
Val: loss=0.3534, acc=10641/10975 (96.96%)
Epoch 355 [0/84843] Loss: 0.591332
Epoch 355 [35000/84843] Loss: 0.424106
Epoch 355 [70000/84843] Loss: 0.749342
Epoch 355 - Avg Loss: 0.450374 | Train Acc: 92.83%
Val: loss=0.3535, acc=10635/10975 (96.90%)
Epoch 356 [0/84843] Loss: 0.475617
Epoch 356 [35000/84843] Loss: 0.320745
Epoch 356 [70000/84843] Loss: 0.339905
Epoch 356 - Avg Loss: 0.453462 | Train Acc: 92.63%
Val: loss=0.3537, acc=10636/10975 (96.91%)
Epoch 357 [0/84843] Loss: 0.540865
Epoch 357 [35000/84843] Loss: 0.376765
Epoch 357 [70000/84843] Loss: 0.492168
Epoch 357 - Avg Loss: 0.449305 | Train Acc: 92.77%
Val: loss=0.3539, acc=10624/10975 (96.80%)
Epoch 358 [0/84843] Loss: 0.521438
Epoch 358 [35000/84843] Loss: 0.703295
Epoch 358 [70000/84843] Loss: 0.740967
Epoch 358 - Avg Loss: 0.443950 | Train Acc: 93.02%
Val: loss=0.3530, acc=10637/10975 (96.92%)
Epoch 359 [0/84843] Loss: 0.717292
Epoch 359 [35000/84843] Loss: 0.307476
Epoch 359 [70000/84843] Loss: 0.661688
Epoch 359 - Avg Loss: 0.453180 | Train Acc: 92.61%
Val: loss=0.3538, acc=10647/10975 (97.01%)
Epoch 360 [0/84843] Loss: 0.519916
Epoch 360 [35000/84843] Loss: 0.316116
Epoch 360 [70000/84843] Loss: 0.425190
Epoch 360 - Avg Loss: 0.452843 | Train Acc: 92.74%
Val: loss=0.3542, acc=10638/10975 (96.93%)
Epoch 361 [0/84843] Loss: 0.425484
Epoch 361 [35000/84843] Loss: 0.511680
Epoch 361 [70000/84843] Loss: 0.497827
Epoch 361 - Avg Loss: 0.451318 | Train Acc: 92.74%
Val: loss=0.3536, acc=10644/10975 (96.98%)
Epoch 362 [0/84843] Loss: 0.389126
Epoch 362 [35000/84843] Loss: 0.441980
Epoch 362 [70000/84843] Loss: 0.391955
Epoch 362 - Avg Loss: 0.445029 | Train Acc: 93.04%
Val: loss=0.3528, acc=10643/10975 (96.97%)
Epoch 363 [0/84843] Loss: 0.571253
Epoch 363 [35000/84843] Loss: 0.383105
Epoch 363 [70000/84843] Loss: 0.279124
Epoch 363 - Avg Loss: 0.451881 | Train Acc: 92.72%
Val: loss=0.3539, acc=10645/10975 (96.99%)
Epoch 364 [0/84843] Loss: 0.392916
Epoch 364 [35000/84843] Loss: 0.356489
Epoch 364 [70000/84843] Loss: 0.391237
Epoch 364 - Avg Loss: 0.448005 | Train Acc: 92.79%
Val: loss=0.3529, acc=10645/10975 (96.99%)
Epoch 365 [0/84843] Loss: 0.777090
Epoch 365 [35000/84843] Loss: 0.340026
Epoch 365 [70000/84843] Loss: 0.386609
Epoch 365 - Avg Loss: 0.453717 | Train Acc: 92.57%
Val: loss=0.3536, acc=10631/10975 (96.87%)
Epoch 366 [0/84843] Loss: 0.329769
Epoch 366 [35000/84843] Loss: 0.660487
Epoch 366 [70000/84843] Loss: 0.321688
Epoch 366 - Avg Loss: 0.449016 | Train Acc: 92.84%
Val: loss=0.3537, acc=10637/10975 (96.92%)
Epoch 367 [0/84843] Loss: 0.290984
Epoch 367 [35000/84843] Loss: 0.628869
Epoch 367 [70000/84843] Loss: 0.438462
Epoch 367 - Avg Loss: 0.448400 | Train Acc: 92.87%
Val: loss=0.3531, acc=10640/10975 (96.95%)
Epoch 368 [0/84843] Loss: 0.347692
Epoch 368 [35000/84843] Loss: 0.313669
Epoch 368 [70000/84843] Loss: 0.562961
Epoch 368 - Avg Loss: 0.442474 | Train Acc: 93.07%
Val: loss=0.3524, acc=10637/10975 (96.92%)
Epoch 369 [0/84843] Loss: 0.299383
Epoch 369 [35000/84843] Loss: 0.289193
Epoch 369 [70000/84843] Loss: 0.417228
Epoch 369 - Avg Loss: 0.443531 | Train Acc: 93.05%
Val: loss=0.3526, acc=10639/10975 (96.94%)
Epoch 370 [0/84843] Loss: 0.298729
Epoch 370 [35000/84843] Loss: 0.282226
Epoch 370 [70000/84843] Loss: 0.308833
Epoch 370 - Avg Loss: 0.454093 | Train Acc: 92.64%
Val: loss=0.3528, acc=10640/10975 (96.95%)
Epoch 371 [0/84843] Loss: 0.346108
Epoch 371 [35000/84843] Loss: 0.729346
Epoch 371 [70000/84843] Loss: 0.573546
Epoch 371 - Avg Loss: 0.446306 | Train Acc: 92.90%
Val: loss=0.3530, acc=10642/10975 (96.97%)
Epoch 372 [0/84843] Loss: 0.624322
Epoch 372 [35000/84843] Loss: 0.405608
Epoch 372 [70000/84843] Loss: 0.794119
Epoch 372 - Avg Loss: 0.449349 | Train Acc: 92.81%
Val: loss=0.3538, acc=10644/10975 (96.98%)
Epoch 373 [0/84843] Loss: 0.334995
Epoch 373 [35000/84843] Loss: 0.364109
Epoch 373 [70000/84843] Loss: 0.348604
Epoch 373 - Avg Loss: 0.445536 | Train Acc: 92.90%
Val: loss=0.3527, acc=10640/10975 (96.95%)
Epoch 374 [0/84843] Loss: 0.463779
Epoch 374 [35000/84843] Loss: 0.464343
Epoch 374 [70000/84843] Loss: 0.372863
Epoch 374 - Avg Loss: 0.447598 | Train Acc: 92.90%
Val: loss=0.3526, acc=10644/10975 (96.98%)
Epoch 375 [0/84843] Loss: 0.317723
Epoch 375 [35000/84843] Loss: 0.815484
Epoch 375 [70000/84843] Loss: 0.649820
Epoch 375 - Avg Loss: 0.449652 | Train Acc: 92.87%
Val: loss=0.3534, acc=10644/10975 (96.98%)
Epoch 376 [0/84843] Loss: 0.502864
Epoch 376 [35000/84843] Loss: 0.429245
Epoch 376 [70000/84843] Loss: 0.427526
Epoch 376 - Avg Loss: 0.445665 | Train Acc: 93.02%
Val: loss=0.3534, acc=10640/10975 (96.95%)
Epoch 377 [0/84843] Loss: 0.355832
Epoch 377 [35000/84843] Loss: 0.480292
Epoch 377 [70000/84843] Loss: 0.529518
Epoch 377 - Avg Loss: 0.448148 | Train Acc: 92.82%
Val: loss=0.3524, acc=10645/10975 (96.99%)
Epoch 378 [0/84843] Loss: 0.429018
Epoch 378 [35000/84843] Loss: 0.462575
Epoch 378 [70000/84843] Loss: 0.665075
Epoch 378 - Avg Loss: 0.452805 | Train Acc: 92.62%
Val: loss=0.3520, acc=10641/10975 (96.96%)
Epoch 379 [0/84843] Loss: 0.278000
Epoch 379 [35000/84843] Loss: 0.698890
Epoch 379 [70000/84843] Loss: 0.472995
Epoch 379 - Avg Loss: 0.454553 | Train Acc: 92.57%
Val: loss=0.3528, acc=10645/10975 (96.99%)
Epoch 380 [0/84843] Loss: 0.561580
Epoch 380 [35000/84843] Loss: 0.836788
Epoch 380 [70000/84843] Loss: 0.347749
Epoch 380 - Avg Loss: 0.447072 | Train Acc: 92.92%
Val: loss=0.3522, acc=10638/10975 (96.93%)
Epoch 381 [0/84843] Loss: 0.316337
Epoch 381 [35000/84843] Loss: 0.352144
Epoch 381 [70000/84843] Loss: 0.631407
Epoch 381 - Avg Loss: 0.450514 | Train Acc: 92.80%
Val: loss=0.3521, acc=10645/10975 (96.99%)
Epoch 382 [0/84843] Loss: 0.482491
Epoch 382 [35000/84843] Loss: 0.324197
Epoch 382 [70000/84843] Loss: 0.393375
Epoch 382 - Avg Loss: 0.441843 | Train Acc: 93.17%
Val: loss=0.3522, acc=10643/10975 (96.97%)
Epoch 383 [0/84843] Loss: 0.344788
Epoch 383 [35000/84843] Loss: 0.349907
Epoch 383 [70000/84843] Loss: 0.550089
Epoch 383 - Avg Loss: 0.448854 | Train Acc: 92.88%
Val: loss=0.3526, acc=10641/10975 (96.96%)
Epoch 384 [0/84843] Loss: 0.474516
Epoch 384 [35000/84843] Loss: 0.326846
Epoch 384 [70000/84843] Loss: 0.358603
Epoch 384 - Avg Loss: 0.445554 | Train Acc: 92.94%
Val: loss=0.3529, acc=10642/10975 (96.97%)
Epoch 385 [0/84843] Loss: 0.424568
Epoch 385 [35000/84843] Loss: 0.335507
Epoch 385 [70000/84843] Loss: 0.301870
Epoch 385 - Avg Loss: 0.449300 | Train Acc: 92.80%
Val: loss=0.3527, acc=10640/10975 (96.95%)
Epoch 386 [0/84843] Loss: 0.601347
Epoch 386 [35000/84843] Loss: 0.439049
Epoch 386 [70000/84843] Loss: 0.378992
Epoch 386 - Avg Loss: 0.449590 | Train Acc: 92.84%
Val: loss=0.3526, acc=10638/10975 (96.93%)
Epoch 387 [0/84843] Loss: 0.720009
Epoch 387 [35000/84843] Loss: 0.604718
Epoch 387 [70000/84843] Loss: 0.439797
Epoch 387 - Avg Loss: 0.451916 | Train Acc: 92.65%
Val: loss=0.3526, acc=10638/10975 (96.93%)
Epoch 388 [0/84843] Loss: 0.346481
Epoch 388 [35000/84843] Loss: 0.869783
Epoch 388 [70000/84843] Loss: 0.327767
Epoch 388 - Avg Loss: 0.446269 | Train Acc: 92.97%
Val: loss=0.3524, acc=10635/10975 (96.90%)
Epoch 389 [0/84843] Loss: 0.320091
Epoch 389 [35000/84843] Loss: 0.384627
Epoch 389 [70000/84843] Loss: 0.295666
Epoch 389 - Avg Loss: 0.448233 | Train Acc: 92.84%
Val: loss=0.3531, acc=10635/10975 (96.90%)
Epoch 390 [0/84843] Loss: 0.298584
Epoch 390 [35000/84843] Loss: 0.323911
Epoch 390 [70000/84843] Loss: 0.344215
Epoch 390 - Avg Loss: 0.457658 | Train Acc: 92.41%
Val: loss=0.3527, acc=10637/10975 (96.92%)
Epoch 391 [0/84843] Loss: 0.534339
Epoch 391 [35000/84843] Loss: 0.476393
Epoch 391 [70000/84843] Loss: 0.329497
Epoch 391 - Avg Loss: 0.444055 | Train Acc: 93.04%
Val: loss=0.3528, acc=10639/10975 (96.94%)
Epoch 392 [0/84843] Loss: 0.352358
Epoch 392 [35000/84843] Loss: 0.462201
Epoch 392 [70000/84843] Loss: 0.523457
Epoch 392 - Avg Loss: 0.447970 | Train Acc: 92.81%
Val: loss=0.3530, acc=10639/10975 (96.94%)
Epoch 393 [0/84843] Loss: 0.340720
Epoch 393 [35000/84843] Loss: 0.535200
Epoch 393 [70000/84843] Loss: 0.314351
Epoch 393 - Avg Loss: 0.449324 | Train Acc: 92.77%
Val: loss=0.3526, acc=10639/10975 (96.94%)
Epoch 394 [0/84843] Loss: 0.340623
Epoch 394 [35000/84843] Loss: 0.408049
Epoch 394 [70000/84843] Loss: 0.380991
Epoch 394 - Avg Loss: 0.447509 | Train Acc: 92.82%
Val: loss=0.3527, acc=10640/10975 (96.95%)
Epoch 395 [0/84843] Loss: 0.741097
Epoch 395 [35000/84843] Loss: 0.474865
Epoch 395 [70000/84843] Loss: 0.539790
Epoch 395 - Avg Loss: 0.447601 | Train Acc: 92.95%
Val: loss=0.3527, acc=10640/10975 (96.95%)
Epoch 396 [0/84843] Loss: 0.333001
Epoch 396 [35000/84843] Loss: 0.395578
Epoch 396 [70000/84843] Loss: 0.568595
Epoch 396 - Avg Loss: 0.444820 | Train Acc: 93.02%
Val: loss=0.3531, acc=10638/10975 (96.93%)
Epoch 397 [0/84843] Loss: 0.297799
Epoch 397 [35000/84843] Loss: 0.438288
Epoch 397 [70000/84843] Loss: 0.406420
Epoch 397 - Avg Loss: 0.446059 | Train Acc: 93.03%
Val: loss=0.3526, acc=10640/10975 (96.95%)
Epoch 398 [0/84843] Loss: 1.033020
Epoch 398 [35000/84843] Loss: 0.329471
Epoch 398 [70000/84843] Loss: 0.337108
Epoch 398 - Avg Loss: 0.456631 | Train Acc: 92.55%
Val: loss=0.3526, acc=10640/10975 (96.95%)
Epoch 399 [0/84843] Loss: 0.294425
Epoch 399 [35000/84843] Loss: 0.482852
Epoch 399 [70000/84843] Loss: 0.363414
Epoch 399 - Avg Loss: 0.452530 | Train Acc: 92.68%
Val: loss=0.3527, acc=10639/10975 (96.94%)
Epoch 400 [0/84843] Loss: 0.632098
Epoch 400 [35000/84843] Loss: 0.328261
Epoch 400 [70000/84843] Loss: 0.756238
Epoch 400 - Avg Loss: 0.449176 | Train Acc: 92.83%
Val: loss=0.3527, acc=10640/10975 (96.95%)
Test: loss=0.4150, acc=11478/12101 (94.85%)
