Running feature config: 40_mels (task 33)
SpecAugment freq_mask=12 time_mask=10
Device: cuda
Feature config: 40_mels -> {'n_mels': 40, 'use_delta': False, 'use_delta_delta': False}
SpecAugment: True freq_mask=12 time_mask=10
GPU Name: Tesla V100-PCIE-32GB
GPU Memory: 34.07 GB
Total model parameters: 46,092
Epoch 1 [0/84843] Loss: 2.611323
Epoch 1 [35000/84843] Loss: 1.669946
Epoch 1 [70000/84843] Loss: 1.603815
Epoch 1 - Avg Loss: 1.736101 | Train Acc: 53.47%
Val: loss=1.5839, acc=6216/10975 (56.64%)
saved best: 56.64%
Epoch 2 [0/84843] Loss: 1.846333
Epoch 2 [35000/84843] Loss: 1.611515
Epoch 2 [70000/84843] Loss: 1.277976
Epoch 2 - Avg Loss: 1.486923 | Train Acc: 61.03%
Val: loss=1.4044, acc=7233/10975 (65.90%)
saved best: 65.90%
Epoch 3 [0/84843] Loss: 1.346928
Epoch 3 [35000/84843] Loss: 1.467819
Epoch 3 [70000/84843] Loss: 1.112884
Epoch 3 - Avg Loss: 1.356515 | Train Acc: 66.69%
Val: loss=1.3726, acc=7255/10975 (66.10%)
saved best: 66.10%
Epoch 4 [0/84843] Loss: 1.418488
Epoch 4 [35000/84843] Loss: 1.409211
Epoch 4 [70000/84843] Loss: 1.532219
Epoch 4 - Avg Loss: 1.334403 | Train Acc: 66.69%
Val: loss=1.3292, acc=7257/10975 (66.12%)
saved best: 66.12%
Epoch 5 [0/84843] Loss: 1.480469
Epoch 5 [35000/84843] Loss: 1.427006
Epoch 5 [70000/84843] Loss: 1.108997
Epoch 5 - Avg Loss: 1.279699 | Train Acc: 67.21%
Val: loss=1.2612, acc=7364/10975 (67.10%)
saved best: 67.10%
Epoch 6 [0/84843] Loss: 1.236918
Epoch 6 [35000/84843] Loss: 0.983715
Epoch 6 [70000/84843] Loss: 1.223138
Epoch 6 - Avg Loss: 1.219982 | Train Acc: 68.11%
Val: loss=1.2198, acc=7376/10975 (67.21%)
saved best: 67.21%
Epoch 7 [0/84843] Loss: 1.243024
Epoch 7 [35000/84843] Loss: 1.545452
Epoch 7 [70000/84843] Loss: 1.099967
Epoch 7 - Avg Loss: 1.182885 | Train Acc: 68.49%
Val: loss=1.1889, acc=7407/10975 (67.49%)
saved best: 67.49%
Epoch 8 [0/84843] Loss: 1.118950
Epoch 8 [35000/84843] Loss: 0.986603
Epoch 8 [70000/84843] Loss: 1.248682
Epoch 8 - Avg Loss: 1.152688 | Train Acc: 68.84%
Val: loss=1.1483, acc=7483/10975 (68.18%)
saved best: 68.18%
Epoch 9 [0/84843] Loss: 1.054582
Epoch 9 [35000/84843] Loss: 0.967065
Epoch 9 [70000/84843] Loss: 1.076541
Epoch 9 - Avg Loss: 1.122862 | Train Acc: 69.02%
Val: loss=1.1101, acc=7507/10975 (68.40%)
saved best: 68.40%
Epoch 10 [0/84843] Loss: 1.299746
Epoch 10 [35000/84843] Loss: 1.246863
Epoch 10 [70000/84843] Loss: 1.236980
Epoch 10 - Avg Loss: 1.089093 | Train Acc: 69.36%
Val: loss=1.0659, acc=7577/10975 (69.04%)
saved best: 69.04%
Epoch 11 [0/84843] Loss: 1.136286
Epoch 11 [35000/84843] Loss: 1.115419
Epoch 11 [70000/84843] Loss: 0.933354
Epoch 11 - Avg Loss: 1.049550 | Train Acc: 69.91%
Val: loss=1.0085, acc=7783/10975 (70.92%)
saved best: 70.92%
Epoch 12 [0/84843] Loss: 1.089120
Epoch 12 [35000/84843] Loss: 1.045146
Epoch 12 [70000/84843] Loss: 1.091164
Epoch 12 - Avg Loss: 1.010859 | Train Acc: 71.23%
Val: loss=0.9645, acc=8010/10975 (72.98%)
saved best: 72.98%
Epoch 13 [0/84843] Loss: 0.915441
Epoch 13 [35000/84843] Loss: 0.820166
Epoch 13 [70000/84843] Loss: 1.264777
Epoch 13 - Avg Loss: 0.971803 | Train Acc: 72.85%
Val: loss=0.9286, acc=8257/10975 (75.23%)
saved best: 75.23%
Epoch 14 [0/84843] Loss: 1.155764
Epoch 14 [35000/84843] Loss: 0.801057
Epoch 14 [70000/84843] Loss: 0.836727
Epoch 14 - Avg Loss: 0.936317 | Train Acc: 74.23%
Val: loss=0.8898, acc=8473/10975 (77.20%)
saved best: 77.20%
Epoch 15 [0/84843] Loss: 0.990578
Epoch 15 [35000/84843] Loss: 0.821305
Epoch 15 [70000/84843] Loss: 0.833381
Epoch 15 - Avg Loss: 0.903078 | Train Acc: 75.59%
Val: loss=0.8501, acc=8588/10975 (78.25%)
saved best: 78.25%
Epoch 16 [0/84843] Loss: 0.843376
Epoch 16 [35000/84843] Loss: 1.001591
Epoch 16 [70000/84843] Loss: 0.703027
Epoch 16 - Avg Loss: 0.867732 | Train Acc: 77.00%
Val: loss=0.8045, acc=8807/10975 (80.25%)
saved best: 80.25%
Epoch 17 [0/84843] Loss: 0.712083
Epoch 17 [35000/84843] Loss: 1.034838
Epoch 17 [70000/84843] Loss: 1.182373
Epoch 17 - Avg Loss: 0.833940 | Train Acc: 78.23%
Val: loss=0.7723, acc=8925/10975 (81.32%)
saved best: 81.32%
Epoch 18 [0/84843] Loss: 0.804902
Epoch 18 [35000/84843] Loss: 0.618676
Epoch 18 [70000/84843] Loss: 0.814058
Epoch 18 - Avg Loss: 0.803236 | Train Acc: 79.25%
Val: loss=0.7347, acc=9068/10975 (82.62%)
saved best: 82.62%
Epoch 19 [0/84843] Loss: 0.845021
Epoch 19 [35000/84843] Loss: 0.691357
Epoch 19 [70000/84843] Loss: 0.759755
Epoch 19 - Avg Loss: 0.767818 | Train Acc: 80.73%
Val: loss=0.6927, acc=9229/10975 (84.09%)
saved best: 84.09%
Epoch 20 [0/84843] Loss: 0.756589
Epoch 20 [35000/84843] Loss: 0.801461
Epoch 20 [70000/84843] Loss: 0.567077
Epoch 20 - Avg Loss: 0.741545 | Train Acc: 81.89%
Val: loss=0.6860, acc=9329/10975 (85.00%)
saved best: 85.00%
Epoch 21 [0/84843] Loss: 0.620756
Epoch 21 [35000/84843] Loss: 0.639000
Epoch 21 [70000/84843] Loss: 0.508114
Epoch 21 - Avg Loss: 0.720473 | Train Acc: 82.82%
Val: loss=0.6377, acc=9541/10975 (86.93%)
saved best: 86.93%
Epoch 22 [0/84843] Loss: 0.759832
Epoch 22 [35000/84843] Loss: 0.817463
Epoch 22 [70000/84843] Loss: 0.621233
Epoch 22 - Avg Loss: 0.688011 | Train Acc: 84.23%
Val: loss=0.6198, acc=9604/10975 (87.51%)
saved best: 87.51%
Epoch 23 [0/84843] Loss: 0.815178
Epoch 23 [35000/84843] Loss: 0.487389
Epoch 23 [70000/84843] Loss: 0.553955
Epoch 23 - Avg Loss: 0.673086 | Train Acc: 84.79%
Val: loss=0.6176, acc=9629/10975 (87.74%)
saved best: 87.74%
Epoch 24 [0/84843] Loss: 0.708450
Epoch 24 [35000/84843] Loss: 0.714003
Epoch 24 [70000/84843] Loss: 0.616224
Epoch 24 - Avg Loss: 0.659506 | Train Acc: 85.43%
Val: loss=0.5951, acc=9749/10975 (88.83%)
saved best: 88.83%
Epoch 25 [0/84843] Loss: 0.812219
Epoch 25 [35000/84843] Loss: 0.467418
Epoch 25 [70000/84843] Loss: 0.605291
Epoch 25 - Avg Loss: 0.642413 | Train Acc: 86.08%
Val: loss=0.5788, acc=9766/10975 (88.98%)
saved best: 88.98%
Epoch 26 [0/84843] Loss: 0.825022
Epoch 26 [35000/84843] Loss: 0.746623
Epoch 26 [70000/84843] Loss: 0.481539
Epoch 26 - Avg Loss: 0.635127 | Train Acc: 86.24%
Val: loss=0.5791, acc=9765/10975 (88.97%)
Epoch 27 [0/84843] Loss: 0.721443
Epoch 27 [35000/84843] Loss: 0.466574
Epoch 27 [70000/84843] Loss: 0.645587
Epoch 27 - Avg Loss: 0.620053 | Train Acc: 86.83%
Val: loss=0.5562, acc=9858/10975 (89.82%)
saved best: 89.82%
Epoch 28 [0/84843] Loss: 0.583293
Epoch 28 [35000/84843] Loss: 0.832999
Epoch 28 [70000/84843] Loss: 0.587960
Epoch 28 - Avg Loss: 0.608509 | Train Acc: 87.23%
Val: loss=0.5416, acc=9929/10975 (90.47%)
saved best: 90.47%
Epoch 29 [0/84843] Loss: 0.708501
Epoch 29 [35000/84843] Loss: 0.659755
Epoch 29 [70000/84843] Loss: 0.449268
Epoch 29 - Avg Loss: 0.599666 | Train Acc: 87.59%
Val: loss=0.5328, acc=9957/10975 (90.72%)
saved best: 90.72%
Epoch 30 [0/84843] Loss: 0.446961
Epoch 30 [35000/84843] Loss: 0.518241
Epoch 30 [70000/84843] Loss: 0.679366
Epoch 30 - Avg Loss: 0.592091 | Train Acc: 87.98%
Val: loss=0.5316, acc=9964/10975 (90.79%)
saved best: 90.79%
Epoch 31 [0/84843] Loss: 0.516439
Epoch 31 [35000/84843] Loss: 0.478225
Epoch 31 [70000/84843] Loss: 0.437492
Epoch 31 - Avg Loss: 0.581820 | Train Acc: 88.33%
Val: loss=0.5274, acc=9981/10975 (90.94%)
saved best: 90.94%
Epoch 32 [0/84843] Loss: 0.696894
Epoch 32 [35000/84843] Loss: 0.619004
Epoch 32 [70000/84843] Loss: 0.589546
Epoch 32 - Avg Loss: 0.572670 | Train Acc: 88.73%
Val: loss=0.5143, acc=10042/10975 (91.50%)
saved best: 91.50%
Epoch 33 [0/84843] Loss: 0.597383
Epoch 33 [35000/84843] Loss: 0.478967
Epoch 33 [70000/84843] Loss: 0.594798
Epoch 33 - Avg Loss: 0.568300 | Train Acc: 88.79%
Val: loss=0.5095, acc=10072/10975 (91.77%)
saved best: 91.77%
Epoch 34 [0/84843] Loss: 0.401085
Epoch 34 [35000/84843] Loss: 0.618362
Epoch 34 [70000/84843] Loss: 0.583741
Epoch 34 - Avg Loss: 0.560577 | Train Acc: 89.12%
Val: loss=0.5029, acc=10084/10975 (91.88%)
saved best: 91.88%
Epoch 35 [0/84843] Loss: 0.633338
Epoch 35 [35000/84843] Loss: 0.506730
Epoch 35 [70000/84843] Loss: 0.461877
Epoch 35 - Avg Loss: 0.554492 | Train Acc: 89.42%
Val: loss=0.4903, acc=10135/10975 (92.35%)
saved best: 92.35%
Epoch 36 [0/84843] Loss: 0.403838
Epoch 36 [35000/84843] Loss: 0.406990
Epoch 36 [70000/84843] Loss: 0.398357
Epoch 36 - Avg Loss: 0.548110 | Train Acc: 89.55%
Val: loss=0.5000, acc=10076/10975 (91.81%)
Epoch 37 [0/84843] Loss: 0.646914
Epoch 37 [35000/84843] Loss: 0.515357
Epoch 37 [70000/84843] Loss: 0.679260
Epoch 37 - Avg Loss: 0.538539 | Train Acc: 89.95%
Val: loss=0.4892, acc=10109/10975 (92.11%)
Epoch 38 [0/84843] Loss: 0.657629
Epoch 38 [35000/84843] Loss: 0.636420
Epoch 38 [70000/84843] Loss: 0.608048
Epoch 38 - Avg Loss: 0.530760 | Train Acc: 90.25%
Val: loss=0.4776, acc=10149/10975 (92.47%)
saved best: 92.47%
Epoch 39 [0/84843] Loss: 0.525522
Epoch 39 [35000/84843] Loss: 0.440539
Epoch 39 [70000/84843] Loss: 0.401848
Epoch 39 - Avg Loss: 0.523802 | Train Acc: 90.47%
Val: loss=0.4853, acc=10143/10975 (92.42%)
Epoch 40 [0/84843] Loss: 0.818514
Epoch 40 [35000/84843] Loss: 0.500735
Epoch 40 [70000/84843] Loss: 0.664239
Epoch 40 - Avg Loss: 0.529103 | Train Acc: 90.24%
Val: loss=0.4710, acc=10172/10975 (92.68%)
saved best: 92.68%
Epoch 41 [0/84843] Loss: 0.538165
Epoch 41 [35000/84843] Loss: 0.584762
Epoch 41 [70000/84843] Loss: 0.608489
Epoch 41 - Avg Loss: 0.516221 | Train Acc: 90.73%
Val: loss=0.4702, acc=10173/10975 (92.69%)
saved best: 92.69%
Epoch 42 [0/84843] Loss: 0.543746
Epoch 42 [35000/84843] Loss: 0.474665
Epoch 42 [70000/84843] Loss: 0.391583
Epoch 42 - Avg Loss: 0.511444 | Train Acc: 90.98%
Val: loss=0.4900, acc=10125/10975 (92.26%)
Epoch 43 [0/84843] Loss: 0.479643
Epoch 43 [35000/84843] Loss: 0.531572
Epoch 43 [70000/84843] Loss: 0.356931
Epoch 43 - Avg Loss: 0.505978 | Train Acc: 91.10%
Val: loss=0.4655, acc=10201/10975 (92.95%)
saved best: 92.95%
Epoch 44 [0/84843] Loss: 0.444645
Epoch 44 [35000/84843] Loss: 0.457705
Epoch 44 [70000/84843] Loss: 0.465506
Epoch 44 - Avg Loss: 0.503140 | Train Acc: 91.25%
Val: loss=0.4631, acc=10200/10975 (92.94%)
Epoch 45 [0/84843] Loss: 0.553328
Epoch 45 [35000/84843] Loss: 0.488000
Epoch 45 [70000/84843] Loss: 0.402643
Epoch 45 - Avg Loss: 0.500218 | Train Acc: 91.38%
Val: loss=0.4553, acc=10258/10975 (93.47%)
saved best: 93.47%
Epoch 46 [0/84843] Loss: 0.599906
Epoch 46 [35000/84843] Loss: 0.568111
Epoch 46 [70000/84843] Loss: 0.512294
Epoch 46 - Avg Loss: 0.492054 | Train Acc: 91.73%
Val: loss=0.4484, acc=10289/10975 (93.75%)
saved best: 93.75%
Epoch 47 [0/84843] Loss: 0.446869
Epoch 47 [35000/84843] Loss: 0.507480
Epoch 47 [70000/84843] Loss: 0.369808
Epoch 47 - Avg Loss: 0.489817 | Train Acc: 91.73%
Val: loss=0.4491, acc=10264/10975 (93.52%)
Epoch 48 [0/84843] Loss: 0.370167
Epoch 48 [35000/84843] Loss: 0.345097
Epoch 48 [70000/84843] Loss: 0.427479
Epoch 48 - Avg Loss: 0.489212 | Train Acc: 91.69%
Val: loss=0.4449, acc=10292/10975 (93.78%)
saved best: 93.78%
Epoch 49 [0/84843] Loss: 0.562914
Epoch 49 [35000/84843] Loss: 0.486292
Epoch 49 [70000/84843] Loss: 0.538009
Epoch 49 - Avg Loss: 0.484222 | Train Acc: 91.88%
Val: loss=0.4433, acc=10276/10975 (93.63%)
Epoch 50 [0/84843] Loss: 0.436152
Epoch 50 [35000/84843] Loss: 0.476121
Epoch 50 [70000/84843] Loss: 0.376118
Epoch 50 - Avg Loss: 0.480736 | Train Acc: 92.10%
Val: loss=0.4488, acc=10265/10975 (93.53%)
Epoch 51 [0/84843] Loss: 0.370308
Epoch 51 [35000/84843] Loss: 0.558850
Epoch 51 [70000/84843] Loss: 0.383395
Epoch 51 - Avg Loss: 0.480245 | Train Acc: 92.06%
Val: loss=0.4331, acc=10335/10975 (94.17%)
saved best: 94.17%
Epoch 52 [0/84843] Loss: 0.807307
Epoch 52 [35000/84843] Loss: 0.581371
Epoch 52 [70000/84843] Loss: 0.518681
Epoch 52 - Avg Loss: 0.478586 | Train Acc: 92.08%
Val: loss=0.4340, acc=10305/10975 (93.90%)
Epoch 53 [0/84843] Loss: 0.555307
Epoch 53 [35000/84843] Loss: 0.392627
Epoch 53 [70000/84843] Loss: 0.416518
Epoch 53 - Avg Loss: 0.469365 | Train Acc: 92.48%
Val: loss=0.4354, acc=10307/10975 (93.91%)
Epoch 54 [0/84843] Loss: 0.459654
Epoch 54 [35000/84843] Loss: 0.577278
Epoch 54 [70000/84843] Loss: 0.483623
Epoch 54 - Avg Loss: 0.470020 | Train Acc: 92.39%
Val: loss=0.4269, acc=10327/10975 (94.10%)
Epoch 55 [0/84843] Loss: 0.520620
Epoch 55 [35000/84843] Loss: 0.462686
Epoch 55 [70000/84843] Loss: 0.430183
Epoch 55 - Avg Loss: 0.467514 | Train Acc: 92.53%
Val: loss=0.4344, acc=10314/10975 (93.98%)
Epoch 56 [0/84843] Loss: 0.499501
Epoch 56 [35000/84843] Loss: 0.516215
Epoch 56 [70000/84843] Loss: 0.478811
Epoch 56 - Avg Loss: 0.465689 | Train Acc: 92.61%
Val: loss=0.4424, acc=10262/10975 (93.50%)
Epoch 57 [0/84843] Loss: 0.473245
Epoch 57 [35000/84843] Loss: 0.384306
Epoch 57 [70000/84843] Loss: 0.437520
Epoch 57 - Avg Loss: 0.463353 | Train Acc: 92.70%
Val: loss=0.4328, acc=10325/10975 (94.08%)
Epoch 58 [0/84843] Loss: 0.393534
Epoch 58 [35000/84843] Loss: 0.389576
Epoch 58 [70000/84843] Loss: 0.421586
Epoch 58 - Avg Loss: 0.459241 | Train Acc: 92.83%
Val: loss=0.4385, acc=10336/10975 (94.18%)
saved best: 94.18%
Epoch 59 [0/84843] Loss: 0.437104
Epoch 59 [35000/84843] Loss: 0.369247
Epoch 59 [70000/84843] Loss: 0.443783
Epoch 59 - Avg Loss: 0.457701 | Train Acc: 92.92%
Val: loss=0.4300, acc=10335/10975 (94.17%)
Epoch 60 [0/84843] Loss: 0.475302
Epoch 60 [35000/84843] Loss: 0.449005
Epoch 60 [70000/84843] Loss: 0.367991
Epoch 60 - Avg Loss: 0.456158 | Train Acc: 93.00%
Val: loss=0.4275, acc=10327/10975 (94.10%)
Epoch 61 [0/84843] Loss: 0.451999
Epoch 61 [35000/84843] Loss: 0.476766
Epoch 61 [70000/84843] Loss: 0.358705
Epoch 61 - Avg Loss: 0.450564 | Train Acc: 93.17%
Val: loss=0.4164, acc=10400/10975 (94.76%)
saved best: 94.76%
Epoch 62 [0/84843] Loss: 0.396774
Epoch 62 [35000/84843] Loss: 0.454277
Epoch 62 [70000/84843] Loss: 0.591488
Epoch 62 - Avg Loss: 0.448767 | Train Acc: 93.31%
Val: loss=0.4244, acc=10348/10975 (94.29%)
Epoch 63 [0/84843] Loss: 0.539644
Epoch 63 [35000/84843] Loss: 0.394805
Epoch 63 [70000/84843] Loss: 0.463188
Epoch 63 - Avg Loss: 0.448453 | Train Acc: 93.20%
Val: loss=0.4257, acc=10350/10975 (94.31%)
Epoch 64 [0/84843] Loss: 0.311726
Epoch 64 [35000/84843] Loss: 0.706155
Epoch 64 [70000/84843] Loss: 0.331846
Epoch 64 - Avg Loss: 0.443262 | Train Acc: 93.44%
Val: loss=0.4151, acc=10399/10975 (94.75%)
Epoch 65 [0/84843] Loss: 0.436860
Epoch 65 [35000/84843] Loss: 0.358114
Epoch 65 [70000/84843] Loss: 0.541659
Epoch 65 - Avg Loss: 0.443672 | Train Acc: 93.46%
Val: loss=0.4185, acc=10370/10975 (94.49%)
Epoch 66 [0/84843] Loss: 0.421930
Epoch 66 [35000/84843] Loss: 0.377588
Epoch 66 [70000/84843] Loss: 0.441129
Epoch 66 - Avg Loss: 0.442644 | Train Acc: 93.47%
Val: loss=0.4177, acc=10370/10975 (94.49%)
Epoch 67 [0/84843] Loss: 0.514046
Epoch 67 [35000/84843] Loss: 0.450730
Epoch 67 [70000/84843] Loss: 0.419558
Epoch 67 - Avg Loss: 0.440052 | Train Acc: 93.60%
Val: loss=0.4149, acc=10382/10975 (94.60%)
Epoch 68 [0/84843] Loss: 0.641442
Epoch 68 [35000/84843] Loss: 0.342686
Epoch 68 [70000/84843] Loss: 0.306760
Epoch 68 - Avg Loss: 0.440507 | Train Acc: 93.51%
Val: loss=0.4157, acc=10372/10975 (94.51%)
Epoch 69 [0/84843] Loss: 0.478954
Epoch 69 [35000/84843] Loss: 0.447581
Epoch 69 [70000/84843] Loss: 0.352351
Epoch 69 - Avg Loss: 0.444193 | Train Acc: 93.42%
Val: loss=0.4086, acc=10409/10975 (94.84%)
saved best: 94.84%
Epoch 70 [0/84843] Loss: 0.466393
Epoch 70 [35000/84843] Loss: 0.400584
Epoch 70 [70000/84843] Loss: 0.436225
Epoch 70 - Avg Loss: 0.436019 | Train Acc: 93.78%
Val: loss=0.4196, acc=10372/10975 (94.51%)
Epoch 71 [0/84843] Loss: 0.379341
Epoch 71 [35000/84843] Loss: 0.537753
Epoch 71 [70000/84843] Loss: 0.479532
Epoch 71 - Avg Loss: 0.440630 | Train Acc: 93.55%
Val: loss=0.4299, acc=10324/10975 (94.07%)
Epoch 72 [0/84843] Loss: 0.446078
Epoch 72 [35000/84843] Loss: 0.554842
Epoch 72 [70000/84843] Loss: 0.334888
Epoch 72 - Avg Loss: 0.436192 | Train Acc: 93.73%
Val: loss=0.4172, acc=10375/10975 (94.53%)
Epoch 73 [0/84843] Loss: 0.559564
Epoch 73 [35000/84843] Loss: 0.484589
Epoch 73 [70000/84843] Loss: 0.424102
Epoch 73 - Avg Loss: 0.431235 | Train Acc: 93.97%
Val: loss=0.4261, acc=10327/10975 (94.10%)
Epoch 74 [0/84843] Loss: 0.419440
Epoch 74 [35000/84843] Loss: 0.381438
Epoch 74 [70000/84843] Loss: 0.431330
Epoch 74 - Avg Loss: 0.430714 | Train Acc: 93.85%
Val: loss=0.4171, acc=10382/10975 (94.60%)
Epoch 75 [0/84843] Loss: 0.376406
Epoch 75 [35000/84843] Loss: 0.328904
Epoch 75 [70000/84843] Loss: 0.382589
Epoch 75 - Avg Loss: 0.430796 | Train Acc: 93.97%
Val: loss=0.4129, acc=10382/10975 (94.60%)
Epoch 76 [0/84843] Loss: 0.337341
Epoch 76 [35000/84843] Loss: 0.421849
Epoch 76 [70000/84843] Loss: 0.348106
Epoch 76 - Avg Loss: 0.430267 | Train Acc: 93.89%
Val: loss=0.4087, acc=10407/10975 (94.82%)
Epoch 77 [0/84843] Loss: 0.413532
Epoch 77 [35000/84843] Loss: 0.343572
Epoch 77 [70000/84843] Loss: 0.303337
Epoch 77 - Avg Loss: 0.430552 | Train Acc: 93.98%
Val: loss=0.4035, acc=10421/10975 (94.95%)
saved best: 94.95%
Epoch 78 [0/84843] Loss: 0.302919
Epoch 78 [35000/84843] Loss: 0.421370
Epoch 78 [70000/84843] Loss: 0.294558
Epoch 78 - Avg Loss: 0.426363 | Train Acc: 94.13%
Val: loss=0.4088, acc=10424/10975 (94.98%)
saved best: 94.98%
Epoch 79 [0/84843] Loss: 0.530780
Epoch 79 [35000/84843] Loss: 0.424462
Epoch 79 [70000/84843] Loss: 0.431202
Epoch 79 - Avg Loss: 0.424349 | Train Acc: 94.18%
Val: loss=0.4108, acc=10414/10975 (94.89%)
Epoch 80 [0/84843] Loss: 0.441098
Epoch 80 [35000/84843] Loss: 0.448697
Epoch 80 [70000/84843] Loss: 0.541141
Epoch 80 - Avg Loss: 0.423966 | Train Acc: 94.22%
Val: loss=0.4017, acc=10446/10975 (95.18%)
saved best: 95.18%
Epoch 81 [0/84843] Loss: 0.489713
Epoch 81 [35000/84843] Loss: 0.473131
Epoch 81 [70000/84843] Loss: 0.366876
Epoch 81 - Avg Loss: 0.424269 | Train Acc: 94.18%
Val: loss=0.4149, acc=10388/10975 (94.65%)
Epoch 82 [0/84843] Loss: 0.401775
Epoch 82 [35000/84843] Loss: 0.341559
Epoch 82 [70000/84843] Loss: 0.342373
Epoch 82 - Avg Loss: 0.423229 | Train Acc: 94.22%
Val: loss=0.4036, acc=10426/10975 (95.00%)
Epoch 83 [0/84843] Loss: 0.525554
Epoch 83 [35000/84843] Loss: 0.377008
Epoch 83 [70000/84843] Loss: 0.374836
Epoch 83 - Avg Loss: 0.421601 | Train Acc: 94.24%
Val: loss=0.3988, acc=10461/10975 (95.32%)
saved best: 95.32%
Epoch 84 [0/84843] Loss: 0.374762
Epoch 84 [35000/84843] Loss: 0.534330
Epoch 84 [70000/84843] Loss: 0.566731
Epoch 84 - Avg Loss: 0.425222 | Train Acc: 94.11%
Val: loss=0.4126, acc=10410/10975 (94.85%)
Epoch 85 [0/84843] Loss: 0.406737
Epoch 85 [35000/84843] Loss: 0.409651
Epoch 85 [70000/84843] Loss: 0.366117
Epoch 85 - Avg Loss: 0.419148 | Train Acc: 94.36%
Val: loss=0.4095, acc=10412/10975 (94.87%)
Epoch 86 [0/84843] Loss: 0.447927
Epoch 86 [35000/84843] Loss: 0.352422
Epoch 86 [70000/84843] Loss: 0.382478
Epoch 86 - Avg Loss: 0.423538 | Train Acc: 94.22%
Val: loss=0.4068, acc=10417/10975 (94.92%)
Epoch 87 [0/84843] Loss: 0.451808
Epoch 87 [35000/84843] Loss: 0.440557
Epoch 87 [70000/84843] Loss: 0.458625
Epoch 87 - Avg Loss: 0.417828 | Train Acc: 94.43%
Val: loss=0.4160, acc=10401/10975 (94.77%)
Epoch 88 [0/84843] Loss: 0.449709
Epoch 88 [35000/84843] Loss: 0.504966
Epoch 88 [70000/84843] Loss: 0.476602
Epoch 88 - Avg Loss: 0.422000 | Train Acc: 94.35%
Val: loss=0.4018, acc=10435/10975 (95.08%)
Epoch 89 [0/84843] Loss: 0.324057
Epoch 89 [35000/84843] Loss: 0.416252
Epoch 89 [70000/84843] Loss: 0.384665
Epoch 89 - Avg Loss: 0.416626 | Train Acc: 94.53%
Val: loss=0.4047, acc=10413/10975 (94.88%)
Epoch 90 [0/84843] Loss: 0.425167
Epoch 90 [35000/84843] Loss: 0.417554
Epoch 90 [70000/84843] Loss: 0.336121
Epoch 90 - Avg Loss: 0.415799 | Train Acc: 94.54%
Val: loss=0.4004, acc=10455/10975 (95.26%)
Epoch 91 [0/84843] Loss: 0.658166
Epoch 91 [35000/84843] Loss: 0.351421
Epoch 91 [70000/84843] Loss: 0.627530
Epoch 91 - Avg Loss: 0.412556 | Train Acc: 94.64%
Val: loss=0.3969, acc=10451/10975 (95.23%)
Epoch 92 [0/84843] Loss: 0.495866
Epoch 92 [35000/84843] Loss: 0.345779
Epoch 92 [70000/84843] Loss: 0.466734
Epoch 92 - Avg Loss: 0.417837 | Train Acc: 94.44%
Val: loss=0.4096, acc=10421/10975 (94.95%)
Epoch 93 [0/84843] Loss: 0.463398
Epoch 93 [35000/84843] Loss: 0.437200
Epoch 93 [70000/84843] Loss: 0.352089
Epoch 93 - Avg Loss: 0.416711 | Train Acc: 94.47%
Val: loss=0.3993, acc=10445/10975 (95.17%)
Epoch 94 [0/84843] Loss: 0.425435
Epoch 94 [35000/84843] Loss: 0.356141
Epoch 94 [70000/84843] Loss: 0.602968
Epoch 94 - Avg Loss: 0.414854 | Train Acc: 94.59%
Val: loss=0.3990, acc=10464/10975 (95.34%)
saved best: 95.34%
Epoch 95 [0/84843] Loss: 0.380258
Epoch 95 [35000/84843] Loss: 0.497412
Epoch 95 [70000/84843] Loss: 0.441119
Epoch 95 - Avg Loss: 0.411969 | Train Acc: 94.63%
Val: loss=0.4086, acc=10426/10975 (95.00%)
Epoch 96 [0/84843] Loss: 0.404317
Epoch 96 [35000/84843] Loss: 0.446651
Epoch 96 [70000/84843] Loss: 0.468360
Epoch 96 - Avg Loss: 0.411683 | Train Acc: 94.63%
Val: loss=0.4071, acc=10420/10975 (94.94%)
Epoch 97 [0/84843] Loss: 0.376580
Epoch 97 [35000/84843] Loss: 0.460145
Epoch 97 [70000/84843] Loss: 0.366847
Epoch 97 - Avg Loss: 0.411971 | Train Acc: 94.59%
Val: loss=0.4017, acc=10445/10975 (95.17%)
Epoch 98 [0/84843] Loss: 0.442819
Epoch 98 [35000/84843] Loss: 0.390587
Epoch 98 [70000/84843] Loss: 0.405592
Epoch 98 - Avg Loss: 0.410646 | Train Acc: 94.66%
Val: loss=0.3974, acc=10466/10975 (95.36%)
saved best: 95.36%
Epoch 99 [0/84843] Loss: 0.445660
Epoch 99 [35000/84843] Loss: 0.326121
Epoch 99 [70000/84843] Loss: 0.305589
Epoch 99 - Avg Loss: 0.411341 | Train Acc: 94.70%
Val: loss=0.4069, acc=10412/10975 (94.87%)
Epoch 100 [0/84843] Loss: 0.369785
Epoch 100 [35000/84843] Loss: 0.388418
Epoch 100 [70000/84843] Loss: 0.551684
Epoch 100 - Avg Loss: 0.408737 | Train Acc: 94.75%
Val: loss=0.3989, acc=10441/10975 (95.13%)
Epoch 101 [0/84843] Loss: 0.338067
Epoch 101 [35000/84843] Loss: 0.403859
Epoch 101 [70000/84843] Loss: 0.339993
Epoch 101 - Avg Loss: 0.409895 | Train Acc: 94.77%
Val: loss=0.3971, acc=10458/10975 (95.29%)
Epoch 102 [0/84843] Loss: 0.373725
Epoch 102 [35000/84843] Loss: 0.354750
Epoch 102 [70000/84843] Loss: 0.529192
Epoch 102 - Avg Loss: 0.407766 | Train Acc: 94.80%
Val: loss=0.4070, acc=10417/10975 (94.92%)
Epoch 103 [0/84843] Loss: 0.567910
Epoch 103 [35000/84843] Loss: 0.383326
Epoch 103 [70000/84843] Loss: 0.392377
Epoch 103 - Avg Loss: 0.408989 | Train Acc: 94.71%
Val: loss=0.4025, acc=10442/10975 (95.14%)
Epoch 104 [0/84843] Loss: 0.300184
Epoch 104 [35000/84843] Loss: 0.466756
Epoch 104 [70000/84843] Loss: 0.572696
Epoch 104 - Avg Loss: 0.408675 | Train Acc: 94.84%
Val: loss=0.3964, acc=10466/10975 (95.36%)
Epoch 105 [0/84843] Loss: 0.479924
Epoch 105 [35000/84843] Loss: 0.363964
Epoch 105 [70000/84843] Loss: 0.487918
Epoch 105 - Avg Loss: 0.405379 | Train Acc: 94.94%
Val: loss=0.4006, acc=10449/10975 (95.21%)
Epoch 106 [0/84843] Loss: 0.620487
Epoch 106 [35000/84843] Loss: 0.604987
Epoch 106 [70000/84843] Loss: 0.367992
Epoch 106 - Avg Loss: 0.405858 | Train Acc: 94.84%
Val: loss=0.4034, acc=10426/10975 (95.00%)
Epoch 107 [0/84843] Loss: 0.387250
Epoch 107 [35000/84843] Loss: 0.336386
Epoch 107 [70000/84843] Loss: 0.308066
Epoch 107 - Avg Loss: 0.406156 | Train Acc: 94.83%
Val: loss=0.4069, acc=10424/10975 (94.98%)
Epoch 108 [0/84843] Loss: 0.502681
Epoch 108 [35000/84843] Loss: 0.459956
Epoch 108 [70000/84843] Loss: 0.356197
Epoch 108 - Avg Loss: 0.407050 | Train Acc: 94.78%
Val: loss=0.3948, acc=10475/10975 (95.44%)
saved best: 95.44%
Epoch 109 [0/84843] Loss: 0.463539
Epoch 109 [35000/84843] Loss: 0.489794
Epoch 109 [70000/84843] Loss: 0.294312
Epoch 109 - Avg Loss: 0.405655 | Train Acc: 94.82%
Val: loss=0.3937, acc=10473/10975 (95.43%)
Epoch 110 [0/84843] Loss: 0.368859
Epoch 110 [35000/84843] Loss: 0.332371
Epoch 110 [70000/84843] Loss: 0.390570
Epoch 110 - Avg Loss: 0.404864 | Train Acc: 94.92%
Val: loss=0.4043, acc=10434/10975 (95.07%)
Epoch 111 [0/84843] Loss: 0.414323
Epoch 111 [35000/84843] Loss: 0.404447
Epoch 111 [70000/84843] Loss: 0.593554
Epoch 111 - Avg Loss: 0.406663 | Train Acc: 94.79%
Val: loss=0.3847, acc=10522/10975 (95.87%)
saved best: 95.87%
Epoch 112 [0/84843] Loss: 0.488399
Epoch 112 [35000/84843] Loss: 0.324752
Epoch 112 [70000/84843] Loss: 0.466988
Epoch 112 - Avg Loss: 0.400613 | Train Acc: 95.06%
Val: loss=0.3951, acc=10466/10975 (95.36%)
Epoch 113 [0/84843] Loss: 0.324709
Epoch 113 [35000/84843] Loss: 0.347082
Epoch 113 [70000/84843] Loss: 0.382279
Epoch 113 - Avg Loss: 0.402562 | Train Acc: 94.97%
Val: loss=0.3958, acc=10460/10975 (95.31%)
Epoch 114 [0/84843] Loss: 0.376015
Epoch 114 [35000/84843] Loss: 0.462304
Epoch 114 [70000/84843] Loss: 0.368484
Epoch 114 - Avg Loss: 0.402214 | Train Acc: 95.06%
Val: loss=0.4006, acc=10452/10975 (95.23%)
Epoch 115 [0/84843] Loss: 0.417718
Epoch 115 [35000/84843] Loss: 0.363477
Epoch 115 [70000/84843] Loss: 0.367163
Epoch 115 - Avg Loss: 0.401930 | Train Acc: 95.06%
Val: loss=0.3987, acc=10456/10975 (95.27%)
Epoch 116 [0/84843] Loss: 0.292096
Epoch 116 [35000/84843] Loss: 0.536993
Epoch 116 [70000/84843] Loss: 0.542079
Epoch 116 - Avg Loss: 0.401124 | Train Acc: 95.00%
Val: loss=0.4021, acc=10456/10975 (95.27%)
Epoch 117 [0/84843] Loss: 0.394589
Epoch 117 [35000/84843] Loss: 0.384781
Epoch 117 [70000/84843] Loss: 0.420025
Epoch 117 - Avg Loss: 0.401312 | Train Acc: 95.07%
Val: loss=0.3988, acc=10452/10975 (95.23%)
Epoch 118 [0/84843] Loss: 0.354508
Epoch 118 [35000/84843] Loss: 0.415114
Epoch 118 [70000/84843] Loss: 0.344922
Epoch 118 - Avg Loss: 0.399362 | Train Acc: 95.07%
Val: loss=0.4012, acc=10442/10975 (95.14%)
Epoch 119 [0/84843] Loss: 0.389398
Epoch 119 [35000/84843] Loss: 0.424104
Epoch 119 [70000/84843] Loss: 0.481594
Epoch 119 - Avg Loss: 0.401298 | Train Acc: 95.06%
Val: loss=0.3993, acc=10484/10975 (95.53%)
Epoch 120 [0/84843] Loss: 0.369221
Epoch 120 [35000/84843] Loss: 0.480459
Epoch 120 [70000/84843] Loss: 0.329387
Epoch 120 - Avg Loss: 0.398781 | Train Acc: 95.12%
Val: loss=0.3877, acc=10498/10975 (95.65%)
Epoch 121 [0/84843] Loss: 0.316474
Epoch 121 [35000/84843] Loss: 0.369720
Epoch 121 [70000/84843] Loss: 0.390969
Epoch 121 - Avg Loss: 0.396867 | Train Acc: 95.26%
Val: loss=0.3831, acc=10507/10975 (95.74%)
Epoch 122 [0/84843] Loss: 0.533234
Epoch 122 [35000/84843] Loss: 0.536763
Epoch 122 [70000/84843] Loss: 0.344605
Epoch 122 - Avg Loss: 0.399705 | Train Acc: 95.07%
Val: loss=0.3914, acc=10490/10975 (95.58%)
Epoch 123 [0/84843] Loss: 0.478483
Epoch 123 [35000/84843] Loss: 0.355903
Epoch 123 [70000/84843] Loss: 0.447434
Epoch 123 - Avg Loss: 0.399124 | Train Acc: 95.11%
Val: loss=0.3946, acc=10479/10975 (95.48%)
Epoch 124 [0/84843] Loss: 0.408033
Epoch 124 [35000/84843] Loss: 0.313463
Epoch 124 [70000/84843] Loss: 0.476597
Epoch 124 - Avg Loss: 0.400427 | Train Acc: 94.97%
Val: loss=0.3939, acc=10464/10975 (95.34%)
Epoch 125 [0/84843] Loss: 0.349358
Epoch 125 [35000/84843] Loss: 0.411515
Epoch 125 [70000/84843] Loss: 0.594978
Epoch 125 - Avg Loss: 0.399005 | Train Acc: 95.16%
Val: loss=0.3954, acc=10490/10975 (95.58%)
Epoch 126 [0/84843] Loss: 0.329843
Epoch 126 [35000/84843] Loss: 0.383461
Epoch 126 [70000/84843] Loss: 0.504558
Epoch 126 - Avg Loss: 0.394588 | Train Acc: 95.30%
Val: loss=0.3923, acc=10495/10975 (95.63%)
Epoch 127 [0/84843] Loss: 0.463526
Epoch 127 [35000/84843] Loss: 0.350866
Epoch 127 [70000/84843] Loss: 0.362806
Epoch 127 - Avg Loss: 0.398282 | Train Acc: 95.12%
Val: loss=0.3832, acc=10532/10975 (95.96%)
saved best: 95.96%
Epoch 128 [0/84843] Loss: 0.312635
Epoch 128 [35000/84843] Loss: 0.531867
Epoch 128 [70000/84843] Loss: 0.615115
Epoch 128 - Avg Loss: 0.397172 | Train Acc: 95.16%
Val: loss=0.3902, acc=10480/10975 (95.49%)
Epoch 129 [0/84843] Loss: 0.404084
Epoch 129 [35000/84843] Loss: 0.354414
Epoch 129 [70000/84843] Loss: 0.363654
Epoch 129 - Avg Loss: 0.396835 | Train Acc: 95.27%
Val: loss=0.3888, acc=10496/10975 (95.64%)
Epoch 130 [0/84843] Loss: 0.443186
Epoch 130 [35000/84843] Loss: 0.461799
Epoch 130 [70000/84843] Loss: 0.329362
Epoch 130 - Avg Loss: 0.394384 | Train Acc: 95.30%
Val: loss=0.3886, acc=10507/10975 (95.74%)
Epoch 131 [0/84843] Loss: 0.369911
Epoch 131 [35000/84843] Loss: 0.296174
Epoch 131 [70000/84843] Loss: 0.339383
Epoch 131 - Avg Loss: 0.397156 | Train Acc: 95.18%
Val: loss=0.3933, acc=10481/10975 (95.50%)
Epoch 132 [0/84843] Loss: 0.343136
Epoch 132 [35000/84843] Loss: 0.537932
Epoch 132 [70000/84843] Loss: 0.433529
Epoch 132 - Avg Loss: 0.392862 | Train Acc: 95.31%
Val: loss=0.3871, acc=10509/10975 (95.75%)
Epoch 133 [0/84843] Loss: 0.391845
Epoch 133 [35000/84843] Loss: 0.505615
Epoch 133 [70000/84843] Loss: 0.308558
Epoch 133 - Avg Loss: 0.393001 | Train Acc: 95.39%
Val: loss=0.3880, acc=10501/10975 (95.68%)
Epoch 134 [0/84843] Loss: 0.349490
Epoch 134 [35000/84843] Loss: 0.389713
Epoch 134 [70000/84843] Loss: 0.312211
Epoch 134 - Avg Loss: 0.390454 | Train Acc: 95.45%
Val: loss=0.3883, acc=10513/10975 (95.79%)
Epoch 135 [0/84843] Loss: 0.396288
Epoch 135 [35000/84843] Loss: 0.307025
Epoch 135 [70000/84843] Loss: 0.378229
Epoch 135 - Avg Loss: 0.391781 | Train Acc: 95.43%
Val: loss=0.3941, acc=10486/10975 (95.54%)
Epoch 136 [0/84843] Loss: 0.351110
Epoch 136 [35000/84843] Loss: 0.486682
Epoch 136 [70000/84843] Loss: 0.460691
Epoch 136 - Avg Loss: 0.393194 | Train Acc: 95.34%
Val: loss=0.3905, acc=10491/10975 (95.59%)
Epoch 137 [0/84843] Loss: 0.498247
Epoch 137 [35000/84843] Loss: 0.306543
Epoch 137 [70000/84843] Loss: 0.476030
Epoch 137 - Avg Loss: 0.392905 | Train Acc: 95.33%
Val: loss=0.3853, acc=10505/10975 (95.72%)
Epoch 138 [0/84843] Loss: 0.343846
Epoch 138 [35000/84843] Loss: 0.321241
Epoch 138 [70000/84843] Loss: 0.410768
Epoch 138 - Avg Loss: 0.391804 | Train Acc: 95.37%
Val: loss=0.3929, acc=10467/10975 (95.37%)
Epoch 139 [0/84843] Loss: 0.480515
Epoch 139 [35000/84843] Loss: 0.302010
Epoch 139 [70000/84843] Loss: 0.395486
Epoch 139 - Avg Loss: 0.392801 | Train Acc: 95.36%
Val: loss=0.3848, acc=10521/10975 (95.86%)
Epoch 140 [0/84843] Loss: 0.334137
Epoch 140 [35000/84843] Loss: 0.309820
Epoch 140 [70000/84843] Loss: 0.406239
Epoch 140 - Avg Loss: 0.390059 | Train Acc: 95.48%
Val: loss=0.3905, acc=10488/10975 (95.56%)
Epoch 141 [0/84843] Loss: 0.310467
Epoch 141 [35000/84843] Loss: 0.350743
Epoch 141 [70000/84843] Loss: 0.459742
Epoch 141 - Avg Loss: 0.388922 | Train Acc: 95.52%
Val: loss=0.3941, acc=10465/10975 (95.35%)
Epoch 142 [0/84843] Loss: 0.330047
Epoch 142 [35000/84843] Loss: 0.300457
Epoch 142 [70000/84843] Loss: 0.473245
Epoch 142 - Avg Loss: 0.391269 | Train Acc: 95.37%
Val: loss=0.3917, acc=10471/10975 (95.41%)
Epoch 143 [0/84843] Loss: 0.311379
Epoch 143 [35000/84843] Loss: 0.330551
Epoch 143 [70000/84843] Loss: 0.395577
Epoch 143 - Avg Loss: 0.388900 | Train Acc: 95.52%
Val: loss=0.3936, acc=10461/10975 (95.32%)
Epoch 144 [0/84843] Loss: 0.434655
Epoch 144 [35000/84843] Loss: 0.503511
Epoch 144 [70000/84843] Loss: 0.440489
Epoch 144 - Avg Loss: 0.389772 | Train Acc: 95.51%
Val: loss=0.3898, acc=10496/10975 (95.64%)
Epoch 145 [0/84843] Loss: 0.318532
Epoch 145 [35000/84843] Loss: 0.364373
Epoch 145 [70000/84843] Loss: 0.302034
Epoch 145 - Avg Loss: 0.390292 | Train Acc: 95.44%
Val: loss=0.3841, acc=10527/10975 (95.92%)
Epoch 146 [0/84843] Loss: 0.325822
Epoch 146 [35000/84843] Loss: 0.436047
Epoch 146 [70000/84843] Loss: 0.349828
Epoch 146 - Avg Loss: 0.392135 | Train Acc: 95.38%
Val: loss=0.3876, acc=10503/10975 (95.70%)
Epoch 147 [0/84843] Loss: 0.398588
Epoch 147 [35000/84843] Loss: 0.330925
Epoch 147 [70000/84843] Loss: 0.378625
Epoch 147 - Avg Loss: 0.386354 | Train Acc: 95.63%
Val: loss=0.3862, acc=10484/10975 (95.53%)
Epoch 148 [0/84843] Loss: 0.347476
Epoch 148 [35000/84843] Loss: 0.334334
Epoch 148 [70000/84843] Loss: 0.464580
Epoch 148 - Avg Loss: 0.388995 | Train Acc: 95.49%
Val: loss=0.3909, acc=10500/10975 (95.67%)
Epoch 149 [0/84843] Loss: 0.287618
Epoch 149 [35000/84843] Loss: 0.461341
Epoch 149 [70000/84843] Loss: 0.538335
Epoch 149 - Avg Loss: 0.387221 | Train Acc: 95.62%
Val: loss=0.3862, acc=10516/10975 (95.82%)
Epoch 150 [0/84843] Loss: 0.457973
Epoch 150 [35000/84843] Loss: 0.352463
Epoch 150 [70000/84843] Loss: 0.386003
Epoch 150 - Avg Loss: 0.387778 | Train Acc: 95.57%
Val: loss=0.3819, acc=10529/10975 (95.94%)
Epoch 151 [0/84843] Loss: 0.305050
Epoch 151 [35000/84843] Loss: 0.377751
Epoch 151 [70000/84843] Loss: 0.422168
Epoch 151 - Avg Loss: 0.385461 | Train Acc: 95.64%
Val: loss=0.3843, acc=10514/10975 (95.80%)
Epoch 152 [0/84843] Loss: 0.337170
Epoch 152 [35000/84843] Loss: 0.330267
Epoch 152 [70000/84843] Loss: 0.329217
Epoch 152 - Avg Loss: 0.386284 | Train Acc: 95.59%
Val: loss=0.3841, acc=10504/10975 (95.71%)
Epoch 153 [0/84843] Loss: 0.356672
Epoch 153 [35000/84843] Loss: 0.396775
Epoch 153 [70000/84843] Loss: 0.397053
Epoch 153 - Avg Loss: 0.390637 | Train Acc: 95.41%
Val: loss=0.3880, acc=10497/10975 (95.64%)
Epoch 154 [0/84843] Loss: 0.494446
Epoch 154 [35000/84843] Loss: 0.482784
Epoch 154 [70000/84843] Loss: 0.327250
Epoch 154 - Avg Loss: 0.386931 | Train Acc: 95.65%
Val: loss=0.3937, acc=10472/10975 (95.42%)
Epoch 155 [0/84843] Loss: 0.369552
Epoch 155 [35000/84843] Loss: 0.315948
Epoch 155 [70000/84843] Loss: 0.551354
Epoch 155 - Avg Loss: 0.387914 | Train Acc: 95.53%
Val: loss=0.3847, acc=10520/10975 (95.85%)
Epoch 156 [0/84843] Loss: 0.312241
Epoch 156 [35000/84843] Loss: 0.418880
Epoch 156 [70000/84843] Loss: 0.398230
Epoch 156 - Avg Loss: 0.385324 | Train Acc: 95.67%
Val: loss=0.3909, acc=10503/10975 (95.70%)
Epoch 157 [0/84843] Loss: 0.349315
Epoch 157 [35000/84843] Loss: 0.347520
Epoch 157 [70000/84843] Loss: 0.322535
Epoch 157 - Avg Loss: 0.388196 | Train Acc: 95.53%
Val: loss=0.3871, acc=10502/10975 (95.69%)
Epoch 158 [0/84843] Loss: 0.300660
Epoch 158 [35000/84843] Loss: 0.326346
Epoch 158 [70000/84843] Loss: 0.365599
Epoch 158 - Avg Loss: 0.386069 | Train Acc: 95.60%
Val: loss=0.3818, acc=10528/10975 (95.93%)
Epoch 159 [0/84843] Loss: 0.344099
Epoch 159 [35000/84843] Loss: 0.381094
Epoch 159 [70000/84843] Loss: 0.478477
Epoch 159 - Avg Loss: 0.385189 | Train Acc: 95.67%
Val: loss=0.3893, acc=10502/10975 (95.69%)
Epoch 160 [0/84843] Loss: 0.415100
Epoch 160 [35000/84843] Loss: 0.343393
Epoch 160 [70000/84843] Loss: 0.334344
Epoch 160 - Avg Loss: 0.384087 | Train Acc: 95.69%
Val: loss=0.3842, acc=10538/10975 (96.02%)
saved best: 96.02%
Epoch 161 [0/84843] Loss: 0.312266
Epoch 161 [35000/84843] Loss: 0.486621
Epoch 161 [70000/84843] Loss: 0.358349
Epoch 161 - Avg Loss: 0.381715 | Train Acc: 95.79%
Val: loss=0.3878, acc=10503/10975 (95.70%)
Epoch 162 [0/84843] Loss: 0.338322
Epoch 162 [35000/84843] Loss: 0.349027
Epoch 162 [70000/84843] Loss: 0.386746
Epoch 162 - Avg Loss: 0.384160 | Train Acc: 95.71%
Val: loss=0.3887, acc=10506/10975 (95.73%)
Epoch 163 [0/84843] Loss: 0.292257
Epoch 163 [35000/84843] Loss: 0.432326
Epoch 163 [70000/84843] Loss: 0.476402
Epoch 163 - Avg Loss: 0.385741 | Train Acc: 95.58%
Val: loss=0.3839, acc=10506/10975 (95.73%)
Epoch 164 [0/84843] Loss: 0.348836
Epoch 164 [35000/84843] Loss: 0.414592
Epoch 164 [70000/84843] Loss: 0.398975
Epoch 164 - Avg Loss: 0.382275 | Train Acc: 95.76%
Val: loss=0.3910, acc=10475/10975 (95.44%)
Epoch 165 [0/84843] Loss: 0.324509
Epoch 165 [35000/84843] Loss: 0.288045
Epoch 165 [70000/84843] Loss: 0.366673
Epoch 165 - Avg Loss: 0.383046 | Train Acc: 95.74%
Val: loss=0.3776, acc=10538/10975 (96.02%)
Epoch 166 [0/84843] Loss: 0.434141
Epoch 166 [35000/84843] Loss: 0.330623
Epoch 166 [70000/84843] Loss: 0.454018
Epoch 166 - Avg Loss: 0.380224 | Train Acc: 95.87%
Val: loss=0.3855, acc=10526/10975 (95.91%)
Epoch 167 [0/84843] Loss: 0.290270
Epoch 167 [35000/84843] Loss: 0.373194
Epoch 167 [70000/84843] Loss: 0.434663
Epoch 167 - Avg Loss: 0.381156 | Train Acc: 95.81%
Val: loss=0.3884, acc=10507/10975 (95.74%)
Epoch 168 [0/84843] Loss: 0.291807
Epoch 168 [35000/84843] Loss: 0.317766
Epoch 168 [70000/84843] Loss: 0.331442
Epoch 168 - Avg Loss: 0.381110 | Train Acc: 95.88%
Val: loss=0.3865, acc=10523/10975 (95.88%)
Epoch 169 [0/84843] Loss: 0.399729
Epoch 169 [35000/84843] Loss: 0.283629
Epoch 169 [70000/84843] Loss: 0.282298
Epoch 169 - Avg Loss: 0.382993 | Train Acc: 95.72%
Val: loss=0.3858, acc=10512/10975 (95.78%)
Epoch 170 [0/84843] Loss: 0.522970
Epoch 170 [35000/84843] Loss: 0.364399
Epoch 170 [70000/84843] Loss: 0.365191
Epoch 170 - Avg Loss: 0.381922 | Train Acc: 95.77%
Val: loss=0.3897, acc=10503/10975 (95.70%)
Epoch 171 [0/84843] Loss: 0.343868
Epoch 171 [35000/84843] Loss: 0.350288
Epoch 171 [70000/84843] Loss: 0.281363
Epoch 171 - Avg Loss: 0.381140 | Train Acc: 95.79%
Val: loss=0.3879, acc=10506/10975 (95.73%)
Epoch 172 [0/84843] Loss: 0.280939
Epoch 172 [35000/84843] Loss: 0.384788
Epoch 172 [70000/84843] Loss: 0.402575
Epoch 172 - Avg Loss: 0.380924 | Train Acc: 95.83%
Val: loss=0.3866, acc=10537/10975 (96.01%)
Epoch 173 [0/84843] Loss: 0.316117
Epoch 173 [35000/84843] Loss: 0.362071
Epoch 173 [70000/84843] Loss: 0.291962
Epoch 173 - Avg Loss: 0.382065 | Train Acc: 95.79%
Val: loss=0.3879, acc=10519/10975 (95.85%)
Epoch 174 [0/84843] Loss: 0.358181
Epoch 174 [35000/84843] Loss: 0.423423
Epoch 174 [70000/84843] Loss: 0.382269
Epoch 174 - Avg Loss: 0.382691 | Train Acc: 95.72%
Val: loss=0.3819, acc=10517/10975 (95.83%)
Epoch 175 [0/84843] Loss: 0.335966
Epoch 175 [35000/84843] Loss: 0.390890
Epoch 175 [70000/84843] Loss: 0.362362
Epoch 175 - Avg Loss: 0.380705 | Train Acc: 95.83%
Val: loss=0.3835, acc=10520/10975 (95.85%)
Epoch 176 [0/84843] Loss: 0.364360
Epoch 176 [35000/84843] Loss: 0.337321
Epoch 176 [70000/84843] Loss: 0.295059
Epoch 176 - Avg Loss: 0.381464 | Train Acc: 95.79%
Val: loss=0.3831, acc=10515/10975 (95.81%)
Epoch 177 [0/84843] Loss: 0.285366
Epoch 177 [35000/84843] Loss: 0.298475
Epoch 177 [70000/84843] Loss: 0.350052
Epoch 177 - Avg Loss: 0.379724 | Train Acc: 95.84%
Val: loss=0.3832, acc=10525/10975 (95.90%)
Epoch 178 [0/84843] Loss: 0.378227
Epoch 178 [35000/84843] Loss: 0.331659
Epoch 178 [70000/84843] Loss: 0.316051
Epoch 178 - Avg Loss: 0.378054 | Train Acc: 95.91%
Val: loss=0.3789, acc=10550/10975 (96.13%)
saved best: 96.13%
Epoch 179 [0/84843] Loss: 0.348186
Epoch 179 [35000/84843] Loss: 0.374730
Epoch 179 [70000/84843] Loss: 0.334340
Epoch 179 - Avg Loss: 0.380176 | Train Acc: 95.80%
Val: loss=0.3828, acc=10532/10975 (95.96%)
Epoch 180 [0/84843] Loss: 0.326081
Epoch 180 [35000/84843] Loss: 0.401966
Epoch 180 [70000/84843] Loss: 0.543413
Epoch 180 - Avg Loss: 0.379778 | Train Acc: 95.87%
Val: loss=0.3781, acc=10535/10975 (95.99%)
Epoch 181 [0/84843] Loss: 0.388077
Epoch 181 [35000/84843] Loss: 0.466917
Epoch 181 [70000/84843] Loss: 0.503094
Epoch 181 - Avg Loss: 0.377762 | Train Acc: 95.94%
Val: loss=0.3838, acc=10529/10975 (95.94%)
Epoch 182 [0/84843] Loss: 0.298689
Epoch 182 [35000/84843] Loss: 0.705638
Epoch 182 [70000/84843] Loss: 0.482398
Epoch 182 - Avg Loss: 0.379915 | Train Acc: 95.86%
Val: loss=0.3831, acc=10522/10975 (95.87%)
Epoch 183 [0/84843] Loss: 0.358902
Epoch 183 [35000/84843] Loss: 0.397182
Epoch 183 [70000/84843] Loss: 0.289782
Epoch 183 - Avg Loss: 0.379486 | Train Acc: 95.84%
Val: loss=0.3829, acc=10523/10975 (95.88%)
Epoch 184 [0/84843] Loss: 0.334673
Epoch 184 [35000/84843] Loss: 0.337349
Epoch 184 [70000/84843] Loss: 0.326701
Epoch 184 - Avg Loss: 0.377294 | Train Acc: 95.95%
Val: loss=0.3770, acc=10548/10975 (96.11%)
Epoch 185 [0/84843] Loss: 0.305537
Epoch 185 [35000/84843] Loss: 0.526380
Epoch 185 [70000/84843] Loss: 0.434392
Epoch 185 - Avg Loss: 0.376822 | Train Acc: 95.96%
Val: loss=0.3791, acc=10553/10975 (96.15%)
saved best: 96.15%
Epoch 186 [0/84843] Loss: 0.305833
Epoch 186 [35000/84843] Loss: 0.316483
Epoch 186 [70000/84843] Loss: 0.420952
Epoch 186 - Avg Loss: 0.379305 | Train Acc: 95.83%
Val: loss=0.3871, acc=10516/10975 (95.82%)
Epoch 187 [0/84843] Loss: 0.313927
Epoch 187 [35000/84843] Loss: 0.326280
Epoch 187 [70000/84843] Loss: 0.438508
Epoch 187 - Avg Loss: 0.377055 | Train Acc: 95.98%
Val: loss=0.3939, acc=10499/10975 (95.66%)
Epoch 188 [0/84843] Loss: 0.584389
Epoch 188 [35000/84843] Loss: 0.301072
Epoch 188 [70000/84843] Loss: 0.369236
Epoch 188 - Avg Loss: 0.379746 | Train Acc: 95.85%
Val: loss=0.3785, acc=10539/10975 (96.03%)
Epoch 189 [0/84843] Loss: 0.318550
Epoch 189 [35000/84843] Loss: 0.300440
Epoch 189 [70000/84843] Loss: 0.588326
Epoch 189 - Avg Loss: 0.375549 | Train Acc: 95.98%
Val: loss=0.3928, acc=10494/10975 (95.62%)
Epoch 190 [0/84843] Loss: 0.368888
Epoch 190 [35000/84843] Loss: 0.382942
Epoch 190 [70000/84843] Loss: 0.313699
Epoch 190 - Avg Loss: 0.377494 | Train Acc: 95.93%
Val: loss=0.3822, acc=10523/10975 (95.88%)
Epoch 191 [0/84843] Loss: 0.309563
Epoch 191 [35000/84843] Loss: 0.563432
Epoch 191 [70000/84843] Loss: 0.418541
Epoch 191 - Avg Loss: 0.377689 | Train Acc: 95.94%
Val: loss=0.3818, acc=10526/10975 (95.91%)
Epoch 192 [0/84843] Loss: 0.302403
Epoch 192 [35000/84843] Loss: 0.301370
Epoch 192 [70000/84843] Loss: 0.417220
Epoch 192 - Avg Loss: 0.372666 | Train Acc: 96.12%
Val: loss=0.3783, acc=10532/10975 (95.96%)
Epoch 193 [0/84843] Loss: 0.373234
Epoch 193 [35000/84843] Loss: 0.462601
Epoch 193 [70000/84843] Loss: 0.321363
Epoch 193 - Avg Loss: 0.375854 | Train Acc: 95.95%
Val: loss=0.3813, acc=10546/10975 (96.09%)
Epoch 194 [0/84843] Loss: 0.336664
Epoch 194 [35000/84843] Loss: 0.414327
Epoch 194 [70000/84843] Loss: 0.315506
Epoch 194 - Avg Loss: 0.379018 | Train Acc: 95.89%
Val: loss=0.3729, acc=10569/10975 (96.30%)
saved best: 96.30%
Epoch 195 [0/84843] Loss: 0.399180
Epoch 195 [35000/84843] Loss: 0.393423
Epoch 195 [70000/84843] Loss: 0.415531
Epoch 195 - Avg Loss: 0.377222 | Train Acc: 95.94%
Val: loss=0.3784, acc=10532/10975 (95.96%)
Epoch 196 [0/84843] Loss: 0.319483
Epoch 196 [35000/84843] Loss: 0.477142
Epoch 196 [70000/84843] Loss: 0.284682
Epoch 196 - Avg Loss: 0.374363 | Train Acc: 96.05%
Val: loss=0.3849, acc=10527/10975 (95.92%)
Epoch 197 [0/84843] Loss: 0.279552
Epoch 197 [35000/84843] Loss: 0.318544
Epoch 197 [70000/84843] Loss: 0.316777
Epoch 197 - Avg Loss: 0.376019 | Train Acc: 95.96%
Val: loss=0.3846, acc=10532/10975 (95.96%)
Epoch 198 [0/84843] Loss: 0.437391
Epoch 198 [35000/84843] Loss: 0.472938
Epoch 198 [70000/84843] Loss: 0.318030
Epoch 198 - Avg Loss: 0.375604 | Train Acc: 96.02%
Val: loss=0.3865, acc=10518/10975 (95.84%)
Epoch 199 [0/84843] Loss: 0.338023
Epoch 199 [35000/84843] Loss: 0.369881
Epoch 199 [70000/84843] Loss: 0.354647
Epoch 199 - Avg Loss: 0.374067 | Train Acc: 96.07%
Val: loss=0.3794, acc=10544/10975 (96.07%)
Epoch 200 [0/84843] Loss: 0.391443
Epoch 200 [35000/84843] Loss: 0.379666
Epoch 200 [70000/84843] Loss: 0.486626
Epoch 200 - Avg Loss: 0.375688 | Train Acc: 96.01%
Val: loss=0.3811, acc=10525/10975 (95.90%)
Epoch 201 [0/84843] Loss: 0.294310
Epoch 201 [35000/84843] Loss: 0.341440
Epoch 201 [70000/84843] Loss: 0.429907
Epoch 201 - Avg Loss: 0.374009 | Train Acc: 96.04%
Val: loss=0.3810, acc=10515/10975 (95.81%)
Epoch 202 [0/84843] Loss: 0.324038
Epoch 202 [35000/84843] Loss: 0.290596
Epoch 202 [70000/84843] Loss: 0.384024
Epoch 202 - Avg Loss: 0.372749 | Train Acc: 96.12%
Val: loss=0.3781, acc=10539/10975 (96.03%)
Epoch 203 [0/84843] Loss: 0.342425
Epoch 203 [35000/84843] Loss: 0.301624
Epoch 203 [70000/84843] Loss: 0.297762
Epoch 203 - Avg Loss: 0.372689 | Train Acc: 96.16%
Val: loss=0.3866, acc=10521/10975 (95.86%)
Epoch 204 [0/84843] Loss: 0.457412
Epoch 204 [35000/84843] Loss: 0.427758
Epoch 204 [70000/84843] Loss: 0.375290
Epoch 204 - Avg Loss: 0.372397 | Train Acc: 96.13%
Val: loss=0.3836, acc=10504/10975 (95.71%)
Epoch 205 [0/84843] Loss: 0.358400
Epoch 205 [35000/84843] Loss: 0.324989
Epoch 205 [70000/84843] Loss: 0.411673
Epoch 205 - Avg Loss: 0.371454 | Train Acc: 96.16%
Val: loss=0.3758, acc=10556/10975 (96.18%)
Epoch 206 [0/84843] Loss: 0.432456
Epoch 206 [35000/84843] Loss: 0.350721
Epoch 206 [70000/84843] Loss: 0.364465
Epoch 206 - Avg Loss: 0.374241 | Train Acc: 96.07%
Val: loss=0.3815, acc=10543/10975 (96.06%)
Epoch 207 [0/84843] Loss: 0.332063
Epoch 207 [35000/84843] Loss: 0.325703
Epoch 207 [70000/84843] Loss: 0.327143
Epoch 207 - Avg Loss: 0.371421 | Train Acc: 96.19%
Val: loss=0.3815, acc=10518/10975 (95.84%)
Epoch 208 [0/84843] Loss: 0.353150
Epoch 208 [35000/84843] Loss: 0.353206
Epoch 208 [70000/84843] Loss: 0.289834
Epoch 208 - Avg Loss: 0.371347 | Train Acc: 96.19%
Val: loss=0.3770, acc=10529/10975 (95.94%)
Epoch 209 [0/84843] Loss: 0.280736
Epoch 209 [35000/84843] Loss: 0.329567
Epoch 209 [70000/84843] Loss: 0.328045
Epoch 209 - Avg Loss: 0.372115 | Train Acc: 96.18%
Val: loss=0.3931, acc=10481/10975 (95.50%)
Epoch 210 [0/84843] Loss: 0.341519
Epoch 210 [35000/84843] Loss: 0.356861
Epoch 210 [70000/84843] Loss: 0.321284
Epoch 210 - Avg Loss: 0.370387 | Train Acc: 96.15%
Val: loss=0.3780, acc=10555/10975 (96.17%)
Epoch 211 [0/84843] Loss: 0.357931
Epoch 211 [35000/84843] Loss: 0.337685
Epoch 211 [70000/84843] Loss: 0.397172
Epoch 211 - Avg Loss: 0.368216 | Train Acc: 96.32%
Val: loss=0.3784, acc=10539/10975 (96.03%)
Epoch 212 [0/84843] Loss: 0.355078
Epoch 212 [35000/84843] Loss: 0.359782
Epoch 212 [70000/84843] Loss: 0.399621
Epoch 212 - Avg Loss: 0.370085 | Train Acc: 96.24%
Val: loss=0.3824, acc=10529/10975 (95.94%)
Epoch 213 [0/84843] Loss: 0.359041
Epoch 213 [35000/84843] Loss: 0.374767
Epoch 213 [70000/84843] Loss: 0.409877
Epoch 213 - Avg Loss: 0.369955 | Train Acc: 96.22%
Val: loss=0.3863, acc=10529/10975 (95.94%)
Epoch 214 [0/84843] Loss: 0.577107
Epoch 214 [35000/84843] Loss: 0.415226
Epoch 214 [70000/84843] Loss: 0.428474
Epoch 214 - Avg Loss: 0.368575 | Train Acc: 96.23%
Val: loss=0.3786, acc=10536/10975 (96.00%)
Epoch 215 [0/84843] Loss: 0.348789
Epoch 215 [35000/84843] Loss: 0.370102
Epoch 215 [70000/84843] Loss: 0.452370
Epoch 215 - Avg Loss: 0.369808 | Train Acc: 96.19%
Val: loss=0.3771, acc=10545/10975 (96.08%)
Epoch 216 [0/84843] Loss: 0.316989
Epoch 216 [35000/84843] Loss: 0.475640
Epoch 216 [70000/84843] Loss: 0.301111
Epoch 216 - Avg Loss: 0.368890 | Train Acc: 96.30%
Val: loss=0.3752, acc=10563/10975 (96.25%)
Epoch 217 [0/84843] Loss: 0.336238
Epoch 217 [35000/84843] Loss: 0.386233
Epoch 217 [70000/84843] Loss: 0.368428
Epoch 217 - Avg Loss: 0.367897 | Train Acc: 96.27%
Val: loss=0.3791, acc=10536/10975 (96.00%)
Epoch 218 [0/84843] Loss: 0.418546
Epoch 218 [35000/84843] Loss: 0.343183
Epoch 218 [70000/84843] Loss: 0.289692
Epoch 218 - Avg Loss: 0.367087 | Train Acc: 96.32%
Val: loss=0.3882, acc=10520/10975 (95.85%)
Epoch 219 [0/84843] Loss: 0.290656
Epoch 219 [35000/84843] Loss: 0.423610
Epoch 219 [70000/84843] Loss: 0.361395
Epoch 219 - Avg Loss: 0.367544 | Train Acc: 96.29%
Val: loss=0.3743, acc=10548/10975 (96.11%)
Epoch 220 [0/84843] Loss: 0.311392
Epoch 220 [35000/84843] Loss: 0.383364
Epoch 220 [70000/84843] Loss: 0.328611
Epoch 220 - Avg Loss: 0.369447 | Train Acc: 96.22%
Val: loss=0.3726, acc=10567/10975 (96.28%)
Epoch 221 [0/84843] Loss: 0.331264
Epoch 221 [35000/84843] Loss: 0.362509
Epoch 221 [70000/84843] Loss: 0.401249
Epoch 221 - Avg Loss: 0.369707 | Train Acc: 96.23%
Val: loss=0.3803, acc=10527/10975 (95.92%)
Epoch 222 [0/84843] Loss: 0.338905
Epoch 222 [35000/84843] Loss: 0.415362
Epoch 222 [70000/84843] Loss: 0.315855
Epoch 222 - Avg Loss: 0.368158 | Train Acc: 96.27%
Val: loss=0.3831, acc=10516/10975 (95.82%)
Epoch 223 [0/84843] Loss: 0.379072
Epoch 223 [35000/84843] Loss: 0.424600
Epoch 223 [70000/84843] Loss: 0.375114
Epoch 223 - Avg Loss: 0.367610 | Train Acc: 96.31%
Val: loss=0.3752, acc=10532/10975 (95.96%)
Epoch 224 [0/84843] Loss: 0.293106
Epoch 224 [35000/84843] Loss: 0.339222
Epoch 224 [70000/84843] Loss: 0.491225
Epoch 224 - Avg Loss: 0.366706 | Train Acc: 96.29%
Val: loss=0.3810, acc=10545/10975 (96.08%)
Epoch 225 [0/84843] Loss: 0.416227
Epoch 225 [35000/84843] Loss: 0.335165
Epoch 225 [70000/84843] Loss: 0.363496
Epoch 225 - Avg Loss: 0.366151 | Train Acc: 96.39%
Val: loss=0.3745, acc=10551/10975 (96.14%)
Epoch 226 [0/84843] Loss: 0.418366
Epoch 226 [35000/84843] Loss: 0.352321
Epoch 226 [70000/84843] Loss: 0.372639
Epoch 226 - Avg Loss: 0.365840 | Train Acc: 96.36%
Val: loss=0.3840, acc=10530/10975 (95.95%)
Epoch 227 [0/84843] Loss: 0.340644
Epoch 227 [35000/84843] Loss: 0.381102
Epoch 227 [70000/84843] Loss: 0.321965
Epoch 227 - Avg Loss: 0.366911 | Train Acc: 96.38%
Val: loss=0.3759, acc=10557/10975 (96.19%)
Epoch 228 [0/84843] Loss: 0.350727
Epoch 228 [35000/84843] Loss: 0.334850
Epoch 228 [70000/84843] Loss: 0.315217
Epoch 228 - Avg Loss: 0.368137 | Train Acc: 96.26%
Val: loss=0.3750, acc=10560/10975 (96.22%)
Epoch 229 [0/84843] Loss: 0.360178
Epoch 229 [35000/84843] Loss: 0.412517
Epoch 229 [70000/84843] Loss: 0.489311
Epoch 229 - Avg Loss: 0.369007 | Train Acc: 96.20%
Val: loss=0.3761, acc=10538/10975 (96.02%)
Epoch 230 [0/84843] Loss: 0.366897
Epoch 230 [35000/84843] Loss: 0.382600
Epoch 230 [70000/84843] Loss: 0.308605
Epoch 230 - Avg Loss: 0.364630 | Train Acc: 96.46%
Val: loss=0.3787, acc=10561/10975 (96.23%)
Epoch 231 [0/84843] Loss: 0.436529
Epoch 231 [35000/84843] Loss: 0.349919
Epoch 231 [70000/84843] Loss: 0.416792
Epoch 231 - Avg Loss: 0.367051 | Train Acc: 96.36%
Val: loss=0.3766, acc=10554/10975 (96.16%)
Epoch 232 [0/84843] Loss: 0.315086
Epoch 232 [35000/84843] Loss: 0.353177
Epoch 232 [70000/84843] Loss: 0.289133
Epoch 232 - Avg Loss: 0.365163 | Train Acc: 96.44%
Val: loss=0.3739, acc=10559/10975 (96.21%)
Epoch 233 [0/84843] Loss: 0.290789
Epoch 233 [35000/84843] Loss: 0.384496
Epoch 233 [70000/84843] Loss: 0.515374
Epoch 233 - Avg Loss: 0.364390 | Train Acc: 96.44%
Val: loss=0.3750, acc=10570/10975 (96.31%)
saved best: 96.31%
Epoch 234 [0/84843] Loss: 0.287236
Epoch 234 [35000/84843] Loss: 0.356699
Epoch 234 [70000/84843] Loss: 0.280728
Epoch 234 - Avg Loss: 0.365655 | Train Acc: 96.43%
Val: loss=0.3764, acc=10546/10975 (96.09%)
Epoch 235 [0/84843] Loss: 0.322010
Epoch 235 [35000/84843] Loss: 0.389391
Epoch 235 [70000/84843] Loss: 0.307940
Epoch 235 - Avg Loss: 0.364865 | Train Acc: 96.41%
Val: loss=0.3727, acc=10567/10975 (96.28%)
Epoch 236 [0/84843] Loss: 0.282132
Epoch 236 [35000/84843] Loss: 0.399333
Epoch 236 [70000/84843] Loss: 0.371695
Epoch 236 - Avg Loss: 0.363637 | Train Acc: 96.49%
Val: loss=0.3734, acc=10569/10975 (96.30%)
Epoch 237 [0/84843] Loss: 0.445193
Epoch 237 [35000/84843] Loss: 0.328453
Epoch 237 [70000/84843] Loss: 0.373324
Epoch 237 - Avg Loss: 0.365048 | Train Acc: 96.40%
Val: loss=0.3763, acc=10550/10975 (96.13%)
Epoch 238 [0/84843] Loss: 0.309639
Epoch 238 [35000/84843] Loss: 0.382297
Epoch 238 [70000/84843] Loss: 0.302336
Epoch 238 - Avg Loss: 0.364085 | Train Acc: 96.45%
Val: loss=0.3733, acc=10565/10975 (96.26%)
Epoch 239 [0/84843] Loss: 0.373667
Epoch 239 [35000/84843] Loss: 0.438699
Epoch 239 [70000/84843] Loss: 0.302759
Epoch 239 - Avg Loss: 0.364920 | Train Acc: 96.43%
Val: loss=0.3719, acc=10564/10975 (96.26%)
Epoch 240 [0/84843] Loss: 0.310617
Epoch 240 [35000/84843] Loss: 0.279724
Epoch 240 [70000/84843] Loss: 0.440649
Epoch 240 - Avg Loss: 0.363691 | Train Acc: 96.38%
Val: loss=0.3755, acc=10561/10975 (96.23%)
Epoch 241 [0/84843] Loss: 0.391082
Epoch 241 [35000/84843] Loss: 0.436865
Epoch 241 [70000/84843] Loss: 0.321311
Epoch 241 - Avg Loss: 0.363498 | Train Acc: 96.50%
Val: loss=0.3665, acc=10597/10975 (96.56%)
saved best: 96.56%
Epoch 242 [0/84843] Loss: 0.406386
Epoch 242 [35000/84843] Loss: 0.406110
Epoch 242 [70000/84843] Loss: 0.364116
Epoch 242 - Avg Loss: 0.362468 | Train Acc: 96.55%
Val: loss=0.3695, acc=10570/10975 (96.31%)
Epoch 243 [0/84843] Loss: 0.338446
Epoch 243 [35000/84843] Loss: 0.361965
Epoch 243 [70000/84843] Loss: 0.337540
Epoch 243 - Avg Loss: 0.362143 | Train Acc: 96.51%
Val: loss=0.3712, acc=10583/10975 (96.43%)
Epoch 244 [0/84843] Loss: 0.410160
Epoch 244 [35000/84843] Loss: 0.330247
Epoch 244 [70000/84843] Loss: 0.327719
Epoch 244 - Avg Loss: 0.361846 | Train Acc: 96.59%
Val: loss=0.3769, acc=10558/10975 (96.20%)
Epoch 245 [0/84843] Loss: 0.289036
Epoch 245 [35000/84843] Loss: 0.461481
Epoch 245 [70000/84843] Loss: 0.382274
Epoch 245 - Avg Loss: 0.363723 | Train Acc: 96.49%
Val: loss=0.3795, acc=10547/10975 (96.10%)
Epoch 246 [0/84843] Loss: 0.335872
Epoch 246 [35000/84843] Loss: 0.444494
Epoch 246 [70000/84843] Loss: 0.320757
Epoch 246 - Avg Loss: 0.360855 | Train Acc: 96.58%
Val: loss=0.3696, acc=10579/10975 (96.39%)
Epoch 247 [0/84843] Loss: 0.356504
Epoch 247 [35000/84843] Loss: 0.332164
Epoch 247 [70000/84843] Loss: 0.326716
Epoch 247 - Avg Loss: 0.360194 | Train Acc: 96.60%
Val: loss=0.3753, acc=10558/10975 (96.20%)
Epoch 248 [0/84843] Loss: 0.387749
Epoch 248 [35000/84843] Loss: 0.356303
Epoch 248 [70000/84843] Loss: 0.374930
Epoch 248 - Avg Loss: 0.361163 | Train Acc: 96.58%
Val: loss=0.3763, acc=10551/10975 (96.14%)
Epoch 249 [0/84843] Loss: 0.302249
Epoch 249 [35000/84843] Loss: 0.356857
Epoch 249 [70000/84843] Loss: 0.306174
Epoch 249 - Avg Loss: 0.362266 | Train Acc: 96.48%
Val: loss=0.3704, acc=10573/10975 (96.34%)
Epoch 250 [0/84843] Loss: 0.329442
Epoch 250 [35000/84843] Loss: 0.322499
Epoch 250 [70000/84843] Loss: 0.309321
Epoch 250 - Avg Loss: 0.358894 | Train Acc: 96.64%
Val: loss=0.3771, acc=10557/10975 (96.19%)
Epoch 251 [0/84843] Loss: 0.481044
Epoch 251 [35000/84843] Loss: 0.280012
Epoch 251 [70000/84843] Loss: 0.371439
Epoch 251 - Avg Loss: 0.360143 | Train Acc: 96.56%
Val: loss=0.3743, acc=10561/10975 (96.23%)
Epoch 252 [0/84843] Loss: 0.328033
Epoch 252 [35000/84843] Loss: 0.287459
Epoch 252 [70000/84843] Loss: 0.335881
Epoch 252 - Avg Loss: 0.360468 | Train Acc: 96.57%
Val: loss=0.3708, acc=10575/10975 (96.36%)
Epoch 253 [0/84843] Loss: 0.346781
Epoch 253 [35000/84843] Loss: 0.328405
Epoch 253 [70000/84843] Loss: 0.320106
Epoch 253 - Avg Loss: 0.359584 | Train Acc: 96.61%
Val: loss=0.3717, acc=10565/10975 (96.26%)
Epoch 254 [0/84843] Loss: 0.373972
Epoch 254 [35000/84843] Loss: 0.373024
Epoch 254 [70000/84843] Loss: 0.349642
Epoch 254 - Avg Loss: 0.361444 | Train Acc: 96.55%
Val: loss=0.3731, acc=10556/10975 (96.18%)
Epoch 255 [0/84843] Loss: 0.322416
Epoch 255 [35000/84843] Loss: 0.282195
Epoch 255 [70000/84843] Loss: 0.435792
Epoch 255 - Avg Loss: 0.359674 | Train Acc: 96.63%
Val: loss=0.3731, acc=10563/10975 (96.25%)
Epoch 256 [0/84843] Loss: 0.385042
Epoch 256 [35000/84843] Loss: 0.327669
Epoch 256 [70000/84843] Loss: 0.547779
Epoch 256 - Avg Loss: 0.360497 | Train Acc: 96.58%
Val: loss=0.3734, acc=10587/10975 (96.46%)
Epoch 257 [0/84843] Loss: 0.319844
Epoch 257 [35000/84843] Loss: 0.331323
Epoch 257 [70000/84843] Loss: 0.353397
Epoch 257 - Avg Loss: 0.357988 | Train Acc: 96.69%
Val: loss=0.3678, acc=10592/10975 (96.51%)
Epoch 258 [0/84843] Loss: 0.407922
Epoch 258 [35000/84843] Loss: 0.351911
Epoch 258 [70000/84843] Loss: 0.444349
Epoch 258 - Avg Loss: 0.358073 | Train Acc: 96.66%
Val: loss=0.3768, acc=10564/10975 (96.26%)
Epoch 259 [0/84843] Loss: 0.413091
Epoch 259 [35000/84843] Loss: 0.382142
Epoch 259 [70000/84843] Loss: 0.320976
Epoch 259 - Avg Loss: 0.356750 | Train Acc: 96.74%
Val: loss=0.3694, acc=10579/10975 (96.39%)
Epoch 260 [0/84843] Loss: 0.357743
Epoch 260 [35000/84843] Loss: 0.333522
Epoch 260 [70000/84843] Loss: 0.388421
Epoch 260 - Avg Loss: 0.359124 | Train Acc: 96.61%
Val: loss=0.3695, acc=10578/10975 (96.38%)
Epoch 261 [0/84843] Loss: 0.321490
Epoch 261 [35000/84843] Loss: 0.330078
Epoch 261 [70000/84843] Loss: 0.416438
Epoch 261 - Avg Loss: 0.359794 | Train Acc: 96.57%
Val: loss=0.3778, acc=10559/10975 (96.21%)
Epoch 262 [0/84843] Loss: 0.348941
Epoch 262 [35000/84843] Loss: 0.281674
Epoch 262 [70000/84843] Loss: 0.311794
Epoch 262 - Avg Loss: 0.357637 | Train Acc: 96.69%
Val: loss=0.3734, acc=10579/10975 (96.39%)
Epoch 263 [0/84843] Loss: 0.342556
Epoch 263 [35000/84843] Loss: 0.325429
Epoch 263 [70000/84843] Loss: 0.290331
Epoch 263 - Avg Loss: 0.357173 | Train Acc: 96.69%
Val: loss=0.3730, acc=10572/10975 (96.33%)
Epoch 264 [0/84843] Loss: 0.465699
Epoch 264 [35000/84843] Loss: 0.463241
Epoch 264 [70000/84843] Loss: 0.338954
Epoch 264 - Avg Loss: 0.357552 | Train Acc: 96.67%
Val: loss=0.3732, acc=10572/10975 (96.33%)
Epoch 265 [0/84843] Loss: 0.401766
Epoch 265 [35000/84843] Loss: 0.363606
Epoch 265 [70000/84843] Loss: 0.329951
Epoch 265 - Avg Loss: 0.356875 | Train Acc: 96.74%
Val: loss=0.3701, acc=10578/10975 (96.38%)
Epoch 266 [0/84843] Loss: 0.300248
Epoch 266 [35000/84843] Loss: 0.353067
Epoch 266 [70000/84843] Loss: 0.342032
Epoch 266 - Avg Loss: 0.355812 | Train Acc: 96.82%
Val: loss=0.3719, acc=10572/10975 (96.33%)
Epoch 267 [0/84843] Loss: 0.339601
Epoch 267 [35000/84843] Loss: 0.437827
Epoch 267 [70000/84843] Loss: 0.291737
Epoch 267 - Avg Loss: 0.355357 | Train Acc: 96.77%
Val: loss=0.3694, acc=10576/10975 (96.36%)
Epoch 268 [0/84843] Loss: 0.384629
Epoch 268 [35000/84843] Loss: 0.293639
Epoch 268 [70000/84843] Loss: 0.390058
Epoch 268 - Avg Loss: 0.354581 | Train Acc: 96.85%
Val: loss=0.3709, acc=10571/10975 (96.32%)
Epoch 269 [0/84843] Loss: 0.382197
Epoch 269 [35000/84843] Loss: 0.350614
Epoch 269 [70000/84843] Loss: 0.374831
Epoch 269 - Avg Loss: 0.356131 | Train Acc: 96.80%
Val: loss=0.3721, acc=10573/10975 (96.34%)
Epoch 270 [0/84843] Loss: 0.478949
Epoch 270 [35000/84843] Loss: 0.292402
Epoch 270 [70000/84843] Loss: 0.314619
Epoch 270 - Avg Loss: 0.356604 | Train Acc: 96.72%
Val: loss=0.3750, acc=10552/10975 (96.15%)
Epoch 271 [0/84843] Loss: 0.309925
Epoch 271 [35000/84843] Loss: 0.396860
Epoch 271 [70000/84843] Loss: 0.287983
Epoch 271 - Avg Loss: 0.352241 | Train Acc: 96.89%
Val: loss=0.3705, acc=10595/10975 (96.54%)
Epoch 272 [0/84843] Loss: 0.358717
Epoch 272 [35000/84843] Loss: 0.315811
Epoch 272 [70000/84843] Loss: 0.276075
Epoch 272 - Avg Loss: 0.356682 | Train Acc: 96.71%
Val: loss=0.3738, acc=10567/10975 (96.28%)
Epoch 273 [0/84843] Loss: 0.302460
Epoch 273 [35000/84843] Loss: 0.364214
Epoch 273 [70000/84843] Loss: 0.317284
Epoch 273 - Avg Loss: 0.355449 | Train Acc: 96.73%
Val: loss=0.3697, acc=10578/10975 (96.38%)
Epoch 274 [0/84843] Loss: 0.370810
Epoch 274 [35000/84843] Loss: 0.378651
Epoch 274 [70000/84843] Loss: 0.323764
Epoch 274 - Avg Loss: 0.353085 | Train Acc: 96.85%
Val: loss=0.3712, acc=10565/10975 (96.26%)
Epoch 275 [0/84843] Loss: 0.408864
Epoch 275 [35000/84843] Loss: 0.298958
Epoch 275 [70000/84843] Loss: 0.383386
Epoch 275 - Avg Loss: 0.353089 | Train Acc: 96.90%
Val: loss=0.3733, acc=10543/10975 (96.06%)
Epoch 276 [0/84843] Loss: 0.381087
Epoch 276 [35000/84843] Loss: 0.346783
Epoch 276 [70000/84843] Loss: 0.325157
Epoch 276 - Avg Loss: 0.355402 | Train Acc: 96.80%
Val: loss=0.3714, acc=10568/10975 (96.29%)
Epoch 277 [0/84843] Loss: 0.499756
Epoch 277 [35000/84843] Loss: 0.327153
Epoch 277 [70000/84843] Loss: 0.306120
Epoch 277 - Avg Loss: 0.355943 | Train Acc: 96.74%
Val: loss=0.3728, acc=10568/10975 (96.29%)
Epoch 278 [0/84843] Loss: 0.390294
Epoch 278 [35000/84843] Loss: 0.432408
Epoch 278 [70000/84843] Loss: 0.316867
Epoch 278 - Avg Loss: 0.353640 | Train Acc: 96.81%
Val: loss=0.3704, acc=10565/10975 (96.26%)
Epoch 279 [0/84843] Loss: 0.372555
Epoch 279 [35000/84843] Loss: 0.348065
Epoch 279 [70000/84843] Loss: 0.277737
Epoch 279 - Avg Loss: 0.355958 | Train Acc: 96.75%
Val: loss=0.3684, acc=10594/10975 (96.53%)
Epoch 280 [0/84843] Loss: 0.331644
Epoch 280 [35000/84843] Loss: 0.307968
Epoch 280 [70000/84843] Loss: 0.360187
Epoch 280 - Avg Loss: 0.354572 | Train Acc: 96.79%
Val: loss=0.3691, acc=10588/10975 (96.47%)
Epoch 281 [0/84843] Loss: 0.387641
Epoch 281 [35000/84843] Loss: 0.354154
Epoch 281 [70000/84843] Loss: 0.332529
Epoch 281 - Avg Loss: 0.354488 | Train Acc: 96.74%
Val: loss=0.3670, acc=10585/10975 (96.45%)
Epoch 282 [0/84843] Loss: 0.294612
Epoch 282 [35000/84843] Loss: 0.480547
Epoch 282 [70000/84843] Loss: 0.317510
Epoch 282 - Avg Loss: 0.352096 | Train Acc: 96.88%
Val: loss=0.3704, acc=10585/10975 (96.45%)
Epoch 283 [0/84843] Loss: 0.334379
Epoch 283 [35000/84843] Loss: 0.488168
Epoch 283 [70000/84843] Loss: 0.419533
Epoch 283 - Avg Loss: 0.352759 | Train Acc: 96.86%
Val: loss=0.3665, acc=10593/10975 (96.52%)
Epoch 284 [0/84843] Loss: 0.330709
Epoch 284 [35000/84843] Loss: 0.305405
Epoch 284 [70000/84843] Loss: 0.404372
Epoch 284 - Avg Loss: 0.352699 | Train Acc: 96.93%
Val: loss=0.3731, acc=10574/10975 (96.35%)
Epoch 285 [0/84843] Loss: 0.372983
Epoch 285 [35000/84843] Loss: 0.365883
Epoch 285 [70000/84843] Loss: 0.374803
Epoch 285 - Avg Loss: 0.354033 | Train Acc: 96.83%
Val: loss=0.3729, acc=10568/10975 (96.29%)
Epoch 286 [0/84843] Loss: 0.283461
Epoch 286 [35000/84843] Loss: 0.477668
Epoch 286 [70000/84843] Loss: 0.388553
Epoch 286 - Avg Loss: 0.351826 | Train Acc: 96.94%
Val: loss=0.3722, acc=10583/10975 (96.43%)
Epoch 287 [0/84843] Loss: 0.321871
Epoch 287 [35000/84843] Loss: 0.448889
Epoch 287 [70000/84843] Loss: 0.320705
Epoch 287 - Avg Loss: 0.353600 | Train Acc: 96.82%
Val: loss=0.3718, acc=10578/10975 (96.38%)
Epoch 288 [0/84843] Loss: 0.457236
Epoch 288 [35000/84843] Loss: 0.291618
Epoch 288 [70000/84843] Loss: 0.383583
Epoch 288 - Avg Loss: 0.352511 | Train Acc: 96.93%
Val: loss=0.3728, acc=10567/10975 (96.28%)
Epoch 289 [0/84843] Loss: 0.290498
Epoch 289 [35000/84843] Loss: 0.297660
Epoch 289 [70000/84843] Loss: 0.340080
Epoch 289 - Avg Loss: 0.352270 | Train Acc: 96.90%
Val: loss=0.3717, acc=10578/10975 (96.38%)
Epoch 290 [0/84843] Loss: 0.316450
Epoch 290 [35000/84843] Loss: 0.281484
Epoch 290 [70000/84843] Loss: 0.294230
Epoch 290 - Avg Loss: 0.351197 | Train Acc: 96.98%
Val: loss=0.3694, acc=10586/10975 (96.46%)
Epoch 291 [0/84843] Loss: 0.343818
Epoch 291 [35000/84843] Loss: 0.340891
Epoch 291 [70000/84843] Loss: 0.301662
Epoch 291 - Avg Loss: 0.350694 | Train Acc: 96.95%
Val: loss=0.3683, acc=10598/10975 (96.56%)
saved best: 96.56%
Epoch 292 [0/84843] Loss: 0.372096
Epoch 292 [35000/84843] Loss: 0.344600
Epoch 292 [70000/84843] Loss: 0.299068
Epoch 292 - Avg Loss: 0.351425 | Train Acc: 96.94%
Val: loss=0.3688, acc=10598/10975 (96.56%)
Epoch 293 [0/84843] Loss: 0.400434
Epoch 293 [35000/84843] Loss: 0.353266
Epoch 293 [70000/84843] Loss: 0.297745
Epoch 293 - Avg Loss: 0.351645 | Train Acc: 96.95%
Val: loss=0.3668, acc=10593/10975 (96.52%)
Epoch 294 [0/84843] Loss: 0.380903
Epoch 294 [35000/84843] Loss: 0.329330
Epoch 294 [70000/84843] Loss: 0.469231
Epoch 294 - Avg Loss: 0.348614 | Train Acc: 96.99%
Val: loss=0.3705, acc=10595/10975 (96.54%)
Epoch 295 [0/84843] Loss: 0.281857
Epoch 295 [35000/84843] Loss: 0.319159
Epoch 295 [70000/84843] Loss: 0.344685
Epoch 295 - Avg Loss: 0.351010 | Train Acc: 96.96%
Val: loss=0.3637, acc=10610/10975 (96.67%)
saved best: 96.67%
Epoch 296 [0/84843] Loss: 0.363851
Epoch 296 [35000/84843] Loss: 0.400066
Epoch 296 [70000/84843] Loss: 0.369081
Epoch 296 - Avg Loss: 0.348442 | Train Acc: 97.08%
Val: loss=0.3688, acc=10599/10975 (96.57%)
Epoch 297 [0/84843] Loss: 0.407159
Epoch 297 [35000/84843] Loss: 0.315473
Epoch 297 [70000/84843] Loss: 0.338621
Epoch 297 - Avg Loss: 0.348611 | Train Acc: 96.99%
Val: loss=0.3660, acc=10600/10975 (96.58%)
Epoch 298 [0/84843] Loss: 0.492979
Epoch 298 [35000/84843] Loss: 0.292789
Epoch 298 [70000/84843] Loss: 0.351334
Epoch 298 - Avg Loss: 0.347489 | Train Acc: 97.07%
Val: loss=0.3671, acc=10600/10975 (96.58%)
Epoch 299 [0/84843] Loss: 0.303568
Epoch 299 [35000/84843] Loss: 0.319409
Epoch 299 [70000/84843] Loss: 0.381625
Epoch 299 - Avg Loss: 0.350205 | Train Acc: 96.96%
Val: loss=0.3667, acc=10596/10975 (96.55%)
Epoch 300 [0/84843] Loss: 0.344807
Epoch 300 [35000/84843] Loss: 0.362490
Epoch 300 [70000/84843] Loss: 0.345639
Epoch 300 - Avg Loss: 0.348501 | Train Acc: 97.01%
Val: loss=0.3699, acc=10590/10975 (96.49%)
Epoch 301 [0/84843] Loss: 0.301627
Epoch 301 [35000/84843] Loss: 0.659817
Epoch 301 [70000/84843] Loss: 0.338060
Epoch 301 - Avg Loss: 0.350077 | Train Acc: 96.99%
Val: loss=0.3657, acc=10601/10975 (96.59%)
Epoch 302 [0/84843] Loss: 0.317052
Epoch 302 [35000/84843] Loss: 0.316216
Epoch 302 [70000/84843] Loss: 0.301863
Epoch 302 - Avg Loss: 0.349214 | Train Acc: 97.04%
Val: loss=0.3686, acc=10597/10975 (96.56%)
Epoch 303 [0/84843] Loss: 0.286206
Epoch 303 [35000/84843] Loss: 0.362853
Epoch 303 [70000/84843] Loss: 0.314829
Epoch 303 - Avg Loss: 0.347032 | Train Acc: 97.08%
Val: loss=0.3653, acc=10603/10975 (96.61%)
Epoch 304 [0/84843] Loss: 0.311981
Epoch 304 [35000/84843] Loss: 0.287209
Epoch 304 [70000/84843] Loss: 0.293460
Epoch 304 - Avg Loss: 0.348241 | Train Acc: 97.07%
Val: loss=0.3647, acc=10612/10975 (96.69%)
saved best: 96.69%
Epoch 305 [0/84843] Loss: 0.467017
Epoch 305 [35000/84843] Loss: 0.387956
Epoch 305 [70000/84843] Loss: 0.304844
Epoch 305 - Avg Loss: 0.348557 | Train Acc: 97.01%
Val: loss=0.3683, acc=10606/10975 (96.64%)
Epoch 306 [0/84843] Loss: 0.566404
Epoch 306 [35000/84843] Loss: 0.282661
Epoch 306 [70000/84843] Loss: 0.422166
Epoch 306 - Avg Loss: 0.349975 | Train Acc: 96.95%
Val: loss=0.3670, acc=10586/10975 (96.46%)
Epoch 307 [0/84843] Loss: 0.282404
Epoch 307 [35000/84843] Loss: 0.310633
Epoch 307 [70000/84843] Loss: 0.489181
Epoch 307 - Avg Loss: 0.346186 | Train Acc: 97.16%
Val: loss=0.3651, acc=10610/10975 (96.67%)
Epoch 308 [0/84843] Loss: 0.390310
Epoch 308 [35000/84843] Loss: 0.317491
Epoch 308 [70000/84843] Loss: 0.379565
Epoch 308 - Avg Loss: 0.345454 | Train Acc: 97.15%
Val: loss=0.3628, acc=10610/10975 (96.67%)
Epoch 309 [0/84843] Loss: 0.360566
Epoch 309 [35000/84843] Loss: 0.460086
Epoch 309 [70000/84843] Loss: 0.299181
Epoch 309 - Avg Loss: 0.348234 | Train Acc: 97.00%
Val: loss=0.3661, acc=10612/10975 (96.69%)
Epoch 310 [0/84843] Loss: 0.315684
Epoch 310 [35000/84843] Loss: 0.299250
Epoch 310 [70000/84843] Loss: 0.419479
Epoch 310 - Avg Loss: 0.345117 | Train Acc: 97.13%
Val: loss=0.3699, acc=10585/10975 (96.45%)
Epoch 311 [0/84843] Loss: 0.382407
Epoch 311 [35000/84843] Loss: 0.296215
Epoch 311 [70000/84843] Loss: 0.351181
Epoch 311 - Avg Loss: 0.347275 | Train Acc: 97.10%
Val: loss=0.3669, acc=10600/10975 (96.58%)
Epoch 312 [0/84843] Loss: 0.307750
Epoch 312 [35000/84843] Loss: 0.305015
Epoch 312 [70000/84843] Loss: 0.330575
Epoch 312 - Avg Loss: 0.347478 | Train Acc: 97.13%
Val: loss=0.3701, acc=10582/10975 (96.42%)
Epoch 313 [0/84843] Loss: 0.284220
Epoch 313 [35000/84843] Loss: 0.289438
Epoch 313 [70000/84843] Loss: 0.298604
Epoch 313 - Avg Loss: 0.347217 | Train Acc: 97.09%
Val: loss=0.3631, acc=10619/10975 (96.76%)
saved best: 96.76%
Epoch 314 [0/84843] Loss: 0.349555
Epoch 314 [35000/84843] Loss: 0.294691
Epoch 314 [70000/84843] Loss: 0.310011
Epoch 314 - Avg Loss: 0.347183 | Train Acc: 97.12%
Val: loss=0.3607, acc=10628/10975 (96.84%)
saved best: 96.84%
Epoch 315 [0/84843] Loss: 0.397319
Epoch 315 [35000/84843] Loss: 0.430739
Epoch 315 [70000/84843] Loss: 0.386204
Epoch 315 - Avg Loss: 0.344290 | Train Acc: 97.21%
Val: loss=0.3644, acc=10620/10975 (96.77%)
Epoch 316 [0/84843] Loss: 0.324091
Epoch 316 [35000/84843] Loss: 0.341675
Epoch 316 [70000/84843] Loss: 0.316159
Epoch 316 - Avg Loss: 0.344380 | Train Acc: 97.19%
Val: loss=0.3641, acc=10614/10975 (96.71%)
Epoch 317 [0/84843] Loss: 0.352748
Epoch 317 [35000/84843] Loss: 0.376880
Epoch 317 [70000/84843] Loss: 0.310255
Epoch 317 - Avg Loss: 0.347188 | Train Acc: 97.11%
Val: loss=0.3658, acc=10608/10975 (96.66%)
Epoch 318 [0/84843] Loss: 0.441510
Epoch 318 [35000/84843] Loss: 0.292188
Epoch 318 [70000/84843] Loss: 0.279597
Epoch 318 - Avg Loss: 0.344095 | Train Acc: 97.21%
Val: loss=0.3677, acc=10607/10975 (96.65%)
Epoch 319 [0/84843] Loss: 0.305345
Epoch 319 [35000/84843] Loss: 0.361309
Epoch 319 [70000/84843] Loss: 0.394995
Epoch 319 - Avg Loss: 0.347533 | Train Acc: 97.07%
Val: loss=0.3650, acc=10610/10975 (96.67%)
Epoch 320 [0/84843] Loss: 0.342119
Epoch 320 [35000/84843] Loss: 0.306930
Epoch 320 [70000/84843] Loss: 0.304357
Epoch 320 - Avg Loss: 0.345207 | Train Acc: 97.19%
Val: loss=0.3656, acc=10605/10975 (96.63%)
Epoch 321 [0/84843] Loss: 0.293871
Epoch 321 [35000/84843] Loss: 0.387704
Epoch 321 [70000/84843] Loss: 0.336238
Epoch 321 - Avg Loss: 0.344553 | Train Acc: 97.22%
Val: loss=0.3636, acc=10621/10975 (96.77%)
Epoch 322 [0/84843] Loss: 0.295700
Epoch 322 [35000/84843] Loss: 0.337732
Epoch 322 [70000/84843] Loss: 0.290744
Epoch 322 - Avg Loss: 0.343227 | Train Acc: 97.26%
Val: loss=0.3655, acc=10611/10975 (96.68%)
Epoch 323 [0/84843] Loss: 0.340316
Epoch 323 [35000/84843] Loss: 0.347541
Epoch 323 [70000/84843] Loss: 0.311383
Epoch 323 - Avg Loss: 0.344297 | Train Acc: 97.19%
Val: loss=0.3659, acc=10595/10975 (96.54%)
Epoch 324 [0/84843] Loss: 0.304985
Epoch 324 [35000/84843] Loss: 0.333154
Epoch 324 [70000/84843] Loss: 0.350513
Epoch 324 - Avg Loss: 0.344841 | Train Acc: 97.18%
Val: loss=0.3646, acc=10608/10975 (96.66%)
Epoch 325 [0/84843] Loss: 0.415146
Epoch 325 [35000/84843] Loss: 0.276776
Epoch 325 [70000/84843] Loss: 0.441940
Epoch 325 - Avg Loss: 0.344564 | Train Acc: 97.22%
Val: loss=0.3657, acc=10615/10975 (96.72%)
Epoch 326 [0/84843] Loss: 0.271733
Epoch 326 [35000/84843] Loss: 0.351972
Epoch 326 [70000/84843] Loss: 0.392625
Epoch 326 - Avg Loss: 0.344863 | Train Acc: 97.21%
Val: loss=0.3646, acc=10614/10975 (96.71%)
Epoch 327 [0/84843] Loss: 0.309712
Epoch 327 [35000/84843] Loss: 0.377047
Epoch 327 [70000/84843] Loss: 0.425844
Epoch 327 - Avg Loss: 0.344113 | Train Acc: 97.19%
Val: loss=0.3631, acc=10619/10975 (96.76%)
Epoch 328 [0/84843] Loss: 0.343477
Epoch 328 [35000/84843] Loss: 0.280025
Epoch 328 [70000/84843] Loss: 0.357195
Epoch 328 - Avg Loss: 0.343988 | Train Acc: 97.21%
Val: loss=0.3657, acc=10613/10975 (96.70%)
Epoch 329 [0/84843] Loss: 0.386028
Epoch 329 [35000/84843] Loss: 0.295926
Epoch 329 [70000/84843] Loss: 0.324970
Epoch 329 - Avg Loss: 0.343051 | Train Acc: 97.25%
Val: loss=0.3664, acc=10596/10975 (96.55%)
Epoch 330 [0/84843] Loss: 0.300626
Epoch 330 [35000/84843] Loss: 0.337694
Epoch 330 [70000/84843] Loss: 0.436666
Epoch 330 - Avg Loss: 0.344631 | Train Acc: 97.14%
Val: loss=0.3632, acc=10625/10975 (96.81%)
Epoch 331 [0/84843] Loss: 0.321766
Epoch 331 [35000/84843] Loss: 0.311997
Epoch 331 [70000/84843] Loss: 0.347781
Epoch 331 - Avg Loss: 0.345101 | Train Acc: 97.15%
Val: loss=0.3635, acc=10614/10975 (96.71%)
Epoch 332 [0/84843] Loss: 0.291809
Epoch 332 [35000/84843] Loss: 0.286664
Epoch 332 [70000/84843] Loss: 0.399183
Epoch 332 - Avg Loss: 0.343212 | Train Acc: 97.22%
Val: loss=0.3635, acc=10623/10975 (96.79%)
Epoch 333 [0/84843] Loss: 0.281083
Epoch 333 [35000/84843] Loss: 0.276283
Epoch 333 [70000/84843] Loss: 0.287737
Epoch 333 - Avg Loss: 0.343805 | Train Acc: 97.27%
Val: loss=0.3635, acc=10601/10975 (96.59%)
Epoch 334 [0/84843] Loss: 0.337769
Epoch 334 [35000/84843] Loss: 0.292975
Epoch 334 [70000/84843] Loss: 0.285197
Epoch 334 - Avg Loss: 0.343237 | Train Acc: 97.18%
Val: loss=0.3631, acc=10629/10975 (96.85%)
saved best: 96.85%
Epoch 335 [0/84843] Loss: 0.291763
Epoch 335 [35000/84843] Loss: 0.284439
Epoch 335 [70000/84843] Loss: 0.286721
Epoch 335 - Avg Loss: 0.341058 | Train Acc: 97.30%
Val: loss=0.3619, acc=10621/10975 (96.77%)
Epoch 336 [0/84843] Loss: 0.361782
Epoch 336 [35000/84843] Loss: 0.311659
Epoch 336 [70000/84843] Loss: 0.337214
Epoch 336 - Avg Loss: 0.343123 | Train Acc: 97.25%
Val: loss=0.3637, acc=10609/10975 (96.67%)
Epoch 337 [0/84843] Loss: 0.411112
Epoch 337 [35000/84843] Loss: 0.300200
Epoch 337 [70000/84843] Loss: 0.556686
Epoch 337 - Avg Loss: 0.341927 | Train Acc: 97.27%
Val: loss=0.3618, acc=10618/10975 (96.75%)
Epoch 338 [0/84843] Loss: 0.382183
Epoch 338 [35000/84843] Loss: 0.279319
Epoch 338 [70000/84843] Loss: 0.281417
Epoch 338 - Avg Loss: 0.342277 | Train Acc: 97.30%
Val: loss=0.3648, acc=10621/10975 (96.77%)
Epoch 339 [0/84843] Loss: 0.333081
Epoch 339 [35000/84843] Loss: 0.392199
Epoch 339 [70000/84843] Loss: 0.395110
Epoch 339 - Avg Loss: 0.342348 | Train Acc: 97.30%
Val: loss=0.3636, acc=10617/10975 (96.74%)
Epoch 340 [0/84843] Loss: 0.360054
Epoch 340 [35000/84843] Loss: 0.333366
Epoch 340 [70000/84843] Loss: 0.364961
Epoch 340 - Avg Loss: 0.341088 | Train Acc: 97.37%
Val: loss=0.3651, acc=10608/10975 (96.66%)
Epoch 341 [0/84843] Loss: 0.342041
Epoch 341 [35000/84843] Loss: 0.337217
Epoch 341 [70000/84843] Loss: 0.340741
Epoch 341 - Avg Loss: 0.340674 | Train Acc: 97.40%
Val: loss=0.3624, acc=10619/10975 (96.76%)
Epoch 342 [0/84843] Loss: 0.364191
Epoch 342 [35000/84843] Loss: 0.424977
Epoch 342 [70000/84843] Loss: 0.308739
Epoch 342 - Avg Loss: 0.342060 | Train Acc: 97.30%
Val: loss=0.3622, acc=10617/10975 (96.74%)
Epoch 343 [0/84843] Loss: 0.282927
Epoch 343 [35000/84843] Loss: 0.314094
Epoch 343 [70000/84843] Loss: 0.376464
Epoch 343 - Avg Loss: 0.341175 | Train Acc: 97.34%
Val: loss=0.3622, acc=10615/10975 (96.72%)
Epoch 344 [0/84843] Loss: 0.306056
Epoch 344 [35000/84843] Loss: 0.303050
Epoch 344 [70000/84843] Loss: 0.300803
Epoch 344 - Avg Loss: 0.340247 | Train Acc: 97.32%
Val: loss=0.3613, acc=10618/10975 (96.75%)
Epoch 345 [0/84843] Loss: 0.416771
Epoch 345 [35000/84843] Loss: 0.376221
Epoch 345 [70000/84843] Loss: 0.313667
Epoch 345 - Avg Loss: 0.338747 | Train Acc: 97.39%
Val: loss=0.3633, acc=10622/10975 (96.78%)
Epoch 346 [0/84843] Loss: 0.355238
Epoch 346 [35000/84843] Loss: 0.320979
Epoch 346 [70000/84843] Loss: 0.350915
Epoch 346 - Avg Loss: 0.339472 | Train Acc: 97.38%
Val: loss=0.3642, acc=10618/10975 (96.75%)
Epoch 347 [0/84843] Loss: 0.343305
Epoch 347 [35000/84843] Loss: 0.397541
Epoch 347 [70000/84843] Loss: 0.325142
Epoch 347 - Avg Loss: 0.340267 | Train Acc: 97.38%
Val: loss=0.3631, acc=10625/10975 (96.81%)
Epoch 348 [0/84843] Loss: 0.276784
Epoch 348 [35000/84843] Loss: 0.360763
Epoch 348 [70000/84843] Loss: 0.314867
Epoch 348 - Avg Loss: 0.342196 | Train Acc: 97.28%
Val: loss=0.3624, acc=10629/10975 (96.85%)
Epoch 349 [0/84843] Loss: 0.318611
Epoch 349 [35000/84843] Loss: 0.299463
Epoch 349 [70000/84843] Loss: 0.334495
Epoch 349 - Avg Loss: 0.341361 | Train Acc: 97.32%
Val: loss=0.3620, acc=10616/10975 (96.73%)
Epoch 350 [0/84843] Loss: 0.324876
Epoch 350 [35000/84843] Loss: 0.303872
Epoch 350 [70000/84843] Loss: 0.391362
Epoch 350 - Avg Loss: 0.340161 | Train Acc: 97.37%
Val: loss=0.3639, acc=10615/10975 (96.72%)
Epoch 351 [0/84843] Loss: 0.310318
Epoch 351 [35000/84843] Loss: 0.495838
Epoch 351 [70000/84843] Loss: 0.279175
Epoch 351 - Avg Loss: 0.341829 | Train Acc: 97.29%
Val: loss=0.3616, acc=10617/10975 (96.74%)
Epoch 352 [0/84843] Loss: 0.300081
Epoch 352 [35000/84843] Loss: 0.520474
Epoch 352 [70000/84843] Loss: 0.340574
Epoch 352 - Avg Loss: 0.343773 | Train Acc: 97.27%
Val: loss=0.3624, acc=10631/10975 (96.87%)
saved best: 96.87%
Epoch 353 [0/84843] Loss: 0.349590
Epoch 353 [35000/84843] Loss: 0.309222
Epoch 353 [70000/84843] Loss: 0.417724
Epoch 353 - Avg Loss: 0.339753 | Train Acc: 97.39%
Val: loss=0.3616, acc=10635/10975 (96.90%)
saved best: 96.90%
Epoch 354 [0/84843] Loss: 0.309687
Epoch 354 [35000/84843] Loss: 0.278794
Epoch 354 [70000/84843] Loss: 0.341879
Epoch 354 - Avg Loss: 0.341543 | Train Acc: 97.34%
Val: loss=0.3622, acc=10636/10975 (96.91%)
saved best: 96.91%
Epoch 355 [0/84843] Loss: 0.311637
Epoch 355 [35000/84843] Loss: 0.283334
Epoch 355 [70000/84843] Loss: 0.344326
Epoch 355 - Avg Loss: 0.339702 | Train Acc: 97.35%
Val: loss=0.3606, acc=10645/10975 (96.99%)
saved best: 96.99%
Epoch 356 [0/84843] Loss: 0.370321
Epoch 356 [35000/84843] Loss: 0.406360
Epoch 356 [70000/84843] Loss: 0.341498
Epoch 356 - Avg Loss: 0.339908 | Train Acc: 97.38%
Val: loss=0.3617, acc=10630/10975 (96.86%)
Epoch 357 [0/84843] Loss: 0.466810
Epoch 357 [35000/84843] Loss: 0.430624
Epoch 357 [70000/84843] Loss: 0.297054
Epoch 357 - Avg Loss: 0.341667 | Train Acc: 97.36%
Val: loss=0.3622, acc=10623/10975 (96.79%)
Epoch 358 [0/84843] Loss: 0.290091
Epoch 358 [35000/84843] Loss: 0.438001
Epoch 358 [70000/84843] Loss: 0.350706
Epoch 358 - Avg Loss: 0.340183 | Train Acc: 97.41%
Val: loss=0.3620, acc=10631/10975 (96.87%)
Epoch 359 [0/84843] Loss: 0.407835
Epoch 359 [35000/84843] Loss: 0.386659
Epoch 359 [70000/84843] Loss: 0.307121
Epoch 359 - Avg Loss: 0.339005 | Train Acc: 97.40%
Val: loss=0.3642, acc=10616/10975 (96.73%)
Epoch 360 [0/84843] Loss: 0.314691
Epoch 360 [35000/84843] Loss: 0.330513
Epoch 360 [70000/84843] Loss: 0.364429
Epoch 360 - Avg Loss: 0.339227 | Train Acc: 97.38%
Val: loss=0.3638, acc=10621/10975 (96.77%)
Epoch 361 [0/84843] Loss: 0.330122
Epoch 361 [35000/84843] Loss: 0.372324
Epoch 361 [70000/84843] Loss: 0.648412
Epoch 361 - Avg Loss: 0.338926 | Train Acc: 97.44%
Val: loss=0.3632, acc=10631/10975 (96.87%)
Epoch 362 [0/84843] Loss: 0.381438
Epoch 362 [35000/84843] Loss: 0.325142
Epoch 362 [70000/84843] Loss: 0.372464
Epoch 362 - Avg Loss: 0.341107 | Train Acc: 97.33%
Val: loss=0.3620, acc=10633/10975 (96.88%)
Epoch 363 [0/84843] Loss: 0.282950
Epoch 363 [35000/84843] Loss: 0.329791
Epoch 363 [70000/84843] Loss: 0.294755
Epoch 363 - Avg Loss: 0.340489 | Train Acc: 97.32%
Val: loss=0.3630, acc=10638/10975 (96.93%)
Epoch 364 [0/84843] Loss: 0.405599
Epoch 364 [35000/84843] Loss: 0.367127
Epoch 364 [70000/84843] Loss: 0.307293
Epoch 364 - Avg Loss: 0.341805 | Train Acc: 97.27%
Val: loss=0.3608, acc=10644/10975 (96.98%)
Epoch 365 [0/84843] Loss: 0.291934
Epoch 365 [35000/84843] Loss: 0.375255
Epoch 365 [70000/84843] Loss: 0.470790
Epoch 365 - Avg Loss: 0.339905 | Train Acc: 97.33%
Val: loss=0.3620, acc=10630/10975 (96.86%)
Epoch 366 [0/84843] Loss: 0.310569
Epoch 366 [35000/84843] Loss: 0.382641
Epoch 366 [70000/84843] Loss: 0.315616
Epoch 366 - Avg Loss: 0.339207 | Train Acc: 97.41%
Val: loss=0.3627, acc=10629/10975 (96.85%)
Epoch 367 [0/84843] Loss: 0.295826
Epoch 367 [35000/84843] Loss: 0.286204
Epoch 367 [70000/84843] Loss: 0.293573
Epoch 367 - Avg Loss: 0.340458 | Train Acc: 97.37%
Val: loss=0.3616, acc=10636/10975 (96.91%)
Epoch 368 [0/84843] Loss: 0.349268
Epoch 368 [35000/84843] Loss: 0.301852
Epoch 368 [70000/84843] Loss: 0.464908
Epoch 368 - Avg Loss: 0.340665 | Train Acc: 97.33%
Val: loss=0.3607, acc=10640/10975 (96.95%)
Epoch 369 [0/84843] Loss: 0.505189
Epoch 369 [35000/84843] Loss: 0.282596
Epoch 369 [70000/84843] Loss: 0.306203
Epoch 369 - Avg Loss: 0.340003 | Train Acc: 97.31%
Val: loss=0.3616, acc=10637/10975 (96.92%)
Epoch 370 [0/84843] Loss: 0.385079
Epoch 370 [35000/84843] Loss: 0.365155
Epoch 370 [70000/84843] Loss: 0.280454
Epoch 370 - Avg Loss: 0.339658 | Train Acc: 97.39%
Val: loss=0.3619, acc=10630/10975 (96.86%)
Epoch 371 [0/84843] Loss: 0.363894
Epoch 371 [35000/84843] Loss: 0.286638
Epoch 371 [70000/84843] Loss: 0.334566
Epoch 371 - Avg Loss: 0.339873 | Train Acc: 97.36%
Val: loss=0.3619, acc=10634/10975 (96.89%)
Epoch 372 [0/84843] Loss: 0.358466
Epoch 372 [35000/84843] Loss: 0.296586
Epoch 372 [70000/84843] Loss: 0.448034
Epoch 372 - Avg Loss: 0.339165 | Train Acc: 97.48%
Val: loss=0.3615, acc=10624/10975 (96.80%)
Epoch 373 [0/84843] Loss: 0.366087
Epoch 373 [35000/84843] Loss: 0.362612
Epoch 373 [70000/84843] Loss: 0.349637
Epoch 373 - Avg Loss: 0.339640 | Train Acc: 97.39%
Val: loss=0.3606, acc=10635/10975 (96.90%)
Epoch 374 [0/84843] Loss: 0.299598
Epoch 374 [35000/84843] Loss: 0.275629
Epoch 374 [70000/84843] Loss: 0.402718
Epoch 374 - Avg Loss: 0.337178 | Train Acc: 97.51%
Val: loss=0.3610, acc=10641/10975 (96.96%)
Epoch 375 [0/84843] Loss: 0.397972
Epoch 375 [35000/84843] Loss: 0.308958
Epoch 375 [70000/84843] Loss: 0.345015
Epoch 375 - Avg Loss: 0.338026 | Train Acc: 97.43%
Val: loss=0.3604, acc=10637/10975 (96.92%)
Epoch 376 [0/84843] Loss: 0.290971
Epoch 376 [35000/84843] Loss: 0.353929
Epoch 376 [70000/84843] Loss: 0.316307
Epoch 376 - Avg Loss: 0.338465 | Train Acc: 97.46%
Val: loss=0.3598, acc=10641/10975 (96.96%)
Epoch 377 [0/84843] Loss: 0.304908
Epoch 377 [35000/84843] Loss: 0.360435
Epoch 377 [70000/84843] Loss: 0.317385
Epoch 377 - Avg Loss: 0.340014 | Train Acc: 97.38%
Val: loss=0.3604, acc=10639/10975 (96.94%)
Epoch 378 [0/84843] Loss: 0.436526
Epoch 378 [35000/84843] Loss: 0.328403
Epoch 378 [70000/84843] Loss: 0.437803
Epoch 378 - Avg Loss: 0.339496 | Train Acc: 97.42%
Val: loss=0.3606, acc=10635/10975 (96.90%)
Epoch 379 [0/84843] Loss: 0.373755
Epoch 379 [35000/84843] Loss: 0.279434
Epoch 379 [70000/84843] Loss: 0.343543
Epoch 379 - Avg Loss: 0.337549 | Train Acc: 97.44%
Val: loss=0.3611, acc=10635/10975 (96.90%)
Epoch 380 [0/84843] Loss: 0.459406
Epoch 380 [35000/84843] Loss: 0.345405
Epoch 380 [70000/84843] Loss: 0.293528
Epoch 380 - Avg Loss: 0.337382 | Train Acc: 97.49%
Val: loss=0.3606, acc=10637/10975 (96.92%)
Epoch 381 [0/84843] Loss: 0.305503
Epoch 381 [35000/84843] Loss: 0.300426
Epoch 381 [70000/84843] Loss: 0.296761
Epoch 381 - Avg Loss: 0.339124 | Train Acc: 97.40%
Val: loss=0.3601, acc=10646/10975 (97.00%)
saved best: 97.00%
Epoch 382 [0/84843] Loss: 0.276335
Epoch 382 [35000/84843] Loss: 0.316862
Epoch 382 [70000/84843] Loss: 0.466798
Epoch 382 - Avg Loss: 0.340308 | Train Acc: 97.36%
Val: loss=0.3606, acc=10637/10975 (96.92%)
Epoch 383 [0/84843] Loss: 0.378921
Epoch 383 [35000/84843] Loss: 0.313880
Epoch 383 [70000/84843] Loss: 0.337986
Epoch 383 - Avg Loss: 0.337898 | Train Acc: 97.45%
Val: loss=0.3600, acc=10642/10975 (96.97%)
Epoch 384 [0/84843] Loss: 0.313980
Epoch 384 [35000/84843] Loss: 0.350200
Epoch 384 [70000/84843] Loss: 0.273916
Epoch 384 - Avg Loss: 0.337085 | Train Acc: 97.46%
Val: loss=0.3602, acc=10644/10975 (96.98%)
Epoch 385 [0/84843] Loss: 0.295347
Epoch 385 [35000/84843] Loss: 0.277769
Epoch 385 [70000/84843] Loss: 0.391446
Epoch 385 - Avg Loss: 0.338772 | Train Acc: 97.40%
Val: loss=0.3598, acc=10644/10975 (96.98%)
Epoch 386 [0/84843] Loss: 0.288202
Epoch 386 [35000/84843] Loss: 0.416534
Epoch 386 [70000/84843] Loss: 0.444391
Epoch 386 - Avg Loss: 0.337544 | Train Acc: 97.47%
Val: loss=0.3600, acc=10637/10975 (96.92%)
Epoch 387 [0/84843] Loss: 0.545297
Epoch 387 [35000/84843] Loss: 0.324279
Epoch 387 [70000/84843] Loss: 0.351550
Epoch 387 - Avg Loss: 0.337348 | Train Acc: 97.48%
Val: loss=0.3602, acc=10642/10975 (96.97%)
Epoch 388 [0/84843] Loss: 0.350957
Epoch 388 [35000/84843] Loss: 0.361647
Epoch 388 [70000/84843] Loss: 0.289159
Epoch 388 - Avg Loss: 0.336896 | Train Acc: 97.50%
Val: loss=0.3604, acc=10644/10975 (96.98%)
Epoch 389 [0/84843] Loss: 0.272667
Epoch 389 [35000/84843] Loss: 0.481015
Epoch 389 [70000/84843] Loss: 0.333511
Epoch 389 - Avg Loss: 0.337808 | Train Acc: 97.48%
Val: loss=0.3603, acc=10640/10975 (96.95%)
Epoch 390 [0/84843] Loss: 0.353585
Epoch 390 [35000/84843] Loss: 0.482379
Epoch 390 [70000/84843] Loss: 0.469448
Epoch 390 - Avg Loss: 0.339394 | Train Acc: 97.36%
Val: loss=0.3603, acc=10640/10975 (96.95%)
Epoch 391 [0/84843] Loss: 0.361974
Epoch 391 [35000/84843] Loss: 0.309212
Epoch 391 [70000/84843] Loss: 0.289609
Epoch 391 - Avg Loss: 0.338298 | Train Acc: 97.45%
Val: loss=0.3605, acc=10639/10975 (96.94%)
Epoch 392 [0/84843] Loss: 0.416256
Epoch 392 [35000/84843] Loss: 0.286280
Epoch 392 [70000/84843] Loss: 0.312338
Epoch 392 - Avg Loss: 0.335879 | Train Acc: 97.53%
Val: loss=0.3603, acc=10642/10975 (96.97%)
Epoch 393 [0/84843] Loss: 0.345441
Epoch 393 [35000/84843] Loss: 0.387992
Epoch 393 [70000/84843] Loss: 0.391299
Epoch 393 - Avg Loss: 0.338372 | Train Acc: 97.43%
Val: loss=0.3603, acc=10639/10975 (96.94%)
Epoch 394 [0/84843] Loss: 0.377322
Epoch 394 [35000/84843] Loss: 0.309822
Epoch 394 [70000/84843] Loss: 0.326015
Epoch 394 - Avg Loss: 0.336364 | Train Acc: 97.50%
Val: loss=0.3602, acc=10639/10975 (96.94%)
Epoch 395 [0/84843] Loss: 0.332867
Epoch 395 [35000/84843] Loss: 0.371986
Epoch 395 [70000/84843] Loss: 0.312293
Epoch 395 - Avg Loss: 0.339449 | Train Acc: 97.40%
Val: loss=0.3603, acc=10639/10975 (96.94%)
Epoch 396 [0/84843] Loss: 0.305402
Epoch 396 [35000/84843] Loss: 0.327455
Epoch 396 [70000/84843] Loss: 0.365118
Epoch 396 - Avg Loss: 0.338432 | Train Acc: 97.45%
Val: loss=0.3601, acc=10638/10975 (96.93%)
Epoch 397 [0/84843] Loss: 0.293857
Epoch 397 [35000/84843] Loss: 0.359387
Epoch 397 [70000/84843] Loss: 0.286710
Epoch 397 - Avg Loss: 0.338588 | Train Acc: 97.44%
Val: loss=0.3602, acc=10639/10975 (96.94%)
Epoch 398 [0/84843] Loss: 0.269807
Epoch 398 [35000/84843] Loss: 0.372575
Epoch 398 [70000/84843] Loss: 0.395023
Epoch 398 - Avg Loss: 0.337748 | Train Acc: 97.47%
Val: loss=0.3602, acc=10641/10975 (96.96%)
Epoch 399 [0/84843] Loss: 0.306728
Epoch 399 [35000/84843] Loss: 0.525573
Epoch 399 [70000/84843] Loss: 0.318823
Epoch 399 - Avg Loss: 0.338652 | Train Acc: 97.41%
Val: loss=0.3602, acc=10638/10975 (96.93%)
Epoch 400 [0/84843] Loss: 0.295650
Epoch 400 [35000/84843] Loss: 0.376736
Epoch 400 [70000/84843] Loss: 0.289566
Epoch 400 - Avg Loss: 0.338147 | Train Acc: 97.44%
Val: loss=0.3601, acc=10639/10975 (96.94%)
Test: loss=0.4360, acc=11375/12101 (94.00%)
