Running feature config: 24_mels_delta (task 22)
SpecAugment freq_mask=12 time_mask=30
Device: cuda
Feature config: 24_mels_delta -> {'n_mels': 24, 'use_delta': True, 'use_delta_delta': False}
SpecAugment: True freq_mask=12 time_mask=30
GPU Name: Tesla V100-PCIE-32GB
GPU Memory: 34.07 GB
Total model parameters: 47,628
Epoch 1 [0/84843] Loss: 2.495979
Epoch 1 [35000/84843] Loss: 1.760583
Epoch 1 [70000/84843] Loss: 1.628156
Epoch 1 - Avg Loss: 1.698943 | Train Acc: 55.26%
Val: loss=1.5773, acc=6281/10975 (57.23%)
saved best: 57.23%
Epoch 2 [0/84843] Loss: 1.483917
Epoch 2 [35000/84843] Loss: 1.562141
Epoch 2 [70000/84843] Loss: 1.432969
Epoch 2 - Avg Loss: 1.400353 | Train Acc: 65.36%
Val: loss=1.3928, acc=7245/10975 (66.01%)
saved best: 66.01%
Epoch 3 [0/84843] Loss: 1.342379
Epoch 3 [35000/84843] Loss: 1.621304
Epoch 3 [70000/84843] Loss: 1.237996
Epoch 3 - Avg Loss: 1.359080 | Train Acc: 66.76%
Val: loss=1.3847, acc=7260/10975 (66.15%)
saved best: 66.15%
Epoch 4 [0/84843] Loss: 1.425552
Epoch 4 [35000/84843] Loss: 1.338003
Epoch 4 [70000/84843] Loss: 1.374323
Epoch 4 - Avg Loss: 1.353412 | Train Acc: 66.79%
Val: loss=1.3700, acc=7267/10975 (66.21%)
saved best: 66.21%
Epoch 5 [0/84843] Loss: 1.368174
Epoch 5 [35000/84843] Loss: 1.555384
Epoch 5 [70000/84843] Loss: 1.292463
Epoch 5 - Avg Loss: 1.336242 | Train Acc: 66.77%
Val: loss=1.3150, acc=7262/10975 (66.17%)
Epoch 6 [0/84843] Loss: 1.295368
Epoch 6 [35000/84843] Loss: 1.097176
Epoch 6 [70000/84843] Loss: 1.457089
Epoch 6 - Avg Loss: 1.292184 | Train Acc: 66.89%
Val: loss=1.2565, acc=7377/10975 (67.22%)
saved best: 67.22%
Epoch 7 [0/84843] Loss: 1.235867
Epoch 7 [35000/84843] Loss: 1.314540
Epoch 7 [70000/84843] Loss: 1.316929
Epoch 7 - Avg Loss: 1.253680 | Train Acc: 67.55%
Val: loss=1.2150, acc=7435/10975 (67.74%)
saved best: 67.74%
Epoch 8 [0/84843] Loss: 1.214793
Epoch 8 [35000/84843] Loss: 1.126719
Epoch 8 [70000/84843] Loss: 1.367801
Epoch 8 - Avg Loss: 1.230155 | Train Acc: 67.80%
Val: loss=1.1889, acc=7456/10975 (67.94%)
saved best: 67.94%
Epoch 9 [0/84843] Loss: 1.615105
Epoch 9 [35000/84843] Loss: 1.356423
Epoch 9 [70000/84843] Loss: 1.287277
Epoch 9 - Avg Loss: 1.206585 | Train Acc: 68.06%
Val: loss=1.1490, acc=7481/10975 (68.16%)
saved best: 68.16%
Epoch 10 [0/84843] Loss: 1.052971
Epoch 10 [35000/84843] Loss: 1.233443
Epoch 10 [70000/84843] Loss: 1.130828
Epoch 10 - Avg Loss: 1.172928 | Train Acc: 68.38%
Val: loss=1.1037, acc=7527/10975 (68.58%)
saved best: 68.58%
Epoch 11 [0/84843] Loss: 0.883412
Epoch 11 [35000/84843] Loss: 1.069136
Epoch 11 [70000/84843] Loss: 1.015600
Epoch 11 - Avg Loss: 1.138699 | Train Acc: 68.81%
Val: loss=1.0588, acc=7717/10975 (70.31%)
saved best: 70.31%
Epoch 12 [0/84843] Loss: 1.065690
Epoch 12 [35000/84843] Loss: 0.867733
Epoch 12 [70000/84843] Loss: 1.307754
Epoch 12 - Avg Loss: 1.104702 | Train Acc: 69.74%
Val: loss=1.0214, acc=7765/10975 (70.75%)
saved best: 70.75%
Epoch 13 [0/84843] Loss: 1.108360
Epoch 13 [35000/84843] Loss: 0.868988
Epoch 13 [70000/84843] Loss: 1.140837
Epoch 13 - Avg Loss: 1.075880 | Train Acc: 70.24%
Val: loss=0.9865, acc=7832/10975 (71.36%)
saved best: 71.36%
Epoch 14 [0/84843] Loss: 1.089832
Epoch 14 [35000/84843] Loss: 1.040961
Epoch 14 [70000/84843] Loss: 0.825524
Epoch 14 - Avg Loss: 1.052715 | Train Acc: 70.74%
Val: loss=0.9586, acc=7891/10975 (71.90%)
saved best: 71.90%
Epoch 15 [0/84843] Loss: 0.899469
Epoch 15 [35000/84843] Loss: 0.974265
Epoch 15 [70000/84843] Loss: 0.818222
Epoch 15 - Avg Loss: 1.018277 | Train Acc: 71.35%
Val: loss=0.9227, acc=7989/10975 (72.79%)
saved best: 72.79%
Epoch 16 [0/84843] Loss: 0.907032
Epoch 16 [35000/84843] Loss: 0.911986
Epoch 16 [70000/84843] Loss: 0.968107
Epoch 16 - Avg Loss: 0.990577 | Train Acc: 72.06%
Val: loss=0.8904, acc=8228/10975 (74.97%)
saved best: 74.97%
Epoch 17 [0/84843] Loss: 1.041305
Epoch 17 [35000/84843] Loss: 1.084746
Epoch 17 [70000/84843] Loss: 0.862595
Epoch 17 - Avg Loss: 0.958323 | Train Acc: 73.21%
Val: loss=0.8587, acc=8387/10975 (76.42%)
saved best: 76.42%
Epoch 18 [0/84843] Loss: 0.879176
Epoch 18 [35000/84843] Loss: 0.973284
Epoch 18 [70000/84843] Loss: 0.991696
Epoch 18 - Avg Loss: 0.915849 | Train Acc: 74.74%
Val: loss=0.7994, acc=8767/10975 (79.88%)
saved best: 79.88%
Epoch 19 [0/84843] Loss: 0.777095
Epoch 19 [35000/84843] Loss: 0.796963
Epoch 19 [70000/84843] Loss: 0.951237
Epoch 19 - Avg Loss: 0.885601 | Train Acc: 75.98%
Val: loss=0.7547, acc=8911/10975 (81.19%)
saved best: 81.19%
Epoch 20 [0/84843] Loss: 0.711414
Epoch 20 [35000/84843] Loss: 0.837886
Epoch 20 [70000/84843] Loss: 0.856131
Epoch 20 - Avg Loss: 0.851182 | Train Acc: 77.27%
Val: loss=0.7187, acc=9048/10975 (82.44%)
saved best: 82.44%
Epoch 21 [0/84843] Loss: 0.703786
Epoch 21 [35000/84843] Loss: 0.946687
Epoch 21 [70000/84843] Loss: 0.805094
Epoch 21 - Avg Loss: 0.820657 | Train Acc: 78.46%
Val: loss=0.6928, acc=9117/10975 (83.07%)
saved best: 83.07%
Epoch 22 [0/84843] Loss: 0.942069
Epoch 22 [35000/84843] Loss: 0.684378
Epoch 22 [70000/84843] Loss: 0.790241
Epoch 22 - Avg Loss: 0.789974 | Train Acc: 79.59%
Val: loss=0.6638, acc=9320/10975 (84.92%)
saved best: 84.92%
Epoch 23 [0/84843] Loss: 0.781925
Epoch 23 [35000/84843] Loss: 0.770974
Epoch 23 [70000/84843] Loss: 0.798638
Epoch 23 - Avg Loss: 0.759111 | Train Acc: 80.97%
Val: loss=0.6379, acc=9500/10975 (86.56%)
saved best: 86.56%
Epoch 24 [0/84843] Loss: 0.946006
Epoch 24 [35000/84843] Loss: 0.665396
Epoch 24 [70000/84843] Loss: 0.728203
Epoch 24 - Avg Loss: 0.734160 | Train Acc: 82.17%
Val: loss=0.5911, acc=9668/10975 (88.09%)
saved best: 88.09%
Epoch 25 [0/84843] Loss: 1.043467
Epoch 25 [35000/84843] Loss: 0.660934
Epoch 25 [70000/84843] Loss: 0.569182
Epoch 25 - Avg Loss: 0.717477 | Train Acc: 82.71%
Val: loss=0.5748, acc=9776/10975 (89.08%)
saved best: 89.08%
Epoch 26 [0/84843] Loss: 0.683415
Epoch 26 [35000/84843] Loss: 0.567469
Epoch 26 [70000/84843] Loss: 0.591234
Epoch 26 - Avg Loss: 0.690309 | Train Acc: 83.92%
Val: loss=0.5530, acc=9877/10975 (90.00%)
saved best: 90.00%
Epoch 27 [0/84843] Loss: 0.571591
Epoch 27 [35000/84843] Loss: 0.485933
Epoch 27 [70000/84843] Loss: 0.639384
Epoch 27 - Avg Loss: 0.670174 | Train Acc: 84.93%
Val: loss=0.5357, acc=9984/10975 (90.97%)
saved best: 90.97%
Epoch 28 [0/84843] Loss: 0.465216
Epoch 28 [35000/84843] Loss: 0.895667
Epoch 28 [70000/84843] Loss: 0.533755
Epoch 28 - Avg Loss: 0.650958 | Train Acc: 85.59%
Val: loss=0.5215, acc=10046/10975 (91.54%)
saved best: 91.54%
Epoch 29 [0/84843] Loss: 0.684353
Epoch 29 [35000/84843] Loss: 0.449724
Epoch 29 [70000/84843] Loss: 0.562498
Epoch 29 - Avg Loss: 0.631034 | Train Acc: 86.39%
Val: loss=0.5010, acc=10104/10975 (92.06%)
saved best: 92.06%
Epoch 30 [0/84843] Loss: 0.517130
Epoch 30 [35000/84843] Loss: 0.524935
Epoch 30 [70000/84843] Loss: 0.879699
Epoch 30 - Avg Loss: 0.622419 | Train Acc: 86.68%
Val: loss=0.4950, acc=10113/10975 (92.15%)
saved best: 92.15%
Epoch 31 [0/84843] Loss: 0.711735
Epoch 31 [35000/84843] Loss: 0.639998
Epoch 31 [70000/84843] Loss: 0.561638
Epoch 31 - Avg Loss: 0.605373 | Train Acc: 87.31%
Val: loss=0.4817, acc=10181/10975 (92.77%)
saved best: 92.77%
Epoch 32 [0/84843] Loss: 0.556917
Epoch 32 [35000/84843] Loss: 0.541558
Epoch 32 [70000/84843] Loss: 0.578507
Epoch 32 - Avg Loss: 0.599613 | Train Acc: 87.53%
Val: loss=0.4710, acc=10216/10975 (93.08%)
saved best: 93.08%
Epoch 33 [0/84843] Loss: 0.561729
Epoch 33 [35000/84843] Loss: 0.826483
Epoch 33 [70000/84843] Loss: 0.581175
Epoch 33 - Avg Loss: 0.581679 | Train Acc: 88.33%
Val: loss=0.4688, acc=10236/10975 (93.27%)
saved best: 93.27%
Epoch 34 [0/84843] Loss: 0.420700
Epoch 34 [35000/84843] Loss: 0.651164
Epoch 34 [70000/84843] Loss: 0.553680
Epoch 34 - Avg Loss: 0.576721 | Train Acc: 88.41%
Val: loss=0.4566, acc=10276/10975 (93.63%)
saved best: 93.63%
Epoch 35 [0/84843] Loss: 0.624336
Epoch 35 [35000/84843] Loss: 0.850880
Epoch 35 [70000/84843] Loss: 0.510019
Epoch 35 - Avg Loss: 0.569385 | Train Acc: 88.65%
Val: loss=0.4584, acc=10248/10975 (93.38%)
Epoch 36 [0/84843] Loss: 0.546007
Epoch 36 [35000/84843] Loss: 0.453354
Epoch 36 [70000/84843] Loss: 0.429281
Epoch 36 - Avg Loss: 0.558892 | Train Acc: 89.04%
Val: loss=0.4476, acc=10302/10975 (93.87%)
saved best: 93.87%
Epoch 37 [0/84843] Loss: 0.618883
Epoch 37 [35000/84843] Loss: 0.501353
Epoch 37 [70000/84843] Loss: 0.565781
Epoch 37 - Avg Loss: 0.549795 | Train Acc: 89.32%
Val: loss=0.4438, acc=10317/10975 (94.00%)
saved best: 94.00%
Epoch 38 [0/84843] Loss: 0.582985
Epoch 38 [35000/84843] Loss: 0.483707
Epoch 38 [70000/84843] Loss: 0.725028
Epoch 38 - Avg Loss: 0.549767 | Train Acc: 89.40%
Val: loss=0.4406, acc=10319/10975 (94.02%)
saved best: 94.02%
Epoch 39 [0/84843] Loss: 0.607001
Epoch 39 [35000/84843] Loss: 0.552609
Epoch 39 [70000/84843] Loss: 0.448734
Epoch 39 - Avg Loss: 0.542442 | Train Acc: 89.66%
Val: loss=0.4392, acc=10341/10975 (94.22%)
saved best: 94.22%
Epoch 40 [0/84843] Loss: 0.403366
Epoch 40 [35000/84843] Loss: 0.367802
Epoch 40 [70000/84843] Loss: 0.582965
Epoch 40 - Avg Loss: 0.537046 | Train Acc: 89.86%
Val: loss=0.4524, acc=10299/10975 (93.84%)
Epoch 41 [0/84843] Loss: 0.517483
Epoch 41 [35000/84843] Loss: 0.524652
Epoch 41 [70000/84843] Loss: 0.389738
Epoch 41 - Avg Loss: 0.529446 | Train Acc: 90.18%
Val: loss=0.4364, acc=10337/10975 (94.19%)
Epoch 42 [0/84843] Loss: 0.351896
Epoch 42 [35000/84843] Loss: 0.413202
Epoch 42 [70000/84843] Loss: 0.567343
Epoch 42 - Avg Loss: 0.523019 | Train Acc: 90.34%
Val: loss=0.4232, acc=10396/10975 (94.72%)
saved best: 94.72%
Epoch 43 [0/84843] Loss: 0.529601
Epoch 43 [35000/84843] Loss: 0.543203
Epoch 43 [70000/84843] Loss: 0.623753
Epoch 43 - Avg Loss: 0.518956 | Train Acc: 90.46%
Val: loss=0.4279, acc=10389/10975 (94.66%)
Epoch 44 [0/84843] Loss: 0.888491
Epoch 44 [35000/84843] Loss: 0.482531
Epoch 44 [70000/84843] Loss: 0.463520
Epoch 44 - Avg Loss: 0.515873 | Train Acc: 90.59%
Val: loss=0.4206, acc=10407/10975 (94.82%)
saved best: 94.82%
Epoch 45 [0/84843] Loss: 0.486339
Epoch 45 [35000/84843] Loss: 0.412107
Epoch 45 [70000/84843] Loss: 0.441192
Epoch 45 - Avg Loss: 0.511193 | Train Acc: 90.78%
Val: loss=0.4276, acc=10387/10975 (94.64%)
Epoch 46 [0/84843] Loss: 0.688909
Epoch 46 [35000/84843] Loss: 0.614487
Epoch 46 [70000/84843] Loss: 0.435555
Epoch 46 - Avg Loss: 0.507037 | Train Acc: 90.94%
Val: loss=0.4278, acc=10388/10975 (94.65%)
Epoch 47 [0/84843] Loss: 0.451420
Epoch 47 [35000/84843] Loss: 0.333194
Epoch 47 [70000/84843] Loss: 0.454711
Epoch 47 - Avg Loss: 0.508840 | Train Acc: 90.85%
Val: loss=0.4155, acc=10427/10975 (95.01%)
saved best: 95.01%
Epoch 48 [0/84843] Loss: 0.367287
Epoch 48 [35000/84843] Loss: 0.515139
Epoch 48 [70000/84843] Loss: 0.387484
Epoch 48 - Avg Loss: 0.499574 | Train Acc: 91.24%
Val: loss=0.4138, acc=10428/10975 (95.02%)
saved best: 95.02%
Epoch 49 [0/84843] Loss: 0.481278
Epoch 49 [35000/84843] Loss: 0.389408
Epoch 49 [70000/84843] Loss: 0.603200
Epoch 49 - Avg Loss: 0.499053 | Train Acc: 91.32%
Val: loss=0.4170, acc=10425/10975 (94.99%)
Epoch 50 [0/84843] Loss: 0.530111
Epoch 50 [35000/84843] Loss: 0.628895
Epoch 50 [70000/84843] Loss: 0.312138
Epoch 50 - Avg Loss: 0.497048 | Train Acc: 91.37%
Val: loss=0.4162, acc=10431/10975 (95.04%)
saved best: 95.04%
Epoch 51 [0/84843] Loss: 0.470327
Epoch 51 [35000/84843] Loss: 0.435095
Epoch 51 [70000/84843] Loss: 0.439738
Epoch 51 - Avg Loss: 0.495545 | Train Acc: 91.30%
Val: loss=0.4039, acc=10472/10975 (95.42%)
saved best: 95.42%
Epoch 52 [0/84843] Loss: 0.500412
Epoch 52 [35000/84843] Loss: 0.546101
Epoch 52 [70000/84843] Loss: 0.341737
Epoch 52 - Avg Loss: 0.489070 | Train Acc: 91.65%
Val: loss=0.4097, acc=10443/10975 (95.15%)
Epoch 53 [0/84843] Loss: 0.497102
Epoch 53 [35000/84843] Loss: 0.361683
Epoch 53 [70000/84843] Loss: 0.445094
Epoch 53 - Avg Loss: 0.487449 | Train Acc: 91.60%
Val: loss=0.4054, acc=10472/10975 (95.42%)
Epoch 54 [0/84843] Loss: 0.511498
Epoch 54 [35000/84843] Loss: 0.413659
Epoch 54 [70000/84843] Loss: 0.353496
Epoch 54 - Avg Loss: 0.481109 | Train Acc: 91.89%
Val: loss=0.4066, acc=10444/10975 (95.16%)
Epoch 55 [0/84843] Loss: 0.499632
Epoch 55 [35000/84843] Loss: 0.574431
Epoch 55 [70000/84843] Loss: 0.469242
Epoch 55 - Avg Loss: 0.479949 | Train Acc: 92.01%
Val: loss=0.3922, acc=10512/10975 (95.78%)
saved best: 95.78%
Epoch 56 [0/84843] Loss: 0.498017
Epoch 56 [35000/84843] Loss: 0.639944
Epoch 56 [70000/84843] Loss: 0.394826
Epoch 56 - Avg Loss: 0.476474 | Train Acc: 92.06%
Val: loss=0.4016, acc=10466/10975 (95.36%)
Epoch 57 [0/84843] Loss: 0.397139
Epoch 57 [35000/84843] Loss: 0.465191
Epoch 57 [70000/84843] Loss: 0.448235
Epoch 57 - Avg Loss: 0.474041 | Train Acc: 92.07%
Val: loss=0.4072, acc=10453/10975 (95.24%)
Epoch 58 [0/84843] Loss: 0.566931
Epoch 58 [35000/84843] Loss: 0.491692
Epoch 58 [70000/84843] Loss: 0.625724
Epoch 58 - Avg Loss: 0.475971 | Train Acc: 92.13%
Val: loss=0.4099, acc=10434/10975 (95.07%)
Epoch 59 [0/84843] Loss: 0.423059
Epoch 59 [35000/84843] Loss: 0.373375
Epoch 59 [70000/84843] Loss: 0.410201
Epoch 59 - Avg Loss: 0.474417 | Train Acc: 92.12%
Val: loss=0.3904, acc=10520/10975 (95.85%)
saved best: 95.85%
Epoch 60 [0/84843] Loss: 0.449662
Epoch 60 [35000/84843] Loss: 0.571516
Epoch 60 [70000/84843] Loss: 0.525963
Epoch 60 - Avg Loss: 0.471798 | Train Acc: 92.28%
Val: loss=0.4060, acc=10451/10975 (95.23%)
Epoch 61 [0/84843] Loss: 0.591945
Epoch 61 [35000/84843] Loss: 0.377590
Epoch 61 [70000/84843] Loss: 0.301894
Epoch 61 - Avg Loss: 0.470928 | Train Acc: 92.30%
Val: loss=0.3939, acc=10508/10975 (95.74%)
Epoch 62 [0/84843] Loss: 0.519596
Epoch 62 [35000/84843] Loss: 0.380432
Epoch 62 [70000/84843] Loss: 0.442245
Epoch 62 - Avg Loss: 0.466780 | Train Acc: 92.52%
Val: loss=0.3933, acc=10484/10975 (95.53%)
Epoch 63 [0/84843] Loss: 0.368274
Epoch 63 [35000/84843] Loss: 0.343406
Epoch 63 [70000/84843] Loss: 0.391836
Epoch 63 - Avg Loss: 0.466717 | Train Acc: 92.39%
Val: loss=0.3949, acc=10501/10975 (95.68%)
Epoch 64 [0/84843] Loss: 0.655003
Epoch 64 [35000/84843] Loss: 0.319263
Epoch 64 [70000/84843] Loss: 0.607243
Epoch 64 - Avg Loss: 0.470743 | Train Acc: 92.19%
Val: loss=0.3929, acc=10511/10975 (95.77%)
Epoch 65 [0/84843] Loss: 0.454607
Epoch 65 [35000/84843] Loss: 0.408762
Epoch 65 [70000/84843] Loss: 0.522207
Epoch 65 - Avg Loss: 0.465954 | Train Acc: 92.50%
Val: loss=0.3920, acc=10507/10975 (95.74%)
Epoch 66 [0/84843] Loss: 0.492650
Epoch 66 [35000/84843] Loss: 0.422122
Epoch 66 [70000/84843] Loss: 0.334255
Epoch 66 - Avg Loss: 0.464759 | Train Acc: 92.50%
Val: loss=0.3936, acc=10496/10975 (95.64%)
Epoch 67 [0/84843] Loss: 0.587347
Epoch 67 [35000/84843] Loss: 0.405784
Epoch 67 [70000/84843] Loss: 0.348880
Epoch 67 - Avg Loss: 0.460795 | Train Acc: 92.62%
Val: loss=0.3982, acc=10473/10975 (95.43%)
Epoch 68 [0/84843] Loss: 0.480338
Epoch 68 [35000/84843] Loss: 0.359391
Epoch 68 [70000/84843] Loss: 0.541655
Epoch 68 - Avg Loss: 0.457882 | Train Acc: 92.70%
Val: loss=0.3948, acc=10481/10975 (95.50%)
Epoch 69 [0/84843] Loss: 0.436031
Epoch 69 [35000/84843] Loss: 0.330703
Epoch 69 [70000/84843] Loss: 0.477769
Epoch 69 - Avg Loss: 0.459061 | Train Acc: 92.75%
Val: loss=0.3878, acc=10521/10975 (95.86%)
saved best: 95.86%
Epoch 70 [0/84843] Loss: 0.474244
Epoch 70 [35000/84843] Loss: 0.438869
Epoch 70 [70000/84843] Loss: 0.348666
Epoch 70 - Avg Loss: 0.454762 | Train Acc: 92.89%
Val: loss=0.3902, acc=10505/10975 (95.72%)
Epoch 71 [0/84843] Loss: 0.392642
Epoch 71 [35000/84843] Loss: 0.376868
Epoch 71 [70000/84843] Loss: 0.590751
Epoch 71 - Avg Loss: 0.455294 | Train Acc: 92.87%
Val: loss=0.3891, acc=10505/10975 (95.72%)
Epoch 72 [0/84843] Loss: 0.615508
Epoch 72 [35000/84843] Loss: 0.422693
Epoch 72 [70000/84843] Loss: 0.568922
Epoch 72 - Avg Loss: 0.455340 | Train Acc: 92.90%
Val: loss=0.3861, acc=10523/10975 (95.88%)
saved best: 95.88%
Epoch 73 [0/84843] Loss: 0.318577
Epoch 73 [35000/84843] Loss: 0.526622
Epoch 73 [70000/84843] Loss: 0.473022
Epoch 73 - Avg Loss: 0.456063 | Train Acc: 92.78%
Val: loss=0.3892, acc=10501/10975 (95.68%)
Epoch 74 [0/84843] Loss: 0.587151
Epoch 74 [35000/84843] Loss: 0.741895
Epoch 74 [70000/84843] Loss: 0.329739
Epoch 74 - Avg Loss: 0.457915 | Train Acc: 92.72%
Val: loss=0.3864, acc=10523/10975 (95.88%)
Epoch 75 [0/84843] Loss: 0.440670
Epoch 75 [35000/84843] Loss: 0.402096
Epoch 75 [70000/84843] Loss: 0.307534
Epoch 75 - Avg Loss: 0.452689 | Train Acc: 92.90%
Val: loss=0.3953, acc=10477/10975 (95.46%)
Epoch 76 [0/84843] Loss: 0.395942
Epoch 76 [35000/84843] Loss: 0.504428
Epoch 76 [70000/84843] Loss: 0.454578
Epoch 76 - Avg Loss: 0.448545 | Train Acc: 93.02%
Val: loss=0.3841, acc=10521/10975 (95.86%)
Epoch 77 [0/84843] Loss: 0.370248
Epoch 77 [35000/84843] Loss: 0.551581
Epoch 77 [70000/84843] Loss: 0.335764
Epoch 77 - Avg Loss: 0.447722 | Train Acc: 93.11%
Val: loss=0.3880, acc=10535/10975 (95.99%)
saved best: 95.99%
Epoch 78 [0/84843] Loss: 0.380947
Epoch 78 [35000/84843] Loss: 0.450887
Epoch 78 [70000/84843] Loss: 0.498034
Epoch 78 - Avg Loss: 0.444464 | Train Acc: 93.33%
Val: loss=0.3761, acc=10552/10975 (96.15%)
saved best: 96.15%
Epoch 79 [0/84843] Loss: 0.487451
Epoch 79 [35000/84843] Loss: 0.361752
Epoch 79 [70000/84843] Loss: 0.458745
Epoch 79 - Avg Loss: 0.448689 | Train Acc: 93.06%
Val: loss=0.3793, acc=10548/10975 (96.11%)
Epoch 80 [0/84843] Loss: 0.365291
Epoch 80 [35000/84843] Loss: 0.310766
Epoch 80 [70000/84843] Loss: 0.305600
Epoch 80 - Avg Loss: 0.442909 | Train Acc: 93.28%
Val: loss=0.3806, acc=10548/10975 (96.11%)
Epoch 81 [0/84843] Loss: 0.366131
Epoch 81 [35000/84843] Loss: 0.437648
Epoch 81 [70000/84843] Loss: 0.345491
Epoch 81 - Avg Loss: 0.447942 | Train Acc: 93.09%
Val: loss=0.3759, acc=10576/10975 (96.36%)
saved best: 96.36%
Epoch 82 [0/84843] Loss: 0.535524
Epoch 82 [35000/84843] Loss: 0.494522
Epoch 82 [70000/84843] Loss: 0.425727
Epoch 82 - Avg Loss: 0.443793 | Train Acc: 93.24%
Val: loss=0.3774, acc=10554/10975 (96.16%)
Epoch 83 [0/84843] Loss: 0.348355
Epoch 83 [35000/84843] Loss: 0.586630
Epoch 83 [70000/84843] Loss: 0.601074
Epoch 83 - Avg Loss: 0.445510 | Train Acc: 93.24%
Val: loss=0.3735, acc=10582/10975 (96.42%)
saved best: 96.42%
Epoch 84 [0/84843] Loss: 0.495241
Epoch 84 [35000/84843] Loss: 0.462296
Epoch 84 [70000/84843] Loss: 0.473835
Epoch 84 - Avg Loss: 0.443824 | Train Acc: 93.33%
Val: loss=0.3745, acc=10560/10975 (96.22%)
Epoch 85 [0/84843] Loss: 0.404334
Epoch 85 [35000/84843] Loss: 0.498148
Epoch 85 [70000/84843] Loss: 0.396587
Epoch 85 - Avg Loss: 0.440202 | Train Acc: 93.44%
Val: loss=0.3768, acc=10581/10975 (96.41%)
Epoch 86 [0/84843] Loss: 0.349154
Epoch 86 [35000/84843] Loss: 0.326712
Epoch 86 [70000/84843] Loss: 0.366539
Epoch 86 - Avg Loss: 0.441829 | Train Acc: 93.38%
Val: loss=0.3837, acc=10534/10975 (95.98%)
Epoch 87 [0/84843] Loss: 0.429473
Epoch 87 [35000/84843] Loss: 0.402542
Epoch 87 [70000/84843] Loss: 0.434112
Epoch 87 - Avg Loss: 0.436940 | Train Acc: 93.52%
Val: loss=0.3831, acc=10522/10975 (95.87%)
Epoch 88 [0/84843] Loss: 0.529851
Epoch 88 [35000/84843] Loss: 0.375651
Epoch 88 [70000/84843] Loss: 0.461323
Epoch 88 - Avg Loss: 0.437762 | Train Acc: 93.58%
Val: loss=0.3766, acc=10576/10975 (96.36%)
Epoch 89 [0/84843] Loss: 0.411960
Epoch 89 [35000/84843] Loss: 0.528656
Epoch 89 [70000/84843] Loss: 0.375723
Epoch 89 - Avg Loss: 0.439088 | Train Acc: 93.48%
Val: loss=0.3789, acc=10552/10975 (96.15%)
Epoch 90 [0/84843] Loss: 0.316168
Epoch 90 [35000/84843] Loss: 0.759836
Epoch 90 [70000/84843] Loss: 0.354858
Epoch 90 - Avg Loss: 0.435592 | Train Acc: 93.62%
Val: loss=0.3815, acc=10551/10975 (96.14%)
Epoch 91 [0/84843] Loss: 0.363944
Epoch 91 [35000/84843] Loss: 0.495847
Epoch 91 [70000/84843] Loss: 0.675835
Epoch 91 - Avg Loss: 0.438452 | Train Acc: 93.48%
Val: loss=0.3799, acc=10554/10975 (96.16%)
Epoch 92 [0/84843] Loss: 0.603187
Epoch 92 [35000/84843] Loss: 0.445160
Epoch 92 [70000/84843] Loss: 0.362246
Epoch 92 - Avg Loss: 0.439898 | Train Acc: 93.38%
Val: loss=0.3831, acc=10546/10975 (96.09%)
Epoch 93 [0/84843] Loss: 0.492415
Epoch 93 [35000/84843] Loss: 0.410842
Epoch 93 [70000/84843] Loss: 0.348066
Epoch 93 - Avg Loss: 0.434558 | Train Acc: 93.62%
Val: loss=0.3807, acc=10549/10975 (96.12%)
Epoch 94 [0/84843] Loss: 0.378275
Epoch 94 [35000/84843] Loss: 0.374635
Epoch 94 [70000/84843] Loss: 0.302358
Epoch 94 - Avg Loss: 0.435279 | Train Acc: 93.67%
Val: loss=0.3834, acc=10534/10975 (95.98%)
Epoch 95 [0/84843] Loss: 0.367785
Epoch 95 [35000/84843] Loss: 0.416916
Epoch 95 [70000/84843] Loss: 0.434048
Epoch 95 - Avg Loss: 0.434438 | Train Acc: 93.66%
Val: loss=0.3873, acc=10514/10975 (95.80%)
Epoch 96 [0/84843] Loss: 0.351357
Epoch 96 [35000/84843] Loss: 0.534630
Epoch 96 [70000/84843] Loss: 0.393057
Epoch 96 - Avg Loss: 0.434034 | Train Acc: 93.67%
Val: loss=0.3823, acc=10540/10975 (96.04%)
Epoch 97 [0/84843] Loss: 0.322976
Epoch 97 [35000/84843] Loss: 0.356787
Epoch 97 [70000/84843] Loss: 0.330328
Epoch 97 - Avg Loss: 0.432324 | Train Acc: 93.71%
Val: loss=0.3739, acc=10589/10975 (96.48%)
saved best: 96.48%
Epoch 98 [0/84843] Loss: 0.603207
Epoch 98 [35000/84843] Loss: 0.360409
Epoch 98 [70000/84843] Loss: 0.537179
Epoch 98 - Avg Loss: 0.431682 | Train Acc: 93.76%
Val: loss=0.3720, acc=10592/10975 (96.51%)
saved best: 96.51%
Epoch 99 [0/84843] Loss: 0.455403
Epoch 99 [35000/84843] Loss: 0.456517
Epoch 99 [70000/84843] Loss: 0.531639
Epoch 99 - Avg Loss: 0.431200 | Train Acc: 93.77%
Val: loss=0.3770, acc=10543/10975 (96.06%)
Epoch 100 [0/84843] Loss: 0.577433
Epoch 100 [35000/84843] Loss: 0.556367
Epoch 100 [70000/84843] Loss: 0.460148
Epoch 100 - Avg Loss: 0.429700 | Train Acc: 93.84%
Val: loss=0.3810, acc=10559/10975 (96.21%)
Epoch 101 [0/84843] Loss: 0.415350
Epoch 101 [35000/84843] Loss: 0.346843
Epoch 101 [70000/84843] Loss: 0.529793
Epoch 101 - Avg Loss: 0.430018 | Train Acc: 93.81%
Val: loss=0.3800, acc=10574/10975 (96.35%)
Epoch 102 [0/84843] Loss: 0.589079
Epoch 102 [35000/84843] Loss: 0.369462
Epoch 102 [70000/84843] Loss: 0.510452
Epoch 102 - Avg Loss: 0.432547 | Train Acc: 93.70%
Val: loss=0.3780, acc=10557/10975 (96.19%)
Epoch 103 [0/84843] Loss: 0.491194
Epoch 103 [35000/84843] Loss: 0.467992
Epoch 103 [70000/84843] Loss: 0.457523
Epoch 103 - Avg Loss: 0.425908 | Train Acc: 94.01%
Val: loss=0.3744, acc=10572/10975 (96.33%)
Epoch 104 [0/84843] Loss: 0.292592
Epoch 104 [35000/84843] Loss: 0.385696
Epoch 104 [70000/84843] Loss: 0.575810
Epoch 104 - Avg Loss: 0.429973 | Train Acc: 93.75%
Val: loss=0.3781, acc=10565/10975 (96.26%)
Epoch 105 [0/84843] Loss: 0.413207
Epoch 105 [35000/84843] Loss: 0.328586
Epoch 105 [70000/84843] Loss: 0.395378
Epoch 105 - Avg Loss: 0.430252 | Train Acc: 93.78%
Val: loss=0.3766, acc=10564/10975 (96.26%)
Epoch 106 [0/84843] Loss: 0.334490
Epoch 106 [35000/84843] Loss: 0.358520
Epoch 106 [70000/84843] Loss: 0.661973
Epoch 106 - Avg Loss: 0.426498 | Train Acc: 94.00%
Val: loss=0.3727, acc=10604/10975 (96.62%)
saved best: 96.62%
Epoch 107 [0/84843] Loss: 0.399401
Epoch 107 [35000/84843] Loss: 0.513232
Epoch 107 [70000/84843] Loss: 0.300265
Epoch 107 - Avg Loss: 0.426319 | Train Acc: 93.94%
Val: loss=0.3780, acc=10543/10975 (96.06%)
Epoch 108 [0/84843] Loss: 0.307020
Epoch 108 [35000/84843] Loss: 0.443260
Epoch 108 [70000/84843] Loss: 0.458857
Epoch 108 - Avg Loss: 0.428523 | Train Acc: 93.88%
Val: loss=0.3757, acc=10575/10975 (96.36%)
Epoch 109 [0/84843] Loss: 0.356485
Epoch 109 [35000/84843] Loss: 0.378420
Epoch 109 [70000/84843] Loss: 0.522560
Epoch 109 - Avg Loss: 0.430087 | Train Acc: 93.82%
Val: loss=0.3834, acc=10535/10975 (95.99%)
Epoch 110 [0/84843] Loss: 0.363362
Epoch 110 [35000/84843] Loss: 0.454070
Epoch 110 [70000/84843] Loss: 0.398649
Epoch 110 - Avg Loss: 0.430338 | Train Acc: 93.84%
Val: loss=0.3743, acc=10583/10975 (96.43%)
Epoch 111 [0/84843] Loss: 0.360867
Epoch 111 [35000/84843] Loss: 0.376666
Epoch 111 [70000/84843] Loss: 0.411281
Epoch 111 - Avg Loss: 0.429971 | Train Acc: 93.81%
Val: loss=0.3861, acc=10512/10975 (95.78%)
Epoch 112 [0/84843] Loss: 0.416249
Epoch 112 [35000/84843] Loss: 0.345613
Epoch 112 [70000/84843] Loss: 0.430978
Epoch 112 - Avg Loss: 0.427605 | Train Acc: 93.91%
Val: loss=0.3731, acc=10574/10975 (96.35%)
Epoch 113 [0/84843] Loss: 0.413957
Epoch 113 [35000/84843] Loss: 0.314284
Epoch 113 [70000/84843] Loss: 0.327475
Epoch 113 - Avg Loss: 0.425158 | Train Acc: 93.95%
Val: loss=0.3719, acc=10600/10975 (96.58%)
Epoch 114 [0/84843] Loss: 0.533470
Epoch 114 [35000/84843] Loss: 0.450995
Epoch 114 [70000/84843] Loss: 0.531806
Epoch 114 - Avg Loss: 0.423964 | Train Acc: 94.06%
Val: loss=0.3786, acc=10563/10975 (96.25%)
Epoch 115 [0/84843] Loss: 0.325333
Epoch 115 [35000/84843] Loss: 0.413994
Epoch 115 [70000/84843] Loss: 0.388290
Epoch 115 - Avg Loss: 0.427092 | Train Acc: 93.92%
Val: loss=0.3708, acc=10585/10975 (96.45%)
Epoch 116 [0/84843] Loss: 0.329833
Epoch 116 [35000/84843] Loss: 0.386498
Epoch 116 [70000/84843] Loss: 0.350924
Epoch 116 - Avg Loss: 0.422609 | Train Acc: 94.15%
Val: loss=0.3808, acc=10547/10975 (96.10%)
Epoch 117 [0/84843] Loss: 0.396309
Epoch 117 [35000/84843] Loss: 0.306285
Epoch 117 [70000/84843] Loss: 0.423762
Epoch 117 - Avg Loss: 0.423351 | Train Acc: 94.06%
Val: loss=0.3688, acc=10608/10975 (96.66%)
saved best: 96.66%
Epoch 118 [0/84843] Loss: 0.299298
Epoch 118 [35000/84843] Loss: 0.322895
Epoch 118 [70000/84843] Loss: 0.429037
Epoch 118 - Avg Loss: 0.426320 | Train Acc: 93.86%
Val: loss=0.3758, acc=10588/10975 (96.47%)
Epoch 119 [0/84843] Loss: 0.409680
Epoch 119 [35000/84843] Loss: 0.579695
Epoch 119 [70000/84843] Loss: 0.385689
Epoch 119 - Avg Loss: 0.423625 | Train Acc: 94.08%
Val: loss=0.3714, acc=10583/10975 (96.43%)
Epoch 120 [0/84843] Loss: 0.593642
Epoch 120 [35000/84843] Loss: 0.437623
Epoch 120 [70000/84843] Loss: 0.391643
Epoch 120 - Avg Loss: 0.421020 | Train Acc: 94.14%
Val: loss=0.3686, acc=10589/10975 (96.48%)
Epoch 121 [0/84843] Loss: 0.407998
Epoch 121 [35000/84843] Loss: 0.490741
Epoch 121 [70000/84843] Loss: 0.368329
Epoch 121 - Avg Loss: 0.422547 | Train Acc: 94.12%
Val: loss=0.3720, acc=10581/10975 (96.41%)
Epoch 122 [0/84843] Loss: 0.478566
Epoch 122 [35000/84843] Loss: 0.367736
Epoch 122 [70000/84843] Loss: 0.404658
Epoch 122 - Avg Loss: 0.422156 | Train Acc: 94.17%
Val: loss=0.3808, acc=10550/10975 (96.13%)
Epoch 123 [0/84843] Loss: 0.406455
Epoch 123 [35000/84843] Loss: 0.527292
Epoch 123 [70000/84843] Loss: 0.412953
Epoch 123 - Avg Loss: 0.417258 | Train Acc: 94.32%
Val: loss=0.3791, acc=10539/10975 (96.03%)
Epoch 124 [0/84843] Loss: 0.516514
Epoch 124 [35000/84843] Loss: 0.410900
Epoch 124 [70000/84843] Loss: 0.467429
Epoch 124 - Avg Loss: 0.424298 | Train Acc: 94.04%
Val: loss=0.3691, acc=10598/10975 (96.56%)
Epoch 125 [0/84843] Loss: 0.447523
Epoch 125 [35000/84843] Loss: 0.388076
Epoch 125 [70000/84843] Loss: 0.313676
Epoch 125 - Avg Loss: 0.419160 | Train Acc: 94.25%
Val: loss=0.3662, acc=10601/10975 (96.59%)
Epoch 126 [0/84843] Loss: 0.494885
Epoch 126 [35000/84843] Loss: 0.545564
Epoch 126 [70000/84843] Loss: 0.339470
Epoch 126 - Avg Loss: 0.422256 | Train Acc: 94.05%
Val: loss=0.3759, acc=10541/10975 (96.05%)
Epoch 127 [0/84843] Loss: 0.327627
Epoch 127 [35000/84843] Loss: 0.381169
Epoch 127 [70000/84843] Loss: 0.433196
Epoch 127 - Avg Loss: 0.418737 | Train Acc: 94.20%
Val: loss=0.3808, acc=10544/10975 (96.07%)
Epoch 128 [0/84843] Loss: 0.412034
Epoch 128 [35000/84843] Loss: 0.332844
Epoch 128 [70000/84843] Loss: 0.349093
Epoch 128 - Avg Loss: 0.421231 | Train Acc: 94.13%
Val: loss=0.3786, acc=10538/10975 (96.02%)
Epoch 129 [0/84843] Loss: 0.515788
Epoch 129 [35000/84843] Loss: 0.613140
Epoch 129 [70000/84843] Loss: 0.301471
Epoch 129 - Avg Loss: 0.416824 | Train Acc: 94.34%
Val: loss=0.3741, acc=10573/10975 (96.34%)
Epoch 130 [0/84843] Loss: 0.439862
Epoch 130 [35000/84843] Loss: 0.397566
Epoch 130 [70000/84843] Loss: 0.419787
Epoch 130 - Avg Loss: 0.422088 | Train Acc: 94.12%
Val: loss=0.3740, acc=10576/10975 (96.36%)
Epoch 131 [0/84843] Loss: 0.582715
Epoch 131 [35000/84843] Loss: 0.353900
Epoch 131 [70000/84843] Loss: 0.330246
Epoch 131 - Avg Loss: 0.422857 | Train Acc: 94.07%
Val: loss=0.3702, acc=10581/10975 (96.41%)
Epoch 132 [0/84843] Loss: 0.447245
Epoch 132 [35000/84843] Loss: 0.498898
Epoch 132 [70000/84843] Loss: 0.461533
Epoch 132 - Avg Loss: 0.418696 | Train Acc: 94.22%
Val: loss=0.3764, acc=10568/10975 (96.29%)
Epoch 133 [0/84843] Loss: 0.316742
Epoch 133 [35000/84843] Loss: 0.477559
Epoch 133 [70000/84843] Loss: 0.544669
Epoch 133 - Avg Loss: 0.418849 | Train Acc: 94.29%
Val: loss=0.3689, acc=10580/10975 (96.40%)
Epoch 134 [0/84843] Loss: 0.351345
Epoch 134 [35000/84843] Loss: 0.435936
Epoch 134 [70000/84843] Loss: 0.497846
Epoch 134 - Avg Loss: 0.416005 | Train Acc: 94.41%
Val: loss=0.3805, acc=10544/10975 (96.07%)
Epoch 135 [0/84843] Loss: 0.314624
Epoch 135 [35000/84843] Loss: 0.391588
Epoch 135 [70000/84843] Loss: 0.420033
Epoch 135 - Avg Loss: 0.419693 | Train Acc: 94.20%
Val: loss=0.3801, acc=10541/10975 (96.05%)
Epoch 136 [0/84843] Loss: 0.329438
Epoch 136 [35000/84843] Loss: 0.419947
Epoch 136 [70000/84843] Loss: 0.601564
Epoch 136 - Avg Loss: 0.417631 | Train Acc: 94.29%
Val: loss=0.3771, acc=10560/10975 (96.22%)
Epoch 137 [0/84843] Loss: 0.398393
Epoch 137 [35000/84843] Loss: 0.358982
Epoch 137 [70000/84843] Loss: 0.549348
Epoch 137 - Avg Loss: 0.421674 | Train Acc: 94.14%
Val: loss=0.3722, acc=10570/10975 (96.31%)
Epoch 138 [0/84843] Loss: 0.390213
Epoch 138 [35000/84843] Loss: 0.318765
Epoch 138 [70000/84843] Loss: 0.333763
Epoch 138 - Avg Loss: 0.417236 | Train Acc: 94.30%
Val: loss=0.3671, acc=10599/10975 (96.57%)
Epoch 139 [0/84843] Loss: 0.514712
Epoch 139 [35000/84843] Loss: 0.371762
Epoch 139 [70000/84843] Loss: 0.466256
Epoch 139 - Avg Loss: 0.419925 | Train Acc: 94.11%
Val: loss=0.3697, acc=10586/10975 (96.46%)
Epoch 140 [0/84843] Loss: 0.350074
Epoch 140 [35000/84843] Loss: 0.385830
Epoch 140 [70000/84843] Loss: 0.291012
Epoch 140 - Avg Loss: 0.417716 | Train Acc: 94.22%
Val: loss=0.3724, acc=10572/10975 (96.33%)
Epoch 141 [0/84843] Loss: 0.366538
Epoch 141 [35000/84843] Loss: 0.565690
Epoch 141 [70000/84843] Loss: 0.512708
Epoch 141 - Avg Loss: 0.414779 | Train Acc: 94.37%
Val: loss=0.3761, acc=10572/10975 (96.33%)
Epoch 142 [0/84843] Loss: 0.416959
Epoch 142 [35000/84843] Loss: 0.308493
Epoch 142 [70000/84843] Loss: 0.439123
Epoch 142 - Avg Loss: 0.420306 | Train Acc: 94.12%
Val: loss=0.3673, acc=10603/10975 (96.61%)
Epoch 143 [0/84843] Loss: 0.315676
Epoch 143 [35000/84843] Loss: 0.425412
Epoch 143 [70000/84843] Loss: 0.452302
Epoch 143 - Avg Loss: 0.417646 | Train Acc: 94.23%
Val: loss=0.3741, acc=10579/10975 (96.39%)
Epoch 144 [0/84843] Loss: 0.366261
Epoch 144 [35000/84843] Loss: 0.327084
Epoch 144 [70000/84843] Loss: 0.382744
Epoch 144 - Avg Loss: 0.415018 | Train Acc: 94.40%
Val: loss=0.3803, acc=10524/10975 (95.89%)
Epoch 145 [0/84843] Loss: 0.471619
Epoch 145 [35000/84843] Loss: 0.522165
Epoch 145 [70000/84843] Loss: 0.396746
Epoch 145 - Avg Loss: 0.415665 | Train Acc: 94.30%
Val: loss=0.3709, acc=10571/10975 (96.32%)
Epoch 146 [0/84843] Loss: 0.475922
Epoch 146 [35000/84843] Loss: 0.521436
Epoch 146 [70000/84843] Loss: 0.602347
Epoch 146 - Avg Loss: 0.412902 | Train Acc: 94.42%
Val: loss=0.3724, acc=10592/10975 (96.51%)
Epoch 147 [0/84843] Loss: 0.417114
Epoch 147 [35000/84843] Loss: 0.363092
Epoch 147 [70000/84843] Loss: 0.487617
Epoch 147 - Avg Loss: 0.416968 | Train Acc: 94.35%
Val: loss=0.3770, acc=10540/10975 (96.04%)
Epoch 148 [0/84843] Loss: 0.361519
Epoch 148 [35000/84843] Loss: 0.306505
Epoch 148 [70000/84843] Loss: 0.434455
Epoch 148 - Avg Loss: 0.415011 | Train Acc: 94.32%
Val: loss=0.3699, acc=10590/10975 (96.49%)
Epoch 149 [0/84843] Loss: 0.428790
Epoch 149 [35000/84843] Loss: 0.466821
Epoch 149 [70000/84843] Loss: 0.418823
Epoch 149 - Avg Loss: 0.409295 | Train Acc: 94.61%
Val: loss=0.3718, acc=10586/10975 (96.46%)
Epoch 150 [0/84843] Loss: 0.572950
Epoch 150 [35000/84843] Loss: 0.460093
Epoch 150 [70000/84843] Loss: 0.326973
Epoch 150 - Avg Loss: 0.411715 | Train Acc: 94.51%
Val: loss=0.3790, acc=10553/10975 (96.15%)
Epoch 151 [0/84843] Loss: 0.355993
Epoch 151 [35000/84843] Loss: 0.436677
Epoch 151 [70000/84843] Loss: 0.394555
Epoch 151 - Avg Loss: 0.411171 | Train Acc: 94.43%
Val: loss=0.3695, acc=10585/10975 (96.45%)
Epoch 152 [0/84843] Loss: 0.354246
Epoch 152 [35000/84843] Loss: 0.373223
Epoch 152 [70000/84843] Loss: 0.344275
Epoch 152 - Avg Loss: 0.411137 | Train Acc: 94.57%
Val: loss=0.3700, acc=10597/10975 (96.56%)
Epoch 153 [0/84843] Loss: 0.434026
Epoch 153 [35000/84843] Loss: 0.458787
Epoch 153 [70000/84843] Loss: 0.394004
Epoch 153 - Avg Loss: 0.409540 | Train Acc: 94.63%
Val: loss=0.3732, acc=10561/10975 (96.23%)
Epoch 154 [0/84843] Loss: 0.537797
Epoch 154 [35000/84843] Loss: 0.365192
Epoch 154 [70000/84843] Loss: 0.398021
Epoch 154 - Avg Loss: 0.411286 | Train Acc: 94.54%
Val: loss=0.3742, acc=10572/10975 (96.33%)
Epoch 155 [0/84843] Loss: 0.309470
Epoch 155 [35000/84843] Loss: 0.427749
Epoch 155 [70000/84843] Loss: 0.352840
Epoch 155 - Avg Loss: 0.409955 | Train Acc: 94.60%
Val: loss=0.3702, acc=10594/10975 (96.53%)
Epoch 156 [0/84843] Loss: 0.368343
Epoch 156 [35000/84843] Loss: 0.394304
Epoch 156 [70000/84843] Loss: 0.419760
Epoch 156 - Avg Loss: 0.410318 | Train Acc: 94.63%
Val: loss=0.3688, acc=10602/10975 (96.60%)
Epoch 157 [0/84843] Loss: 0.316625
Epoch 157 [35000/84843] Loss: 0.406242
Epoch 157 [70000/84843] Loss: 0.311947
Epoch 157 - Avg Loss: 0.412740 | Train Acc: 94.55%
Val: loss=0.3621, acc=10618/10975 (96.75%)
saved best: 96.75%
Epoch 158 [0/84843] Loss: 0.378011
Epoch 158 [35000/84843] Loss: 0.325571
Epoch 158 [70000/84843] Loss: 0.419981
Epoch 158 - Avg Loss: 0.409655 | Train Acc: 94.51%
Val: loss=0.3689, acc=10591/10975 (96.50%)
Epoch 159 [0/84843] Loss: 0.347219
Epoch 159 [35000/84843] Loss: 0.561445
Epoch 159 [70000/84843] Loss: 0.502887
Epoch 159 - Avg Loss: 0.410209 | Train Acc: 94.57%
Val: loss=0.3711, acc=10582/10975 (96.42%)
Epoch 160 [0/84843] Loss: 0.373556
Epoch 160 [35000/84843] Loss: 0.312162
Epoch 160 [70000/84843] Loss: 0.508003
Epoch 160 - Avg Loss: 0.408606 | Train Acc: 94.61%
Val: loss=0.3768, acc=10570/10975 (96.31%)
Epoch 161 [0/84843] Loss: 0.329592
Epoch 161 [35000/84843] Loss: 0.279216
Epoch 161 [70000/84843] Loss: 0.449919
Epoch 161 - Avg Loss: 0.407586 | Train Acc: 94.65%
Val: loss=0.3638, acc=10605/10975 (96.63%)
Epoch 162 [0/84843] Loss: 0.401247
Epoch 162 [35000/84843] Loss: 0.318941
Epoch 162 [70000/84843] Loss: 0.588926
Epoch 162 - Avg Loss: 0.410729 | Train Acc: 94.56%
Val: loss=0.3728, acc=10573/10975 (96.34%)
Epoch 163 [0/84843] Loss: 0.290233
Epoch 163 [35000/84843] Loss: 0.283406
Epoch 163 [70000/84843] Loss: 0.534607
Epoch 163 - Avg Loss: 0.408329 | Train Acc: 94.67%
Val: loss=0.3722, acc=10589/10975 (96.48%)
Epoch 164 [0/84843] Loss: 0.290830
Epoch 164 [35000/84843] Loss: 0.622181
Epoch 164 [70000/84843] Loss: 0.295460
Epoch 164 - Avg Loss: 0.409467 | Train Acc: 94.53%
Val: loss=0.3680, acc=10602/10975 (96.60%)
Epoch 165 [0/84843] Loss: 0.358287
Epoch 165 [35000/84843] Loss: 0.459690
Epoch 165 [70000/84843] Loss: 0.284801
Epoch 165 - Avg Loss: 0.403300 | Train Acc: 94.87%
Val: loss=0.3671, acc=10596/10975 (96.55%)
Epoch 166 [0/84843] Loss: 0.511419
Epoch 166 [35000/84843] Loss: 0.578035
Epoch 166 [70000/84843] Loss: 0.360603
Epoch 166 - Avg Loss: 0.408494 | Train Acc: 94.63%
Val: loss=0.3709, acc=10593/10975 (96.52%)
Epoch 167 [0/84843] Loss: 0.383680
Epoch 167 [35000/84843] Loss: 0.459467
Epoch 167 [70000/84843] Loss: 0.385317
Epoch 167 - Avg Loss: 0.407108 | Train Acc: 94.65%
Val: loss=0.3729, acc=10579/10975 (96.39%)
Epoch 168 [0/84843] Loss: 0.329761
Epoch 168 [35000/84843] Loss: 0.377600
Epoch 168 [70000/84843] Loss: 0.450780
Epoch 168 - Avg Loss: 0.410802 | Train Acc: 94.48%
Val: loss=0.3708, acc=10582/10975 (96.42%)
Epoch 169 [0/84843] Loss: 0.407140
Epoch 169 [35000/84843] Loss: 0.299957
Epoch 169 [70000/84843] Loss: 0.290732
Epoch 169 - Avg Loss: 0.404161 | Train Acc: 94.75%
Val: loss=0.3715, acc=10577/10975 (96.37%)
Epoch 170 [0/84843] Loss: 0.347409
Epoch 170 [35000/84843] Loss: 0.358682
Epoch 170 [70000/84843] Loss: 0.505240
Epoch 170 - Avg Loss: 0.407169 | Train Acc: 94.62%
Val: loss=0.3710, acc=10588/10975 (96.47%)
Epoch 171 [0/84843] Loss: 0.487544
Epoch 171 [35000/84843] Loss: 0.325347
Epoch 171 [70000/84843] Loss: 0.374860
Epoch 171 - Avg Loss: 0.408880 | Train Acc: 94.60%
Val: loss=0.3815, acc=10539/10975 (96.03%)
Epoch 172 [0/84843] Loss: 0.333042
Epoch 172 [35000/84843] Loss: 0.465289
Epoch 172 [70000/84843] Loss: 0.324987
Epoch 172 - Avg Loss: 0.405479 | Train Acc: 94.72%
Val: loss=0.3683, acc=10598/10975 (96.56%)
Epoch 173 [0/84843] Loss: 0.395584
Epoch 173 [35000/84843] Loss: 0.345160
Epoch 173 [70000/84843] Loss: 0.385489
Epoch 173 - Avg Loss: 0.408696 | Train Acc: 94.62%
Val: loss=0.3683, acc=10595/10975 (96.54%)
Epoch 174 [0/84843] Loss: 0.452578
Epoch 174 [35000/84843] Loss: 0.519618
Epoch 174 [70000/84843] Loss: 0.301886
Epoch 174 - Avg Loss: 0.404480 | Train Acc: 94.85%
Val: loss=0.3600, acc=10619/10975 (96.76%)
saved best: 96.76%
Epoch 175 [0/84843] Loss: 0.397343
Epoch 175 [35000/84843] Loss: 0.355582
Epoch 175 [70000/84843] Loss: 0.315091
Epoch 175 - Avg Loss: 0.403008 | Train Acc: 94.80%
Val: loss=0.3658, acc=10613/10975 (96.70%)
Epoch 176 [0/84843] Loss: 0.493136
Epoch 176 [35000/84843] Loss: 0.336129
Epoch 176 [70000/84843] Loss: 0.544344
Epoch 176 - Avg Loss: 0.405119 | Train Acc: 94.73%
Val: loss=0.3678, acc=10599/10975 (96.57%)
Epoch 177 [0/84843] Loss: 0.358250
Epoch 177 [35000/84843] Loss: 0.351273
Epoch 177 [70000/84843] Loss: 0.429330
Epoch 177 - Avg Loss: 0.405991 | Train Acc: 94.78%
Val: loss=0.3683, acc=10589/10975 (96.48%)
Epoch 178 [0/84843] Loss: 0.296937
Epoch 178 [35000/84843] Loss: 0.281397
Epoch 178 [70000/84843] Loss: 0.310575
Epoch 178 - Avg Loss: 0.405954 | Train Acc: 94.71%
Val: loss=0.3707, acc=10591/10975 (96.50%)
Epoch 179 [0/84843] Loss: 0.309455
Epoch 179 [35000/84843] Loss: 0.345219
Epoch 179 [70000/84843] Loss: 0.416863
Epoch 179 - Avg Loss: 0.403214 | Train Acc: 94.80%
Val: loss=0.3673, acc=10593/10975 (96.52%)
Epoch 180 [0/84843] Loss: 0.304937
Epoch 180 [35000/84843] Loss: 0.490566
Epoch 180 [70000/84843] Loss: 0.464597
Epoch 180 - Avg Loss: 0.403466 | Train Acc: 94.81%
Val: loss=0.3612, acc=10621/10975 (96.77%)
saved best: 96.77%
Epoch 181 [0/84843] Loss: 0.291113
Epoch 181 [35000/84843] Loss: 0.396287
Epoch 181 [70000/84843] Loss: 0.616397
Epoch 181 - Avg Loss: 0.405140 | Train Acc: 94.73%
Val: loss=0.3707, acc=10587/10975 (96.46%)
Epoch 182 [0/84843] Loss: 0.396950
Epoch 182 [35000/84843] Loss: 0.335620
Epoch 182 [70000/84843] Loss: 0.445560
Epoch 182 - Avg Loss: 0.406658 | Train Acc: 94.64%
Val: loss=0.3759, acc=10559/10975 (96.21%)
Epoch 183 [0/84843] Loss: 0.383475
Epoch 183 [35000/84843] Loss: 0.300854
Epoch 183 [70000/84843] Loss: 0.465597
Epoch 183 - Avg Loss: 0.403786 | Train Acc: 94.76%
Val: loss=0.3732, acc=10564/10975 (96.26%)
Epoch 184 [0/84843] Loss: 0.384034
Epoch 184 [35000/84843] Loss: 0.308578
Epoch 184 [70000/84843] Loss: 0.306859
Epoch 184 - Avg Loss: 0.401730 | Train Acc: 94.83%
Val: loss=0.3620, acc=10620/10975 (96.77%)
Epoch 185 [0/84843] Loss: 0.377449
Epoch 185 [35000/84843] Loss: 0.375572
Epoch 185 [70000/84843] Loss: 0.441907
Epoch 185 - Avg Loss: 0.403489 | Train Acc: 94.75%
Val: loss=0.3668, acc=10621/10975 (96.77%)
Epoch 186 [0/84843] Loss: 0.399565
Epoch 186 [35000/84843] Loss: 0.514849
Epoch 186 [70000/84843] Loss: 0.426029
Epoch 186 - Avg Loss: 0.404270 | Train Acc: 94.76%
Val: loss=0.3713, acc=10579/10975 (96.39%)
Epoch 187 [0/84843] Loss: 0.405896
Epoch 187 [35000/84843] Loss: 0.278390
Epoch 187 [70000/84843] Loss: 0.318312
Epoch 187 - Avg Loss: 0.399792 | Train Acc: 94.98%
Val: loss=0.3584, acc=10639/10975 (96.94%)
saved best: 96.94%
Epoch 188 [0/84843] Loss: 0.534373
Epoch 188 [35000/84843] Loss: 0.369934
Epoch 188 [70000/84843] Loss: 0.414829
Epoch 188 - Avg Loss: 0.402296 | Train Acc: 94.83%
Val: loss=0.3611, acc=10643/10975 (96.97%)
saved best: 96.97%
Epoch 189 [0/84843] Loss: 0.275941
Epoch 189 [35000/84843] Loss: 0.430279
Epoch 189 [70000/84843] Loss: 0.398789
Epoch 189 - Avg Loss: 0.405162 | Train Acc: 94.78%
Val: loss=0.3738, acc=10564/10975 (96.26%)
Epoch 190 [0/84843] Loss: 0.319105
Epoch 190 [35000/84843] Loss: 0.516547
Epoch 190 [70000/84843] Loss: 0.343755
Epoch 190 - Avg Loss: 0.404353 | Train Acc: 94.79%
Val: loss=0.3648, acc=10606/10975 (96.64%)
Epoch 191 [0/84843] Loss: 0.275761
Epoch 191 [35000/84843] Loss: 0.328742
Epoch 191 [70000/84843] Loss: 0.287574
Epoch 191 - Avg Loss: 0.400584 | Train Acc: 94.96%
Val: loss=0.3676, acc=10604/10975 (96.62%)
Epoch 192 [0/84843] Loss: 0.304920
Epoch 192 [35000/84843] Loss: 0.360021
Epoch 192 [70000/84843] Loss: 0.283085
Epoch 192 - Avg Loss: 0.402217 | Train Acc: 94.77%
Val: loss=0.3604, acc=10632/10975 (96.87%)
Epoch 193 [0/84843] Loss: 0.489209
Epoch 193 [35000/84843] Loss: 0.378067
Epoch 193 [70000/84843] Loss: 0.428712
Epoch 193 - Avg Loss: 0.399910 | Train Acc: 94.95%
Val: loss=0.3656, acc=10614/10975 (96.71%)
Epoch 194 [0/84843] Loss: 0.439244
Epoch 194 [35000/84843] Loss: 0.539445
Epoch 194 [70000/84843] Loss: 0.446713
Epoch 194 - Avg Loss: 0.402694 | Train Acc: 94.85%
Val: loss=0.3591, acc=10645/10975 (96.99%)
saved best: 96.99%
Epoch 195 [0/84843] Loss: 0.456144
Epoch 195 [35000/84843] Loss: 0.417825
Epoch 195 [70000/84843] Loss: 0.523530
Epoch 195 - Avg Loss: 0.403058 | Train Acc: 94.76%
Val: loss=0.3638, acc=10617/10975 (96.74%)
Epoch 196 [0/84843] Loss: 0.373129
Epoch 196 [35000/84843] Loss: 0.296593
Epoch 196 [70000/84843] Loss: 0.385990
Epoch 196 - Avg Loss: 0.400432 | Train Acc: 94.89%
Val: loss=0.3628, acc=10605/10975 (96.63%)
Epoch 197 [0/84843] Loss: 0.320260
Epoch 197 [35000/84843] Loss: 0.327334
Epoch 197 [70000/84843] Loss: 0.481585
Epoch 197 - Avg Loss: 0.400082 | Train Acc: 94.97%
Val: loss=0.3683, acc=10596/10975 (96.55%)
Epoch 198 [0/84843] Loss: 0.368383
Epoch 198 [35000/84843] Loss: 0.361151
Epoch 198 [70000/84843] Loss: 0.400976
Epoch 198 - Avg Loss: 0.398110 | Train Acc: 94.99%
Val: loss=0.3603, acc=10625/10975 (96.81%)
Epoch 199 [0/84843] Loss: 0.315074
Epoch 199 [35000/84843] Loss: 0.546492
Epoch 199 [70000/84843] Loss: 0.408785
Epoch 199 - Avg Loss: 0.400398 | Train Acc: 94.94%
Val: loss=0.3607, acc=10628/10975 (96.84%)
Epoch 200 [0/84843] Loss: 0.358368
Epoch 200 [35000/84843] Loss: 0.327362
Epoch 200 [70000/84843] Loss: 0.334686
Epoch 200 - Avg Loss: 0.395854 | Train Acc: 95.08%
Val: loss=0.3650, acc=10606/10975 (96.64%)
Epoch 201 [0/84843] Loss: 0.339679
Epoch 201 [35000/84843] Loss: 0.332815
Epoch 201 [70000/84843] Loss: 0.416261
Epoch 201 - Avg Loss: 0.399612 | Train Acc: 94.94%
Val: loss=0.3639, acc=10618/10975 (96.75%)
Epoch 202 [0/84843] Loss: 0.421549
Epoch 202 [35000/84843] Loss: 0.344558
Epoch 202 [70000/84843] Loss: 0.482775
Epoch 202 - Avg Loss: 0.396758 | Train Acc: 95.07%
Val: loss=0.3691, acc=10588/10975 (96.47%)
Epoch 203 [0/84843] Loss: 0.340654
Epoch 203 [35000/84843] Loss: 0.308002
Epoch 203 [70000/84843] Loss: 0.288101
Epoch 203 - Avg Loss: 0.401688 | Train Acc: 94.85%
Val: loss=0.3647, acc=10612/10975 (96.69%)
Epoch 204 [0/84843] Loss: 0.467689
Epoch 204 [35000/84843] Loss: 0.421686
Epoch 204 [70000/84843] Loss: 0.537164
Epoch 204 - Avg Loss: 0.398281 | Train Acc: 95.01%
Val: loss=0.3652, acc=10604/10975 (96.62%)
Epoch 205 [0/84843] Loss: 0.502453
Epoch 205 [35000/84843] Loss: 0.436361
Epoch 205 [70000/84843] Loss: 0.311116
Epoch 205 - Avg Loss: 0.398395 | Train Acc: 94.96%
Val: loss=0.3582, acc=10637/10975 (96.92%)
Epoch 206 [0/84843] Loss: 0.291867
Epoch 206 [35000/84843] Loss: 0.338119
Epoch 206 [70000/84843] Loss: 0.452081
Epoch 206 - Avg Loss: 0.396889 | Train Acc: 95.12%
Val: loss=0.3592, acc=10628/10975 (96.84%)
Epoch 207 [0/84843] Loss: 0.356588
Epoch 207 [35000/84843] Loss: 0.405451
Epoch 207 [70000/84843] Loss: 0.300142
Epoch 207 - Avg Loss: 0.396801 | Train Acc: 95.10%
Val: loss=0.3616, acc=10602/10975 (96.60%)
Epoch 208 [0/84843] Loss: 0.522130
Epoch 208 [35000/84843] Loss: 0.407510
Epoch 208 [70000/84843] Loss: 0.380463
Epoch 208 - Avg Loss: 0.398232 | Train Acc: 95.01%
Val: loss=0.3623, acc=10610/10975 (96.67%)
Epoch 209 [0/84843] Loss: 0.324549
Epoch 209 [35000/84843] Loss: 0.551382
Epoch 209 [70000/84843] Loss: 0.305007
Epoch 209 - Avg Loss: 0.397452 | Train Acc: 95.00%
Val: loss=0.3682, acc=10603/10975 (96.61%)
Epoch 210 [0/84843] Loss: 0.430104
Epoch 210 [35000/84843] Loss: 0.497852
Epoch 210 [70000/84843] Loss: 0.360673
Epoch 210 - Avg Loss: 0.400366 | Train Acc: 94.93%
Val: loss=0.3711, acc=10579/10975 (96.39%)
Epoch 211 [0/84843] Loss: 0.410307
Epoch 211 [35000/84843] Loss: 0.307728
Epoch 211 [70000/84843] Loss: 0.364689
Epoch 211 - Avg Loss: 0.398754 | Train Acc: 94.95%
Val: loss=0.3614, acc=10623/10975 (96.79%)
Epoch 212 [0/84843] Loss: 0.367271
Epoch 212 [35000/84843] Loss: 0.375087
Epoch 212 [70000/84843] Loss: 0.490126
Epoch 212 - Avg Loss: 0.399276 | Train Acc: 94.97%
Val: loss=0.3631, acc=10627/10975 (96.83%)
Epoch 213 [0/84843] Loss: 0.331507
Epoch 213 [35000/84843] Loss: 0.307146
Epoch 213 [70000/84843] Loss: 0.470355
Epoch 213 - Avg Loss: 0.399013 | Train Acc: 94.98%
Val: loss=0.3635, acc=10607/10975 (96.65%)
Epoch 214 [0/84843] Loss: 0.420609
Epoch 214 [35000/84843] Loss: 0.292636
Epoch 214 [70000/84843] Loss: 0.338565
Epoch 214 - Avg Loss: 0.394020 | Train Acc: 95.16%
Val: loss=0.3633, acc=10614/10975 (96.71%)
Epoch 215 [0/84843] Loss: 0.460856
Epoch 215 [35000/84843] Loss: 0.455650
Epoch 215 [70000/84843] Loss: 0.531422
Epoch 215 - Avg Loss: 0.395141 | Train Acc: 95.11%
Val: loss=0.3641, acc=10599/10975 (96.57%)
Epoch 216 [0/84843] Loss: 0.469930
Epoch 216 [35000/84843] Loss: 0.322554
Epoch 216 [70000/84843] Loss: 0.345235
Epoch 216 - Avg Loss: 0.395621 | Train Acc: 95.12%
Val: loss=0.3663, acc=10612/10975 (96.69%)
Epoch 217 [0/84843] Loss: 0.450114
Epoch 217 [35000/84843] Loss: 0.360301
Epoch 217 [70000/84843] Loss: 0.340807
Epoch 217 - Avg Loss: 0.393769 | Train Acc: 95.15%
Val: loss=0.3610, acc=10618/10975 (96.75%)
Epoch 218 [0/84843] Loss: 0.375583
Epoch 218 [35000/84843] Loss: 0.465363
Epoch 218 [70000/84843] Loss: 0.596061
Epoch 218 - Avg Loss: 0.393077 | Train Acc: 95.22%
Val: loss=0.3617, acc=10638/10975 (96.93%)
Epoch 219 [0/84843] Loss: 0.657752
Epoch 219 [35000/84843] Loss: 0.333845
Epoch 219 [70000/84843] Loss: 0.493775
Epoch 219 - Avg Loss: 0.395303 | Train Acc: 95.15%
Val: loss=0.3605, acc=10633/10975 (96.88%)
Epoch 220 [0/84843] Loss: 0.552891
Epoch 220 [35000/84843] Loss: 0.431000
Epoch 220 [70000/84843] Loss: 0.475746
Epoch 220 - Avg Loss: 0.391433 | Train Acc: 95.24%
Val: loss=0.3567, acc=10628/10975 (96.84%)
Epoch 221 [0/84843] Loss: 0.304176
Epoch 221 [35000/84843] Loss: 0.405074
Epoch 221 [70000/84843] Loss: 0.309764
Epoch 221 - Avg Loss: 0.389067 | Train Acc: 95.36%
Val: loss=0.3611, acc=10624/10975 (96.80%)
Epoch 222 [0/84843] Loss: 0.367525
Epoch 222 [35000/84843] Loss: 0.408086
Epoch 222 [70000/84843] Loss: 0.372425
Epoch 222 - Avg Loss: 0.391136 | Train Acc: 95.25%
Val: loss=0.3621, acc=10622/10975 (96.78%)
Epoch 223 [0/84843] Loss: 0.301475
Epoch 223 [35000/84843] Loss: 0.339268
Epoch 223 [70000/84843] Loss: 0.388755
Epoch 223 - Avg Loss: 0.392047 | Train Acc: 95.19%
Val: loss=0.3659, acc=10601/10975 (96.59%)
Epoch 224 [0/84843] Loss: 0.362551
Epoch 224 [35000/84843] Loss: 0.339676
Epoch 224 [70000/84843] Loss: 0.636818
Epoch 224 - Avg Loss: 0.391592 | Train Acc: 95.24%
Val: loss=0.3562, acc=10633/10975 (96.88%)
Epoch 225 [0/84843] Loss: 0.305750
Epoch 225 [35000/84843] Loss: 0.358354
Epoch 225 [70000/84843] Loss: 0.408366
Epoch 225 - Avg Loss: 0.392724 | Train Acc: 95.15%
Val: loss=0.3623, acc=10618/10975 (96.75%)
Epoch 226 [0/84843] Loss: 0.396550
Epoch 226 [35000/84843] Loss: 0.360743
Epoch 226 [70000/84843] Loss: 0.387805
Epoch 226 - Avg Loss: 0.391129 | Train Acc: 95.26%
Val: loss=0.3608, acc=10617/10975 (96.74%)
Epoch 227 [0/84843] Loss: 0.373839
Epoch 227 [35000/84843] Loss: 0.364347
Epoch 227 [70000/84843] Loss: 0.383582
Epoch 227 - Avg Loss: 0.393981 | Train Acc: 95.17%
Val: loss=0.3636, acc=10612/10975 (96.69%)
Epoch 228 [0/84843] Loss: 0.326269
Epoch 228 [35000/84843] Loss: 0.363200
Epoch 228 [70000/84843] Loss: 0.293096
Epoch 228 - Avg Loss: 0.392587 | Train Acc: 95.19%
Val: loss=0.3604, acc=10622/10975 (96.78%)
Epoch 229 [0/84843] Loss: 0.379002
Epoch 229 [35000/84843] Loss: 0.449700
Epoch 229 [70000/84843] Loss: 0.451003
Epoch 229 - Avg Loss: 0.388818 | Train Acc: 95.33%
Val: loss=0.3608, acc=10613/10975 (96.70%)
Epoch 230 [0/84843] Loss: 0.359468
Epoch 230 [35000/84843] Loss: 0.337590
Epoch 230 [70000/84843] Loss: 0.359903
Epoch 230 - Avg Loss: 0.392510 | Train Acc: 95.17%
Val: loss=0.3628, acc=10612/10975 (96.69%)
Epoch 231 [0/84843] Loss: 0.384444
Epoch 231 [35000/84843] Loss: 0.451964
Epoch 231 [70000/84843] Loss: 0.464410
Epoch 231 - Avg Loss: 0.390599 | Train Acc: 95.26%
Val: loss=0.3554, acc=10643/10975 (96.97%)
Epoch 232 [0/84843] Loss: 0.355193
Epoch 232 [35000/84843] Loss: 0.365730
Epoch 232 [70000/84843] Loss: 0.429492
Epoch 232 - Avg Loss: 0.391167 | Train Acc: 95.27%
Val: loss=0.3554, acc=10640/10975 (96.95%)
Epoch 233 [0/84843] Loss: 0.405592
Epoch 233 [35000/84843] Loss: 0.348348
Epoch 233 [70000/84843] Loss: 0.621501
Epoch 233 - Avg Loss: 0.390485 | Train Acc: 95.33%
Val: loss=0.3621, acc=10625/10975 (96.81%)
Epoch 234 [0/84843] Loss: 0.383253
Epoch 234 [35000/84843] Loss: 0.457300
Epoch 234 [70000/84843] Loss: 0.351691
Epoch 234 - Avg Loss: 0.389752 | Train Acc: 95.32%
Val: loss=0.3584, acc=10625/10975 (96.81%)
Epoch 235 [0/84843] Loss: 0.298372
Epoch 235 [35000/84843] Loss: 0.486167
Epoch 235 [70000/84843] Loss: 0.389843
Epoch 235 - Avg Loss: 0.388166 | Train Acc: 95.35%
Val: loss=0.3602, acc=10615/10975 (96.72%)
Epoch 236 [0/84843] Loss: 0.331352
Epoch 236 [35000/84843] Loss: 0.373085
Epoch 236 [70000/84843] Loss: 0.322312
Epoch 236 - Avg Loss: 0.390015 | Train Acc: 95.32%
Val: loss=0.3616, acc=10631/10975 (96.87%)
Epoch 237 [0/84843] Loss: 0.427685
Epoch 237 [35000/84843] Loss: 0.328544
Epoch 237 [70000/84843] Loss: 0.331953
Epoch 237 - Avg Loss: 0.385492 | Train Acc: 95.54%
Val: loss=0.3598, acc=10629/10975 (96.85%)
Epoch 238 [0/84843] Loss: 0.393439
Epoch 238 [35000/84843] Loss: 0.415452
Epoch 238 [70000/84843] Loss: 0.306137
Epoch 238 - Avg Loss: 0.389480 | Train Acc: 95.31%
Val: loss=0.3592, acc=10624/10975 (96.80%)
Epoch 239 [0/84843] Loss: 0.439969
Epoch 239 [35000/84843] Loss: 0.411450
Epoch 239 [70000/84843] Loss: 0.401594
Epoch 239 - Avg Loss: 0.388302 | Train Acc: 95.41%
Val: loss=0.3608, acc=10615/10975 (96.72%)
Epoch 240 [0/84843] Loss: 0.389966
Epoch 240 [35000/84843] Loss: 0.391501
Epoch 240 [70000/84843] Loss: 0.395485
Epoch 240 - Avg Loss: 0.388970 | Train Acc: 95.34%
Val: loss=0.3591, acc=10625/10975 (96.81%)
Epoch 241 [0/84843] Loss: 0.387559
Epoch 241 [35000/84843] Loss: 0.389783
Epoch 241 [70000/84843] Loss: 0.293413
Epoch 241 - Avg Loss: 0.385753 | Train Acc: 95.51%
Val: loss=0.3572, acc=10632/10975 (96.87%)
Epoch 242 [0/84843] Loss: 0.362942
Epoch 242 [35000/84843] Loss: 0.371872
Epoch 242 [70000/84843] Loss: 0.306746
Epoch 242 - Avg Loss: 0.388589 | Train Acc: 95.37%
Val: loss=0.3572, acc=10643/10975 (96.97%)
Epoch 243 [0/84843] Loss: 0.371162
Epoch 243 [35000/84843] Loss: 0.387560
Epoch 243 [70000/84843] Loss: 0.372343
Epoch 243 - Avg Loss: 0.387133 | Train Acc: 95.39%
Val: loss=0.3570, acc=10647/10975 (97.01%)
saved best: 97.01%
Epoch 244 [0/84843] Loss: 0.329389
Epoch 244 [35000/84843] Loss: 0.329537
Epoch 244 [70000/84843] Loss: 0.449471
Epoch 244 - Avg Loss: 0.390984 | Train Acc: 95.26%
Val: loss=0.3646, acc=10611/10975 (96.68%)
Epoch 245 [0/84843] Loss: 0.329306
Epoch 245 [35000/84843] Loss: 0.389827
Epoch 245 [70000/84843] Loss: 0.321697
Epoch 245 - Avg Loss: 0.389971 | Train Acc: 95.29%
Val: loss=0.3551, acc=10658/10975 (97.11%)
saved best: 97.11%
Epoch 246 [0/84843] Loss: 0.354083
Epoch 246 [35000/84843] Loss: 0.423753
Epoch 246 [70000/84843] Loss: 0.516415
Epoch 246 - Avg Loss: 0.389492 | Train Acc: 95.32%
Val: loss=0.3658, acc=10594/10975 (96.53%)
Epoch 247 [0/84843] Loss: 0.438064
Epoch 247 [35000/84843] Loss: 0.356680
Epoch 247 [70000/84843] Loss: 0.463740
Epoch 247 - Avg Loss: 0.384673 | Train Acc: 95.55%
Val: loss=0.3637, acc=10605/10975 (96.63%)
Epoch 248 [0/84843] Loss: 0.347884
Epoch 248 [35000/84843] Loss: 0.431791
Epoch 248 [70000/84843] Loss: 0.347491
Epoch 248 - Avg Loss: 0.382316 | Train Acc: 95.62%
Val: loss=0.3571, acc=10640/10975 (96.95%)
Epoch 249 [0/84843] Loss: 0.416135
Epoch 249 [35000/84843] Loss: 0.281064
Epoch 249 [70000/84843] Loss: 0.343921
Epoch 249 - Avg Loss: 0.385600 | Train Acc: 95.45%
Val: loss=0.3641, acc=10585/10975 (96.45%)
Epoch 250 [0/84843] Loss: 0.402891
Epoch 250 [35000/84843] Loss: 0.557982
Epoch 250 [70000/84843] Loss: 0.436912
Epoch 250 - Avg Loss: 0.385822 | Train Acc: 95.54%
Val: loss=0.3578, acc=10636/10975 (96.91%)
Epoch 251 [0/84843] Loss: 0.478939
Epoch 251 [35000/84843] Loss: 0.408646
Epoch 251 [70000/84843] Loss: 0.398669
Epoch 251 - Avg Loss: 0.388398 | Train Acc: 95.35%
Val: loss=0.3576, acc=10640/10975 (96.95%)
Epoch 252 [0/84843] Loss: 0.334589
Epoch 252 [35000/84843] Loss: 0.421159
Epoch 252 [70000/84843] Loss: 0.497625
Epoch 252 - Avg Loss: 0.386912 | Train Acc: 95.41%
Val: loss=0.3542, acc=10648/10975 (97.02%)
Epoch 253 [0/84843] Loss: 0.340187
Epoch 253 [35000/84843] Loss: 0.415589
Epoch 253 [70000/84843] Loss: 0.359153
Epoch 253 - Avg Loss: 0.386217 | Train Acc: 95.41%
Val: loss=0.3551, acc=10640/10975 (96.95%)
Epoch 254 [0/84843] Loss: 0.405449
Epoch 254 [35000/84843] Loss: 0.405972
Epoch 254 [70000/84843] Loss: 0.312056
Epoch 254 - Avg Loss: 0.384307 | Train Acc: 95.53%
Val: loss=0.3626, acc=10617/10975 (96.74%)
Epoch 255 [0/84843] Loss: 0.371394
Epoch 255 [35000/84843] Loss: 0.285074
Epoch 255 [70000/84843] Loss: 0.389808
Epoch 255 - Avg Loss: 0.384969 | Train Acc: 95.53%
Val: loss=0.3611, acc=10628/10975 (96.84%)
Epoch 256 [0/84843] Loss: 0.295299
Epoch 256 [35000/84843] Loss: 0.329453
Epoch 256 [70000/84843] Loss: 0.509437
Epoch 256 - Avg Loss: 0.382453 | Train Acc: 95.66%
Val: loss=0.3518, acc=10650/10975 (97.04%)
Epoch 257 [0/84843] Loss: 0.297283
Epoch 257 [35000/84843] Loss: 0.381984
Epoch 257 [70000/84843] Loss: 0.383119
Epoch 257 - Avg Loss: 0.382136 | Train Acc: 95.65%
Val: loss=0.3578, acc=10645/10975 (96.99%)
Epoch 258 [0/84843] Loss: 0.353596
Epoch 258 [35000/84843] Loss: 0.453563
Epoch 258 [70000/84843] Loss: 0.397709
Epoch 258 - Avg Loss: 0.383837 | Train Acc: 95.54%
Val: loss=0.3573, acc=10636/10975 (96.91%)
Epoch 259 [0/84843] Loss: 0.330960
Epoch 259 [35000/84843] Loss: 0.412085
Epoch 259 [70000/84843] Loss: 0.474989
Epoch 259 - Avg Loss: 0.383795 | Train Acc: 95.52%
Val: loss=0.3581, acc=10622/10975 (96.78%)
Epoch 260 [0/84843] Loss: 0.387460
Epoch 260 [35000/84843] Loss: 0.421998
Epoch 260 [70000/84843] Loss: 0.358582
Epoch 260 - Avg Loss: 0.385773 | Train Acc: 95.50%
Val: loss=0.3544, acc=10641/10975 (96.96%)
Epoch 261 [0/84843] Loss: 0.346022
Epoch 261 [35000/84843] Loss: 0.319625
Epoch 261 [70000/84843] Loss: 0.370645
Epoch 261 - Avg Loss: 0.384843 | Train Acc: 95.59%
Val: loss=0.3603, acc=10633/10975 (96.88%)
Epoch 262 [0/84843] Loss: 0.382561
Epoch 262 [35000/84843] Loss: 0.308082
Epoch 262 [70000/84843] Loss: 0.329775
Epoch 262 - Avg Loss: 0.385772 | Train Acc: 95.46%
Val: loss=0.3565, acc=10634/10975 (96.89%)
Epoch 263 [0/84843] Loss: 0.426763
Epoch 263 [35000/84843] Loss: 0.508161
Epoch 263 [70000/84843] Loss: 0.447928
Epoch 263 - Avg Loss: 0.382940 | Train Acc: 95.61%
Val: loss=0.3572, acc=10640/10975 (96.95%)
Epoch 264 [0/84843] Loss: 0.358324
Epoch 264 [35000/84843] Loss: 0.310046
Epoch 264 [70000/84843] Loss: 0.513269
Epoch 264 - Avg Loss: 0.386982 | Train Acc: 95.43%
Val: loss=0.3568, acc=10650/10975 (97.04%)
Epoch 265 [0/84843] Loss: 0.403777
Epoch 265 [35000/84843] Loss: 0.347722
Epoch 265 [70000/84843] Loss: 0.444150
Epoch 265 - Avg Loss: 0.384155 | Train Acc: 95.55%
Val: loss=0.3615, acc=10633/10975 (96.88%)
Epoch 266 [0/84843] Loss: 0.331446
Epoch 266 [35000/84843] Loss: 0.380188
Epoch 266 [70000/84843] Loss: 0.424557
Epoch 266 - Avg Loss: 0.381342 | Train Acc: 95.63%
Val: loss=0.3550, acc=10656/10975 (97.09%)
Epoch 267 [0/84843] Loss: 0.446312
Epoch 267 [35000/84843] Loss: 0.334753
Epoch 267 [70000/84843] Loss: 0.675287
Epoch 267 - Avg Loss: 0.379218 | Train Acc: 95.73%
Val: loss=0.3561, acc=10652/10975 (97.06%)
Epoch 268 [0/84843] Loss: 0.388247
Epoch 268 [35000/84843] Loss: 0.311540
Epoch 268 [70000/84843] Loss: 0.407397
Epoch 268 - Avg Loss: 0.382251 | Train Acc: 95.57%
Val: loss=0.3578, acc=10633/10975 (96.88%)
Epoch 269 [0/84843] Loss: 0.282388
Epoch 269 [35000/84843] Loss: 0.312084
Epoch 269 [70000/84843] Loss: 0.333527
Epoch 269 - Avg Loss: 0.384208 | Train Acc: 95.57%
Val: loss=0.3569, acc=10641/10975 (96.96%)
Epoch 270 [0/84843] Loss: 0.308156
Epoch 270 [35000/84843] Loss: 0.490137
Epoch 270 [70000/84843] Loss: 0.330815
Epoch 270 - Avg Loss: 0.382780 | Train Acc: 95.62%
Val: loss=0.3583, acc=10643/10975 (96.97%)
Epoch 271 [0/84843] Loss: 0.350147
Epoch 271 [35000/84843] Loss: 0.360263
Epoch 271 [70000/84843] Loss: 0.337526
Epoch 271 - Avg Loss: 0.381728 | Train Acc: 95.59%
Val: loss=0.3540, acc=10645/10975 (96.99%)
Epoch 272 [0/84843] Loss: 0.495284
Epoch 272 [35000/84843] Loss: 0.334246
Epoch 272 [70000/84843] Loss: 0.347338
Epoch 272 - Avg Loss: 0.378589 | Train Acc: 95.78%
Val: loss=0.3571, acc=10640/10975 (96.95%)
Epoch 273 [0/84843] Loss: 0.330232
Epoch 273 [35000/84843] Loss: 0.317963
Epoch 273 [70000/84843] Loss: 0.539162
Epoch 273 - Avg Loss: 0.382216 | Train Acc: 95.62%
Val: loss=0.3567, acc=10645/10975 (96.99%)
Epoch 274 [0/84843] Loss: 0.387745
Epoch 274 [35000/84843] Loss: 0.351702
Epoch 274 [70000/84843] Loss: 0.403355
Epoch 274 - Avg Loss: 0.379037 | Train Acc: 95.77%
Val: loss=0.3527, acc=10652/10975 (97.06%)
Epoch 275 [0/84843] Loss: 0.291572
Epoch 275 [35000/84843] Loss: 0.391486
Epoch 275 [70000/84843] Loss: 0.418330
Epoch 275 - Avg Loss: 0.379519 | Train Acc: 95.78%
Val: loss=0.3531, acc=10655/10975 (97.08%)
Epoch 276 [0/84843] Loss: 0.281895
Epoch 276 [35000/84843] Loss: 0.427257
Epoch 276 [70000/84843] Loss: 0.298654
Epoch 276 - Avg Loss: 0.380937 | Train Acc: 95.67%
Val: loss=0.3584, acc=10631/10975 (96.87%)
Epoch 277 [0/84843] Loss: 0.347761
Epoch 277 [35000/84843] Loss: 0.355344
Epoch 277 [70000/84843] Loss: 0.374531
Epoch 277 - Avg Loss: 0.379629 | Train Acc: 95.76%
Val: loss=0.3536, acc=10658/10975 (97.11%)
Epoch 278 [0/84843] Loss: 0.338025
Epoch 278 [35000/84843] Loss: 0.385398
Epoch 278 [70000/84843] Loss: 0.392261
Epoch 278 - Avg Loss: 0.377426 | Train Acc: 95.83%
Val: loss=0.3567, acc=10639/10975 (96.94%)
Epoch 279 [0/84843] Loss: 0.419066
Epoch 279 [35000/84843] Loss: 0.353175
Epoch 279 [70000/84843] Loss: 0.289564
Epoch 279 - Avg Loss: 0.377452 | Train Acc: 95.82%
Val: loss=0.3597, acc=10640/10975 (96.95%)
Epoch 280 [0/84843] Loss: 0.536883
Epoch 280 [35000/84843] Loss: 0.286106
Epoch 280 [70000/84843] Loss: 0.555474
Epoch 280 - Avg Loss: 0.379044 | Train Acc: 95.75%
Val: loss=0.3559, acc=10642/10975 (96.97%)
Epoch 281 [0/84843] Loss: 0.361995
Epoch 281 [35000/84843] Loss: 0.323637
Epoch 281 [70000/84843] Loss: 0.391348
Epoch 281 - Avg Loss: 0.377950 | Train Acc: 95.78%
Val: loss=0.3526, acc=10665/10975 (97.18%)
saved best: 97.18%
Epoch 282 [0/84843] Loss: 0.446595
Epoch 282 [35000/84843] Loss: 0.356731
Epoch 282 [70000/84843] Loss: 0.317328
Epoch 282 - Avg Loss: 0.379832 | Train Acc: 95.72%
Val: loss=0.3581, acc=10639/10975 (96.94%)
Epoch 283 [0/84843] Loss: 0.343707
Epoch 283 [35000/84843] Loss: 0.387022
Epoch 283 [70000/84843] Loss: 0.415946
Epoch 283 - Avg Loss: 0.377688 | Train Acc: 95.77%
Val: loss=0.3574, acc=10654/10975 (97.08%)
Epoch 284 [0/84843] Loss: 0.383868
Epoch 284 [35000/84843] Loss: 0.308809
Epoch 284 [70000/84843] Loss: 0.307688
Epoch 284 - Avg Loss: 0.380785 | Train Acc: 95.67%
Val: loss=0.3552, acc=10649/10975 (97.03%)
Epoch 285 [0/84843] Loss: 0.469017
Epoch 285 [35000/84843] Loss: 0.484862
Epoch 285 [70000/84843] Loss: 0.342608
Epoch 285 - Avg Loss: 0.381894 | Train Acc: 95.69%
Val: loss=0.3558, acc=10649/10975 (97.03%)
Epoch 286 [0/84843] Loss: 0.307587
Epoch 286 [35000/84843] Loss: 0.310497
Epoch 286 [70000/84843] Loss: 0.285592
Epoch 286 - Avg Loss: 0.379085 | Train Acc: 95.74%
Val: loss=0.3545, acc=10656/10975 (97.09%)
Epoch 287 [0/84843] Loss: 0.402974
Epoch 287 [35000/84843] Loss: 0.290201
Epoch 287 [70000/84843] Loss: 0.365782
Epoch 287 - Avg Loss: 0.380029 | Train Acc: 95.71%
Val: loss=0.3530, acc=10654/10975 (97.08%)
Epoch 288 [0/84843] Loss: 0.352433
Epoch 288 [35000/84843] Loss: 0.422095
Epoch 288 [70000/84843] Loss: 0.380103
Epoch 288 - Avg Loss: 0.376939 | Train Acc: 95.79%
Val: loss=0.3538, acc=10654/10975 (97.08%)
Epoch 289 [0/84843] Loss: 0.392606
Epoch 289 [35000/84843] Loss: 0.448545
Epoch 289 [70000/84843] Loss: 0.433680
Epoch 289 - Avg Loss: 0.379959 | Train Acc: 95.64%
Val: loss=0.3538, acc=10652/10975 (97.06%)
Epoch 290 [0/84843] Loss: 0.504286
Epoch 290 [35000/84843] Loss: 0.344270
Epoch 290 [70000/84843] Loss: 0.338234
Epoch 290 - Avg Loss: 0.378043 | Train Acc: 95.76%
Val: loss=0.3552, acc=10649/10975 (97.03%)
Epoch 291 [0/84843] Loss: 0.430303
Epoch 291 [35000/84843] Loss: 0.369585
Epoch 291 [70000/84843] Loss: 0.412212
Epoch 291 - Avg Loss: 0.376730 | Train Acc: 95.84%
Val: loss=0.3527, acc=10656/10975 (97.09%)
Epoch 292 [0/84843] Loss: 0.307411
Epoch 292 [35000/84843] Loss: 0.293919
Epoch 292 [70000/84843] Loss: 0.278192
Epoch 292 - Avg Loss: 0.375690 | Train Acc: 95.87%
Val: loss=0.3533, acc=10654/10975 (97.08%)
Epoch 293 [0/84843] Loss: 0.309947
Epoch 293 [35000/84843] Loss: 0.416297
Epoch 293 [70000/84843] Loss: 0.321842
Epoch 293 - Avg Loss: 0.372569 | Train Acc: 96.02%
Val: loss=0.3559, acc=10646/10975 (97.00%)
Epoch 294 [0/84843] Loss: 0.420050
Epoch 294 [35000/84843] Loss: 0.465391
Epoch 294 [70000/84843] Loss: 0.340468
Epoch 294 - Avg Loss: 0.376801 | Train Acc: 95.88%
Val: loss=0.3554, acc=10646/10975 (97.00%)
Epoch 295 [0/84843] Loss: 0.331358
Epoch 295 [35000/84843] Loss: 0.327659
Epoch 295 [70000/84843] Loss: 0.436468
Epoch 295 - Avg Loss: 0.375253 | Train Acc: 95.95%
Val: loss=0.3559, acc=10632/10975 (96.87%)
Epoch 296 [0/84843] Loss: 0.393618
Epoch 296 [35000/84843] Loss: 0.613656
Epoch 296 [70000/84843] Loss: 0.312333
Epoch 296 - Avg Loss: 0.376239 | Train Acc: 95.81%
Val: loss=0.3526, acc=10655/10975 (97.08%)
Epoch 297 [0/84843] Loss: 0.432377
Epoch 297 [35000/84843] Loss: 0.324695
Epoch 297 [70000/84843] Loss: 0.403123
Epoch 297 - Avg Loss: 0.373442 | Train Acc: 95.92%
Val: loss=0.3527, acc=10649/10975 (97.03%)
Epoch 298 [0/84843] Loss: 0.464977
Epoch 298 [35000/84843] Loss: 0.278765
Epoch 298 [70000/84843] Loss: 0.308331
Epoch 298 - Avg Loss: 0.373180 | Train Acc: 95.98%
Val: loss=0.3536, acc=10664/10975 (97.17%)
Epoch 299 [0/84843] Loss: 0.316913
Epoch 299 [35000/84843] Loss: 0.326344
Epoch 299 [70000/84843] Loss: 0.367814
Epoch 299 - Avg Loss: 0.375059 | Train Acc: 95.91%
Val: loss=0.3540, acc=10653/10975 (97.07%)
Epoch 300 [0/84843] Loss: 0.408330
Epoch 300 [35000/84843] Loss: 0.376141
Epoch 300 [70000/84843] Loss: 0.352693
Epoch 300 - Avg Loss: 0.374809 | Train Acc: 95.95%
Val: loss=0.3577, acc=10631/10975 (96.87%)
Epoch 301 [0/84843] Loss: 0.356214
Epoch 301 [35000/84843] Loss: 0.386533
Epoch 301 [70000/84843] Loss: 0.349624
Epoch 301 - Avg Loss: 0.374583 | Train Acc: 95.87%
Val: loss=0.3542, acc=10651/10975 (97.05%)
Epoch 302 [0/84843] Loss: 0.321099
Epoch 302 [35000/84843] Loss: 0.367554
Epoch 302 [70000/84843] Loss: 0.329382
Epoch 302 - Avg Loss: 0.373421 | Train Acc: 95.97%
Val: loss=0.3501, acc=10649/10975 (97.03%)
Epoch 303 [0/84843] Loss: 0.304968
Epoch 303 [35000/84843] Loss: 0.306305
Epoch 303 [70000/84843] Loss: 0.335914
Epoch 303 - Avg Loss: 0.371929 | Train Acc: 96.03%
Val: loss=0.3528, acc=10649/10975 (97.03%)
Epoch 304 [0/84843] Loss: 0.380398
Epoch 304 [35000/84843] Loss: 0.339362
Epoch 304 [70000/84843] Loss: 0.346611
Epoch 304 - Avg Loss: 0.373356 | Train Acc: 95.99%
Val: loss=0.3517, acc=10659/10975 (97.12%)
Epoch 305 [0/84843] Loss: 0.325603
Epoch 305 [35000/84843] Loss: 0.322457
Epoch 305 [70000/84843] Loss: 0.290214
Epoch 305 - Avg Loss: 0.370301 | Train Acc: 96.08%
Val: loss=0.3515, acc=10642/10975 (96.97%)
Epoch 306 [0/84843] Loss: 0.408346
Epoch 306 [35000/84843] Loss: 0.505190
Epoch 306 [70000/84843] Loss: 0.443209
Epoch 306 - Avg Loss: 0.374680 | Train Acc: 95.94%
Val: loss=0.3527, acc=10659/10975 (97.12%)
Epoch 307 [0/84843] Loss: 0.369273
Epoch 307 [35000/84843] Loss: 0.406071
Epoch 307 [70000/84843] Loss: 0.291456
Epoch 307 - Avg Loss: 0.371547 | Train Acc: 96.01%
Val: loss=0.3538, acc=10656/10975 (97.09%)
Epoch 308 [0/84843] Loss: 0.321706
Epoch 308 [35000/84843] Loss: 0.382884
Epoch 308 [70000/84843] Loss: 0.305211
Epoch 308 - Avg Loss: 0.371750 | Train Acc: 96.07%
Val: loss=0.3524, acc=10660/10975 (97.13%)
Epoch 309 [0/84843] Loss: 0.302881
Epoch 309 [35000/84843] Loss: 0.399925
Epoch 309 [70000/84843] Loss: 0.504870
Epoch 309 - Avg Loss: 0.372422 | Train Acc: 96.05%
Val: loss=0.3502, acc=10670/10975 (97.22%)
saved best: 97.22%
Epoch 310 [0/84843] Loss: 0.367060
Epoch 310 [35000/84843] Loss: 0.329393
Epoch 310 [70000/84843] Loss: 0.308211
Epoch 310 - Avg Loss: 0.374701 | Train Acc: 95.86%
Val: loss=0.3494, acc=10667/10975 (97.19%)
Epoch 311 [0/84843] Loss: 0.312742
Epoch 311 [35000/84843] Loss: 0.412534
Epoch 311 [70000/84843] Loss: 0.365278
Epoch 311 - Avg Loss: 0.370246 | Train Acc: 96.09%
Val: loss=0.3517, acc=10665/10975 (97.18%)
Epoch 312 [0/84843] Loss: 0.321089
Epoch 312 [35000/84843] Loss: 0.280579
Epoch 312 [70000/84843] Loss: 0.380747
Epoch 312 - Avg Loss: 0.372592 | Train Acc: 95.97%
Val: loss=0.3520, acc=10654/10975 (97.08%)
Epoch 313 [0/84843] Loss: 0.314840
Epoch 313 [35000/84843] Loss: 0.358868
Epoch 313 [70000/84843] Loss: 0.408425
Epoch 313 - Avg Loss: 0.368626 | Train Acc: 96.22%
Val: loss=0.3523, acc=10655/10975 (97.08%)
Epoch 314 [0/84843] Loss: 0.418067
Epoch 314 [35000/84843] Loss: 0.400764
Epoch 314 [70000/84843] Loss: 0.364441
Epoch 314 - Avg Loss: 0.374794 | Train Acc: 95.89%
Val: loss=0.3525, acc=10658/10975 (97.11%)
Epoch 315 [0/84843] Loss: 0.350451
Epoch 315 [35000/84843] Loss: 0.403012
Epoch 315 [70000/84843] Loss: 0.329184
Epoch 315 - Avg Loss: 0.370588 | Train Acc: 96.09%
Val: loss=0.3537, acc=10644/10975 (96.98%)
Epoch 316 [0/84843] Loss: 0.380569
Epoch 316 [35000/84843] Loss: 0.397258
Epoch 316 [70000/84843] Loss: 0.355330
Epoch 316 - Avg Loss: 0.372754 | Train Acc: 95.96%
Val: loss=0.3519, acc=10656/10975 (97.09%)
Epoch 317 [0/84843] Loss: 0.293766
Epoch 317 [35000/84843] Loss: 0.320801
Epoch 317 [70000/84843] Loss: 0.336201
Epoch 317 - Avg Loss: 0.369501 | Train Acc: 96.04%
Val: loss=0.3526, acc=10648/10975 (97.02%)
Epoch 318 [0/84843] Loss: 0.360303
Epoch 318 [35000/84843] Loss: 0.329633
Epoch 318 [70000/84843] Loss: 0.311655
Epoch 318 - Avg Loss: 0.373933 | Train Acc: 95.91%
Val: loss=0.3545, acc=10654/10975 (97.08%)
Epoch 319 [0/84843] Loss: 0.413202
Epoch 319 [35000/84843] Loss: 0.337624
Epoch 319 [70000/84843] Loss: 0.469768
Epoch 319 - Avg Loss: 0.373810 | Train Acc: 95.97%
Val: loss=0.3516, acc=10669/10975 (97.21%)
Epoch 320 [0/84843] Loss: 0.304777
Epoch 320 [35000/84843] Loss: 0.321693
Epoch 320 [70000/84843] Loss: 0.489280
Epoch 320 - Avg Loss: 0.369870 | Train Acc: 96.05%
Val: loss=0.3521, acc=10672/10975 (97.24%)
saved best: 97.24%
Epoch 321 [0/84843] Loss: 0.327410
Epoch 321 [35000/84843] Loss: 0.344233
Epoch 321 [70000/84843] Loss: 0.433738
Epoch 321 - Avg Loss: 0.371580 | Train Acc: 96.02%
Val: loss=0.3519, acc=10666/10975 (97.18%)
Epoch 322 [0/84843] Loss: 0.535873
Epoch 322 [35000/84843] Loss: 0.296305
Epoch 322 [70000/84843] Loss: 0.350179
Epoch 322 - Avg Loss: 0.369506 | Train Acc: 96.13%
Val: loss=0.3518, acc=10661/10975 (97.14%)
Epoch 323 [0/84843] Loss: 0.284356
Epoch 323 [35000/84843] Loss: 0.408264
Epoch 323 [70000/84843] Loss: 0.313400
Epoch 323 - Avg Loss: 0.366213 | Train Acc: 96.30%
Val: loss=0.3513, acc=10660/10975 (97.13%)
Epoch 324 [0/84843] Loss: 0.338147
Epoch 324 [35000/84843] Loss: 0.365207
Epoch 324 [70000/84843] Loss: 0.374393
Epoch 324 - Avg Loss: 0.370203 | Train Acc: 96.09%
Val: loss=0.3508, acc=10663/10975 (97.16%)
Epoch 325 [0/84843] Loss: 0.305887
Epoch 325 [35000/84843] Loss: 0.308606
Epoch 325 [70000/84843] Loss: 0.402195
Epoch 325 - Avg Loss: 0.367767 | Train Acc: 96.13%
Val: loss=0.3510, acc=10665/10975 (97.18%)
Epoch 326 [0/84843] Loss: 0.354607
Epoch 326 [35000/84843] Loss: 0.427696
Epoch 326 [70000/84843] Loss: 0.429151
Epoch 326 - Avg Loss: 0.370674 | Train Acc: 96.08%
Val: loss=0.3503, acc=10672/10975 (97.24%)
Epoch 327 [0/84843] Loss: 0.335080
Epoch 327 [35000/84843] Loss: 0.333051
Epoch 327 [70000/84843] Loss: 0.359209
Epoch 327 - Avg Loss: 0.370630 | Train Acc: 96.06%
Val: loss=0.3521, acc=10661/10975 (97.14%)
Epoch 328 [0/84843] Loss: 0.314415
Epoch 328 [35000/84843] Loss: 0.342896
Epoch 328 [70000/84843] Loss: 0.389274
Epoch 328 - Avg Loss: 0.367537 | Train Acc: 96.15%
Val: loss=0.3519, acc=10657/10975 (97.10%)
Epoch 329 [0/84843] Loss: 0.458865
Epoch 329 [35000/84843] Loss: 0.436922
Epoch 329 [70000/84843] Loss: 0.415551
Epoch 329 - Avg Loss: 0.368447 | Train Acc: 96.16%
Val: loss=0.3510, acc=10671/10975 (97.23%)
Epoch 330 [0/84843] Loss: 0.336325
Epoch 330 [35000/84843] Loss: 0.436410
Epoch 330 [70000/84843] Loss: 0.371901
Epoch 330 - Avg Loss: 0.368614 | Train Acc: 96.13%
Val: loss=0.3505, acc=10668/10975 (97.20%)
Epoch 331 [0/84843] Loss: 0.404655
Epoch 331 [35000/84843] Loss: 0.403498
Epoch 331 [70000/84843] Loss: 0.450504
Epoch 331 - Avg Loss: 0.368543 | Train Acc: 96.16%
Val: loss=0.3498, acc=10672/10975 (97.24%)
Epoch 332 [0/84843] Loss: 0.377977
Epoch 332 [35000/84843] Loss: 0.361580
Epoch 332 [70000/84843] Loss: 0.614052
Epoch 332 - Avg Loss: 0.367863 | Train Acc: 96.18%
Val: loss=0.3506, acc=10672/10975 (97.24%)
Epoch 333 [0/84843] Loss: 0.398633
Epoch 333 [35000/84843] Loss: 0.281164
Epoch 333 [70000/84843] Loss: 0.414970
Epoch 333 - Avg Loss: 0.367822 | Train Acc: 96.15%
Val: loss=0.3529, acc=10657/10975 (97.10%)
Epoch 334 [0/84843] Loss: 0.322648
Epoch 334 [35000/84843] Loss: 0.391456
Epoch 334 [70000/84843] Loss: 0.337202
Epoch 334 - Avg Loss: 0.370172 | Train Acc: 96.08%
Val: loss=0.3517, acc=10671/10975 (97.23%)
Epoch 335 [0/84843] Loss: 0.316552
Epoch 335 [35000/84843] Loss: 0.367092
Epoch 335 [70000/84843] Loss: 0.491470
Epoch 335 - Avg Loss: 0.368174 | Train Acc: 96.17%
Val: loss=0.3520, acc=10658/10975 (97.11%)
Epoch 336 [0/84843] Loss: 0.319310
Epoch 336 [35000/84843] Loss: 0.356934
Epoch 336 [70000/84843] Loss: 0.475447
Epoch 336 - Avg Loss: 0.370173 | Train Acc: 96.09%
Val: loss=0.3523, acc=10664/10975 (97.17%)
Epoch 337 [0/84843] Loss: 0.281214
Epoch 337 [35000/84843] Loss: 0.349472
Epoch 337 [70000/84843] Loss: 0.543597
Epoch 337 - Avg Loss: 0.369559 | Train Acc: 96.11%
Val: loss=0.3505, acc=10673/10975 (97.25%)
saved best: 97.25%
Epoch 338 [0/84843] Loss: 0.352443
Epoch 338 [35000/84843] Loss: 0.319830
Epoch 338 [70000/84843] Loss: 0.459284
Epoch 338 - Avg Loss: 0.365766 | Train Acc: 96.29%
Val: loss=0.3499, acc=10676/10975 (97.28%)
saved best: 97.28%
Epoch 339 [0/84843] Loss: 0.435694
Epoch 339 [35000/84843] Loss: 0.487184
Epoch 339 [70000/84843] Loss: 0.347915
Epoch 339 - Avg Loss: 0.369404 | Train Acc: 96.12%
Val: loss=0.3504, acc=10667/10975 (97.19%)
Epoch 340 [0/84843] Loss: 0.356536
Epoch 340 [35000/84843] Loss: 0.395524
Epoch 340 [70000/84843] Loss: 0.323946
Epoch 340 - Avg Loss: 0.367661 | Train Acc: 96.17%
Val: loss=0.3500, acc=10663/10975 (97.16%)
Epoch 341 [0/84843] Loss: 0.341793
Epoch 341 [35000/84843] Loss: 0.356283
Epoch 341 [70000/84843] Loss: 0.385003
Epoch 341 - Avg Loss: 0.366986 | Train Acc: 96.24%
Val: loss=0.3491, acc=10671/10975 (97.23%)
Epoch 342 [0/84843] Loss: 0.318104
Epoch 342 [35000/84843] Loss: 0.288845
Epoch 342 [70000/84843] Loss: 0.324316
Epoch 342 - Avg Loss: 0.368101 | Train Acc: 96.16%
Val: loss=0.3499, acc=10672/10975 (97.24%)
Epoch 343 [0/84843] Loss: 0.316356
Epoch 343 [35000/84843] Loss: 0.373149
Epoch 343 [70000/84843] Loss: 0.294437
Epoch 343 - Avg Loss: 0.368791 | Train Acc: 96.17%
Val: loss=0.3504, acc=10661/10975 (97.14%)
Epoch 344 [0/84843] Loss: 0.301967
Epoch 344 [35000/84843] Loss: 0.463197
Epoch 344 [70000/84843] Loss: 0.344407
Epoch 344 - Avg Loss: 0.366179 | Train Acc: 96.27%
Val: loss=0.3492, acc=10673/10975 (97.25%)
Epoch 345 [0/84843] Loss: 0.423830
Epoch 345 [35000/84843] Loss: 0.461617
Epoch 345 [70000/84843] Loss: 0.483094
Epoch 345 - Avg Loss: 0.366033 | Train Acc: 96.20%
Val: loss=0.3502, acc=10674/10975 (97.26%)
Epoch 346 [0/84843] Loss: 0.332029
Epoch 346 [35000/84843] Loss: 0.398846
Epoch 346 [70000/84843] Loss: 0.470083
Epoch 346 - Avg Loss: 0.365523 | Train Acc: 96.29%
Val: loss=0.3501, acc=10673/10975 (97.25%)
Epoch 347 [0/84843] Loss: 0.341054
Epoch 347 [35000/84843] Loss: 0.397439
Epoch 347 [70000/84843] Loss: 0.304172
Epoch 347 - Avg Loss: 0.366429 | Train Acc: 96.20%
Val: loss=0.3495, acc=10675/10975 (97.27%)
Epoch 348 [0/84843] Loss: 0.294875
Epoch 348 [35000/84843] Loss: 0.314236
Epoch 348 [70000/84843] Loss: 0.582418
Epoch 348 - Avg Loss: 0.368303 | Train Acc: 96.16%
Val: loss=0.3499, acc=10667/10975 (97.19%)
Epoch 349 [0/84843] Loss: 0.482973
Epoch 349 [35000/84843] Loss: 0.370068
Epoch 349 [70000/84843] Loss: 0.286919
Epoch 349 - Avg Loss: 0.363171 | Train Acc: 96.35%
Val: loss=0.3492, acc=10679/10975 (97.30%)
saved best: 97.30%
Epoch 350 [0/84843] Loss: 0.376609
Epoch 350 [35000/84843] Loss: 0.454958
Epoch 350 [70000/84843] Loss: 0.287922
Epoch 350 - Avg Loss: 0.365084 | Train Acc: 96.26%
Val: loss=0.3503, acc=10676/10975 (97.28%)
Epoch 351 [0/84843] Loss: 0.341150
Epoch 351 [35000/84843] Loss: 0.321182
Epoch 351 [70000/84843] Loss: 0.276766
Epoch 351 - Avg Loss: 0.367606 | Train Acc: 96.24%
Val: loss=0.3496, acc=10658/10975 (97.11%)
Epoch 352 [0/84843] Loss: 0.376126
Epoch 352 [35000/84843] Loss: 0.277947
Epoch 352 [70000/84843] Loss: 0.378467
Epoch 352 - Avg Loss: 0.368438 | Train Acc: 96.14%
Val: loss=0.3506, acc=10668/10975 (97.20%)
Epoch 353 [0/84843] Loss: 0.398380
Epoch 353 [35000/84843] Loss: 0.356627
Epoch 353 [70000/84843] Loss: 0.391588
Epoch 353 - Avg Loss: 0.366509 | Train Acc: 96.18%
Val: loss=0.3495, acc=10672/10975 (97.24%)
Epoch 354 [0/84843] Loss: 0.364520
Epoch 354 [35000/84843] Loss: 0.589029
Epoch 354 [70000/84843] Loss: 0.356758
Epoch 354 - Avg Loss: 0.366045 | Train Acc: 96.30%
Val: loss=0.3478, acc=10666/10975 (97.18%)
Epoch 355 [0/84843] Loss: 0.462289
Epoch 355 [35000/84843] Loss: 0.309045
Epoch 355 [70000/84843] Loss: 0.405076
Epoch 355 - Avg Loss: 0.363938 | Train Acc: 96.33%
Val: loss=0.3490, acc=10677/10975 (97.28%)
Epoch 356 [0/84843] Loss: 0.443366
Epoch 356 [35000/84843] Loss: 0.580227
Epoch 356 [70000/84843] Loss: 0.399247
Epoch 356 - Avg Loss: 0.368164 | Train Acc: 96.17%
Val: loss=0.3496, acc=10670/10975 (97.22%)
Epoch 357 [0/84843] Loss: 0.404643
Epoch 357 [35000/84843] Loss: 0.328271
Epoch 357 [70000/84843] Loss: 0.330139
Epoch 357 - Avg Loss: 0.365482 | Train Acc: 96.26%
Val: loss=0.3482, acc=10673/10975 (97.25%)
Epoch 358 [0/84843] Loss: 0.324260
Epoch 358 [35000/84843] Loss: 0.413352
Epoch 358 [70000/84843] Loss: 0.276947
Epoch 358 - Avg Loss: 0.365513 | Train Acc: 96.30%
Val: loss=0.3479, acc=10671/10975 (97.23%)
Epoch 359 [0/84843] Loss: 0.424314
Epoch 359 [35000/84843] Loss: 0.286336
Epoch 359 [70000/84843] Loss: 0.349959
Epoch 359 - Avg Loss: 0.367234 | Train Acc: 96.19%
Val: loss=0.3485, acc=10678/10975 (97.29%)
Epoch 360 [0/84843] Loss: 0.401212
Epoch 360 [35000/84843] Loss: 0.380131
Epoch 360 [70000/84843] Loss: 0.343368
Epoch 360 - Avg Loss: 0.372370 | Train Acc: 96.02%
Val: loss=0.3482, acc=10679/10975 (97.30%)
Epoch 361 [0/84843] Loss: 0.486400
Epoch 361 [35000/84843] Loss: 0.333292
Epoch 361 [70000/84843] Loss: 0.396839
Epoch 361 - Avg Loss: 0.366352 | Train Acc: 96.22%
Val: loss=0.3498, acc=10675/10975 (97.27%)
Epoch 362 [0/84843] Loss: 0.312519
Epoch 362 [35000/84843] Loss: 0.285545
Epoch 362 [70000/84843] Loss: 0.370952
Epoch 362 - Avg Loss: 0.367232 | Train Acc: 96.18%
Val: loss=0.3490, acc=10679/10975 (97.30%)
Epoch 363 [0/84843] Loss: 0.354398
Epoch 363 [35000/84843] Loss: 0.323976
Epoch 363 [70000/84843] Loss: 0.282987
Epoch 363 - Avg Loss: 0.363220 | Train Acc: 96.36%
Val: loss=0.3491, acc=10674/10975 (97.26%)
Epoch 364 [0/84843] Loss: 0.283687
Epoch 364 [35000/84843] Loss: 0.545540
Epoch 364 [70000/84843] Loss: 0.330209
Epoch 364 - Avg Loss: 0.365123 | Train Acc: 96.29%
Val: loss=0.3481, acc=10672/10975 (97.24%)
Epoch 365 [0/84843] Loss: 0.344016
Epoch 365 [35000/84843] Loss: 0.304147
Epoch 365 [70000/84843] Loss: 0.501364
Epoch 365 - Avg Loss: 0.364473 | Train Acc: 96.29%
Val: loss=0.3481, acc=10670/10975 (97.22%)
Epoch 366 [0/84843] Loss: 0.413342
Epoch 366 [35000/84843] Loss: 0.335865
Epoch 366 [70000/84843] Loss: 0.372268
Epoch 366 - Avg Loss: 0.365884 | Train Acc: 96.24%
Val: loss=0.3489, acc=10674/10975 (97.26%)
Epoch 367 [0/84843] Loss: 0.370129
Epoch 367 [35000/84843] Loss: 0.418102
Epoch 367 [70000/84843] Loss: 0.497404
Epoch 367 - Avg Loss: 0.367358 | Train Acc: 96.16%
Val: loss=0.3488, acc=10671/10975 (97.23%)
Epoch 368 [0/84843] Loss: 0.393082
Epoch 368 [35000/84843] Loss: 0.290177
Epoch 368 [70000/84843] Loss: 0.279628
Epoch 368 - Avg Loss: 0.365251 | Train Acc: 96.30%
Val: loss=0.3477, acc=10676/10975 (97.28%)
Epoch 369 [0/84843] Loss: 0.289405
Epoch 369 [35000/84843] Loss: 0.304749
Epoch 369 [70000/84843] Loss: 0.314002
Epoch 369 - Avg Loss: 0.364738 | Train Acc: 96.34%
Val: loss=0.3488, acc=10671/10975 (97.23%)
Epoch 370 [0/84843] Loss: 0.564729
Epoch 370 [35000/84843] Loss: 0.451650
Epoch 370 [70000/84843] Loss: 0.284168
Epoch 370 - Avg Loss: 0.363442 | Train Acc: 96.32%
Val: loss=0.3483, acc=10675/10975 (97.27%)
Epoch 371 [0/84843] Loss: 0.314720
Epoch 371 [35000/84843] Loss: 0.377046
Epoch 371 [70000/84843] Loss: 0.325648
Epoch 371 - Avg Loss: 0.364682 | Train Acc: 96.33%
Val: loss=0.3482, acc=10671/10975 (97.23%)
Epoch 372 [0/84843] Loss: 0.305703
Epoch 372 [35000/84843] Loss: 0.485798
Epoch 372 [70000/84843] Loss: 0.355430
Epoch 372 - Avg Loss: 0.364800 | Train Acc: 96.28%
Val: loss=0.3482, acc=10672/10975 (97.24%)
Epoch 373 [0/84843] Loss: 0.326313
Epoch 373 [35000/84843] Loss: 0.362945
Epoch 373 [70000/84843] Loss: 0.381880
Epoch 373 - Avg Loss: 0.361844 | Train Acc: 96.41%
Val: loss=0.3476, acc=10682/10975 (97.33%)
saved best: 97.33%
Epoch 374 [0/84843] Loss: 0.330417
Epoch 374 [35000/84843] Loss: 0.499583
Epoch 374 [70000/84843] Loss: 0.289889
Epoch 374 - Avg Loss: 0.363894 | Train Acc: 96.31%
Val: loss=0.3481, acc=10689/10975 (97.39%)
saved best: 97.39%
Epoch 375 [0/84843] Loss: 0.279704
Epoch 375 [35000/84843] Loss: 0.285151
Epoch 375 [70000/84843] Loss: 0.310357
Epoch 375 - Avg Loss: 0.364474 | Train Acc: 96.34%
Val: loss=0.3487, acc=10680/10975 (97.31%)
Epoch 376 [0/84843] Loss: 0.361010
Epoch 376 [35000/84843] Loss: 0.298511
Epoch 376 [70000/84843] Loss: 0.415777
Epoch 376 - Avg Loss: 0.363202 | Train Acc: 96.36%
Val: loss=0.3480, acc=10683/10975 (97.34%)
Epoch 377 [0/84843] Loss: 0.376990
Epoch 377 [35000/84843] Loss: 0.355952
Epoch 377 [70000/84843] Loss: 0.270720
Epoch 377 - Avg Loss: 0.362810 | Train Acc: 96.32%
Val: loss=0.3487, acc=10678/10975 (97.29%)
Epoch 378 [0/84843] Loss: 0.307909
Epoch 378 [35000/84843] Loss: 0.376110
Epoch 378 [70000/84843] Loss: 0.275126
Epoch 378 - Avg Loss: 0.363866 | Train Acc: 96.38%
Val: loss=0.3485, acc=10680/10975 (97.31%)
Epoch 379 [0/84843] Loss: 0.337537
Epoch 379 [35000/84843] Loss: 0.419072
Epoch 379 [70000/84843] Loss: 0.309503
Epoch 379 - Avg Loss: 0.361915 | Train Acc: 96.45%
Val: loss=0.3485, acc=10680/10975 (97.31%)
Epoch 380 [0/84843] Loss: 0.288059
Epoch 380 [35000/84843] Loss: 0.310896
Epoch 380 [70000/84843] Loss: 0.303733
Epoch 380 - Avg Loss: 0.364814 | Train Acc: 96.32%
Val: loss=0.3482, acc=10682/10975 (97.33%)
Epoch 381 [0/84843] Loss: 0.285621
Epoch 381 [35000/84843] Loss: 0.312645
Epoch 381 [70000/84843] Loss: 0.350609
Epoch 381 - Avg Loss: 0.360826 | Train Acc: 96.49%
Val: loss=0.3487, acc=10676/10975 (97.28%)
Epoch 382 [0/84843] Loss: 0.374777
Epoch 382 [35000/84843] Loss: 0.366312
Epoch 382 [70000/84843] Loss: 0.339155
Epoch 382 - Avg Loss: 0.365827 | Train Acc: 96.24%
Val: loss=0.3483, acc=10673/10975 (97.25%)
Epoch 383 [0/84843] Loss: 0.272999
Epoch 383 [35000/84843] Loss: 0.280181
Epoch 383 [70000/84843] Loss: 0.389930
Epoch 383 - Avg Loss: 0.364994 | Train Acc: 96.27%
Val: loss=0.3488, acc=10676/10975 (97.28%)
Epoch 384 [0/84843] Loss: 0.358754
Epoch 384 [35000/84843] Loss: 0.326737
Epoch 384 [70000/84843] Loss: 0.297221
Epoch 384 - Avg Loss: 0.363985 | Train Acc: 96.36%
Val: loss=0.3485, acc=10675/10975 (97.27%)
Epoch 385 [0/84843] Loss: 0.293869
Epoch 385 [35000/84843] Loss: 0.334013
Epoch 385 [70000/84843] Loss: 0.438775
Epoch 385 - Avg Loss: 0.364933 | Train Acc: 96.33%
Val: loss=0.3481, acc=10677/10975 (97.28%)
Epoch 386 [0/84843] Loss: 0.374860
Epoch 386 [35000/84843] Loss: 0.331781
Epoch 386 [70000/84843] Loss: 0.365204
Epoch 386 - Avg Loss: 0.363752 | Train Acc: 96.32%
Val: loss=0.3481, acc=10676/10975 (97.28%)
Epoch 387 [0/84843] Loss: 0.459214
Epoch 387 [35000/84843] Loss: 0.280179
Epoch 387 [70000/84843] Loss: 0.487785
Epoch 387 - Avg Loss: 0.363742 | Train Acc: 96.33%
Val: loss=0.3486, acc=10672/10975 (97.24%)
Epoch 388 [0/84843] Loss: 0.345023
Epoch 388 [35000/84843] Loss: 0.417841
Epoch 388 [70000/84843] Loss: 0.295980
Epoch 388 - Avg Loss: 0.366027 | Train Acc: 96.27%
Val: loss=0.3482, acc=10675/10975 (97.27%)
Epoch 389 [0/84843] Loss: 0.273970
Epoch 389 [35000/84843] Loss: 0.355914
Epoch 389 [70000/84843] Loss: 0.461475
Epoch 389 - Avg Loss: 0.364310 | Train Acc: 96.31%
Val: loss=0.3483, acc=10673/10975 (97.25%)
Epoch 390 [0/84843] Loss: 0.445840
Epoch 390 [35000/84843] Loss: 0.364765
Epoch 390 [70000/84843] Loss: 0.401272
Epoch 390 - Avg Loss: 0.362660 | Train Acc: 96.42%
Val: loss=0.3486, acc=10671/10975 (97.23%)
Epoch 391 [0/84843] Loss: 0.277698
Epoch 391 [35000/84843] Loss: 0.285108
Epoch 391 [70000/84843] Loss: 0.327480
Epoch 391 - Avg Loss: 0.363354 | Train Acc: 96.40%
Val: loss=0.3486, acc=10672/10975 (97.24%)
Epoch 392 [0/84843] Loss: 0.311015
Epoch 392 [35000/84843] Loss: 0.315644
Epoch 392 [70000/84843] Loss: 0.298994
Epoch 392 - Avg Loss: 0.364193 | Train Acc: 96.32%
Val: loss=0.3486, acc=10667/10975 (97.19%)
Epoch 393 [0/84843] Loss: 0.429239
Epoch 393 [35000/84843] Loss: 0.287817
Epoch 393 [70000/84843] Loss: 0.341045
Epoch 393 - Avg Loss: 0.364127 | Train Acc: 96.33%
Val: loss=0.3487, acc=10667/10975 (97.19%)
Epoch 394 [0/84843] Loss: 0.347198
Epoch 394 [35000/84843] Loss: 0.589659
Epoch 394 [70000/84843] Loss: 0.301209
Epoch 394 - Avg Loss: 0.361468 | Train Acc: 96.36%
Val: loss=0.3486, acc=10669/10975 (97.21%)
Epoch 395 [0/84843] Loss: 0.423522
Epoch 395 [35000/84843] Loss: 0.327429
Epoch 395 [70000/84843] Loss: 0.362305
Epoch 395 - Avg Loss: 0.363912 | Train Acc: 96.36%
Val: loss=0.3486, acc=10673/10975 (97.25%)
Epoch 396 [0/84843] Loss: 0.318468
Epoch 396 [35000/84843] Loss: 0.300500
Epoch 396 [70000/84843] Loss: 0.345508
Epoch 396 - Avg Loss: 0.361844 | Train Acc: 96.41%
Val: loss=0.3486, acc=10674/10975 (97.26%)
Epoch 397 [0/84843] Loss: 0.329073
Epoch 397 [35000/84843] Loss: 0.471755
Epoch 397 [70000/84843] Loss: 0.341782
Epoch 397 - Avg Loss: 0.365246 | Train Acc: 96.34%
Val: loss=0.3486, acc=10674/10975 (97.26%)
Epoch 398 [0/84843] Loss: 0.381953
Epoch 398 [35000/84843] Loss: 0.403706
Epoch 398 [70000/84843] Loss: 0.365998
Epoch 398 - Avg Loss: 0.361285 | Train Acc: 96.44%
Val: loss=0.3490, acc=10672/10975 (97.24%)
Epoch 399 [0/84843] Loss: 0.318150
Epoch 399 [35000/84843] Loss: 0.432986
Epoch 399 [70000/84843] Loss: 0.440650
Epoch 399 - Avg Loss: 0.365042 | Train Acc: 96.25%
Val: loss=0.3486, acc=10673/10975 (97.25%)
Epoch 400 [0/84843] Loss: 0.325974
Epoch 400 [35000/84843] Loss: 0.294623
Epoch 400 [70000/84843] Loss: 0.298278
Epoch 400 - Avg Loss: 0.365188 | Train Acc: 96.34%
Val: loss=0.3486, acc=10673/10975 (97.25%)
Test: loss=0.4583, acc=11298/12101 (93.36%)
