Running feature config: 48_mels (task 36)
SpecAugment freq_mask=0 time_mask=10
Device: cuda
Feature config: 48_mels -> {'n_mels': 48, 'use_delta': False, 'use_delta_delta': False}
SpecAugment: True freq_mask=0 time_mask=10
GPU Name: Tesla V100-PCIE-32GB
GPU Memory: 34.07 GB
Total model parameters: 47,628
Epoch 1 [0/84843] Loss: 2.419360
Epoch 1 [35000/84843] Loss: 1.354009
Epoch 1 [70000/84843] Loss: 1.485475
Epoch 1 - Avg Loss: 1.695369 | Train Acc: 55.87%
Val: loss=1.5805, acc=6249/10975 (56.94%)
saved best: 56.94%
Epoch 2 [0/84843] Loss: 1.834185
Epoch 2 [35000/84843] Loss: 1.594673
Epoch 2 [70000/84843] Loss: 1.364868
Epoch 2 - Avg Loss: 1.473538 | Train Acc: 61.21%
Val: loss=1.4319, acc=7077/10975 (64.48%)
saved best: 64.48%
Epoch 3 [0/84843] Loss: 1.373111
Epoch 3 [35000/84843] Loss: 1.347744
Epoch 3 [70000/84843] Loss: 1.223695
Epoch 3 - Avg Loss: 1.347686 | Train Acc: 66.57%
Val: loss=1.3507, acc=7240/10975 (65.97%)
saved best: 65.97%
Epoch 4 [0/84843] Loss: 1.019258
Epoch 4 [35000/84843] Loss: 1.225518
Epoch 4 [70000/84843] Loss: 1.388329
Epoch 4 - Avg Loss: 1.255485 | Train Acc: 66.98%
Val: loss=1.2183, acc=7396/10975 (67.39%)
saved best: 67.39%
Epoch 5 [0/84843] Loss: 1.385902
Epoch 5 [35000/84843] Loss: 1.088545
Epoch 5 [70000/84843] Loss: 1.107974
Epoch 5 - Avg Loss: 1.173455 | Train Acc: 68.50%
Val: loss=1.1595, acc=7470/10975 (68.06%)
saved best: 68.06%
Epoch 6 [0/84843] Loss: 1.410766
Epoch 6 [35000/84843] Loss: 1.074635
Epoch 6 [70000/84843] Loss: 1.072283
Epoch 6 - Avg Loss: 1.123731 | Train Acc: 68.94%
Val: loss=1.1040, acc=7525/10975 (68.56%)
saved best: 68.56%
Epoch 7 [0/84843] Loss: 1.279629
Epoch 7 [35000/84843] Loss: 1.299484
Epoch 7 [70000/84843] Loss: 0.989049
Epoch 7 - Avg Loss: 1.072312 | Train Acc: 69.59%
Val: loss=1.0500, acc=7632/10975 (69.54%)
saved best: 69.54%
Epoch 8 [0/84843] Loss: 0.883563
Epoch 8 [35000/84843] Loss: 1.133677
Epoch 8 [70000/84843] Loss: 0.901706
Epoch 8 - Avg Loss: 1.017503 | Train Acc: 70.91%
Val: loss=0.9956, acc=7755/10975 (70.66%)
saved best: 70.66%
Epoch 9 [0/84843] Loss: 0.877294
Epoch 9 [35000/84843] Loss: 1.030232
Epoch 9 [70000/84843] Loss: 1.120500
Epoch 9 - Avg Loss: 0.965338 | Train Acc: 72.04%
Val: loss=0.9466, acc=7879/10975 (71.79%)
saved best: 71.79%
Epoch 10 [0/84843] Loss: 1.146030
Epoch 10 [35000/84843] Loss: 0.956585
Epoch 10 [70000/84843] Loss: 0.745812
Epoch 10 - Avg Loss: 0.921254 | Train Acc: 73.39%
Val: loss=0.9049, acc=8125/10975 (74.03%)
saved best: 74.03%
Epoch 11 [0/84843] Loss: 0.680170
Epoch 11 [35000/84843] Loss: 0.866580
Epoch 11 [70000/84843] Loss: 0.911980
Epoch 11 - Avg Loss: 0.876929 | Train Acc: 75.31%
Val: loss=0.8638, acc=8241/10975 (75.09%)
saved best: 75.09%
Epoch 12 [0/84843] Loss: 0.868618
Epoch 12 [35000/84843] Loss: 0.667189
Epoch 12 [70000/84843] Loss: 0.679538
Epoch 12 - Avg Loss: 0.834589 | Train Acc: 77.21%
Val: loss=0.8283, acc=8477/10975 (77.24%)
saved best: 77.24%
Epoch 13 [0/84843] Loss: 0.912310
Epoch 13 [35000/84843] Loss: 0.793779
Epoch 13 [70000/84843] Loss: 0.787154
Epoch 13 - Avg Loss: 0.788989 | Train Acc: 80.04%
Val: loss=0.7706, acc=8960/10975 (81.64%)
saved best: 81.64%
Epoch 14 [0/84843] Loss: 0.759308
Epoch 14 [35000/84843] Loss: 0.768632
Epoch 14 [70000/84843] Loss: 0.523834
Epoch 14 - Avg Loss: 0.738723 | Train Acc: 82.48%
Val: loss=0.7223, acc=9140/10975 (83.28%)
saved best: 83.28%
Epoch 15 [0/84843] Loss: 0.593335
Epoch 15 [35000/84843] Loss: 0.690489
Epoch 15 [70000/84843] Loss: 0.588944
Epoch 15 - Avg Loss: 0.697432 | Train Acc: 83.94%
Val: loss=0.6851, acc=9306/10975 (84.79%)
saved best: 84.79%
Epoch 16 [0/84843] Loss: 0.753851
Epoch 16 [35000/84843] Loss: 0.840077
Epoch 16 [70000/84843] Loss: 0.506916
Epoch 16 - Avg Loss: 0.664449 | Train Acc: 85.39%
Val: loss=0.6547, acc=9455/10975 (86.15%)
saved best: 86.15%
Epoch 17 [0/84843] Loss: 0.551032
Epoch 17 [35000/84843] Loss: 0.601112
Epoch 17 [70000/84843] Loss: 0.726420
Epoch 17 - Avg Loss: 0.633205 | Train Acc: 86.57%
Val: loss=0.6262, acc=9592/10975 (87.40%)
saved best: 87.40%
Epoch 18 [0/84843] Loss: 0.680398
Epoch 18 [35000/84843] Loss: 0.448002
Epoch 18 [70000/84843] Loss: 0.707251
Epoch 18 - Avg Loss: 0.612935 | Train Acc: 87.39%
Val: loss=0.6086, acc=9659/10975 (88.01%)
saved best: 88.01%
Epoch 19 [0/84843] Loss: 0.561946
Epoch 19 [35000/84843] Loss: 0.452471
Epoch 19 [70000/84843] Loss: 0.413173
Epoch 19 - Avg Loss: 0.592669 | Train Acc: 88.12%
Val: loss=0.5898, acc=9740/10975 (88.75%)
saved best: 88.75%
Epoch 20 [0/84843] Loss: 0.558027
Epoch 20 [35000/84843] Loss: 0.699093
Epoch 20 [70000/84843] Loss: 0.525039
Epoch 20 - Avg Loss: 0.574658 | Train Acc: 88.85%
Val: loss=0.5785, acc=9797/10975 (89.27%)
saved best: 89.27%
Epoch 21 [0/84843] Loss: 0.670484
Epoch 21 [35000/84843] Loss: 0.577529
Epoch 21 [70000/84843] Loss: 0.539068
Epoch 21 - Avg Loss: 0.559229 | Train Acc: 89.53%
Val: loss=0.5655, acc=9847/10975 (89.72%)
saved best: 89.72%
Epoch 22 [0/84843] Loss: 0.474008
Epoch 22 [35000/84843] Loss: 0.513956
Epoch 22 [70000/84843] Loss: 0.515482
Epoch 22 - Avg Loss: 0.544613 | Train Acc: 90.10%
Val: loss=0.5578, acc=9879/10975 (90.01%)
saved best: 90.01%
Epoch 23 [0/84843] Loss: 0.505533
Epoch 23 [35000/84843] Loss: 0.530580
Epoch 23 [70000/84843] Loss: 0.443309
Epoch 23 - Avg Loss: 0.532003 | Train Acc: 90.62%
Val: loss=0.5257, acc=10019/10975 (91.29%)
saved best: 91.29%
Epoch 24 [0/84843] Loss: 0.447575
Epoch 24 [35000/84843] Loss: 0.440109
Epoch 24 [70000/84843] Loss: 0.347101
Epoch 24 - Avg Loss: 0.519389 | Train Acc: 90.98%
Val: loss=0.5261, acc=9984/10975 (90.97%)
Epoch 25 [0/84843] Loss: 0.432934
Epoch 25 [35000/84843] Loss: 0.578685
Epoch 25 [70000/84843] Loss: 0.447917
Epoch 25 - Avg Loss: 0.509623 | Train Acc: 91.46%
Val: loss=0.5166, acc=10017/10975 (91.27%)
Epoch 26 [0/84843] Loss: 0.547644
Epoch 26 [35000/84843] Loss: 0.631201
Epoch 26 [70000/84843] Loss: 0.367175
Epoch 26 - Avg Loss: 0.503039 | Train Acc: 91.60%
Val: loss=0.5028, acc=10083/10975 (91.87%)
saved best: 91.87%
Epoch 27 [0/84843] Loss: 0.532224
Epoch 27 [35000/84843] Loss: 0.529288
Epoch 27 [70000/84843] Loss: 0.526598
Epoch 27 - Avg Loss: 0.493145 | Train Acc: 92.01%
Val: loss=0.5053, acc=10069/10975 (91.74%)
Epoch 28 [0/84843] Loss: 0.470195
Epoch 28 [35000/84843] Loss: 0.369966
Epoch 28 [70000/84843] Loss: 0.522034
Epoch 28 - Avg Loss: 0.481600 | Train Acc: 92.42%
Val: loss=0.4856, acc=10139/10975 (92.38%)
saved best: 92.38%
Epoch 29 [0/84843] Loss: 0.593828
Epoch 29 [35000/84843] Loss: 0.570280
Epoch 29 [70000/84843] Loss: 0.475207
Epoch 29 - Avg Loss: 0.476942 | Train Acc: 92.56%
Val: loss=0.4927, acc=10111/10975 (92.13%)
Epoch 30 [0/84843] Loss: 0.627760
Epoch 30 [35000/84843] Loss: 0.418957
Epoch 30 [70000/84843] Loss: 0.431899
Epoch 30 - Avg Loss: 0.468703 | Train Acc: 92.87%
Val: loss=0.4822, acc=10137/10975 (92.36%)
Epoch 31 [0/84843] Loss: 0.406026
Epoch 31 [35000/84843] Loss: 0.523822
Epoch 31 [70000/84843] Loss: 0.394344
Epoch 31 - Avg Loss: 0.463111 | Train Acc: 93.01%
Val: loss=0.4879, acc=10119/10975 (92.20%)
Epoch 32 [0/84843] Loss: 0.481576
Epoch 32 [35000/84843] Loss: 0.521536
Epoch 32 [70000/84843] Loss: 0.415003
Epoch 32 - Avg Loss: 0.455930 | Train Acc: 93.31%
Val: loss=0.4773, acc=10164/10975 (92.61%)
saved best: 92.61%
Epoch 33 [0/84843] Loss: 0.407033
Epoch 33 [35000/84843] Loss: 0.474077
Epoch 33 [70000/84843] Loss: 0.393375
Epoch 33 - Avg Loss: 0.454052 | Train Acc: 93.39%
Val: loss=0.4630, acc=10233/10975 (93.24%)
saved best: 93.24%
Epoch 34 [0/84843] Loss: 0.436293
Epoch 34 [35000/84843] Loss: 0.395626
Epoch 34 [70000/84843] Loss: 0.629050
Epoch 34 - Avg Loss: 0.445171 | Train Acc: 93.69%
Val: loss=0.4776, acc=10152/10975 (92.50%)
Epoch 35 [0/84843] Loss: 0.388202
Epoch 35 [35000/84843] Loss: 0.351668
Epoch 35 [70000/84843] Loss: 0.386302
Epoch 35 - Avg Loss: 0.442859 | Train Acc: 93.77%
Val: loss=0.4645, acc=10227/10975 (93.18%)
Epoch 36 [0/84843] Loss: 0.500382
Epoch 36 [35000/84843] Loss: 0.490948
Epoch 36 [70000/84843] Loss: 0.537194
Epoch 36 - Avg Loss: 0.438029 | Train Acc: 93.92%
Val: loss=0.4569, acc=10237/10975 (93.28%)
saved best: 93.28%
Epoch 37 [0/84843] Loss: 0.586359
Epoch 37 [35000/84843] Loss: 0.509831
Epoch 37 [70000/84843] Loss: 0.445712
Epoch 37 - Avg Loss: 0.429823 | Train Acc: 94.26%
Val: loss=0.4501, acc=10277/10975 (93.64%)
saved best: 93.64%
Epoch 38 [0/84843] Loss: 0.476830
Epoch 38 [35000/84843] Loss: 0.521783
Epoch 38 [70000/84843] Loss: 0.511761
Epoch 38 - Avg Loss: 0.430139 | Train Acc: 94.20%
Val: loss=0.4509, acc=10281/10975 (93.68%)
saved best: 93.68%
Epoch 39 [0/84843] Loss: 0.525611
Epoch 39 [35000/84843] Loss: 0.389610
Epoch 39 [70000/84843] Loss: 0.463705
Epoch 39 - Avg Loss: 0.424424 | Train Acc: 94.46%
Val: loss=0.4536, acc=10243/10975 (93.33%)
Epoch 40 [0/84843] Loss: 0.397624
Epoch 40 [35000/84843] Loss: 0.445444
Epoch 40 [70000/84843] Loss: 0.513465
Epoch 40 - Avg Loss: 0.421332 | Train Acc: 94.56%
Val: loss=0.4437, acc=10288/10975 (93.74%)
saved best: 93.74%
Epoch 41 [0/84843] Loss: 0.321868
Epoch 41 [35000/84843] Loss: 0.412245
Epoch 41 [70000/84843] Loss: 0.360392
Epoch 41 - Avg Loss: 0.417702 | Train Acc: 94.65%
Val: loss=0.4451, acc=10281/10975 (93.68%)
Epoch 42 [0/84843] Loss: 0.492732
Epoch 42 [35000/84843] Loss: 0.396938
Epoch 42 [70000/84843] Loss: 0.491946
Epoch 42 - Avg Loss: 0.414664 | Train Acc: 94.72%
Val: loss=0.4480, acc=10275/10975 (93.62%)
Epoch 43 [0/84843] Loss: 0.414186
Epoch 43 [35000/84843] Loss: 0.423841
Epoch 43 [70000/84843] Loss: 0.378533
Epoch 43 - Avg Loss: 0.410979 | Train Acc: 94.90%
Val: loss=0.4407, acc=10299/10975 (93.84%)
saved best: 93.84%
Epoch 44 [0/84843] Loss: 0.406978
Epoch 44 [35000/84843] Loss: 0.401688
Epoch 44 [70000/84843] Loss: 0.299339
Epoch 44 - Avg Loss: 0.408153 | Train Acc: 95.04%
Val: loss=0.4450, acc=10269/10975 (93.57%)
Epoch 45 [0/84843] Loss: 0.411733
Epoch 45 [35000/84843] Loss: 0.363025
Epoch 45 [70000/84843] Loss: 0.430952
Epoch 45 - Avg Loss: 0.405662 | Train Acc: 95.10%
Val: loss=0.4421, acc=10303/10975 (93.88%)
saved best: 93.88%
Epoch 46 [0/84843] Loss: 0.407898
Epoch 46 [35000/84843] Loss: 0.409512
Epoch 46 [70000/84843] Loss: 0.515232
Epoch 46 - Avg Loss: 0.402933 | Train Acc: 95.22%
Val: loss=0.4274, acc=10366/10975 (94.45%)
saved best: 94.45%
Epoch 47 [0/84843] Loss: 0.341531
Epoch 47 [35000/84843] Loss: 0.359728
Epoch 47 [70000/84843] Loss: 0.337233
Epoch 47 - Avg Loss: 0.399271 | Train Acc: 95.35%
Val: loss=0.4413, acc=10296/10975 (93.81%)
Epoch 48 [0/84843] Loss: 0.403070
Epoch 48 [35000/84843] Loss: 0.465146
Epoch 48 [70000/84843] Loss: 0.343868
Epoch 48 - Avg Loss: 0.399382 | Train Acc: 95.29%
Val: loss=0.4434, acc=10299/10975 (93.84%)
Epoch 49 [0/84843] Loss: 0.340882
Epoch 49 [35000/84843] Loss: 0.456291
Epoch 49 [70000/84843] Loss: 0.477887
Epoch 49 - Avg Loss: 0.395289 | Train Acc: 95.41%
Val: loss=0.4301, acc=10348/10975 (94.29%)
Epoch 50 [0/84843] Loss: 0.414817
Epoch 50 [35000/84843] Loss: 0.412128
Epoch 50 [70000/84843] Loss: 0.408596
Epoch 50 - Avg Loss: 0.392111 | Train Acc: 95.61%
Val: loss=0.4356, acc=10333/10975 (94.15%)
Epoch 51 [0/84843] Loss: 0.340027
Epoch 51 [35000/84843] Loss: 0.388502
Epoch 51 [70000/84843] Loss: 0.438396
Epoch 51 - Avg Loss: 0.390533 | Train Acc: 95.66%
Val: loss=0.4387, acc=10316/10975 (94.00%)
Epoch 52 [0/84843] Loss: 0.313978
Epoch 52 [35000/84843] Loss: 0.343981
Epoch 52 [70000/84843] Loss: 0.469837
Epoch 52 - Avg Loss: 0.387139 | Train Acc: 95.73%
Val: loss=0.4182, acc=10388/10975 (94.65%)
saved best: 94.65%
Epoch 53 [0/84843] Loss: 0.382101
Epoch 53 [35000/84843] Loss: 0.329840
Epoch 53 [70000/84843] Loss: 0.328448
Epoch 53 - Avg Loss: 0.386512 | Train Acc: 95.75%
Val: loss=0.4223, acc=10375/10975 (94.53%)
Epoch 54 [0/84843] Loss: 0.365945
Epoch 54 [35000/84843] Loss: 0.432188
Epoch 54 [70000/84843] Loss: 0.390557
Epoch 54 - Avg Loss: 0.383301 | Train Acc: 95.93%
Val: loss=0.4164, acc=10408/10975 (94.83%)
saved best: 94.83%
Epoch 55 [0/84843] Loss: 0.387089
Epoch 55 [35000/84843] Loss: 0.407985
Epoch 55 [70000/84843] Loss: 0.482965
Epoch 55 - Avg Loss: 0.382178 | Train Acc: 95.98%
Val: loss=0.4436, acc=10314/10975 (93.98%)
Epoch 56 [0/84843] Loss: 0.394059
Epoch 56 [35000/84843] Loss: 0.372347
Epoch 56 [70000/84843] Loss: 0.387390
Epoch 56 - Avg Loss: 0.380284 | Train Acc: 96.00%
Val: loss=0.4202, acc=10391/10975 (94.68%)
Epoch 57 [0/84843] Loss: 0.447190
Epoch 57 [35000/84843] Loss: 0.374928
Epoch 57 [70000/84843] Loss: 0.316875
Epoch 57 - Avg Loss: 0.378021 | Train Acc: 96.07%
Val: loss=0.4235, acc=10371/10975 (94.50%)
Epoch 58 [0/84843] Loss: 0.459140
Epoch 58 [35000/84843] Loss: 0.354194
Epoch 58 [70000/84843] Loss: 0.288334
Epoch 58 - Avg Loss: 0.376417 | Train Acc: 96.17%
Val: loss=0.4351, acc=10340/10975 (94.21%)
Epoch 59 [0/84843] Loss: 0.467771
Epoch 59 [35000/84843] Loss: 0.323702
Epoch 59 [70000/84843] Loss: 0.398773
Epoch 59 - Avg Loss: 0.376675 | Train Acc: 96.15%
Val: loss=0.4190, acc=10386/10975 (94.63%)
Epoch 60 [0/84843] Loss: 0.299261
Epoch 60 [35000/84843] Loss: 0.469169
Epoch 60 [70000/84843] Loss: 0.475633
Epoch 60 - Avg Loss: 0.373417 | Train Acc: 96.24%
Val: loss=0.4242, acc=10377/10975 (94.55%)
Epoch 61 [0/84843] Loss: 0.409103
Epoch 61 [35000/84843] Loss: 0.411070
Epoch 61 [70000/84843] Loss: 0.400631
Epoch 61 - Avg Loss: 0.372118 | Train Acc: 96.29%
Val: loss=0.4151, acc=10399/10975 (94.75%)
Epoch 62 [0/84843] Loss: 0.330431
Epoch 62 [35000/84843] Loss: 0.288482
Epoch 62 [70000/84843] Loss: 0.325863
Epoch 62 - Avg Loss: 0.370724 | Train Acc: 96.38%
Val: loss=0.4188, acc=10397/10975 (94.73%)
Epoch 63 [0/84843] Loss: 0.323018
Epoch 63 [35000/84843] Loss: 0.359149
Epoch 63 [70000/84843] Loss: 0.287734
Epoch 63 - Avg Loss: 0.368766 | Train Acc: 96.43%
Val: loss=0.4233, acc=10356/10975 (94.36%)
Epoch 64 [0/84843] Loss: 0.382281
Epoch 64 [35000/84843] Loss: 0.400306
Epoch 64 [70000/84843] Loss: 0.352012
Epoch 64 - Avg Loss: 0.368556 | Train Acc: 96.42%
Val: loss=0.4266, acc=10381/10975 (94.59%)
Epoch 65 [0/84843] Loss: 0.290723
Epoch 65 [35000/84843] Loss: 0.430186
Epoch 65 [70000/84843] Loss: 0.388612
Epoch 65 - Avg Loss: 0.366888 | Train Acc: 96.52%
Val: loss=0.4134, acc=10413/10975 (94.88%)
saved best: 94.88%
Epoch 66 [0/84843] Loss: 0.420092
Epoch 66 [35000/84843] Loss: 0.368505
Epoch 66 [70000/84843] Loss: 0.375534
Epoch 66 - Avg Loss: 0.366545 | Train Acc: 96.52%
Val: loss=0.4158, acc=10400/10975 (94.76%)
Epoch 67 [0/84843] Loss: 0.317647
Epoch 67 [35000/84843] Loss: 0.337471
Epoch 67 [70000/84843] Loss: 0.349678
Epoch 67 - Avg Loss: 0.363073 | Train Acc: 96.59%
Val: loss=0.4059, acc=10446/10975 (95.18%)
saved best: 95.18%
Epoch 68 [0/84843] Loss: 0.341871
Epoch 68 [35000/84843] Loss: 0.342873
Epoch 68 [70000/84843] Loss: 0.348176
Epoch 68 - Avg Loss: 0.363116 | Train Acc: 96.62%
Val: loss=0.4131, acc=10414/10975 (94.89%)
Epoch 69 [0/84843] Loss: 0.348279
Epoch 69 [35000/84843] Loss: 0.355041
Epoch 69 [70000/84843] Loss: 0.336735
Epoch 69 - Avg Loss: 0.363348 | Train Acc: 96.64%
Val: loss=0.4094, acc=10430/10975 (95.03%)
Epoch 70 [0/84843] Loss: 0.369928
Epoch 70 [35000/84843] Loss: 0.347120
Epoch 70 [70000/84843] Loss: 0.412720
Epoch 70 - Avg Loss: 0.362626 | Train Acc: 96.67%
Val: loss=0.4149, acc=10394/10975 (94.71%)
Epoch 71 [0/84843] Loss: 0.384311
Epoch 71 [35000/84843] Loss: 0.328213
Epoch 71 [70000/84843] Loss: 0.395212
Epoch 71 - Avg Loss: 0.360639 | Train Acc: 96.71%
Val: loss=0.4148, acc=10379/10975 (94.57%)
Epoch 72 [0/84843] Loss: 0.487745
Epoch 72 [35000/84843] Loss: 0.378281
Epoch 72 [70000/84843] Loss: 0.382022
Epoch 72 - Avg Loss: 0.359694 | Train Acc: 96.77%
Val: loss=0.4064, acc=10445/10975 (95.17%)
Epoch 73 [0/84843] Loss: 0.342239
Epoch 73 [35000/84843] Loss: 0.398406
Epoch 73 [70000/84843] Loss: 0.377793
Epoch 73 - Avg Loss: 0.357799 | Train Acc: 96.82%
Val: loss=0.4095, acc=10425/10975 (94.99%)
Epoch 74 [0/84843] Loss: 0.351943
Epoch 74 [35000/84843] Loss: 0.312608
Epoch 74 [70000/84843] Loss: 0.375026
Epoch 74 - Avg Loss: 0.358971 | Train Acc: 96.83%
Val: loss=0.4137, acc=10427/10975 (95.01%)
Epoch 75 [0/84843] Loss: 0.305115
Epoch 75 [35000/84843] Loss: 0.314762
Epoch 75 [70000/84843] Loss: 0.417018
Epoch 75 - Avg Loss: 0.357476 | Train Acc: 96.82%
Val: loss=0.4105, acc=10426/10975 (95.00%)
Epoch 76 [0/84843] Loss: 0.379867
Epoch 76 [35000/84843] Loss: 0.405330
Epoch 76 [70000/84843] Loss: 0.287508
Epoch 76 - Avg Loss: 0.356410 | Train Acc: 96.89%
Val: loss=0.4205, acc=10402/10975 (94.78%)
Epoch 77 [0/84843] Loss: 0.316473
Epoch 77 [35000/84843] Loss: 0.344791
Epoch 77 [70000/84843] Loss: 0.361942
Epoch 77 - Avg Loss: 0.355066 | Train Acc: 96.91%
Val: loss=0.4074, acc=10440/10975 (95.13%)
Epoch 78 [0/84843] Loss: 0.314217
Epoch 78 [35000/84843] Loss: 0.368710
Epoch 78 [70000/84843] Loss: 0.416427
Epoch 78 - Avg Loss: 0.353945 | Train Acc: 97.04%
Val: loss=0.4063, acc=10450/10975 (95.22%)
saved best: 95.22%
Epoch 79 [0/84843] Loss: 0.322744
Epoch 79 [35000/84843] Loss: 0.374130
Epoch 79 [70000/84843] Loss: 0.331303
Epoch 79 - Avg Loss: 0.353963 | Train Acc: 96.98%
Val: loss=0.4289, acc=10367/10975 (94.46%)
Epoch 80 [0/84843] Loss: 0.351320
Epoch 80 [35000/84843] Loss: 0.346825
Epoch 80 [70000/84843] Loss: 0.335069
Epoch 80 - Avg Loss: 0.352474 | Train Acc: 97.02%
Val: loss=0.4193, acc=10388/10975 (94.65%)
Epoch 81 [0/84843] Loss: 0.344764
Epoch 81 [35000/84843] Loss: 0.334775
Epoch 81 [70000/84843] Loss: 0.369660
Epoch 81 - Avg Loss: 0.351756 | Train Acc: 97.09%
Val: loss=0.4146, acc=10428/10975 (95.02%)
Epoch 82 [0/84843] Loss: 0.295324
Epoch 82 [35000/84843] Loss: 0.445314
Epoch 82 [70000/84843] Loss: 0.546751
Epoch 82 - Avg Loss: 0.351808 | Train Acc: 97.04%
Val: loss=0.4253, acc=10377/10975 (94.55%)
Epoch 83 [0/84843] Loss: 0.312724
Epoch 83 [35000/84843] Loss: 0.322612
Epoch 83 [70000/84843] Loss: 0.467837
Epoch 83 - Avg Loss: 0.352393 | Train Acc: 97.04%
Val: loss=0.4077, acc=10459/10975 (95.30%)
saved best: 95.30%
Epoch 84 [0/84843] Loss: 0.372348
Epoch 84 [35000/84843] Loss: 0.373744
Epoch 84 [70000/84843] Loss: 0.283432
Epoch 84 - Avg Loss: 0.351061 | Train Acc: 97.10%
Val: loss=0.4087, acc=10439/10975 (95.12%)
Epoch 85 [0/84843] Loss: 0.310675
Epoch 85 [35000/84843] Loss: 0.318743
Epoch 85 [70000/84843] Loss: 0.371903
Epoch 85 - Avg Loss: 0.350226 | Train Acc: 97.09%
Val: loss=0.4284, acc=10354/10975 (94.34%)
Epoch 86 [0/84843] Loss: 0.290813
Epoch 86 [35000/84843] Loss: 0.332009
Epoch 86 [70000/84843] Loss: 0.284547
Epoch 86 - Avg Loss: 0.349320 | Train Acc: 97.14%
Val: loss=0.4123, acc=10432/10975 (95.05%)
Epoch 87 [0/84843] Loss: 0.286441
Epoch 87 [35000/84843] Loss: 0.373789
Epoch 87 [70000/84843] Loss: 0.527294
Epoch 87 - Avg Loss: 0.349331 | Train Acc: 97.17%
Val: loss=0.4076, acc=10457/10975 (95.28%)
Epoch 88 [0/84843] Loss: 0.358511
Epoch 88 [35000/84843] Loss: 0.360399
Epoch 88 [70000/84843] Loss: 0.303443
Epoch 88 - Avg Loss: 0.349879 | Train Acc: 97.11%
Val: loss=0.4127, acc=10432/10975 (95.05%)
Epoch 89 [0/84843] Loss: 0.422945
Epoch 89 [35000/84843] Loss: 0.314663
Epoch 89 [70000/84843] Loss: 0.348579
Epoch 89 - Avg Loss: 0.347340 | Train Acc: 97.21%
Val: loss=0.4119, acc=10436/10975 (95.09%)
Epoch 90 [0/84843] Loss: 0.357403
Epoch 90 [35000/84843] Loss: 0.384211
Epoch 90 [70000/84843] Loss: 0.303566
Epoch 90 - Avg Loss: 0.346639 | Train Acc: 97.26%
Val: loss=0.4127, acc=10430/10975 (95.03%)
Epoch 91 [0/84843] Loss: 0.430566
Epoch 91 [35000/84843] Loss: 0.383315
Epoch 91 [70000/84843] Loss: 0.356602
Epoch 91 - Avg Loss: 0.348114 | Train Acc: 97.24%
Val: loss=0.4104, acc=10449/10975 (95.21%)
Epoch 92 [0/84843] Loss: 0.293931
Epoch 92 [35000/84843] Loss: 0.313289
Epoch 92 [70000/84843] Loss: 0.326396
Epoch 92 - Avg Loss: 0.346079 | Train Acc: 97.29%
Val: loss=0.4063, acc=10473/10975 (95.43%)
saved best: 95.43%
Epoch 93 [0/84843] Loss: 0.303549
Epoch 93 [35000/84843] Loss: 0.378565
Epoch 93 [70000/84843] Loss: 0.354994
Epoch 93 - Avg Loss: 0.346692 | Train Acc: 97.25%
Val: loss=0.4311, acc=10365/10975 (94.44%)
Epoch 94 [0/84843] Loss: 0.439701
Epoch 94 [35000/84843] Loss: 0.314568
Epoch 94 [70000/84843] Loss: 0.367037
Epoch 94 - Avg Loss: 0.346988 | Train Acc: 97.26%
Val: loss=0.4308, acc=10367/10975 (94.46%)
Epoch 95 [0/84843] Loss: 0.276734
Epoch 95 [35000/84843] Loss: 0.327614
Epoch 95 [70000/84843] Loss: 0.312763
Epoch 95 - Avg Loss: 0.345509 | Train Acc: 97.29%
Val: loss=0.4123, acc=10432/10975 (95.05%)
Epoch 96 [0/84843] Loss: 0.314831
Epoch 96 [35000/84843] Loss: 0.302693
Epoch 96 [70000/84843] Loss: 0.371410
Epoch 96 - Avg Loss: 0.344447 | Train Acc: 97.31%
Val: loss=0.4193, acc=10381/10975 (94.59%)
Epoch 97 [0/84843] Loss: 0.310629
Epoch 97 [35000/84843] Loss: 0.284300
Epoch 97 [70000/84843] Loss: 0.326364
Epoch 97 - Avg Loss: 0.343983 | Train Acc: 97.34%
Val: loss=0.4086, acc=10441/10975 (95.13%)
Epoch 98 [0/84843] Loss: 0.409012
Epoch 98 [35000/84843] Loss: 0.305359
Epoch 98 [70000/84843] Loss: 0.288757
Epoch 98 - Avg Loss: 0.344962 | Train Acc: 97.28%
Val: loss=0.4131, acc=10433/10975 (95.06%)
Epoch 99 [0/84843] Loss: 0.317671
Epoch 99 [35000/84843] Loss: 0.324877
Epoch 99 [70000/84843] Loss: 0.285141
Epoch 99 - Avg Loss: 0.343000 | Train Acc: 97.36%
Val: loss=0.4059, acc=10467/10975 (95.37%)
Epoch 100 [0/84843] Loss: 0.345246
Epoch 100 [35000/84843] Loss: 0.365092
Epoch 100 [70000/84843] Loss: 0.341822
Epoch 100 - Avg Loss: 0.343125 | Train Acc: 97.40%
Val: loss=0.4031, acc=10482/10975 (95.51%)
saved best: 95.51%
Epoch 101 [0/84843] Loss: 0.377902
Epoch 101 [35000/84843] Loss: 0.321055
Epoch 101 [70000/84843] Loss: 0.425653
Epoch 101 - Avg Loss: 0.342141 | Train Acc: 97.40%
Val: loss=0.4066, acc=10452/10975 (95.23%)
Epoch 102 [0/84843] Loss: 0.355298
Epoch 102 [35000/84843] Loss: 0.290113
Epoch 102 [70000/84843] Loss: 0.455806
Epoch 102 - Avg Loss: 0.344613 | Train Acc: 97.30%
Val: loss=0.4120, acc=10421/10975 (94.95%)
Epoch 103 [0/84843] Loss: 0.298023
Epoch 103 [35000/84843] Loss: 0.358002
Epoch 103 [70000/84843] Loss: 0.456022
Epoch 103 - Avg Loss: 0.343611 | Train Acc: 97.41%
Val: loss=0.4034, acc=10471/10975 (95.41%)
Epoch 104 [0/84843] Loss: 0.291615
Epoch 104 [35000/84843] Loss: 0.311058
Epoch 104 [70000/84843] Loss: 0.389943
Epoch 104 - Avg Loss: 0.341177 | Train Acc: 97.48%
Val: loss=0.4096, acc=10426/10975 (95.00%)
Epoch 105 [0/84843] Loss: 0.416058
Epoch 105 [35000/84843] Loss: 0.295379
Epoch 105 [70000/84843] Loss: 0.317228
Epoch 105 - Avg Loss: 0.341367 | Train Acc: 97.44%
Val: loss=0.4057, acc=10463/10975 (95.33%)
Epoch 106 [0/84843] Loss: 0.371154
Epoch 106 [35000/84843] Loss: 0.369966
Epoch 106 [70000/84843] Loss: 0.394318
Epoch 106 - Avg Loss: 0.340167 | Train Acc: 97.49%
Val: loss=0.4195, acc=10405/10975 (94.81%)
Epoch 107 [0/84843] Loss: 0.283000
Epoch 107 [35000/84843] Loss: 0.313221
Epoch 107 [70000/84843] Loss: 0.274614
Epoch 107 - Avg Loss: 0.341303 | Train Acc: 97.46%
Val: loss=0.4090, acc=10446/10975 (95.18%)
Epoch 108 [0/84843] Loss: 0.292455
Epoch 108 [35000/84843] Loss: 0.374770
Epoch 108 [70000/84843] Loss: 0.313563
Epoch 108 - Avg Loss: 0.340966 | Train Acc: 97.48%
Val: loss=0.4210, acc=10393/10975 (94.70%)
Epoch 109 [0/84843] Loss: 0.292901
Epoch 109 [35000/84843] Loss: 0.290063
Epoch 109 [70000/84843] Loss: 0.360647
Epoch 109 - Avg Loss: 0.340434 | Train Acc: 97.45%
Val: loss=0.4027, acc=10484/10975 (95.53%)
saved best: 95.53%
Epoch 110 [0/84843] Loss: 0.331821
Epoch 110 [35000/84843] Loss: 0.417688
Epoch 110 [70000/84843] Loss: 0.336802
Epoch 110 - Avg Loss: 0.341363 | Train Acc: 97.45%
Val: loss=0.4074, acc=10471/10975 (95.41%)
Epoch 111 [0/84843] Loss: 0.333748
Epoch 111 [35000/84843] Loss: 0.293220
Epoch 111 [70000/84843] Loss: 0.355206
Epoch 111 - Avg Loss: 0.339186 | Train Acc: 97.52%
Val: loss=0.4087, acc=10460/10975 (95.31%)
Epoch 112 [0/84843] Loss: 0.350291
Epoch 112 [35000/84843] Loss: 0.372684
Epoch 112 [70000/84843] Loss: 0.374120
Epoch 112 - Avg Loss: 0.340044 | Train Acc: 97.54%
Val: loss=0.4071, acc=10457/10975 (95.28%)
Epoch 113 [0/84843] Loss: 0.282773
Epoch 113 [35000/84843] Loss: 0.414241
Epoch 113 [70000/84843] Loss: 0.308730
Epoch 113 - Avg Loss: 0.338813 | Train Acc: 97.50%
Val: loss=0.4048, acc=10471/10975 (95.41%)
Epoch 114 [0/84843] Loss: 0.453972
Epoch 114 [35000/84843] Loss: 0.326609
Epoch 114 [70000/84843] Loss: 0.294571
Epoch 114 - Avg Loss: 0.338611 | Train Acc: 97.56%
Val: loss=0.4000, acc=10499/10975 (95.66%)
saved best: 95.66%
Epoch 115 [0/84843] Loss: 0.329213
Epoch 115 [35000/84843] Loss: 0.314058
Epoch 115 [70000/84843] Loss: 0.346470
Epoch 115 - Avg Loss: 0.337266 | Train Acc: 97.62%
Val: loss=0.4069, acc=10457/10975 (95.28%)
Epoch 116 [0/84843] Loss: 0.309385
Epoch 116 [35000/84843] Loss: 0.326105
Epoch 116 [70000/84843] Loss: 0.324058
Epoch 116 - Avg Loss: 0.338355 | Train Acc: 97.58%
Val: loss=0.4057, acc=10470/10975 (95.40%)
Epoch 117 [0/84843] Loss: 0.331404
Epoch 117 [35000/84843] Loss: 0.357855
Epoch 117 [70000/84843] Loss: 0.349911
Epoch 117 - Avg Loss: 0.337658 | Train Acc: 97.57%
Val: loss=0.4096, acc=10443/10975 (95.15%)
Epoch 118 [0/84843] Loss: 0.340792
Epoch 118 [35000/84843] Loss: 0.392387
Epoch 118 [70000/84843] Loss: 0.364546
Epoch 118 - Avg Loss: 0.337203 | Train Acc: 97.61%
Val: loss=0.4072, acc=10442/10975 (95.14%)
Epoch 119 [0/84843] Loss: 0.327035
Epoch 119 [35000/84843] Loss: 0.301672
Epoch 119 [70000/84843] Loss: 0.351918
Epoch 119 - Avg Loss: 0.337255 | Train Acc: 97.59%
Val: loss=0.4058, acc=10474/10975 (95.44%)
Epoch 120 [0/84843] Loss: 0.426469
Epoch 120 [35000/84843] Loss: 0.431312
Epoch 120 [70000/84843] Loss: 0.299971
Epoch 120 - Avg Loss: 0.338274 | Train Acc: 97.58%
Val: loss=0.4127, acc=10433/10975 (95.06%)
Epoch 121 [0/84843] Loss: 0.313995
Epoch 121 [35000/84843] Loss: 0.304492
Epoch 121 [70000/84843] Loss: 0.358373
Epoch 121 - Avg Loss: 0.336654 | Train Acc: 97.61%
Val: loss=0.4155, acc=10428/10975 (95.02%)
Epoch 122 [0/84843] Loss: 0.358539
Epoch 122 [35000/84843] Loss: 0.314064
Epoch 122 [70000/84843] Loss: 0.296083
Epoch 122 - Avg Loss: 0.335362 | Train Acc: 97.66%
Val: loss=0.4124, acc=10436/10975 (95.09%)
Epoch 123 [0/84843] Loss: 0.371850
Epoch 123 [35000/84843] Loss: 0.276883
Epoch 123 [70000/84843] Loss: 0.335211
Epoch 123 - Avg Loss: 0.334585 | Train Acc: 97.72%
Val: loss=0.4061, acc=10477/10975 (95.46%)
Epoch 124 [0/84843] Loss: 0.277598
Epoch 124 [35000/84843] Loss: 0.333630
Epoch 124 [70000/84843] Loss: 0.303088
Epoch 124 - Avg Loss: 0.335750 | Train Acc: 97.68%
Val: loss=0.4117, acc=10440/10975 (95.13%)
Epoch 125 [0/84843] Loss: 0.305814
Epoch 125 [35000/84843] Loss: 0.417056
Epoch 125 [70000/84843] Loss: 0.461691
Epoch 125 - Avg Loss: 0.334968 | Train Acc: 97.70%
Val: loss=0.4114, acc=10437/10975 (95.10%)
Epoch 126 [0/84843] Loss: 0.371636
Epoch 126 [35000/84843] Loss: 0.323757
Epoch 126 [70000/84843] Loss: 0.360133
Epoch 126 - Avg Loss: 0.334130 | Train Acc: 97.72%
Val: loss=0.4252, acc=10379/10975 (94.57%)
Epoch 127 [0/84843] Loss: 0.317220
Epoch 127 [35000/84843] Loss: 0.328790
Epoch 127 [70000/84843] Loss: 0.350967
Epoch 127 - Avg Loss: 0.335249 | Train Acc: 97.69%
Val: loss=0.4192, acc=10410/10975 (94.85%)
Epoch 128 [0/84843] Loss: 0.347132
Epoch 128 [35000/84843] Loss: 0.295384
Epoch 128 [70000/84843] Loss: 0.318644
Epoch 128 - Avg Loss: 0.332424 | Train Acc: 97.82%
Val: loss=0.4256, acc=10409/10975 (94.84%)
Epoch 129 [0/84843] Loss: 0.362040
Epoch 129 [35000/84843] Loss: 0.320670
Epoch 129 [70000/84843] Loss: 0.429748
Epoch 129 - Avg Loss: 0.336900 | Train Acc: 97.63%
Val: loss=0.4038, acc=10464/10975 (95.34%)
Epoch 130 [0/84843] Loss: 0.342615
Epoch 130 [35000/84843] Loss: 0.318125
Epoch 130 [70000/84843] Loss: 0.395916
Epoch 130 - Avg Loss: 0.334047 | Train Acc: 97.73%
Val: loss=0.3989, acc=10508/10975 (95.74%)
saved best: 95.74%
Epoch 131 [0/84843] Loss: 0.303854
Epoch 131 [35000/84843] Loss: 0.343206
Epoch 131 [70000/84843] Loss: 0.291741
Epoch 131 - Avg Loss: 0.333972 | Train Acc: 97.76%
Val: loss=0.4057, acc=10467/10975 (95.37%)
Epoch 132 [0/84843] Loss: 0.294198
Epoch 132 [35000/84843] Loss: 0.322616
Epoch 132 [70000/84843] Loss: 0.378922
Epoch 132 - Avg Loss: 0.334767 | Train Acc: 97.69%
Val: loss=0.4123, acc=10423/10975 (94.97%)
Epoch 133 [0/84843] Loss: 0.361487
Epoch 133 [35000/84843] Loss: 0.325302
Epoch 133 [70000/84843] Loss: 0.289246
Epoch 133 - Avg Loss: 0.332579 | Train Acc: 97.80%
Val: loss=0.4119, acc=10440/10975 (95.13%)
Epoch 134 [0/84843] Loss: 0.393659
Epoch 134 [35000/84843] Loss: 0.309907
Epoch 134 [70000/84843] Loss: 0.360983
Epoch 134 - Avg Loss: 0.333861 | Train Acc: 97.72%
Val: loss=0.4133, acc=10432/10975 (95.05%)
Epoch 135 [0/84843] Loss: 0.370305
Epoch 135 [35000/84843] Loss: 0.375083
Epoch 135 [70000/84843] Loss: 0.291186
Epoch 135 - Avg Loss: 0.331329 | Train Acc: 97.83%
Val: loss=0.4196, acc=10436/10975 (95.09%)
Epoch 136 [0/84843] Loss: 0.334040
Epoch 136 [35000/84843] Loss: 0.403821
Epoch 136 [70000/84843] Loss: 0.283281
Epoch 136 - Avg Loss: 0.334834 | Train Acc: 97.66%
Val: loss=0.4075, acc=10475/10975 (95.44%)
Epoch 137 [0/84843] Loss: 0.331315
Epoch 137 [35000/84843] Loss: 0.291713
Epoch 137 [70000/84843] Loss: 0.449449
Epoch 137 - Avg Loss: 0.331494 | Train Acc: 97.83%
Val: loss=0.4162, acc=10442/10975 (95.14%)
Epoch 138 [0/84843] Loss: 0.343454
Epoch 138 [35000/84843] Loss: 0.358622
Epoch 138 [70000/84843] Loss: 0.304766
Epoch 138 - Avg Loss: 0.332094 | Train Acc: 97.80%
Val: loss=0.4060, acc=10495/10975 (95.63%)
Epoch 139 [0/84843] Loss: 0.305204
Epoch 139 [35000/84843] Loss: 0.312365
Epoch 139 [70000/84843] Loss: 0.329988
Epoch 139 - Avg Loss: 0.333434 | Train Acc: 97.75%
Val: loss=0.4125, acc=10432/10975 (95.05%)
Epoch 140 [0/84843] Loss: 0.312065
Epoch 140 [35000/84843] Loss: 0.283819
Epoch 140 [70000/84843] Loss: 0.422225
Epoch 140 - Avg Loss: 0.332644 | Train Acc: 97.76%
Val: loss=0.4106, acc=10442/10975 (95.14%)
Epoch 141 [0/84843] Loss: 0.313543
Epoch 141 [35000/84843] Loss: 0.327072
Epoch 141 [70000/84843] Loss: 0.303759
Epoch 141 - Avg Loss: 0.329180 | Train Acc: 97.94%
Val: loss=0.4168, acc=10448/10975 (95.20%)
Epoch 142 [0/84843] Loss: 0.286013
Epoch 142 [35000/84843] Loss: 0.319711
Epoch 142 [70000/84843] Loss: 0.341009
Epoch 142 - Avg Loss: 0.330104 | Train Acc: 97.87%
Val: loss=0.4098, acc=10457/10975 (95.28%)
Epoch 143 [0/84843] Loss: 0.374016
Epoch 143 [35000/84843] Loss: 0.434095
Epoch 143 [70000/84843] Loss: 0.331064
Epoch 143 - Avg Loss: 0.331720 | Train Acc: 97.81%
Val: loss=0.4069, acc=10471/10975 (95.41%)
Epoch 144 [0/84843] Loss: 0.327585
Epoch 144 [35000/84843] Loss: 0.306225
Epoch 144 [70000/84843] Loss: 0.309099
Epoch 144 - Avg Loss: 0.331560 | Train Acc: 97.78%
Val: loss=0.4114, acc=10452/10975 (95.23%)
Epoch 145 [0/84843] Loss: 0.340944
Epoch 145 [35000/84843] Loss: 0.316857
Epoch 145 [70000/84843] Loss: 0.419978
Epoch 145 - Avg Loss: 0.330799 | Train Acc: 97.89%
Val: loss=0.4036, acc=10476/10975 (95.45%)
Epoch 146 [0/84843] Loss: 0.290898
Epoch 146 [35000/84843] Loss: 0.304577
Epoch 146 [70000/84843] Loss: 0.308472
Epoch 146 - Avg Loss: 0.330411 | Train Acc: 97.80%
Val: loss=0.4110, acc=10414/10975 (94.89%)
Epoch 147 [0/84843] Loss: 0.380344
Epoch 147 [35000/84843] Loss: 0.300766
Epoch 147 [70000/84843] Loss: 0.342555
Epoch 147 - Avg Loss: 0.330204 | Train Acc: 97.87%
Val: loss=0.4019, acc=10464/10975 (95.34%)
Epoch 148 [0/84843] Loss: 0.400215
Epoch 148 [35000/84843] Loss: 0.336759
Epoch 148 [70000/84843] Loss: 0.287987
Epoch 148 - Avg Loss: 0.330183 | Train Acc: 97.83%
Val: loss=0.4111, acc=10444/10975 (95.16%)
Epoch 149 [0/84843] Loss: 0.298461
Epoch 149 [35000/84843] Loss: 0.341419
Epoch 149 [70000/84843] Loss: 0.328950
Epoch 149 - Avg Loss: 0.328749 | Train Acc: 97.90%
Val: loss=0.4150, acc=10435/10975 (95.08%)
Epoch 150 [0/84843] Loss: 0.326521
Epoch 150 [35000/84843] Loss: 0.311303
Epoch 150 [70000/84843] Loss: 0.316698
Epoch 150 - Avg Loss: 0.329853 | Train Acc: 97.90%
Val: loss=0.4222, acc=10434/10975 (95.07%)
Epoch 151 [0/84843] Loss: 0.352696
Epoch 151 [35000/84843] Loss: 0.289705
Epoch 151 [70000/84843] Loss: 0.302026
Epoch 151 - Avg Loss: 0.329976 | Train Acc: 97.85%
Val: loss=0.4049, acc=10467/10975 (95.37%)
Epoch 152 [0/84843] Loss: 0.319232
Epoch 152 [35000/84843] Loss: 0.330415
Epoch 152 [70000/84843] Loss: 0.337547
Epoch 152 - Avg Loss: 0.329032 | Train Acc: 97.94%
Val: loss=0.4085, acc=10457/10975 (95.28%)
Epoch 153 [0/84843] Loss: 0.307375
Epoch 153 [35000/84843] Loss: 0.294769
Epoch 153 [70000/84843] Loss: 0.278477
Epoch 153 - Avg Loss: 0.327791 | Train Acc: 97.96%
Val: loss=0.4089, acc=10456/10975 (95.27%)
Epoch 154 [0/84843] Loss: 0.333333
Epoch 154 [35000/84843] Loss: 0.304142
Epoch 154 [70000/84843] Loss: 0.377010
Epoch 154 - Avg Loss: 0.328425 | Train Acc: 97.92%
Val: loss=0.4082, acc=10465/10975 (95.35%)
Epoch 155 [0/84843] Loss: 0.336044
Epoch 155 [35000/84843] Loss: 0.303359
Epoch 155 [70000/84843] Loss: 0.290288
Epoch 155 - Avg Loss: 0.327730 | Train Acc: 97.97%
Val: loss=0.4105, acc=10450/10975 (95.22%)
Epoch 156 [0/84843] Loss: 0.318972
Epoch 156 [35000/84843] Loss: 0.272792
Epoch 156 [70000/84843] Loss: 0.364992
Epoch 156 - Avg Loss: 0.329431 | Train Acc: 97.92%
Val: loss=0.4015, acc=10477/10975 (95.46%)
Epoch 157 [0/84843] Loss: 0.291899
Epoch 157 [35000/84843] Loss: 0.275329
Epoch 157 [70000/84843] Loss: 0.278812
Epoch 157 - Avg Loss: 0.326990 | Train Acc: 97.95%
Val: loss=0.4137, acc=10453/10975 (95.24%)
Epoch 158 [0/84843] Loss: 0.348208
Epoch 158 [35000/84843] Loss: 0.286960
Epoch 158 [70000/84843] Loss: 0.348046
Epoch 158 - Avg Loss: 0.327675 | Train Acc: 97.94%
Val: loss=0.4127, acc=10457/10975 (95.28%)
Epoch 159 [0/84843] Loss: 0.413050
Epoch 159 [35000/84843] Loss: 0.310331
Epoch 159 [70000/84843] Loss: 0.301696
Epoch 159 - Avg Loss: 0.327572 | Train Acc: 97.99%
Val: loss=0.3972, acc=10485/10975 (95.54%)
Epoch 160 [0/84843] Loss: 0.322888
Epoch 160 [35000/84843] Loss: 0.271295
Epoch 160 [70000/84843] Loss: 0.340909
Epoch 160 - Avg Loss: 0.328375 | Train Acc: 97.94%
Val: loss=0.4026, acc=10474/10975 (95.44%)
Epoch 161 [0/84843] Loss: 0.370766
Epoch 161 [35000/84843] Loss: 0.328073
Epoch 161 [70000/84843] Loss: 0.307336
Epoch 161 - Avg Loss: 0.328301 | Train Acc: 97.94%
Val: loss=0.4240, acc=10408/10975 (94.83%)
Epoch 162 [0/84843] Loss: 0.377703
Epoch 162 [35000/84843] Loss: 0.308161
Epoch 162 [70000/84843] Loss: 0.328888
Epoch 162 - Avg Loss: 0.327378 | Train Acc: 97.97%
Val: loss=0.4138, acc=10443/10975 (95.15%)
Epoch 163 [0/84843] Loss: 0.404725
Epoch 163 [35000/84843] Loss: 0.314682
Epoch 163 [70000/84843] Loss: 0.300275
Epoch 163 - Avg Loss: 0.327504 | Train Acc: 98.00%
Val: loss=0.3989, acc=10487/10975 (95.55%)
Epoch 164 [0/84843] Loss: 0.320464
Epoch 164 [35000/84843] Loss: 0.330815
Epoch 164 [70000/84843] Loss: 0.295331
Epoch 164 - Avg Loss: 0.326492 | Train Acc: 98.02%
Val: loss=0.4145, acc=10450/10975 (95.22%)
Epoch 165 [0/84843] Loss: 0.439085
Epoch 165 [35000/84843] Loss: 0.273245
Epoch 165 [70000/84843] Loss: 0.340366
Epoch 165 - Avg Loss: 0.326541 | Train Acc: 98.00%
Val: loss=0.4184, acc=10434/10975 (95.07%)
Epoch 166 [0/84843] Loss: 0.286360
Epoch 166 [35000/84843] Loss: 0.332573
Epoch 166 [70000/84843] Loss: 0.284708
Epoch 166 - Avg Loss: 0.326478 | Train Acc: 97.98%
Val: loss=0.4164, acc=10435/10975 (95.08%)
Epoch 167 [0/84843] Loss: 0.314946
Epoch 167 [35000/84843] Loss: 0.343825
Epoch 167 [70000/84843] Loss: 0.324961
Epoch 167 - Avg Loss: 0.326797 | Train Acc: 98.00%
Val: loss=0.4125, acc=10432/10975 (95.05%)
Epoch 168 [0/84843] Loss: 0.357796
Epoch 168 [35000/84843] Loss: 0.316245
Epoch 168 [70000/84843] Loss: 0.345530
Epoch 168 - Avg Loss: 0.324283 | Train Acc: 98.13%
Val: loss=0.4166, acc=10435/10975 (95.08%)
Epoch 169 [0/84843] Loss: 0.364249
Epoch 169 [35000/84843] Loss: 0.313072
Epoch 169 [70000/84843] Loss: 0.303075
Epoch 169 - Avg Loss: 0.325333 | Train Acc: 98.03%
Val: loss=0.4156, acc=10443/10975 (95.15%)
Epoch 170 [0/84843] Loss: 0.328968
Epoch 170 [35000/84843] Loss: 0.288878
Epoch 170 [70000/84843] Loss: 0.351427
Epoch 170 - Avg Loss: 0.323415 | Train Acc: 98.17%
Val: loss=0.4082, acc=10460/10975 (95.31%)
Epoch 171 [0/84843] Loss: 0.294507
Epoch 171 [35000/84843] Loss: 0.316662
Epoch 171 [70000/84843] Loss: 0.338563
Epoch 171 - Avg Loss: 0.325040 | Train Acc: 98.03%
Val: loss=0.4146, acc=10453/10975 (95.24%)
Epoch 172 [0/84843] Loss: 0.307262
Epoch 172 [35000/84843] Loss: 0.354470
Epoch 172 [70000/84843] Loss: 0.277020
Epoch 172 - Avg Loss: 0.325365 | Train Acc: 98.06%
Val: loss=0.4077, acc=10470/10975 (95.40%)
Epoch 173 [0/84843] Loss: 0.281716
Epoch 173 [35000/84843] Loss: 0.398505
Epoch 173 [70000/84843] Loss: 0.385263
Epoch 173 - Avg Loss: 0.324019 | Train Acc: 98.12%
Val: loss=0.4109, acc=10461/10975 (95.32%)
Epoch 174 [0/84843] Loss: 0.293773
Epoch 174 [35000/84843] Loss: 0.313831
Epoch 174 [70000/84843] Loss: 0.331240
Epoch 174 - Avg Loss: 0.325401 | Train Acc: 98.04%
Val: loss=0.4124, acc=10461/10975 (95.32%)
Epoch 175 [0/84843] Loss: 0.355211
Epoch 175 [35000/84843] Loss: 0.332803
Epoch 175 [70000/84843] Loss: 0.367832
Epoch 175 - Avg Loss: 0.324185 | Train Acc: 98.12%
Val: loss=0.4136, acc=10456/10975 (95.27%)
Epoch 176 [0/84843] Loss: 0.313326
Epoch 176 [35000/84843] Loss: 0.303978
Epoch 176 [70000/84843] Loss: 0.277404
Epoch 176 - Avg Loss: 0.325131 | Train Acc: 98.06%
Val: loss=0.4167, acc=10417/10975 (94.92%)
Epoch 177 [0/84843] Loss: 0.283116
Epoch 177 [35000/84843] Loss: 0.402733
Epoch 177 [70000/84843] Loss: 0.370626
Epoch 177 - Avg Loss: 0.322502 | Train Acc: 98.17%
Val: loss=0.4157, acc=10437/10975 (95.10%)
Epoch 178 [0/84843] Loss: 0.368929
Epoch 178 [35000/84843] Loss: 0.288946
Epoch 178 [70000/84843] Loss: 0.276595
Epoch 178 - Avg Loss: 0.320625 | Train Acc: 98.24%
Val: loss=0.4137, acc=10439/10975 (95.12%)
Epoch 179 [0/84843] Loss: 0.273628
Epoch 179 [35000/84843] Loss: 0.275749
Epoch 179 [70000/84843] Loss: 0.380583
Epoch 179 - Avg Loss: 0.322693 | Train Acc: 98.17%
Val: loss=0.4116, acc=10467/10975 (95.37%)
Epoch 180 [0/84843] Loss: 0.281202
Epoch 180 [35000/84843] Loss: 0.302096
Epoch 180 [70000/84843] Loss: 0.347462
Epoch 180 - Avg Loss: 0.324207 | Train Acc: 98.09%
Val: loss=0.4124, acc=10468/10975 (95.38%)
Epoch 181 [0/84843] Loss: 0.332360
Epoch 181 [35000/84843] Loss: 0.323417
Epoch 181 [70000/84843] Loss: 0.332723
Epoch 181 - Avg Loss: 0.323924 | Train Acc: 98.12%
Val: loss=0.4127, acc=10460/10975 (95.31%)
Epoch 182 [0/84843] Loss: 0.344953
Epoch 182 [35000/84843] Loss: 0.339547
Epoch 182 [70000/84843] Loss: 0.354789
Epoch 182 - Avg Loss: 0.322945 | Train Acc: 98.14%
Val: loss=0.4096, acc=10479/10975 (95.48%)
Epoch 183 [0/84843] Loss: 0.304492
Epoch 183 [35000/84843] Loss: 0.292630
Epoch 183 [70000/84843] Loss: 0.339645
Epoch 183 - Avg Loss: 0.323233 | Train Acc: 98.16%
Val: loss=0.4066, acc=10454/10975 (95.25%)
Epoch 184 [0/84843] Loss: 0.291301
Epoch 184 [35000/84843] Loss: 0.310208
Epoch 184 [70000/84843] Loss: 0.345960
Epoch 184 - Avg Loss: 0.324383 | Train Acc: 98.12%
Val: loss=0.4126, acc=10458/10975 (95.29%)
Epoch 185 [0/84843] Loss: 0.282434
Epoch 185 [35000/84843] Loss: 0.330800
Epoch 185 [70000/84843] Loss: 0.290651
Epoch 185 - Avg Loss: 0.323009 | Train Acc: 98.14%
Val: loss=0.4054, acc=10481/10975 (95.50%)
Epoch 186 [0/84843] Loss: 0.321581
Epoch 186 [35000/84843] Loss: 0.298242
Epoch 186 [70000/84843] Loss: 0.319011
Epoch 186 - Avg Loss: 0.322920 | Train Acc: 98.10%
Val: loss=0.4078, acc=10457/10975 (95.28%)
Epoch 187 [0/84843] Loss: 0.337601
Epoch 187 [35000/84843] Loss: 0.327829
Epoch 187 [70000/84843] Loss: 0.310221
Epoch 187 - Avg Loss: 0.322107 | Train Acc: 98.19%
Val: loss=0.4128, acc=10440/10975 (95.13%)
Epoch 188 [0/84843] Loss: 0.314983
Epoch 188 [35000/84843] Loss: 0.305827
Epoch 188 [70000/84843] Loss: 0.316393
Epoch 188 - Avg Loss: 0.321824 | Train Acc: 98.16%
Val: loss=0.4100, acc=10440/10975 (95.13%)
Epoch 189 [0/84843] Loss: 0.296571
Epoch 189 [35000/84843] Loss: 0.326638
Epoch 189 [70000/84843] Loss: 0.301651
Epoch 189 - Avg Loss: 0.321199 | Train Acc: 98.21%
Val: loss=0.4159, acc=10440/10975 (95.13%)
Epoch 190 [0/84843] Loss: 0.298160
Epoch 190 [35000/84843] Loss: 0.290580
Epoch 190 [70000/84843] Loss: 0.325904
Epoch 190 - Avg Loss: 0.322851 | Train Acc: 98.16%
Val: loss=0.4067, acc=10480/10975 (95.49%)
Epoch 191 [0/84843] Loss: 0.279442
Epoch 191 [35000/84843] Loss: 0.307728
Epoch 191 [70000/84843] Loss: 0.287185
Epoch 191 - Avg Loss: 0.320488 | Train Acc: 98.23%
Val: loss=0.4032, acc=10470/10975 (95.40%)
Epoch 192 [0/84843] Loss: 0.314382
Epoch 192 [35000/84843] Loss: 0.404552
Epoch 192 [70000/84843] Loss: 0.295399
Epoch 192 - Avg Loss: 0.319782 | Train Acc: 98.27%
Val: loss=0.4138, acc=10451/10975 (95.23%)
Epoch 193 [0/84843] Loss: 0.305150
Epoch 193 [35000/84843] Loss: 0.302143
Epoch 193 [70000/84843] Loss: 0.276729
Epoch 193 - Avg Loss: 0.319888 | Train Acc: 98.27%
Val: loss=0.4117, acc=10457/10975 (95.28%)
Epoch 194 [0/84843] Loss: 0.344449
Epoch 194 [35000/84843] Loss: 0.315399
Epoch 194 [70000/84843] Loss: 0.274089
Epoch 194 - Avg Loss: 0.318599 | Train Acc: 98.33%
Val: loss=0.4055, acc=10483/10975 (95.52%)
Epoch 195 [0/84843] Loss: 0.293572
Epoch 195 [35000/84843] Loss: 0.354320
Epoch 195 [70000/84843] Loss: 0.283639
Epoch 195 - Avg Loss: 0.319432 | Train Acc: 98.28%
Val: loss=0.4131, acc=10463/10975 (95.33%)
Epoch 196 [0/84843] Loss: 0.290555
Epoch 196 [35000/84843] Loss: 0.351969
Epoch 196 [70000/84843] Loss: 0.324979
Epoch 196 - Avg Loss: 0.320207 | Train Acc: 98.25%
Val: loss=0.4135, acc=10448/10975 (95.20%)
Epoch 197 [0/84843] Loss: 0.382750
Epoch 197 [35000/84843] Loss: 0.328153
Epoch 197 [70000/84843] Loss: 0.276672
Epoch 197 - Avg Loss: 0.319414 | Train Acc: 98.30%
Val: loss=0.4080, acc=10466/10975 (95.36%)
Epoch 198 [0/84843] Loss: 0.300357
Epoch 198 [35000/84843] Loss: 0.318976
Epoch 198 [70000/84843] Loss: 0.285469
Epoch 198 - Avg Loss: 0.320718 | Train Acc: 98.20%
Val: loss=0.4044, acc=10492/10975 (95.60%)
Epoch 199 [0/84843] Loss: 0.317550
Epoch 199 [35000/84843] Loss: 0.362440
Epoch 199 [70000/84843] Loss: 0.289693
Epoch 199 - Avg Loss: 0.318830 | Train Acc: 98.30%
Val: loss=0.4028, acc=10498/10975 (95.65%)
Epoch 200 [0/84843] Loss: 0.315741
Epoch 200 [35000/84843] Loss: 0.333595
Epoch 200 [70000/84843] Loss: 0.276866
Epoch 200 - Avg Loss: 0.318781 | Train Acc: 98.31%
Val: loss=0.4073, acc=10470/10975 (95.40%)
Epoch 201 [0/84843] Loss: 0.271140
Epoch 201 [35000/84843] Loss: 0.288905
Epoch 201 [70000/84843] Loss: 0.346967
Epoch 201 - Avg Loss: 0.319267 | Train Acc: 98.29%
Val: loss=0.4033, acc=10497/10975 (95.64%)
Epoch 202 [0/84843] Loss: 0.296389
Epoch 202 [35000/84843] Loss: 0.278075
Epoch 202 [70000/84843] Loss: 0.329482
Epoch 202 - Avg Loss: 0.319072 | Train Acc: 98.25%
Val: loss=0.4074, acc=10447/10975 (95.19%)
Epoch 203 [0/84843] Loss: 0.324851
Epoch 203 [35000/84843] Loss: 0.303964
Epoch 203 [70000/84843] Loss: 0.294415
Epoch 203 - Avg Loss: 0.317823 | Train Acc: 98.35%
Val: loss=0.4067, acc=10460/10975 (95.31%)
Epoch 204 [0/84843] Loss: 0.318611
Epoch 204 [35000/84843] Loss: 0.280978
Epoch 204 [70000/84843] Loss: 0.331459
Epoch 204 - Avg Loss: 0.319054 | Train Acc: 98.27%
Val: loss=0.4092, acc=10458/10975 (95.29%)
Epoch 205 [0/84843] Loss: 0.309898
Epoch 205 [35000/84843] Loss: 0.290997
Epoch 205 [70000/84843] Loss: 0.290095
Epoch 205 - Avg Loss: 0.318046 | Train Acc: 98.33%
Val: loss=0.4141, acc=10440/10975 (95.13%)
Epoch 206 [0/84843] Loss: 0.299781
Epoch 206 [35000/84843] Loss: 0.335004
Epoch 206 [70000/84843] Loss: 0.341793
Epoch 206 - Avg Loss: 0.317517 | Train Acc: 98.35%
Val: loss=0.4106, acc=10468/10975 (95.38%)
Epoch 207 [0/84843] Loss: 0.279059
Epoch 207 [35000/84843] Loss: 0.280455
Epoch 207 [70000/84843] Loss: 0.380611
Epoch 207 - Avg Loss: 0.317304 | Train Acc: 98.34%
Val: loss=0.4078, acc=10478/10975 (95.47%)
Epoch 208 [0/84843] Loss: 0.316112
Epoch 208 [35000/84843] Loss: 0.273663
Epoch 208 [70000/84843] Loss: 0.355912
Epoch 208 - Avg Loss: 0.318943 | Train Acc: 98.27%
Val: loss=0.4044, acc=10487/10975 (95.55%)
Epoch 209 [0/84843] Loss: 0.313338
Epoch 209 [35000/84843] Loss: 0.318997
Epoch 209 [70000/84843] Loss: 0.296925
Epoch 209 - Avg Loss: 0.318700 | Train Acc: 98.32%
Val: loss=0.4193, acc=10422/10975 (94.96%)
Epoch 210 [0/84843] Loss: 0.326332
Epoch 210 [35000/84843] Loss: 0.344018
Epoch 210 [70000/84843] Loss: 0.363341
Epoch 210 - Avg Loss: 0.317404 | Train Acc: 98.39%
Val: loss=0.4176, acc=10436/10975 (95.09%)
Epoch 211 [0/84843] Loss: 0.275729
Epoch 211 [35000/84843] Loss: 0.284520
Epoch 211 [70000/84843] Loss: 0.294139
Epoch 211 - Avg Loss: 0.316212 | Train Acc: 98.41%
Val: loss=0.4064, acc=10469/10975 (95.39%)
Epoch 212 [0/84843] Loss: 0.331133
Epoch 212 [35000/84843] Loss: 0.273268
Epoch 212 [70000/84843] Loss: 0.281370
Epoch 212 - Avg Loss: 0.316963 | Train Acc: 98.37%
Val: loss=0.4139, acc=10453/10975 (95.24%)
Epoch 213 [0/84843] Loss: 0.326303
Epoch 213 [35000/84843] Loss: 0.353535
Epoch 213 [70000/84843] Loss: 0.297623
Epoch 213 - Avg Loss: 0.316863 | Train Acc: 98.37%
Val: loss=0.4118, acc=10456/10975 (95.27%)
Epoch 214 [0/84843] Loss: 0.396334
Epoch 214 [35000/84843] Loss: 0.342307
Epoch 214 [70000/84843] Loss: 0.463052
Epoch 214 - Avg Loss: 0.316978 | Train Acc: 98.38%
Val: loss=0.4100, acc=10464/10975 (95.34%)
Epoch 215 [0/84843] Loss: 0.284716
Epoch 215 [35000/84843] Loss: 0.281310
Epoch 215 [70000/84843] Loss: 0.287079
Epoch 215 - Avg Loss: 0.313504 | Train Acc: 98.50%
Val: loss=0.4113, acc=10469/10975 (95.39%)
Epoch 216 [0/84843] Loss: 0.321322
Epoch 216 [35000/84843] Loss: 0.290916
Epoch 216 [70000/84843] Loss: 0.287962
Epoch 216 - Avg Loss: 0.315855 | Train Acc: 98.38%
Val: loss=0.4109, acc=10465/10975 (95.35%)
Epoch 217 [0/84843] Loss: 0.412306
Epoch 217 [35000/84843] Loss: 0.280012
Epoch 217 [70000/84843] Loss: 0.320553
Epoch 217 - Avg Loss: 0.314947 | Train Acc: 98.42%
Val: loss=0.4091, acc=10479/10975 (95.48%)
Epoch 218 [0/84843] Loss: 0.327474
Epoch 218 [35000/84843] Loss: 0.286459
Epoch 218 [70000/84843] Loss: 0.305068
Epoch 218 - Avg Loss: 0.316512 | Train Acc: 98.40%
Val: loss=0.4125, acc=10456/10975 (95.27%)
Epoch 219 [0/84843] Loss: 0.366938
Epoch 219 [35000/84843] Loss: 0.321326
Epoch 219 [70000/84843] Loss: 0.320890
Epoch 219 - Avg Loss: 0.314534 | Train Acc: 98.46%
Val: loss=0.4121, acc=10458/10975 (95.29%)
Epoch 220 [0/84843] Loss: 0.359951
Epoch 220 [35000/84843] Loss: 0.309065
Epoch 220 [70000/84843] Loss: 0.281797
Epoch 220 - Avg Loss: 0.314301 | Train Acc: 98.47%
Val: loss=0.4128, acc=10448/10975 (95.20%)
Epoch 221 [0/84843] Loss: 0.325715
Epoch 221 [35000/84843] Loss: 0.323234
Epoch 221 [70000/84843] Loss: 0.386820
Epoch 221 - Avg Loss: 0.315444 | Train Acc: 98.41%
Val: loss=0.4122, acc=10466/10975 (95.36%)
Epoch 222 [0/84843] Loss: 0.313159
Epoch 222 [35000/84843] Loss: 0.396813
Epoch 222 [70000/84843] Loss: 0.319651
Epoch 222 - Avg Loss: 0.315115 | Train Acc: 98.44%
Val: loss=0.4147, acc=10427/10975 (95.01%)
Epoch 223 [0/84843] Loss: 0.351799
Epoch 223 [35000/84843] Loss: 0.280445
Epoch 223 [70000/84843] Loss: 0.285061
Epoch 223 - Avg Loss: 0.314234 | Train Acc: 98.48%
Val: loss=0.4077, acc=10468/10975 (95.38%)
Epoch 224 [0/84843] Loss: 0.311521
Epoch 224 [35000/84843] Loss: 0.332331
Epoch 224 [70000/84843] Loss: 0.285083
Epoch 224 - Avg Loss: 0.313083 | Train Acc: 98.51%
Val: loss=0.4135, acc=10446/10975 (95.18%)
Epoch 225 [0/84843] Loss: 0.330810
Epoch 225 [35000/84843] Loss: 0.305395
Epoch 225 [70000/84843] Loss: 0.272815
Epoch 225 - Avg Loss: 0.314667 | Train Acc: 98.47%
Val: loss=0.4064, acc=10474/10975 (95.44%)
Epoch 226 [0/84843] Loss: 0.313111
Epoch 226 [35000/84843] Loss: 0.293944
Epoch 226 [70000/84843] Loss: 0.308526
Epoch 226 - Avg Loss: 0.314759 | Train Acc: 98.44%
Val: loss=0.4067, acc=10493/10975 (95.61%)
Epoch 227 [0/84843] Loss: 0.283524
Epoch 227 [35000/84843] Loss: 0.316989
Epoch 227 [70000/84843] Loss: 0.283270
Epoch 227 - Avg Loss: 0.313004 | Train Acc: 98.51%
Val: loss=0.4090, acc=10466/10975 (95.36%)
Epoch 228 [0/84843] Loss: 0.277789
Epoch 228 [35000/84843] Loss: 0.280190
Epoch 228 [70000/84843] Loss: 0.284155
Epoch 228 - Avg Loss: 0.312644 | Train Acc: 98.55%
Val: loss=0.4052, acc=10486/10975 (95.54%)
Epoch 229 [0/84843] Loss: 0.313561
Epoch 229 [35000/84843] Loss: 0.328750
Epoch 229 [70000/84843] Loss: 0.296943
Epoch 229 - Avg Loss: 0.312815 | Train Acc: 98.52%
Val: loss=0.4058, acc=10479/10975 (95.48%)
Epoch 230 [0/84843] Loss: 0.384707
Epoch 230 [35000/84843] Loss: 0.402591
Epoch 230 [70000/84843] Loss: 0.315641
Epoch 230 - Avg Loss: 0.313720 | Train Acc: 98.50%
Val: loss=0.4105, acc=10466/10975 (95.36%)
Epoch 231 [0/84843] Loss: 0.285274
Epoch 231 [35000/84843] Loss: 0.275001
Epoch 231 [70000/84843] Loss: 0.277559
Epoch 231 - Avg Loss: 0.312776 | Train Acc: 98.53%
Val: loss=0.4087, acc=10493/10975 (95.61%)
Epoch 232 [0/84843] Loss: 0.308983
Epoch 232 [35000/84843] Loss: 0.336700
Epoch 232 [70000/84843] Loss: 0.333297
Epoch 232 - Avg Loss: 0.312438 | Train Acc: 98.53%
Val: loss=0.4056, acc=10492/10975 (95.60%)
Epoch 233 [0/84843] Loss: 0.299864
Epoch 233 [35000/84843] Loss: 0.330196
Epoch 233 [70000/84843] Loss: 0.305321
Epoch 233 - Avg Loss: 0.310720 | Train Acc: 98.60%
Val: loss=0.4160, acc=10444/10975 (95.16%)
Epoch 234 [0/84843] Loss: 0.299567
Epoch 234 [35000/84843] Loss: 0.279782
Epoch 234 [70000/84843] Loss: 0.309083
Epoch 234 - Avg Loss: 0.311034 | Train Acc: 98.58%
Val: loss=0.4123, acc=10477/10975 (95.46%)
Epoch 235 [0/84843] Loss: 0.342328
Epoch 235 [35000/84843] Loss: 0.280079
Epoch 235 [70000/84843] Loss: 0.359020
Epoch 235 - Avg Loss: 0.313063 | Train Acc: 98.52%
Val: loss=0.4110, acc=10460/10975 (95.31%)
Epoch 236 [0/84843] Loss: 0.289309
Epoch 236 [35000/84843] Loss: 0.284664
Epoch 236 [70000/84843] Loss: 0.284526
Epoch 236 - Avg Loss: 0.311429 | Train Acc: 98.59%
Val: loss=0.4100, acc=10464/10975 (95.34%)
Epoch 237 [0/84843] Loss: 0.289615
Epoch 237 [35000/84843] Loss: 0.286221
Epoch 237 [70000/84843] Loss: 0.305228
Epoch 237 - Avg Loss: 0.312410 | Train Acc: 98.56%
Val: loss=0.4124, acc=10462/10975 (95.33%)
Epoch 238 [0/84843] Loss: 0.332061
Epoch 238 [35000/84843] Loss: 0.272400
Epoch 238 [70000/84843] Loss: 0.385216
Epoch 238 - Avg Loss: 0.311087 | Train Acc: 98.59%
Val: loss=0.4091, acc=10480/10975 (95.49%)
Epoch 239 [0/84843] Loss: 0.308964
Epoch 239 [35000/84843] Loss: 0.337198
Epoch 239 [70000/84843] Loss: 0.310822
Epoch 239 - Avg Loss: 0.311529 | Train Acc: 98.58%
Val: loss=0.4096, acc=10465/10975 (95.35%)
Epoch 240 [0/84843] Loss: 0.358126
Epoch 240 [35000/84843] Loss: 0.276917
Epoch 240 [70000/84843] Loss: 0.363151
Epoch 240 - Avg Loss: 0.309738 | Train Acc: 98.64%
Val: loss=0.4071, acc=10490/10975 (95.58%)
Epoch 241 [0/84843] Loss: 0.311485
Epoch 241 [35000/84843] Loss: 0.372314
Epoch 241 [70000/84843] Loss: 0.279674
Epoch 241 - Avg Loss: 0.310636 | Train Acc: 98.58%
Val: loss=0.4069, acc=10480/10975 (95.49%)
Epoch 242 [0/84843] Loss: 0.337451
Epoch 242 [35000/84843] Loss: 0.304723
Epoch 242 [70000/84843] Loss: 0.286538
Epoch 242 - Avg Loss: 0.310462 | Train Acc: 98.62%
Val: loss=0.4065, acc=10497/10975 (95.64%)
Epoch 243 [0/84843] Loss: 0.373608
Epoch 243 [35000/84843] Loss: 0.330342
Epoch 243 [70000/84843] Loss: 0.325903
Epoch 243 - Avg Loss: 0.310409 | Train Acc: 98.60%
Val: loss=0.4094, acc=10482/10975 (95.51%)
Epoch 244 [0/84843] Loss: 0.296045
Epoch 244 [35000/84843] Loss: 0.281842
Epoch 244 [70000/84843] Loss: 0.378090
Epoch 244 - Avg Loss: 0.311916 | Train Acc: 98.57%
Val: loss=0.4111, acc=10474/10975 (95.44%)
Epoch 245 [0/84843] Loss: 0.314167
Epoch 245 [35000/84843] Loss: 0.289013
Epoch 245 [70000/84843] Loss: 0.303795
Epoch 245 - Avg Loss: 0.309308 | Train Acc: 98.65%
Val: loss=0.4094, acc=10465/10975 (95.35%)
Epoch 246 [0/84843] Loss: 0.311790
Epoch 246 [35000/84843] Loss: 0.274445
Epoch 246 [70000/84843] Loss: 0.296993
Epoch 246 - Avg Loss: 0.309297 | Train Acc: 98.64%
Val: loss=0.4151, acc=10454/10975 (95.25%)
Epoch 247 [0/84843] Loss: 0.288103
Epoch 247 [35000/84843] Loss: 0.374593
Epoch 247 [70000/84843] Loss: 0.282160
Epoch 247 - Avg Loss: 0.307950 | Train Acc: 98.68%
Val: loss=0.4097, acc=10475/10975 (95.44%)
Epoch 248 [0/84843] Loss: 0.327524
Epoch 248 [35000/84843] Loss: 0.282132
Epoch 248 [70000/84843] Loss: 0.316848
Epoch 248 - Avg Loss: 0.309600 | Train Acc: 98.64%
Val: loss=0.4136, acc=10460/10975 (95.31%)
Epoch 249 [0/84843] Loss: 0.276810
Epoch 249 [35000/84843] Loss: 0.333474
Epoch 249 [70000/84843] Loss: 0.321497
Epoch 249 - Avg Loss: 0.307996 | Train Acc: 98.70%
Val: loss=0.4097, acc=10481/10975 (95.50%)
Epoch 250 [0/84843] Loss: 0.332063
Epoch 250 [35000/84843] Loss: 0.294699
Epoch 250 [70000/84843] Loss: 0.297214
Epoch 250 - Avg Loss: 0.309051 | Train Acc: 98.67%
Val: loss=0.4098, acc=10471/10975 (95.41%)
Epoch 251 [0/84843] Loss: 0.319385
Epoch 251 [35000/84843] Loss: 0.317338
Epoch 251 [70000/84843] Loss: 0.294837
Epoch 251 - Avg Loss: 0.308430 | Train Acc: 98.71%
Val: loss=0.4114, acc=10482/10975 (95.51%)
Epoch 252 [0/84843] Loss: 0.277599
Epoch 252 [35000/84843] Loss: 0.309842
Epoch 252 [70000/84843] Loss: 0.339147
Epoch 252 - Avg Loss: 0.308877 | Train Acc: 98.65%
Val: loss=0.4078, acc=10491/10975 (95.59%)
Epoch 253 [0/84843] Loss: 0.328403
Epoch 253 [35000/84843] Loss: 0.301340
Epoch 253 [70000/84843] Loss: 0.304488
Epoch 253 - Avg Loss: 0.309251 | Train Acc: 98.63%
Val: loss=0.4073, acc=10475/10975 (95.44%)
Epoch 254 [0/84843] Loss: 0.301111
Epoch 254 [35000/84843] Loss: 0.303855
Epoch 254 [70000/84843] Loss: 0.281576
Epoch 254 - Avg Loss: 0.307626 | Train Acc: 98.74%
Val: loss=0.4092, acc=10481/10975 (95.50%)
Epoch 255 [0/84843] Loss: 0.278523
Epoch 255 [35000/84843] Loss: 0.311202
Epoch 255 [70000/84843] Loss: 0.298592
Epoch 255 - Avg Loss: 0.307857 | Train Acc: 98.73%
Val: loss=0.4149, acc=10463/10975 (95.33%)
Epoch 256 [0/84843] Loss: 0.295721
Epoch 256 [35000/84843] Loss: 0.319762
Epoch 256 [70000/84843] Loss: 0.348530
Epoch 256 - Avg Loss: 0.309005 | Train Acc: 98.67%
Val: loss=0.4133, acc=10461/10975 (95.32%)
Epoch 257 [0/84843] Loss: 0.320933
Epoch 257 [35000/84843] Loss: 0.274893
Epoch 257 [70000/84843] Loss: 0.322422
Epoch 257 - Avg Loss: 0.307144 | Train Acc: 98.75%
Val: loss=0.4182, acc=10455/10975 (95.26%)
Epoch 258 [0/84843] Loss: 0.287494
Epoch 258 [35000/84843] Loss: 0.278593
Epoch 258 [70000/84843] Loss: 0.272809
Epoch 258 - Avg Loss: 0.306874 | Train Acc: 98.75%
Val: loss=0.4110, acc=10461/10975 (95.32%)
Epoch 259 [0/84843] Loss: 0.277379
Epoch 259 [35000/84843] Loss: 0.288392
Epoch 259 [70000/84843] Loss: 0.287844
Epoch 259 - Avg Loss: 0.307163 | Train Acc: 98.74%
Val: loss=0.4093, acc=10485/10975 (95.54%)
Epoch 260 [0/84843] Loss: 0.302341
Epoch 260 [35000/84843] Loss: 0.272650
Epoch 260 [70000/84843] Loss: 0.280851
Epoch 260 - Avg Loss: 0.306018 | Train Acc: 98.78%
Val: loss=0.4044, acc=10501/10975 (95.68%)
Epoch 261 [0/84843] Loss: 0.293427
Epoch 261 [35000/84843] Loss: 0.329507
Epoch 261 [70000/84843] Loss: 0.288645
Epoch 261 - Avg Loss: 0.306140 | Train Acc: 98.75%
Val: loss=0.4064, acc=10495/10975 (95.63%)
Epoch 262 [0/84843] Loss: 0.282925
Epoch 262 [35000/84843] Loss: 0.391774
Epoch 262 [70000/84843] Loss: 0.284944
Epoch 262 - Avg Loss: 0.306899 | Train Acc: 98.76%
Val: loss=0.4089, acc=10487/10975 (95.55%)
Epoch 263 [0/84843] Loss: 0.277310
Epoch 263 [35000/84843] Loss: 0.304194
Epoch 263 [70000/84843] Loss: 0.355791
Epoch 263 - Avg Loss: 0.305870 | Train Acc: 98.77%
Val: loss=0.4074, acc=10491/10975 (95.59%)
Epoch 264 [0/84843] Loss: 0.272662
Epoch 264 [35000/84843] Loss: 0.312856
Epoch 264 [70000/84843] Loss: 0.280304
Epoch 264 - Avg Loss: 0.305097 | Train Acc: 98.83%
Val: loss=0.4134, acc=10469/10975 (95.39%)
Epoch 265 [0/84843] Loss: 0.304829
Epoch 265 [35000/84843] Loss: 0.271274
Epoch 265 [70000/84843] Loss: 0.274579
Epoch 265 - Avg Loss: 0.305975 | Train Acc: 98.82%
Val: loss=0.4098, acc=10487/10975 (95.55%)
Epoch 266 [0/84843] Loss: 0.274616
Epoch 266 [35000/84843] Loss: 0.279711
Epoch 266 [70000/84843] Loss: 0.312291
Epoch 266 - Avg Loss: 0.305716 | Train Acc: 98.78%
Val: loss=0.4125, acc=10478/10975 (95.47%)
Epoch 267 [0/84843] Loss: 0.278278
Epoch 267 [35000/84843] Loss: 0.286728
Epoch 267 [70000/84843] Loss: 0.290391
Epoch 267 - Avg Loss: 0.304633 | Train Acc: 98.84%
Val: loss=0.4078, acc=10478/10975 (95.47%)
Epoch 268 [0/84843] Loss: 0.288546
Epoch 268 [35000/84843] Loss: 0.424930
Epoch 268 [70000/84843] Loss: 0.317141
Epoch 268 - Avg Loss: 0.304218 | Train Acc: 98.85%
Val: loss=0.4152, acc=10459/10975 (95.30%)
Epoch 269 [0/84843] Loss: 0.322704
Epoch 269 [35000/84843] Loss: 0.349471
Epoch 269 [70000/84843] Loss: 0.331816
Epoch 269 - Avg Loss: 0.304833 | Train Acc: 98.78%
Val: loss=0.4158, acc=10466/10975 (95.36%)
Epoch 270 [0/84843] Loss: 0.281850
Epoch 270 [35000/84843] Loss: 0.365236
Epoch 270 [70000/84843] Loss: 0.277931
Epoch 270 - Avg Loss: 0.305042 | Train Acc: 98.80%
Val: loss=0.4101, acc=10473/10975 (95.43%)
Epoch 271 [0/84843] Loss: 0.271581
Epoch 271 [35000/84843] Loss: 0.323127
Epoch 271 [70000/84843] Loss: 0.300526
Epoch 271 - Avg Loss: 0.303688 | Train Acc: 98.89%
Val: loss=0.4053, acc=10492/10975 (95.60%)
Epoch 272 [0/84843] Loss: 0.289935
Epoch 272 [35000/84843] Loss: 0.281233
Epoch 272 [70000/84843] Loss: 0.276215
Epoch 272 - Avg Loss: 0.305538 | Train Acc: 98.79%
Val: loss=0.4128, acc=10478/10975 (95.47%)
Epoch 273 [0/84843] Loss: 0.290503
Epoch 273 [35000/84843] Loss: 0.273113
Epoch 273 [70000/84843] Loss: 0.299413
Epoch 273 - Avg Loss: 0.303714 | Train Acc: 98.86%
Val: loss=0.4142, acc=10476/10975 (95.45%)
Epoch 274 [0/84843] Loss: 0.276201
Epoch 274 [35000/84843] Loss: 0.273096
Epoch 274 [70000/84843] Loss: 0.348015
Epoch 274 - Avg Loss: 0.304593 | Train Acc: 98.84%
Val: loss=0.4114, acc=10465/10975 (95.35%)
Epoch 275 [0/84843] Loss: 0.371404
Epoch 275 [35000/84843] Loss: 0.275976
Epoch 275 [70000/84843] Loss: 0.371883
Epoch 275 - Avg Loss: 0.303719 | Train Acc: 98.85%
Val: loss=0.4106, acc=10481/10975 (95.50%)
Epoch 276 [0/84843] Loss: 0.303293
Epoch 276 [35000/84843] Loss: 0.279012
Epoch 276 [70000/84843] Loss: 0.366323
Epoch 276 - Avg Loss: 0.303972 | Train Acc: 98.85%
Val: loss=0.4125, acc=10464/10975 (95.34%)
Epoch 277 [0/84843] Loss: 0.314792
Epoch 277 [35000/84843] Loss: 0.297008
Epoch 277 [70000/84843] Loss: 0.316834
Epoch 277 - Avg Loss: 0.303074 | Train Acc: 98.90%
Val: loss=0.4120, acc=10483/10975 (95.52%)
Epoch 278 [0/84843] Loss: 0.276299
Epoch 278 [35000/84843] Loss: 0.272174
Epoch 278 [70000/84843] Loss: 0.342514
Epoch 278 - Avg Loss: 0.303704 | Train Acc: 98.84%
Val: loss=0.4098, acc=10476/10975 (95.45%)
Epoch 279 [0/84843] Loss: 0.305243
Epoch 279 [35000/84843] Loss: 0.272404
Epoch 279 [70000/84843] Loss: 0.276425
Epoch 279 - Avg Loss: 0.302074 | Train Acc: 98.92%
Val: loss=0.4119, acc=10475/10975 (95.44%)
Epoch 280 [0/84843] Loss: 0.289507
Epoch 280 [35000/84843] Loss: 0.276923
Epoch 280 [70000/84843] Loss: 0.271012
Epoch 280 - Avg Loss: 0.302139 | Train Acc: 98.94%
Val: loss=0.4063, acc=10491/10975 (95.59%)
Epoch 281 [0/84843] Loss: 0.316619
Epoch 281 [35000/84843] Loss: 0.319231
Epoch 281 [70000/84843] Loss: 0.329432
Epoch 281 - Avg Loss: 0.303322 | Train Acc: 98.88%
Val: loss=0.4118, acc=10466/10975 (95.36%)
Epoch 282 [0/84843] Loss: 0.276265
Epoch 282 [35000/84843] Loss: 0.277011
Epoch 282 [70000/84843] Loss: 0.282114
Epoch 282 - Avg Loss: 0.301905 | Train Acc: 98.92%
Val: loss=0.4101, acc=10490/10975 (95.58%)
Epoch 283 [0/84843] Loss: 0.325451
Epoch 283 [35000/84843] Loss: 0.283352
Epoch 283 [70000/84843] Loss: 0.289974
Epoch 283 - Avg Loss: 0.303220 | Train Acc: 98.87%
Val: loss=0.4108, acc=10488/10975 (95.56%)
Epoch 284 [0/84843] Loss: 0.280830
Epoch 284 [35000/84843] Loss: 0.269450
Epoch 284 [70000/84843] Loss: 0.279968
Epoch 284 - Avg Loss: 0.301392 | Train Acc: 98.97%
Val: loss=0.4127, acc=10472/10975 (95.42%)
Epoch 285 [0/84843] Loss: 0.278121
Epoch 285 [35000/84843] Loss: 0.286644
Epoch 285 [70000/84843] Loss: 0.278437
Epoch 285 - Avg Loss: 0.301746 | Train Acc: 98.96%
Val: loss=0.4079, acc=10493/10975 (95.61%)
Epoch 286 [0/84843] Loss: 0.273758
Epoch 286 [35000/84843] Loss: 0.314794
Epoch 286 [70000/84843] Loss: 0.310891
Epoch 286 - Avg Loss: 0.301765 | Train Acc: 98.97%
Val: loss=0.4098, acc=10492/10975 (95.60%)
Epoch 287 [0/84843] Loss: 0.286026
Epoch 287 [35000/84843] Loss: 0.278504
Epoch 287 [70000/84843] Loss: 0.329659
Epoch 287 - Avg Loss: 0.302430 | Train Acc: 98.92%
Val: loss=0.4084, acc=10500/10975 (95.67%)
Epoch 288 [0/84843] Loss: 0.282864
Epoch 288 [35000/84843] Loss: 0.276686
Epoch 288 [70000/84843] Loss: 0.327858
Epoch 288 - Avg Loss: 0.301885 | Train Acc: 98.92%
Val: loss=0.4095, acc=10484/10975 (95.53%)
Epoch 289 [0/84843] Loss: 0.369146
Epoch 289 [35000/84843] Loss: 0.280700
Epoch 289 [70000/84843] Loss: 0.285345
Epoch 289 - Avg Loss: 0.301401 | Train Acc: 98.97%
Val: loss=0.4062, acc=10491/10975 (95.59%)
Epoch 290 [0/84843] Loss: 0.275841
Epoch 290 [35000/84843] Loss: 0.280336
Epoch 290 [70000/84843] Loss: 0.273572
Epoch 290 - Avg Loss: 0.301986 | Train Acc: 98.93%
Val: loss=0.4111, acc=10504/10975 (95.71%)
Epoch 291 [0/84843] Loss: 0.298546
Epoch 291 [35000/84843] Loss: 0.283943
Epoch 291 [70000/84843] Loss: 0.273601
Epoch 291 - Avg Loss: 0.301776 | Train Acc: 98.96%
Val: loss=0.4141, acc=10479/10975 (95.48%)
Epoch 292 [0/84843] Loss: 0.281816
Epoch 292 [35000/84843] Loss: 0.272076
Epoch 292 [70000/84843] Loss: 0.297437
Epoch 292 - Avg Loss: 0.301120 | Train Acc: 98.96%
Val: loss=0.4076, acc=10504/10975 (95.71%)
Epoch 293 [0/84843] Loss: 0.325796
Epoch 293 [35000/84843] Loss: 0.277141
Epoch 293 [70000/84843] Loss: 0.309173
Epoch 293 - Avg Loss: 0.300774 | Train Acc: 98.97%
Val: loss=0.4108, acc=10487/10975 (95.55%)
Epoch 294 [0/84843] Loss: 0.423721
Epoch 294 [35000/84843] Loss: 0.275607
Epoch 294 [70000/84843] Loss: 0.377621
Epoch 294 - Avg Loss: 0.301848 | Train Acc: 98.91%
Val: loss=0.4068, acc=10487/10975 (95.55%)
Epoch 295 [0/84843] Loss: 0.268209
Epoch 295 [35000/84843] Loss: 0.289305
Epoch 295 [70000/84843] Loss: 0.324404
Epoch 295 - Avg Loss: 0.300823 | Train Acc: 98.97%
Val: loss=0.4107, acc=10491/10975 (95.59%)
Epoch 296 [0/84843] Loss: 0.403597
Epoch 296 [35000/84843] Loss: 0.320791
Epoch 296 [70000/84843] Loss: 0.315783
Epoch 296 - Avg Loss: 0.300082 | Train Acc: 99.01%
Val: loss=0.4091, acc=10503/10975 (95.70%)
Epoch 297 [0/84843] Loss: 0.286084
Epoch 297 [35000/84843] Loss: 0.330309
Epoch 297 [70000/84843] Loss: 0.277667
Epoch 297 - Avg Loss: 0.300775 | Train Acc: 98.97%
Val: loss=0.4077, acc=10472/10975 (95.42%)
Epoch 298 [0/84843] Loss: 0.317849
Epoch 298 [35000/84843] Loss: 0.274871
Epoch 298 [70000/84843] Loss: 0.318000
Epoch 298 - Avg Loss: 0.299775 | Train Acc: 99.01%
Val: loss=0.4123, acc=10476/10975 (95.45%)
Epoch 299 [0/84843] Loss: 0.363695
Epoch 299 [35000/84843] Loss: 0.274587
Epoch 299 [70000/84843] Loss: 0.316359
Epoch 299 - Avg Loss: 0.299718 | Train Acc: 99.02%
Val: loss=0.4067, acc=10506/10975 (95.73%)
Epoch 300 [0/84843] Loss: 0.268253
Epoch 300 [35000/84843] Loss: 0.290308
Epoch 300 [70000/84843] Loss: 0.315104
Epoch 300 - Avg Loss: 0.298153 | Train Acc: 99.09%
Val: loss=0.4100, acc=10495/10975 (95.63%)
Epoch 301 [0/84843] Loss: 0.302185
Epoch 301 [35000/84843] Loss: 0.348693
Epoch 301 [70000/84843] Loss: 0.281242
Epoch 301 - Avg Loss: 0.300147 | Train Acc: 99.00%
Val: loss=0.4133, acc=10490/10975 (95.58%)
Epoch 302 [0/84843] Loss: 0.282046
Epoch 302 [35000/84843] Loss: 0.290091
Epoch 302 [70000/84843] Loss: 0.279662
Epoch 302 - Avg Loss: 0.298930 | Train Acc: 99.04%
Val: loss=0.4047, acc=10511/10975 (95.77%)
saved best: 95.77%
Epoch 303 [0/84843] Loss: 0.276024
Epoch 303 [35000/84843] Loss: 0.275175
Epoch 303 [70000/84843] Loss: 0.311755
Epoch 303 - Avg Loss: 0.299769 | Train Acc: 99.03%
Val: loss=0.4119, acc=10486/10975 (95.54%)
Epoch 304 [0/84843] Loss: 0.344195
Epoch 304 [35000/84843] Loss: 0.272023
Epoch 304 [70000/84843] Loss: 0.285729
Epoch 304 - Avg Loss: 0.300479 | Train Acc: 98.99%
Val: loss=0.4092, acc=10479/10975 (95.48%)
Epoch 305 [0/84843] Loss: 0.307406
Epoch 305 [35000/84843] Loss: 0.269927
Epoch 305 [70000/84843] Loss: 0.277852
Epoch 305 - Avg Loss: 0.298143 | Train Acc: 99.08%
Val: loss=0.4031, acc=10509/10975 (95.75%)
Epoch 306 [0/84843] Loss: 0.272693
Epoch 306 [35000/84843] Loss: 0.312651
Epoch 306 [70000/84843] Loss: 0.284155
Epoch 306 - Avg Loss: 0.297803 | Train Acc: 99.08%
Val: loss=0.4061, acc=10505/10975 (95.72%)
Epoch 307 [0/84843] Loss: 0.276062
Epoch 307 [35000/84843] Loss: 0.325187
Epoch 307 [70000/84843] Loss: 0.269058
Epoch 307 - Avg Loss: 0.298762 | Train Acc: 99.07%
Val: loss=0.4116, acc=10484/10975 (95.53%)
Epoch 308 [0/84843] Loss: 0.311704
Epoch 308 [35000/84843] Loss: 0.289814
Epoch 308 [70000/84843] Loss: 0.331447
Epoch 308 - Avg Loss: 0.297860 | Train Acc: 99.08%
Val: loss=0.4057, acc=10506/10975 (95.73%)
Epoch 309 [0/84843] Loss: 0.277042
Epoch 309 [35000/84843] Loss: 0.314122
Epoch 309 [70000/84843] Loss: 0.280685
Epoch 309 - Avg Loss: 0.298771 | Train Acc: 99.06%
Val: loss=0.4052, acc=10516/10975 (95.82%)
saved best: 95.82%
Epoch 310 [0/84843] Loss: 0.277441
Epoch 310 [35000/84843] Loss: 0.275850
Epoch 310 [70000/84843] Loss: 0.309749
Epoch 310 - Avg Loss: 0.297910 | Train Acc: 99.09%
Val: loss=0.4117, acc=10489/10975 (95.57%)
Epoch 311 [0/84843] Loss: 0.352351
Epoch 311 [35000/84843] Loss: 0.300431
Epoch 311 [70000/84843] Loss: 0.283115
Epoch 311 - Avg Loss: 0.298749 | Train Acc: 99.05%
Val: loss=0.4051, acc=10505/10975 (95.72%)
Epoch 312 [0/84843] Loss: 0.309800
Epoch 312 [35000/84843] Loss: 0.304366
Epoch 312 [70000/84843] Loss: 0.299133
Epoch 312 - Avg Loss: 0.297234 | Train Acc: 99.11%
Val: loss=0.4063, acc=10517/10975 (95.83%)
saved best: 95.83%
Epoch 313 [0/84843] Loss: 0.315663
Epoch 313 [35000/84843] Loss: 0.292379
Epoch 313 [70000/84843] Loss: 0.271585
Epoch 313 - Avg Loss: 0.297396 | Train Acc: 99.12%
Val: loss=0.4105, acc=10482/10975 (95.51%)
Epoch 314 [0/84843] Loss: 0.289727
Epoch 314 [35000/84843] Loss: 0.277148
Epoch 314 [70000/84843] Loss: 0.304237
Epoch 314 - Avg Loss: 0.298434 | Train Acc: 99.06%
Val: loss=0.4069, acc=10503/10975 (95.70%)
Epoch 315 [0/84843] Loss: 0.275566
Epoch 315 [35000/84843] Loss: 0.268937
Epoch 315 [70000/84843] Loss: 0.275351
Epoch 315 - Avg Loss: 0.297243 | Train Acc: 99.10%
Val: loss=0.4108, acc=10505/10975 (95.72%)
Epoch 316 [0/84843] Loss: 0.272525
Epoch 316 [35000/84843] Loss: 0.274667
Epoch 316 [70000/84843] Loss: 0.275718
Epoch 316 - Avg Loss: 0.298017 | Train Acc: 99.10%
Val: loss=0.4103, acc=10500/10975 (95.67%)
Epoch 317 [0/84843] Loss: 0.282431
Epoch 317 [35000/84843] Loss: 0.339949
Epoch 317 [70000/84843] Loss: 0.299184
Epoch 317 - Avg Loss: 0.296466 | Train Acc: 99.15%
Val: loss=0.4086, acc=10502/10975 (95.69%)
Epoch 318 [0/84843] Loss: 0.276888
Epoch 318 [35000/84843] Loss: 0.300246
Epoch 318 [70000/84843] Loss: 0.269838
Epoch 318 - Avg Loss: 0.297575 | Train Acc: 99.11%
Val: loss=0.4103, acc=10500/10975 (95.67%)
Epoch 319 [0/84843] Loss: 0.326375
Epoch 319 [35000/84843] Loss: 0.330331
Epoch 319 [70000/84843] Loss: 0.334199
Epoch 319 - Avg Loss: 0.296749 | Train Acc: 99.13%
Val: loss=0.4118, acc=10491/10975 (95.59%)
Epoch 320 [0/84843] Loss: 0.276593
Epoch 320 [35000/84843] Loss: 0.290584
Epoch 320 [70000/84843] Loss: 0.291205
Epoch 320 - Avg Loss: 0.297364 | Train Acc: 99.12%
Val: loss=0.4155, acc=10475/10975 (95.44%)
Epoch 321 [0/84843] Loss: 0.277807
Epoch 321 [35000/84843] Loss: 0.281406
Epoch 321 [70000/84843] Loss: 0.350119
Epoch 321 - Avg Loss: 0.296675 | Train Acc: 99.14%
Val: loss=0.4073, acc=10506/10975 (95.73%)
Epoch 322 [0/84843] Loss: 0.275791
Epoch 322 [35000/84843] Loss: 0.273969
Epoch 322 [70000/84843] Loss: 0.287014
Epoch 322 - Avg Loss: 0.296517 | Train Acc: 99.14%
Val: loss=0.4132, acc=10475/10975 (95.44%)
Epoch 323 [0/84843] Loss: 0.272066
Epoch 323 [35000/84843] Loss: 0.295722
Epoch 323 [70000/84843] Loss: 0.272101
Epoch 323 - Avg Loss: 0.296672 | Train Acc: 99.14%
Val: loss=0.4091, acc=10498/10975 (95.65%)
Epoch 324 [0/84843] Loss: 0.271607
Epoch 324 [35000/84843] Loss: 0.333121
Epoch 324 [70000/84843] Loss: 0.271612
Epoch 324 - Avg Loss: 0.295138 | Train Acc: 99.19%
Val: loss=0.4073, acc=10500/10975 (95.67%)
Epoch 325 [0/84843] Loss: 0.286370
Epoch 325 [35000/84843] Loss: 0.279176
Epoch 325 [70000/84843] Loss: 0.273548
Epoch 325 - Avg Loss: 0.296914 | Train Acc: 99.14%
Val: loss=0.4118, acc=10492/10975 (95.60%)
Epoch 326 [0/84843] Loss: 0.275667
Epoch 326 [35000/84843] Loss: 0.321360
Epoch 326 [70000/84843] Loss: 0.369869
Epoch 326 - Avg Loss: 0.295767 | Train Acc: 99.14%
Val: loss=0.4076, acc=10509/10975 (95.75%)
Epoch 327 [0/84843] Loss: 0.345503
Epoch 327 [35000/84843] Loss: 0.272530
Epoch 327 [70000/84843] Loss: 0.276344
Epoch 327 - Avg Loss: 0.296167 | Train Acc: 99.18%
Val: loss=0.4094, acc=10496/10975 (95.64%)
Epoch 328 [0/84843] Loss: 0.279768
Epoch 328 [35000/84843] Loss: 0.303927
Epoch 328 [70000/84843] Loss: 0.307737
Epoch 328 - Avg Loss: 0.295028 | Train Acc: 99.19%
Val: loss=0.4076, acc=10505/10975 (95.72%)
Epoch 329 [0/84843] Loss: 0.285534
Epoch 329 [35000/84843] Loss: 0.274115
Epoch 329 [70000/84843] Loss: 0.278094
Epoch 329 - Avg Loss: 0.295937 | Train Acc: 99.15%
Val: loss=0.4085, acc=10502/10975 (95.69%)
Epoch 330 [0/84843] Loss: 0.277091
Epoch 330 [35000/84843] Loss: 0.328744
Epoch 330 [70000/84843] Loss: 0.278022
Epoch 330 - Avg Loss: 0.296067 | Train Acc: 99.16%
Val: loss=0.4100, acc=10497/10975 (95.64%)
Epoch 331 [0/84843] Loss: 0.329753
Epoch 331 [35000/84843] Loss: 0.322362
Epoch 331 [70000/84843] Loss: 0.331367
Epoch 331 - Avg Loss: 0.295878 | Train Acc: 99.17%
Val: loss=0.4095, acc=10497/10975 (95.64%)
Epoch 332 [0/84843] Loss: 0.275259
Epoch 332 [35000/84843] Loss: 0.286383
Epoch 332 [70000/84843] Loss: 0.275670
Epoch 332 - Avg Loss: 0.296349 | Train Acc: 99.13%
Val: loss=0.4113, acc=10505/10975 (95.72%)
Epoch 333 [0/84843] Loss: 0.281414
Epoch 333 [35000/84843] Loss: 0.291677
Epoch 333 [70000/84843] Loss: 0.324392
Epoch 333 - Avg Loss: 0.295171 | Train Acc: 99.18%
Val: loss=0.4097, acc=10510/10975 (95.76%)
Epoch 334 [0/84843] Loss: 0.276902
Epoch 334 [35000/84843] Loss: 0.295307
Epoch 334 [70000/84843] Loss: 0.281191
Epoch 334 - Avg Loss: 0.296210 | Train Acc: 99.18%
Val: loss=0.4094, acc=10506/10975 (95.73%)
Epoch 335 [0/84843] Loss: 0.280422
Epoch 335 [35000/84843] Loss: 0.273259
Epoch 335 [70000/84843] Loss: 0.276826
Epoch 335 - Avg Loss: 0.294471 | Train Acc: 99.21%
Val: loss=0.4085, acc=10501/10975 (95.68%)
Epoch 336 [0/84843] Loss: 0.274037
Epoch 336 [35000/84843] Loss: 0.278732
Epoch 336 [70000/84843] Loss: 0.277219
Epoch 336 - Avg Loss: 0.294663 | Train Acc: 99.21%
Val: loss=0.4135, acc=10493/10975 (95.61%)
Epoch 337 [0/84843] Loss: 0.287024
Epoch 337 [35000/84843] Loss: 0.271859
Epoch 337 [70000/84843] Loss: 0.302920
Epoch 337 - Avg Loss: 0.294919 | Train Acc: 99.22%
Val: loss=0.4102, acc=10494/10975 (95.62%)
Epoch 338 [0/84843] Loss: 0.275964
Epoch 338 [35000/84843] Loss: 0.306713
Epoch 338 [70000/84843] Loss: 0.272072
Epoch 338 - Avg Loss: 0.294449 | Train Acc: 99.20%
Val: loss=0.4126, acc=10514/10975 (95.80%)
Epoch 339 [0/84843] Loss: 0.277884
Epoch 339 [35000/84843] Loss: 0.372172
Epoch 339 [70000/84843] Loss: 0.319939
Epoch 339 - Avg Loss: 0.293057 | Train Acc: 99.26%
Val: loss=0.4188, acc=10472/10975 (95.42%)
Epoch 340 [0/84843] Loss: 0.325726
Epoch 340 [35000/84843] Loss: 0.270771
Epoch 340 [70000/84843] Loss: 0.293548
Epoch 340 - Avg Loss: 0.295320 | Train Acc: 99.18%
Val: loss=0.4124, acc=10501/10975 (95.68%)
Epoch 341 [0/84843] Loss: 0.281880
Epoch 341 [35000/84843] Loss: 0.272082
Epoch 341 [70000/84843] Loss: 0.270457
Epoch 341 - Avg Loss: 0.294031 | Train Acc: 99.24%
Val: loss=0.4112, acc=10503/10975 (95.70%)
Epoch 342 [0/84843] Loss: 0.327933
Epoch 342 [35000/84843] Loss: 0.272384
Epoch 342 [70000/84843] Loss: 0.287245
Epoch 342 - Avg Loss: 0.294146 | Train Acc: 99.23%
Val: loss=0.4101, acc=10506/10975 (95.73%)
Epoch 343 [0/84843] Loss: 0.276467
Epoch 343 [35000/84843] Loss: 0.307353
Epoch 343 [70000/84843] Loss: 0.273178
Epoch 343 - Avg Loss: 0.294213 | Train Acc: 99.21%
Val: loss=0.4095, acc=10496/10975 (95.64%)
Epoch 344 [0/84843] Loss: 0.272880
Epoch 344 [35000/84843] Loss: 0.273621
Epoch 344 [70000/84843] Loss: 0.276722
Epoch 344 - Avg Loss: 0.293155 | Train Acc: 99.26%
Val: loss=0.4097, acc=10505/10975 (95.72%)
Epoch 345 [0/84843] Loss: 0.282889
Epoch 345 [35000/84843] Loss: 0.276106
Epoch 345 [70000/84843] Loss: 0.280489
Epoch 345 - Avg Loss: 0.294596 | Train Acc: 99.22%
Val: loss=0.4112, acc=10502/10975 (95.69%)
Epoch 346 [0/84843] Loss: 0.275680
Epoch 346 [35000/84843] Loss: 0.288408
Epoch 346 [70000/84843] Loss: 0.311462
Epoch 346 - Avg Loss: 0.293832 | Train Acc: 99.25%
Val: loss=0.4079, acc=10504/10975 (95.71%)
Epoch 347 [0/84843] Loss: 0.276588
Epoch 347 [35000/84843] Loss: 0.283048
Epoch 347 [70000/84843] Loss: 0.275631
Epoch 347 - Avg Loss: 0.294028 | Train Acc: 99.24%
Val: loss=0.4068, acc=10515/10975 (95.81%)
Epoch 348 [0/84843] Loss: 0.298111
Epoch 348 [35000/84843] Loss: 0.271647
Epoch 348 [70000/84843] Loss: 0.281085
Epoch 348 - Avg Loss: 0.293631 | Train Acc: 99.23%
Val: loss=0.4098, acc=10496/10975 (95.64%)
Epoch 349 [0/84843] Loss: 0.275807
Epoch 349 [35000/84843] Loss: 0.268551
Epoch 349 [70000/84843] Loss: 0.278044
Epoch 349 - Avg Loss: 0.293096 | Train Acc: 99.27%
Val: loss=0.4115, acc=10491/10975 (95.59%)
Epoch 350 [0/84843] Loss: 0.271716
Epoch 350 [35000/84843] Loss: 0.309179
Epoch 350 [70000/84843] Loss: 0.312183
Epoch 350 - Avg Loss: 0.293281 | Train Acc: 99.27%
Val: loss=0.4107, acc=10492/10975 (95.60%)
Epoch 351 [0/84843] Loss: 0.338739
Epoch 351 [35000/84843] Loss: 0.395998
Epoch 351 [70000/84843] Loss: 0.286771
Epoch 351 - Avg Loss: 0.293287 | Train Acc: 99.28%
Val: loss=0.4113, acc=10506/10975 (95.73%)
Epoch 352 [0/84843] Loss: 0.277587
Epoch 352 [35000/84843] Loss: 0.301323
Epoch 352 [70000/84843] Loss: 0.291197
Epoch 352 - Avg Loss: 0.293361 | Train Acc: 99.26%
Val: loss=0.4141, acc=10500/10975 (95.67%)
Epoch 353 [0/84843] Loss: 0.278295
Epoch 353 [35000/84843] Loss: 0.297265
Epoch 353 [70000/84843] Loss: 0.292700
Epoch 353 - Avg Loss: 0.292667 | Train Acc: 99.28%
Val: loss=0.4133, acc=10501/10975 (95.68%)
Epoch 354 [0/84843] Loss: 0.344975
Epoch 354 [35000/84843] Loss: 0.319105
Epoch 354 [70000/84843] Loss: 0.275914
Epoch 354 - Avg Loss: 0.293365 | Train Acc: 99.25%
Val: loss=0.4157, acc=10486/10975 (95.54%)
Epoch 355 [0/84843] Loss: 0.284175
Epoch 355 [35000/84843] Loss: 0.269086
Epoch 355 [70000/84843] Loss: 0.299807
Epoch 355 - Avg Loss: 0.292646 | Train Acc: 99.29%
Val: loss=0.4147, acc=10484/10975 (95.53%)
Epoch 356 [0/84843] Loss: 0.366830
Epoch 356 [35000/84843] Loss: 0.272828
Epoch 356 [70000/84843] Loss: 0.331482
Epoch 356 - Avg Loss: 0.294082 | Train Acc: 99.22%
Val: loss=0.4144, acc=10501/10975 (95.68%)
Epoch 357 [0/84843] Loss: 0.278884
Epoch 357 [35000/84843] Loss: 0.326849
Epoch 357 [70000/84843] Loss: 0.270699
Epoch 357 - Avg Loss: 0.292782 | Train Acc: 99.29%
Val: loss=0.4120, acc=10504/10975 (95.71%)
Epoch 358 [0/84843] Loss: 0.341601
Epoch 358 [35000/84843] Loss: 0.331086
Epoch 358 [70000/84843] Loss: 0.273877
Epoch 358 - Avg Loss: 0.292686 | Train Acc: 99.29%
Val: loss=0.4105, acc=10508/10975 (95.74%)
Epoch 359 [0/84843] Loss: 0.289763
Epoch 359 [35000/84843] Loss: 0.327588
Epoch 359 [70000/84843] Loss: 0.271552
Epoch 359 - Avg Loss: 0.294068 | Train Acc: 99.23%
Val: loss=0.4115, acc=10507/10975 (95.74%)
Epoch 360 [0/84843] Loss: 0.277482
Epoch 360 [35000/84843] Loss: 0.270713
Epoch 360 [70000/84843] Loss: 0.308927
Epoch 360 - Avg Loss: 0.293111 | Train Acc: 99.25%
Val: loss=0.4142, acc=10483/10975 (95.52%)
Epoch 361 [0/84843] Loss: 0.281706
Epoch 361 [35000/84843] Loss: 0.282172
Epoch 361 [70000/84843] Loss: 0.317540
Epoch 361 - Avg Loss: 0.293537 | Train Acc: 99.24%
Val: loss=0.4148, acc=10486/10975 (95.54%)
Epoch 362 [0/84843] Loss: 0.309523
Epoch 362 [35000/84843] Loss: 0.272140
Epoch 362 [70000/84843] Loss: 0.275682
Epoch 362 - Avg Loss: 0.292478 | Train Acc: 99.31%
Val: loss=0.4146, acc=10489/10975 (95.57%)
Epoch 363 [0/84843] Loss: 0.311993
Epoch 363 [35000/84843] Loss: 0.276708
Epoch 363 [70000/84843] Loss: 0.274545
Epoch 363 - Avg Loss: 0.293304 | Train Acc: 99.26%
Val: loss=0.4123, acc=10493/10975 (95.61%)
Epoch 364 [0/84843] Loss: 0.270741
Epoch 364 [35000/84843] Loss: 0.292906
Epoch 364 [70000/84843] Loss: 0.306681
Epoch 364 - Avg Loss: 0.293069 | Train Acc: 99.25%
Val: loss=0.4107, acc=10497/10975 (95.64%)
Epoch 365 [0/84843] Loss: 0.270501
Epoch 365 [35000/84843] Loss: 0.273997
Epoch 365 [70000/84843] Loss: 0.315628
Epoch 365 - Avg Loss: 0.292947 | Train Acc: 99.29%
Val: loss=0.4106, acc=10497/10975 (95.64%)
Epoch 366 [0/84843] Loss: 0.278351
Epoch 366 [35000/84843] Loss: 0.325579
Epoch 366 [70000/84843] Loss: 0.276708
Epoch 366 - Avg Loss: 0.292672 | Train Acc: 99.27%
Val: loss=0.4137, acc=10493/10975 (95.61%)
Epoch 367 [0/84843] Loss: 0.284555
Epoch 367 [35000/84843] Loss: 0.272315
Epoch 367 [70000/84843] Loss: 0.328456
Epoch 367 - Avg Loss: 0.292721 | Train Acc: 99.29%
Val: loss=0.4142, acc=10489/10975 (95.57%)
Epoch 368 [0/84843] Loss: 0.326604
Epoch 368 [35000/84843] Loss: 0.272929
Epoch 368 [70000/84843] Loss: 0.325901
Epoch 368 - Avg Loss: 0.292763 | Train Acc: 99.28%
Val: loss=0.4140, acc=10496/10975 (95.64%)
Epoch 369 [0/84843] Loss: 0.297160
Epoch 369 [35000/84843] Loss: 0.276043
Epoch 369 [70000/84843] Loss: 0.275195
Epoch 369 - Avg Loss: 0.293110 | Train Acc: 99.26%
Val: loss=0.4148, acc=10487/10975 (95.55%)
Epoch 370 [0/84843] Loss: 0.272124
Epoch 370 [35000/84843] Loss: 0.274025
Epoch 370 [70000/84843] Loss: 0.280563
Epoch 370 - Avg Loss: 0.292880 | Train Acc: 99.30%
Val: loss=0.4126, acc=10492/10975 (95.60%)
Epoch 371 [0/84843] Loss: 0.286431
Epoch 371 [35000/84843] Loss: 0.328922
Epoch 371 [70000/84843] Loss: 0.273501
Epoch 371 - Avg Loss: 0.292465 | Train Acc: 99.30%
Val: loss=0.4141, acc=10483/10975 (95.52%)
Epoch 372 [0/84843] Loss: 0.278420
Epoch 372 [35000/84843] Loss: 0.274193
Epoch 372 [70000/84843] Loss: 0.281574
Epoch 372 - Avg Loss: 0.293143 | Train Acc: 99.27%
Val: loss=0.4132, acc=10493/10975 (95.61%)
Epoch 373 [0/84843] Loss: 0.275503
Epoch 373 [35000/84843] Loss: 0.304184
Epoch 373 [70000/84843] Loss: 0.299195
Epoch 373 - Avg Loss: 0.292667 | Train Acc: 99.27%
Val: loss=0.4119, acc=10485/10975 (95.54%)
Epoch 374 [0/84843] Loss: 0.271171
Epoch 374 [35000/84843] Loss: 0.337437
Epoch 374 [70000/84843] Loss: 0.316487
Epoch 374 - Avg Loss: 0.291879 | Train Acc: 99.32%
Val: loss=0.4113, acc=10496/10975 (95.64%)
Epoch 375 [0/84843] Loss: 0.358324
Epoch 375 [35000/84843] Loss: 0.316612
Epoch 375 [70000/84843] Loss: 0.332653
Epoch 375 - Avg Loss: 0.292132 | Train Acc: 99.31%
Val: loss=0.4111, acc=10495/10975 (95.63%)
Epoch 376 [0/84843] Loss: 0.277603
Epoch 376 [35000/84843] Loss: 0.270557
Epoch 376 [70000/84843] Loss: 0.282466
Epoch 376 - Avg Loss: 0.292528 | Train Acc: 99.28%
Val: loss=0.4113, acc=10494/10975 (95.62%)
Epoch 377 [0/84843] Loss: 0.328307
Epoch 377 [35000/84843] Loss: 0.275942
Epoch 377 [70000/84843] Loss: 0.294899
Epoch 377 - Avg Loss: 0.292076 | Train Acc: 99.30%
Val: loss=0.4099, acc=10498/10975 (95.65%)
Epoch 378 [0/84843] Loss: 0.271394
Epoch 378 [35000/84843] Loss: 0.273687
Epoch 378 [70000/84843] Loss: 0.301414
Epoch 378 - Avg Loss: 0.291944 | Train Acc: 99.32%
Val: loss=0.4110, acc=10499/10975 (95.66%)
Epoch 379 [0/84843] Loss: 0.310037
Epoch 379 [35000/84843] Loss: 0.311997
Epoch 379 [70000/84843] Loss: 0.284495
Epoch 379 - Avg Loss: 0.291943 | Train Acc: 99.31%
Val: loss=0.4104, acc=10495/10975 (95.63%)
Epoch 380 [0/84843] Loss: 0.277561
Epoch 380 [35000/84843] Loss: 0.280725
Epoch 380 [70000/84843] Loss: 0.282403
Epoch 380 - Avg Loss: 0.292482 | Train Acc: 99.27%
Val: loss=0.4096, acc=10503/10975 (95.70%)
Epoch 381 [0/84843] Loss: 0.293903
Epoch 381 [35000/84843] Loss: 0.334792
Epoch 381 [70000/84843] Loss: 0.274620
Epoch 381 - Avg Loss: 0.291662 | Train Acc: 99.31%
Val: loss=0.4099, acc=10504/10975 (95.71%)
Epoch 382 [0/84843] Loss: 0.277297
Epoch 382 [35000/84843] Loss: 0.388422
Epoch 382 [70000/84843] Loss: 0.278915
Epoch 382 - Avg Loss: 0.292082 | Train Acc: 99.31%
Val: loss=0.4108, acc=10497/10975 (95.64%)
Epoch 383 [0/84843] Loss: 0.333597
Epoch 383 [35000/84843] Loss: 0.278321
Epoch 383 [70000/84843] Loss: 0.278616
Epoch 383 - Avg Loss: 0.293053 | Train Acc: 99.26%
Val: loss=0.4106, acc=10502/10975 (95.69%)
Epoch 384 [0/84843] Loss: 0.274558
Epoch 384 [35000/84843] Loss: 0.313456
Epoch 384 [70000/84843] Loss: 0.272247
Epoch 384 - Avg Loss: 0.291731 | Train Acc: 99.32%
Val: loss=0.4108, acc=10507/10975 (95.74%)
Epoch 385 [0/84843] Loss: 0.271575
Epoch 385 [35000/84843] Loss: 0.304826
Epoch 385 [70000/84843] Loss: 0.314287
Epoch 385 - Avg Loss: 0.291797 | Train Acc: 99.31%
Val: loss=0.4110, acc=10500/10975 (95.67%)
Epoch 386 [0/84843] Loss: 0.273344
Epoch 386 [35000/84843] Loss: 0.319583
Epoch 386 [70000/84843] Loss: 0.276144
Epoch 386 - Avg Loss: 0.291116 | Train Acc: 99.33%
Val: loss=0.4108, acc=10503/10975 (95.70%)
Epoch 387 [0/84843] Loss: 0.274936
Epoch 387 [35000/84843] Loss: 0.317397
Epoch 387 [70000/84843] Loss: 0.286924
Epoch 387 - Avg Loss: 0.290843 | Train Acc: 99.34%
Val: loss=0.4105, acc=10499/10975 (95.66%)
Epoch 388 [0/84843] Loss: 0.298819
Epoch 388 [35000/84843] Loss: 0.314276
Epoch 388 [70000/84843] Loss: 0.277614
Epoch 388 - Avg Loss: 0.292123 | Train Acc: 99.31%
Val: loss=0.4104, acc=10505/10975 (95.72%)
Epoch 389 [0/84843] Loss: 0.291255
Epoch 389 [35000/84843] Loss: 0.329178
Epoch 389 [70000/84843] Loss: 0.281767
Epoch 389 - Avg Loss: 0.292383 | Train Acc: 99.30%
Val: loss=0.4109, acc=10498/10975 (95.65%)
Epoch 390 [0/84843] Loss: 0.279595
Epoch 390 [35000/84843] Loss: 0.280872
Epoch 390 [70000/84843] Loss: 0.302443
Epoch 390 - Avg Loss: 0.292030 | Train Acc: 99.30%
Val: loss=0.4111, acc=10502/10975 (95.69%)
Epoch 391 [0/84843] Loss: 0.297137
Epoch 391 [35000/84843] Loss: 0.326174
Epoch 391 [70000/84843] Loss: 0.273772
Epoch 391 - Avg Loss: 0.291134 | Train Acc: 99.37%
Val: loss=0.4114, acc=10501/10975 (95.68%)
Epoch 392 [0/84843] Loss: 0.292525
Epoch 392 [35000/84843] Loss: 0.276266
Epoch 392 [70000/84843] Loss: 0.271128
Epoch 392 - Avg Loss: 0.292372 | Train Acc: 99.31%
Val: loss=0.4113, acc=10501/10975 (95.68%)
Epoch 393 [0/84843] Loss: 0.284192
Epoch 393 [35000/84843] Loss: 0.273008
Epoch 393 [70000/84843] Loss: 0.279546
Epoch 393 - Avg Loss: 0.291711 | Train Acc: 99.30%
Val: loss=0.4120, acc=10497/10975 (95.64%)
Epoch 394 [0/84843] Loss: 0.275670
Epoch 394 [35000/84843] Loss: 0.270052
Epoch 394 [70000/84843] Loss: 0.274262
Epoch 394 - Avg Loss: 0.291784 | Train Acc: 99.31%
Val: loss=0.4115, acc=10501/10975 (95.68%)
Epoch 395 [0/84843] Loss: 0.271833
Epoch 395 [35000/84843] Loss: 0.272333
Epoch 395 [70000/84843] Loss: 0.319592
Epoch 395 - Avg Loss: 0.291292 | Train Acc: 99.36%
Val: loss=0.4116, acc=10498/10975 (95.65%)
Epoch 396 [0/84843] Loss: 0.282852
Epoch 396 [35000/84843] Loss: 0.270510
Epoch 396 [70000/84843] Loss: 0.281184
Epoch 396 - Avg Loss: 0.291825 | Train Acc: 99.33%
Val: loss=0.4110, acc=10499/10975 (95.66%)
Epoch 397 [0/84843] Loss: 0.302269
Epoch 397 [35000/84843] Loss: 0.281259
Epoch 397 [70000/84843] Loss: 0.311074
Epoch 397 - Avg Loss: 0.291920 | Train Acc: 99.30%
Val: loss=0.4110, acc=10501/10975 (95.68%)
Epoch 398 [0/84843] Loss: 0.267793
Epoch 398 [35000/84843] Loss: 0.329037
Epoch 398 [70000/84843] Loss: 0.310244
Epoch 398 - Avg Loss: 0.292207 | Train Acc: 99.30%
Val: loss=0.4110, acc=10500/10975 (95.67%)
Epoch 399 [0/84843] Loss: 0.275672
Epoch 399 [35000/84843] Loss: 0.313300
Epoch 399 [70000/84843] Loss: 0.331778
Epoch 399 - Avg Loss: 0.291431 | Train Acc: 99.32%
Val: loss=0.4114, acc=10500/10975 (95.67%)
Epoch 400 [0/84843] Loss: 0.296452
Epoch 400 [35000/84843] Loss: 0.274553
Epoch 400 [70000/84843] Loss: 0.272051
Epoch 400 - Avg Loss: 0.292294 | Train Acc: 99.30%
Val: loss=0.4110, acc=10501/10975 (95.68%)
Test: loss=0.3792, acc=11632/12101 (96.12%)
