Running feature config: 24_mels_delta (task 12)
SpecAugment freq_mask=0 time_mask=10
Device: cuda
Feature config: 24_mels_delta -> {'n_mels': 24, 'use_delta': True, 'use_delta_delta': False}
SpecAugment: True freq_mask=0 time_mask=10
GPU Name: Tesla V100-PCIE-32GB
GPU Memory: 34.07 GB
Total model parameters: 47,628
Epoch 1 [0/84843] Loss: 2.505759
Epoch 1 [35000/84843] Loss: 1.485374
Epoch 1 [70000/84843] Loss: 1.654418
Epoch 1 - Avg Loss: 1.678594 | Train Acc: 56.28%
Val: loss=1.5350, acc=6857/10975 (62.48%)
saved best: 62.48%
Epoch 2 [0/84843] Loss: 1.450318
Epoch 2 [35000/84843] Loss: 1.213627
Epoch 2 [70000/84843] Loss: 1.389933
Epoch 2 - Avg Loss: 1.379248 | Train Acc: 66.56%
Val: loss=1.3861, acc=7266/10975 (66.21%)
saved best: 66.21%
Epoch 3 [0/84843] Loss: 1.625394
Epoch 3 [35000/84843] Loss: 1.086806
Epoch 3 [70000/84843] Loss: 1.348929
Epoch 3 - Avg Loss: 1.354208 | Train Acc: 66.82%
Val: loss=1.3717, acc=7265/10975 (66.20%)
Epoch 4 [0/84843] Loss: 1.289959
Epoch 4 [35000/84843] Loss: 1.172693
Epoch 4 [70000/84843] Loss: 1.192985
Epoch 4 - Avg Loss: 1.311425 | Train Acc: 66.95%
Val: loss=1.2782, acc=7430/10975 (67.70%)
saved best: 67.70%
Epoch 5 [0/84843] Loss: 1.265988
Epoch 5 [35000/84843] Loss: 1.454749
Epoch 5 [70000/84843] Loss: 1.485853
Epoch 5 - Avg Loss: 1.228586 | Train Acc: 68.39%
Val: loss=1.2240, acc=7399/10975 (67.42%)
Epoch 6 [0/84843] Loss: 0.852460
Epoch 6 [35000/84843] Loss: 1.282735
Epoch 6 [70000/84843] Loss: 1.052949
Epoch 6 - Avg Loss: 1.182010 | Train Acc: 68.88%
Val: loss=1.1622, acc=7512/10975 (68.45%)
saved best: 68.45%
Epoch 7 [0/84843] Loss: 0.991112
Epoch 7 [35000/84843] Loss: 0.944240
Epoch 7 [70000/84843] Loss: 1.123692
Epoch 7 - Avg Loss: 1.126217 | Train Acc: 69.34%
Val: loss=1.1078, acc=7664/10975 (69.83%)
saved best: 69.83%
Epoch 8 [0/84843] Loss: 1.313637
Epoch 8 [35000/84843] Loss: 1.109675
Epoch 8 [70000/84843] Loss: 0.894931
Epoch 8 - Avg Loss: 1.054725 | Train Acc: 71.40%
Val: loss=1.0130, acc=7870/10975 (71.71%)
saved best: 71.71%
Epoch 9 [0/84843] Loss: 1.101625
Epoch 9 [35000/84843] Loss: 0.981369
Epoch 9 [70000/84843] Loss: 0.956837
Epoch 9 - Avg Loss: 0.978626 | Train Acc: 72.87%
Val: loss=0.9563, acc=8023/10975 (73.10%)
saved best: 73.10%
Epoch 10 [0/84843] Loss: 0.880856
Epoch 10 [35000/84843] Loss: 0.818489
Epoch 10 [70000/84843] Loss: 0.984836
Epoch 10 - Avg Loss: 0.923349 | Train Acc: 74.19%
Val: loss=0.9056, acc=8167/10975 (74.41%)
saved best: 74.41%
Epoch 11 [0/84843] Loss: 0.677355
Epoch 11 [35000/84843] Loss: 0.812648
Epoch 11 [70000/84843] Loss: 0.839358
Epoch 11 - Avg Loss: 0.880145 | Train Acc: 75.77%
Val: loss=0.8703, acc=8405/10975 (76.58%)
saved best: 76.58%
Epoch 12 [0/84843] Loss: 0.918331
Epoch 12 [35000/84843] Loss: 0.924751
Epoch 12 [70000/84843] Loss: 0.745057
Epoch 12 - Avg Loss: 0.840334 | Train Acc: 77.39%
Val: loss=0.8114, acc=8704/10975 (79.31%)
saved best: 79.31%
Epoch 13 [0/84843] Loss: 0.714172
Epoch 13 [35000/84843] Loss: 0.880254
Epoch 13 [70000/84843] Loss: 0.670624
Epoch 13 - Avg Loss: 0.797116 | Train Acc: 79.26%
Val: loss=0.7601, acc=9003/10975 (82.03%)
saved best: 82.03%
Epoch 14 [0/84843] Loss: 0.998441
Epoch 14 [35000/84843] Loss: 0.748990
Epoch 14 [70000/84843] Loss: 0.614510
Epoch 14 - Avg Loss: 0.754613 | Train Acc: 81.32%
Val: loss=0.7098, acc=9238/10975 (84.17%)
saved best: 84.17%
Epoch 15 [0/84843] Loss: 0.623212
Epoch 15 [35000/84843] Loss: 0.776270
Epoch 15 [70000/84843] Loss: 0.702510
Epoch 15 - Avg Loss: 0.712519 | Train Acc: 83.36%
Val: loss=0.6854, acc=9300/10975 (84.74%)
saved best: 84.74%
Epoch 16 [0/84843] Loss: 0.846176
Epoch 16 [35000/84843] Loss: 0.780046
Epoch 16 [70000/84843] Loss: 0.738340
Epoch 16 - Avg Loss: 0.677467 | Train Acc: 84.80%
Val: loss=0.6504, acc=9454/10975 (86.14%)
saved best: 86.14%
Epoch 17 [0/84843] Loss: 0.648310
Epoch 17 [35000/84843] Loss: 0.615096
Epoch 17 [70000/84843] Loss: 0.577423
Epoch 17 - Avg Loss: 0.646137 | Train Acc: 86.07%
Val: loss=0.6235, acc=9567/10975 (87.17%)
saved best: 87.17%
Epoch 18 [0/84843] Loss: 0.649564
Epoch 18 [35000/84843] Loss: 0.585369
Epoch 18 [70000/84843] Loss: 0.555491
Epoch 18 - Avg Loss: 0.616344 | Train Acc: 87.17%
Val: loss=0.5902, acc=9719/10975 (88.56%)
saved best: 88.56%
Epoch 19 [0/84843] Loss: 0.603281
Epoch 19 [35000/84843] Loss: 0.422241
Epoch 19 [70000/84843] Loss: 0.572269
Epoch 19 - Avg Loss: 0.591763 | Train Acc: 88.12%
Val: loss=0.6014, acc=9646/10975 (87.89%)
Epoch 20 [0/84843] Loss: 0.608994
Epoch 20 [35000/84843] Loss: 0.715384
Epoch 20 [70000/84843] Loss: 0.525406
Epoch 20 - Avg Loss: 0.571103 | Train Acc: 88.98%
Val: loss=0.5599, acc=9847/10975 (89.72%)
saved best: 89.72%
Epoch 21 [0/84843] Loss: 0.663053
Epoch 21 [35000/84843] Loss: 0.526621
Epoch 21 [70000/84843] Loss: 0.714857
Epoch 21 - Avg Loss: 0.548495 | Train Acc: 89.93%
Val: loss=0.5274, acc=9984/10975 (90.97%)
saved best: 90.97%
Epoch 22 [0/84843] Loss: 0.535936
Epoch 22 [35000/84843] Loss: 0.575455
Epoch 22 [70000/84843] Loss: 0.521482
Epoch 22 - Avg Loss: 0.529739 | Train Acc: 90.60%
Val: loss=0.5125, acc=10042/10975 (91.50%)
saved best: 91.50%
Epoch 23 [0/84843] Loss: 0.478698
Epoch 23 [35000/84843] Loss: 0.447922
Epoch 23 [70000/84843] Loss: 0.445976
Epoch 23 - Avg Loss: 0.517326 | Train Acc: 91.01%
Val: loss=0.5001, acc=10101/10975 (92.04%)
saved best: 92.04%
Epoch 24 [0/84843] Loss: 0.456444
Epoch 24 [35000/84843] Loss: 0.672685
Epoch 24 [70000/84843] Loss: 0.502442
Epoch 24 - Avg Loss: 0.504450 | Train Acc: 91.47%
Val: loss=0.4967, acc=10099/10975 (92.02%)
Epoch 25 [0/84843] Loss: 0.553808
Epoch 25 [35000/84843] Loss: 0.500531
Epoch 25 [70000/84843] Loss: 0.559588
Epoch 25 - Avg Loss: 0.491331 | Train Acc: 92.08%
Val: loss=0.4928, acc=10102/10975 (92.05%)
saved best: 92.05%
Epoch 26 [0/84843] Loss: 0.470103
Epoch 26 [35000/84843] Loss: 0.503175
Epoch 26 [70000/84843] Loss: 0.435498
Epoch 26 - Avg Loss: 0.482658 | Train Acc: 92.31%
Val: loss=0.4777, acc=10168/10975 (92.65%)
saved best: 92.65%
Epoch 27 [0/84843] Loss: 0.609731
Epoch 27 [35000/84843] Loss: 0.413359
Epoch 27 [70000/84843] Loss: 0.554773
Epoch 27 - Avg Loss: 0.471087 | Train Acc: 92.74%
Val: loss=0.4613, acc=10256/10975 (93.45%)
saved best: 93.45%
Epoch 28 [0/84843] Loss: 0.407625
Epoch 28 [35000/84843] Loss: 0.596974
Epoch 28 [70000/84843] Loss: 0.489725
Epoch 28 - Avg Loss: 0.464721 | Train Acc: 92.97%
Val: loss=0.4535, acc=10276/10975 (93.63%)
saved best: 93.63%
Epoch 29 [0/84843] Loss: 0.474399
Epoch 29 [35000/84843] Loss: 0.512998
Epoch 29 [70000/84843] Loss: 0.538895
Epoch 29 - Avg Loss: 0.455842 | Train Acc: 93.31%
Val: loss=0.4493, acc=10304/10975 (93.89%)
saved best: 93.89%
Epoch 30 [0/84843] Loss: 0.468594
Epoch 30 [35000/84843] Loss: 0.355995
Epoch 30 [70000/84843] Loss: 0.384750
Epoch 30 - Avg Loss: 0.448588 | Train Acc: 93.62%
Val: loss=0.4437, acc=10295/10975 (93.80%)
Epoch 31 [0/84843] Loss: 0.425940
Epoch 31 [35000/84843] Loss: 0.434834
Epoch 31 [70000/84843] Loss: 0.320447
Epoch 31 - Avg Loss: 0.443050 | Train Acc: 93.81%
Val: loss=0.4499, acc=10278/10975 (93.65%)
Epoch 32 [0/84843] Loss: 0.629287
Epoch 32 [35000/84843] Loss: 0.495655
Epoch 32 [70000/84843] Loss: 0.372786
Epoch 32 - Avg Loss: 0.438056 | Train Acc: 93.92%
Val: loss=0.4324, acc=10352/10975 (94.32%)
saved best: 94.32%
Epoch 33 [0/84843] Loss: 0.419080
Epoch 33 [35000/84843] Loss: 0.379232
Epoch 33 [70000/84843] Loss: 0.339420
Epoch 33 - Avg Loss: 0.432615 | Train Acc: 94.17%
Val: loss=0.4407, acc=10333/10975 (94.15%)
Epoch 34 [0/84843] Loss: 0.394808
Epoch 34 [35000/84843] Loss: 0.466713
Epoch 34 [70000/84843] Loss: 0.434956
Epoch 34 - Avg Loss: 0.426648 | Train Acc: 94.33%
Val: loss=0.4281, acc=10383/10975 (94.61%)
saved best: 94.61%
Epoch 35 [0/84843] Loss: 0.391963
Epoch 35 [35000/84843] Loss: 0.595693
Epoch 35 [70000/84843] Loss: 0.405162
Epoch 35 - Avg Loss: 0.421380 | Train Acc: 94.57%
Val: loss=0.4340, acc=10339/10975 (94.21%)
Epoch 36 [0/84843] Loss: 0.365955
Epoch 36 [35000/84843] Loss: 0.403488
Epoch 36 [70000/84843] Loss: 0.333022
Epoch 36 - Avg Loss: 0.417451 | Train Acc: 94.72%
Val: loss=0.4207, acc=10398/10975 (94.74%)
saved best: 94.74%
Epoch 37 [0/84843] Loss: 0.506665
Epoch 37 [35000/84843] Loss: 0.460824
Epoch 37 [70000/84843] Loss: 0.360649
Epoch 37 - Avg Loss: 0.413439 | Train Acc: 94.91%
Val: loss=0.4302, acc=10359/10975 (94.39%)
Epoch 38 [0/84843] Loss: 0.377182
Epoch 38 [35000/84843] Loss: 0.341088
Epoch 38 [70000/84843] Loss: 0.332400
Epoch 38 - Avg Loss: 0.409186 | Train Acc: 95.04%
Val: loss=0.4224, acc=10399/10975 (94.75%)
saved best: 94.75%
Epoch 39 [0/84843] Loss: 0.438651
Epoch 39 [35000/84843] Loss: 0.379870
Epoch 39 [70000/84843] Loss: 0.361493
Epoch 39 - Avg Loss: 0.404110 | Train Acc: 95.22%
Val: loss=0.4108, acc=10445/10975 (95.17%)
saved best: 95.17%
Epoch 40 [0/84843] Loss: 0.396056
Epoch 40 [35000/84843] Loss: 0.411281
Epoch 40 [70000/84843] Loss: 0.399239
Epoch 40 - Avg Loss: 0.402617 | Train Acc: 95.21%
Val: loss=0.4092, acc=10434/10975 (95.07%)
Epoch 41 [0/84843] Loss: 0.385575
Epoch 41 [35000/84843] Loss: 0.323257
Epoch 41 [70000/84843] Loss: 0.413891
Epoch 41 - Avg Loss: 0.398119 | Train Acc: 95.41%
Val: loss=0.4078, acc=10462/10975 (95.33%)
saved best: 95.33%
Epoch 42 [0/84843] Loss: 0.329820
Epoch 42 [35000/84843] Loss: 0.545051
Epoch 42 [70000/84843] Loss: 0.418277
Epoch 42 - Avg Loss: 0.396572 | Train Acc: 95.45%
Val: loss=0.4131, acc=10416/10975 (94.91%)
Epoch 43 [0/84843] Loss: 0.313907
Epoch 43 [35000/84843] Loss: 0.405454
Epoch 43 [70000/84843] Loss: 0.330644
Epoch 43 - Avg Loss: 0.392279 | Train Acc: 95.64%
Val: loss=0.4232, acc=10392/10975 (94.69%)
Epoch 44 [0/84843] Loss: 0.456418
Epoch 44 [35000/84843] Loss: 0.410694
Epoch 44 [70000/84843] Loss: 0.391624
Epoch 44 - Avg Loss: 0.389169 | Train Acc: 95.72%
Val: loss=0.4084, acc=10422/10975 (94.96%)
Epoch 45 [0/84843] Loss: 0.345469
Epoch 45 [35000/84843] Loss: 0.432278
Epoch 45 [70000/84843] Loss: 0.291293
Epoch 45 - Avg Loss: 0.387456 | Train Acc: 95.75%
Val: loss=0.4106, acc=10444/10975 (95.16%)
Epoch 46 [0/84843] Loss: 0.378509
Epoch 46 [35000/84843] Loss: 0.317014
Epoch 46 [70000/84843] Loss: 0.415768
Epoch 46 - Avg Loss: 0.385150 | Train Acc: 95.82%
Val: loss=0.3953, acc=10500/10975 (95.67%)
saved best: 95.67%
Epoch 47 [0/84843] Loss: 0.384080
Epoch 47 [35000/84843] Loss: 0.341725
Epoch 47 [70000/84843] Loss: 0.398013
Epoch 47 - Avg Loss: 0.382344 | Train Acc: 95.97%
Val: loss=0.4040, acc=10459/10975 (95.30%)
Epoch 48 [0/84843] Loss: 0.294472
Epoch 48 [35000/84843] Loss: 0.328671
Epoch 48 [70000/84843] Loss: 0.386485
Epoch 48 - Avg Loss: 0.381778 | Train Acc: 95.97%
Val: loss=0.4033, acc=10462/10975 (95.33%)
Epoch 49 [0/84843] Loss: 0.487629
Epoch 49 [35000/84843] Loss: 0.404046
Epoch 49 [70000/84843] Loss: 0.487779
Epoch 49 - Avg Loss: 0.378121 | Train Acc: 96.10%
Val: loss=0.4037, acc=10465/10975 (95.35%)
Epoch 50 [0/84843] Loss: 0.397628
Epoch 50 [35000/84843] Loss: 0.287410
Epoch 50 [70000/84843] Loss: 0.428485
Epoch 50 - Avg Loss: 0.375463 | Train Acc: 96.19%
Val: loss=0.3928, acc=10507/10975 (95.74%)
saved best: 95.74%
Epoch 51 [0/84843] Loss: 0.298881
Epoch 51 [35000/84843] Loss: 0.395118
Epoch 51 [70000/84843] Loss: 0.377405
Epoch 51 - Avg Loss: 0.374171 | Train Acc: 96.27%
Val: loss=0.3932, acc=10499/10975 (95.66%)
Epoch 52 [0/84843] Loss: 0.383781
Epoch 52 [35000/84843] Loss: 0.495031
Epoch 52 [70000/84843] Loss: 0.458227
Epoch 52 - Avg Loss: 0.371156 | Train Acc: 96.34%
Val: loss=0.3901, acc=10521/10975 (95.86%)
saved best: 95.86%
Epoch 53 [0/84843] Loss: 0.383877
Epoch 53 [35000/84843] Loss: 0.399984
Epoch 53 [70000/84843] Loss: 0.333712
Epoch 53 - Avg Loss: 0.371428 | Train Acc: 96.34%
Val: loss=0.3900, acc=10513/10975 (95.79%)
Epoch 54 [0/84843] Loss: 0.390208
Epoch 54 [35000/84843] Loss: 0.414297
Epoch 54 [70000/84843] Loss: 0.400179
Epoch 54 - Avg Loss: 0.368720 | Train Acc: 96.39%
Val: loss=0.4051, acc=10456/10975 (95.27%)
Epoch 55 [0/84843] Loss: 0.413917
Epoch 55 [35000/84843] Loss: 0.347203
Epoch 55 [70000/84843] Loss: 0.467006
Epoch 55 - Avg Loss: 0.365964 | Train Acc: 96.55%
Val: loss=0.3904, acc=10517/10975 (95.83%)
Epoch 56 [0/84843] Loss: 0.488132
Epoch 56 [35000/84843] Loss: 0.455437
Epoch 56 [70000/84843] Loss: 0.297399
Epoch 56 - Avg Loss: 0.365050 | Train Acc: 96.61%
Val: loss=0.3878, acc=10513/10975 (95.79%)
Epoch 57 [0/84843] Loss: 0.306121
Epoch 57 [35000/84843] Loss: 0.311992
Epoch 57 [70000/84843] Loss: 0.349421
Epoch 57 - Avg Loss: 0.363604 | Train Acc: 96.61%
Val: loss=0.3930, acc=10516/10975 (95.82%)
Epoch 58 [0/84843] Loss: 0.383922
Epoch 58 [35000/84843] Loss: 0.336298
Epoch 58 [70000/84843] Loss: 0.405799
Epoch 58 - Avg Loss: 0.363090 | Train Acc: 96.63%
Val: loss=0.3997, acc=10463/10975 (95.33%)
Epoch 59 [0/84843] Loss: 0.346907
Epoch 59 [35000/84843] Loss: 0.284693
Epoch 59 [70000/84843] Loss: 0.348670
Epoch 59 - Avg Loss: 0.359968 | Train Acc: 96.76%
Val: loss=0.4055, acc=10448/10975 (95.20%)
Epoch 60 [0/84843] Loss: 0.318506
Epoch 60 [35000/84843] Loss: 0.349787
Epoch 60 [70000/84843] Loss: 0.381209
Epoch 60 - Avg Loss: 0.358541 | Train Acc: 96.76%
Val: loss=0.3848, acc=10553/10975 (96.15%)
saved best: 96.15%
Epoch 61 [0/84843] Loss: 0.305810
Epoch 61 [35000/84843] Loss: 0.304127
Epoch 61 [70000/84843] Loss: 0.386538
Epoch 61 - Avg Loss: 0.358300 | Train Acc: 96.79%
Val: loss=0.3877, acc=10507/10975 (95.74%)
Epoch 62 [0/84843] Loss: 0.444220
Epoch 62 [35000/84843] Loss: 0.318027
Epoch 62 [70000/84843] Loss: 0.284274
Epoch 62 - Avg Loss: 0.356481 | Train Acc: 96.88%
Val: loss=0.3931, acc=10496/10975 (95.64%)
Epoch 63 [0/84843] Loss: 0.330913
Epoch 63 [35000/84843] Loss: 0.330079
Epoch 63 [70000/84843] Loss: 0.380924
Epoch 63 - Avg Loss: 0.355952 | Train Acc: 96.89%
Val: loss=0.3778, acc=10568/10975 (96.29%)
saved best: 96.29%
Epoch 64 [0/84843] Loss: 0.382481
Epoch 64 [35000/84843] Loss: 0.393335
Epoch 64 [70000/84843] Loss: 0.399574
Epoch 64 - Avg Loss: 0.354529 | Train Acc: 96.96%
Val: loss=0.3864, acc=10519/10975 (95.85%)
Epoch 65 [0/84843] Loss: 0.327399
Epoch 65 [35000/84843] Loss: 0.327040
Epoch 65 [70000/84843] Loss: 0.289248
Epoch 65 - Avg Loss: 0.353739 | Train Acc: 96.97%
Val: loss=0.3852, acc=10544/10975 (96.07%)
Epoch 66 [0/84843] Loss: 0.281064
Epoch 66 [35000/84843] Loss: 0.320154
Epoch 66 [70000/84843] Loss: 0.408670
Epoch 66 - Avg Loss: 0.353965 | Train Acc: 96.96%
Val: loss=0.3841, acc=10511/10975 (95.77%)
Epoch 67 [0/84843] Loss: 0.409865
Epoch 67 [35000/84843] Loss: 0.351262
Epoch 67 [70000/84843] Loss: 0.310038
Epoch 67 - Avg Loss: 0.352184 | Train Acc: 97.00%
Val: loss=0.3841, acc=10532/10975 (95.96%)
Epoch 68 [0/84843] Loss: 0.285465
Epoch 68 [35000/84843] Loss: 0.346032
Epoch 68 [70000/84843] Loss: 0.417131
Epoch 68 - Avg Loss: 0.351121 | Train Acc: 97.06%
Val: loss=0.3943, acc=10493/10975 (95.61%)
Epoch 69 [0/84843] Loss: 0.283862
Epoch 69 [35000/84843] Loss: 0.289015
Epoch 69 [70000/84843] Loss: 0.324481
Epoch 69 - Avg Loss: 0.350776 | Train Acc: 97.09%
Val: loss=0.3835, acc=10533/10975 (95.97%)
Epoch 70 [0/84843] Loss: 0.397930
Epoch 70 [35000/84843] Loss: 0.356757
Epoch 70 [70000/84843] Loss: 0.411140
Epoch 70 - Avg Loss: 0.349509 | Train Acc: 97.18%
Val: loss=0.3751, acc=10579/10975 (96.39%)
saved best: 96.39%
Epoch 71 [0/84843] Loss: 0.409125
Epoch 71 [35000/84843] Loss: 0.351715
Epoch 71 [70000/84843] Loss: 0.356863
Epoch 71 - Avg Loss: 0.346701 | Train Acc: 97.26%
Val: loss=0.3824, acc=10530/10975 (95.95%)
Epoch 72 [0/84843] Loss: 0.307353
Epoch 72 [35000/84843] Loss: 0.412283
Epoch 72 [70000/84843] Loss: 0.401531
Epoch 72 - Avg Loss: 0.345005 | Train Acc: 97.29%
Val: loss=0.3900, acc=10525/10975 (95.90%)
Epoch 73 [0/84843] Loss: 0.416577
Epoch 73 [35000/84843] Loss: 0.278955
Epoch 73 [70000/84843] Loss: 0.322249
Epoch 73 - Avg Loss: 0.346674 | Train Acc: 97.25%
Val: loss=0.3944, acc=10511/10975 (95.77%)
Epoch 74 [0/84843] Loss: 0.315045
Epoch 74 [35000/84843] Loss: 0.329215
Epoch 74 [70000/84843] Loss: 0.423747
Epoch 74 - Avg Loss: 0.345305 | Train Acc: 97.24%
Val: loss=0.3848, acc=10533/10975 (95.97%)
Epoch 75 [0/84843] Loss: 0.351360
Epoch 75 [35000/84843] Loss: 0.375225
Epoch 75 [70000/84843] Loss: 0.435554
Epoch 75 - Avg Loss: 0.345119 | Train Acc: 97.31%
Val: loss=0.3774, acc=10545/10975 (96.08%)
Epoch 76 [0/84843] Loss: 0.287894
Epoch 76 [35000/84843] Loss: 0.372959
Epoch 76 [70000/84843] Loss: 0.283523
Epoch 76 - Avg Loss: 0.343770 | Train Acc: 97.32%
Val: loss=0.3861, acc=10530/10975 (95.95%)
Epoch 77 [0/84843] Loss: 0.302616
Epoch 77 [35000/84843] Loss: 0.464586
Epoch 77 [70000/84843] Loss: 0.375018
Epoch 77 - Avg Loss: 0.345076 | Train Acc: 97.26%
Val: loss=0.3920, acc=10516/10975 (95.82%)
Epoch 78 [0/84843] Loss: 0.490335
Epoch 78 [35000/84843] Loss: 0.302759
Epoch 78 [70000/84843] Loss: 0.347256
Epoch 78 - Avg Loss: 0.342010 | Train Acc: 97.42%
Val: loss=0.3848, acc=10540/10975 (96.04%)
Epoch 79 [0/84843] Loss: 0.338464
Epoch 79 [35000/84843] Loss: 0.475889
Epoch 79 [70000/84843] Loss: 0.359927
Epoch 79 - Avg Loss: 0.341735 | Train Acc: 97.43%
Val: loss=0.3752, acc=10586/10975 (96.46%)
saved best: 96.46%
Epoch 80 [0/84843] Loss: 0.420137
Epoch 80 [35000/84843] Loss: 0.479728
Epoch 80 [70000/84843] Loss: 0.337903
Epoch 80 - Avg Loss: 0.342713 | Train Acc: 97.37%
Val: loss=0.3872, acc=10517/10975 (95.83%)
Epoch 81 [0/84843] Loss: 0.394562
Epoch 81 [35000/84843] Loss: 0.291710
Epoch 81 [70000/84843] Loss: 0.279267
Epoch 81 - Avg Loss: 0.341819 | Train Acc: 97.45%
Val: loss=0.3836, acc=10545/10975 (96.08%)
Epoch 82 [0/84843] Loss: 0.340895
Epoch 82 [35000/84843] Loss: 0.281637
Epoch 82 [70000/84843] Loss: 0.352221
Epoch 82 - Avg Loss: 0.341139 | Train Acc: 97.48%
Val: loss=0.3830, acc=10543/10975 (96.06%)
Epoch 83 [0/84843] Loss: 0.339649
Epoch 83 [35000/84843] Loss: 0.295602
Epoch 83 [70000/84843] Loss: 0.355368
Epoch 83 - Avg Loss: 0.340435 | Train Acc: 97.47%
Val: loss=0.3858, acc=10530/10975 (95.95%)
Epoch 84 [0/84843] Loss: 0.354220
Epoch 84 [35000/84843] Loss: 0.299597
Epoch 84 [70000/84843] Loss: 0.277532
Epoch 84 - Avg Loss: 0.339172 | Train Acc: 97.52%
Val: loss=0.3739, acc=10568/10975 (96.29%)
Epoch 85 [0/84843] Loss: 0.294239
Epoch 85 [35000/84843] Loss: 0.361843
Epoch 85 [70000/84843] Loss: 0.522466
Epoch 85 - Avg Loss: 0.337659 | Train Acc: 97.59%
Val: loss=0.3856, acc=10553/10975 (96.15%)
Epoch 86 [0/84843] Loss: 0.285257
Epoch 86 [35000/84843] Loss: 0.289680
Epoch 86 [70000/84843] Loss: 0.332605
Epoch 86 - Avg Loss: 0.340506 | Train Acc: 97.49%
Val: loss=0.3847, acc=10539/10975 (96.03%)
Epoch 87 [0/84843] Loss: 0.337888
Epoch 87 [35000/84843] Loss: 0.305407
Epoch 87 [70000/84843] Loss: 0.489887
Epoch 87 - Avg Loss: 0.339085 | Train Acc: 97.52%
Val: loss=0.3757, acc=10569/10975 (96.30%)
Epoch 88 [0/84843] Loss: 0.288186
Epoch 88 [35000/84843] Loss: 0.436324
Epoch 88 [70000/84843] Loss: 0.346779
Epoch 88 - Avg Loss: 0.339694 | Train Acc: 97.49%
Val: loss=0.3738, acc=10576/10975 (96.36%)
Epoch 89 [0/84843] Loss: 0.364645
Epoch 89 [35000/84843] Loss: 0.284820
Epoch 89 [70000/84843] Loss: 0.338166
Epoch 89 - Avg Loss: 0.338319 | Train Acc: 97.54%
Val: loss=0.3754, acc=10572/10975 (96.33%)
Epoch 90 [0/84843] Loss: 0.293937
Epoch 90 [35000/84843] Loss: 0.350756
Epoch 90 [70000/84843] Loss: 0.321140
Epoch 90 - Avg Loss: 0.337659 | Train Acc: 97.57%
Val: loss=0.3736, acc=10568/10975 (96.29%)
Epoch 91 [0/84843] Loss: 0.343721
Epoch 91 [35000/84843] Loss: 0.324037
Epoch 91 [70000/84843] Loss: 0.447025
Epoch 91 - Avg Loss: 0.336355 | Train Acc: 97.60%
Val: loss=0.3901, acc=10517/10975 (95.83%)
Epoch 92 [0/84843] Loss: 0.455834
Epoch 92 [35000/84843] Loss: 0.343795
Epoch 92 [70000/84843] Loss: 0.412221
Epoch 92 - Avg Loss: 0.335510 | Train Acc: 97.61%
Val: loss=0.3870, acc=10535/10975 (95.99%)
Epoch 93 [0/84843] Loss: 0.376076
Epoch 93 [35000/84843] Loss: 0.410545
Epoch 93 [70000/84843] Loss: 0.290970
Epoch 93 - Avg Loss: 0.335951 | Train Acc: 97.56%
Val: loss=0.3838, acc=10549/10975 (96.12%)
Epoch 94 [0/84843] Loss: 0.289390
Epoch 94 [35000/84843] Loss: 0.334400
Epoch 94 [70000/84843] Loss: 0.425642
Epoch 94 - Avg Loss: 0.334868 | Train Acc: 97.62%
Val: loss=0.3767, acc=10567/10975 (96.28%)
Epoch 95 [0/84843] Loss: 0.304725
Epoch 95 [35000/84843] Loss: 0.396613
Epoch 95 [70000/84843] Loss: 0.414628
Epoch 95 - Avg Loss: 0.333994 | Train Acc: 97.73%
Val: loss=0.3887, acc=10533/10975 (95.97%)
Epoch 96 [0/84843] Loss: 0.410368
Epoch 96 [35000/84843] Loss: 0.287868
Epoch 96 [70000/84843] Loss: 0.290630
Epoch 96 - Avg Loss: 0.335075 | Train Acc: 97.62%
Val: loss=0.3748, acc=10564/10975 (96.26%)
Epoch 97 [0/84843] Loss: 0.313045
Epoch 97 [35000/84843] Loss: 0.439619
Epoch 97 [70000/84843] Loss: 0.350111
Epoch 97 - Avg Loss: 0.334102 | Train Acc: 97.71%
Val: loss=0.3822, acc=10533/10975 (95.97%)
Epoch 98 [0/84843] Loss: 0.314306
Epoch 98 [35000/84843] Loss: 0.348931
Epoch 98 [70000/84843] Loss: 0.329565
Epoch 98 - Avg Loss: 0.334042 | Train Acc: 97.68%
Val: loss=0.3764, acc=10563/10975 (96.25%)
Epoch 99 [0/84843] Loss: 0.295609
Epoch 99 [35000/84843] Loss: 0.420036
Epoch 99 [70000/84843] Loss: 0.286591
Epoch 99 - Avg Loss: 0.334095 | Train Acc: 97.67%
Val: loss=0.3804, acc=10570/10975 (96.31%)
Epoch 100 [0/84843] Loss: 0.366132
Epoch 100 [35000/84843] Loss: 0.318982
Epoch 100 [70000/84843] Loss: 0.285260
Epoch 100 - Avg Loss: 0.333384 | Train Acc: 97.67%
Val: loss=0.3755, acc=10561/10975 (96.23%)
Epoch 101 [0/84843] Loss: 0.422511
Epoch 101 [35000/84843] Loss: 0.365039
Epoch 101 [70000/84843] Loss: 0.278191
Epoch 101 - Avg Loss: 0.333525 | Train Acc: 97.66%
Val: loss=0.3731, acc=10587/10975 (96.46%)
saved best: 96.46%
Epoch 102 [0/84843] Loss: 0.311124
Epoch 102 [35000/84843] Loss: 0.347937
Epoch 102 [70000/84843] Loss: 0.283744
Epoch 102 - Avg Loss: 0.334198 | Train Acc: 97.71%
Val: loss=0.3741, acc=10581/10975 (96.41%)
Epoch 103 [0/84843] Loss: 0.280100
Epoch 103 [35000/84843] Loss: 0.306274
Epoch 103 [70000/84843] Loss: 0.427495
Epoch 103 - Avg Loss: 0.332031 | Train Acc: 97.75%
Val: loss=0.3930, acc=10520/10975 (95.85%)
Epoch 104 [0/84843] Loss: 0.281182
Epoch 104 [35000/84843] Loss: 0.310773
Epoch 104 [70000/84843] Loss: 0.359447
Epoch 104 - Avg Loss: 0.332423 | Train Acc: 97.77%
Val: loss=0.3939, acc=10499/10975 (95.66%)
Epoch 105 [0/84843] Loss: 0.341003
Epoch 105 [35000/84843] Loss: 0.513546
Epoch 105 [70000/84843] Loss: 0.335198
Epoch 105 - Avg Loss: 0.331101 | Train Acc: 97.76%
Val: loss=0.3818, acc=10560/10975 (96.22%)
Epoch 106 [0/84843] Loss: 0.403449
Epoch 106 [35000/84843] Loss: 0.372146
Epoch 106 [70000/84843] Loss: 0.350204
Epoch 106 - Avg Loss: 0.330689 | Train Acc: 97.83%
Val: loss=0.3802, acc=10554/10975 (96.16%)
Epoch 107 [0/84843] Loss: 0.314353
Epoch 107 [35000/84843] Loss: 0.307317
Epoch 107 [70000/84843] Loss: 0.272938
Epoch 107 - Avg Loss: 0.331940 | Train Acc: 97.77%
Val: loss=0.3873, acc=10540/10975 (96.04%)
Epoch 108 [0/84843] Loss: 0.349041
Epoch 108 [35000/84843] Loss: 0.349310
Epoch 108 [70000/84843] Loss: 0.290076
Epoch 108 - Avg Loss: 0.330877 | Train Acc: 97.86%
Val: loss=0.3866, acc=10533/10975 (95.97%)
Epoch 109 [0/84843] Loss: 0.343473
Epoch 109 [35000/84843] Loss: 0.316300
Epoch 109 [70000/84843] Loss: 0.309521
Epoch 109 - Avg Loss: 0.331138 | Train Acc: 97.80%
Val: loss=0.3806, acc=10551/10975 (96.14%)
Epoch 110 [0/84843] Loss: 0.354391
Epoch 110 [35000/84843] Loss: 0.452583
Epoch 110 [70000/84843] Loss: 0.343460
Epoch 110 - Avg Loss: 0.329797 | Train Acc: 97.84%
Val: loss=0.3842, acc=10550/10975 (96.13%)
Epoch 111 [0/84843] Loss: 0.392152
Epoch 111 [35000/84843] Loss: 0.313173
Epoch 111 [70000/84843] Loss: 0.367363
Epoch 111 - Avg Loss: 0.330316 | Train Acc: 97.87%
Val: loss=0.3898, acc=10527/10975 (95.92%)
Epoch 112 [0/84843] Loss: 0.288429
Epoch 112 [35000/84843] Loss: 0.328083
Epoch 112 [70000/84843] Loss: 0.285121
Epoch 112 - Avg Loss: 0.329664 | Train Acc: 97.91%
Val: loss=0.3828, acc=10536/10975 (96.00%)
Epoch 113 [0/84843] Loss: 0.345966
Epoch 113 [35000/84843] Loss: 0.273965
Epoch 113 [70000/84843] Loss: 0.355521
Epoch 113 - Avg Loss: 0.328936 | Train Acc: 97.89%
Val: loss=0.3766, acc=10584/10975 (96.44%)
Epoch 114 [0/84843] Loss: 0.364738
Epoch 114 [35000/84843] Loss: 0.326601
Epoch 114 [70000/84843] Loss: 0.340724
Epoch 114 - Avg Loss: 0.328923 | Train Acc: 97.88%
Val: loss=0.3814, acc=10563/10975 (96.25%)
Epoch 115 [0/84843] Loss: 0.283667
Epoch 115 [35000/84843] Loss: 0.339151
Epoch 115 [70000/84843] Loss: 0.341780
Epoch 115 - Avg Loss: 0.328958 | Train Acc: 97.89%
Val: loss=0.3811, acc=10565/10975 (96.26%)
Epoch 116 [0/84843] Loss: 0.342646
Epoch 116 [35000/84843] Loss: 0.312574
Epoch 116 [70000/84843] Loss: 0.304472
Epoch 116 - Avg Loss: 0.329948 | Train Acc: 97.85%
Val: loss=0.3827, acc=10578/10975 (96.38%)
Epoch 117 [0/84843] Loss: 0.323776
Epoch 117 [35000/84843] Loss: 0.280740
Epoch 117 [70000/84843] Loss: 0.285621
Epoch 117 - Avg Loss: 0.328443 | Train Acc: 97.93%
Val: loss=0.3848, acc=10547/10975 (96.10%)
Epoch 118 [0/84843] Loss: 0.308018
Epoch 118 [35000/84843] Loss: 0.280594
Epoch 118 [70000/84843] Loss: 0.273169
Epoch 118 - Avg Loss: 0.329029 | Train Acc: 97.86%
Val: loss=0.3787, acc=10565/10975 (96.26%)
Epoch 119 [0/84843] Loss: 0.297631
Epoch 119 [35000/84843] Loss: 0.326809
Epoch 119 [70000/84843] Loss: 0.339779
Epoch 119 - Avg Loss: 0.327785 | Train Acc: 97.94%
Val: loss=0.3863, acc=10543/10975 (96.06%)
Epoch 120 [0/84843] Loss: 0.307536
Epoch 120 [35000/84843] Loss: 0.285167
Epoch 120 [70000/84843] Loss: 0.412077
Epoch 120 - Avg Loss: 0.328487 | Train Acc: 97.91%
Val: loss=0.3810, acc=10557/10975 (96.19%)
Epoch 121 [0/84843] Loss: 0.395615
Epoch 121 [35000/84843] Loss: 0.304391
Epoch 121 [70000/84843] Loss: 0.282365
Epoch 121 - Avg Loss: 0.328655 | Train Acc: 97.95%
Val: loss=0.3812, acc=10561/10975 (96.23%)
Epoch 122 [0/84843] Loss: 0.292212
Epoch 122 [35000/84843] Loss: 0.283968
Epoch 122 [70000/84843] Loss: 0.293447
Epoch 122 - Avg Loss: 0.326238 | Train Acc: 97.98%
Val: loss=0.3853, acc=10557/10975 (96.19%)
Epoch 123 [0/84843] Loss: 0.346809
Epoch 123 [35000/84843] Loss: 0.358230
Epoch 123 [70000/84843] Loss: 0.314880
Epoch 123 - Avg Loss: 0.325621 | Train Acc: 98.01%
Val: loss=0.3929, acc=10508/10975 (95.74%)
Epoch 124 [0/84843] Loss: 0.350320
Epoch 124 [35000/84843] Loss: 0.426270
Epoch 124 [70000/84843] Loss: 0.362822
Epoch 124 - Avg Loss: 0.327726 | Train Acc: 97.91%
Val: loss=0.3820, acc=10553/10975 (96.15%)
Epoch 125 [0/84843] Loss: 0.318373
Epoch 125 [35000/84843] Loss: 0.287715
Epoch 125 [70000/84843] Loss: 0.321772
Epoch 125 - Avg Loss: 0.326821 | Train Acc: 97.95%
Val: loss=0.3846, acc=10549/10975 (96.12%)
Epoch 126 [0/84843] Loss: 0.361740
Epoch 126 [35000/84843] Loss: 0.360939
Epoch 126 [70000/84843] Loss: 0.312482
Epoch 126 - Avg Loss: 0.326393 | Train Acc: 97.94%
Val: loss=0.3738, acc=10579/10975 (96.39%)
Epoch 127 [0/84843] Loss: 0.371271
Epoch 127 [35000/84843] Loss: 0.294154
Epoch 127 [70000/84843] Loss: 0.374862
Epoch 127 - Avg Loss: 0.326418 | Train Acc: 98.00%
Val: loss=0.3821, acc=10568/10975 (96.29%)
Epoch 128 [0/84843] Loss: 0.321949
Epoch 128 [35000/84843] Loss: 0.307660
Epoch 128 [70000/84843] Loss: 0.298629
Epoch 128 - Avg Loss: 0.325173 | Train Acc: 98.04%
Val: loss=0.3772, acc=10578/10975 (96.38%)
Epoch 129 [0/84843] Loss: 0.322086
Epoch 129 [35000/84843] Loss: 0.379406
Epoch 129 [70000/84843] Loss: 0.368336
Epoch 129 - Avg Loss: 0.325461 | Train Acc: 98.01%
Val: loss=0.3864, acc=10553/10975 (96.15%)
Epoch 130 [0/84843] Loss: 0.333857
Epoch 130 [35000/84843] Loss: 0.275682
Epoch 130 [70000/84843] Loss: 0.310649
Epoch 130 - Avg Loss: 0.324845 | Train Acc: 98.08%
Val: loss=0.3920, acc=10528/10975 (95.93%)
Epoch 131 [0/84843] Loss: 0.394213
Epoch 131 [35000/84843] Loss: 0.281095
Epoch 131 [70000/84843] Loss: 0.296314
Epoch 131 - Avg Loss: 0.324545 | Train Acc: 98.07%
Val: loss=0.3776, acc=10569/10975 (96.30%)
Epoch 132 [0/84843] Loss: 0.350274
Epoch 132 [35000/84843] Loss: 0.346997
Epoch 132 [70000/84843] Loss: 0.284855
Epoch 132 - Avg Loss: 0.323851 | Train Acc: 98.10%
Val: loss=0.3896, acc=10549/10975 (96.12%)
Epoch 133 [0/84843] Loss: 0.292115
Epoch 133 [35000/84843] Loss: 0.288296
Epoch 133 [70000/84843] Loss: 0.327295
Epoch 133 - Avg Loss: 0.324761 | Train Acc: 98.03%
Val: loss=0.3836, acc=10543/10975 (96.06%)
Epoch 134 [0/84843] Loss: 0.311570
Epoch 134 [35000/84843] Loss: 0.430096
Epoch 134 [70000/84843] Loss: 0.315742
Epoch 134 - Avg Loss: 0.323979 | Train Acc: 98.05%
Val: loss=0.3764, acc=10568/10975 (96.29%)
Epoch 135 [0/84843] Loss: 0.382414
Epoch 135 [35000/84843] Loss: 0.321557
Epoch 135 [70000/84843] Loss: 0.316205
Epoch 135 - Avg Loss: 0.324448 | Train Acc: 98.01%
Val: loss=0.3813, acc=10567/10975 (96.28%)
Epoch 136 [0/84843] Loss: 0.332831
Epoch 136 [35000/84843] Loss: 0.283711
Epoch 136 [70000/84843] Loss: 0.422488
Epoch 136 - Avg Loss: 0.323690 | Train Acc: 98.05%
Val: loss=0.3730, acc=10605/10975 (96.63%)
saved best: 96.63%
Epoch 137 [0/84843] Loss: 0.327251
Epoch 137 [35000/84843] Loss: 0.400192
Epoch 137 [70000/84843] Loss: 0.394954
Epoch 137 - Avg Loss: 0.323100 | Train Acc: 98.09%
Val: loss=0.3730, acc=10600/10975 (96.58%)
Epoch 138 [0/84843] Loss: 0.302902
Epoch 138 [35000/84843] Loss: 0.415040
Epoch 138 [70000/84843] Loss: 0.308186
Epoch 138 - Avg Loss: 0.323319 | Train Acc: 98.15%
Val: loss=0.3770, acc=10587/10975 (96.46%)
Epoch 139 [0/84843] Loss: 0.353956
Epoch 139 [35000/84843] Loss: 0.373043
Epoch 139 [70000/84843] Loss: 0.287016
Epoch 139 - Avg Loss: 0.324188 | Train Acc: 98.04%
Val: loss=0.3731, acc=10577/10975 (96.37%)
Epoch 140 [0/84843] Loss: 0.333984
Epoch 140 [35000/84843] Loss: 0.335913
Epoch 140 [70000/84843] Loss: 0.302961
Epoch 140 - Avg Loss: 0.322593 | Train Acc: 98.09%
Val: loss=0.3870, acc=10549/10975 (96.12%)
Epoch 141 [0/84843] Loss: 0.369741
Epoch 141 [35000/84843] Loss: 0.311115
Epoch 141 [70000/84843] Loss: 0.322682
Epoch 141 - Avg Loss: 0.323040 | Train Acc: 98.11%
Val: loss=0.3815, acc=10559/10975 (96.21%)
Epoch 142 [0/84843] Loss: 0.342226
Epoch 142 [35000/84843] Loss: 0.294890
Epoch 142 [70000/84843] Loss: 0.299279
Epoch 142 - Avg Loss: 0.323986 | Train Acc: 98.07%
Val: loss=0.3784, acc=10557/10975 (96.19%)
Epoch 143 [0/84843] Loss: 0.293550
Epoch 143 [35000/84843] Loss: 0.381444
Epoch 143 [70000/84843] Loss: 0.403945
Epoch 143 - Avg Loss: 0.323108 | Train Acc: 98.10%
Val: loss=0.3852, acc=10562/10975 (96.24%)
Epoch 144 [0/84843] Loss: 0.316782
Epoch 144 [35000/84843] Loss: 0.278324
Epoch 144 [70000/84843] Loss: 0.327091
Epoch 144 - Avg Loss: 0.321767 | Train Acc: 98.16%
Val: loss=0.3722, acc=10593/10975 (96.52%)
Epoch 145 [0/84843] Loss: 0.274968
Epoch 145 [35000/84843] Loss: 0.377068
Epoch 145 [70000/84843] Loss: 0.314695
Epoch 145 - Avg Loss: 0.322805 | Train Acc: 98.13%
Val: loss=0.3900, acc=10528/10975 (95.93%)
Epoch 146 [0/84843] Loss: 0.289494
Epoch 146 [35000/84843] Loss: 0.325494
Epoch 146 [70000/84843] Loss: 0.350296
Epoch 146 - Avg Loss: 0.321807 | Train Acc: 98.15%
Val: loss=0.3773, acc=10577/10975 (96.37%)
Epoch 147 [0/84843] Loss: 0.276258
Epoch 147 [35000/84843] Loss: 0.342305
Epoch 147 [70000/84843] Loss: 0.286316
Epoch 147 - Avg Loss: 0.320708 | Train Acc: 98.19%
Val: loss=0.3813, acc=10569/10975 (96.30%)
Epoch 148 [0/84843] Loss: 0.321448
Epoch 148 [35000/84843] Loss: 0.320616
Epoch 148 [70000/84843] Loss: 0.282735
Epoch 148 - Avg Loss: 0.321283 | Train Acc: 98.18%
Val: loss=0.3856, acc=10540/10975 (96.04%)
Epoch 149 [0/84843] Loss: 0.321368
Epoch 149 [35000/84843] Loss: 0.337330
Epoch 149 [70000/84843] Loss: 0.315612
Epoch 149 - Avg Loss: 0.321005 | Train Acc: 98.22%
Val: loss=0.3719, acc=10589/10975 (96.48%)
Epoch 150 [0/84843] Loss: 0.298732
Epoch 150 [35000/84843] Loss: 0.319532
Epoch 150 [70000/84843] Loss: 0.282947
Epoch 150 - Avg Loss: 0.320565 | Train Acc: 98.20%
Val: loss=0.3849, acc=10547/10975 (96.10%)
Epoch 151 [0/84843] Loss: 0.278801
Epoch 151 [35000/84843] Loss: 0.373308
Epoch 151 [70000/84843] Loss: 0.314181
Epoch 151 - Avg Loss: 0.322258 | Train Acc: 98.15%
Val: loss=0.3855, acc=10528/10975 (95.93%)
Epoch 152 [0/84843] Loss: 0.284974
Epoch 152 [35000/84843] Loss: 0.373232
Epoch 152 [70000/84843] Loss: 0.427546
Epoch 152 - Avg Loss: 0.322439 | Train Acc: 98.15%
Val: loss=0.3822, acc=10552/10975 (96.15%)
Epoch 153 [0/84843] Loss: 0.329562
Epoch 153 [35000/84843] Loss: 0.281929
Epoch 153 [70000/84843] Loss: 0.284637
Epoch 153 - Avg Loss: 0.320189 | Train Acc: 98.23%
Val: loss=0.3820, acc=10559/10975 (96.21%)
Epoch 154 [0/84843] Loss: 0.286808
Epoch 154 [35000/84843] Loss: 0.291150
Epoch 154 [70000/84843] Loss: 0.282672
Epoch 154 - Avg Loss: 0.320909 | Train Acc: 98.19%
Val: loss=0.3757, acc=10579/10975 (96.39%)
Epoch 155 [0/84843] Loss: 0.338839
Epoch 155 [35000/84843] Loss: 0.341717
Epoch 155 [70000/84843] Loss: 0.321072
Epoch 155 - Avg Loss: 0.318282 | Train Acc: 98.26%
Val: loss=0.3792, acc=10573/10975 (96.34%)
Epoch 156 [0/84843] Loss: 0.282553
Epoch 156 [35000/84843] Loss: 0.380266
Epoch 156 [70000/84843] Loss: 0.315915
Epoch 156 - Avg Loss: 0.320306 | Train Acc: 98.22%
Val: loss=0.3748, acc=10587/10975 (96.46%)
Epoch 157 [0/84843] Loss: 0.294542
Epoch 157 [35000/84843] Loss: 0.429388
Epoch 157 [70000/84843] Loss: 0.372906
Epoch 157 - Avg Loss: 0.320600 | Train Acc: 98.21%
Val: loss=0.3784, acc=10576/10975 (96.36%)
Epoch 158 [0/84843] Loss: 0.292904
Epoch 158 [35000/84843] Loss: 0.275740
Epoch 158 [70000/84843] Loss: 0.288199
Epoch 158 - Avg Loss: 0.319740 | Train Acc: 98.26%
Val: loss=0.3830, acc=10563/10975 (96.25%)
Epoch 159 [0/84843] Loss: 0.283886
Epoch 159 [35000/84843] Loss: 0.436553
Epoch 159 [70000/84843] Loss: 0.308088
Epoch 159 - Avg Loss: 0.319995 | Train Acc: 98.23%
Val: loss=0.3862, acc=10553/10975 (96.15%)
Epoch 160 [0/84843] Loss: 0.401083
Epoch 160 [35000/84843] Loss: 0.274741
Epoch 160 [70000/84843] Loss: 0.305914
Epoch 160 - Avg Loss: 0.317500 | Train Acc: 98.34%
Val: loss=0.3815, acc=10576/10975 (96.36%)
Epoch 161 [0/84843] Loss: 0.366715
Epoch 161 [35000/84843] Loss: 0.362117
Epoch 161 [70000/84843] Loss: 0.310795
Epoch 161 - Avg Loss: 0.319519 | Train Acc: 98.22%
Val: loss=0.3787, acc=10579/10975 (96.39%)
Epoch 162 [0/84843] Loss: 0.288160
Epoch 162 [35000/84843] Loss: 0.311420
Epoch 162 [70000/84843] Loss: 0.271690
Epoch 162 - Avg Loss: 0.317948 | Train Acc: 98.30%
Val: loss=0.3794, acc=10570/10975 (96.31%)
Epoch 163 [0/84843] Loss: 0.300800
Epoch 163 [35000/84843] Loss: 0.304414
Epoch 163 [70000/84843] Loss: 0.286203
Epoch 163 - Avg Loss: 0.317314 | Train Acc: 98.34%
Val: loss=0.3783, acc=10574/10975 (96.35%)
Epoch 164 [0/84843] Loss: 0.375676
Epoch 164 [35000/84843] Loss: 0.308081
Epoch 164 [70000/84843] Loss: 0.317425
Epoch 164 - Avg Loss: 0.319094 | Train Acc: 98.26%
Val: loss=0.3855, acc=10538/10975 (96.02%)
Epoch 165 [0/84843] Loss: 0.328045
Epoch 165 [35000/84843] Loss: 0.382276
Epoch 165 [70000/84843] Loss: 0.342928
Epoch 165 - Avg Loss: 0.318251 | Train Acc: 98.27%
Val: loss=0.3877, acc=10549/10975 (96.12%)
Epoch 166 [0/84843] Loss: 0.381329
Epoch 166 [35000/84843] Loss: 0.323814
Epoch 166 [70000/84843] Loss: 0.305324
Epoch 166 - Avg Loss: 0.319084 | Train Acc: 98.22%
Val: loss=0.3801, acc=10562/10975 (96.24%)
Epoch 167 [0/84843] Loss: 0.288582
Epoch 167 [35000/84843] Loss: 0.287034
Epoch 167 [70000/84843] Loss: 0.290765
Epoch 167 - Avg Loss: 0.318078 | Train Acc: 98.32%
Val: loss=0.3784, acc=10571/10975 (96.32%)
Epoch 168 [0/84843] Loss: 0.279531
Epoch 168 [35000/84843] Loss: 0.287935
Epoch 168 [70000/84843] Loss: 0.292832
Epoch 168 - Avg Loss: 0.317359 | Train Acc: 98.36%
Val: loss=0.3845, acc=10562/10975 (96.24%)
Epoch 169 [0/84843] Loss: 0.295803
Epoch 169 [35000/84843] Loss: 0.308190
Epoch 169 [70000/84843] Loss: 0.316238
Epoch 169 - Avg Loss: 0.318842 | Train Acc: 98.26%
Val: loss=0.3748, acc=10588/10975 (96.47%)
Epoch 170 [0/84843] Loss: 0.281971
Epoch 170 [35000/84843] Loss: 0.299920
Epoch 170 [70000/84843] Loss: 0.328258
Epoch 170 - Avg Loss: 0.317986 | Train Acc: 98.28%
Val: loss=0.3835, acc=10574/10975 (96.35%)
Epoch 171 [0/84843] Loss: 0.314692
Epoch 171 [35000/84843] Loss: 0.284083
Epoch 171 [70000/84843] Loss: 0.295949
Epoch 171 - Avg Loss: 0.316935 | Train Acc: 98.32%
Val: loss=0.3824, acc=10576/10975 (96.36%)
Epoch 172 [0/84843] Loss: 0.380268
Epoch 172 [35000/84843] Loss: 0.321032
Epoch 172 [70000/84843] Loss: 0.310799
Epoch 172 - Avg Loss: 0.317269 | Train Acc: 98.37%
Val: loss=0.3797, acc=10576/10975 (96.36%)
Epoch 173 [0/84843] Loss: 0.279518
Epoch 173 [35000/84843] Loss: 0.314483
Epoch 173 [70000/84843] Loss: 0.342778
Epoch 173 - Avg Loss: 0.316420 | Train Acc: 98.37%
Val: loss=0.3787, acc=10587/10975 (96.46%)
Epoch 174 [0/84843] Loss: 0.354418
Epoch 174 [35000/84843] Loss: 0.295883
Epoch 174 [70000/84843] Loss: 0.360757
Epoch 174 - Avg Loss: 0.316028 | Train Acc: 98.37%
Val: loss=0.3821, acc=10559/10975 (96.21%)
Epoch 175 [0/84843] Loss: 0.296355
Epoch 175 [35000/84843] Loss: 0.293979
Epoch 175 [70000/84843] Loss: 0.318397
Epoch 175 - Avg Loss: 0.316878 | Train Acc: 98.36%
Val: loss=0.3869, acc=10548/10975 (96.11%)
Epoch 176 [0/84843] Loss: 0.279886
Epoch 176 [35000/84843] Loss: 0.338088
Epoch 176 [70000/84843] Loss: 0.326394
Epoch 176 - Avg Loss: 0.316726 | Train Acc: 98.37%
Val: loss=0.3761, acc=10580/10975 (96.40%)
Epoch 177 [0/84843] Loss: 0.275289
Epoch 177 [35000/84843] Loss: 0.331256
Epoch 177 [70000/84843] Loss: 0.302608
Epoch 177 - Avg Loss: 0.317113 | Train Acc: 98.30%
Val: loss=0.3823, acc=10551/10975 (96.14%)
Epoch 178 [0/84843] Loss: 0.384578
Epoch 178 [35000/84843] Loss: 0.361354
Epoch 178 [70000/84843] Loss: 0.288559
Epoch 178 - Avg Loss: 0.316891 | Train Acc: 98.30%
Val: loss=0.3870, acc=10541/10975 (96.05%)
Epoch 179 [0/84843] Loss: 0.447554
Epoch 179 [35000/84843] Loss: 0.274152
Epoch 179 [70000/84843] Loss: 0.343248
Epoch 179 - Avg Loss: 0.315188 | Train Acc: 98.40%
Val: loss=0.3795, acc=10577/10975 (96.37%)
Epoch 180 [0/84843] Loss: 0.352056
Epoch 180 [35000/84843] Loss: 0.315867
Epoch 180 [70000/84843] Loss: 0.291934
Epoch 180 - Avg Loss: 0.314722 | Train Acc: 98.41%
Val: loss=0.3758, acc=10593/10975 (96.52%)
Epoch 181 [0/84843] Loss: 0.288862
Epoch 181 [35000/84843] Loss: 0.300362
Epoch 181 [70000/84843] Loss: 0.277036
Epoch 181 - Avg Loss: 0.315312 | Train Acc: 98.42%
Val: loss=0.3802, acc=10574/10975 (96.35%)
Epoch 182 [0/84843] Loss: 0.273391
Epoch 182 [35000/84843] Loss: 0.317852
Epoch 182 [70000/84843] Loss: 0.285699
Epoch 182 - Avg Loss: 0.314828 | Train Acc: 98.44%
Val: loss=0.3824, acc=10571/10975 (96.32%)
Epoch 183 [0/84843] Loss: 0.303696
Epoch 183 [35000/84843] Loss: 0.284642
Epoch 183 [70000/84843] Loss: 0.323272
Epoch 183 - Avg Loss: 0.316316 | Train Acc: 98.36%
Val: loss=0.3768, acc=10607/10975 (96.65%)
saved best: 96.65%
Epoch 184 [0/84843] Loss: 0.278337
Epoch 184 [35000/84843] Loss: 0.318449
Epoch 184 [70000/84843] Loss: 0.410074
Epoch 184 - Avg Loss: 0.315408 | Train Acc: 98.38%
Val: loss=0.3756, acc=10585/10975 (96.45%)
Epoch 185 [0/84843] Loss: 0.301376
Epoch 185 [35000/84843] Loss: 0.324201
Epoch 185 [70000/84843] Loss: 0.292372
Epoch 185 - Avg Loss: 0.313427 | Train Acc: 98.43%
Val: loss=0.3770, acc=10580/10975 (96.40%)
Epoch 186 [0/84843] Loss: 0.361097
Epoch 186 [35000/84843] Loss: 0.289603
Epoch 186 [70000/84843] Loss: 0.270873
Epoch 186 - Avg Loss: 0.315368 | Train Acc: 98.37%
Val: loss=0.3841, acc=10564/10975 (96.26%)
Epoch 187 [0/84843] Loss: 0.422513
Epoch 187 [35000/84843] Loss: 0.286412
Epoch 187 [70000/84843] Loss: 0.347420
Epoch 187 - Avg Loss: 0.314591 | Train Acc: 98.43%
Val: loss=0.3758, acc=10601/10975 (96.59%)
Epoch 188 [0/84843] Loss: 0.363021
Epoch 188 [35000/84843] Loss: 0.310176
Epoch 188 [70000/84843] Loss: 0.277904
Epoch 188 - Avg Loss: 0.314559 | Train Acc: 98.47%
Val: loss=0.3762, acc=10573/10975 (96.34%)
Epoch 189 [0/84843] Loss: 0.287125
Epoch 189 [35000/84843] Loss: 0.327335
Epoch 189 [70000/84843] Loss: 0.283022
Epoch 189 - Avg Loss: 0.314495 | Train Acc: 98.44%
Val: loss=0.3736, acc=10599/10975 (96.57%)
Epoch 190 [0/84843] Loss: 0.295621
Epoch 190 [35000/84843] Loss: 0.281686
Epoch 190 [70000/84843] Loss: 0.285050
Epoch 190 - Avg Loss: 0.314677 | Train Acc: 98.42%
Val: loss=0.3747, acc=10610/10975 (96.67%)
saved best: 96.67%
Epoch 191 [0/84843] Loss: 0.276063
Epoch 191 [35000/84843] Loss: 0.282748
Epoch 191 [70000/84843] Loss: 0.308548
Epoch 191 - Avg Loss: 0.313502 | Train Acc: 98.48%
Val: loss=0.3792, acc=10586/10975 (96.46%)
Epoch 192 [0/84843] Loss: 0.440258
Epoch 192 [35000/84843] Loss: 0.316341
Epoch 192 [70000/84843] Loss: 0.331286
Epoch 192 - Avg Loss: 0.314497 | Train Acc: 98.41%
Val: loss=0.3777, acc=10588/10975 (96.47%)
Epoch 193 [0/84843] Loss: 0.277394
Epoch 193 [35000/84843] Loss: 0.292019
Epoch 193 [70000/84843] Loss: 0.327759
Epoch 193 - Avg Loss: 0.312914 | Train Acc: 98.48%
Val: loss=0.3798, acc=10596/10975 (96.55%)
Epoch 194 [0/84843] Loss: 0.313894
Epoch 194 [35000/84843] Loss: 0.316330
Epoch 194 [70000/84843] Loss: 0.378945
Epoch 194 - Avg Loss: 0.313145 | Train Acc: 98.47%
Val: loss=0.3790, acc=10595/10975 (96.54%)
Epoch 195 [0/84843] Loss: 0.342601
Epoch 195 [35000/84843] Loss: 0.274615
Epoch 195 [70000/84843] Loss: 0.283274
Epoch 195 - Avg Loss: 0.313509 | Train Acc: 98.44%
Val: loss=0.3839, acc=10569/10975 (96.30%)
Epoch 196 [0/84843] Loss: 0.296145
Epoch 196 [35000/84843] Loss: 0.277826
Epoch 196 [70000/84843] Loss: 0.372668
Epoch 196 - Avg Loss: 0.311430 | Train Acc: 98.56%
Val: loss=0.3781, acc=10587/10975 (96.46%)
Epoch 197 [0/84843] Loss: 0.289641
Epoch 197 [35000/84843] Loss: 0.287593
Epoch 197 [70000/84843] Loss: 0.295814
Epoch 197 - Avg Loss: 0.312089 | Train Acc: 98.56%
Val: loss=0.3811, acc=10582/10975 (96.42%)
Epoch 198 [0/84843] Loss: 0.310474
Epoch 198 [35000/84843] Loss: 0.293267
Epoch 198 [70000/84843] Loss: 0.307033
Epoch 198 - Avg Loss: 0.313392 | Train Acc: 98.47%
Val: loss=0.3807, acc=10585/10975 (96.45%)
Epoch 199 [0/84843] Loss: 0.290907
Epoch 199 [35000/84843] Loss: 0.370866
Epoch 199 [70000/84843] Loss: 0.349452
Epoch 199 - Avg Loss: 0.313085 | Train Acc: 98.49%
Val: loss=0.3866, acc=10571/10975 (96.32%)
Epoch 200 [0/84843] Loss: 0.345451
Epoch 200 [35000/84843] Loss: 0.320258
Epoch 200 [70000/84843] Loss: 0.313223
Epoch 200 - Avg Loss: 0.312661 | Train Acc: 98.52%
Val: loss=0.3863, acc=10552/10975 (96.15%)
Epoch 201 [0/84843] Loss: 0.327869
Epoch 201 [35000/84843] Loss: 0.272858
Epoch 201 [70000/84843] Loss: 0.373674
Epoch 201 - Avg Loss: 0.312783 | Train Acc: 98.54%
Val: loss=0.3841, acc=10574/10975 (96.35%)
Epoch 202 [0/84843] Loss: 0.279376
Epoch 202 [35000/84843] Loss: 0.349158
Epoch 202 [70000/84843] Loss: 0.283799
Epoch 202 - Avg Loss: 0.311907 | Train Acc: 98.54%
Val: loss=0.3840, acc=10580/10975 (96.40%)
Epoch 203 [0/84843] Loss: 0.281929
Epoch 203 [35000/84843] Loss: 0.271272
Epoch 203 [70000/84843] Loss: 0.361428
Epoch 203 - Avg Loss: 0.311334 | Train Acc: 98.54%
Val: loss=0.3784, acc=10596/10975 (96.55%)
Epoch 204 [0/84843] Loss: 0.282472
Epoch 204 [35000/84843] Loss: 0.269785
Epoch 204 [70000/84843] Loss: 0.315671
Epoch 204 - Avg Loss: 0.309879 | Train Acc: 98.61%
Val: loss=0.3894, acc=10540/10975 (96.04%)
Epoch 205 [0/84843] Loss: 0.344730
Epoch 205 [35000/84843] Loss: 0.279434
Epoch 205 [70000/84843] Loss: 0.294577
Epoch 205 - Avg Loss: 0.312740 | Train Acc: 98.51%
Val: loss=0.3760, acc=10588/10975 (96.47%)
Epoch 206 [0/84843] Loss: 0.420237
Epoch 206 [35000/84843] Loss: 0.347763
Epoch 206 [70000/84843] Loss: 0.283544
Epoch 206 - Avg Loss: 0.312564 | Train Acc: 98.51%
Val: loss=0.3906, acc=10532/10975 (95.96%)
Epoch 207 [0/84843] Loss: 0.283176
Epoch 207 [35000/84843] Loss: 0.292307
Epoch 207 [70000/84843] Loss: 0.279800
Epoch 207 - Avg Loss: 0.311745 | Train Acc: 98.55%
Val: loss=0.3806, acc=10576/10975 (96.36%)
Epoch 208 [0/84843] Loss: 0.310895
Epoch 208 [35000/84843] Loss: 0.269988
Epoch 208 [70000/84843] Loss: 0.277869
Epoch 208 - Avg Loss: 0.311053 | Train Acc: 98.54%
Val: loss=0.3821, acc=10567/10975 (96.28%)
Epoch 209 [0/84843] Loss: 0.287647
Epoch 209 [35000/84843] Loss: 0.299859
Epoch 209 [70000/84843] Loss: 0.274479
Epoch 209 - Avg Loss: 0.310335 | Train Acc: 98.58%
Val: loss=0.3805, acc=10569/10975 (96.30%)
Epoch 210 [0/84843] Loss: 0.279963
Epoch 210 [35000/84843] Loss: 0.318124
Epoch 210 [70000/84843] Loss: 0.297944
Epoch 210 - Avg Loss: 0.311108 | Train Acc: 98.57%
Val: loss=0.3798, acc=10602/10975 (96.60%)
Epoch 211 [0/84843] Loss: 0.328069
Epoch 211 [35000/84843] Loss: 0.275037
Epoch 211 [70000/84843] Loss: 0.321940
Epoch 211 - Avg Loss: 0.310636 | Train Acc: 98.56%
Val: loss=0.3769, acc=10583/10975 (96.43%)
Epoch 212 [0/84843] Loss: 0.416750
Epoch 212 [35000/84843] Loss: 0.340984
Epoch 212 [70000/84843] Loss: 0.318296
Epoch 212 - Avg Loss: 0.310072 | Train Acc: 98.59%
Val: loss=0.3807, acc=10581/10975 (96.41%)
Epoch 213 [0/84843] Loss: 0.277266
Epoch 213 [35000/84843] Loss: 0.274185
Epoch 213 [70000/84843] Loss: 0.278722
Epoch 213 - Avg Loss: 0.308695 | Train Acc: 98.63%
Val: loss=0.3774, acc=10603/10975 (96.61%)
Epoch 214 [0/84843] Loss: 0.293986
Epoch 214 [35000/84843] Loss: 0.272798
Epoch 214 [70000/84843] Loss: 0.312339
Epoch 214 - Avg Loss: 0.310372 | Train Acc: 98.57%
Val: loss=0.3806, acc=10582/10975 (96.42%)
Epoch 215 [0/84843] Loss: 0.359524
Epoch 215 [35000/84843] Loss: 0.300981
Epoch 215 [70000/84843] Loss: 0.274550
Epoch 215 - Avg Loss: 0.309198 | Train Acc: 98.63%
Val: loss=0.3751, acc=10581/10975 (96.41%)
Epoch 216 [0/84843] Loss: 0.282842
Epoch 216 [35000/84843] Loss: 0.275530
Epoch 216 [70000/84843] Loss: 0.312696
Epoch 216 - Avg Loss: 0.310706 | Train Acc: 98.62%
Val: loss=0.3744, acc=10580/10975 (96.40%)
Epoch 217 [0/84843] Loss: 0.278820
Epoch 217 [35000/84843] Loss: 0.369939
Epoch 217 [70000/84843] Loss: 0.316969
Epoch 217 - Avg Loss: 0.309280 | Train Acc: 98.62%
Val: loss=0.3820, acc=10567/10975 (96.28%)
Epoch 218 [0/84843] Loss: 0.274935
Epoch 218 [35000/84843] Loss: 0.278672
Epoch 218 [70000/84843] Loss: 0.270517
Epoch 218 - Avg Loss: 0.308336 | Train Acc: 98.67%
Val: loss=0.3853, acc=10562/10975 (96.24%)
Epoch 219 [0/84843] Loss: 0.283561
Epoch 219 [35000/84843] Loss: 0.344098
Epoch 219 [70000/84843] Loss: 0.271582
Epoch 219 - Avg Loss: 0.309393 | Train Acc: 98.65%
Val: loss=0.3734, acc=10591/10975 (96.50%)
Epoch 220 [0/84843] Loss: 0.307365
Epoch 220 [35000/84843] Loss: 0.341726
Epoch 220 [70000/84843] Loss: 0.312336
Epoch 220 - Avg Loss: 0.307775 | Train Acc: 98.69%
Val: loss=0.3730, acc=10599/10975 (96.57%)
Epoch 221 [0/84843] Loss: 0.274517
Epoch 221 [35000/84843] Loss: 0.312615
Epoch 221 [70000/84843] Loss: 0.308236
Epoch 221 - Avg Loss: 0.307706 | Train Acc: 98.69%
Val: loss=0.3824, acc=10579/10975 (96.39%)
Epoch 222 [0/84843] Loss: 0.295430
Epoch 222 [35000/84843] Loss: 0.282849
Epoch 222 [70000/84843] Loss: 0.274963
Epoch 222 - Avg Loss: 0.308428 | Train Acc: 98.66%
Val: loss=0.3809, acc=10576/10975 (96.36%)
Epoch 223 [0/84843] Loss: 0.332727
Epoch 223 [35000/84843] Loss: 0.306403
Epoch 223 [70000/84843] Loss: 0.296300
Epoch 223 - Avg Loss: 0.308823 | Train Acc: 98.66%
Val: loss=0.3816, acc=10557/10975 (96.19%)
Epoch 224 [0/84843] Loss: 0.288844
Epoch 224 [35000/84843] Loss: 0.307169
Epoch 224 [70000/84843] Loss: 0.277376
Epoch 224 - Avg Loss: 0.308217 | Train Acc: 98.68%
Val: loss=0.3827, acc=10572/10975 (96.33%)
Epoch 225 [0/84843] Loss: 0.286558
Epoch 225 [35000/84843] Loss: 0.378846
Epoch 225 [70000/84843] Loss: 0.301275
Epoch 225 - Avg Loss: 0.306361 | Train Acc: 98.76%
Val: loss=0.3803, acc=10573/10975 (96.34%)
Epoch 226 [0/84843] Loss: 0.310286
Epoch 226 [35000/84843] Loss: 0.346887
Epoch 226 [70000/84843] Loss: 0.375103
Epoch 226 - Avg Loss: 0.307130 | Train Acc: 98.75%
Val: loss=0.3791, acc=10585/10975 (96.45%)
Epoch 227 [0/84843] Loss: 0.325893
Epoch 227 [35000/84843] Loss: 0.318607
Epoch 227 [70000/84843] Loss: 0.348535
Epoch 227 - Avg Loss: 0.307332 | Train Acc: 98.69%
Val: loss=0.3802, acc=10579/10975 (96.39%)
Epoch 228 [0/84843] Loss: 0.276431
Epoch 228 [35000/84843] Loss: 0.297355
Epoch 228 [70000/84843] Loss: 0.302655
Epoch 228 - Avg Loss: 0.307300 | Train Acc: 98.68%
Val: loss=0.3818, acc=10576/10975 (96.36%)
Epoch 229 [0/84843] Loss: 0.348301
Epoch 229 [35000/84843] Loss: 0.310235
Epoch 229 [70000/84843] Loss: 0.277317
Epoch 229 - Avg Loss: 0.307075 | Train Acc: 98.73%
Val: loss=0.3773, acc=10595/10975 (96.54%)
Epoch 230 [0/84843] Loss: 0.333664
Epoch 230 [35000/84843] Loss: 0.372234
Epoch 230 [70000/84843] Loss: 0.306561
Epoch 230 - Avg Loss: 0.305340 | Train Acc: 98.78%
Val: loss=0.3779, acc=10592/10975 (96.51%)
Epoch 231 [0/84843] Loss: 0.293048
Epoch 231 [35000/84843] Loss: 0.272450
Epoch 231 [70000/84843] Loss: 0.278047
Epoch 231 - Avg Loss: 0.306412 | Train Acc: 98.74%
Val: loss=0.3757, acc=10596/10975 (96.55%)
Epoch 232 [0/84843] Loss: 0.290115
Epoch 232 [35000/84843] Loss: 0.288013
Epoch 232 [70000/84843] Loss: 0.270730
Epoch 232 - Avg Loss: 0.305472 | Train Acc: 98.80%
Val: loss=0.3749, acc=10602/10975 (96.60%)
Epoch 233 [0/84843] Loss: 0.280309
Epoch 233 [35000/84843] Loss: 0.302283
Epoch 233 [70000/84843] Loss: 0.314036
Epoch 233 - Avg Loss: 0.305610 | Train Acc: 98.77%
Val: loss=0.3809, acc=10584/10975 (96.44%)
Epoch 234 [0/84843] Loss: 0.330247
Epoch 234 [35000/84843] Loss: 0.282163
Epoch 234 [70000/84843] Loss: 0.296054
Epoch 234 - Avg Loss: 0.306473 | Train Acc: 98.72%
Val: loss=0.3800, acc=10600/10975 (96.58%)
Epoch 235 [0/84843] Loss: 0.352877
Epoch 235 [35000/84843] Loss: 0.298501
Epoch 235 [70000/84843] Loss: 0.325252
Epoch 235 - Avg Loss: 0.304920 | Train Acc: 98.77%
Val: loss=0.3773, acc=10604/10975 (96.62%)
Epoch 236 [0/84843] Loss: 0.285288
Epoch 236 [35000/84843] Loss: 0.343663
Epoch 236 [70000/84843] Loss: 0.273601
Epoch 236 - Avg Loss: 0.304384 | Train Acc: 98.81%
Val: loss=0.3822, acc=10576/10975 (96.36%)
Epoch 237 [0/84843] Loss: 0.278091
Epoch 237 [35000/84843] Loss: 0.280918
Epoch 237 [70000/84843] Loss: 0.285844
Epoch 237 - Avg Loss: 0.305730 | Train Acc: 98.77%
Val: loss=0.3837, acc=10571/10975 (96.32%)
Epoch 238 [0/84843] Loss: 0.283158
Epoch 238 [35000/84843] Loss: 0.324979
Epoch 238 [70000/84843] Loss: 0.311704
Epoch 238 - Avg Loss: 0.303542 | Train Acc: 98.84%
Val: loss=0.3799, acc=10581/10975 (96.41%)
Epoch 239 [0/84843] Loss: 0.277260
Epoch 239 [35000/84843] Loss: 0.269483
Epoch 239 [70000/84843] Loss: 0.301083
Epoch 239 - Avg Loss: 0.305086 | Train Acc: 98.77%
Val: loss=0.3796, acc=10592/10975 (96.51%)
Epoch 240 [0/84843] Loss: 0.320658
Epoch 240 [35000/84843] Loss: 0.305335
Epoch 240 [70000/84843] Loss: 0.277377
Epoch 240 - Avg Loss: 0.304798 | Train Acc: 98.77%
Val: loss=0.3734, acc=10606/10975 (96.64%)
Epoch 241 [0/84843] Loss: 0.280526
Epoch 241 [35000/84843] Loss: 0.330753
Epoch 241 [70000/84843] Loss: 0.278752
Epoch 241 - Avg Loss: 0.303677 | Train Acc: 98.85%
Val: loss=0.3793, acc=10574/10975 (96.35%)
Epoch 242 [0/84843] Loss: 0.323552
Epoch 242 [35000/84843] Loss: 0.347717
Epoch 242 [70000/84843] Loss: 0.283470
Epoch 242 - Avg Loss: 0.304589 | Train Acc: 98.80%
Val: loss=0.3730, acc=10606/10975 (96.64%)
Epoch 243 [0/84843] Loss: 0.290651
Epoch 243 [35000/84843] Loss: 0.336416
Epoch 243 [70000/84843] Loss: 0.292257
Epoch 243 - Avg Loss: 0.304927 | Train Acc: 98.81%
Val: loss=0.3817, acc=10582/10975 (96.42%)
Epoch 244 [0/84843] Loss: 0.351881
Epoch 244 [35000/84843] Loss: 0.288362
Epoch 244 [70000/84843] Loss: 0.284002
Epoch 244 - Avg Loss: 0.303298 | Train Acc: 98.86%
Val: loss=0.3791, acc=10588/10975 (96.47%)
Epoch 245 [0/84843] Loss: 0.310067
Epoch 245 [35000/84843] Loss: 0.304904
Epoch 245 [70000/84843] Loss: 0.275602
Epoch 245 - Avg Loss: 0.304852 | Train Acc: 98.80%
Val: loss=0.3800, acc=10588/10975 (96.47%)
Epoch 246 [0/84843] Loss: 0.342881
Epoch 246 [35000/84843] Loss: 0.283595
Epoch 246 [70000/84843] Loss: 0.284577
Epoch 246 - Avg Loss: 0.303822 | Train Acc: 98.84%
Val: loss=0.3753, acc=10594/10975 (96.53%)
Epoch 247 [0/84843] Loss: 0.278200
Epoch 247 [35000/84843] Loss: 0.285571
Epoch 247 [70000/84843] Loss: 0.277473
Epoch 247 - Avg Loss: 0.304022 | Train Acc: 98.85%
Val: loss=0.3770, acc=10603/10975 (96.61%)
Epoch 248 [0/84843] Loss: 0.273714
Epoch 248 [35000/84843] Loss: 0.271407
Epoch 248 [70000/84843] Loss: 0.274171
Epoch 248 - Avg Loss: 0.303736 | Train Acc: 98.85%
Val: loss=0.3845, acc=10584/10975 (96.44%)
Epoch 249 [0/84843] Loss: 0.279787
Epoch 249 [35000/84843] Loss: 0.302091
Epoch 249 [70000/84843] Loss: 0.295457
Epoch 249 - Avg Loss: 0.303342 | Train Acc: 98.86%
Val: loss=0.3863, acc=10573/10975 (96.34%)
Epoch 250 [0/84843] Loss: 0.270115
Epoch 250 [35000/84843] Loss: 0.277062
Epoch 250 [70000/84843] Loss: 0.272336
Epoch 250 - Avg Loss: 0.302839 | Train Acc: 98.88%
Val: loss=0.3779, acc=10605/10975 (96.63%)
Epoch 251 [0/84843] Loss: 0.310576
Epoch 251 [35000/84843] Loss: 0.293949
Epoch 251 [70000/84843] Loss: 0.273618
Epoch 251 - Avg Loss: 0.303896 | Train Acc: 98.86%
Val: loss=0.3807, acc=10598/10975 (96.56%)
Epoch 252 [0/84843] Loss: 0.293890
Epoch 252 [35000/84843] Loss: 0.303035
Epoch 252 [70000/84843] Loss: 0.288583
Epoch 252 - Avg Loss: 0.302645 | Train Acc: 98.90%
Val: loss=0.3804, acc=10606/10975 (96.64%)
Epoch 253 [0/84843] Loss: 0.271934
Epoch 253 [35000/84843] Loss: 0.335500
Epoch 253 [70000/84843] Loss: 0.311275
Epoch 253 - Avg Loss: 0.302428 | Train Acc: 98.90%
Val: loss=0.3787, acc=10584/10975 (96.44%)
Epoch 254 [0/84843] Loss: 0.331168
Epoch 254 [35000/84843] Loss: 0.285454
Epoch 254 [70000/84843] Loss: 0.332927
Epoch 254 - Avg Loss: 0.303123 | Train Acc: 98.86%
Val: loss=0.3875, acc=10579/10975 (96.39%)
Epoch 255 [0/84843] Loss: 0.310443
Epoch 255 [35000/84843] Loss: 0.297937
Epoch 255 [70000/84843] Loss: 0.296950
Epoch 255 - Avg Loss: 0.302505 | Train Acc: 98.87%
Val: loss=0.3830, acc=10582/10975 (96.42%)
Epoch 256 [0/84843] Loss: 0.284455
Epoch 256 [35000/84843] Loss: 0.270934
Epoch 256 [70000/84843] Loss: 0.281699
Epoch 256 - Avg Loss: 0.300997 | Train Acc: 98.95%
Val: loss=0.3824, acc=10591/10975 (96.50%)
Epoch 257 [0/84843] Loss: 0.296434
Epoch 257 [35000/84843] Loss: 0.275894
Epoch 257 [70000/84843] Loss: 0.278975
Epoch 257 - Avg Loss: 0.303718 | Train Acc: 98.86%
Val: loss=0.3817, acc=10583/10975 (96.43%)
Epoch 258 [0/84843] Loss: 0.295151
Epoch 258 [35000/84843] Loss: 0.360771
Epoch 258 [70000/84843] Loss: 0.311740
Epoch 258 - Avg Loss: 0.302632 | Train Acc: 98.91%
Val: loss=0.3830, acc=10584/10975 (96.44%)
Epoch 259 [0/84843] Loss: 0.273680
Epoch 259 [35000/84843] Loss: 0.283913
Epoch 259 [70000/84843] Loss: 0.281213
Epoch 259 - Avg Loss: 0.301613 | Train Acc: 98.91%
Val: loss=0.3804, acc=10577/10975 (96.37%)
Epoch 260 [0/84843] Loss: 0.282377
Epoch 260 [35000/84843] Loss: 0.296400
Epoch 260 [70000/84843] Loss: 0.282438
Epoch 260 - Avg Loss: 0.301463 | Train Acc: 98.93%
Val: loss=0.3825, acc=10592/10975 (96.51%)
Epoch 261 [0/84843] Loss: 0.316982
Epoch 261 [35000/84843] Loss: 0.352379
Epoch 261 [70000/84843] Loss: 0.273311
Epoch 261 - Avg Loss: 0.300844 | Train Acc: 98.96%
Val: loss=0.3818, acc=10576/10975 (96.36%)
Epoch 262 [0/84843] Loss: 0.326279
Epoch 262 [35000/84843] Loss: 0.359584
Epoch 262 [70000/84843] Loss: 0.270392
Epoch 262 - Avg Loss: 0.302122 | Train Acc: 98.90%
Val: loss=0.3856, acc=10570/10975 (96.31%)
Epoch 263 [0/84843] Loss: 0.337797
Epoch 263 [35000/84843] Loss: 0.295681
Epoch 263 [70000/84843] Loss: 0.274287
Epoch 263 - Avg Loss: 0.301868 | Train Acc: 98.94%
Val: loss=0.3731, acc=10609/10975 (96.67%)
Epoch 264 [0/84843] Loss: 0.271120
Epoch 264 [35000/84843] Loss: 0.269544
Epoch 264 [70000/84843] Loss: 0.273137
Epoch 264 - Avg Loss: 0.300582 | Train Acc: 98.95%
Val: loss=0.3795, acc=10592/10975 (96.51%)
Epoch 265 [0/84843] Loss: 0.306408
Epoch 265 [35000/84843] Loss: 0.282179
Epoch 265 [70000/84843] Loss: 0.311924
Epoch 265 - Avg Loss: 0.300650 | Train Acc: 98.96%
Val: loss=0.3781, acc=10606/10975 (96.64%)
Epoch 266 [0/84843] Loss: 0.277202
Epoch 266 [35000/84843] Loss: 0.273499
Epoch 266 [70000/84843] Loss: 0.322905
Epoch 266 - Avg Loss: 0.300265 | Train Acc: 98.96%
Val: loss=0.3841, acc=10600/10975 (96.58%)
Epoch 267 [0/84843] Loss: 0.279056
Epoch 267 [35000/84843] Loss: 0.279163
Epoch 267 [70000/84843] Loss: 0.280964
Epoch 267 - Avg Loss: 0.300179 | Train Acc: 99.01%
Val: loss=0.3828, acc=10590/10975 (96.49%)
Epoch 268 [0/84843] Loss: 0.326309
Epoch 268 [35000/84843] Loss: 0.425098
Epoch 268 [70000/84843] Loss: 0.314309
Epoch 268 - Avg Loss: 0.300290 | Train Acc: 98.97%
Val: loss=0.3883, acc=10580/10975 (96.40%)
Epoch 269 [0/84843] Loss: 0.317131
Epoch 269 [35000/84843] Loss: 0.282917
Epoch 269 [70000/84843] Loss: 0.271068
Epoch 269 - Avg Loss: 0.299888 | Train Acc: 98.98%
Val: loss=0.3773, acc=10616/10975 (96.73%)
saved best: 96.73%
Epoch 270 [0/84843] Loss: 0.289191
Epoch 270 [35000/84843] Loss: 0.288046
Epoch 270 [70000/84843] Loss: 0.316768
Epoch 270 - Avg Loss: 0.300150 | Train Acc: 99.00%
Val: loss=0.3822, acc=10581/10975 (96.41%)
Epoch 271 [0/84843] Loss: 0.286662
Epoch 271 [35000/84843] Loss: 0.276852
Epoch 271 [70000/84843] Loss: 0.311986
Epoch 271 - Avg Loss: 0.299866 | Train Acc: 98.99%
Val: loss=0.3797, acc=10607/10975 (96.65%)
Epoch 272 [0/84843] Loss: 0.277126
Epoch 272 [35000/84843] Loss: 0.389752
Epoch 272 [70000/84843] Loss: 0.274704
Epoch 272 - Avg Loss: 0.298683 | Train Acc: 99.04%
Val: loss=0.3769, acc=10613/10975 (96.70%)
Epoch 273 [0/84843] Loss: 0.277657
Epoch 273 [35000/84843] Loss: 0.326108
Epoch 273 [70000/84843] Loss: 0.312104
Epoch 273 - Avg Loss: 0.298903 | Train Acc: 99.05%
Val: loss=0.3815, acc=10583/10975 (96.43%)
Epoch 274 [0/84843] Loss: 0.280642
Epoch 274 [35000/84843] Loss: 0.309696
Epoch 274 [70000/84843] Loss: 0.274503
Epoch 274 - Avg Loss: 0.298272 | Train Acc: 99.04%
Val: loss=0.3767, acc=10615/10975 (96.72%)
Epoch 275 [0/84843] Loss: 0.293719
Epoch 275 [35000/84843] Loss: 0.272669
Epoch 275 [70000/84843] Loss: 0.304136
Epoch 275 - Avg Loss: 0.299490 | Train Acc: 98.98%
Val: loss=0.3818, acc=10595/10975 (96.54%)
Epoch 276 [0/84843] Loss: 0.280615
Epoch 276 [35000/84843] Loss: 0.301831
Epoch 276 [70000/84843] Loss: 0.381674
Epoch 276 - Avg Loss: 0.299006 | Train Acc: 99.02%
Val: loss=0.3781, acc=10611/10975 (96.68%)
Epoch 277 [0/84843] Loss: 0.275755
Epoch 277 [35000/84843] Loss: 0.295298
Epoch 277 [70000/84843] Loss: 0.272111
Epoch 277 - Avg Loss: 0.298157 | Train Acc: 99.06%
Val: loss=0.3828, acc=10591/10975 (96.50%)
Epoch 278 [0/84843] Loss: 0.291363
Epoch 278 [35000/84843] Loss: 0.318918
Epoch 278 [70000/84843] Loss: 0.281978
Epoch 278 - Avg Loss: 0.298431 | Train Acc: 99.07%
Val: loss=0.3753, acc=10635/10975 (96.90%)
saved best: 96.90%
Epoch 279 [0/84843] Loss: 0.269020
Epoch 279 [35000/84843] Loss: 0.276600
Epoch 279 [70000/84843] Loss: 0.275617
Epoch 279 - Avg Loss: 0.297697 | Train Acc: 99.08%
Val: loss=0.3814, acc=10606/10975 (96.64%)
Epoch 280 [0/84843] Loss: 0.284091
Epoch 280 [35000/84843] Loss: 0.310067
Epoch 280 [70000/84843] Loss: 0.345339
Epoch 280 - Avg Loss: 0.299655 | Train Acc: 99.02%
Val: loss=0.3784, acc=10596/10975 (96.55%)
Epoch 281 [0/84843] Loss: 0.356780
Epoch 281 [35000/84843] Loss: 0.402664
Epoch 281 [70000/84843] Loss: 0.322912
Epoch 281 - Avg Loss: 0.298188 | Train Acc: 99.04%
Val: loss=0.3835, acc=10601/10975 (96.59%)
Epoch 282 [0/84843] Loss: 0.313881
Epoch 282 [35000/84843] Loss: 0.337299
Epoch 282 [70000/84843] Loss: 0.292657
Epoch 282 - Avg Loss: 0.297804 | Train Acc: 99.07%
Val: loss=0.3832, acc=10601/10975 (96.59%)
Epoch 283 [0/84843] Loss: 0.278986
Epoch 283 [35000/84843] Loss: 0.270559
Epoch 283 [70000/84843] Loss: 0.289062
Epoch 283 - Avg Loss: 0.297797 | Train Acc: 99.05%
Val: loss=0.3813, acc=10601/10975 (96.59%)
Epoch 284 [0/84843] Loss: 0.307386
Epoch 284 [35000/84843] Loss: 0.324826
Epoch 284 [70000/84843] Loss: 0.276148
Epoch 284 - Avg Loss: 0.297441 | Train Acc: 99.10%
Val: loss=0.3838, acc=10593/10975 (96.52%)
Epoch 285 [0/84843] Loss: 0.354673
Epoch 285 [35000/84843] Loss: 0.284975
Epoch 285 [70000/84843] Loss: 0.326032
Epoch 285 - Avg Loss: 0.297737 | Train Acc: 99.06%
Val: loss=0.3813, acc=10593/10975 (96.52%)
Epoch 286 [0/84843] Loss: 0.282113
Epoch 286 [35000/84843] Loss: 0.283141
Epoch 286 [70000/84843] Loss: 0.309992
Epoch 286 - Avg Loss: 0.296595 | Train Acc: 99.12%
Val: loss=0.3803, acc=10610/10975 (96.67%)
Epoch 287 [0/84843] Loss: 0.271267
Epoch 287 [35000/84843] Loss: 0.276971
Epoch 287 [70000/84843] Loss: 0.356757
Epoch 287 - Avg Loss: 0.296869 | Train Acc: 99.10%
Val: loss=0.3842, acc=10597/10975 (96.56%)
Epoch 288 [0/84843] Loss: 0.401527
Epoch 288 [35000/84843] Loss: 0.312755
Epoch 288 [70000/84843] Loss: 0.278471
Epoch 288 - Avg Loss: 0.296437 | Train Acc: 99.16%
Val: loss=0.3834, acc=10597/10975 (96.56%)
Epoch 289 [0/84843] Loss: 0.272514
Epoch 289 [35000/84843] Loss: 0.296788
Epoch 289 [70000/84843] Loss: 0.277035
Epoch 289 - Avg Loss: 0.296952 | Train Acc: 99.09%
Val: loss=0.3850, acc=10598/10975 (96.56%)
Epoch 290 [0/84843] Loss: 0.324755
Epoch 290 [35000/84843] Loss: 0.297682
Epoch 290 [70000/84843] Loss: 0.282588
Epoch 290 - Avg Loss: 0.296212 | Train Acc: 99.12%
Val: loss=0.3849, acc=10587/10975 (96.46%)
Epoch 291 [0/84843] Loss: 0.311476
Epoch 291 [35000/84843] Loss: 0.274099
Epoch 291 [70000/84843] Loss: 0.272557
Epoch 291 - Avg Loss: 0.297511 | Train Acc: 99.08%
Val: loss=0.3827, acc=10586/10975 (96.46%)
Epoch 292 [0/84843] Loss: 0.283749
Epoch 292 [35000/84843] Loss: 0.275279
Epoch 292 [70000/84843] Loss: 0.272728
Epoch 292 - Avg Loss: 0.296110 | Train Acc: 99.13%
Val: loss=0.3798, acc=10609/10975 (96.67%)
Epoch 293 [0/84843] Loss: 0.330979
Epoch 293 [35000/84843] Loss: 0.284995
Epoch 293 [70000/84843] Loss: 0.331623
Epoch 293 - Avg Loss: 0.296109 | Train Acc: 99.13%
Val: loss=0.3825, acc=10599/10975 (96.57%)
Epoch 294 [0/84843] Loss: 0.285180
Epoch 294 [35000/84843] Loss: 0.412713
Epoch 294 [70000/84843] Loss: 0.302418
Epoch 294 - Avg Loss: 0.296700 | Train Acc: 99.10%
Val: loss=0.3807, acc=10601/10975 (96.59%)
Epoch 295 [0/84843] Loss: 0.305223
Epoch 295 [35000/84843] Loss: 0.339353
Epoch 295 [70000/84843] Loss: 0.271279
Epoch 295 - Avg Loss: 0.295583 | Train Acc: 99.14%
Val: loss=0.3798, acc=10593/10975 (96.52%)
Epoch 296 [0/84843] Loss: 0.288534
Epoch 296 [35000/84843] Loss: 0.333184
Epoch 296 [70000/84843] Loss: 0.276692
Epoch 296 - Avg Loss: 0.295461 | Train Acc: 99.18%
Val: loss=0.3791, acc=10614/10975 (96.71%)
Epoch 297 [0/84843] Loss: 0.276389
Epoch 297 [35000/84843] Loss: 0.307705
Epoch 297 [70000/84843] Loss: 0.288617
Epoch 297 - Avg Loss: 0.295826 | Train Acc: 99.16%
Val: loss=0.3789, acc=10608/10975 (96.66%)
Epoch 298 [0/84843] Loss: 0.283116
Epoch 298 [35000/84843] Loss: 0.278096
Epoch 298 [70000/84843] Loss: 0.305876
Epoch 298 - Avg Loss: 0.294889 | Train Acc: 99.18%
Val: loss=0.3832, acc=10600/10975 (96.58%)
Epoch 299 [0/84843] Loss: 0.270792
Epoch 299 [35000/84843] Loss: 0.275715
Epoch 299 [70000/84843] Loss: 0.305870
Epoch 299 - Avg Loss: 0.295060 | Train Acc: 99.19%
Val: loss=0.3861, acc=10586/10975 (96.46%)
Epoch 300 [0/84843] Loss: 0.281288
Epoch 300 [35000/84843] Loss: 0.271989
Epoch 300 [70000/84843] Loss: 0.274346
Epoch 300 - Avg Loss: 0.295351 | Train Acc: 99.19%
Val: loss=0.3822, acc=10600/10975 (96.58%)
Epoch 301 [0/84843] Loss: 0.327270
Epoch 301 [35000/84843] Loss: 0.344841
Epoch 301 [70000/84843] Loss: 0.277494
Epoch 301 - Avg Loss: 0.295643 | Train Acc: 99.16%
Val: loss=0.3835, acc=10587/10975 (96.46%)
Epoch 302 [0/84843] Loss: 0.280761
Epoch 302 [35000/84843] Loss: 0.421902
Epoch 302 [70000/84843] Loss: 0.280019
Epoch 302 - Avg Loss: 0.294468 | Train Acc: 99.19%
Val: loss=0.3806, acc=10616/10975 (96.73%)
Epoch 303 [0/84843] Loss: 0.274050
Epoch 303 [35000/84843] Loss: 0.292368
Epoch 303 [70000/84843] Loss: 0.271077
Epoch 303 - Avg Loss: 0.295391 | Train Acc: 99.14%
Val: loss=0.3797, acc=10603/10975 (96.61%)
Epoch 304 [0/84843] Loss: 0.284303
Epoch 304 [35000/84843] Loss: 0.333298
Epoch 304 [70000/84843] Loss: 0.303362
Epoch 304 - Avg Loss: 0.295029 | Train Acc: 99.19%
Val: loss=0.3812, acc=10596/10975 (96.55%)
Epoch 305 [0/84843] Loss: 0.308600
Epoch 305 [35000/84843] Loss: 0.290816
Epoch 305 [70000/84843] Loss: 0.287461
Epoch 305 - Avg Loss: 0.294726 | Train Acc: 99.17%
Val: loss=0.3809, acc=10617/10975 (96.74%)
Epoch 306 [0/84843] Loss: 0.284224
Epoch 306 [35000/84843] Loss: 0.271011
Epoch 306 [70000/84843] Loss: 0.272084
Epoch 306 - Avg Loss: 0.293544 | Train Acc: 99.23%
Val: loss=0.3841, acc=10578/10975 (96.38%)
Epoch 307 [0/84843] Loss: 0.300985
Epoch 307 [35000/84843] Loss: 0.282472
Epoch 307 [70000/84843] Loss: 0.272478
Epoch 307 - Avg Loss: 0.294241 | Train Acc: 99.20%
Val: loss=0.3817, acc=10599/10975 (96.57%)
Epoch 308 [0/84843] Loss: 0.275711
Epoch 308 [35000/84843] Loss: 0.382238
Epoch 308 [70000/84843] Loss: 0.305367
Epoch 308 - Avg Loss: 0.293362 | Train Acc: 99.24%
Val: loss=0.3833, acc=10592/10975 (96.51%)
Epoch 309 [0/84843] Loss: 0.271625
Epoch 309 [35000/84843] Loss: 0.299910
Epoch 309 [70000/84843] Loss: 0.299162
Epoch 309 - Avg Loss: 0.292915 | Train Acc: 99.25%
Val: loss=0.3822, acc=10596/10975 (96.55%)
Epoch 310 [0/84843] Loss: 0.273635
Epoch 310 [35000/84843] Loss: 0.306703
Epoch 310 [70000/84843] Loss: 0.271232
Epoch 310 - Avg Loss: 0.293634 | Train Acc: 99.24%
Val: loss=0.3797, acc=10606/10975 (96.64%)
Epoch 311 [0/84843] Loss: 0.277331
Epoch 311 [35000/84843] Loss: 0.336745
Epoch 311 [70000/84843] Loss: 0.338699
Epoch 311 - Avg Loss: 0.293639 | Train Acc: 99.21%
Val: loss=0.3812, acc=10611/10975 (96.68%)
Epoch 312 [0/84843] Loss: 0.272024
Epoch 312 [35000/84843] Loss: 0.278255
Epoch 312 [70000/84843] Loss: 0.318999
Epoch 312 - Avg Loss: 0.292740 | Train Acc: 99.25%
Val: loss=0.3786, acc=10615/10975 (96.72%)
Epoch 313 [0/84843] Loss: 0.348773
Epoch 313 [35000/84843] Loss: 0.279349
Epoch 313 [70000/84843] Loss: 0.278442
Epoch 313 - Avg Loss: 0.293093 | Train Acc: 99.25%
Val: loss=0.3779, acc=10618/10975 (96.75%)
Epoch 314 [0/84843] Loss: 0.277444
Epoch 314 [35000/84843] Loss: 0.354495
Epoch 314 [70000/84843] Loss: 0.291045
Epoch 314 - Avg Loss: 0.293777 | Train Acc: 99.24%
Val: loss=0.3787, acc=10605/10975 (96.63%)
Epoch 315 [0/84843] Loss: 0.270474
Epoch 315 [35000/84843] Loss: 0.291910
Epoch 315 [70000/84843] Loss: 0.287830
Epoch 315 - Avg Loss: 0.293156 | Train Acc: 99.25%
Val: loss=0.3785, acc=10625/10975 (96.81%)
Epoch 316 [0/84843] Loss: 0.307095
Epoch 316 [35000/84843] Loss: 0.283903
Epoch 316 [70000/84843] Loss: 0.277341
Epoch 316 - Avg Loss: 0.292863 | Train Acc: 99.26%
Val: loss=0.3835, acc=10595/10975 (96.54%)
Epoch 317 [0/84843] Loss: 0.287858
Epoch 317 [35000/84843] Loss: 0.270105
Epoch 317 [70000/84843] Loss: 0.281423
Epoch 317 - Avg Loss: 0.291134 | Train Acc: 99.32%
Val: loss=0.3818, acc=10603/10975 (96.61%)
Epoch 318 [0/84843] Loss: 0.346393
Epoch 318 [35000/84843] Loss: 0.278571
Epoch 318 [70000/84843] Loss: 0.330338
Epoch 318 - Avg Loss: 0.292748 | Train Acc: 99.27%
Val: loss=0.3819, acc=10603/10975 (96.61%)
Epoch 319 [0/84843] Loss: 0.288554
Epoch 319 [35000/84843] Loss: 0.301367
Epoch 319 [70000/84843] Loss: 0.275836
Epoch 319 - Avg Loss: 0.293275 | Train Acc: 99.24%
Val: loss=0.3852, acc=10592/10975 (96.51%)
Epoch 320 [0/84843] Loss: 0.274457
Epoch 320 [35000/84843] Loss: 0.271328
Epoch 320 [70000/84843] Loss: 0.266560
Epoch 320 - Avg Loss: 0.292514 | Train Acc: 99.28%
Val: loss=0.3831, acc=10603/10975 (96.61%)
Epoch 321 [0/84843] Loss: 0.275560
Epoch 321 [35000/84843] Loss: 0.267750
Epoch 321 [70000/84843] Loss: 0.290103
Epoch 321 - Avg Loss: 0.292164 | Train Acc: 99.26%
Val: loss=0.3845, acc=10599/10975 (96.57%)
Epoch 322 [0/84843] Loss: 0.274139
Epoch 322 [35000/84843] Loss: 0.279041
Epoch 322 [70000/84843] Loss: 0.278703
Epoch 322 - Avg Loss: 0.292801 | Train Acc: 99.27%
Val: loss=0.3796, acc=10611/10975 (96.68%)
Epoch 323 [0/84843] Loss: 0.274205
Epoch 323 [35000/84843] Loss: 0.312295
Epoch 323 [70000/84843] Loss: 0.351315
Epoch 323 - Avg Loss: 0.291484 | Train Acc: 99.32%
Val: loss=0.3815, acc=10607/10975 (96.65%)
Epoch 324 [0/84843] Loss: 0.274073
Epoch 324 [35000/84843] Loss: 0.321665
Epoch 324 [70000/84843] Loss: 0.288318
Epoch 324 - Avg Loss: 0.293727 | Train Acc: 99.21%
Val: loss=0.3833, acc=10600/10975 (96.58%)
Epoch 325 [0/84843] Loss: 0.292209
Epoch 325 [35000/84843] Loss: 0.298382
Epoch 325 [70000/84843] Loss: 0.276303
Epoch 325 - Avg Loss: 0.291150 | Train Acc: 99.33%
Val: loss=0.3814, acc=10613/10975 (96.70%)
Epoch 326 [0/84843] Loss: 0.276902
Epoch 326 [35000/84843] Loss: 0.325186
Epoch 326 [70000/84843] Loss: 0.273195
Epoch 326 - Avg Loss: 0.292249 | Train Acc: 99.27%
Val: loss=0.3847, acc=10601/10975 (96.59%)
Epoch 327 [0/84843] Loss: 0.270622
Epoch 327 [35000/84843] Loss: 0.272085
Epoch 327 [70000/84843] Loss: 0.334421
Epoch 327 - Avg Loss: 0.291800 | Train Acc: 99.31%
Val: loss=0.3808, acc=10617/10975 (96.74%)
Epoch 328 [0/84843] Loss: 0.275275
Epoch 328 [35000/84843] Loss: 0.287766
Epoch 328 [70000/84843] Loss: 0.291561
Epoch 328 - Avg Loss: 0.291915 | Train Acc: 99.30%
Val: loss=0.3841, acc=10602/10975 (96.60%)
Epoch 329 [0/84843] Loss: 0.283884
Epoch 329 [35000/84843] Loss: 0.272373
Epoch 329 [70000/84843] Loss: 0.308262
Epoch 329 - Avg Loss: 0.291497 | Train Acc: 99.28%
Val: loss=0.3847, acc=10607/10975 (96.65%)
Epoch 330 [0/84843] Loss: 0.273626
Epoch 330 [35000/84843] Loss: 0.275503
Epoch 330 [70000/84843] Loss: 0.272056
Epoch 330 - Avg Loss: 0.292391 | Train Acc: 99.29%
Val: loss=0.3820, acc=10597/10975 (96.56%)
Epoch 331 [0/84843] Loss: 0.272653
Epoch 331 [35000/84843] Loss: 0.275319
Epoch 331 [70000/84843] Loss: 0.274678
Epoch 331 - Avg Loss: 0.290730 | Train Acc: 99.34%
Val: loss=0.3844, acc=10586/10975 (96.46%)
Epoch 332 [0/84843] Loss: 0.272499
Epoch 332 [35000/84843] Loss: 0.290244
Epoch 332 [70000/84843] Loss: 0.298640
Epoch 332 - Avg Loss: 0.291624 | Train Acc: 99.31%
Val: loss=0.3818, acc=10607/10975 (96.65%)
Epoch 333 [0/84843] Loss: 0.272950
Epoch 333 [35000/84843] Loss: 0.333047
Epoch 333 [70000/84843] Loss: 0.272999
Epoch 333 - Avg Loss: 0.290837 | Train Acc: 99.32%
Val: loss=0.3850, acc=10589/10975 (96.48%)
Epoch 334 [0/84843] Loss: 0.341478
Epoch 334 [35000/84843] Loss: 0.282789
Epoch 334 [70000/84843] Loss: 0.317170
Epoch 334 - Avg Loss: 0.290584 | Train Acc: 99.34%
Val: loss=0.3834, acc=10595/10975 (96.54%)
Epoch 335 [0/84843] Loss: 0.270625
Epoch 335 [35000/84843] Loss: 0.272882
Epoch 335 [70000/84843] Loss: 0.267682
Epoch 335 - Avg Loss: 0.290859 | Train Acc: 99.35%
Val: loss=0.3835, acc=10597/10975 (96.56%)
Epoch 336 [0/84843] Loss: 0.292620
Epoch 336 [35000/84843] Loss: 0.302846
Epoch 336 [70000/84843] Loss: 0.274414
Epoch 336 - Avg Loss: 0.290641 | Train Acc: 99.33%
Val: loss=0.3856, acc=10596/10975 (96.55%)
Epoch 337 [0/84843] Loss: 0.275144
Epoch 337 [35000/84843] Loss: 0.270554
Epoch 337 [70000/84843] Loss: 0.303043
Epoch 337 - Avg Loss: 0.291485 | Train Acc: 99.30%
Val: loss=0.3822, acc=10610/10975 (96.67%)
Epoch 338 [0/84843] Loss: 0.270525
Epoch 338 [35000/84843] Loss: 0.345730
Epoch 338 [70000/84843] Loss: 0.299284
Epoch 338 - Avg Loss: 0.290705 | Train Acc: 99.35%
Val: loss=0.3829, acc=10611/10975 (96.68%)
Epoch 339 [0/84843] Loss: 0.291708
Epoch 339 [35000/84843] Loss: 0.269007
Epoch 339 [70000/84843] Loss: 0.273627
Epoch 339 - Avg Loss: 0.290964 | Train Acc: 99.33%
Val: loss=0.3821, acc=10602/10975 (96.60%)
Epoch 340 [0/84843] Loss: 0.270828
Epoch 340 [35000/84843] Loss: 0.296382
Epoch 340 [70000/84843] Loss: 0.276921
Epoch 340 - Avg Loss: 0.291066 | Train Acc: 99.33%
Val: loss=0.3803, acc=10613/10975 (96.70%)
Epoch 341 [0/84843] Loss: 0.272164
Epoch 341 [35000/84843] Loss: 0.276377
Epoch 341 [70000/84843] Loss: 0.278042
Epoch 341 - Avg Loss: 0.291522 | Train Acc: 99.31%
Val: loss=0.3832, acc=10605/10975 (96.63%)
Epoch 342 [0/84843] Loss: 0.270866
Epoch 342 [35000/84843] Loss: 0.272894
Epoch 342 [70000/84843] Loss: 0.276014
Epoch 342 - Avg Loss: 0.291621 | Train Acc: 99.30%
Val: loss=0.3805, acc=10611/10975 (96.68%)
Epoch 343 [0/84843] Loss: 0.294459
Epoch 343 [35000/84843] Loss: 0.273727
Epoch 343 [70000/84843] Loss: 0.273819
Epoch 343 - Avg Loss: 0.291413 | Train Acc: 99.33%
Val: loss=0.3803, acc=10614/10975 (96.71%)
Epoch 344 [0/84843] Loss: 0.272608
Epoch 344 [35000/84843] Loss: 0.272652
Epoch 344 [70000/84843] Loss: 0.273463
Epoch 344 - Avg Loss: 0.290927 | Train Acc: 99.29%
Val: loss=0.3788, acc=10620/10975 (96.77%)
Epoch 345 [0/84843] Loss: 0.276244
Epoch 345 [35000/84843] Loss: 0.293361
Epoch 345 [70000/84843] Loss: 0.270979
Epoch 345 - Avg Loss: 0.290365 | Train Acc: 99.36%
Val: loss=0.3795, acc=10614/10975 (96.71%)
Epoch 346 [0/84843] Loss: 0.329137
Epoch 346 [35000/84843] Loss: 0.275059
Epoch 346 [70000/84843] Loss: 0.268897
Epoch 346 - Avg Loss: 0.290102 | Train Acc: 99.38%
Val: loss=0.3816, acc=10610/10975 (96.67%)
Epoch 347 [0/84843] Loss: 0.322020
Epoch 347 [35000/84843] Loss: 0.276152
Epoch 347 [70000/84843] Loss: 0.291004
Epoch 347 - Avg Loss: 0.290558 | Train Acc: 99.34%
Val: loss=0.3789, acc=10620/10975 (96.77%)
Epoch 348 [0/84843] Loss: 0.290693
Epoch 348 [35000/84843] Loss: 0.283151
Epoch 348 [70000/84843] Loss: 0.273784
Epoch 348 - Avg Loss: 0.290125 | Train Acc: 99.35%
Val: loss=0.3808, acc=10608/10975 (96.66%)
Epoch 349 [0/84843] Loss: 0.298213
Epoch 349 [35000/84843] Loss: 0.272452
Epoch 349 [70000/84843] Loss: 0.271892
Epoch 349 - Avg Loss: 0.289951 | Train Acc: 99.35%
Val: loss=0.3807, acc=10611/10975 (96.68%)
Epoch 350 [0/84843] Loss: 0.274895
Epoch 350 [35000/84843] Loss: 0.298499
Epoch 350 [70000/84843] Loss: 0.279175
Epoch 350 - Avg Loss: 0.289915 | Train Acc: 99.36%
Val: loss=0.3825, acc=10608/10975 (96.66%)
Epoch 351 [0/84843] Loss: 0.336183
Epoch 351 [35000/84843] Loss: 0.309861
Epoch 351 [70000/84843] Loss: 0.364743
Epoch 351 - Avg Loss: 0.290638 | Train Acc: 99.35%
Val: loss=0.3801, acc=10617/10975 (96.74%)
Epoch 352 [0/84843] Loss: 0.284109
Epoch 352 [35000/84843] Loss: 0.273328
Epoch 352 [70000/84843] Loss: 0.275301
Epoch 352 - Avg Loss: 0.290539 | Train Acc: 99.35%
Val: loss=0.3824, acc=10608/10975 (96.66%)
Epoch 353 [0/84843] Loss: 0.325089
Epoch 353 [35000/84843] Loss: 0.268503
Epoch 353 [70000/84843] Loss: 0.270573
Epoch 353 - Avg Loss: 0.290142 | Train Acc: 99.36%
Val: loss=0.3818, acc=10606/10975 (96.64%)
Epoch 354 [0/84843] Loss: 0.275906
Epoch 354 [35000/84843] Loss: 0.272882
Epoch 354 [70000/84843] Loss: 0.287221
Epoch 354 - Avg Loss: 0.290093 | Train Acc: 99.36%
Val: loss=0.3801, acc=10601/10975 (96.59%)
Epoch 355 [0/84843] Loss: 0.337579
Epoch 355 [35000/84843] Loss: 0.281006
Epoch 355 [70000/84843] Loss: 0.271692
Epoch 355 - Avg Loss: 0.289328 | Train Acc: 99.38%
Val: loss=0.3815, acc=10604/10975 (96.62%)
Epoch 356 [0/84843] Loss: 0.320304
Epoch 356 [35000/84843] Loss: 0.273434
Epoch 356 [70000/84843] Loss: 0.288434
Epoch 356 - Avg Loss: 0.290496 | Train Acc: 99.34%
Val: loss=0.3826, acc=10603/10975 (96.61%)
Epoch 357 [0/84843] Loss: 0.297619
Epoch 357 [35000/84843] Loss: 0.278040
Epoch 357 [70000/84843] Loss: 0.307942
Epoch 357 - Avg Loss: 0.289568 | Train Acc: 99.38%
Val: loss=0.3814, acc=10614/10975 (96.71%)
Epoch 358 [0/84843] Loss: 0.301444
Epoch 358 [35000/84843] Loss: 0.271644
Epoch 358 [70000/84843] Loss: 0.272213
Epoch 358 - Avg Loss: 0.290179 | Train Acc: 99.36%
Val: loss=0.3832, acc=10608/10975 (96.66%)
Epoch 359 [0/84843] Loss: 0.300779
Epoch 359 [35000/84843] Loss: 0.268273
Epoch 359 [70000/84843] Loss: 0.279259
Epoch 359 - Avg Loss: 0.289959 | Train Acc: 99.36%
Val: loss=0.3799, acc=10612/10975 (96.69%)
Epoch 360 [0/84843] Loss: 0.330280
Epoch 360 [35000/84843] Loss: 0.295034
Epoch 360 [70000/84843] Loss: 0.283665
Epoch 360 - Avg Loss: 0.290159 | Train Acc: 99.35%
Val: loss=0.3794, acc=10610/10975 (96.67%)
Epoch 361 [0/84843] Loss: 0.279792
Epoch 361 [35000/84843] Loss: 0.299253
Epoch 361 [70000/84843] Loss: 0.269780
Epoch 361 - Avg Loss: 0.289016 | Train Acc: 99.39%
Val: loss=0.3809, acc=10610/10975 (96.67%)
Epoch 362 [0/84843] Loss: 0.276021
Epoch 362 [35000/84843] Loss: 0.273325
Epoch 362 [70000/84843] Loss: 0.339234
Epoch 362 - Avg Loss: 0.289049 | Train Acc: 99.41%
Val: loss=0.3806, acc=10612/10975 (96.69%)
Epoch 363 [0/84843] Loss: 0.331434
Epoch 363 [35000/84843] Loss: 0.270119
Epoch 363 [70000/84843] Loss: 0.332330
Epoch 363 - Avg Loss: 0.289764 | Train Acc: 99.37%
Val: loss=0.3812, acc=10606/10975 (96.64%)
Epoch 364 [0/84843] Loss: 0.273496
Epoch 364 [35000/84843] Loss: 0.270401
Epoch 364 [70000/84843] Loss: 0.275205
Epoch 364 - Avg Loss: 0.289853 | Train Acc: 99.37%
Val: loss=0.3820, acc=10605/10975 (96.63%)
Epoch 365 [0/84843] Loss: 0.273631
Epoch 365 [35000/84843] Loss: 0.273216
Epoch 365 [70000/84843] Loss: 0.333294
Epoch 365 - Avg Loss: 0.288815 | Train Acc: 99.42%
Val: loss=0.3842, acc=10605/10975 (96.63%)
Epoch 366 [0/84843] Loss: 0.331056
Epoch 366 [35000/84843] Loss: 0.269852
Epoch 366 [70000/84843] Loss: 0.270783
Epoch 366 - Avg Loss: 0.289962 | Train Acc: 99.39%
Val: loss=0.3827, acc=10600/10975 (96.58%)
Epoch 367 [0/84843] Loss: 0.275794
Epoch 367 [35000/84843] Loss: 0.275023
Epoch 367 [70000/84843] Loss: 0.273116
Epoch 367 - Avg Loss: 0.289493 | Train Acc: 99.39%
Val: loss=0.3812, acc=10615/10975 (96.72%)
Epoch 368 [0/84843] Loss: 0.272401
Epoch 368 [35000/84843] Loss: 0.272050
Epoch 368 [70000/84843] Loss: 0.272046
Epoch 368 - Avg Loss: 0.289151 | Train Acc: 99.41%
Val: loss=0.3830, acc=10603/10975 (96.61%)
Epoch 369 [0/84843] Loss: 0.267157
Epoch 369 [35000/84843] Loss: 0.270839
Epoch 369 [70000/84843] Loss: 0.280864
Epoch 369 - Avg Loss: 0.289171 | Train Acc: 99.40%
Val: loss=0.3829, acc=10608/10975 (96.66%)
Epoch 370 [0/84843] Loss: 0.334757
Epoch 370 [35000/84843] Loss: 0.284896
Epoch 370 [70000/84843] Loss: 0.346618
Epoch 370 - Avg Loss: 0.288913 | Train Acc: 99.42%
Val: loss=0.3822, acc=10606/10975 (96.64%)
Epoch 371 [0/84843] Loss: 0.277880
Epoch 371 [35000/84843] Loss: 0.276061
Epoch 371 [70000/84843] Loss: 0.276409
Epoch 371 - Avg Loss: 0.289951 | Train Acc: 99.37%
Val: loss=0.3814, acc=10616/10975 (96.73%)
Epoch 372 [0/84843] Loss: 0.272314
Epoch 372 [35000/84843] Loss: 0.270983
Epoch 372 [70000/84843] Loss: 0.270837
Epoch 372 - Avg Loss: 0.289549 | Train Acc: 99.39%
Val: loss=0.3812, acc=10613/10975 (96.70%)
Epoch 373 [0/84843] Loss: 0.279962
Epoch 373 [35000/84843] Loss: 0.288547
Epoch 373 [70000/84843] Loss: 0.281564
Epoch 373 - Avg Loss: 0.290227 | Train Acc: 99.37%
Val: loss=0.3825, acc=10608/10975 (96.66%)
Epoch 374 [0/84843] Loss: 0.363369
Epoch 374 [35000/84843] Loss: 0.272834
Epoch 374 [70000/84843] Loss: 0.377583
Epoch 374 - Avg Loss: 0.289113 | Train Acc: 99.39%
Val: loss=0.3811, acc=10610/10975 (96.67%)
Epoch 375 [0/84843] Loss: 0.276534
Epoch 375 [35000/84843] Loss: 0.286646
Epoch 375 [70000/84843] Loss: 0.276960
Epoch 375 - Avg Loss: 0.289530 | Train Acc: 99.39%
Val: loss=0.3811, acc=10609/10975 (96.67%)
Epoch 376 [0/84843] Loss: 0.269823
Epoch 376 [35000/84843] Loss: 0.280512
Epoch 376 [70000/84843] Loss: 0.275206
Epoch 376 - Avg Loss: 0.289031 | Train Acc: 99.39%
Val: loss=0.3814, acc=10611/10975 (96.68%)
Epoch 377 [0/84843] Loss: 0.275418
Epoch 377 [35000/84843] Loss: 0.317964
Epoch 377 [70000/84843] Loss: 0.295028
Epoch 377 - Avg Loss: 0.288909 | Train Acc: 99.39%
Val: loss=0.3812, acc=10611/10975 (96.68%)
Epoch 378 [0/84843] Loss: 0.328314
Epoch 378 [35000/84843] Loss: 0.273823
Epoch 378 [70000/84843] Loss: 0.316388
Epoch 378 - Avg Loss: 0.288750 | Train Acc: 99.38%
Val: loss=0.3812, acc=10612/10975 (96.69%)
Epoch 379 [0/84843] Loss: 0.269392
Epoch 379 [35000/84843] Loss: 0.277723
Epoch 379 [70000/84843] Loss: 0.272591
Epoch 379 - Avg Loss: 0.288890 | Train Acc: 99.40%
Val: loss=0.3810, acc=10615/10975 (96.72%)
Epoch 380 [0/84843] Loss: 0.274051
Epoch 380 [35000/84843] Loss: 0.275912
Epoch 380 [70000/84843] Loss: 0.283028
Epoch 380 - Avg Loss: 0.289126 | Train Acc: 99.41%
Val: loss=0.3809, acc=10615/10975 (96.72%)
Epoch 381 [0/84843] Loss: 0.296555
Epoch 381 [35000/84843] Loss: 0.273638
Epoch 381 [70000/84843] Loss: 0.292861
Epoch 381 - Avg Loss: 0.289484 | Train Acc: 99.39%
Val: loss=0.3817, acc=10610/10975 (96.67%)
Epoch 382 [0/84843] Loss: 0.276821
Epoch 382 [35000/84843] Loss: 0.331135
Epoch 382 [70000/84843] Loss: 0.293447
Epoch 382 - Avg Loss: 0.289254 | Train Acc: 99.39%
Val: loss=0.3815, acc=10613/10975 (96.70%)
Epoch 383 [0/84843] Loss: 0.274100
Epoch 383 [35000/84843] Loss: 0.278971
Epoch 383 [70000/84843] Loss: 0.296458
Epoch 383 - Avg Loss: 0.287847 | Train Acc: 99.45%
Val: loss=0.3814, acc=10614/10975 (96.71%)
Epoch 384 [0/84843] Loss: 0.276175
Epoch 384 [35000/84843] Loss: 0.326133
Epoch 384 [70000/84843] Loss: 0.348122
Epoch 384 - Avg Loss: 0.289274 | Train Acc: 99.39%
Val: loss=0.3819, acc=10610/10975 (96.67%)
Epoch 385 [0/84843] Loss: 0.277143
Epoch 385 [35000/84843] Loss: 0.272334
Epoch 385 [70000/84843] Loss: 0.272629
Epoch 385 - Avg Loss: 0.288705 | Train Acc: 99.42%
Val: loss=0.3808, acc=10614/10975 (96.71%)
Epoch 386 [0/84843] Loss: 0.287194
Epoch 386 [35000/84843] Loss: 0.327416
Epoch 386 [70000/84843] Loss: 0.305193
Epoch 386 - Avg Loss: 0.288590 | Train Acc: 99.41%
Val: loss=0.3808, acc=10614/10975 (96.71%)
Epoch 387 [0/84843] Loss: 0.307091
Epoch 387 [35000/84843] Loss: 0.369695
Epoch 387 [70000/84843] Loss: 0.274399
Epoch 387 - Avg Loss: 0.290007 | Train Acc: 99.36%
Val: loss=0.3808, acc=10613/10975 (96.70%)
Epoch 388 [0/84843] Loss: 0.320626
Epoch 388 [35000/84843] Loss: 0.301457
Epoch 388 [70000/84843] Loss: 0.287325
Epoch 388 - Avg Loss: 0.289119 | Train Acc: 99.39%
Val: loss=0.3813, acc=10608/10975 (96.66%)
Epoch 389 [0/84843] Loss: 0.270247
Epoch 389 [35000/84843] Loss: 0.316123
Epoch 389 [70000/84843] Loss: 0.309528
Epoch 389 - Avg Loss: 0.288492 | Train Acc: 99.40%
Val: loss=0.3807, acc=10610/10975 (96.67%)
Epoch 390 [0/84843] Loss: 0.274349
Epoch 390 [35000/84843] Loss: 0.274757
Epoch 390 [70000/84843] Loss: 0.274469
Epoch 390 - Avg Loss: 0.289686 | Train Acc: 99.38%
Val: loss=0.3807, acc=10613/10975 (96.70%)
Epoch 391 [0/84843] Loss: 0.315146
Epoch 391 [35000/84843] Loss: 0.273549
Epoch 391 [70000/84843] Loss: 0.283630
Epoch 391 - Avg Loss: 0.288275 | Train Acc: 99.42%
Val: loss=0.3811, acc=10607/10975 (96.65%)
Epoch 392 [0/84843] Loss: 0.282329
Epoch 392 [35000/84843] Loss: 0.279750
Epoch 392 [70000/84843] Loss: 0.277807
Epoch 392 - Avg Loss: 0.288935 | Train Acc: 99.41%
Val: loss=0.3809, acc=10611/10975 (96.68%)
Epoch 393 [0/84843] Loss: 0.277537
Epoch 393 [35000/84843] Loss: 0.356745
Epoch 393 [70000/84843] Loss: 0.273505
Epoch 393 - Avg Loss: 0.289256 | Train Acc: 99.40%
Val: loss=0.3807, acc=10615/10975 (96.72%)
Epoch 394 [0/84843] Loss: 0.275162
Epoch 394 [35000/84843] Loss: 0.276705
Epoch 394 [70000/84843] Loss: 0.269612
Epoch 394 - Avg Loss: 0.288662 | Train Acc: 99.41%
Val: loss=0.3807, acc=10614/10975 (96.71%)
Epoch 395 [0/84843] Loss: 0.288652
Epoch 395 [35000/84843] Loss: 0.266934
Epoch 395 [70000/84843] Loss: 0.279589
Epoch 395 - Avg Loss: 0.289018 | Train Acc: 99.41%
Val: loss=0.3808, acc=10612/10975 (96.69%)
Epoch 396 [0/84843] Loss: 0.278634
Epoch 396 [35000/84843] Loss: 0.301539
Epoch 396 [70000/84843] Loss: 0.268905
Epoch 396 - Avg Loss: 0.289376 | Train Acc: 99.39%
Val: loss=0.3806, acc=10613/10975 (96.70%)
Epoch 397 [0/84843] Loss: 0.284877
Epoch 397 [35000/84843] Loss: 0.289158
Epoch 397 [70000/84843] Loss: 0.280758
Epoch 397 - Avg Loss: 0.288706 | Train Acc: 99.39%
Val: loss=0.3811, acc=10611/10975 (96.68%)
Epoch 398 [0/84843] Loss: 0.281304
Epoch 398 [35000/84843] Loss: 0.279830
Epoch 398 [70000/84843] Loss: 0.301309
Epoch 398 - Avg Loss: 0.288568 | Train Acc: 99.44%
Val: loss=0.3808, acc=10613/10975 (96.70%)
Epoch 399 [0/84843] Loss: 0.274459
Epoch 399 [35000/84843] Loss: 0.288717
Epoch 399 [70000/84843] Loss: 0.277749
Epoch 399 - Avg Loss: 0.288422 | Train Acc: 99.42%
Val: loss=0.3810, acc=10612/10975 (96.69%)
Epoch 400 [0/84843] Loss: 0.270782
Epoch 400 [35000/84843] Loss: 0.274078
Epoch 400 [70000/84843] Loss: 0.273678
Epoch 400 - Avg Loss: 0.288489 | Train Acc: 99.41%
Val: loss=0.3808, acc=10611/10975 (96.68%)
Test: loss=0.3592, acc=11733/12101 (96.96%)
