Running feature config: 24_mels_delta (task 20)
SpecAugment freq_mask=8 time_mask=50
Device: cuda
Feature config: 24_mels_delta -> {'n_mels': 24, 'use_delta': True, 'use_delta_delta': False}
SpecAugment: True freq_mask=8 time_mask=50
GPU Name: Tesla V100-PCIE-32GB
GPU Memory: 34.07 GB
Total model parameters: 47,628
Epoch 1 [0/84843] Loss: 2.483584
Epoch 1 [35000/84843] Loss: 1.321785
Epoch 1 [70000/84843] Loss: 1.721233
Epoch 1 - Avg Loss: 1.692699 | Train Acc: 56.22%
Val: loss=1.5814, acc=6331/10975 (57.69%)
saved best: 57.69%
Epoch 2 [0/84843] Loss: 1.489503
Epoch 2 [35000/84843] Loss: 1.315803
Epoch 2 [70000/84843] Loss: 1.547531
Epoch 2 - Avg Loss: 1.393139 | Train Acc: 65.96%
Val: loss=1.4019, acc=7222/10975 (65.80%)
saved best: 65.80%
Epoch 3 [0/84843] Loss: 1.395687
Epoch 3 [35000/84843] Loss: 1.122987
Epoch 3 [70000/84843] Loss: 1.316999
Epoch 3 - Avg Loss: 1.361020 | Train Acc: 66.73%
Val: loss=1.3873, acc=7266/10975 (66.21%)
saved best: 66.21%
Epoch 4 [0/84843] Loss: 1.455845
Epoch 4 [35000/84843] Loss: 1.310996
Epoch 4 [70000/84843] Loss: 1.234833
Epoch 4 - Avg Loss: 1.356219 | Train Acc: 66.79%
Val: loss=1.3762, acc=7268/10975 (66.22%)
saved best: 66.22%
Epoch 5 [0/84843] Loss: 1.208944
Epoch 5 [35000/84843] Loss: 1.368819
Epoch 5 [70000/84843] Loss: 1.395061
Epoch 5 - Avg Loss: 1.344751 | Train Acc: 66.73%
Val: loss=1.3321, acc=7298/10975 (66.50%)
saved best: 66.50%
Epoch 6 [0/84843] Loss: 1.306063
Epoch 6 [35000/84843] Loss: 1.065150
Epoch 6 [70000/84843] Loss: 1.287356
Epoch 6 - Avg Loss: 1.315405 | Train Acc: 66.79%
Val: loss=1.2857, acc=7335/10975 (66.83%)
saved best: 66.83%
Epoch 7 [0/84843] Loss: 1.377235
Epoch 7 [35000/84843] Loss: 1.286022
Epoch 7 [70000/84843] Loss: 1.333379
Epoch 7 - Avg Loss: 1.289799 | Train Acc: 66.81%
Val: loss=1.2581, acc=7366/10975 (67.12%)
saved best: 67.12%
Epoch 8 [0/84843] Loss: 1.366995
Epoch 8 [35000/84843] Loss: 1.367407
Epoch 8 [70000/84843] Loss: 1.384478
Epoch 8 - Avg Loss: 1.262214 | Train Acc: 67.05%
Val: loss=1.2272, acc=7394/10975 (67.37%)
saved best: 67.37%
Epoch 9 [0/84843] Loss: 1.345690
Epoch 9 [35000/84843] Loss: 1.296675
Epoch 9 [70000/84843] Loss: 1.195707
Epoch 9 - Avg Loss: 1.233231 | Train Acc: 67.35%
Val: loss=1.1658, acc=7470/10975 (68.06%)
saved best: 68.06%
Epoch 10 [0/84843] Loss: 1.020322
Epoch 10 [35000/84843] Loss: 1.207189
Epoch 10 [70000/84843] Loss: 1.306982
Epoch 10 - Avg Loss: 1.212415 | Train Acc: 67.54%
Val: loss=1.1344, acc=7489/10975 (68.24%)
saved best: 68.24%
Epoch 11 [0/84843] Loss: 1.457356
Epoch 11 [35000/84843] Loss: 1.453086
Epoch 11 [70000/84843] Loss: 0.961282
Epoch 11 - Avg Loss: 1.183979 | Train Acc: 67.92%
Val: loss=1.0893, acc=7600/10975 (69.25%)
saved best: 69.25%
Epoch 12 [0/84843] Loss: 1.144542
Epoch 12 [35000/84843] Loss: 1.218550
Epoch 12 [70000/84843] Loss: 1.204905
Epoch 12 - Avg Loss: 1.162342 | Train Acc: 68.56%
Val: loss=1.0389, acc=7822/10975 (71.27%)
saved best: 71.27%
Epoch 13 [0/84843] Loss: 0.861514
Epoch 13 [35000/84843] Loss: 0.926764
Epoch 13 [70000/84843] Loss: 1.146059
Epoch 13 - Avg Loss: 1.130195 | Train Acc: 69.46%
Val: loss=0.9984, acc=7916/10975 (72.13%)
saved best: 72.13%
Epoch 14 [0/84843] Loss: 1.144191
Epoch 14 [35000/84843] Loss: 0.997068
Epoch 14 [70000/84843] Loss: 0.939708
Epoch 14 - Avg Loss: 1.100093 | Train Acc: 70.15%
Val: loss=0.9520, acc=7971/10975 (72.63%)
saved best: 72.63%
Epoch 15 [0/84843] Loss: 0.988066
Epoch 15 [35000/84843] Loss: 0.999098
Epoch 15 [70000/84843] Loss: 1.109852
Epoch 15 - Avg Loss: 1.062479 | Train Acc: 70.91%
Val: loss=0.9017, acc=8129/10975 (74.07%)
saved best: 74.07%
Epoch 16 [0/84843] Loss: 0.857344
Epoch 16 [35000/84843] Loss: 1.195917
Epoch 16 [70000/84843] Loss: 1.423410
Epoch 16 - Avg Loss: 1.019085 | Train Acc: 71.80%
Val: loss=0.8568, acc=8411/10975 (76.64%)
saved best: 76.64%
Epoch 17 [0/84843] Loss: 1.074081
Epoch 17 [35000/84843] Loss: 1.108718
Epoch 17 [70000/84843] Loss: 0.945706
Epoch 17 - Avg Loss: 0.993220 | Train Acc: 72.59%
Val: loss=0.8222, acc=8541/10975 (77.82%)
saved best: 77.82%
Epoch 18 [0/84843] Loss: 0.854339
Epoch 18 [35000/84843] Loss: 0.759901
Epoch 18 [70000/84843] Loss: 0.871431
Epoch 18 - Avg Loss: 0.960326 | Train Acc: 73.76%
Val: loss=0.7880, acc=8794/10975 (80.13%)
saved best: 80.13%
Epoch 19 [0/84843] Loss: 0.963278
Epoch 19 [35000/84843] Loss: 0.723220
Epoch 19 [70000/84843] Loss: 0.748920
Epoch 19 - Avg Loss: 0.925450 | Train Acc: 75.21%
Val: loss=0.7334, acc=9130/10975 (83.19%)
saved best: 83.19%
Epoch 20 [0/84843] Loss: 1.138379
Epoch 20 [35000/84843] Loss: 0.714958
Epoch 20 [70000/84843] Loss: 0.965157
Epoch 20 - Avg Loss: 0.892237 | Train Acc: 76.64%
Val: loss=0.6884, acc=9327/10975 (84.98%)
saved best: 84.98%
Epoch 21 [0/84843] Loss: 0.719385
Epoch 21 [35000/84843] Loss: 0.680392
Epoch 21 [70000/84843] Loss: 1.021994
Epoch 21 - Avg Loss: 0.879103 | Train Acc: 77.09%
Val: loss=0.6592, acc=9463/10975 (86.22%)
saved best: 86.22%
Epoch 22 [0/84843] Loss: 0.866610
Epoch 22 [35000/84843] Loss: 0.778618
Epoch 22 [70000/84843] Loss: 0.692969
Epoch 22 - Avg Loss: 0.834737 | Train Acc: 78.70%
Val: loss=0.6268, acc=9610/10975 (87.56%)
saved best: 87.56%
Epoch 23 [0/84843] Loss: 0.910702
Epoch 23 [35000/84843] Loss: 0.786246
Epoch 23 [70000/84843] Loss: 1.141621
Epoch 23 - Avg Loss: 0.830094 | Train Acc: 78.99%
Val: loss=0.6134, acc=9590/10975 (87.38%)
Epoch 24 [0/84843] Loss: 0.770673
Epoch 24 [35000/84843] Loss: 0.894471
Epoch 24 [70000/84843] Loss: 0.840036
Epoch 24 - Avg Loss: 0.800914 | Train Acc: 79.97%
Val: loss=0.5867, acc=9809/10975 (89.38%)
saved best: 89.38%
Epoch 25 [0/84843] Loss: 0.718391
Epoch 25 [35000/84843] Loss: 0.625171
Epoch 25 [70000/84843] Loss: 0.724938
Epoch 25 - Avg Loss: 0.779790 | Train Acc: 80.63%
Val: loss=0.5764, acc=9821/10975 (89.49%)
saved best: 89.49%
Epoch 26 [0/84843] Loss: 0.727914
Epoch 26 [35000/84843] Loss: 0.713378
Epoch 26 [70000/84843] Loss: 0.759710
Epoch 26 - Avg Loss: 0.770930 | Train Acc: 81.04%
Val: loss=0.5733, acc=9827/10975 (89.54%)
saved best: 89.54%
Epoch 27 [0/84843] Loss: 0.846838
Epoch 27 [35000/84843] Loss: 1.090039
Epoch 27 [70000/84843] Loss: 1.104165
Epoch 27 - Avg Loss: 0.752175 | Train Acc: 81.73%
Val: loss=0.5500, acc=9907/10975 (90.27%)
saved best: 90.27%
Epoch 28 [0/84843] Loss: 0.700400
Epoch 28 [35000/84843] Loss: 0.737774
Epoch 28 [70000/84843] Loss: 0.630737
Epoch 28 - Avg Loss: 0.742178 | Train Acc: 82.02%
Val: loss=0.5507, acc=9911/10975 (90.31%)
saved best: 90.31%
Epoch 29 [0/84843] Loss: 0.510392
Epoch 29 [35000/84843] Loss: 0.585231
Epoch 29 [70000/84843] Loss: 0.625667
Epoch 29 - Avg Loss: 0.720858 | Train Acc: 82.84%
Val: loss=0.5295, acc=9999/10975 (91.11%)
saved best: 91.11%
Epoch 30 [0/84843] Loss: 0.899564
Epoch 30 [35000/84843] Loss: 0.431425
Epoch 30 [70000/84843] Loss: 0.572093
Epoch 30 - Avg Loss: 0.713056 | Train Acc: 83.09%
Val: loss=0.5052, acc=10093/10975 (91.96%)
saved best: 91.96%
Epoch 31 [0/84843] Loss: 0.676057
Epoch 31 [35000/84843] Loss: 0.597511
Epoch 31 [70000/84843] Loss: 0.862403
Epoch 31 - Avg Loss: 0.708051 | Train Acc: 83.22%
Val: loss=0.5023, acc=10088/10975 (91.92%)
Epoch 32 [0/84843] Loss: 0.603963
Epoch 32 [35000/84843] Loss: 0.883591
Epoch 32 [70000/84843] Loss: 0.510435
Epoch 32 - Avg Loss: 0.692611 | Train Acc: 83.89%
Val: loss=0.5180, acc=10029/10975 (91.38%)
Epoch 33 [0/84843] Loss: 1.064793
Epoch 33 [35000/84843] Loss: 0.815855
Epoch 33 [70000/84843] Loss: 0.827987
Epoch 33 - Avg Loss: 0.682715 | Train Acc: 84.26%
Val: loss=0.5053, acc=10075/10975 (91.80%)
Epoch 34 [0/84843] Loss: 0.469172
Epoch 34 [35000/84843] Loss: 0.452697
Epoch 34 [70000/84843] Loss: 0.497785
Epoch 34 - Avg Loss: 0.677611 | Train Acc: 84.44%
Val: loss=0.4934, acc=10139/10975 (92.38%)
saved best: 92.38%
Epoch 35 [0/84843] Loss: 0.512427
Epoch 35 [35000/84843] Loss: 0.686916
Epoch 35 [70000/84843] Loss: 0.703387
Epoch 35 - Avg Loss: 0.668316 | Train Acc: 84.78%
Val: loss=0.4650, acc=10241/10975 (93.31%)
saved best: 93.31%
Epoch 36 [0/84843] Loss: 0.458128
Epoch 36 [35000/84843] Loss: 0.504314
Epoch 36 [70000/84843] Loss: 0.566233
Epoch 36 - Avg Loss: 0.664313 | Train Acc: 84.93%
Val: loss=0.4639, acc=10261/10975 (93.49%)
saved best: 93.49%
Epoch 37 [0/84843] Loss: 0.629571
Epoch 37 [35000/84843] Loss: 0.679886
Epoch 37 [70000/84843] Loss: 0.756016
Epoch 37 - Avg Loss: 0.655383 | Train Acc: 85.29%
Val: loss=0.4584, acc=10276/10975 (93.63%)
saved best: 93.63%
Epoch 38 [0/84843] Loss: 0.671111
Epoch 38 [35000/84843] Loss: 0.447392
Epoch 38 [70000/84843] Loss: 0.580459
Epoch 38 - Avg Loss: 0.648249 | Train Acc: 85.57%
Val: loss=0.4660, acc=10236/10975 (93.27%)
Epoch 39 [0/84843] Loss: 0.706897
Epoch 39 [35000/84843] Loss: 0.723112
Epoch 39 [70000/84843] Loss: 0.527829
Epoch 39 - Avg Loss: 0.639560 | Train Acc: 85.87%
Val: loss=0.4475, acc=10315/10975 (93.99%)
saved best: 93.99%
Epoch 40 [0/84843] Loss: 0.609952
Epoch 40 [35000/84843] Loss: 0.456791
Epoch 40 [70000/84843] Loss: 0.415647
Epoch 40 - Avg Loss: 0.636197 | Train Acc: 85.84%
Val: loss=0.4508, acc=10291/10975 (93.77%)
Epoch 41 [0/84843] Loss: 0.560376
Epoch 41 [35000/84843] Loss: 0.564280
Epoch 41 [70000/84843] Loss: 0.350168
Epoch 41 - Avg Loss: 0.618602 | Train Acc: 86.61%
Val: loss=0.4447, acc=10334/10975 (94.16%)
saved best: 94.16%
Epoch 42 [0/84843] Loss: 1.004328
Epoch 42 [35000/84843] Loss: 0.703697
Epoch 42 [70000/84843] Loss: 0.596624
Epoch 42 - Avg Loss: 0.629867 | Train Acc: 86.24%
Val: loss=0.4458, acc=10304/10975 (93.89%)
Epoch 43 [0/84843] Loss: 0.571859
Epoch 43 [35000/84843] Loss: 0.864273
Epoch 43 [70000/84843] Loss: 0.512991
Epoch 43 - Avg Loss: 0.624971 | Train Acc: 86.30%
Val: loss=0.4372, acc=10335/10975 (94.17%)
saved best: 94.17%
Epoch 44 [0/84843] Loss: 0.638315
Epoch 44 [35000/84843] Loss: 0.596131
Epoch 44 [70000/84843] Loss: 0.431309
Epoch 44 - Avg Loss: 0.612335 | Train Acc: 86.80%
Val: loss=0.4439, acc=10347/10975 (94.28%)
saved best: 94.28%
Epoch 45 [0/84843] Loss: 0.543686
Epoch 45 [35000/84843] Loss: 0.370652
Epoch 45 [70000/84843] Loss: 0.516223
Epoch 45 - Avg Loss: 0.609853 | Train Acc: 86.87%
Val: loss=0.4400, acc=10339/10975 (94.21%)
Epoch 46 [0/84843] Loss: 0.515787
Epoch 46 [35000/84843] Loss: 0.761547
Epoch 46 [70000/84843] Loss: 0.666914
Epoch 46 - Avg Loss: 0.611749 | Train Acc: 86.82%
Val: loss=0.4253, acc=10407/10975 (94.82%)
saved best: 94.82%
Epoch 47 [0/84843] Loss: 0.565670
Epoch 47 [35000/84843] Loss: 0.654866
Epoch 47 [70000/84843] Loss: 0.499664
Epoch 47 - Avg Loss: 0.603020 | Train Acc: 87.18%
Val: loss=0.4303, acc=10367/10975 (94.46%)
Epoch 48 [0/84843] Loss: 0.510002
Epoch 48 [35000/84843] Loss: 0.557002
Epoch 48 [70000/84843] Loss: 0.390797
Epoch 48 - Avg Loss: 0.597456 | Train Acc: 87.34%
Val: loss=0.4198, acc=10382/10975 (94.60%)
Epoch 49 [0/84843] Loss: 0.471031
Epoch 49 [35000/84843] Loss: 0.414801
Epoch 49 [70000/84843] Loss: 0.531416
Epoch 49 - Avg Loss: 0.593870 | Train Acc: 87.43%
Val: loss=0.4199, acc=10398/10975 (94.74%)
Epoch 50 [0/84843] Loss: 0.454045
Epoch 50 [35000/84843] Loss: 0.452012
Epoch 50 [70000/84843] Loss: 0.469817
Epoch 50 - Avg Loss: 0.592386 | Train Acc: 87.53%
Val: loss=0.4101, acc=10440/10975 (95.13%)
saved best: 95.13%
Epoch 51 [0/84843] Loss: 0.450054
Epoch 51 [35000/84843] Loss: 0.457647
Epoch 51 [70000/84843] Loss: 0.392243
Epoch 51 - Avg Loss: 0.589849 | Train Acc: 87.68%
Val: loss=0.4192, acc=10386/10975 (94.63%)
Epoch 52 [0/84843] Loss: 0.405860
Epoch 52 [35000/84843] Loss: 0.374476
Epoch 52 [70000/84843] Loss: 0.342678
Epoch 52 - Avg Loss: 0.581029 | Train Acc: 88.05%
Val: loss=0.4140, acc=10416/10975 (94.91%)
Epoch 53 [0/84843] Loss: 0.803126
Epoch 53 [35000/84843] Loss: 0.592160
Epoch 53 [70000/84843] Loss: 0.456412
Epoch 53 - Avg Loss: 0.586281 | Train Acc: 87.68%
Val: loss=0.4118, acc=10424/10975 (94.98%)
Epoch 54 [0/84843] Loss: 0.649329
Epoch 54 [35000/84843] Loss: 0.875460
Epoch 54 [70000/84843] Loss: 0.638689
Epoch 54 - Avg Loss: 0.567961 | Train Acc: 88.36%
Val: loss=0.4194, acc=10389/10975 (94.66%)
Epoch 55 [0/84843] Loss: 0.407705
Epoch 55 [35000/84843] Loss: 0.731813
Epoch 55 [70000/84843] Loss: 0.396804
Epoch 55 - Avg Loss: 0.574639 | Train Acc: 88.27%
Val: loss=0.4040, acc=10462/10975 (95.33%)
saved best: 95.33%
Epoch 56 [0/84843] Loss: 0.353966
Epoch 56 [35000/84843] Loss: 0.564311
Epoch 56 [70000/84843] Loss: 0.351877
Epoch 56 - Avg Loss: 0.563483 | Train Acc: 88.46%
Val: loss=0.4131, acc=10400/10975 (94.76%)
Epoch 57 [0/84843] Loss: 0.366532
Epoch 57 [35000/84843] Loss: 0.746563
Epoch 57 [70000/84843] Loss: 0.370837
Epoch 57 - Avg Loss: 0.569040 | Train Acc: 88.29%
Val: loss=0.4034, acc=10462/10975 (95.33%)
Epoch 58 [0/84843] Loss: 0.581378
Epoch 58 [35000/84843] Loss: 0.908432
Epoch 58 [70000/84843] Loss: 0.606286
Epoch 58 - Avg Loss: 0.563850 | Train Acc: 88.51%
Val: loss=0.4143, acc=10419/10975 (94.93%)
Epoch 59 [0/84843] Loss: 0.412609
Epoch 59 [35000/84843] Loss: 0.745452
Epoch 59 [70000/84843] Loss: 0.476423
Epoch 59 - Avg Loss: 0.557189 | Train Acc: 88.84%
Val: loss=0.4173, acc=10390/10975 (94.67%)
Epoch 60 [0/84843] Loss: 0.339016
Epoch 60 [35000/84843] Loss: 0.627870
Epoch 60 [70000/84843] Loss: 0.648158
Epoch 60 - Avg Loss: 0.567032 | Train Acc: 88.36%
Val: loss=0.4103, acc=10434/10975 (95.07%)
Epoch 61 [0/84843] Loss: 0.402330
Epoch 61 [35000/84843] Loss: 0.742956
Epoch 61 [70000/84843] Loss: 0.607476
Epoch 61 - Avg Loss: 0.556611 | Train Acc: 88.90%
Val: loss=0.3994, acc=10492/10975 (95.60%)
saved best: 95.60%
Epoch 62 [0/84843] Loss: 0.410520
Epoch 62 [35000/84843] Loss: 0.727677
Epoch 62 [70000/84843] Loss: 0.458331
Epoch 62 - Avg Loss: 0.566666 | Train Acc: 88.44%
Val: loss=0.4039, acc=10458/10975 (95.29%)
Epoch 63 [0/84843] Loss: 0.510097
Epoch 63 [35000/84843] Loss: 0.370722
Epoch 63 [70000/84843] Loss: 0.531325
Epoch 63 - Avg Loss: 0.554677 | Train Acc: 88.89%
Val: loss=0.3982, acc=10481/10975 (95.50%)
Epoch 64 [0/84843] Loss: 0.805090
Epoch 64 [35000/84843] Loss: 0.566879
Epoch 64 [70000/84843] Loss: 0.402422
Epoch 64 - Avg Loss: 0.557889 | Train Acc: 88.75%
Val: loss=0.3954, acc=10488/10975 (95.56%)
Epoch 65 [0/84843] Loss: 0.561268
Epoch 65 [35000/84843] Loss: 0.373298
Epoch 65 [70000/84843] Loss: 0.404511
Epoch 65 - Avg Loss: 0.565996 | Train Acc: 88.40%
Val: loss=0.3980, acc=10481/10975 (95.50%)
Epoch 66 [0/84843] Loss: 0.378952
Epoch 66 [35000/84843] Loss: 0.408215
Epoch 66 [70000/84843] Loss: 0.290739
Epoch 66 - Avg Loss: 0.547055 | Train Acc: 89.19%
Val: loss=0.3965, acc=10485/10975 (95.54%)
Epoch 67 [0/84843] Loss: 0.747110
Epoch 67 [35000/84843] Loss: 0.308924
Epoch 67 [70000/84843] Loss: 0.414410
Epoch 67 - Avg Loss: 0.552961 | Train Acc: 88.98%
Val: loss=0.4031, acc=10468/10975 (95.38%)
Epoch 68 [0/84843] Loss: 0.409341
Epoch 68 [35000/84843] Loss: 0.361095
Epoch 68 [70000/84843] Loss: 0.423316
Epoch 68 - Avg Loss: 0.550254 | Train Acc: 89.00%
Val: loss=0.3941, acc=10506/10975 (95.73%)
saved best: 95.73%
Epoch 69 [0/84843] Loss: 0.498666
Epoch 69 [35000/84843] Loss: 0.371036
Epoch 69 [70000/84843] Loss: 0.774131
Epoch 69 - Avg Loss: 0.550457 | Train Acc: 88.97%
Val: loss=0.3868, acc=10537/10975 (96.01%)
saved best: 96.01%
Epoch 70 [0/84843] Loss: 0.495650
Epoch 70 [35000/84843] Loss: 0.358426
Epoch 70 [70000/84843] Loss: 0.509838
Epoch 70 - Avg Loss: 0.548941 | Train Acc: 88.93%
Val: loss=0.3925, acc=10492/10975 (95.60%)
Epoch 71 [0/84843] Loss: 0.660969
Epoch 71 [35000/84843] Loss: 0.506330
Epoch 71 [70000/84843] Loss: 0.382271
Epoch 71 - Avg Loss: 0.540673 | Train Acc: 89.34%
Val: loss=0.3919, acc=10513/10975 (95.79%)
Epoch 72 [0/84843] Loss: 1.143942
Epoch 72 [35000/84843] Loss: 0.344226
Epoch 72 [70000/84843] Loss: 0.437283
Epoch 72 - Avg Loss: 0.538899 | Train Acc: 89.55%
Val: loss=0.3946, acc=10494/10975 (95.62%)
Epoch 73 [0/84843] Loss: 0.863321
Epoch 73 [35000/84843] Loss: 0.403651
Epoch 73 [70000/84843] Loss: 0.385068
Epoch 73 - Avg Loss: 0.545460 | Train Acc: 89.16%
Val: loss=0.4301, acc=10366/10975 (94.45%)
Epoch 74 [0/84843] Loss: 0.777396
Epoch 74 [35000/84843] Loss: 0.532674
Epoch 74 [70000/84843] Loss: 0.570584
Epoch 74 - Avg Loss: 0.542740 | Train Acc: 89.33%
Val: loss=0.3877, acc=10529/10975 (95.94%)
Epoch 75 [0/84843] Loss: 0.565521
Epoch 75 [35000/84843] Loss: 0.953943
Epoch 75 [70000/84843] Loss: 0.522501
Epoch 75 - Avg Loss: 0.544069 | Train Acc: 89.26%
Val: loss=0.3866, acc=10523/10975 (95.88%)
Epoch 76 [0/84843] Loss: 0.357969
Epoch 76 [35000/84843] Loss: 0.486599
Epoch 76 [70000/84843] Loss: 0.421738
Epoch 76 - Avg Loss: 0.541568 | Train Acc: 89.36%
Val: loss=0.3984, acc=10489/10975 (95.57%)
Epoch 77 [0/84843] Loss: 0.308248
Epoch 77 [35000/84843] Loss: 0.399164
Epoch 77 [70000/84843] Loss: 0.597599
Epoch 77 - Avg Loss: 0.537722 | Train Acc: 89.41%
Val: loss=0.3915, acc=10512/10975 (95.78%)
Epoch 78 [0/84843] Loss: 0.887606
Epoch 78 [35000/84843] Loss: 0.509407
Epoch 78 [70000/84843] Loss: 0.830497
Epoch 78 - Avg Loss: 0.532483 | Train Acc: 89.56%
Val: loss=0.3973, acc=10477/10975 (95.46%)
Epoch 79 [0/84843] Loss: 0.494506
Epoch 79 [35000/84843] Loss: 0.926359
Epoch 79 [70000/84843] Loss: 0.451517
Epoch 79 - Avg Loss: 0.534909 | Train Acc: 89.61%
Val: loss=0.3819, acc=10560/10975 (96.22%)
saved best: 96.22%
Epoch 80 [0/84843] Loss: 0.461767
Epoch 80 [35000/84843] Loss: 0.482594
Epoch 80 [70000/84843] Loss: 0.923730
Epoch 80 - Avg Loss: 0.535089 | Train Acc: 89.69%
Val: loss=0.3904, acc=10501/10975 (95.68%)
Epoch 81 [0/84843] Loss: 0.789041
Epoch 81 [35000/84843] Loss: 0.388477
Epoch 81 [70000/84843] Loss: 0.440379
Epoch 81 - Avg Loss: 0.536586 | Train Acc: 89.52%
Val: loss=0.3954, acc=10468/10975 (95.38%)
Epoch 82 [0/84843] Loss: 0.554223
Epoch 82 [35000/84843] Loss: 0.936508
Epoch 82 [70000/84843] Loss: 0.467570
Epoch 82 - Avg Loss: 0.541531 | Train Acc: 89.30%
Val: loss=0.3861, acc=10540/10975 (96.04%)
Epoch 83 [0/84843] Loss: 0.414992
Epoch 83 [35000/84843] Loss: 0.398887
Epoch 83 [70000/84843] Loss: 0.557930
Epoch 83 - Avg Loss: 0.529195 | Train Acc: 89.82%
Val: loss=0.3767, acc=10561/10975 (96.23%)
saved best: 96.23%
Epoch 84 [0/84843] Loss: 0.561199
Epoch 84 [35000/84843] Loss: 0.678848
Epoch 84 [70000/84843] Loss: 0.509444
Epoch 84 - Avg Loss: 0.542849 | Train Acc: 89.32%
Val: loss=0.3929, acc=10481/10975 (95.50%)
Epoch 85 [0/84843] Loss: 0.376691
Epoch 85 [35000/84843] Loss: 0.325628
Epoch 85 [70000/84843] Loss: 0.364813
Epoch 85 - Avg Loss: 0.526113 | Train Acc: 89.98%
Val: loss=0.3854, acc=10524/10975 (95.89%)
Epoch 86 [0/84843] Loss: 0.443904
Epoch 86 [35000/84843] Loss: 0.810367
Epoch 86 [70000/84843] Loss: 0.327843
Epoch 86 - Avg Loss: 0.533472 | Train Acc: 89.56%
Val: loss=0.3925, acc=10491/10975 (95.59%)
Epoch 87 [0/84843] Loss: 0.723561
Epoch 87 [35000/84843] Loss: 0.481655
Epoch 87 [70000/84843] Loss: 0.765771
Epoch 87 - Avg Loss: 0.527977 | Train Acc: 89.81%
Val: loss=0.3826, acc=10534/10975 (95.98%)
Epoch 88 [0/84843] Loss: 0.416396
Epoch 88 [35000/84843] Loss: 0.365946
Epoch 88 [70000/84843] Loss: 0.441551
Epoch 88 - Avg Loss: 0.526680 | Train Acc: 89.85%
Val: loss=0.3901, acc=10517/10975 (95.83%)
Epoch 89 [0/84843] Loss: 0.595682
Epoch 89 [35000/84843] Loss: 0.472194
Epoch 89 [70000/84843] Loss: 0.393837
Epoch 89 - Avg Loss: 0.526220 | Train Acc: 89.94%
Val: loss=0.3784, acc=10544/10975 (96.07%)
Epoch 90 [0/84843] Loss: 0.712316
Epoch 90 [35000/84843] Loss: 0.386271
Epoch 90 [70000/84843] Loss: 0.487848
Epoch 90 - Avg Loss: 0.526008 | Train Acc: 89.89%
Val: loss=0.3923, acc=10505/10975 (95.72%)
Epoch 91 [0/84843] Loss: 0.789355
Epoch 91 [35000/84843] Loss: 0.331590
Epoch 91 [70000/84843] Loss: 0.396747
Epoch 91 - Avg Loss: 0.524457 | Train Acc: 89.93%
Val: loss=0.3872, acc=10526/10975 (95.91%)
Epoch 92 [0/84843] Loss: 0.386056
Epoch 92 [35000/84843] Loss: 0.601622
Epoch 92 [70000/84843] Loss: 0.831275
Epoch 92 - Avg Loss: 0.525963 | Train Acc: 89.89%
Val: loss=0.4077, acc=10420/10975 (94.94%)
Epoch 93 [0/84843] Loss: 0.431181
Epoch 93 [35000/84843] Loss: 0.543890
Epoch 93 [70000/84843] Loss: 0.638372
Epoch 93 - Avg Loss: 0.529603 | Train Acc: 89.75%
Val: loss=0.3795, acc=10561/10975 (96.23%)
Epoch 94 [0/84843] Loss: 0.523093
Epoch 94 [35000/84843] Loss: 0.477576
Epoch 94 [70000/84843] Loss: 0.371877
Epoch 94 - Avg Loss: 0.527907 | Train Acc: 89.77%
Val: loss=0.3817, acc=10548/10975 (96.11%)
Epoch 95 [0/84843] Loss: 0.568339
Epoch 95 [35000/84843] Loss: 0.643701
Epoch 95 [70000/84843] Loss: 0.752778
Epoch 95 - Avg Loss: 0.528367 | Train Acc: 89.85%
Val: loss=0.3795, acc=10540/10975 (96.04%)
Epoch 96 [0/84843] Loss: 0.293243
Epoch 96 [35000/84843] Loss: 0.454186
Epoch 96 [70000/84843] Loss: 0.471377
Epoch 96 - Avg Loss: 0.516882 | Train Acc: 90.28%
Val: loss=0.3882, acc=10509/10975 (95.75%)
Epoch 97 [0/84843] Loss: 0.371728
Epoch 97 [35000/84843] Loss: 0.564531
Epoch 97 [70000/84843] Loss: 0.448439
Epoch 97 - Avg Loss: 0.532057 | Train Acc: 89.66%
Val: loss=0.3855, acc=10529/10975 (95.94%)
Epoch 98 [0/84843] Loss: 0.908894
Epoch 98 [35000/84843] Loss: 0.340888
Epoch 98 [70000/84843] Loss: 0.398249
Epoch 98 - Avg Loss: 0.525015 | Train Acc: 89.98%
Val: loss=0.3794, acc=10557/10975 (96.19%)
Epoch 99 [0/84843] Loss: 0.440893
Epoch 99 [35000/84843] Loss: 0.388023
Epoch 99 [70000/84843] Loss: 0.939932
Epoch 99 - Avg Loss: 0.518346 | Train Acc: 90.20%
Val: loss=0.3730, acc=10585/10975 (96.45%)
saved best: 96.45%
Epoch 100 [0/84843] Loss: 0.637804
Epoch 100 [35000/84843] Loss: 0.377128
Epoch 100 [70000/84843] Loss: 0.802281
Epoch 100 - Avg Loss: 0.528903 | Train Acc: 89.78%
Val: loss=0.3890, acc=10508/10975 (95.74%)
Epoch 101 [0/84843] Loss: 0.384871
Epoch 101 [35000/84843] Loss: 0.383528
Epoch 101 [70000/84843] Loss: 0.370532
Epoch 101 - Avg Loss: 0.523300 | Train Acc: 90.01%
Val: loss=0.3784, acc=10555/10975 (96.17%)
Epoch 102 [0/84843] Loss: 0.468906
Epoch 102 [35000/84843] Loss: 0.432009
Epoch 102 [70000/84843] Loss: 0.555054
Epoch 102 - Avg Loss: 0.517990 | Train Acc: 90.17%
Val: loss=0.3882, acc=10486/10975 (95.54%)
Epoch 103 [0/84843] Loss: 0.585269
Epoch 103 [35000/84843] Loss: 0.492579
Epoch 103 [70000/84843] Loss: 0.644263
Epoch 103 - Avg Loss: 0.523021 | Train Acc: 90.02%
Val: loss=0.3828, acc=10522/10975 (95.87%)
Epoch 104 [0/84843] Loss: 0.694654
Epoch 104 [35000/84843] Loss: 0.425802
Epoch 104 [70000/84843] Loss: 0.296835
Epoch 104 - Avg Loss: 0.520445 | Train Acc: 90.10%
Val: loss=0.3756, acc=10552/10975 (96.15%)
Epoch 105 [0/84843] Loss: 0.512478
Epoch 105 [35000/84843] Loss: 0.602970
Epoch 105 [70000/84843] Loss: 0.529772
Epoch 105 - Avg Loss: 0.521815 | Train Acc: 90.04%
Val: loss=0.3769, acc=10545/10975 (96.08%)
Epoch 106 [0/84843] Loss: 0.602831
Epoch 106 [35000/84843] Loss: 0.506928
Epoch 106 [70000/84843] Loss: 0.934114
Epoch 106 - Avg Loss: 0.528499 | Train Acc: 89.76%
Val: loss=0.3776, acc=10543/10975 (96.06%)
Epoch 107 [0/84843] Loss: 0.305859
Epoch 107 [35000/84843] Loss: 0.472382
Epoch 107 [70000/84843] Loss: 0.564727
Epoch 107 - Avg Loss: 0.517520 | Train Acc: 90.21%
Val: loss=0.3875, acc=10507/10975 (95.74%)
Epoch 108 [0/84843] Loss: 0.393237
Epoch 108 [35000/84843] Loss: 0.443293
Epoch 108 [70000/84843] Loss: 0.471158
Epoch 108 - Avg Loss: 0.524390 | Train Acc: 89.94%
Val: loss=0.3800, acc=10520/10975 (95.85%)
Epoch 109 [0/84843] Loss: 0.637650
Epoch 109 [35000/84843] Loss: 0.529486
Epoch 109 [70000/84843] Loss: 0.871843
Epoch 109 - Avg Loss: 0.519969 | Train Acc: 90.21%
Val: loss=0.3805, acc=10525/10975 (95.90%)
Epoch 110 [0/84843] Loss: 0.785281
Epoch 110 [35000/84843] Loss: 0.433967
Epoch 110 [70000/84843] Loss: 0.577636
Epoch 110 - Avg Loss: 0.522101 | Train Acc: 90.05%
Val: loss=0.3787, acc=10545/10975 (96.08%)
Epoch 111 [0/84843] Loss: 0.430054
Epoch 111 [35000/84843] Loss: 0.441861
Epoch 111 [70000/84843] Loss: 0.430031
Epoch 111 - Avg Loss: 0.524974 | Train Acc: 89.87%
Val: loss=0.3757, acc=10550/10975 (96.13%)
Epoch 112 [0/84843] Loss: 0.494673
Epoch 112 [35000/84843] Loss: 0.602718
Epoch 112 [70000/84843] Loss: 0.451191
Epoch 112 - Avg Loss: 0.516132 | Train Acc: 90.23%
Val: loss=0.3786, acc=10553/10975 (96.15%)
Epoch 113 [0/84843] Loss: 0.568889
Epoch 113 [35000/84843] Loss: 0.385920
Epoch 113 [70000/84843] Loss: 0.715570
Epoch 113 - Avg Loss: 0.517282 | Train Acc: 90.25%
Val: loss=0.3796, acc=10533/10975 (95.97%)
Epoch 114 [0/84843] Loss: 0.785863
Epoch 114 [35000/84843] Loss: 0.377242
Epoch 114 [70000/84843] Loss: 0.371059
Epoch 114 - Avg Loss: 0.517215 | Train Acc: 90.24%
Val: loss=0.3718, acc=10561/10975 (96.23%)
Epoch 115 [0/84843] Loss: 0.505547
Epoch 115 [35000/84843] Loss: 0.459088
Epoch 115 [70000/84843] Loss: 0.627772
Epoch 115 - Avg Loss: 0.516173 | Train Acc: 90.33%
Val: loss=0.3841, acc=10536/10975 (96.00%)
Epoch 116 [0/84843] Loss: 0.360385
Epoch 116 [35000/84843] Loss: 0.778511
Epoch 116 [70000/84843] Loss: 0.409196
Epoch 116 - Avg Loss: 0.509801 | Train Acc: 90.50%
Val: loss=0.3723, acc=10570/10975 (96.31%)
Epoch 117 [0/84843] Loss: 0.349504
Epoch 117 [35000/84843] Loss: 0.545140
Epoch 117 [70000/84843] Loss: 0.295319
Epoch 117 - Avg Loss: 0.507256 | Train Acc: 90.62%
Val: loss=0.3812, acc=10541/10975 (96.05%)
Epoch 118 [0/84843] Loss: 0.657550
Epoch 118 [35000/84843] Loss: 0.393139
Epoch 118 [70000/84843] Loss: 0.779386
Epoch 118 - Avg Loss: 0.514690 | Train Acc: 90.32%
Val: loss=0.3735, acc=10561/10975 (96.23%)
Epoch 119 [0/84843] Loss: 0.839963
Epoch 119 [35000/84843] Loss: 0.693898
Epoch 119 [70000/84843] Loss: 0.403403
Epoch 119 - Avg Loss: 0.513384 | Train Acc: 90.36%
Val: loss=0.3758, acc=10567/10975 (96.28%)
Epoch 120 [0/84843] Loss: 0.899485
Epoch 120 [35000/84843] Loss: 0.812960
Epoch 120 [70000/84843] Loss: 0.729188
Epoch 120 - Avg Loss: 0.513237 | Train Acc: 90.41%
Val: loss=0.3809, acc=10530/10975 (95.95%)
Epoch 121 [0/84843] Loss: 0.470902
Epoch 121 [35000/84843] Loss: 0.357661
Epoch 121 [70000/84843] Loss: 0.369204
Epoch 121 - Avg Loss: 0.515400 | Train Acc: 90.18%
Val: loss=0.3751, acc=10556/10975 (96.18%)
Epoch 122 [0/84843] Loss: 0.315216
Epoch 122 [35000/84843] Loss: 0.414934
Epoch 122 [70000/84843] Loss: 0.502820
Epoch 122 - Avg Loss: 0.514199 | Train Acc: 90.32%
Val: loss=0.3753, acc=10554/10975 (96.16%)
Epoch 123 [0/84843] Loss: 0.681851
Epoch 123 [35000/84843] Loss: 0.443500
Epoch 123 [70000/84843] Loss: 0.581774
Epoch 123 - Avg Loss: 0.512206 | Train Acc: 90.27%
Val: loss=0.3813, acc=10540/10975 (96.04%)
Epoch 124 [0/84843] Loss: 0.625764
Epoch 124 [35000/84843] Loss: 0.517939
Epoch 124 [70000/84843] Loss: 0.382485
Epoch 124 - Avg Loss: 0.510410 | Train Acc: 90.55%
Val: loss=0.3828, acc=10534/10975 (95.98%)
Epoch 125 [0/84843] Loss: 0.575023
Epoch 125 [35000/84843] Loss: 0.411553
Epoch 125 [70000/84843] Loss: 0.380266
Epoch 125 - Avg Loss: 0.513507 | Train Acc: 90.38%
Val: loss=0.3740, acc=10560/10975 (96.22%)
Epoch 126 [0/84843] Loss: 0.719638
Epoch 126 [35000/84843] Loss: 0.707497
Epoch 126 [70000/84843] Loss: 0.557963
Epoch 126 - Avg Loss: 0.511360 | Train Acc: 90.41%
Val: loss=0.3751, acc=10563/10975 (96.25%)
Epoch 127 [0/84843] Loss: 0.366404
Epoch 127 [35000/84843] Loss: 0.606732
Epoch 127 [70000/84843] Loss: 0.442195
Epoch 127 - Avg Loss: 0.510068 | Train Acc: 90.49%
Val: loss=0.3697, acc=10578/10975 (96.38%)
Epoch 128 [0/84843] Loss: 0.742256
Epoch 128 [35000/84843] Loss: 0.647918
Epoch 128 [70000/84843] Loss: 0.375640
Epoch 128 - Avg Loss: 0.506389 | Train Acc: 90.66%
Val: loss=0.3774, acc=10558/10975 (96.20%)
Epoch 129 [0/84843] Loss: 0.725401
Epoch 129 [35000/84843] Loss: 0.419274
Epoch 129 [70000/84843] Loss: 0.352830
Epoch 129 - Avg Loss: 0.513657 | Train Acc: 90.42%
Val: loss=0.3842, acc=10534/10975 (95.98%)
Epoch 130 [0/84843] Loss: 0.537972
Epoch 130 [35000/84843] Loss: 0.391446
Epoch 130 [70000/84843] Loss: 0.542818
Epoch 130 - Avg Loss: 0.512636 | Train Acc: 90.52%
Val: loss=0.3810, acc=10542/10975 (96.05%)
Epoch 131 [0/84843] Loss: 0.281661
Epoch 131 [35000/84843] Loss: 0.676221
Epoch 131 [70000/84843] Loss: 0.455545
Epoch 131 - Avg Loss: 0.507113 | Train Acc: 90.54%
Val: loss=0.3868, acc=10504/10975 (95.71%)
Epoch 132 [0/84843] Loss: 0.588453
Epoch 132 [35000/84843] Loss: 0.312255
Epoch 132 [70000/84843] Loss: 0.488429
Epoch 132 - Avg Loss: 0.508067 | Train Acc: 90.50%
Val: loss=0.3861, acc=10525/10975 (95.90%)
Epoch 133 [0/84843] Loss: 0.592232
Epoch 133 [35000/84843] Loss: 0.724251
Epoch 133 [70000/84843] Loss: 0.690767
Epoch 133 - Avg Loss: 0.507022 | Train Acc: 90.54%
Val: loss=0.3826, acc=10534/10975 (95.98%)
Epoch 134 [0/84843] Loss: 0.381695
Epoch 134 [35000/84843] Loss: 0.459453
Epoch 134 [70000/84843] Loss: 0.827225
Epoch 134 - Avg Loss: 0.510712 | Train Acc: 90.39%
Val: loss=0.3711, acc=10573/10975 (96.34%)
Epoch 135 [0/84843] Loss: 0.395559
Epoch 135 [35000/84843] Loss: 0.500271
Epoch 135 [70000/84843] Loss: 0.475807
Epoch 135 - Avg Loss: 0.510915 | Train Acc: 90.40%
Val: loss=0.3667, acc=10588/10975 (96.47%)
saved best: 96.47%
Epoch 136 [0/84843] Loss: 0.450856
Epoch 136 [35000/84843] Loss: 0.385833
Epoch 136 [70000/84843] Loss: 0.604314
Epoch 136 - Avg Loss: 0.509717 | Train Acc: 90.51%
Val: loss=0.3744, acc=10582/10975 (96.42%)
Epoch 137 [0/84843] Loss: 0.370942
Epoch 137 [35000/84843] Loss: 0.555528
Epoch 137 [70000/84843] Loss: 0.450411
Epoch 137 - Avg Loss: 0.500463 | Train Acc: 90.86%
Val: loss=0.3790, acc=10547/10975 (96.10%)
Epoch 138 [0/84843] Loss: 0.467930
Epoch 138 [35000/84843] Loss: 0.439685
Epoch 138 [70000/84843] Loss: 0.505916
Epoch 138 - Avg Loss: 0.511953 | Train Acc: 90.35%
Val: loss=0.3764, acc=10553/10975 (96.15%)
Epoch 139 [0/84843] Loss: 0.369223
Epoch 139 [35000/84843] Loss: 0.436015
Epoch 139 [70000/84843] Loss: 0.820603
Epoch 139 - Avg Loss: 0.506952 | Train Acc: 90.54%
Val: loss=0.3777, acc=10555/10975 (96.17%)
Epoch 140 [0/84843] Loss: 1.166193
Epoch 140 [35000/84843] Loss: 0.339660
Epoch 140 [70000/84843] Loss: 0.492489
Epoch 140 - Avg Loss: 0.500641 | Train Acc: 90.88%
Val: loss=0.3811, acc=10524/10975 (95.89%)
Epoch 141 [0/84843] Loss: 0.624788
Epoch 141 [35000/84843] Loss: 0.547016
Epoch 141 [70000/84843] Loss: 0.573119
Epoch 141 - Avg Loss: 0.510485 | Train Acc: 90.49%
Val: loss=0.3767, acc=10532/10975 (95.96%)
Epoch 142 [0/84843] Loss: 0.774259
Epoch 142 [35000/84843] Loss: 0.477934
Epoch 142 [70000/84843] Loss: 0.488648
Epoch 142 - Avg Loss: 0.502856 | Train Acc: 90.71%
Val: loss=0.3692, acc=10577/10975 (96.37%)
Epoch 143 [0/84843] Loss: 0.414069
Epoch 143 [35000/84843] Loss: 0.704230
Epoch 143 [70000/84843] Loss: 0.418617
Epoch 143 - Avg Loss: 0.498476 | Train Acc: 90.96%
Val: loss=0.3741, acc=10555/10975 (96.17%)
Epoch 144 [0/84843] Loss: 0.309264
Epoch 144 [35000/84843] Loss: 0.355615
Epoch 144 [70000/84843] Loss: 0.482317
Epoch 144 - Avg Loss: 0.508370 | Train Acc: 90.58%
Val: loss=0.3694, acc=10585/10975 (96.45%)
Epoch 145 [0/84843] Loss: 0.856984
Epoch 145 [35000/84843] Loss: 0.860978
Epoch 145 [70000/84843] Loss: 0.567716
Epoch 145 - Avg Loss: 0.500623 | Train Acc: 90.82%
Val: loss=0.3705, acc=10561/10975 (96.23%)
Epoch 146 [0/84843] Loss: 0.392223
Epoch 146 [35000/84843] Loss: 0.414892
Epoch 146 [70000/84843] Loss: 0.898866
Epoch 146 - Avg Loss: 0.500848 | Train Acc: 90.89%
Val: loss=0.3756, acc=10551/10975 (96.14%)
Epoch 147 [0/84843] Loss: 0.674955
Epoch 147 [35000/84843] Loss: 1.091543
Epoch 147 [70000/84843] Loss: 0.731628
Epoch 147 - Avg Loss: 0.502098 | Train Acc: 90.74%
Val: loss=0.3734, acc=10566/10975 (96.27%)
Epoch 148 [0/84843] Loss: 0.496964
Epoch 148 [35000/84843] Loss: 0.603337
Epoch 148 [70000/84843] Loss: 0.632089
Epoch 148 - Avg Loss: 0.500122 | Train Acc: 90.83%
Val: loss=0.3728, acc=10566/10975 (96.27%)
Epoch 149 [0/84843] Loss: 0.768922
Epoch 149 [35000/84843] Loss: 0.493249
Epoch 149 [70000/84843] Loss: 0.363337
Epoch 149 - Avg Loss: 0.496221 | Train Acc: 91.08%
Val: loss=0.3696, acc=10556/10975 (96.18%)
Epoch 150 [0/84843] Loss: 0.627931
Epoch 150 [35000/84843] Loss: 0.610998
Epoch 150 [70000/84843] Loss: 0.361960
Epoch 150 - Avg Loss: 0.500268 | Train Acc: 90.83%
Val: loss=0.3898, acc=10486/10975 (95.54%)
Epoch 151 [0/84843] Loss: 0.531483
Epoch 151 [35000/84843] Loss: 0.428172
Epoch 151 [70000/84843] Loss: 0.666310
Epoch 151 - Avg Loss: 0.505032 | Train Acc: 90.63%
Val: loss=0.3730, acc=10555/10975 (96.17%)
Epoch 152 [0/84843] Loss: 0.332294
Epoch 152 [35000/84843] Loss: 0.532861
Epoch 152 [70000/84843] Loss: 0.331200
Epoch 152 - Avg Loss: 0.495788 | Train Acc: 91.06%
Val: loss=0.3718, acc=10582/10975 (96.42%)
Epoch 153 [0/84843] Loss: 0.384078
Epoch 153 [35000/84843] Loss: 0.359761
Epoch 153 [70000/84843] Loss: 0.354147
Epoch 153 - Avg Loss: 0.501461 | Train Acc: 90.85%
Val: loss=0.3748, acc=10550/10975 (96.13%)
Epoch 154 [0/84843] Loss: 0.324424
Epoch 154 [35000/84843] Loss: 0.332327
Epoch 154 [70000/84843] Loss: 0.392541
Epoch 154 - Avg Loss: 0.508847 | Train Acc: 90.47%
Val: loss=0.3740, acc=10580/10975 (96.40%)
Epoch 155 [0/84843] Loss: 0.378665
Epoch 155 [35000/84843] Loss: 0.436129
Epoch 155 [70000/84843] Loss: 0.360176
Epoch 155 - Avg Loss: 0.499830 | Train Acc: 90.86%
Val: loss=0.3754, acc=10571/10975 (96.32%)
Epoch 156 [0/84843] Loss: 0.375675
Epoch 156 [35000/84843] Loss: 0.387689
Epoch 156 [70000/84843] Loss: 0.643324
Epoch 156 - Avg Loss: 0.494799 | Train Acc: 91.15%
Val: loss=0.3711, acc=10554/10975 (96.16%)
Epoch 157 [0/84843] Loss: 0.656037
Epoch 157 [35000/84843] Loss: 0.424294
Epoch 157 [70000/84843] Loss: 0.819232
Epoch 157 - Avg Loss: 0.497704 | Train Acc: 90.97%
Val: loss=0.3789, acc=10540/10975 (96.04%)
Epoch 158 [0/84843] Loss: 0.626421
Epoch 158 [35000/84843] Loss: 0.357366
Epoch 158 [70000/84843] Loss: 0.310471
Epoch 158 - Avg Loss: 0.504044 | Train Acc: 90.74%
Val: loss=0.3716, acc=10576/10975 (96.36%)
Epoch 159 [0/84843] Loss: 0.386835
Epoch 159 [35000/84843] Loss: 0.821832
Epoch 159 [70000/84843] Loss: 0.581201
Epoch 159 - Avg Loss: 0.490740 | Train Acc: 91.29%
Val: loss=0.3791, acc=10529/10975 (95.94%)
Epoch 160 [0/84843] Loss: 0.516936
Epoch 160 [35000/84843] Loss: 0.299380
Epoch 160 [70000/84843] Loss: 0.417921
Epoch 160 - Avg Loss: 0.502876 | Train Acc: 90.76%
Val: loss=0.3693, acc=10575/10975 (96.36%)
Epoch 161 [0/84843] Loss: 0.376468
Epoch 161 [35000/84843] Loss: 0.705506
Epoch 161 [70000/84843] Loss: 0.437026
Epoch 161 - Avg Loss: 0.501496 | Train Acc: 90.85%
Val: loss=0.3691, acc=10582/10975 (96.42%)
Epoch 162 [0/84843] Loss: 0.470304
Epoch 162 [35000/84843] Loss: 0.487750
Epoch 162 [70000/84843] Loss: 0.308155
Epoch 162 - Avg Loss: 0.506739 | Train Acc: 90.59%
Val: loss=0.3705, acc=10574/10975 (96.35%)
Epoch 163 [0/84843] Loss: 0.421646
Epoch 163 [35000/84843] Loss: 0.345765
Epoch 163 [70000/84843] Loss: 0.329026
Epoch 163 - Avg Loss: 0.503481 | Train Acc: 90.76%
Val: loss=0.3720, acc=10580/10975 (96.40%)
Epoch 164 [0/84843] Loss: 0.318676
Epoch 164 [35000/84843] Loss: 0.390197
Epoch 164 [70000/84843] Loss: 0.761047
Epoch 164 - Avg Loss: 0.497495 | Train Acc: 90.89%
Val: loss=0.3784, acc=10550/10975 (96.13%)
Epoch 165 [0/84843] Loss: 0.351602
Epoch 165 [35000/84843] Loss: 0.764160
Epoch 165 [70000/84843] Loss: 0.927913
Epoch 165 - Avg Loss: 0.496971 | Train Acc: 91.06%
Val: loss=0.3794, acc=10543/10975 (96.06%)
Epoch 166 [0/84843] Loss: 0.457030
Epoch 166 [35000/84843] Loss: 0.661267
Epoch 166 [70000/84843] Loss: 0.814224
Epoch 166 - Avg Loss: 0.491078 | Train Acc: 91.26%
Val: loss=0.3669, acc=10604/10975 (96.62%)
saved best: 96.62%
Epoch 167 [0/84843] Loss: 0.314127
Epoch 167 [35000/84843] Loss: 0.369960
Epoch 167 [70000/84843] Loss: 0.343136
Epoch 167 - Avg Loss: 0.498389 | Train Acc: 90.93%
Val: loss=0.3680, acc=10577/10975 (96.37%)
Epoch 168 [0/84843] Loss: 0.396867
Epoch 168 [35000/84843] Loss: 0.540227
Epoch 168 [70000/84843] Loss: 0.658029
Epoch 168 - Avg Loss: 0.500345 | Train Acc: 90.87%
Val: loss=0.3683, acc=10587/10975 (96.46%)
Epoch 169 [0/84843] Loss: 0.419833
Epoch 169 [35000/84843] Loss: 0.462805
Epoch 169 [70000/84843] Loss: 0.413293
Epoch 169 - Avg Loss: 0.490659 | Train Acc: 91.28%
Val: loss=0.3734, acc=10567/10975 (96.28%)
Epoch 170 [0/84843] Loss: 0.299126
Epoch 170 [35000/84843] Loss: 0.533238
Epoch 170 [70000/84843] Loss: 0.560732
Epoch 170 - Avg Loss: 0.495046 | Train Acc: 91.10%
Val: loss=0.3754, acc=10556/10975 (96.18%)
Epoch 171 [0/84843] Loss: 0.495503
Epoch 171 [35000/84843] Loss: 0.387247
Epoch 171 [70000/84843] Loss: 0.616133
Epoch 171 - Avg Loss: 0.498277 | Train Acc: 90.90%
Val: loss=0.3754, acc=10553/10975 (96.15%)
Epoch 172 [0/84843] Loss: 0.337374
Epoch 172 [35000/84843] Loss: 0.436469
Epoch 172 [70000/84843] Loss: 0.375935
Epoch 172 - Avg Loss: 0.497447 | Train Acc: 90.96%
Val: loss=0.3703, acc=10592/10975 (96.51%)
Epoch 173 [0/84843] Loss: 0.350229
Epoch 173 [35000/84843] Loss: 0.308268
Epoch 173 [70000/84843] Loss: 0.348825
Epoch 173 - Avg Loss: 0.493589 | Train Acc: 91.11%
Val: loss=0.3712, acc=10581/10975 (96.41%)
Epoch 174 [0/84843] Loss: 0.820034
Epoch 174 [35000/84843] Loss: 0.726203
Epoch 174 [70000/84843] Loss: 0.334106
Epoch 174 - Avg Loss: 0.502759 | Train Acc: 90.73%
Val: loss=0.3678, acc=10579/10975 (96.39%)
Epoch 175 [0/84843] Loss: 0.344690
Epoch 175 [35000/84843] Loss: 0.396208
Epoch 175 [70000/84843] Loss: 0.449978
Epoch 175 - Avg Loss: 0.494962 | Train Acc: 91.14%
Val: loss=0.3676, acc=10583/10975 (96.43%)
Epoch 176 [0/84843] Loss: 0.285875
Epoch 176 [35000/84843] Loss: 0.359362
Epoch 176 [70000/84843] Loss: 0.406276
Epoch 176 - Avg Loss: 0.500382 | Train Acc: 90.82%
Val: loss=0.3743, acc=10562/10975 (96.24%)
Epoch 177 [0/84843] Loss: 0.486621
Epoch 177 [35000/84843] Loss: 0.391992
Epoch 177 [70000/84843] Loss: 0.423141
Epoch 177 - Avg Loss: 0.495647 | Train Acc: 91.05%
Val: loss=0.3659, acc=10602/10975 (96.60%)
Epoch 178 [0/84843] Loss: 0.608735
Epoch 178 [35000/84843] Loss: 0.563617
Epoch 178 [70000/84843] Loss: 0.334518
Epoch 178 - Avg Loss: 0.497109 | Train Acc: 90.98%
Val: loss=0.3706, acc=10580/10975 (96.40%)
Epoch 179 [0/84843] Loss: 0.495667
Epoch 179 [35000/84843] Loss: 0.507926
Epoch 179 [70000/84843] Loss: 0.469798
Epoch 179 - Avg Loss: 0.499381 | Train Acc: 90.90%
Val: loss=0.3685, acc=10591/10975 (96.50%)
Epoch 180 [0/84843] Loss: 0.387420
Epoch 180 [35000/84843] Loss: 0.370011
Epoch 180 [70000/84843] Loss: 0.309098
Epoch 180 - Avg Loss: 0.492007 | Train Acc: 91.15%
Val: loss=0.3706, acc=10577/10975 (96.37%)
Epoch 181 [0/84843] Loss: 0.343294
Epoch 181 [35000/84843] Loss: 0.339502
Epoch 181 [70000/84843] Loss: 0.336988
Epoch 181 - Avg Loss: 0.498482 | Train Acc: 90.91%
Val: loss=0.3730, acc=10572/10975 (96.33%)
Epoch 182 [0/84843] Loss: 0.564174
Epoch 182 [35000/84843] Loss: 0.506229
Epoch 182 [70000/84843] Loss: 0.998550
Epoch 182 - Avg Loss: 0.487820 | Train Acc: 91.34%
Val: loss=0.3795, acc=10538/10975 (96.02%)
Epoch 183 [0/84843] Loss: 0.509942
Epoch 183 [35000/84843] Loss: 0.697871
Epoch 183 [70000/84843] Loss: 0.539704
Epoch 183 - Avg Loss: 0.488076 | Train Acc: 91.41%
Val: loss=0.3657, acc=10591/10975 (96.50%)
Epoch 184 [0/84843] Loss: 0.464799
Epoch 184 [35000/84843] Loss: 0.642518
Epoch 184 [70000/84843] Loss: 0.620805
Epoch 184 - Avg Loss: 0.493314 | Train Acc: 91.04%
Val: loss=0.3678, acc=10586/10975 (96.46%)
Epoch 185 [0/84843] Loss: 0.707713
Epoch 185 [35000/84843] Loss: 0.326178
Epoch 185 [70000/84843] Loss: 0.426351
Epoch 185 - Avg Loss: 0.497343 | Train Acc: 90.90%
Val: loss=0.3706, acc=10583/10975 (96.43%)
Epoch 186 [0/84843] Loss: 0.826671
Epoch 186 [35000/84843] Loss: 0.553957
Epoch 186 [70000/84843] Loss: 0.557648
Epoch 186 - Avg Loss: 0.494817 | Train Acc: 91.02%
Val: loss=0.3768, acc=10548/10975 (96.11%)
Epoch 187 [0/84843] Loss: 0.385618
Epoch 187 [35000/84843] Loss: 0.708532
Epoch 187 [70000/84843] Loss: 0.554179
Epoch 187 - Avg Loss: 0.490791 | Train Acc: 91.27%
Val: loss=0.3698, acc=10581/10975 (96.41%)
Epoch 188 [0/84843] Loss: 0.323476
Epoch 188 [35000/84843] Loss: 0.366103
Epoch 188 [70000/84843] Loss: 0.823762
Epoch 188 - Avg Loss: 0.486627 | Train Acc: 91.44%
Val: loss=0.3658, acc=10604/10975 (96.62%)
Epoch 189 [0/84843] Loss: 0.456959
Epoch 189 [35000/84843] Loss: 0.642450
Epoch 189 [70000/84843] Loss: 0.679561
Epoch 189 - Avg Loss: 0.496022 | Train Acc: 91.07%
Val: loss=0.3659, acc=10593/10975 (96.52%)
Epoch 190 [0/84843] Loss: 0.352583
Epoch 190 [35000/84843] Loss: 0.627850
Epoch 190 [70000/84843] Loss: 0.621169
Epoch 190 - Avg Loss: 0.483872 | Train Acc: 91.48%
Val: loss=0.3724, acc=10569/10975 (96.30%)
Epoch 191 [0/84843] Loss: 0.406345
Epoch 191 [35000/84843] Loss: 0.473904
Epoch 191 [70000/84843] Loss: 0.424454
Epoch 191 - Avg Loss: 0.482616 | Train Acc: 91.58%
Val: loss=0.3660, acc=10585/10975 (96.45%)
Epoch 192 [0/84843] Loss: 0.642233
Epoch 192 [35000/84843] Loss: 0.711773
Epoch 192 [70000/84843] Loss: 0.318042
Epoch 192 - Avg Loss: 0.494267 | Train Acc: 91.04%
Val: loss=0.3696, acc=10578/10975 (96.38%)
Epoch 193 [0/84843] Loss: 0.627987
Epoch 193 [35000/84843] Loss: 0.496770
Epoch 193 [70000/84843] Loss: 0.525233
Epoch 193 - Avg Loss: 0.492129 | Train Acc: 91.14%
Val: loss=0.3688, acc=10594/10975 (96.53%)
Epoch 194 [0/84843] Loss: 0.749108
Epoch 194 [35000/84843] Loss: 0.494079
Epoch 194 [70000/84843] Loss: 0.569192
Epoch 194 - Avg Loss: 0.492977 | Train Acc: 91.06%
Val: loss=0.3701, acc=10585/10975 (96.45%)
Epoch 195 [0/84843] Loss: 0.276338
Epoch 195 [35000/84843] Loss: 0.416404
Epoch 195 [70000/84843] Loss: 0.509544
Epoch 195 - Avg Loss: 0.485185 | Train Acc: 91.46%
Val: loss=0.3661, acc=10593/10975 (96.52%)
Epoch 196 [0/84843] Loss: 0.369274
Epoch 196 [35000/84843] Loss: 0.532458
Epoch 196 [70000/84843] Loss: 0.281946
Epoch 196 - Avg Loss: 0.485063 | Train Acc: 91.44%
Val: loss=0.3663, acc=10586/10975 (96.46%)
Epoch 197 [0/84843] Loss: 0.700362
Epoch 197 [35000/84843] Loss: 0.330730
Epoch 197 [70000/84843] Loss: 0.667612
Epoch 197 - Avg Loss: 0.495052 | Train Acc: 91.02%
Val: loss=0.3661, acc=10601/10975 (96.59%)
Epoch 198 [0/84843] Loss: 0.623942
Epoch 198 [35000/84843] Loss: 0.366681
Epoch 198 [70000/84843] Loss: 0.419932
Epoch 198 - Avg Loss: 0.488240 | Train Acc: 91.32%
Val: loss=0.3696, acc=10563/10975 (96.25%)
Epoch 199 [0/84843] Loss: 0.388144
Epoch 199 [35000/84843] Loss: 0.571176
Epoch 199 [70000/84843] Loss: 0.538448
Epoch 199 - Avg Loss: 0.491335 | Train Acc: 91.22%
Val: loss=0.3745, acc=10562/10975 (96.24%)
Epoch 200 [0/84843] Loss: 0.558354
Epoch 200 [35000/84843] Loss: 0.308749
Epoch 200 [70000/84843] Loss: 0.594693
Epoch 200 - Avg Loss: 0.493120 | Train Acc: 91.03%
Val: loss=0.3624, acc=10621/10975 (96.77%)
saved best: 96.77%
Epoch 201 [0/84843] Loss: 0.407803
Epoch 201 [35000/84843] Loss: 0.436651
Epoch 201 [70000/84843] Loss: 0.932530
Epoch 201 - Avg Loss: 0.488121 | Train Acc: 91.32%
Val: loss=0.3714, acc=10561/10975 (96.23%)
Epoch 202 [0/84843] Loss: 0.286346
Epoch 202 [35000/84843] Loss: 0.407148
Epoch 202 [70000/84843] Loss: 0.294705
Epoch 202 - Avg Loss: 0.489345 | Train Acc: 91.20%
Val: loss=0.3669, acc=10591/10975 (96.50%)
Epoch 203 [0/84843] Loss: 0.946657
Epoch 203 [35000/84843] Loss: 0.326149
Epoch 203 [70000/84843] Loss: 0.334071
Epoch 203 - Avg Loss: 0.485692 | Train Acc: 91.43%
Val: loss=0.3665, acc=10600/10975 (96.58%)
Epoch 204 [0/84843] Loss: 0.430915
Epoch 204 [35000/84843] Loss: 0.442867
Epoch 204 [70000/84843] Loss: 0.416800
Epoch 204 - Avg Loss: 0.488139 | Train Acc: 91.28%
Val: loss=0.3646, acc=10598/10975 (96.56%)
Epoch 205 [0/84843] Loss: 0.625671
Epoch 205 [35000/84843] Loss: 0.337960
Epoch 205 [70000/84843] Loss: 0.880310
Epoch 205 - Avg Loss: 0.490072 | Train Acc: 91.29%
Val: loss=0.3624, acc=10615/10975 (96.72%)
Epoch 206 [0/84843] Loss: 0.554623
Epoch 206 [35000/84843] Loss: 0.464646
Epoch 206 [70000/84843] Loss: 0.447166
Epoch 206 - Avg Loss: 0.486897 | Train Acc: 91.33%
Val: loss=0.3636, acc=10620/10975 (96.77%)
Epoch 207 [0/84843] Loss: 0.457863
Epoch 207 [35000/84843] Loss: 0.952309
Epoch 207 [70000/84843] Loss: 0.341680
Epoch 207 - Avg Loss: 0.485429 | Train Acc: 91.36%
Val: loss=0.3666, acc=10578/10975 (96.38%)
Epoch 208 [0/84843] Loss: 0.376095
Epoch 208 [35000/84843] Loss: 0.667534
Epoch 208 [70000/84843] Loss: 0.396611
Epoch 208 - Avg Loss: 0.487687 | Train Acc: 91.30%
Val: loss=0.3673, acc=10598/10975 (96.56%)
Epoch 209 [0/84843] Loss: 0.459021
Epoch 209 [35000/84843] Loss: 0.372991
Epoch 209 [70000/84843] Loss: 0.881319
Epoch 209 - Avg Loss: 0.486376 | Train Acc: 91.39%
Val: loss=0.3657, acc=10608/10975 (96.66%)
Epoch 210 [0/84843] Loss: 0.327407
Epoch 210 [35000/84843] Loss: 0.464473
Epoch 210 [70000/84843] Loss: 0.520771
Epoch 210 - Avg Loss: 0.484501 | Train Acc: 91.41%
Val: loss=0.3687, acc=10572/10975 (96.33%)
Epoch 211 [0/84843] Loss: 0.291553
Epoch 211 [35000/84843] Loss: 0.307347
Epoch 211 [70000/84843] Loss: 0.742637
Epoch 211 - Avg Loss: 0.485242 | Train Acc: 91.45%
Val: loss=0.3680, acc=10597/10975 (96.56%)
Epoch 212 [0/84843] Loss: 0.562863
Epoch 212 [35000/84843] Loss: 0.499912
Epoch 212 [70000/84843] Loss: 0.555005
Epoch 212 - Avg Loss: 0.490655 | Train Acc: 91.21%
Val: loss=0.3635, acc=10600/10975 (96.58%)
Epoch 213 [0/84843] Loss: 0.687574
Epoch 213 [35000/84843] Loss: 0.718766
Epoch 213 [70000/84843] Loss: 0.721829
Epoch 213 - Avg Loss: 0.485136 | Train Acc: 91.39%
Val: loss=0.3650, acc=10591/10975 (96.50%)
Epoch 214 [0/84843] Loss: 0.692816
Epoch 214 [35000/84843] Loss: 0.306368
Epoch 214 [70000/84843] Loss: 0.466492
Epoch 214 - Avg Loss: 0.482883 | Train Acc: 91.54%
Val: loss=0.3649, acc=10592/10975 (96.51%)
Epoch 215 [0/84843] Loss: 0.655394
Epoch 215 [35000/84843] Loss: 0.620802
Epoch 215 [70000/84843] Loss: 0.717093
Epoch 215 - Avg Loss: 0.483898 | Train Acc: 91.47%
Val: loss=0.3657, acc=10588/10975 (96.47%)
Epoch 216 [0/84843] Loss: 0.487665
Epoch 216 [35000/84843] Loss: 0.314152
Epoch 216 [70000/84843] Loss: 0.411031
Epoch 216 - Avg Loss: 0.479529 | Train Acc: 91.60%
Val: loss=0.3654, acc=10610/10975 (96.67%)
Epoch 217 [0/84843] Loss: 0.398118
Epoch 217 [35000/84843] Loss: 0.322574
Epoch 217 [70000/84843] Loss: 0.614908
Epoch 217 - Avg Loss: 0.482076 | Train Acc: 91.51%
Val: loss=0.3659, acc=10574/10975 (96.35%)
Epoch 218 [0/84843] Loss: 0.351734
Epoch 218 [35000/84843] Loss: 0.319341
Epoch 218 [70000/84843] Loss: 0.343845
Epoch 218 - Avg Loss: 0.484085 | Train Acc: 91.47%
Val: loss=0.3581, acc=10614/10975 (96.71%)
Epoch 219 [0/84843] Loss: 0.734550
Epoch 219 [35000/84843] Loss: 0.286311
Epoch 219 [70000/84843] Loss: 0.306691
Epoch 219 - Avg Loss: 0.484382 | Train Acc: 91.48%
Val: loss=0.3631, acc=10612/10975 (96.69%)
Epoch 220 [0/84843] Loss: 0.340559
Epoch 220 [35000/84843] Loss: 0.339082
Epoch 220 [70000/84843] Loss: 0.891200
Epoch 220 - Avg Loss: 0.490244 | Train Acc: 91.18%
Val: loss=0.3609, acc=10610/10975 (96.67%)
Epoch 221 [0/84843] Loss: 0.666496
Epoch 221 [35000/84843] Loss: 0.706165
Epoch 221 [70000/84843] Loss: 0.615372
Epoch 221 - Avg Loss: 0.478483 | Train Acc: 91.63%
Val: loss=0.3627, acc=10607/10975 (96.65%)
Epoch 222 [0/84843] Loss: 0.371165
Epoch 222 [35000/84843] Loss: 0.397208
Epoch 222 [70000/84843] Loss: 0.667368
Epoch 222 - Avg Loss: 0.490672 | Train Acc: 91.18%
Val: loss=0.3659, acc=10585/10975 (96.45%)
Epoch 223 [0/84843] Loss: 0.494072
Epoch 223 [35000/84843] Loss: 0.306289
Epoch 223 [70000/84843] Loss: 0.844548
Epoch 223 - Avg Loss: 0.480052 | Train Acc: 91.58%
Val: loss=0.3689, acc=10585/10975 (96.45%)
Epoch 224 [0/84843] Loss: 0.318555
Epoch 224 [35000/84843] Loss: 0.365978
Epoch 224 [70000/84843] Loss: 0.578405
Epoch 224 - Avg Loss: 0.481771 | Train Acc: 91.63%
Val: loss=0.3654, acc=10598/10975 (96.56%)
Epoch 225 [0/84843] Loss: 0.394968
Epoch 225 [35000/84843] Loss: 0.377165
Epoch 225 [70000/84843] Loss: 0.407739
Epoch 225 - Avg Loss: 0.485985 | Train Acc: 91.34%
Val: loss=0.3590, acc=10642/10975 (96.97%)
saved best: 96.97%
Epoch 226 [0/84843] Loss: 0.380172
Epoch 226 [35000/84843] Loss: 0.489329
Epoch 226 [70000/84843] Loss: 0.575915
Epoch 226 - Avg Loss: 0.481410 | Train Acc: 91.60%
Val: loss=0.3630, acc=10614/10975 (96.71%)
Epoch 227 [0/84843] Loss: 0.568992
Epoch 227 [35000/84843] Loss: 0.440832
Epoch 227 [70000/84843] Loss: 0.886975
Epoch 227 - Avg Loss: 0.482242 | Train Acc: 91.40%
Val: loss=0.3602, acc=10629/10975 (96.85%)
Epoch 228 [0/84843] Loss: 0.740335
Epoch 228 [35000/84843] Loss: 0.524894
Epoch 228 [70000/84843] Loss: 0.472237
Epoch 228 - Avg Loss: 0.479100 | Train Acc: 91.54%
Val: loss=0.3716, acc=10582/10975 (96.42%)
Epoch 229 [0/84843] Loss: 0.476896
Epoch 229 [35000/84843] Loss: 0.321418
Epoch 229 [70000/84843] Loss: 0.750453
Epoch 229 - Avg Loss: 0.481558 | Train Acc: 91.54%
Val: loss=0.3631, acc=10613/10975 (96.70%)
Epoch 230 [0/84843] Loss: 0.488806
Epoch 230 [35000/84843] Loss: 0.387127
Epoch 230 [70000/84843] Loss: 0.968564
Epoch 230 - Avg Loss: 0.486369 | Train Acc: 91.30%
Val: loss=0.3653, acc=10600/10975 (96.58%)
Epoch 231 [0/84843] Loss: 0.538495
Epoch 231 [35000/84843] Loss: 0.382231
Epoch 231 [70000/84843] Loss: 0.401615
Epoch 231 - Avg Loss: 0.475168 | Train Acc: 91.87%
Val: loss=0.3611, acc=10612/10975 (96.69%)
Epoch 232 [0/84843] Loss: 0.513355
Epoch 232 [35000/84843] Loss: 0.555748
Epoch 232 [70000/84843] Loss: 0.783674
Epoch 232 - Avg Loss: 0.483358 | Train Acc: 91.50%
Val: loss=0.3693, acc=10592/10975 (96.51%)
Epoch 233 [0/84843] Loss: 0.784884
Epoch 233 [35000/84843] Loss: 0.376867
Epoch 233 [70000/84843] Loss: 0.700713
Epoch 233 - Avg Loss: 0.470674 | Train Acc: 92.06%
Val: loss=0.3602, acc=10619/10975 (96.76%)
Epoch 234 [0/84843] Loss: 0.348860
Epoch 234 [35000/84843] Loss: 0.306869
Epoch 234 [70000/84843] Loss: 0.373548
Epoch 234 - Avg Loss: 0.478959 | Train Acc: 91.70%
Val: loss=0.3653, acc=10609/10975 (96.67%)
Epoch 235 [0/84843] Loss: 0.348447
Epoch 235 [35000/84843] Loss: 0.379550
Epoch 235 [70000/84843] Loss: 0.293695
Epoch 235 - Avg Loss: 0.481199 | Train Acc: 91.59%
Val: loss=0.3626, acc=10605/10975 (96.63%)
Epoch 236 [0/84843] Loss: 0.332386
Epoch 236 [35000/84843] Loss: 0.390271
Epoch 236 [70000/84843] Loss: 0.349999
Epoch 236 - Avg Loss: 0.486281 | Train Acc: 91.39%
Val: loss=0.3668, acc=10596/10975 (96.55%)
Epoch 237 [0/84843] Loss: 0.789509
Epoch 237 [35000/84843] Loss: 0.324940
Epoch 237 [70000/84843] Loss: 0.626864
Epoch 237 - Avg Loss: 0.481914 | Train Acc: 91.57%
Val: loss=0.3598, acc=10611/10975 (96.68%)
Epoch 238 [0/84843] Loss: 0.433842
Epoch 238 [35000/84843] Loss: 0.495094
Epoch 238 [70000/84843] Loss: 0.685564
Epoch 238 - Avg Loss: 0.476442 | Train Acc: 91.75%
Val: loss=0.3654, acc=10608/10975 (96.66%)
Epoch 239 [0/84843] Loss: 0.313679
Epoch 239 [35000/84843] Loss: 0.447995
Epoch 239 [70000/84843] Loss: 0.316706
Epoch 239 - Avg Loss: 0.474537 | Train Acc: 91.73%
Val: loss=0.3637, acc=10606/10975 (96.64%)
Epoch 240 [0/84843] Loss: 0.601681
Epoch 240 [35000/84843] Loss: 0.355650
Epoch 240 [70000/84843] Loss: 0.722980
Epoch 240 - Avg Loss: 0.476436 | Train Acc: 91.71%
Val: loss=0.3599, acc=10604/10975 (96.62%)
Epoch 241 [0/84843] Loss: 0.366909
Epoch 241 [35000/84843] Loss: 0.317793
Epoch 241 [70000/84843] Loss: 0.363864
Epoch 241 - Avg Loss: 0.471616 | Train Acc: 91.95%
Val: loss=0.3597, acc=10625/10975 (96.81%)
Epoch 242 [0/84843] Loss: 0.374521
Epoch 242 [35000/84843] Loss: 0.686887
Epoch 242 [70000/84843] Loss: 0.445629
Epoch 242 - Avg Loss: 0.481114 | Train Acc: 91.52%
Val: loss=0.3618, acc=10619/10975 (96.76%)
Epoch 243 [0/84843] Loss: 0.685052
Epoch 243 [35000/84843] Loss: 0.347677
Epoch 243 [70000/84843] Loss: 0.326561
Epoch 243 - Avg Loss: 0.478788 | Train Acc: 91.66%
Val: loss=0.3672, acc=10600/10975 (96.58%)
Epoch 244 [0/84843] Loss: 0.322956
Epoch 244 [35000/84843] Loss: 0.334884
Epoch 244 [70000/84843] Loss: 0.397405
Epoch 244 - Avg Loss: 0.477288 | Train Acc: 91.78%
Val: loss=0.3586, acc=10625/10975 (96.81%)
Epoch 245 [0/84843] Loss: 0.348674
Epoch 245 [35000/84843] Loss: 0.300395
Epoch 245 [70000/84843] Loss: 0.437886
Epoch 245 - Avg Loss: 0.474909 | Train Acc: 91.80%
Val: loss=0.3619, acc=10618/10975 (96.75%)
Epoch 246 [0/84843] Loss: 0.926018
Epoch 246 [35000/84843] Loss: 0.737622
Epoch 246 [70000/84843] Loss: 0.410739
Epoch 246 - Avg Loss: 0.474889 | Train Acc: 91.85%
Val: loss=0.3600, acc=10638/10975 (96.93%)
Epoch 247 [0/84843] Loss: 0.383408
Epoch 247 [35000/84843] Loss: 0.449703
Epoch 247 [70000/84843] Loss: 0.333531
Epoch 247 - Avg Loss: 0.470163 | Train Acc: 92.00%
Val: loss=0.3594, acc=10627/10975 (96.83%)
Epoch 248 [0/84843] Loss: 0.575799
Epoch 248 [35000/84843] Loss: 0.387514
Epoch 248 [70000/84843] Loss: 0.315953
Epoch 248 - Avg Loss: 0.475120 | Train Acc: 91.80%
Val: loss=0.3661, acc=10608/10975 (96.66%)
Epoch 249 [0/84843] Loss: 0.344762
Epoch 249 [35000/84843] Loss: 0.595845
Epoch 249 [70000/84843] Loss: 0.423672
Epoch 249 - Avg Loss: 0.471129 | Train Acc: 91.93%
Val: loss=0.3649, acc=10606/10975 (96.64%)
Epoch 250 [0/84843] Loss: 0.410573
Epoch 250 [35000/84843] Loss: 0.452537
Epoch 250 [70000/84843] Loss: 0.500003
Epoch 250 - Avg Loss: 0.473609 | Train Acc: 91.89%
Val: loss=0.3581, acc=10627/10975 (96.83%)
Epoch 251 [0/84843] Loss: 0.559738
Epoch 251 [35000/84843] Loss: 0.372782
Epoch 251 [70000/84843] Loss: 0.627808
Epoch 251 - Avg Loss: 0.484523 | Train Acc: 91.37%
Val: loss=0.3589, acc=10622/10975 (96.78%)
Epoch 252 [0/84843] Loss: 0.361102
Epoch 252 [35000/84843] Loss: 0.722748
Epoch 252 [70000/84843] Loss: 0.527374
Epoch 252 - Avg Loss: 0.470303 | Train Acc: 92.03%
Val: loss=0.3642, acc=10616/10975 (96.73%)
Epoch 253 [0/84843] Loss: 0.344909
Epoch 253 [35000/84843] Loss: 0.307040
Epoch 253 [70000/84843] Loss: 0.335782
Epoch 253 - Avg Loss: 0.468859 | Train Acc: 92.02%
Val: loss=0.3573, acc=10626/10975 (96.82%)
Epoch 254 [0/84843] Loss: 0.296068
Epoch 254 [35000/84843] Loss: 0.337927
Epoch 254 [70000/84843] Loss: 0.371076
Epoch 254 - Avg Loss: 0.480196 | Train Acc: 91.66%
Val: loss=0.3572, acc=10614/10975 (96.71%)
Epoch 255 [0/84843] Loss: 0.452133
Epoch 255 [35000/84843] Loss: 0.600210
Epoch 255 [70000/84843] Loss: 0.671180
Epoch 255 - Avg Loss: 0.478257 | Train Acc: 91.60%
Val: loss=0.3607, acc=10613/10975 (96.70%)
Epoch 256 [0/84843] Loss: 0.584075
Epoch 256 [35000/84843] Loss: 0.486355
Epoch 256 [70000/84843] Loss: 0.436428
Epoch 256 - Avg Loss: 0.470941 | Train Acc: 92.01%
Val: loss=0.3568, acc=10630/10975 (96.86%)
Epoch 257 [0/84843] Loss: 0.355756
Epoch 257 [35000/84843] Loss: 0.522696
Epoch 257 [70000/84843] Loss: 0.351327
Epoch 257 - Avg Loss: 0.470314 | Train Acc: 92.02%
Val: loss=0.3603, acc=10620/10975 (96.77%)
Epoch 258 [0/84843] Loss: 0.372731
Epoch 258 [35000/84843] Loss: 0.374746
Epoch 258 [70000/84843] Loss: 0.467196
Epoch 258 - Avg Loss: 0.469064 | Train Acc: 92.01%
Val: loss=0.3589, acc=10626/10975 (96.82%)
Epoch 259 [0/84843] Loss: 0.549512
Epoch 259 [35000/84843] Loss: 0.524075
Epoch 259 [70000/84843] Loss: 0.396454
Epoch 259 - Avg Loss: 0.471510 | Train Acc: 91.96%
Val: loss=0.3591, acc=10622/10975 (96.78%)
Epoch 260 [0/84843] Loss: 0.497046
Epoch 260 [35000/84843] Loss: 0.365177
Epoch 260 [70000/84843] Loss: 0.442209
Epoch 260 - Avg Loss: 0.470607 | Train Acc: 91.94%
Val: loss=0.3633, acc=10600/10975 (96.58%)
Epoch 261 [0/84843] Loss: 0.367090
Epoch 261 [35000/84843] Loss: 0.485308
Epoch 261 [70000/84843] Loss: 0.803574
Epoch 261 - Avg Loss: 0.467707 | Train Acc: 92.09%
Val: loss=0.3552, acc=10641/10975 (96.96%)
Epoch 262 [0/84843] Loss: 0.461307
Epoch 262 [35000/84843] Loss: 0.643704
Epoch 262 [70000/84843] Loss: 0.314707
Epoch 262 - Avg Loss: 0.462339 | Train Acc: 92.34%
Val: loss=0.3652, acc=10595/10975 (96.54%)
Epoch 263 [0/84843] Loss: 0.283217
Epoch 263 [35000/84843] Loss: 0.477963
Epoch 263 [70000/84843] Loss: 0.341851
Epoch 263 - Avg Loss: 0.474058 | Train Acc: 91.84%
Val: loss=0.3647, acc=10592/10975 (96.51%)
Epoch 264 [0/84843] Loss: 0.367020
Epoch 264 [35000/84843] Loss: 0.481544
Epoch 264 [70000/84843] Loss: 0.398734
Epoch 264 - Avg Loss: 0.469946 | Train Acc: 92.01%
Val: loss=0.3623, acc=10609/10975 (96.67%)
Epoch 265 [0/84843] Loss: 0.299149
Epoch 265 [35000/84843] Loss: 0.381601
Epoch 265 [70000/84843] Loss: 0.600815
Epoch 265 - Avg Loss: 0.468916 | Train Acc: 92.13%
Val: loss=0.3584, acc=10626/10975 (96.82%)
Epoch 266 [0/84843] Loss: 0.335779
Epoch 266 [35000/84843] Loss: 0.594444
Epoch 266 [70000/84843] Loss: 0.513741
Epoch 266 - Avg Loss: 0.470636 | Train Acc: 91.94%
Val: loss=0.3612, acc=10608/10975 (96.66%)
Epoch 267 [0/84843] Loss: 0.609802
Epoch 267 [35000/84843] Loss: 0.488545
Epoch 267 [70000/84843] Loss: 0.351957
Epoch 267 - Avg Loss: 0.471997 | Train Acc: 91.90%
Val: loss=0.3595, acc=10625/10975 (96.81%)
Epoch 268 [0/84843] Loss: 0.524161
Epoch 268 [35000/84843] Loss: 0.737807
Epoch 268 [70000/84843] Loss: 0.332901
Epoch 268 - Avg Loss: 0.476720 | Train Acc: 91.61%
Val: loss=0.3580, acc=10626/10975 (96.82%)
Epoch 269 [0/84843] Loss: 0.677205
Epoch 269 [35000/84843] Loss: 0.349701
Epoch 269 [70000/84843] Loss: 0.830444
Epoch 269 - Avg Loss: 0.477370 | Train Acc: 91.63%
Val: loss=0.3530, acc=10647/10975 (97.01%)
saved best: 97.01%
Epoch 270 [0/84843] Loss: 0.651818
Epoch 270 [35000/84843] Loss: 0.379202
Epoch 270 [70000/84843] Loss: 0.665189
Epoch 270 - Avg Loss: 0.479766 | Train Acc: 91.59%
Val: loss=0.3574, acc=10630/10975 (96.86%)
Epoch 271 [0/84843] Loss: 0.705534
Epoch 271 [35000/84843] Loss: 0.309235
Epoch 271 [70000/84843] Loss: 0.383628
Epoch 271 - Avg Loss: 0.469007 | Train Acc: 92.07%
Val: loss=0.3577, acc=10636/10975 (96.91%)
Epoch 272 [0/84843] Loss: 1.008712
Epoch 272 [35000/84843] Loss: 0.489171
Epoch 272 [70000/84843] Loss: 0.361237
Epoch 272 - Avg Loss: 0.475184 | Train Acc: 91.74%
Val: loss=0.3583, acc=10619/10975 (96.76%)
Epoch 273 [0/84843] Loss: 0.603219
Epoch 273 [35000/84843] Loss: 0.426939
Epoch 273 [70000/84843] Loss: 0.395300
Epoch 273 - Avg Loss: 0.470012 | Train Acc: 91.97%
Val: loss=0.3585, acc=10641/10975 (96.96%)
Epoch 274 [0/84843] Loss: 0.395737
Epoch 274 [35000/84843] Loss: 0.359540
Epoch 274 [70000/84843] Loss: 0.798504
Epoch 274 - Avg Loss: 0.472181 | Train Acc: 91.90%
Val: loss=0.3628, acc=10615/10975 (96.72%)
Epoch 275 [0/84843] Loss: 0.316648
Epoch 275 [35000/84843] Loss: 0.383340
Epoch 275 [70000/84843] Loss: 0.773535
Epoch 275 - Avg Loss: 0.470298 | Train Acc: 91.89%
Val: loss=0.3575, acc=10636/10975 (96.91%)
Epoch 276 [0/84843] Loss: 0.591199
Epoch 276 [35000/84843] Loss: 0.667633
Epoch 276 [70000/84843] Loss: 0.434948
Epoch 276 - Avg Loss: 0.464873 | Train Acc: 92.14%
Val: loss=0.3608, acc=10610/10975 (96.67%)
Epoch 277 [0/84843] Loss: 0.657822
Epoch 277 [35000/84843] Loss: 0.863473
Epoch 277 [70000/84843] Loss: 0.478485
Epoch 277 - Avg Loss: 0.467321 | Train Acc: 92.11%
Val: loss=0.3563, acc=10627/10975 (96.83%)
Epoch 278 [0/84843] Loss: 0.602362
Epoch 278 [35000/84843] Loss: 0.487454
Epoch 278 [70000/84843] Loss: 0.344669
Epoch 278 - Avg Loss: 0.473588 | Train Acc: 91.76%
Val: loss=0.3536, acc=10639/10975 (96.94%)
Epoch 279 [0/84843] Loss: 0.494188
Epoch 279 [35000/84843] Loss: 0.450345
Epoch 279 [70000/84843] Loss: 0.629744
Epoch 279 - Avg Loss: 0.467425 | Train Acc: 92.08%
Val: loss=0.3599, acc=10614/10975 (96.71%)
Epoch 280 [0/84843] Loss: 0.283551
Epoch 280 [35000/84843] Loss: 0.431632
Epoch 280 [70000/84843] Loss: 0.486542
Epoch 280 - Avg Loss: 0.470101 | Train Acc: 91.89%
Val: loss=0.3573, acc=10622/10975 (96.78%)
Epoch 281 [0/84843] Loss: 0.424426
Epoch 281 [35000/84843] Loss: 0.413460
Epoch 281 [70000/84843] Loss: 0.296163
Epoch 281 - Avg Loss: 0.464721 | Train Acc: 92.17%
Val: loss=0.3553, acc=10630/10975 (96.86%)
Epoch 282 [0/84843] Loss: 0.429281
Epoch 282 [35000/84843] Loss: 0.456910
Epoch 282 [70000/84843] Loss: 0.298660
Epoch 282 - Avg Loss: 0.470886 | Train Acc: 91.98%
Val: loss=0.3571, acc=10625/10975 (96.81%)
Epoch 283 [0/84843] Loss: 0.398686
Epoch 283 [35000/84843] Loss: 0.378225
Epoch 283 [70000/84843] Loss: 0.387048
Epoch 283 - Avg Loss: 0.467696 | Train Acc: 92.04%
Val: loss=0.3547, acc=10634/10975 (96.89%)
Epoch 284 [0/84843] Loss: 0.651696
Epoch 284 [35000/84843] Loss: 0.373970
Epoch 284 [70000/84843] Loss: 0.497028
Epoch 284 - Avg Loss: 0.462167 | Train Acc: 92.26%
Val: loss=0.3501, acc=10657/10975 (97.10%)
saved best: 97.10%
Epoch 285 [0/84843] Loss: 0.372176
Epoch 285 [35000/84843] Loss: 0.470576
Epoch 285 [70000/84843] Loss: 0.654606
Epoch 285 - Avg Loss: 0.468982 | Train Acc: 92.00%
Val: loss=0.3558, acc=10631/10975 (96.87%)
Epoch 286 [0/84843] Loss: 0.515240
Epoch 286 [35000/84843] Loss: 0.274744
Epoch 286 [70000/84843] Loss: 0.327166
Epoch 286 - Avg Loss: 0.462505 | Train Acc: 92.31%
Val: loss=0.3611, acc=10605/10975 (96.63%)
Epoch 287 [0/84843] Loss: 0.371878
Epoch 287 [35000/84843] Loss: 0.375814
Epoch 287 [70000/84843] Loss: 0.314826
Epoch 287 - Avg Loss: 0.462120 | Train Acc: 92.33%
Val: loss=0.3550, acc=10635/10975 (96.90%)
Epoch 288 [0/84843] Loss: 0.359053
Epoch 288 [35000/84843] Loss: 0.627843
Epoch 288 [70000/84843] Loss: 0.403334
Epoch 288 - Avg Loss: 0.463035 | Train Acc: 92.21%
Val: loss=0.3544, acc=10655/10975 (97.08%)
Epoch 289 [0/84843] Loss: 0.330472
Epoch 289 [35000/84843] Loss: 0.440862
Epoch 289 [70000/84843] Loss: 0.527690
Epoch 289 - Avg Loss: 0.466582 | Train Acc: 92.10%
Val: loss=0.3585, acc=10621/10975 (96.77%)
Epoch 290 [0/84843] Loss: 0.304017
Epoch 290 [35000/84843] Loss: 0.553412
Epoch 290 [70000/84843] Loss: 0.539251
Epoch 290 - Avg Loss: 0.461900 | Train Acc: 92.29%
Val: loss=0.3555, acc=10651/10975 (97.05%)
Epoch 291 [0/84843] Loss: 0.413927
Epoch 291 [35000/84843] Loss: 0.338026
Epoch 291 [70000/84843] Loss: 0.366000
Epoch 291 - Avg Loss: 0.468782 | Train Acc: 92.06%
Val: loss=0.3546, acc=10649/10975 (97.03%)
Epoch 292 [0/84843] Loss: 0.356606
Epoch 292 [35000/84843] Loss: 0.289436
Epoch 292 [70000/84843] Loss: 0.421844
Epoch 292 - Avg Loss: 0.463891 | Train Acc: 92.26%
Val: loss=0.3541, acc=10641/10975 (96.96%)
Epoch 293 [0/84843] Loss: 0.628983
Epoch 293 [35000/84843] Loss: 0.342378
Epoch 293 [70000/84843] Loss: 0.630405
Epoch 293 - Avg Loss: 0.468913 | Train Acc: 91.99%
Val: loss=0.3529, acc=10649/10975 (97.03%)
Epoch 294 [0/84843] Loss: 0.492571
Epoch 294 [35000/84843] Loss: 0.977927
Epoch 294 [70000/84843] Loss: 0.469918
Epoch 294 - Avg Loss: 0.463429 | Train Acc: 92.26%
Val: loss=0.3580, acc=10634/10975 (96.89%)
Epoch 295 [0/84843] Loss: 0.438021
Epoch 295 [35000/84843] Loss: 0.297901
Epoch 295 [70000/84843] Loss: 0.785237
Epoch 295 - Avg Loss: 0.460517 | Train Acc: 92.30%
Val: loss=0.3579, acc=10625/10975 (96.81%)
Epoch 296 [0/84843] Loss: 0.442210
Epoch 296 [35000/84843] Loss: 0.802118
Epoch 296 [70000/84843] Loss: 0.347486
Epoch 296 - Avg Loss: 0.462745 | Train Acc: 92.29%
Val: loss=0.3550, acc=10643/10975 (96.97%)
Epoch 297 [0/84843] Loss: 0.280872
Epoch 297 [35000/84843] Loss: 0.317114
Epoch 297 [70000/84843] Loss: 0.603599
Epoch 297 - Avg Loss: 0.463355 | Train Acc: 92.23%
Val: loss=0.3557, acc=10641/10975 (96.96%)
Epoch 298 [0/84843] Loss: 0.379522
Epoch 298 [35000/84843] Loss: 0.391308
Epoch 298 [70000/84843] Loss: 0.440278
Epoch 298 - Avg Loss: 0.464665 | Train Acc: 92.16%
Val: loss=0.3518, acc=10654/10975 (97.08%)
Epoch 299 [0/84843] Loss: 0.504035
Epoch 299 [35000/84843] Loss: 0.585200
Epoch 299 [70000/84843] Loss: 0.590352
Epoch 299 - Avg Loss: 0.469427 | Train Acc: 92.05%
Val: loss=0.3553, acc=10640/10975 (96.95%)
Epoch 300 [0/84843] Loss: 0.310099
Epoch 300 [35000/84843] Loss: 0.350920
Epoch 300 [70000/84843] Loss: 0.648105
Epoch 300 - Avg Loss: 0.458815 | Train Acc: 92.43%
Val: loss=0.3512, acc=10670/10975 (97.22%)
saved best: 97.22%
Epoch 301 [0/84843] Loss: 0.806980
Epoch 301 [35000/84843] Loss: 0.317308
Epoch 301 [70000/84843] Loss: 0.455471
Epoch 301 - Avg Loss: 0.460337 | Train Acc: 92.37%
Val: loss=0.3534, acc=10650/10975 (97.04%)
Epoch 302 [0/84843] Loss: 0.465673
Epoch 302 [35000/84843] Loss: 0.321686
Epoch 302 [70000/84843] Loss: 0.339716
Epoch 302 - Avg Loss: 0.466777 | Train Acc: 92.06%
Val: loss=0.3572, acc=10633/10975 (96.88%)
Epoch 303 [0/84843] Loss: 0.380389
Epoch 303 [35000/84843] Loss: 0.325226
Epoch 303 [70000/84843] Loss: 0.293461
Epoch 303 - Avg Loss: 0.460351 | Train Acc: 92.41%
Val: loss=0.3546, acc=10646/10975 (97.00%)
Epoch 304 [0/84843] Loss: 0.590478
Epoch 304 [35000/84843] Loss: 0.365002
Epoch 304 [70000/84843] Loss: 0.281373
Epoch 304 - Avg Loss: 0.459140 | Train Acc: 92.39%
Val: loss=0.3504, acc=10658/10975 (97.11%)
Epoch 305 [0/84843] Loss: 0.667687
Epoch 305 [35000/84843] Loss: 0.327872
Epoch 305 [70000/84843] Loss: 0.600412
Epoch 305 - Avg Loss: 0.460862 | Train Acc: 92.33%
Val: loss=0.3538, acc=10649/10975 (97.03%)
Epoch 306 [0/84843] Loss: 0.630012
Epoch 306 [35000/84843] Loss: 0.436568
Epoch 306 [70000/84843] Loss: 0.279249
Epoch 306 - Avg Loss: 0.461202 | Train Acc: 92.26%
Val: loss=0.3513, acc=10652/10975 (97.06%)
Epoch 307 [0/84843] Loss: 0.324732
Epoch 307 [35000/84843] Loss: 0.376689
Epoch 307 [70000/84843] Loss: 0.831541
Epoch 307 - Avg Loss: 0.460079 | Train Acc: 92.34%
Val: loss=0.3525, acc=10659/10975 (97.12%)
Epoch 308 [0/84843] Loss: 0.506926
Epoch 308 [35000/84843] Loss: 0.768390
Epoch 308 [70000/84843] Loss: 0.373000
Epoch 308 - Avg Loss: 0.464092 | Train Acc: 92.25%
Val: loss=0.3551, acc=10642/10975 (96.97%)
Epoch 309 [0/84843] Loss: 0.319824
Epoch 309 [35000/84843] Loss: 0.914445
Epoch 309 [70000/84843] Loss: 0.306065
Epoch 309 - Avg Loss: 0.467493 | Train Acc: 92.04%
Val: loss=0.3527, acc=10648/10975 (97.02%)
Epoch 310 [0/84843] Loss: 0.327237
Epoch 310 [35000/84843] Loss: 0.321389
Epoch 310 [70000/84843] Loss: 0.284395
Epoch 310 - Avg Loss: 0.460534 | Train Acc: 92.32%
Val: loss=0.3528, acc=10652/10975 (97.06%)
Epoch 311 [0/84843] Loss: 0.772167
Epoch 311 [35000/84843] Loss: 0.375621
Epoch 311 [70000/84843] Loss: 0.568242
Epoch 311 - Avg Loss: 0.457891 | Train Acc: 92.51%
Val: loss=0.3512, acc=10658/10975 (97.11%)
Epoch 312 [0/84843] Loss: 0.449386
Epoch 312 [35000/84843] Loss: 0.367454
Epoch 312 [70000/84843] Loss: 0.538911
Epoch 312 - Avg Loss: 0.458753 | Train Acc: 92.37%
Val: loss=0.3522, acc=10653/10975 (97.07%)
Epoch 313 [0/84843] Loss: 0.832659
Epoch 313 [35000/84843] Loss: 0.354455
Epoch 313 [70000/84843] Loss: 0.361527
Epoch 313 - Avg Loss: 0.459252 | Train Acc: 92.44%
Val: loss=0.3536, acc=10651/10975 (97.05%)
Epoch 314 [0/84843] Loss: 0.381514
Epoch 314 [35000/84843] Loss: 0.503290
Epoch 314 [70000/84843] Loss: 0.374180
Epoch 314 - Avg Loss: 0.454970 | Train Acc: 92.52%
Val: loss=0.3525, acc=10652/10975 (97.06%)
Epoch 315 [0/84843] Loss: 0.315147
Epoch 315 [35000/84843] Loss: 0.487162
Epoch 315 [70000/84843] Loss: 0.372933
Epoch 315 - Avg Loss: 0.461083 | Train Acc: 92.23%
Val: loss=0.3550, acc=10639/10975 (96.94%)
Epoch 316 [0/84843] Loss: 0.535258
Epoch 316 [35000/84843] Loss: 0.601832
Epoch 316 [70000/84843] Loss: 0.519991
Epoch 316 - Avg Loss: 0.452834 | Train Acc: 92.61%
Val: loss=0.3514, acc=10647/10975 (97.01%)
Epoch 317 [0/84843] Loss: 0.599161
Epoch 317 [35000/84843] Loss: 0.292139
Epoch 317 [70000/84843] Loss: 0.363122
Epoch 317 - Avg Loss: 0.462154 | Train Acc: 92.20%
Val: loss=0.3519, acc=10654/10975 (97.08%)
Epoch 318 [0/84843] Loss: 0.302514
Epoch 318 [35000/84843] Loss: 0.306494
Epoch 318 [70000/84843] Loss: 0.463146
Epoch 318 - Avg Loss: 0.464649 | Train Acc: 92.17%
Val: loss=0.3546, acc=10629/10975 (96.85%)
Epoch 319 [0/84843] Loss: 0.367301
Epoch 319 [35000/84843] Loss: 0.458313
Epoch 319 [70000/84843] Loss: 0.598774
Epoch 319 - Avg Loss: 0.459107 | Train Acc: 92.39%
Val: loss=0.3497, acc=10657/10975 (97.10%)
Epoch 320 [0/84843] Loss: 0.280133
Epoch 320 [35000/84843] Loss: 0.535130
Epoch 320 [70000/84843] Loss: 0.763795
Epoch 320 - Avg Loss: 0.459173 | Train Acc: 92.33%
Val: loss=0.3510, acc=10658/10975 (97.11%)
Epoch 321 [0/84843] Loss: 0.385521
Epoch 321 [35000/84843] Loss: 0.401688
Epoch 321 [70000/84843] Loss: 0.303915
Epoch 321 - Avg Loss: 0.459083 | Train Acc: 92.44%
Val: loss=0.3523, acc=10659/10975 (97.12%)
Epoch 322 [0/84843] Loss: 0.282436
Epoch 322 [35000/84843] Loss: 0.526098
Epoch 322 [70000/84843] Loss: 0.695537
Epoch 322 - Avg Loss: 0.449469 | Train Acc: 92.82%
Val: loss=0.3520, acc=10647/10975 (97.01%)
Epoch 323 [0/84843] Loss: 0.575143
Epoch 323 [35000/84843] Loss: 0.362272
Epoch 323 [70000/84843] Loss: 0.405607
Epoch 323 - Avg Loss: 0.466247 | Train Acc: 92.04%
Val: loss=0.3507, acc=10657/10975 (97.10%)
Epoch 324 [0/84843] Loss: 0.424128
Epoch 324 [35000/84843] Loss: 0.583953
Epoch 324 [70000/84843] Loss: 0.567145
Epoch 324 - Avg Loss: 0.459336 | Train Acc: 92.41%
Val: loss=0.3499, acc=10654/10975 (97.08%)
Epoch 325 [0/84843] Loss: 0.400521
Epoch 325 [35000/84843] Loss: 0.632433
Epoch 325 [70000/84843] Loss: 0.312534
Epoch 325 - Avg Loss: 0.461659 | Train Acc: 92.29%
Val: loss=0.3528, acc=10642/10975 (96.97%)
Epoch 326 [0/84843] Loss: 0.433263
Epoch 326 [35000/84843] Loss: 0.354276
Epoch 326 [70000/84843] Loss: 0.331544
Epoch 326 - Avg Loss: 0.456770 | Train Acc: 92.49%
Val: loss=0.3511, acc=10662/10975 (97.15%)
Epoch 327 [0/84843] Loss: 0.283226
Epoch 327 [35000/84843] Loss: 0.793229
Epoch 327 [70000/84843] Loss: 0.314374
Epoch 327 - Avg Loss: 0.453840 | Train Acc: 92.61%
Val: loss=0.3487, acc=10666/10975 (97.18%)
Epoch 328 [0/84843] Loss: 0.562152
Epoch 328 [35000/84843] Loss: 0.349030
Epoch 328 [70000/84843] Loss: 0.347071
Epoch 328 - Avg Loss: 0.457254 | Train Acc: 92.45%
Val: loss=0.3496, acc=10657/10975 (97.10%)
Epoch 329 [0/84843] Loss: 0.361002
Epoch 329 [35000/84843] Loss: 0.356735
Epoch 329 [70000/84843] Loss: 0.715672
Epoch 329 - Avg Loss: 0.458159 | Train Acc: 92.41%
Val: loss=0.3492, acc=10665/10975 (97.18%)
Epoch 330 [0/84843] Loss: 0.400135
Epoch 330 [35000/84843] Loss: 0.502717
Epoch 330 [70000/84843] Loss: 0.336958
Epoch 330 - Avg Loss: 0.449170 | Train Acc: 92.69%
Val: loss=0.3481, acc=10672/10975 (97.24%)
saved best: 97.24%
Epoch 331 [0/84843] Loss: 0.593995
Epoch 331 [35000/84843] Loss: 0.466531
Epoch 331 [70000/84843] Loss: 0.313094
Epoch 331 - Avg Loss: 0.452430 | Train Acc: 92.65%
Val: loss=0.3497, acc=10656/10975 (97.09%)
Epoch 332 [0/84843] Loss: 0.379325
Epoch 332 [35000/84843] Loss: 0.441445
Epoch 332 [70000/84843] Loss: 0.354607
Epoch 332 - Avg Loss: 0.460621 | Train Acc: 92.31%
Val: loss=0.3495, acc=10670/10975 (97.22%)
Epoch 333 [0/84843] Loss: 0.400516
Epoch 333 [35000/84843] Loss: 0.327685
Epoch 333 [70000/84843] Loss: 0.362446
Epoch 333 - Avg Loss: 0.450266 | Train Acc: 92.86%
Val: loss=0.3531, acc=10641/10975 (96.96%)
Epoch 334 [0/84843] Loss: 0.841848
Epoch 334 [35000/84843] Loss: 0.615657
Epoch 334 [70000/84843] Loss: 0.727032
Epoch 334 - Avg Loss: 0.459933 | Train Acc: 92.35%
Val: loss=0.3535, acc=10646/10975 (97.00%)
Epoch 335 [0/84843] Loss: 0.669455
Epoch 335 [35000/84843] Loss: 0.431291
Epoch 335 [70000/84843] Loss: 0.378765
Epoch 335 - Avg Loss: 0.454482 | Train Acc: 92.61%
Val: loss=0.3508, acc=10661/10975 (97.14%)
Epoch 336 [0/84843] Loss: 0.296199
Epoch 336 [35000/84843] Loss: 0.912996
Epoch 336 [70000/84843] Loss: 0.309332
Epoch 336 - Avg Loss: 0.451799 | Train Acc: 92.73%
Val: loss=0.3497, acc=10665/10975 (97.18%)
Epoch 337 [0/84843] Loss: 0.642787
Epoch 337 [35000/84843] Loss: 0.419448
Epoch 337 [70000/84843] Loss: 0.400147
Epoch 337 - Avg Loss: 0.453187 | Train Acc: 92.70%
Val: loss=0.3486, acc=10672/10975 (97.24%)
Epoch 338 [0/84843] Loss: 0.288467
Epoch 338 [35000/84843] Loss: 0.365329
Epoch 338 [70000/84843] Loss: 0.875537
Epoch 338 - Avg Loss: 0.455973 | Train Acc: 92.54%
Val: loss=0.3485, acc=10668/10975 (97.20%)
Epoch 339 [0/84843] Loss: 0.311519
Epoch 339 [35000/84843] Loss: 0.555457
Epoch 339 [70000/84843] Loss: 0.691107
Epoch 339 - Avg Loss: 0.452883 | Train Acc: 92.70%
Val: loss=0.3484, acc=10665/10975 (97.18%)
Epoch 340 [0/84843] Loss: 0.349477
Epoch 340 [35000/84843] Loss: 0.630184
Epoch 340 [70000/84843] Loss: 0.398836
Epoch 340 - Avg Loss: 0.454235 | Train Acc: 92.59%
Val: loss=0.3497, acc=10659/10975 (97.12%)
Epoch 341 [0/84843] Loss: 0.467695
Epoch 341 [35000/84843] Loss: 0.432309
Epoch 341 [70000/84843] Loss: 0.366663
Epoch 341 - Avg Loss: 0.452747 | Train Acc: 92.63%
Val: loss=0.3492, acc=10677/10975 (97.28%)
saved best: 97.28%
Epoch 342 [0/84843] Loss: 0.326212
Epoch 342 [35000/84843] Loss: 0.659638
Epoch 342 [70000/84843] Loss: 0.403756
Epoch 342 - Avg Loss: 0.451318 | Train Acc: 92.66%
Val: loss=0.3514, acc=10647/10975 (97.01%)
Epoch 343 [0/84843] Loss: 0.606799
Epoch 343 [35000/84843] Loss: 0.423544
Epoch 343 [70000/84843] Loss: 0.399892
Epoch 343 - Avg Loss: 0.454906 | Train Acc: 92.59%
Val: loss=0.3490, acc=10663/10975 (97.16%)
Epoch 344 [0/84843] Loss: 0.282269
Epoch 344 [35000/84843] Loss: 0.382679
Epoch 344 [70000/84843] Loss: 0.356197
Epoch 344 - Avg Loss: 0.453333 | Train Acc: 92.62%
Val: loss=0.3488, acc=10659/10975 (97.12%)
Epoch 345 [0/84843] Loss: 0.522578
Epoch 345 [35000/84843] Loss: 0.775298
Epoch 345 [70000/84843] Loss: 0.363635
Epoch 345 - Avg Loss: 0.449955 | Train Acc: 92.76%
Val: loss=0.3482, acc=10667/10975 (97.19%)
Epoch 346 [0/84843] Loss: 0.462192
Epoch 346 [35000/84843] Loss: 0.880252
Epoch 346 [70000/84843] Loss: 0.369853
Epoch 346 - Avg Loss: 0.449567 | Train Acc: 92.76%
Val: loss=0.3485, acc=10661/10975 (97.14%)
Epoch 347 [0/84843] Loss: 0.699494
Epoch 347 [35000/84843] Loss: 0.406966
Epoch 347 [70000/84843] Loss: 0.598820
Epoch 347 - Avg Loss: 0.452334 | Train Acc: 92.68%
Val: loss=0.3486, acc=10656/10975 (97.09%)
Epoch 348 [0/84843] Loss: 0.544744
Epoch 348 [35000/84843] Loss: 0.347336
Epoch 348 [70000/84843] Loss: 0.772037
Epoch 348 - Avg Loss: 0.450088 | Train Acc: 92.74%
Val: loss=0.3496, acc=10655/10975 (97.08%)
Epoch 349 [0/84843] Loss: 0.335615
Epoch 349 [35000/84843] Loss: 0.304898
Epoch 349 [70000/84843] Loss: 0.381953
Epoch 349 - Avg Loss: 0.447451 | Train Acc: 92.80%
Val: loss=0.3488, acc=10668/10975 (97.20%)
Epoch 350 [0/84843] Loss: 0.587439
Epoch 350 [35000/84843] Loss: 0.523036
Epoch 350 [70000/84843] Loss: 0.441326
Epoch 350 - Avg Loss: 0.452307 | Train Acc: 92.71%
Val: loss=0.3476, acc=10665/10975 (97.18%)
Epoch 351 [0/84843] Loss: 0.514145
Epoch 351 [35000/84843] Loss: 0.533462
Epoch 351 [70000/84843] Loss: 0.448491
Epoch 351 - Avg Loss: 0.452850 | Train Acc: 92.64%
Val: loss=0.3501, acc=10662/10975 (97.15%)
Epoch 352 [0/84843] Loss: 0.585037
Epoch 352 [35000/84843] Loss: 0.451361
Epoch 352 [70000/84843] Loss: 0.382661
Epoch 352 - Avg Loss: 0.453171 | Train Acc: 92.63%
Val: loss=0.3480, acc=10672/10975 (97.24%)
Epoch 353 [0/84843] Loss: 0.359637
Epoch 353 [35000/84843] Loss: 0.542198
Epoch 353 [70000/84843] Loss: 0.368076
Epoch 353 - Avg Loss: 0.448423 | Train Acc: 92.86%
Val: loss=0.3482, acc=10671/10975 (97.23%)
Epoch 354 [0/84843] Loss: 0.388475
Epoch 354 [35000/84843] Loss: 0.754063
Epoch 354 [70000/84843] Loss: 0.404351
Epoch 354 - Avg Loss: 0.454119 | Train Acc: 92.63%
Val: loss=0.3496, acc=10668/10975 (97.20%)
Epoch 355 [0/84843] Loss: 0.325881
Epoch 355 [35000/84843] Loss: 0.388461
Epoch 355 [70000/84843] Loss: 0.484489
Epoch 355 - Avg Loss: 0.451025 | Train Acc: 92.76%
Val: loss=0.3502, acc=10662/10975 (97.15%)
Epoch 356 [0/84843] Loss: 0.365560
Epoch 356 [35000/84843] Loss: 0.505760
Epoch 356 [70000/84843] Loss: 0.418572
Epoch 356 - Avg Loss: 0.448752 | Train Acc: 92.83%
Val: loss=0.3499, acc=10667/10975 (97.19%)
Epoch 357 [0/84843] Loss: 0.280266
Epoch 357 [35000/84843] Loss: 0.470319
Epoch 357 [70000/84843] Loss: 0.550372
Epoch 357 - Avg Loss: 0.456168 | Train Acc: 92.50%
Val: loss=0.3486, acc=10676/10975 (97.28%)
Epoch 358 [0/84843] Loss: 0.521678
Epoch 358 [35000/84843] Loss: 0.320079
Epoch 358 [70000/84843] Loss: 0.398574
Epoch 358 - Avg Loss: 0.447895 | Train Acc: 92.85%
Val: loss=0.3500, acc=10657/10975 (97.10%)
Epoch 359 [0/84843] Loss: 0.449441
Epoch 359 [35000/84843] Loss: 0.686277
Epoch 359 [70000/84843] Loss: 0.350691
Epoch 359 - Avg Loss: 0.450892 | Train Acc: 92.63%
Val: loss=0.3494, acc=10663/10975 (97.16%)
Epoch 360 [0/84843] Loss: 0.327936
Epoch 360 [35000/84843] Loss: 0.282282
Epoch 360 [70000/84843] Loss: 0.435310
Epoch 360 - Avg Loss: 0.450370 | Train Acc: 92.78%
Val: loss=0.3496, acc=10662/10975 (97.15%)
Epoch 361 [0/84843] Loss: 0.413661
Epoch 361 [35000/84843] Loss: 0.317528
Epoch 361 [70000/84843] Loss: 0.301611
Epoch 361 - Avg Loss: 0.456140 | Train Acc: 92.49%
Val: loss=0.3496, acc=10654/10975 (97.08%)
Epoch 362 [0/84843] Loss: 0.575577
Epoch 362 [35000/84843] Loss: 0.326511
Epoch 362 [70000/84843] Loss: 0.291077
Epoch 362 - Avg Loss: 0.449042 | Train Acc: 92.73%
Val: loss=0.3493, acc=10662/10975 (97.15%)
Epoch 363 [0/84843] Loss: 0.385299
Epoch 363 [35000/84843] Loss: 0.483607
Epoch 363 [70000/84843] Loss: 0.310908
Epoch 363 - Avg Loss: 0.447883 | Train Acc: 92.79%
Val: loss=0.3494, acc=10663/10975 (97.16%)
Epoch 364 [0/84843] Loss: 0.552914
Epoch 364 [35000/84843] Loss: 0.376847
Epoch 364 [70000/84843] Loss: 0.337005
Epoch 364 - Avg Loss: 0.453597 | Train Acc: 92.64%
Val: loss=0.3486, acc=10672/10975 (97.24%)
Epoch 365 [0/84843] Loss: 0.396317
Epoch 365 [35000/84843] Loss: 0.486529
Epoch 365 [70000/84843] Loss: 0.719229
Epoch 365 - Avg Loss: 0.453733 | Train Acc: 92.65%
Val: loss=0.3491, acc=10664/10975 (97.17%)
Epoch 366 [0/84843] Loss: 0.611294
Epoch 366 [35000/84843] Loss: 0.632975
Epoch 366 [70000/84843] Loss: 0.580203
Epoch 366 - Avg Loss: 0.456045 | Train Acc: 92.54%
Val: loss=0.3486, acc=10668/10975 (97.20%)
Epoch 367 [0/84843] Loss: 0.596578
Epoch 367 [35000/84843] Loss: 0.449950
Epoch 367 [70000/84843] Loss: 0.522560
Epoch 367 - Avg Loss: 0.454804 | Train Acc: 92.56%
Val: loss=0.3485, acc=10674/10975 (97.26%)
Epoch 368 [0/84843] Loss: 0.515160
Epoch 368 [35000/84843] Loss: 0.399936
Epoch 368 [70000/84843] Loss: 0.721612
Epoch 368 - Avg Loss: 0.449793 | Train Acc: 92.76%
Val: loss=0.3485, acc=10675/10975 (97.27%)
Epoch 369 [0/84843] Loss: 0.404543
Epoch 369 [35000/84843] Loss: 0.489628
Epoch 369 [70000/84843] Loss: 0.436881
Epoch 369 - Avg Loss: 0.449066 | Train Acc: 92.76%
Val: loss=0.3490, acc=10667/10975 (97.19%)
Epoch 370 [0/84843] Loss: 0.283002
Epoch 370 [35000/84843] Loss: 0.396161
Epoch 370 [70000/84843] Loss: 0.288672
Epoch 370 - Avg Loss: 0.452647 | Train Acc: 92.67%
Val: loss=0.3497, acc=10668/10975 (97.20%)
Epoch 371 [0/84843] Loss: 0.460599
Epoch 371 [35000/84843] Loss: 0.566886
Epoch 371 [70000/84843] Loss: 0.367377
Epoch 371 - Avg Loss: 0.455245 | Train Acc: 92.58%
Val: loss=0.3483, acc=10671/10975 (97.23%)
Epoch 372 [0/84843] Loss: 0.395274
Epoch 372 [35000/84843] Loss: 0.330539
Epoch 372 [70000/84843] Loss: 0.768461
Epoch 372 - Avg Loss: 0.455479 | Train Acc: 92.53%
Val: loss=0.3483, acc=10670/10975 (97.22%)
Epoch 373 [0/84843] Loss: 0.432304
Epoch 373 [35000/84843] Loss: 0.507529
Epoch 373 [70000/84843] Loss: 0.301251
Epoch 373 - Avg Loss: 0.451564 | Train Acc: 92.73%
Val: loss=0.3477, acc=10671/10975 (97.23%)
Epoch 374 [0/84843] Loss: 0.940474
Epoch 374 [35000/84843] Loss: 0.533997
Epoch 374 [70000/84843] Loss: 0.309501
Epoch 374 - Avg Loss: 0.453155 | Train Acc: 92.65%
Val: loss=0.3477, acc=10674/10975 (97.26%)
Epoch 375 [0/84843] Loss: 0.488717
Epoch 375 [35000/84843] Loss: 0.342072
Epoch 375 [70000/84843] Loss: 0.625621
Epoch 375 - Avg Loss: 0.448873 | Train Acc: 92.84%
Val: loss=0.3480, acc=10671/10975 (97.23%)
Epoch 376 [0/84843] Loss: 0.356688
Epoch 376 [35000/84843] Loss: 0.729571
Epoch 376 [70000/84843] Loss: 0.365931
Epoch 376 - Avg Loss: 0.454538 | Train Acc: 92.53%
Val: loss=0.3478, acc=10667/10975 (97.19%)
Epoch 377 [0/84843] Loss: 0.316016
Epoch 377 [35000/84843] Loss: 0.418695
Epoch 377 [70000/84843] Loss: 0.539781
Epoch 377 - Avg Loss: 0.450503 | Train Acc: 92.73%
Val: loss=0.3478, acc=10666/10975 (97.18%)
Epoch 378 [0/84843] Loss: 0.411011
Epoch 378 [35000/84843] Loss: 0.501602
Epoch 378 [70000/84843] Loss: 0.515305
Epoch 378 - Avg Loss: 0.454765 | Train Acc: 92.63%
Val: loss=0.3482, acc=10666/10975 (97.18%)
Epoch 379 [0/84843] Loss: 0.667502
Epoch 379 [35000/84843] Loss: 0.401249
Epoch 379 [70000/84843] Loss: 0.524791
Epoch 379 - Avg Loss: 0.448411 | Train Acc: 92.84%
Val: loss=0.3478, acc=10668/10975 (97.20%)
Epoch 380 [0/84843] Loss: 0.573502
Epoch 380 [35000/84843] Loss: 0.398849
Epoch 380 [70000/84843] Loss: 0.510591
Epoch 380 - Avg Loss: 0.452980 | Train Acc: 92.67%
Val: loss=0.3480, acc=10670/10975 (97.22%)
Epoch 381 [0/84843] Loss: 0.439837
Epoch 381 [35000/84843] Loss: 0.393666
Epoch 381 [70000/84843] Loss: 0.349231
Epoch 381 - Avg Loss: 0.451735 | Train Acc: 92.63%
Val: loss=0.3478, acc=10664/10975 (97.17%)
Epoch 382 [0/84843] Loss: 0.461204
Epoch 382 [35000/84843] Loss: 0.553215
Epoch 382 [70000/84843] Loss: 0.384993
Epoch 382 - Avg Loss: 0.447948 | Train Acc: 92.85%
Val: loss=0.3485, acc=10665/10975 (97.18%)
Epoch 383 [0/84843] Loss: 0.365791
Epoch 383 [35000/84843] Loss: 0.305206
Epoch 383 [70000/84843] Loss: 0.306549
Epoch 383 - Avg Loss: 0.450298 | Train Acc: 92.77%
Val: loss=0.3479, acc=10668/10975 (97.20%)
Epoch 384 [0/84843] Loss: 0.339834
Epoch 384 [35000/84843] Loss: 0.449508
Epoch 384 [70000/84843] Loss: 0.720995
Epoch 384 - Avg Loss: 0.455017 | Train Acc: 92.55%
Val: loss=0.3485, acc=10661/10975 (97.14%)
Epoch 385 [0/84843] Loss: 0.330629
Epoch 385 [35000/84843] Loss: 0.538708
Epoch 385 [70000/84843] Loss: 0.564714
Epoch 385 - Avg Loss: 0.454678 | Train Acc: 92.55%
Val: loss=0.3480, acc=10663/10975 (97.16%)
Epoch 386 [0/84843] Loss: 0.290576
Epoch 386 [35000/84843] Loss: 0.322666
Epoch 386 [70000/84843] Loss: 0.630503
Epoch 386 - Avg Loss: 0.451559 | Train Acc: 92.62%
Val: loss=0.3485, acc=10662/10975 (97.15%)
Epoch 387 [0/84843] Loss: 0.723376
Epoch 387 [35000/84843] Loss: 0.422716
Epoch 387 [70000/84843] Loss: 0.434569
Epoch 387 - Avg Loss: 0.455661 | Train Acc: 92.55%
Val: loss=0.3487, acc=10665/10975 (97.18%)
Epoch 388 [0/84843] Loss: 0.519057
Epoch 388 [35000/84843] Loss: 0.458400
Epoch 388 [70000/84843] Loss: 0.278096
Epoch 388 - Avg Loss: 0.450947 | Train Acc: 92.66%
Val: loss=0.3482, acc=10664/10975 (97.17%)
Epoch 389 [0/84843] Loss: 0.344238
Epoch 389 [35000/84843] Loss: 0.394341
Epoch 389 [70000/84843] Loss: 0.307079
Epoch 389 - Avg Loss: 0.447036 | Train Acc: 92.93%
Val: loss=0.3489, acc=10659/10975 (97.12%)
Epoch 390 [0/84843] Loss: 0.448898
Epoch 390 [35000/84843] Loss: 0.287673
Epoch 390 [70000/84843] Loss: 0.338730
Epoch 390 - Avg Loss: 0.451468 | Train Acc: 92.63%
Val: loss=0.3484, acc=10659/10975 (97.12%)
Epoch 391 [0/84843] Loss: 0.351014
Epoch 391 [35000/84843] Loss: 0.341884
Epoch 391 [70000/84843] Loss: 0.672865
Epoch 391 - Avg Loss: 0.439202 | Train Acc: 93.18%
Val: loss=0.3481, acc=10661/10975 (97.14%)
Epoch 392 [0/84843] Loss: 0.769054
Epoch 392 [35000/84843] Loss: 0.339338
Epoch 392 [70000/84843] Loss: 0.281803
Epoch 392 - Avg Loss: 0.457245 | Train Acc: 92.45%
Val: loss=0.3481, acc=10661/10975 (97.14%)
Epoch 393 [0/84843] Loss: 0.669941
Epoch 393 [35000/84843] Loss: 0.341853
Epoch 393 [70000/84843] Loss: 0.350054
Epoch 393 - Avg Loss: 0.451565 | Train Acc: 92.74%
Val: loss=0.3480, acc=10662/10975 (97.15%)
Epoch 394 [0/84843] Loss: 0.643113
Epoch 394 [35000/84843] Loss: 0.593324
Epoch 394 [70000/84843] Loss: 0.300046
Epoch 394 - Avg Loss: 0.443284 | Train Acc: 93.09%
Val: loss=0.3480, acc=10665/10975 (97.18%)
Epoch 395 [0/84843] Loss: 0.411436
Epoch 395 [35000/84843] Loss: 0.379254
Epoch 395 [70000/84843] Loss: 0.461045
Epoch 395 - Avg Loss: 0.447552 | Train Acc: 92.81%
Val: loss=0.3480, acc=10665/10975 (97.18%)
Epoch 396 [0/84843] Loss: 0.605356
Epoch 396 [35000/84843] Loss: 0.340647
Epoch 396 [70000/84843] Loss: 0.339867
Epoch 396 - Avg Loss: 0.462306 | Train Acc: 92.23%
Val: loss=0.3481, acc=10664/10975 (97.17%)
Epoch 397 [0/84843] Loss: 0.315362
Epoch 397 [35000/84843] Loss: 0.554043
Epoch 397 [70000/84843] Loss: 0.541391
Epoch 397 - Avg Loss: 0.443536 | Train Acc: 92.98%
Val: loss=0.3484, acc=10662/10975 (97.15%)
Epoch 398 [0/84843] Loss: 0.531173
Epoch 398 [35000/84843] Loss: 0.406524
Epoch 398 [70000/84843] Loss: 0.510900
Epoch 398 - Avg Loss: 0.454855 | Train Acc: 92.58%
Val: loss=0.3482, acc=10664/10975 (97.17%)
Epoch 399 [0/84843] Loss: 0.376920
Epoch 399 [35000/84843] Loss: 0.569173
Epoch 399 [70000/84843] Loss: 0.326555
Epoch 399 - Avg Loss: 0.450343 | Train Acc: 92.77%
Val: loss=0.3482, acc=10664/10975 (97.17%)
Epoch 400 [0/84843] Loss: 0.476326
Epoch 400 [35000/84843] Loss: 0.806221
Epoch 400 [70000/84843] Loss: 0.398633
Epoch 400 - Avg Loss: 0.452622 | Train Acc: 92.61%
Val: loss=0.3479, acc=10665/10975 (97.18%)
Test: loss=0.3591, acc=11733/12101 (96.96%)
