Running feature config: 16_mels_delta_delta (task 11)
SpecAugment freq_mask=12 time_mask=50
Device: cuda
Feature config: 16_mels_delta_delta -> {'n_mels': 16, 'use_delta': True, 'use_delta_delta': True}
SpecAugment: True freq_mask=12 time_mask=50
GPU Name: Tesla V100-PCIE-32GB
GPU Memory: 34.07 GB
Total model parameters: 47,628
Epoch 1 [0/84843] Loss: 2.504721
Epoch 1 [35000/84843] Loss: 1.593925
Epoch 1 [70000/84843] Loss: 1.430505
Epoch 1 - Avg Loss: 1.715272 | Train Acc: 54.76%
Val: loss=1.6025, acc=6259/10975 (57.03%)
saved best: 57.03%
Epoch 2 [0/84843] Loss: 1.670514
Epoch 2 [35000/84843] Loss: 1.324343
Epoch 2 [70000/84843] Loss: 1.479434
Epoch 2 - Avg Loss: 1.437041 | Train Acc: 64.04%
Val: loss=1.4006, acc=7217/10975 (65.76%)
saved best: 65.76%
Epoch 3 [0/84843] Loss: 1.213404
Epoch 3 [35000/84843] Loss: 1.237514
Epoch 3 [70000/84843] Loss: 1.351329
Epoch 3 - Avg Loss: 1.366641 | Train Acc: 66.56%
Val: loss=1.3867, acc=7261/10975 (66.16%)
saved best: 66.16%
Epoch 4 [0/84843] Loss: 1.262370
Epoch 4 [35000/84843] Loss: 1.229753
Epoch 4 [70000/84843] Loss: 1.406718
Epoch 4 - Avg Loss: 1.360075 | Train Acc: 66.70%
Val: loss=1.3821, acc=7263/10975 (66.18%)
saved best: 66.18%
Epoch 5 [0/84843] Loss: 1.463716
Epoch 5 [35000/84843] Loss: 1.628526
Epoch 5 [70000/84843] Loss: 1.416103
Epoch 5 - Avg Loss: 1.356407 | Train Acc: 66.72%
Val: loss=1.3694, acc=7270/10975 (66.24%)
saved best: 66.24%
Epoch 6 [0/84843] Loss: 1.377323
Epoch 6 [35000/84843] Loss: 1.402947
Epoch 6 [70000/84843] Loss: 1.057861
Epoch 6 - Avg Loss: 1.345577 | Train Acc: 66.67%
Val: loss=1.3256, acc=7258/10975 (66.13%)
Epoch 7 [0/84843] Loss: 1.447991
Epoch 7 [35000/84843] Loss: 1.307814
Epoch 7 [70000/84843] Loss: 1.521988
Epoch 7 - Avg Loss: 1.319989 | Train Acc: 66.63%
Val: loss=1.3030, acc=7255/10975 (66.10%)
Epoch 8 [0/84843] Loss: 1.416013
Epoch 8 [35000/84843] Loss: 1.305493
Epoch 8 [70000/84843] Loss: 1.441430
Epoch 8 - Avg Loss: 1.298665 | Train Acc: 66.62%
Val: loss=1.2568, acc=7276/10975 (66.30%)
saved best: 66.30%
Epoch 9 [0/84843] Loss: 1.205659
Epoch 9 [35000/84843] Loss: 1.348861
Epoch 9 [70000/84843] Loss: 1.377175
Epoch 9 - Avg Loss: 1.269356 | Train Acc: 66.63%
Val: loss=1.1835, acc=7294/10975 (66.46%)
saved best: 66.46%
Epoch 10 [0/84843] Loss: 1.168633
Epoch 10 [35000/84843] Loss: 1.186707
Epoch 10 [70000/84843] Loss: 1.287662
Epoch 10 - Avg Loss: 1.229593 | Train Acc: 66.85%
Val: loss=1.1208, acc=7568/10975 (68.96%)
saved best: 68.96%
Epoch 11 [0/84843] Loss: 1.435723
Epoch 11 [35000/84843] Loss: 1.394989
Epoch 11 [70000/84843] Loss: 1.204047
Epoch 11 - Avg Loss: 1.198598 | Train Acc: 67.77%
Val: loss=1.0695, acc=7718/10975 (70.32%)
saved best: 70.32%
Epoch 12 [0/84843] Loss: 1.186127
Epoch 12 [35000/84843] Loss: 1.357355
Epoch 12 [70000/84843] Loss: 1.312873
Epoch 12 - Avg Loss: 1.165863 | Train Acc: 68.62%
Val: loss=1.0272, acc=7810/10975 (71.16%)
saved best: 71.16%
Epoch 13 [0/84843] Loss: 1.294166
Epoch 13 [35000/84843] Loss: 1.170547
Epoch 13 [70000/84843] Loss: 1.253486
Epoch 13 - Avg Loss: 1.145578 | Train Acc: 69.03%
Val: loss=0.9890, acc=7884/10975 (71.84%)
saved best: 71.84%
Epoch 14 [0/84843] Loss: 0.907146
Epoch 14 [35000/84843] Loss: 0.841286
Epoch 14 [70000/84843] Loss: 1.457821
Epoch 14 - Avg Loss: 1.122259 | Train Acc: 69.50%
Val: loss=0.9478, acc=8011/10975 (72.99%)
saved best: 72.99%
Epoch 15 [0/84843] Loss: 1.346871
Epoch 15 [35000/84843] Loss: 1.180050
Epoch 15 [70000/84843] Loss: 1.116563
Epoch 15 - Avg Loss: 1.090304 | Train Acc: 70.11%
Val: loss=0.9110, acc=8000/10975 (72.89%)
Epoch 16 [0/84843] Loss: 1.291559
Epoch 16 [35000/84843] Loss: 0.823056
Epoch 16 [70000/84843] Loss: 1.027265
Epoch 16 - Avg Loss: 1.056710 | Train Acc: 70.70%
Val: loss=0.8685, acc=8177/10975 (74.51%)
saved best: 74.51%
Epoch 17 [0/84843] Loss: 0.845931
Epoch 17 [35000/84843] Loss: 1.126914
Epoch 17 [70000/84843] Loss: 0.910644
Epoch 17 - Avg Loss: 1.035131 | Train Acc: 71.35%
Val: loss=0.8398, acc=8398/10975 (76.52%)
saved best: 76.52%
Epoch 18 [0/84843] Loss: 0.903510
Epoch 18 [35000/84843] Loss: 0.786176
Epoch 18 [70000/84843] Loss: 0.839988
Epoch 18 - Avg Loss: 1.009874 | Train Acc: 72.13%
Val: loss=0.8015, acc=8675/10975 (79.04%)
saved best: 79.04%
Epoch 19 [0/84843] Loss: 0.881729
Epoch 19 [35000/84843] Loss: 0.956170
Epoch 19 [70000/84843] Loss: 0.919993
Epoch 19 - Avg Loss: 0.978842 | Train Acc: 73.12%
Val: loss=0.7630, acc=8892/10975 (81.02%)
saved best: 81.02%
Epoch 20 [0/84843] Loss: 1.025059
Epoch 20 [35000/84843] Loss: 0.638619
Epoch 20 [70000/84843] Loss: 0.744353
Epoch 20 - Avg Loss: 0.946873 | Train Acc: 74.39%
Val: loss=0.7504, acc=8939/10975 (81.45%)
saved best: 81.45%
Epoch 21 [0/84843] Loss: 1.066055
Epoch 21 [35000/84843] Loss: 0.667616
Epoch 21 [70000/84843] Loss: 0.826709
Epoch 21 - Avg Loss: 0.927854 | Train Acc: 75.26%
Val: loss=0.7060, acc=9175/10975 (83.60%)
saved best: 83.60%
Epoch 22 [0/84843] Loss: 0.771180
Epoch 22 [35000/84843] Loss: 0.888635
Epoch 22 [70000/84843] Loss: 0.889691
Epoch 22 - Avg Loss: 0.906704 | Train Acc: 76.18%
Val: loss=0.6717, acc=9335/10975 (85.06%)
saved best: 85.06%
Epoch 23 [0/84843] Loss: 0.889973
Epoch 23 [35000/84843] Loss: 0.777159
Epoch 23 [70000/84843] Loss: 0.728058
Epoch 23 - Avg Loss: 0.872947 | Train Acc: 77.30%
Val: loss=0.6492, acc=9461/10975 (86.21%)
saved best: 86.21%
Epoch 24 [0/84843] Loss: 0.709814
Epoch 24 [35000/84843] Loss: 0.557273
Epoch 24 [70000/84843] Loss: 1.000641
Epoch 24 - Avg Loss: 0.848785 | Train Acc: 78.39%
Val: loss=0.6172, acc=9615/10975 (87.61%)
saved best: 87.61%
Epoch 25 [0/84843] Loss: 0.958778
Epoch 25 [35000/84843] Loss: 0.738230
Epoch 25 [70000/84843] Loss: 0.924221
Epoch 25 - Avg Loss: 0.823662 | Train Acc: 79.24%
Val: loss=0.6165, acc=9632/10975 (87.76%)
saved best: 87.76%
Epoch 26 [0/84843] Loss: 0.608656
Epoch 26 [35000/84843] Loss: 0.878534
Epoch 26 [70000/84843] Loss: 0.696411
Epoch 26 - Avg Loss: 0.800642 | Train Acc: 80.03%
Val: loss=0.5779, acc=9819/10975 (89.47%)
saved best: 89.47%
Epoch 27 [0/84843] Loss: 0.751874
Epoch 27 [35000/84843] Loss: 1.047396
Epoch 27 [70000/84843] Loss: 0.756685
Epoch 27 - Avg Loss: 0.785363 | Train Acc: 80.58%
Val: loss=0.5529, acc=9918/10975 (90.37%)
saved best: 90.37%
Epoch 28 [0/84843] Loss: 0.980828
Epoch 28 [35000/84843] Loss: 0.703414
Epoch 28 [70000/84843] Loss: 0.839536
Epoch 28 - Avg Loss: 0.756867 | Train Acc: 81.63%
Val: loss=0.5387, acc=9976/10975 (90.90%)
saved best: 90.90%
Epoch 29 [0/84843] Loss: 0.997212
Epoch 29 [35000/84843] Loss: 0.616009
Epoch 29 [70000/84843] Loss: 0.569030
Epoch 29 - Avg Loss: 0.742559 | Train Acc: 82.19%
Val: loss=0.5330, acc=10001/10975 (91.13%)
saved best: 91.13%
Epoch 30 [0/84843] Loss: 0.716516
Epoch 30 [35000/84843] Loss: 0.555216
Epoch 30 [70000/84843] Loss: 0.793031
Epoch 30 - Avg Loss: 0.744016 | Train Acc: 82.07%
Val: loss=0.5187, acc=10058/10975 (91.64%)
saved best: 91.64%
Epoch 31 [0/84843] Loss: 0.493395
Epoch 31 [35000/84843] Loss: 0.697211
Epoch 31 [70000/84843] Loss: 0.906117
Epoch 31 - Avg Loss: 0.736711 | Train Acc: 82.22%
Val: loss=0.5256, acc=9999/10975 (91.11%)
Epoch 32 [0/84843] Loss: 0.981636
Epoch 32 [35000/84843] Loss: 0.502457
Epoch 32 [70000/84843] Loss: 1.072405
Epoch 32 - Avg Loss: 0.714566 | Train Acc: 83.20%
Val: loss=0.4983, acc=10135/10975 (92.35%)
saved best: 92.35%
Epoch 33 [0/84843] Loss: 0.633967
Epoch 33 [35000/84843] Loss: 0.687519
Epoch 33 [70000/84843] Loss: 0.543940
Epoch 33 - Avg Loss: 0.703945 | Train Acc: 83.49%
Val: loss=0.4848, acc=10164/10975 (92.61%)
saved best: 92.61%
Epoch 34 [0/84843] Loss: 0.839393
Epoch 34 [35000/84843] Loss: 0.646274
Epoch 34 [70000/84843] Loss: 0.492968
Epoch 34 - Avg Loss: 0.702400 | Train Acc: 83.61%
Val: loss=0.4943, acc=10120/10975 (92.21%)
Epoch 35 [0/84843] Loss: 0.566394
Epoch 35 [35000/84843] Loss: 0.746070
Epoch 35 [70000/84843] Loss: 0.750209
Epoch 35 - Avg Loss: 0.681087 | Train Acc: 84.39%
Val: loss=0.4801, acc=10175/10975 (92.71%)
saved best: 92.71%
Epoch 36 [0/84843] Loss: 0.359085
Epoch 36 [35000/84843] Loss: 0.473023
Epoch 36 [70000/84843] Loss: 0.494805
Epoch 36 - Avg Loss: 0.686614 | Train Acc: 84.20%
Val: loss=0.4734, acc=10205/10975 (92.98%)
saved best: 92.98%
Epoch 37 [0/84843] Loss: 0.516329
Epoch 37 [35000/84843] Loss: 0.466487
Epoch 37 [70000/84843] Loss: 0.614385
Epoch 37 - Avg Loss: 0.664962 | Train Acc: 84.95%
Val: loss=0.4678, acc=10209/10975 (93.02%)
saved best: 93.02%
Epoch 38 [0/84843] Loss: 0.831569
Epoch 38 [35000/84843] Loss: 0.360279
Epoch 38 [70000/84843] Loss: 0.652984
Epoch 38 - Avg Loss: 0.668240 | Train Acc: 84.82%
Val: loss=0.4597, acc=10257/10975 (93.46%)
saved best: 93.46%
Epoch 39 [0/84843] Loss: 0.488713
Epoch 39 [35000/84843] Loss: 0.404346
Epoch 39 [70000/84843] Loss: 0.736697
Epoch 39 - Avg Loss: 0.657456 | Train Acc: 85.18%
Val: loss=0.4530, acc=10254/10975 (93.43%)
Epoch 40 [0/84843] Loss: 0.800287
Epoch 40 [35000/84843] Loss: 0.455531
Epoch 40 [70000/84843] Loss: 0.909049
Epoch 40 - Avg Loss: 0.656121 | Train Acc: 85.22%
Val: loss=0.4472, acc=10286/10975 (93.72%)
saved best: 93.72%
Epoch 41 [0/84843] Loss: 0.468790
Epoch 41 [35000/84843] Loss: 0.896697
Epoch 41 [70000/84843] Loss: 0.395599
Epoch 41 - Avg Loss: 0.638902 | Train Acc: 85.84%
Val: loss=0.4390, acc=10353/10975 (94.33%)
saved best: 94.33%
Epoch 42 [0/84843] Loss: 0.517603
Epoch 42 [35000/84843] Loss: 0.799409
Epoch 42 [70000/84843] Loss: 0.563769
Epoch 42 - Avg Loss: 0.645781 | Train Acc: 85.65%
Val: loss=0.4303, acc=10373/10975 (94.51%)
saved best: 94.51%
Epoch 43 [0/84843] Loss: 0.832781
Epoch 43 [35000/84843] Loss: 0.626492
Epoch 43 [70000/84843] Loss: 0.532935
Epoch 43 - Avg Loss: 0.638235 | Train Acc: 85.81%
Val: loss=0.4412, acc=10327/10975 (94.10%)
Epoch 44 [0/84843] Loss: 0.538661
Epoch 44 [35000/84843] Loss: 0.525657
Epoch 44 [70000/84843] Loss: 0.766642
Epoch 44 - Avg Loss: 0.623227 | Train Acc: 86.43%
Val: loss=0.4389, acc=10311/10975 (93.95%)
Epoch 45 [0/84843] Loss: 0.709507
Epoch 45 [35000/84843] Loss: 0.482119
Epoch 45 [70000/84843] Loss: 0.975874
Epoch 45 - Avg Loss: 0.626602 | Train Acc: 86.32%
Val: loss=0.4255, acc=10382/10975 (94.60%)
saved best: 94.60%
Epoch 46 [0/84843] Loss: 0.629704
Epoch 46 [35000/84843] Loss: 0.750747
Epoch 46 [70000/84843] Loss: 0.742581
Epoch 46 - Avg Loss: 0.620415 | Train Acc: 86.44%
Val: loss=0.4272, acc=10372/10975 (94.51%)
Epoch 47 [0/84843] Loss: 0.881574
Epoch 47 [35000/84843] Loss: 0.588835
Epoch 47 [70000/84843] Loss: 0.366464
Epoch 47 - Avg Loss: 0.613481 | Train Acc: 86.83%
Val: loss=0.4184, acc=10415/10975 (94.90%)
saved best: 94.90%
Epoch 48 [0/84843] Loss: 0.478847
Epoch 48 [35000/84843] Loss: 0.431776
Epoch 48 [70000/84843] Loss: 0.547706
Epoch 48 - Avg Loss: 0.607673 | Train Acc: 87.10%
Val: loss=0.4299, acc=10357/10975 (94.37%)
Epoch 49 [0/84843] Loss: 0.448606
Epoch 49 [35000/84843] Loss: 0.836300
Epoch 49 [70000/84843] Loss: 0.668618
Epoch 49 - Avg Loss: 0.597100 | Train Acc: 87.46%
Val: loss=0.4199, acc=10394/10975 (94.71%)
Epoch 50 [0/84843] Loss: 0.542866
Epoch 50 [35000/84843] Loss: 0.562082
Epoch 50 [70000/84843] Loss: 0.807193
Epoch 50 - Avg Loss: 0.599879 | Train Acc: 87.27%
Val: loss=0.4154, acc=10422/10975 (94.96%)
saved best: 94.96%
Epoch 51 [0/84843] Loss: 0.625393
Epoch 51 [35000/84843] Loss: 0.501332
Epoch 51 [70000/84843] Loss: 0.602362
Epoch 51 - Avg Loss: 0.596057 | Train Acc: 87.37%
Val: loss=0.4133, acc=10424/10975 (94.98%)
saved best: 94.98%
Epoch 52 [0/84843] Loss: 0.602314
Epoch 52 [35000/84843] Loss: 0.583360
Epoch 52 [70000/84843] Loss: 0.598389
Epoch 52 - Avg Loss: 0.591913 | Train Acc: 87.51%
Val: loss=0.4084, acc=10455/10975 (95.26%)
saved best: 95.26%
Epoch 53 [0/84843] Loss: 0.659120
Epoch 53 [35000/84843] Loss: 0.583933
Epoch 53 [70000/84843] Loss: 0.555504
Epoch 53 - Avg Loss: 0.592903 | Train Acc: 87.53%
Val: loss=0.4114, acc=10436/10975 (95.09%)
Epoch 54 [0/84843] Loss: 0.459818
Epoch 54 [35000/84843] Loss: 0.404448
Epoch 54 [70000/84843] Loss: 0.365319
Epoch 54 - Avg Loss: 0.595018 | Train Acc: 87.34%
Val: loss=0.4117, acc=10409/10975 (94.84%)
Epoch 55 [0/84843] Loss: 0.601221
Epoch 55 [35000/84843] Loss: 0.613335
Epoch 55 [70000/84843] Loss: 0.840948
Epoch 55 - Avg Loss: 0.586004 | Train Acc: 87.66%
Val: loss=0.4057, acc=10460/10975 (95.31%)
saved best: 95.31%
Epoch 56 [0/84843] Loss: 0.429419
Epoch 56 [35000/84843] Loss: 0.797569
Epoch 56 [70000/84843] Loss: 1.070099
Epoch 56 - Avg Loss: 0.584686 | Train Acc: 87.80%
Val: loss=0.4104, acc=10421/10975 (94.95%)
Epoch 57 [0/84843] Loss: 0.481810
Epoch 57 [35000/84843] Loss: 0.387939
Epoch 57 [70000/84843] Loss: 0.602290
Epoch 57 - Avg Loss: 0.582370 | Train Acc: 87.83%
Val: loss=0.4015, acc=10465/10975 (95.35%)
saved best: 95.35%
Epoch 58 [0/84843] Loss: 0.700634
Epoch 58 [35000/84843] Loss: 0.469946
Epoch 58 [70000/84843] Loss: 0.611597
Epoch 58 - Avg Loss: 0.577244 | Train Acc: 88.06%
Val: loss=0.4116, acc=10409/10975 (94.84%)
Epoch 59 [0/84843] Loss: 0.526451
Epoch 59 [35000/84843] Loss: 0.375178
Epoch 59 [70000/84843] Loss: 0.536709
Epoch 59 - Avg Loss: 0.574442 | Train Acc: 88.18%
Val: loss=0.4082, acc=10414/10975 (94.89%)
Epoch 60 [0/84843] Loss: 0.448450
Epoch 60 [35000/84843] Loss: 0.636644
Epoch 60 [70000/84843] Loss: 0.685103
Epoch 60 - Avg Loss: 0.572462 | Train Acc: 88.27%
Val: loss=0.4019, acc=10462/10975 (95.33%)
Epoch 61 [0/84843] Loss: 0.496759
Epoch 61 [35000/84843] Loss: 0.653331
Epoch 61 [70000/84843] Loss: 0.430628
Epoch 61 - Avg Loss: 0.578499 | Train Acc: 88.06%
Val: loss=0.4037, acc=10464/10975 (95.34%)
Epoch 62 [0/84843] Loss: 0.355868
Epoch 62 [35000/84843] Loss: 0.708824
Epoch 62 [70000/84843] Loss: 0.383126
Epoch 62 - Avg Loss: 0.570212 | Train Acc: 88.25%
Val: loss=0.4077, acc=10417/10975 (94.92%)
Epoch 63 [0/84843] Loss: 0.426308
Epoch 63 [35000/84843] Loss: 0.500490
Epoch 63 [70000/84843] Loss: 0.707479
Epoch 63 - Avg Loss: 0.565667 | Train Acc: 88.48%
Val: loss=0.3998, acc=10493/10975 (95.61%)
saved best: 95.61%
Epoch 64 [0/84843] Loss: 0.341874
Epoch 64 [35000/84843] Loss: 0.407161
Epoch 64 [70000/84843] Loss: 0.517785
Epoch 64 - Avg Loss: 0.563637 | Train Acc: 88.48%
Val: loss=0.3993, acc=10465/10975 (95.35%)
Epoch 65 [0/84843] Loss: 0.863878
Epoch 65 [35000/84843] Loss: 0.791909
Epoch 65 [70000/84843] Loss: 0.614892
Epoch 65 - Avg Loss: 0.561888 | Train Acc: 88.67%
Val: loss=0.3961, acc=10487/10975 (95.55%)
Epoch 66 [0/84843] Loss: 0.499747
Epoch 66 [35000/84843] Loss: 0.467443
Epoch 66 [70000/84843] Loss: 0.494446
Epoch 66 - Avg Loss: 0.559733 | Train Acc: 88.72%
Val: loss=0.4057, acc=10463/10975 (95.33%)
Epoch 67 [0/84843] Loss: 0.666018
Epoch 67 [35000/84843] Loss: 0.486193
Epoch 67 [70000/84843] Loss: 0.349551
Epoch 67 - Avg Loss: 0.567258 | Train Acc: 88.39%
Val: loss=0.4177, acc=10391/10975 (94.68%)
Epoch 68 [0/84843] Loss: 0.494072
Epoch 68 [35000/84843] Loss: 0.489575
Epoch 68 [70000/84843] Loss: 0.359466
Epoch 68 - Avg Loss: 0.554837 | Train Acc: 88.90%
Val: loss=0.3945, acc=10474/10975 (95.44%)
Epoch 69 [0/84843] Loss: 0.440748
Epoch 69 [35000/84843] Loss: 0.395639
Epoch 69 [70000/84843] Loss: 0.539445
Epoch 69 - Avg Loss: 0.551601 | Train Acc: 88.93%
Val: loss=0.3990, acc=10472/10975 (95.42%)
Epoch 70 [0/84843] Loss: 0.406607
Epoch 70 [35000/84843] Loss: 0.424838
Epoch 70 [70000/84843] Loss: 0.373951
Epoch 70 - Avg Loss: 0.553569 | Train Acc: 88.96%
Val: loss=0.3884, acc=10520/10975 (95.85%)
saved best: 95.85%
Epoch 71 [0/84843] Loss: 0.478303
Epoch 71 [35000/84843] Loss: 0.488087
Epoch 71 [70000/84843] Loss: 0.400266
Epoch 71 - Avg Loss: 0.562747 | Train Acc: 88.59%
Val: loss=0.3897, acc=10523/10975 (95.88%)
saved best: 95.88%
Epoch 72 [0/84843] Loss: 0.703506
Epoch 72 [35000/84843] Loss: 0.589426
Epoch 72 [70000/84843] Loss: 0.350779
Epoch 72 - Avg Loss: 0.550657 | Train Acc: 89.10%
Val: loss=0.3931, acc=10484/10975 (95.53%)
Epoch 73 [0/84843] Loss: 0.355162
Epoch 73 [35000/84843] Loss: 0.382116
Epoch 73 [70000/84843] Loss: 0.389620
Epoch 73 - Avg Loss: 0.549176 | Train Acc: 89.13%
Val: loss=0.3927, acc=10509/10975 (95.75%)
Epoch 74 [0/84843] Loss: 0.689880
Epoch 74 [35000/84843] Loss: 0.441022
Epoch 74 [70000/84843] Loss: 0.918190
Epoch 74 - Avg Loss: 0.552961 | Train Acc: 89.00%
Val: loss=0.4008, acc=10463/10975 (95.33%)
Epoch 75 [0/84843] Loss: 0.362879
Epoch 75 [35000/84843] Loss: 0.850355
Epoch 75 [70000/84843] Loss: 0.638013
Epoch 75 - Avg Loss: 0.554240 | Train Acc: 88.87%
Val: loss=0.3877, acc=10510/10975 (95.76%)
Epoch 76 [0/84843] Loss: 0.602179
Epoch 76 [35000/84843] Loss: 0.439882
Epoch 76 [70000/84843] Loss: 0.400896
Epoch 76 - Avg Loss: 0.549628 | Train Acc: 89.02%
Val: loss=0.3962, acc=10483/10975 (95.52%)
Epoch 77 [0/84843] Loss: 0.620546
Epoch 77 [35000/84843] Loss: 0.596163
Epoch 77 [70000/84843] Loss: 0.452743
Epoch 77 - Avg Loss: 0.545986 | Train Acc: 89.14%
Val: loss=0.3959, acc=10478/10975 (95.47%)
Epoch 78 [0/84843] Loss: 0.352501
Epoch 78 [35000/84843] Loss: 0.397613
Epoch 78 [70000/84843] Loss: 0.535088
Epoch 78 - Avg Loss: 0.543060 | Train Acc: 89.29%
Val: loss=0.3912, acc=10503/10975 (95.70%)
Epoch 79 [0/84843] Loss: 0.446469
Epoch 79 [35000/84843] Loss: 0.701249
Epoch 79 [70000/84843] Loss: 0.438699
Epoch 79 - Avg Loss: 0.545549 | Train Acc: 89.16%
Val: loss=0.3949, acc=10483/10975 (95.52%)
Epoch 80 [0/84843] Loss: 0.347147
Epoch 80 [35000/84843] Loss: 0.568805
Epoch 80 [70000/84843] Loss: 0.474824
Epoch 80 - Avg Loss: 0.542456 | Train Acc: 89.34%
Val: loss=0.3965, acc=10478/10975 (95.47%)
Epoch 81 [0/84843] Loss: 0.845038
Epoch 81 [35000/84843] Loss: 0.954164
Epoch 81 [70000/84843] Loss: 0.373613
Epoch 81 - Avg Loss: 0.538717 | Train Acc: 89.38%
Val: loss=0.3907, acc=10506/10975 (95.73%)
Epoch 82 [0/84843] Loss: 0.386894
Epoch 82 [35000/84843] Loss: 0.377877
Epoch 82 [70000/84843] Loss: 0.637511
Epoch 82 - Avg Loss: 0.546957 | Train Acc: 89.08%
Val: loss=0.3827, acc=10561/10975 (96.23%)
saved best: 96.23%
Epoch 83 [0/84843] Loss: 0.852390
Epoch 83 [35000/84843] Loss: 0.424397
Epoch 83 [70000/84843] Loss: 0.483824
Epoch 83 - Avg Loss: 0.541508 | Train Acc: 89.35%
Val: loss=0.3876, acc=10508/10975 (95.74%)
Epoch 84 [0/84843] Loss: 0.388594
Epoch 84 [35000/84843] Loss: 0.411469
Epoch 84 [70000/84843] Loss: 0.543408
Epoch 84 - Avg Loss: 0.540375 | Train Acc: 89.49%
Val: loss=0.3967, acc=10470/10975 (95.40%)
Epoch 85 [0/84843] Loss: 0.312350
Epoch 85 [35000/84843] Loss: 0.363178
Epoch 85 [70000/84843] Loss: 0.328257
Epoch 85 - Avg Loss: 0.542618 | Train Acc: 89.22%
Val: loss=0.4006, acc=10455/10975 (95.26%)
Epoch 86 [0/84843] Loss: 0.444685
Epoch 86 [35000/84843] Loss: 0.525154
Epoch 86 [70000/84843] Loss: 0.437325
Epoch 86 - Avg Loss: 0.536972 | Train Acc: 89.54%
Val: loss=0.3980, acc=10468/10975 (95.38%)
Epoch 87 [0/84843] Loss: 0.598356
Epoch 87 [35000/84843] Loss: 0.419792
Epoch 87 [70000/84843] Loss: 0.608481
Epoch 87 - Avg Loss: 0.540822 | Train Acc: 89.33%
Val: loss=0.3869, acc=10486/10975 (95.54%)
Epoch 88 [0/84843] Loss: 0.364702
Epoch 88 [35000/84843] Loss: 0.364313
Epoch 88 [70000/84843] Loss: 0.486857
Epoch 88 - Avg Loss: 0.536079 | Train Acc: 89.61%
Val: loss=0.3810, acc=10532/10975 (95.96%)
Epoch 89 [0/84843] Loss: 0.671912
Epoch 89 [35000/84843] Loss: 0.792714
Epoch 89 [70000/84843] Loss: 0.480591
Epoch 89 - Avg Loss: 0.542162 | Train Acc: 89.34%
Val: loss=0.3838, acc=10523/10975 (95.88%)
Epoch 90 [0/84843] Loss: 0.464621
Epoch 90 [35000/84843] Loss: 0.766634
Epoch 90 [70000/84843] Loss: 0.473532
Epoch 90 - Avg Loss: 0.534868 | Train Acc: 89.62%
Val: loss=0.3880, acc=10528/10975 (95.93%)
Epoch 91 [0/84843] Loss: 0.410360
Epoch 91 [35000/84843] Loss: 0.384892
Epoch 91 [70000/84843] Loss: 0.665096
Epoch 91 - Avg Loss: 0.537286 | Train Acc: 89.51%
Val: loss=0.3913, acc=10487/10975 (95.55%)
Epoch 92 [0/84843] Loss: 0.643978
Epoch 92 [35000/84843] Loss: 0.502011
Epoch 92 [70000/84843] Loss: 0.445512
Epoch 92 - Avg Loss: 0.537956 | Train Acc: 89.43%
Val: loss=0.3843, acc=10524/10975 (95.89%)
Epoch 93 [0/84843] Loss: 0.669486
Epoch 93 [35000/84843] Loss: 0.502040
Epoch 93 [70000/84843] Loss: 0.430661
Epoch 93 - Avg Loss: 0.539572 | Train Acc: 89.29%
Val: loss=0.3866, acc=10521/10975 (95.86%)
Epoch 94 [0/84843] Loss: 0.454581
Epoch 94 [35000/84843] Loss: 0.499944
Epoch 94 [70000/84843] Loss: 0.471866
Epoch 94 - Avg Loss: 0.531233 | Train Acc: 89.72%
Val: loss=0.3986, acc=10489/10975 (95.57%)
Epoch 95 [0/84843] Loss: 0.460934
Epoch 95 [35000/84843] Loss: 0.634247
Epoch 95 [70000/84843] Loss: 0.549724
Epoch 95 - Avg Loss: 0.536488 | Train Acc: 89.50%
Val: loss=0.3911, acc=10508/10975 (95.74%)
Epoch 96 [0/84843] Loss: 0.743296
Epoch 96 [35000/84843] Loss: 0.396811
Epoch 96 [70000/84843] Loss: 0.344612
Epoch 96 - Avg Loss: 0.532620 | Train Acc: 89.71%
Val: loss=0.3855, acc=10516/10975 (95.82%)
Epoch 97 [0/84843] Loss: 0.443010
Epoch 97 [35000/84843] Loss: 0.408167
Epoch 97 [70000/84843] Loss: 0.340632
Epoch 97 - Avg Loss: 0.528643 | Train Acc: 89.84%
Val: loss=0.3821, acc=10535/10975 (95.99%)
Epoch 98 [0/84843] Loss: 0.452294
Epoch 98 [35000/84843] Loss: 0.414975
Epoch 98 [70000/84843] Loss: 0.443482
Epoch 98 - Avg Loss: 0.534618 | Train Acc: 89.64%
Val: loss=0.3945, acc=10499/10975 (95.66%)
Epoch 99 [0/84843] Loss: 0.395550
Epoch 99 [35000/84843] Loss: 0.521008
Epoch 99 [70000/84843] Loss: 0.603744
Epoch 99 - Avg Loss: 0.530817 | Train Acc: 89.69%
Val: loss=0.3866, acc=10513/10975 (95.79%)
Epoch 100 [0/84843] Loss: 0.708465
Epoch 100 [35000/84843] Loss: 0.460181
Epoch 100 [70000/84843] Loss: 0.702627
Epoch 100 - Avg Loss: 0.527930 | Train Acc: 89.91%
Val: loss=0.3826, acc=10528/10975 (95.93%)
Epoch 101 [0/84843] Loss: 0.470568
Epoch 101 [35000/84843] Loss: 0.631091
Epoch 101 [70000/84843] Loss: 0.469787
Epoch 101 - Avg Loss: 0.532683 | Train Acc: 89.60%
Val: loss=0.3873, acc=10509/10975 (95.75%)
Epoch 102 [0/84843] Loss: 0.482885
Epoch 102 [35000/84843] Loss: 0.815671
Epoch 102 [70000/84843] Loss: 0.444328
Epoch 102 - Avg Loss: 0.529633 | Train Acc: 89.75%
Val: loss=0.3950, acc=10473/10975 (95.43%)
Epoch 103 [0/84843] Loss: 0.777353
Epoch 103 [35000/84843] Loss: 0.625889
Epoch 103 [70000/84843] Loss: 0.486572
Epoch 103 - Avg Loss: 0.523860 | Train Acc: 90.08%
Val: loss=0.3912, acc=10484/10975 (95.53%)
Epoch 104 [0/84843] Loss: 0.456555
Epoch 104 [35000/84843] Loss: 0.721380
Epoch 104 [70000/84843] Loss: 0.481711
Epoch 104 - Avg Loss: 0.524264 | Train Acc: 89.99%
Val: loss=0.3880, acc=10510/10975 (95.76%)
Epoch 105 [0/84843] Loss: 0.936239
Epoch 105 [35000/84843] Loss: 0.383759
Epoch 105 [70000/84843] Loss: 0.786662
Epoch 105 - Avg Loss: 0.530198 | Train Acc: 89.76%
Val: loss=0.3911, acc=10510/10975 (95.76%)
Epoch 106 [0/84843] Loss: 0.320173
Epoch 106 [35000/84843] Loss: 0.418554
Epoch 106 [70000/84843] Loss: 0.841036
Epoch 106 - Avg Loss: 0.534278 | Train Acc: 89.52%
Val: loss=0.3873, acc=10514/10975 (95.80%)
Epoch 107 [0/84843] Loss: 0.404568
Epoch 107 [35000/84843] Loss: 0.422151
Epoch 107 [70000/84843] Loss: 0.535136
Epoch 107 - Avg Loss: 0.528369 | Train Acc: 89.90%
Val: loss=0.3952, acc=10486/10975 (95.54%)
Epoch 108 [0/84843] Loss: 0.694853
Epoch 108 [35000/84843] Loss: 0.594528
Epoch 108 [70000/84843] Loss: 0.626585
Epoch 108 - Avg Loss: 0.525475 | Train Acc: 89.94%
Val: loss=0.3861, acc=10523/10975 (95.88%)
Epoch 109 [0/84843] Loss: 0.582500
Epoch 109 [35000/84843] Loss: 0.490097
Epoch 109 [70000/84843] Loss: 0.454010
Epoch 109 - Avg Loss: 0.528038 | Train Acc: 89.85%
Val: loss=0.3905, acc=10499/10975 (95.66%)
Epoch 110 [0/84843] Loss: 0.514765
Epoch 110 [35000/84843] Loss: 0.331706
Epoch 110 [70000/84843] Loss: 0.403170
Epoch 110 - Avg Loss: 0.533344 | Train Acc: 89.69%
Val: loss=0.3949, acc=10469/10975 (95.39%)
Epoch 111 [0/84843] Loss: 0.526129
Epoch 111 [35000/84843] Loss: 0.780606
Epoch 111 [70000/84843] Loss: 0.345139
Epoch 111 - Avg Loss: 0.516991 | Train Acc: 90.28%
Val: loss=0.3837, acc=10542/10975 (96.05%)
Epoch 112 [0/84843] Loss: 0.424635
Epoch 112 [35000/84843] Loss: 0.681873
Epoch 112 [70000/84843] Loss: 0.510198
Epoch 112 - Avg Loss: 0.517814 | Train Acc: 90.15%
Val: loss=0.3840, acc=10519/10975 (95.85%)
Epoch 113 [0/84843] Loss: 0.328984
Epoch 113 [35000/84843] Loss: 0.359381
Epoch 113 [70000/84843] Loss: 0.598119
Epoch 113 - Avg Loss: 0.518369 | Train Acc: 90.18%
Val: loss=0.3868, acc=10506/10975 (95.73%)
Epoch 114 [0/84843] Loss: 0.453776
Epoch 114 [35000/84843] Loss: 0.315560
Epoch 114 [70000/84843] Loss: 0.494501
Epoch 114 - Avg Loss: 0.520999 | Train Acc: 90.10%
Val: loss=0.3796, acc=10548/10975 (96.11%)
Epoch 115 [0/84843] Loss: 0.402054
Epoch 115 [35000/84843] Loss: 0.424541
Epoch 115 [70000/84843] Loss: 0.362514
Epoch 115 - Avg Loss: 0.522892 | Train Acc: 90.08%
Val: loss=0.3826, acc=10533/10975 (95.97%)
Epoch 116 [0/84843] Loss: 0.737720
Epoch 116 [35000/84843] Loss: 0.307952
Epoch 116 [70000/84843] Loss: 0.744781
Epoch 116 - Avg Loss: 0.524394 | Train Acc: 90.08%
Val: loss=0.3836, acc=10532/10975 (95.96%)
Epoch 117 [0/84843] Loss: 0.943836
Epoch 117 [35000/84843] Loss: 0.477714
Epoch 117 [70000/84843] Loss: 0.630650
Epoch 117 - Avg Loss: 0.522529 | Train Acc: 90.10%
Val: loss=0.3793, acc=10547/10975 (96.10%)
Epoch 118 [0/84843] Loss: 0.396936
Epoch 118 [35000/84843] Loss: 0.431861
Epoch 118 [70000/84843] Loss: 0.346166
Epoch 118 - Avg Loss: 0.525271 | Train Acc: 90.07%
Val: loss=0.3869, acc=10518/10975 (95.84%)
Epoch 119 [0/84843] Loss: 0.405830
Epoch 119 [35000/84843] Loss: 0.350336
Epoch 119 [70000/84843] Loss: 0.614561
Epoch 119 - Avg Loss: 0.519802 | Train Acc: 90.17%
Val: loss=0.3855, acc=10525/10975 (95.90%)
Epoch 120 [0/84843] Loss: 0.376814
Epoch 120 [35000/84843] Loss: 0.703454
Epoch 120 [70000/84843] Loss: 0.380338
Epoch 120 - Avg Loss: 0.520317 | Train Acc: 90.14%
Val: loss=0.3899, acc=10520/10975 (95.85%)
Epoch 121 [0/84843] Loss: 0.361877
Epoch 121 [35000/84843] Loss: 0.724730
Epoch 121 [70000/84843] Loss: 0.612271
Epoch 121 - Avg Loss: 0.522523 | Train Acc: 90.01%
Val: loss=0.3845, acc=10525/10975 (95.90%)
Epoch 122 [0/84843] Loss: 0.522286
Epoch 122 [35000/84843] Loss: 0.423523
Epoch 122 [70000/84843] Loss: 0.304523
Epoch 122 - Avg Loss: 0.523586 | Train Acc: 90.07%
Val: loss=0.3848, acc=10521/10975 (95.86%)
Epoch 123 [0/84843] Loss: 0.392983
Epoch 123 [35000/84843] Loss: 0.422281
Epoch 123 [70000/84843] Loss: 0.425174
Epoch 123 - Avg Loss: 0.519747 | Train Acc: 90.15%
Val: loss=0.3812, acc=10539/10975 (96.03%)
Epoch 124 [0/84843] Loss: 0.386534
Epoch 124 [35000/84843] Loss: 0.425577
Epoch 124 [70000/84843] Loss: 0.479110
Epoch 124 - Avg Loss: 0.515354 | Train Acc: 90.31%
Val: loss=0.3831, acc=10522/10975 (95.87%)
Epoch 125 [0/84843] Loss: 0.704554
Epoch 125 [35000/84843] Loss: 0.287194
Epoch 125 [70000/84843] Loss: 0.971898
Epoch 125 - Avg Loss: 0.521659 | Train Acc: 90.09%
Val: loss=0.3943, acc=10505/10975 (95.72%)
Epoch 126 [0/84843] Loss: 0.586828
Epoch 126 [35000/84843] Loss: 0.883687
Epoch 126 [70000/84843] Loss: 0.588076
Epoch 126 - Avg Loss: 0.519624 | Train Acc: 90.14%
Val: loss=0.3865, acc=10506/10975 (95.73%)
Epoch 127 [0/84843] Loss: 0.638760
Epoch 127 [35000/84843] Loss: 0.477414
Epoch 127 [70000/84843] Loss: 0.423811
Epoch 127 - Avg Loss: 0.516178 | Train Acc: 90.27%
Val: loss=0.3798, acc=10542/10975 (96.05%)
Epoch 128 [0/84843] Loss: 0.442750
Epoch 128 [35000/84843] Loss: 0.729886
Epoch 128 [70000/84843] Loss: 0.432087
Epoch 128 - Avg Loss: 0.514254 | Train Acc: 90.37%
Val: loss=0.3792, acc=10562/10975 (96.24%)
saved best: 96.24%
Epoch 129 [0/84843] Loss: 0.699456
Epoch 129 [35000/84843] Loss: 0.524165
Epoch 129 [70000/84843] Loss: 0.415056
Epoch 129 - Avg Loss: 0.519927 | Train Acc: 90.17%
Val: loss=0.3760, acc=10545/10975 (96.08%)
Epoch 130 [0/84843] Loss: 0.690004
Epoch 130 [35000/84843] Loss: 0.495317
Epoch 130 [70000/84843] Loss: 0.736088
Epoch 130 - Avg Loss: 0.512654 | Train Acc: 90.40%
Val: loss=0.3755, acc=10576/10975 (96.36%)
saved best: 96.36%
Epoch 131 [0/84843] Loss: 0.484911
Epoch 131 [35000/84843] Loss: 0.401730
Epoch 131 [70000/84843] Loss: 0.537691
Epoch 131 - Avg Loss: 0.516854 | Train Acc: 90.25%
Val: loss=0.3752, acc=10572/10975 (96.33%)
Epoch 132 [0/84843] Loss: 0.393007
Epoch 132 [35000/84843] Loss: 0.826999
Epoch 132 [70000/84843] Loss: 0.407177
Epoch 132 - Avg Loss: 0.511371 | Train Acc: 90.51%
Val: loss=0.3864, acc=10517/10975 (95.83%)
Epoch 133 [0/84843] Loss: 0.399232
Epoch 133 [35000/84843] Loss: 0.656442
Epoch 133 [70000/84843] Loss: 0.639974
Epoch 133 - Avg Loss: 0.510453 | Train Acc: 90.59%
Val: loss=0.3777, acc=10532/10975 (95.96%)
Epoch 134 [0/84843] Loss: 0.826176
Epoch 134 [35000/84843] Loss: 0.717780
Epoch 134 [70000/84843] Loss: 0.449036
Epoch 134 - Avg Loss: 0.512701 | Train Acc: 90.40%
Val: loss=0.3766, acc=10558/10975 (96.20%)
Epoch 135 [0/84843] Loss: 0.481621
Epoch 135 [35000/84843] Loss: 0.740456
Epoch 135 [70000/84843] Loss: 0.781406
Epoch 135 - Avg Loss: 0.519722 | Train Acc: 90.19%
Val: loss=0.3756, acc=10546/10975 (96.09%)
Epoch 136 [0/84843] Loss: 0.443934
Epoch 136 [35000/84843] Loss: 0.600858
Epoch 136 [70000/84843] Loss: 0.601445
Epoch 136 - Avg Loss: 0.518933 | Train Acc: 90.14%
Val: loss=0.3845, acc=10526/10975 (95.91%)
Epoch 137 [0/84843] Loss: 0.378097
Epoch 137 [35000/84843] Loss: 0.373636
Epoch 137 [70000/84843] Loss: 0.430738
Epoch 137 - Avg Loss: 0.504093 | Train Acc: 90.83%
Val: loss=0.3774, acc=10563/10975 (96.25%)
Epoch 138 [0/84843] Loss: 0.581190
Epoch 138 [35000/84843] Loss: 0.451971
Epoch 138 [70000/84843] Loss: 0.581926
Epoch 138 - Avg Loss: 0.518737 | Train Acc: 90.04%
Val: loss=0.3848, acc=10525/10975 (95.90%)
Epoch 139 [0/84843] Loss: 0.387514
Epoch 139 [35000/84843] Loss: 0.335326
Epoch 139 [70000/84843] Loss: 0.387557
Epoch 139 - Avg Loss: 0.518224 | Train Acc: 90.29%
Val: loss=0.3858, acc=10518/10975 (95.84%)
Epoch 140 [0/84843] Loss: 0.345309
Epoch 140 [35000/84843] Loss: 0.943154
Epoch 140 [70000/84843] Loss: 0.613044
Epoch 140 - Avg Loss: 0.513157 | Train Acc: 90.44%
Val: loss=0.3783, acc=10558/10975 (96.20%)
Epoch 141 [0/84843] Loss: 0.356427
Epoch 141 [35000/84843] Loss: 0.353176
Epoch 141 [70000/84843] Loss: 0.791752
Epoch 141 - Avg Loss: 0.508233 | Train Acc: 90.66%
Val: loss=0.3753, acc=10550/10975 (96.13%)
Epoch 142 [0/84843] Loss: 0.352660
Epoch 142 [35000/84843] Loss: 0.698221
Epoch 142 [70000/84843] Loss: 0.724112
Epoch 142 - Avg Loss: 0.518588 | Train Acc: 90.09%
Val: loss=0.3808, acc=10529/10975 (95.94%)
Epoch 143 [0/84843] Loss: 0.808532
Epoch 143 [35000/84843] Loss: 0.786964
Epoch 143 [70000/84843] Loss: 0.345187
Epoch 143 - Avg Loss: 0.514276 | Train Acc: 90.34%
Val: loss=0.3828, acc=10537/10975 (96.01%)
Epoch 144 [0/84843] Loss: 0.593093
Epoch 144 [35000/84843] Loss: 0.399280
Epoch 144 [70000/84843] Loss: 0.384310
Epoch 144 - Avg Loss: 0.509630 | Train Acc: 90.54%
Val: loss=0.3763, acc=10539/10975 (96.03%)
Epoch 145 [0/84843] Loss: 0.324955
Epoch 145 [35000/84843] Loss: 0.576475
Epoch 145 [70000/84843] Loss: 0.568059
Epoch 145 - Avg Loss: 0.507571 | Train Acc: 90.62%
Val: loss=0.3775, acc=10543/10975 (96.06%)
Epoch 146 [0/84843] Loss: 0.434782
Epoch 146 [35000/84843] Loss: 0.682087
Epoch 146 [70000/84843] Loss: 0.407702
Epoch 146 - Avg Loss: 0.511152 | Train Acc: 90.55%
Val: loss=0.3746, acc=10558/10975 (96.20%)
Epoch 147 [0/84843] Loss: 0.762994
Epoch 147 [35000/84843] Loss: 0.457251
Epoch 147 [70000/84843] Loss: 0.478417
Epoch 147 - Avg Loss: 0.510497 | Train Acc: 90.48%
Val: loss=0.3750, acc=10558/10975 (96.20%)
Epoch 148 [0/84843] Loss: 0.458183
Epoch 148 [35000/84843] Loss: 0.520605
Epoch 148 [70000/84843] Loss: 0.495943
Epoch 148 - Avg Loss: 0.509521 | Train Acc: 90.53%
Val: loss=0.3742, acc=10572/10975 (96.33%)
Epoch 149 [0/84843] Loss: 0.690103
Epoch 149 [35000/84843] Loss: 0.419278
Epoch 149 [70000/84843] Loss: 0.386169
Epoch 149 - Avg Loss: 0.505723 | Train Acc: 90.73%
Val: loss=0.3750, acc=10573/10975 (96.34%)
Epoch 150 [0/84843] Loss: 0.459556
Epoch 150 [35000/84843] Loss: 0.520335
Epoch 150 [70000/84843] Loss: 0.543488
Epoch 150 - Avg Loss: 0.513790 | Train Acc: 90.42%
Val: loss=0.3777, acc=10560/10975 (96.22%)
Epoch 151 [0/84843] Loss: 0.571581
Epoch 151 [35000/84843] Loss: 0.678991
Epoch 151 [70000/84843] Loss: 0.601940
Epoch 151 - Avg Loss: 0.510630 | Train Acc: 90.56%
Val: loss=0.3756, acc=10560/10975 (96.22%)
Epoch 152 [0/84843] Loss: 0.597627
Epoch 152 [35000/84843] Loss: 0.351276
Epoch 152 [70000/84843] Loss: 0.376301
Epoch 152 - Avg Loss: 0.510706 | Train Acc: 90.36%
Val: loss=0.3766, acc=10545/10975 (96.08%)
Epoch 153 [0/84843] Loss: 0.670562
Epoch 153 [35000/84843] Loss: 0.327857
Epoch 153 [70000/84843] Loss: 0.457540
Epoch 153 - Avg Loss: 0.505507 | Train Acc: 90.70%
Val: loss=0.3737, acc=10568/10975 (96.29%)
Epoch 154 [0/84843] Loss: 0.377221
Epoch 154 [35000/84843] Loss: 0.364134
Epoch 154 [70000/84843] Loss: 0.767563
Epoch 154 - Avg Loss: 0.507460 | Train Acc: 90.64%
Val: loss=0.3838, acc=10517/10975 (95.83%)
Epoch 155 [0/84843] Loss: 0.776005
Epoch 155 [35000/84843] Loss: 0.852437
Epoch 155 [70000/84843] Loss: 0.443297
Epoch 155 - Avg Loss: 0.513252 | Train Acc: 90.38%
Val: loss=0.3852, acc=10508/10975 (95.74%)
Epoch 156 [0/84843] Loss: 0.458651
Epoch 156 [35000/84843] Loss: 0.490802
Epoch 156 [70000/84843] Loss: 0.463612
Epoch 156 - Avg Loss: 0.509149 | Train Acc: 90.56%
Val: loss=0.3773, acc=10548/10975 (96.11%)
Epoch 157 [0/84843] Loss: 0.466026
Epoch 157 [35000/84843] Loss: 0.485340
Epoch 157 [70000/84843] Loss: 0.790452
Epoch 157 - Avg Loss: 0.503972 | Train Acc: 90.77%
Val: loss=0.3777, acc=10546/10975 (96.09%)
Epoch 158 [0/84843] Loss: 0.449063
Epoch 158 [35000/84843] Loss: 0.301724
Epoch 158 [70000/84843] Loss: 0.308460
Epoch 158 - Avg Loss: 0.504825 | Train Acc: 90.74%
Val: loss=0.3786, acc=10538/10975 (96.02%)
Epoch 159 [0/84843] Loss: 0.643933
Epoch 159 [35000/84843] Loss: 0.492539
Epoch 159 [70000/84843] Loss: 0.548268
Epoch 159 - Avg Loss: 0.506627 | Train Acc: 90.60%
Val: loss=0.3780, acc=10547/10975 (96.10%)
Epoch 160 [0/84843] Loss: 0.572089
Epoch 160 [35000/84843] Loss: 0.968083
Epoch 160 [70000/84843] Loss: 0.347587
Epoch 160 - Avg Loss: 0.501235 | Train Acc: 90.93%
Val: loss=0.3783, acc=10547/10975 (96.10%)
Epoch 161 [0/84843] Loss: 0.395372
Epoch 161 [35000/84843] Loss: 0.919282
Epoch 161 [70000/84843] Loss: 0.353763
Epoch 161 - Avg Loss: 0.509779 | Train Acc: 90.59%
Val: loss=0.3811, acc=10536/10975 (96.00%)
Epoch 162 [0/84843] Loss: 0.954548
Epoch 162 [35000/84843] Loss: 0.426254
Epoch 162 [70000/84843] Loss: 0.654801
Epoch 162 - Avg Loss: 0.510413 | Train Acc: 90.48%
Val: loss=0.3746, acc=10553/10975 (96.15%)
Epoch 163 [0/84843] Loss: 0.835393
Epoch 163 [35000/84843] Loss: 0.364543
Epoch 163 [70000/84843] Loss: 0.519799
Epoch 163 - Avg Loss: 0.500129 | Train Acc: 90.88%
Val: loss=0.3783, acc=10554/10975 (96.16%)
Epoch 164 [0/84843] Loss: 0.543015
Epoch 164 [35000/84843] Loss: 0.356124
Epoch 164 [70000/84843] Loss: 0.552185
Epoch 164 - Avg Loss: 0.498939 | Train Acc: 90.92%
Val: loss=0.3816, acc=10538/10975 (96.02%)
Epoch 165 [0/84843] Loss: 0.412645
Epoch 165 [35000/84843] Loss: 0.644678
Epoch 165 [70000/84843] Loss: 0.667314
Epoch 165 - Avg Loss: 0.500629 | Train Acc: 90.86%
Val: loss=0.3739, acc=10559/10975 (96.21%)
Epoch 166 [0/84843] Loss: 0.384822
Epoch 166 [35000/84843] Loss: 0.393627
Epoch 166 [70000/84843] Loss: 0.814449
Epoch 166 - Avg Loss: 0.512130 | Train Acc: 90.48%
Val: loss=0.3735, acc=10561/10975 (96.23%)
Epoch 167 [0/84843] Loss: 0.491893
Epoch 167 [35000/84843] Loss: 0.896629
Epoch 167 [70000/84843] Loss: 0.438483
Epoch 167 - Avg Loss: 0.499397 | Train Acc: 90.87%
Val: loss=0.3766, acc=10556/10975 (96.18%)
Epoch 168 [0/84843] Loss: 0.301935
Epoch 168 [35000/84843] Loss: 0.349960
Epoch 168 [70000/84843] Loss: 0.427837
Epoch 168 - Avg Loss: 0.499889 | Train Acc: 90.84%
Val: loss=0.3765, acc=10553/10975 (96.15%)
Epoch 169 [0/84843] Loss: 0.643964
Epoch 169 [35000/84843] Loss: 0.337764
Epoch 169 [70000/84843] Loss: 0.498129
Epoch 169 - Avg Loss: 0.505903 | Train Acc: 90.60%
Val: loss=0.3785, acc=10534/10975 (95.98%)
Epoch 170 [0/84843] Loss: 0.372883
Epoch 170 [35000/84843] Loss: 0.376899
Epoch 170 [70000/84843] Loss: 0.542331
Epoch 170 - Avg Loss: 0.503091 | Train Acc: 90.73%
Val: loss=0.3735, acc=10563/10975 (96.25%)
Epoch 171 [0/84843] Loss: 0.307584
Epoch 171 [35000/84843] Loss: 0.354641
Epoch 171 [70000/84843] Loss: 0.380863
Epoch 171 - Avg Loss: 0.501225 | Train Acc: 90.80%
Val: loss=0.3723, acc=10578/10975 (96.38%)
saved best: 96.38%
Epoch 172 [0/84843] Loss: 0.697521
Epoch 172 [35000/84843] Loss: 0.633022
Epoch 172 [70000/84843] Loss: 0.952180
Epoch 172 - Avg Loss: 0.501245 | Train Acc: 90.83%
Val: loss=0.3784, acc=10546/10975 (96.09%)
Epoch 173 [0/84843] Loss: 0.684112
Epoch 173 [35000/84843] Loss: 1.011989
Epoch 173 [70000/84843] Loss: 0.323530
Epoch 173 - Avg Loss: 0.499978 | Train Acc: 90.94%
Val: loss=0.3795, acc=10540/10975 (96.04%)
Epoch 174 [0/84843] Loss: 0.694613
Epoch 174 [35000/84843] Loss: 0.492542
Epoch 174 [70000/84843] Loss: 0.757527
Epoch 174 - Avg Loss: 0.495041 | Train Acc: 91.12%
Val: loss=0.3808, acc=10529/10975 (95.94%)
Epoch 175 [0/84843] Loss: 0.479348
Epoch 175 [35000/84843] Loss: 0.438389
Epoch 175 [70000/84843] Loss: 0.374773
Epoch 175 - Avg Loss: 0.502937 | Train Acc: 90.73%
Val: loss=0.3788, acc=10551/10975 (96.14%)
Epoch 176 [0/84843] Loss: 0.453736
Epoch 176 [35000/84843] Loss: 0.356667
Epoch 176 [70000/84843] Loss: 0.375043
Epoch 176 - Avg Loss: 0.504834 | Train Acc: 90.65%
Val: loss=0.3782, acc=10524/10975 (95.89%)
Epoch 177 [0/84843] Loss: 0.397731
Epoch 177 [35000/84843] Loss: 0.610127
Epoch 177 [70000/84843] Loss: 0.417624
Epoch 177 - Avg Loss: 0.494540 | Train Acc: 91.07%
Val: loss=0.3777, acc=10536/10975 (96.00%)
Epoch 178 [0/84843] Loss: 0.543779
Epoch 178 [35000/84843] Loss: 0.379064
Epoch 178 [70000/84843] Loss: 0.415662
Epoch 178 - Avg Loss: 0.500738 | Train Acc: 90.78%
Val: loss=0.3721, acc=10557/10975 (96.19%)
Epoch 179 [0/84843] Loss: 0.452609
Epoch 179 [35000/84843] Loss: 0.721698
Epoch 179 [70000/84843] Loss: 0.489558
Epoch 179 - Avg Loss: 0.491302 | Train Acc: 91.20%
Val: loss=0.3727, acc=10577/10975 (96.37%)
Epoch 180 [0/84843] Loss: 0.526302
Epoch 180 [35000/84843] Loss: 0.387390
Epoch 180 [70000/84843] Loss: 0.887740
Epoch 180 - Avg Loss: 0.494388 | Train Acc: 91.14%
Val: loss=0.3760, acc=10547/10975 (96.10%)
Epoch 181 [0/84843] Loss: 0.324481
Epoch 181 [35000/84843] Loss: 0.336939
Epoch 181 [70000/84843] Loss: 0.498169
Epoch 181 - Avg Loss: 0.503203 | Train Acc: 90.77%
Val: loss=0.3753, acc=10567/10975 (96.28%)
Epoch 182 [0/84843] Loss: 0.432109
Epoch 182 [35000/84843] Loss: 0.322422
Epoch 182 [70000/84843] Loss: 0.520459
Epoch 182 - Avg Loss: 0.502625 | Train Acc: 90.72%
Val: loss=0.3789, acc=10545/10975 (96.08%)
Epoch 183 [0/84843] Loss: 0.565158
Epoch 183 [35000/84843] Loss: 0.351425
Epoch 183 [70000/84843] Loss: 0.374270
Epoch 183 - Avg Loss: 0.495789 | Train Acc: 91.08%
Val: loss=0.3735, acc=10556/10975 (96.18%)
Epoch 184 [0/84843] Loss: 0.561905
Epoch 184 [35000/84843] Loss: 0.407238
Epoch 184 [70000/84843] Loss: 0.365957
Epoch 184 - Avg Loss: 0.493947 | Train Acc: 91.12%
Val: loss=0.3788, acc=10544/10975 (96.07%)
Epoch 185 [0/84843] Loss: 0.689175
Epoch 185 [35000/84843] Loss: 0.671876
Epoch 185 [70000/84843] Loss: 0.490756
Epoch 185 - Avg Loss: 0.496097 | Train Acc: 91.10%
Val: loss=0.3738, acc=10572/10975 (96.33%)
Epoch 186 [0/84843] Loss: 0.403672
Epoch 186 [35000/84843] Loss: 0.483631
Epoch 186 [70000/84843] Loss: 0.713689
Epoch 186 - Avg Loss: 0.497305 | Train Acc: 90.97%
Val: loss=0.3736, acc=10571/10975 (96.32%)
Epoch 187 [0/84843] Loss: 0.531845
Epoch 187 [35000/84843] Loss: 0.381184
Epoch 187 [70000/84843] Loss: 0.414034
Epoch 187 - Avg Loss: 0.501002 | Train Acc: 90.81%
Val: loss=0.3815, acc=10530/10975 (95.95%)
Epoch 188 [0/84843] Loss: 0.365921
Epoch 188 [35000/84843] Loss: 0.337419
Epoch 188 [70000/84843] Loss: 0.426936
Epoch 188 - Avg Loss: 0.498656 | Train Acc: 90.97%
Val: loss=0.3755, acc=10533/10975 (95.97%)
Epoch 189 [0/84843] Loss: 0.634924
Epoch 189 [35000/84843] Loss: 0.368231
Epoch 189 [70000/84843] Loss: 0.512921
Epoch 189 - Avg Loss: 0.502150 | Train Acc: 90.84%
Val: loss=0.3762, acc=10570/10975 (96.31%)
Epoch 190 [0/84843] Loss: 0.769073
Epoch 190 [35000/84843] Loss: 0.829914
Epoch 190 [70000/84843] Loss: 0.750119
Epoch 190 - Avg Loss: 0.497214 | Train Acc: 90.95%
Val: loss=0.3749, acc=10557/10975 (96.19%)
Epoch 191 [0/84843] Loss: 0.515672
Epoch 191 [35000/84843] Loss: 0.525334
Epoch 191 [70000/84843] Loss: 0.389850
Epoch 191 - Avg Loss: 0.488202 | Train Acc: 91.39%
Val: loss=0.3729, acc=10557/10975 (96.19%)
Epoch 192 [0/84843] Loss: 0.592284
Epoch 192 [35000/84843] Loss: 0.455896
Epoch 192 [70000/84843] Loss: 0.536040
Epoch 192 - Avg Loss: 0.498189 | Train Acc: 90.88%
Val: loss=0.3791, acc=10529/10975 (95.94%)
Epoch 193 [0/84843] Loss: 0.631246
Epoch 193 [35000/84843] Loss: 0.521238
Epoch 193 [70000/84843] Loss: 0.432797
Epoch 193 - Avg Loss: 0.486281 | Train Acc: 91.51%
Val: loss=0.3709, acc=10570/10975 (96.31%)
Epoch 194 [0/84843] Loss: 0.650684
Epoch 194 [35000/84843] Loss: 0.497767
Epoch 194 [70000/84843] Loss: 0.463576
Epoch 194 - Avg Loss: 0.498324 | Train Acc: 90.91%
Val: loss=0.3724, acc=10565/10975 (96.26%)
Epoch 195 [0/84843] Loss: 0.766565
Epoch 195 [35000/84843] Loss: 0.429603
Epoch 195 [70000/84843] Loss: 0.466749
Epoch 195 - Avg Loss: 0.492024 | Train Acc: 91.16%
Val: loss=0.3719, acc=10574/10975 (96.35%)
Epoch 196 [0/84843] Loss: 0.359708
Epoch 196 [35000/84843] Loss: 0.769844
Epoch 196 [70000/84843] Loss: 0.510822
Epoch 196 - Avg Loss: 0.496765 | Train Acc: 90.96%
Val: loss=0.3732, acc=10575/10975 (96.36%)
Epoch 197 [0/84843] Loss: 0.421125
Epoch 197 [35000/84843] Loss: 0.335491
Epoch 197 [70000/84843] Loss: 0.512460
Epoch 197 - Avg Loss: 0.490560 | Train Acc: 91.22%
Val: loss=0.3807, acc=10543/10975 (96.06%)
Epoch 198 [0/84843] Loss: 0.342273
Epoch 198 [35000/84843] Loss: 0.406531
Epoch 198 [70000/84843] Loss: 0.492836
Epoch 198 - Avg Loss: 0.499218 | Train Acc: 90.92%
Val: loss=0.3707, acc=10577/10975 (96.37%)
Epoch 199 [0/84843] Loss: 0.290682
Epoch 199 [35000/84843] Loss: 0.446006
Epoch 199 [70000/84843] Loss: 0.489797
Epoch 199 - Avg Loss: 0.491349 | Train Acc: 91.18%
Val: loss=0.3774, acc=10564/10975 (96.26%)
Epoch 200 [0/84843] Loss: 0.591247
Epoch 200 [35000/84843] Loss: 0.620401
Epoch 200 [70000/84843] Loss: 0.472630
Epoch 200 - Avg Loss: 0.491702 | Train Acc: 91.22%
Val: loss=0.3712, acc=10577/10975 (96.37%)
Epoch 201 [0/84843] Loss: 0.326378
Epoch 201 [35000/84843] Loss: 0.342912
Epoch 201 [70000/84843] Loss: 0.554783
Epoch 201 - Avg Loss: 0.491336 | Train Acc: 91.14%
Val: loss=0.3736, acc=10570/10975 (96.31%)
Epoch 202 [0/84843] Loss: 0.374750
Epoch 202 [35000/84843] Loss: 0.407430
Epoch 202 [70000/84843] Loss: 0.566436
Epoch 202 - Avg Loss: 0.484286 | Train Acc: 91.54%
Val: loss=0.3711, acc=10568/10975 (96.29%)
Epoch 203 [0/84843] Loss: 0.502173
Epoch 203 [35000/84843] Loss: 0.648361
Epoch 203 [70000/84843] Loss: 0.504478
Epoch 203 - Avg Loss: 0.494499 | Train Acc: 91.16%
Val: loss=0.3738, acc=10558/10975 (96.20%)
Epoch 204 [0/84843] Loss: 0.739355
Epoch 204 [35000/84843] Loss: 0.344571
Epoch 204 [70000/84843] Loss: 0.494331
Epoch 204 - Avg Loss: 0.496668 | Train Acc: 91.04%
Val: loss=0.3698, acc=10582/10975 (96.42%)
saved best: 96.42%
Epoch 205 [0/84843] Loss: 0.414660
Epoch 205 [35000/84843] Loss: 0.457696
Epoch 205 [70000/84843] Loss: 0.610824
Epoch 205 - Avg Loss: 0.483225 | Train Acc: 91.50%
Val: loss=0.3653, acc=10603/10975 (96.61%)
saved best: 96.61%
Epoch 206 [0/84843] Loss: 0.377246
Epoch 206 [35000/84843] Loss: 0.332458
Epoch 206 [70000/84843] Loss: 0.631661
Epoch 206 - Avg Loss: 0.491252 | Train Acc: 91.25%
Val: loss=0.3707, acc=10563/10975 (96.25%)
Epoch 207 [0/84843] Loss: 0.499401
Epoch 207 [35000/84843] Loss: 0.480019
Epoch 207 [70000/84843] Loss: 0.825592
Epoch 207 - Avg Loss: 0.488064 | Train Acc: 91.37%
Val: loss=0.3701, acc=10563/10975 (96.25%)
Epoch 208 [0/84843] Loss: 0.298259
Epoch 208 [35000/84843] Loss: 0.676356
Epoch 208 [70000/84843] Loss: 0.565371
Epoch 208 - Avg Loss: 0.490245 | Train Acc: 91.28%
Val: loss=0.3733, acc=10558/10975 (96.20%)
Epoch 209 [0/84843] Loss: 0.593246
Epoch 209 [35000/84843] Loss: 0.442963
Epoch 209 [70000/84843] Loss: 0.399320
Epoch 209 - Avg Loss: 0.485926 | Train Acc: 91.40%
Val: loss=0.3704, acc=10587/10975 (96.46%)
Epoch 210 [0/84843] Loss: 0.490854
Epoch 210 [35000/84843] Loss: 0.448145
Epoch 210 [70000/84843] Loss: 0.394234
Epoch 210 - Avg Loss: 0.489325 | Train Acc: 91.24%
Val: loss=0.3734, acc=10559/10975 (96.21%)
Epoch 211 [0/84843] Loss: 0.711224
Epoch 211 [35000/84843] Loss: 0.520409
Epoch 211 [70000/84843] Loss: 0.345832
Epoch 211 - Avg Loss: 0.488501 | Train Acc: 91.36%
Val: loss=0.3689, acc=10568/10975 (96.29%)
Epoch 212 [0/84843] Loss: 0.301519
Epoch 212 [35000/84843] Loss: 0.656847
Epoch 212 [70000/84843] Loss: 0.434301
Epoch 212 - Avg Loss: 0.491905 | Train Acc: 91.15%
Val: loss=0.3673, acc=10582/10975 (96.42%)
Epoch 213 [0/84843] Loss: 0.575838
Epoch 213 [35000/84843] Loss: 0.388983
Epoch 213 [70000/84843] Loss: 0.446395
Epoch 213 - Avg Loss: 0.489770 | Train Acc: 91.25%
Val: loss=0.3704, acc=10577/10975 (96.37%)
Epoch 214 [0/84843] Loss: 0.302591
Epoch 214 [35000/84843] Loss: 0.418273
Epoch 214 [70000/84843] Loss: 0.451854
Epoch 214 - Avg Loss: 0.492164 | Train Acc: 91.15%
Val: loss=0.3681, acc=10572/10975 (96.33%)
Epoch 215 [0/84843] Loss: 0.501678
Epoch 215 [35000/84843] Loss: 0.657585
Epoch 215 [70000/84843] Loss: 0.453975
Epoch 215 - Avg Loss: 0.491613 | Train Acc: 91.20%
Val: loss=0.3698, acc=10593/10975 (96.52%)
Epoch 216 [0/84843] Loss: 0.518207
Epoch 216 [35000/84843] Loss: 0.428707
Epoch 216 [70000/84843] Loss: 0.624434
Epoch 216 - Avg Loss: 0.482386 | Train Acc: 91.58%
Val: loss=0.3704, acc=10575/10975 (96.36%)
Epoch 217 [0/84843] Loss: 0.280779
Epoch 217 [35000/84843] Loss: 0.315241
Epoch 217 [70000/84843] Loss: 0.499961
Epoch 217 - Avg Loss: 0.488279 | Train Acc: 91.32%
Val: loss=0.3691, acc=10565/10975 (96.26%)
Epoch 218 [0/84843] Loss: 0.454310
Epoch 218 [35000/84843] Loss: 0.300996
Epoch 218 [70000/84843] Loss: 0.480047
Epoch 218 - Avg Loss: 0.486334 | Train Acc: 91.39%
Val: loss=0.3727, acc=10565/10975 (96.26%)
Epoch 219 [0/84843] Loss: 0.363288
Epoch 219 [35000/84843] Loss: 0.462134
Epoch 219 [70000/84843] Loss: 0.487868
Epoch 219 - Avg Loss: 0.493863 | Train Acc: 91.11%
Val: loss=0.3696, acc=10575/10975 (96.36%)
Epoch 220 [0/84843] Loss: 0.709130
Epoch 220 [35000/84843] Loss: 0.429442
Epoch 220 [70000/84843] Loss: 0.298582
Epoch 220 - Avg Loss: 0.483907 | Train Acc: 91.51%
Val: loss=0.3733, acc=10561/10975 (96.23%)
Epoch 221 [0/84843] Loss: 0.341968
Epoch 221 [35000/84843] Loss: 0.792034
Epoch 221 [70000/84843] Loss: 0.473821
Epoch 221 - Avg Loss: 0.484240 | Train Acc: 91.55%
Val: loss=0.3693, acc=10592/10975 (96.51%)
Epoch 222 [0/84843] Loss: 0.473016
Epoch 222 [35000/84843] Loss: 0.697680
Epoch 222 [70000/84843] Loss: 0.365302
Epoch 222 - Avg Loss: 0.487812 | Train Acc: 91.42%
Val: loss=0.3759, acc=10554/10975 (96.16%)
Epoch 223 [0/84843] Loss: 0.409073
Epoch 223 [35000/84843] Loss: 0.397665
Epoch 223 [70000/84843] Loss: 0.377865
Epoch 223 - Avg Loss: 0.485542 | Train Acc: 91.37%
Val: loss=0.3696, acc=10563/10975 (96.25%)
Epoch 224 [0/84843] Loss: 0.415024
Epoch 224 [35000/84843] Loss: 0.412812
Epoch 224 [70000/84843] Loss: 0.610441
Epoch 224 - Avg Loss: 0.488531 | Train Acc: 91.28%
Val: loss=0.3697, acc=10577/10975 (96.37%)
Epoch 225 [0/84843] Loss: 0.395653
Epoch 225 [35000/84843] Loss: 0.313785
Epoch 225 [70000/84843] Loss: 0.498691
Epoch 225 - Avg Loss: 0.493669 | Train Acc: 91.16%
Val: loss=0.3750, acc=10558/10975 (96.20%)
Epoch 226 [0/84843] Loss: 0.452469
Epoch 226 [35000/84843] Loss: 0.345240
Epoch 226 [70000/84843] Loss: 0.532770
Epoch 226 - Avg Loss: 0.492191 | Train Acc: 91.15%
Val: loss=0.3743, acc=10560/10975 (96.22%)
Epoch 227 [0/84843] Loss: 0.325705
Epoch 227 [35000/84843] Loss: 0.561778
Epoch 227 [70000/84843] Loss: 0.291722
Epoch 227 - Avg Loss: 0.488079 | Train Acc: 91.35%
Val: loss=0.3692, acc=10586/10975 (96.46%)
Epoch 228 [0/84843] Loss: 0.656739
Epoch 228 [35000/84843] Loss: 0.338915
Epoch 228 [70000/84843] Loss: 0.370465
Epoch 228 - Avg Loss: 0.487118 | Train Acc: 91.40%
Val: loss=0.3722, acc=10572/10975 (96.33%)
Epoch 229 [0/84843] Loss: 0.375232
Epoch 229 [35000/84843] Loss: 0.540193
Epoch 229 [70000/84843] Loss: 0.428217
Epoch 229 - Avg Loss: 0.480156 | Train Acc: 91.58%
Val: loss=0.3640, acc=10607/10975 (96.65%)
saved best: 96.65%
Epoch 230 [0/84843] Loss: 0.445029
Epoch 230 [35000/84843] Loss: 0.411752
Epoch 230 [70000/84843] Loss: 0.430241
Epoch 230 - Avg Loss: 0.488317 | Train Acc: 91.30%
Val: loss=0.3687, acc=10573/10975 (96.34%)
Epoch 231 [0/84843] Loss: 0.357490
Epoch 231 [35000/84843] Loss: 0.376687
Epoch 231 [70000/84843] Loss: 0.282271
Epoch 231 - Avg Loss: 0.484679 | Train Acc: 91.43%
Val: loss=0.3683, acc=10574/10975 (96.35%)
Epoch 232 [0/84843] Loss: 0.299905
Epoch 232 [35000/84843] Loss: 0.283309
Epoch 232 [70000/84843] Loss: 0.302284
Epoch 232 - Avg Loss: 0.483989 | Train Acc: 91.54%
Val: loss=0.3702, acc=10559/10975 (96.21%)
Epoch 233 [0/84843] Loss: 0.422045
Epoch 233 [35000/84843] Loss: 0.376053
Epoch 233 [70000/84843] Loss: 0.512180
Epoch 233 - Avg Loss: 0.486085 | Train Acc: 91.39%
Val: loss=0.3712, acc=10591/10975 (96.50%)
Epoch 234 [0/84843] Loss: 0.416114
Epoch 234 [35000/84843] Loss: 0.428785
Epoch 234 [70000/84843] Loss: 0.393817
Epoch 234 - Avg Loss: 0.489785 | Train Acc: 91.26%
Val: loss=0.3718, acc=10570/10975 (96.31%)
Epoch 235 [0/84843] Loss: 0.337163
Epoch 235 [35000/84843] Loss: 0.448279
Epoch 235 [70000/84843] Loss: 0.295938
Epoch 235 - Avg Loss: 0.476191 | Train Acc: 91.79%
Val: loss=0.3710, acc=10561/10975 (96.23%)
Epoch 236 [0/84843] Loss: 0.814269
Epoch 236 [35000/84843] Loss: 0.514633
Epoch 236 [70000/84843] Loss: 0.463327
Epoch 236 - Avg Loss: 0.484916 | Train Acc: 91.37%
Val: loss=0.3698, acc=10569/10975 (96.30%)
Epoch 237 [0/84843] Loss: 0.694022
Epoch 237 [35000/84843] Loss: 0.610175
Epoch 237 [70000/84843] Loss: 0.356835
Epoch 237 - Avg Loss: 0.481685 | Train Acc: 91.61%
Val: loss=0.3757, acc=10550/10975 (96.13%)
Epoch 238 [0/84843] Loss: 0.383840
Epoch 238 [35000/84843] Loss: 0.650786
Epoch 238 [70000/84843] Loss: 0.938813
Epoch 238 - Avg Loss: 0.481998 | Train Acc: 91.56%
Val: loss=0.3739, acc=10566/10975 (96.27%)
Epoch 239 [0/84843] Loss: 0.523347
Epoch 239 [35000/84843] Loss: 0.471911
Epoch 239 [70000/84843] Loss: 0.347679
Epoch 239 - Avg Loss: 0.486803 | Train Acc: 91.38%
Val: loss=0.3713, acc=10572/10975 (96.33%)
Epoch 240 [0/84843] Loss: 0.534513
Epoch 240 [35000/84843] Loss: 0.411892
Epoch 240 [70000/84843] Loss: 0.679920
Epoch 240 - Avg Loss: 0.486658 | Train Acc: 91.33%
Val: loss=0.3710, acc=10554/10975 (96.16%)
Epoch 241 [0/84843] Loss: 0.338118
Epoch 241 [35000/84843] Loss: 0.586816
Epoch 241 [70000/84843] Loss: 0.829301
Epoch 241 - Avg Loss: 0.490355 | Train Acc: 91.19%
Val: loss=0.3690, acc=10572/10975 (96.33%)
Epoch 242 [0/84843] Loss: 0.609129
Epoch 242 [35000/84843] Loss: 0.357532
Epoch 242 [70000/84843] Loss: 0.309381
Epoch 242 - Avg Loss: 0.481365 | Train Acc: 91.62%
Val: loss=0.3633, acc=10613/10975 (96.70%)
saved best: 96.70%
Epoch 243 [0/84843] Loss: 0.330117
Epoch 243 [35000/84843] Loss: 0.577767
Epoch 243 [70000/84843] Loss: 0.870060
Epoch 243 - Avg Loss: 0.477188 | Train Acc: 91.71%
Val: loss=0.3629, acc=10596/10975 (96.55%)
Epoch 244 [0/84843] Loss: 0.554807
Epoch 244 [35000/84843] Loss: 0.370751
Epoch 244 [70000/84843] Loss: 0.370174
Epoch 244 - Avg Loss: 0.481151 | Train Acc: 91.58%
Val: loss=0.3685, acc=10590/10975 (96.49%)
Epoch 245 [0/84843] Loss: 0.627829
Epoch 245 [35000/84843] Loss: 0.381569
Epoch 245 [70000/84843] Loss: 0.333155
Epoch 245 - Avg Loss: 0.479381 | Train Acc: 91.62%
Val: loss=0.3688, acc=10582/10975 (96.42%)
Epoch 246 [0/84843] Loss: 0.368814
Epoch 246 [35000/84843] Loss: 0.374100
Epoch 246 [70000/84843] Loss: 0.993028
Epoch 246 - Avg Loss: 0.480603 | Train Acc: 91.65%
Val: loss=0.3683, acc=10581/10975 (96.41%)
Epoch 247 [0/84843] Loss: 0.587982
Epoch 247 [35000/84843] Loss: 0.355113
Epoch 247 [70000/84843] Loss: 0.381689
Epoch 247 - Avg Loss: 0.479048 | Train Acc: 91.67%
Val: loss=0.3699, acc=10567/10975 (96.28%)
Epoch 248 [0/84843] Loss: 0.718878
Epoch 248 [35000/84843] Loss: 0.599577
Epoch 248 [70000/84843] Loss: 0.474860
Epoch 248 - Avg Loss: 0.479094 | Train Acc: 91.75%
Val: loss=0.3668, acc=10590/10975 (96.49%)
Epoch 249 [0/84843] Loss: 0.768619
Epoch 249 [35000/84843] Loss: 0.327323
Epoch 249 [70000/84843] Loss: 0.418434
Epoch 249 - Avg Loss: 0.478820 | Train Acc: 91.59%
Val: loss=0.3656, acc=10582/10975 (96.42%)
Epoch 250 [0/84843] Loss: 0.773624
Epoch 250 [35000/84843] Loss: 0.615375
Epoch 250 [70000/84843] Loss: 0.331906
Epoch 250 - Avg Loss: 0.486641 | Train Acc: 91.35%
Val: loss=0.3639, acc=10608/10975 (96.66%)
Epoch 251 [0/84843] Loss: 0.463406
Epoch 251 [35000/84843] Loss: 0.675215
Epoch 251 [70000/84843] Loss: 0.555534
Epoch 251 - Avg Loss: 0.477821 | Train Acc: 91.69%
Val: loss=0.3699, acc=10586/10975 (96.46%)
Epoch 252 [0/84843] Loss: 0.429803
Epoch 252 [35000/84843] Loss: 0.715066
Epoch 252 [70000/84843] Loss: 0.542225
Epoch 252 - Avg Loss: 0.480539 | Train Acc: 91.61%
Val: loss=0.3655, acc=10587/10975 (96.46%)
Epoch 253 [0/84843] Loss: 0.308492
Epoch 253 [35000/84843] Loss: 0.538425
Epoch 253 [70000/84843] Loss: 0.408463
Epoch 253 - Avg Loss: 0.479408 | Train Acc: 91.54%
Val: loss=0.3669, acc=10586/10975 (96.46%)
Epoch 254 [0/84843] Loss: 0.465945
Epoch 254 [35000/84843] Loss: 0.368450
Epoch 254 [70000/84843] Loss: 0.408412
Epoch 254 - Avg Loss: 0.473966 | Train Acc: 91.86%
Val: loss=0.3658, acc=10590/10975 (96.49%)
Epoch 255 [0/84843] Loss: 0.333126
Epoch 255 [35000/84843] Loss: 0.505214
Epoch 255 [70000/84843] Loss: 0.328781
Epoch 255 - Avg Loss: 0.484002 | Train Acc: 91.47%
Val: loss=0.3655, acc=10586/10975 (96.46%)
Epoch 256 [0/84843] Loss: 0.348035
Epoch 256 [35000/84843] Loss: 0.379147
Epoch 256 [70000/84843] Loss: 0.389674
Epoch 256 - Avg Loss: 0.475656 | Train Acc: 91.82%
Val: loss=0.3672, acc=10591/10975 (96.50%)
Epoch 257 [0/84843] Loss: 0.614773
Epoch 257 [35000/84843] Loss: 0.469110
Epoch 257 [70000/84843] Loss: 0.292785
Epoch 257 - Avg Loss: 0.481689 | Train Acc: 91.59%
Val: loss=0.3660, acc=10586/10975 (96.46%)
Epoch 258 [0/84843] Loss: 0.427367
Epoch 258 [35000/84843] Loss: 0.305629
Epoch 258 [70000/84843] Loss: 0.424156
Epoch 258 - Avg Loss: 0.479795 | Train Acc: 91.62%
Val: loss=0.3674, acc=10574/10975 (96.35%)
Epoch 259 [0/84843] Loss: 0.326835
Epoch 259 [35000/84843] Loss: 0.370824
Epoch 259 [70000/84843] Loss: 0.378912
Epoch 259 - Avg Loss: 0.475516 | Train Acc: 91.79%
Val: loss=0.3662, acc=10583/10975 (96.43%)
Epoch 260 [0/84843] Loss: 0.400342
Epoch 260 [35000/84843] Loss: 0.297735
Epoch 260 [70000/84843] Loss: 0.411818
Epoch 260 - Avg Loss: 0.468450 | Train Acc: 92.13%
Val: loss=0.3675, acc=10574/10975 (96.35%)
Epoch 261 [0/84843] Loss: 0.303919
Epoch 261 [35000/84843] Loss: 0.372779
Epoch 261 [70000/84843] Loss: 0.650366
Epoch 261 - Avg Loss: 0.483848 | Train Acc: 91.46%
Val: loss=0.3673, acc=10586/10975 (96.46%)
Epoch 262 [0/84843] Loss: 0.462979
Epoch 262 [35000/84843] Loss: 0.882836
Epoch 262 [70000/84843] Loss: 0.332038
Epoch 262 - Avg Loss: 0.477599 | Train Acc: 91.70%
Val: loss=0.3666, acc=10589/10975 (96.48%)
Epoch 263 [0/84843] Loss: 0.623771
Epoch 263 [35000/84843] Loss: 0.553231
Epoch 263 [70000/84843] Loss: 0.531225
Epoch 263 - Avg Loss: 0.471874 | Train Acc: 91.92%
Val: loss=0.3689, acc=10577/10975 (96.37%)
Epoch 264 [0/84843] Loss: 0.536515
Epoch 264 [35000/84843] Loss: 0.298194
Epoch 264 [70000/84843] Loss: 0.414294
Epoch 264 - Avg Loss: 0.476866 | Train Acc: 91.77%
Val: loss=0.3667, acc=10594/10975 (96.53%)
Epoch 265 [0/84843] Loss: 0.391186
Epoch 265 [35000/84843] Loss: 0.319731
Epoch 265 [70000/84843] Loss: 0.825040
Epoch 265 - Avg Loss: 0.474470 | Train Acc: 91.91%
Val: loss=0.3670, acc=10588/10975 (96.47%)
Epoch 266 [0/84843] Loss: 0.360975
Epoch 266 [35000/84843] Loss: 0.571501
Epoch 266 [70000/84843] Loss: 0.502630
Epoch 266 - Avg Loss: 0.478753 | Train Acc: 91.62%
Val: loss=0.3616, acc=10610/10975 (96.67%)
Epoch 267 [0/84843] Loss: 0.411639
Epoch 267 [35000/84843] Loss: 0.415480
Epoch 267 [70000/84843] Loss: 0.953469
Epoch 267 - Avg Loss: 0.475289 | Train Acc: 91.82%
Val: loss=0.3643, acc=10598/10975 (96.56%)
Epoch 268 [0/84843] Loss: 0.603016
Epoch 268 [35000/84843] Loss: 0.366595
Epoch 268 [70000/84843] Loss: 0.813025
Epoch 268 - Avg Loss: 0.469961 | Train Acc: 91.99%
Val: loss=0.3668, acc=10586/10975 (96.46%)
Epoch 269 [0/84843] Loss: 0.683813
Epoch 269 [35000/84843] Loss: 0.326154
Epoch 269 [70000/84843] Loss: 0.328411
Epoch 269 - Avg Loss: 0.476126 | Train Acc: 91.74%
Val: loss=0.3650, acc=10592/10975 (96.51%)
Epoch 270 [0/84843] Loss: 0.370775
Epoch 270 [35000/84843] Loss: 0.309435
Epoch 270 [70000/84843] Loss: 0.392233
Epoch 270 - Avg Loss: 0.470473 | Train Acc: 91.98%
Val: loss=0.3629, acc=10610/10975 (96.67%)
Epoch 271 [0/84843] Loss: 0.431522
Epoch 271 [35000/84843] Loss: 0.685498
Epoch 271 [70000/84843] Loss: 0.409187
Epoch 271 - Avg Loss: 0.476841 | Train Acc: 91.70%
Val: loss=0.3648, acc=10614/10975 (96.71%)
saved best: 96.71%
Epoch 272 [0/84843] Loss: 0.457796
Epoch 272 [35000/84843] Loss: 0.477245
Epoch 272 [70000/84843] Loss: 0.331263
Epoch 272 - Avg Loss: 0.471558 | Train Acc: 91.94%
Val: loss=0.3638, acc=10591/10975 (96.50%)
Epoch 273 [0/84843] Loss: 0.744354
Epoch 273 [35000/84843] Loss: 0.375694
Epoch 273 [70000/84843] Loss: 0.711642
Epoch 273 - Avg Loss: 0.474204 | Train Acc: 91.75%
Val: loss=0.3651, acc=10585/10975 (96.45%)
Epoch 274 [0/84843] Loss: 0.558983
Epoch 274 [35000/84843] Loss: 0.316424
Epoch 274 [70000/84843] Loss: 0.378955
Epoch 274 - Avg Loss: 0.471807 | Train Acc: 91.92%
Val: loss=0.3638, acc=10585/10975 (96.45%)
Epoch 275 [0/84843] Loss: 0.522560
Epoch 275 [35000/84843] Loss: 0.518918
Epoch 275 [70000/84843] Loss: 0.343166
Epoch 275 - Avg Loss: 0.477029 | Train Acc: 91.70%
Val: loss=0.3626, acc=10601/10975 (96.59%)
Epoch 276 [0/84843] Loss: 0.537231
Epoch 276 [35000/84843] Loss: 0.529933
Epoch 276 [70000/84843] Loss: 0.569754
Epoch 276 - Avg Loss: 0.474083 | Train Acc: 91.86%
Val: loss=0.3641, acc=10597/10975 (96.56%)
Epoch 277 [0/84843] Loss: 0.595703
Epoch 277 [35000/84843] Loss: 0.287707
Epoch 277 [70000/84843] Loss: 0.651879
Epoch 277 - Avg Loss: 0.471514 | Train Acc: 91.88%
Val: loss=0.3628, acc=10599/10975 (96.57%)
Epoch 278 [0/84843] Loss: 0.318605
Epoch 278 [35000/84843] Loss: 0.344328
Epoch 278 [70000/84843] Loss: 0.614849
Epoch 278 - Avg Loss: 0.474385 | Train Acc: 91.91%
Val: loss=0.3628, acc=10603/10975 (96.61%)
Epoch 279 [0/84843] Loss: 0.477248
Epoch 279 [35000/84843] Loss: 0.350372
Epoch 279 [70000/84843] Loss: 0.329231
Epoch 279 - Avg Loss: 0.472887 | Train Acc: 91.88%
Val: loss=0.3629, acc=10600/10975 (96.58%)
Epoch 280 [0/84843] Loss: 0.477775
Epoch 280 [35000/84843] Loss: 0.336193
Epoch 280 [70000/84843] Loss: 0.304598
Epoch 280 - Avg Loss: 0.473108 | Train Acc: 91.88%
Val: loss=0.3625, acc=10593/10975 (96.52%)
Epoch 281 [0/84843] Loss: 0.453265
Epoch 281 [35000/84843] Loss: 0.564019
Epoch 281 [70000/84843] Loss: 0.554744
Epoch 281 - Avg Loss: 0.469721 | Train Acc: 91.97%
Val: loss=0.3640, acc=10586/10975 (96.46%)
Epoch 282 [0/84843] Loss: 0.382495
Epoch 282 [35000/84843] Loss: 0.343287
Epoch 282 [70000/84843] Loss: 0.353279
Epoch 282 - Avg Loss: 0.465869 | Train Acc: 92.18%
Val: loss=0.3641, acc=10592/10975 (96.51%)
Epoch 283 [0/84843] Loss: 0.540403
Epoch 283 [35000/84843] Loss: 0.341034
Epoch 283 [70000/84843] Loss: 0.311926
Epoch 283 - Avg Loss: 0.465533 | Train Acc: 92.17%
Val: loss=0.3630, acc=10594/10975 (96.53%)
Epoch 284 [0/84843] Loss: 0.630133
Epoch 284 [35000/84843] Loss: 0.299777
Epoch 284 [70000/84843] Loss: 0.513827
Epoch 284 - Avg Loss: 0.472084 | Train Acc: 91.96%
Val: loss=0.3630, acc=10604/10975 (96.62%)
Epoch 285 [0/84843] Loss: 0.513829
Epoch 285 [35000/84843] Loss: 0.623116
Epoch 285 [70000/84843] Loss: 0.310741
Epoch 285 - Avg Loss: 0.468293 | Train Acc: 92.05%
Val: loss=0.3612, acc=10597/10975 (96.56%)
Epoch 286 [0/84843] Loss: 0.382814
Epoch 286 [35000/84843] Loss: 0.916168
Epoch 286 [70000/84843] Loss: 0.736343
Epoch 286 - Avg Loss: 0.477203 | Train Acc: 91.74%
Val: loss=0.3627, acc=10607/10975 (96.65%)
Epoch 287 [0/84843] Loss: 0.443734
Epoch 287 [35000/84843] Loss: 0.461710
Epoch 287 [70000/84843] Loss: 0.514669
Epoch 287 - Avg Loss: 0.472105 | Train Acc: 91.83%
Val: loss=0.3610, acc=10612/10975 (96.69%)
Epoch 288 [0/84843] Loss: 0.928184
Epoch 288 [35000/84843] Loss: 0.502496
Epoch 288 [70000/84843] Loss: 0.449158
Epoch 288 - Avg Loss: 0.469815 | Train Acc: 92.02%
Val: loss=0.3615, acc=10615/10975 (96.72%)
saved best: 96.72%
Epoch 289 [0/84843] Loss: 0.533491
Epoch 289 [35000/84843] Loss: 0.394561
Epoch 289 [70000/84843] Loss: 0.495951
Epoch 289 - Avg Loss: 0.471672 | Train Acc: 91.91%
Val: loss=0.3611, acc=10619/10975 (96.76%)
saved best: 96.76%
Epoch 290 [0/84843] Loss: 0.537653
Epoch 290 [35000/84843] Loss: 0.348709
Epoch 290 [70000/84843] Loss: 0.324215
Epoch 290 - Avg Loss: 0.463704 | Train Acc: 92.20%
Val: loss=0.3599, acc=10614/10975 (96.71%)
Epoch 291 [0/84843] Loss: 0.335844
Epoch 291 [35000/84843] Loss: 0.363273
Epoch 291 [70000/84843] Loss: 0.299688
Epoch 291 - Avg Loss: 0.466116 | Train Acc: 92.25%
Val: loss=0.3613, acc=10598/10975 (96.56%)
Epoch 292 [0/84843] Loss: 0.888182
Epoch 292 [35000/84843] Loss: 0.388415
Epoch 292 [70000/84843] Loss: 0.285307
Epoch 292 - Avg Loss: 0.470254 | Train Acc: 92.10%
Val: loss=0.3597, acc=10625/10975 (96.81%)
saved best: 96.81%
Epoch 293 [0/84843] Loss: 0.798922
Epoch 293 [35000/84843] Loss: 0.335745
Epoch 293 [70000/84843] Loss: 0.365260
Epoch 293 - Avg Loss: 0.468912 | Train Acc: 92.03%
Val: loss=0.3613, acc=10599/10975 (96.57%)
Epoch 294 [0/84843] Loss: 0.504396
Epoch 294 [35000/84843] Loss: 0.458879
Epoch 294 [70000/84843] Loss: 0.674538
Epoch 294 - Avg Loss: 0.469606 | Train Acc: 91.99%
Val: loss=0.3605, acc=10616/10975 (96.73%)
Epoch 295 [0/84843] Loss: 0.330410
Epoch 295 [35000/84843] Loss: 0.336201
Epoch 295 [70000/84843] Loss: 0.359901
Epoch 295 - Avg Loss: 0.469328 | Train Acc: 92.00%
Val: loss=0.3626, acc=10605/10975 (96.63%)
Epoch 296 [0/84843] Loss: 0.674898
Epoch 296 [35000/84843] Loss: 0.389061
Epoch 296 [70000/84843] Loss: 0.478428
Epoch 296 - Avg Loss: 0.466168 | Train Acc: 92.21%
Val: loss=0.3604, acc=10599/10975 (96.57%)
Epoch 297 [0/84843] Loss: 0.385908
Epoch 297 [35000/84843] Loss: 0.450668
Epoch 297 [70000/84843] Loss: 0.505401
Epoch 297 - Avg Loss: 0.464981 | Train Acc: 92.27%
Val: loss=0.3614, acc=10603/10975 (96.61%)
Epoch 298 [0/84843] Loss: 0.803325
Epoch 298 [35000/84843] Loss: 0.291585
Epoch 298 [70000/84843] Loss: 0.903975
Epoch 298 - Avg Loss: 0.463534 | Train Acc: 92.20%
Val: loss=0.3607, acc=10607/10975 (96.65%)
Epoch 299 [0/84843] Loss: 0.569186
Epoch 299 [35000/84843] Loss: 0.589907
Epoch 299 [70000/84843] Loss: 0.388091
Epoch 299 - Avg Loss: 0.467333 | Train Acc: 92.11%
Val: loss=0.3626, acc=10599/10975 (96.57%)
Epoch 300 [0/84843] Loss: 0.286312
Epoch 300 [35000/84843] Loss: 0.742311
Epoch 300 [70000/84843] Loss: 0.304308
Epoch 300 - Avg Loss: 0.466582 | Train Acc: 92.15%
Val: loss=0.3627, acc=10619/10975 (96.76%)
Epoch 301 [0/84843] Loss: 0.683761
Epoch 301 [35000/84843] Loss: 0.583400
Epoch 301 [70000/84843] Loss: 0.498342
Epoch 301 - Avg Loss: 0.468664 | Train Acc: 92.05%
Val: loss=0.3623, acc=10602/10975 (96.60%)
Epoch 302 [0/84843] Loss: 0.488634
Epoch 302 [35000/84843] Loss: 0.662245
Epoch 302 [70000/84843] Loss: 0.295456
Epoch 302 - Avg Loss: 0.462266 | Train Acc: 92.30%
Val: loss=0.3594, acc=10609/10975 (96.67%)
Epoch 303 [0/84843] Loss: 0.336464
Epoch 303 [35000/84843] Loss: 0.325369
Epoch 303 [70000/84843] Loss: 0.333808
Epoch 303 - Avg Loss: 0.473966 | Train Acc: 91.83%
Val: loss=0.3600, acc=10599/10975 (96.57%)
Epoch 304 [0/84843] Loss: 0.453287
Epoch 304 [35000/84843] Loss: 0.381009
Epoch 304 [70000/84843] Loss: 0.323952
Epoch 304 - Avg Loss: 0.459457 | Train Acc: 92.40%
Val: loss=0.3625, acc=10599/10975 (96.57%)
Epoch 305 [0/84843] Loss: 0.756436
Epoch 305 [35000/84843] Loss: 0.428690
Epoch 305 [70000/84843] Loss: 0.353632
Epoch 305 - Avg Loss: 0.467355 | Train Acc: 92.08%
Val: loss=0.3582, acc=10605/10975 (96.63%)
Epoch 306 [0/84843] Loss: 0.516430
Epoch 306 [35000/84843] Loss: 0.371708
Epoch 306 [70000/84843] Loss: 0.408077
Epoch 306 - Avg Loss: 0.466660 | Train Acc: 92.09%
Val: loss=0.3596, acc=10613/10975 (96.70%)
Epoch 307 [0/84843] Loss: 0.303037
Epoch 307 [35000/84843] Loss: 0.376456
Epoch 307 [70000/84843] Loss: 0.430392
Epoch 307 - Avg Loss: 0.471038 | Train Acc: 91.93%
Val: loss=0.3597, acc=10613/10975 (96.70%)
Epoch 308 [0/84843] Loss: 0.321644
Epoch 308 [35000/84843] Loss: 0.483078
Epoch 308 [70000/84843] Loss: 0.665809
Epoch 308 - Avg Loss: 0.466614 | Train Acc: 92.13%
Val: loss=0.3596, acc=10603/10975 (96.61%)
Epoch 309 [0/84843] Loss: 0.518553
Epoch 309 [35000/84843] Loss: 0.600319
Epoch 309 [70000/84843] Loss: 0.547495
Epoch 309 - Avg Loss: 0.472816 | Train Acc: 91.84%
Val: loss=0.3601, acc=10601/10975 (96.59%)
Epoch 310 [0/84843] Loss: 0.634534
Epoch 310 [35000/84843] Loss: 0.288198
Epoch 310 [70000/84843] Loss: 0.299365
Epoch 310 - Avg Loss: 0.466494 | Train Acc: 92.16%
Val: loss=0.3610, acc=10604/10975 (96.62%)
Epoch 311 [0/84843] Loss: 0.491280
Epoch 311 [35000/84843] Loss: 0.275732
Epoch 311 [70000/84843] Loss: 0.618862
Epoch 311 - Avg Loss: 0.463763 | Train Acc: 92.20%
Val: loss=0.3588, acc=10610/10975 (96.67%)
Epoch 312 [0/84843] Loss: 0.348923
Epoch 312 [35000/84843] Loss: 0.366825
Epoch 312 [70000/84843] Loss: 0.349299
Epoch 312 - Avg Loss: 0.468529 | Train Acc: 92.08%
Val: loss=0.3584, acc=10622/10975 (96.78%)
Epoch 313 [0/84843] Loss: 0.432893
Epoch 313 [35000/84843] Loss: 0.614539
Epoch 313 [70000/84843] Loss: 0.356938
Epoch 313 - Avg Loss: 0.467834 | Train Acc: 92.12%
Val: loss=0.3568, acc=10632/10975 (96.87%)
saved best: 96.87%
Epoch 314 [0/84843] Loss: 0.452244
Epoch 314 [35000/84843] Loss: 0.307133
Epoch 314 [70000/84843] Loss: 0.412459
Epoch 314 - Avg Loss: 0.462468 | Train Acc: 92.28%
Val: loss=0.3570, acc=10619/10975 (96.76%)
Epoch 315 [0/84843] Loss: 0.444548
Epoch 315 [35000/84843] Loss: 0.370572
Epoch 315 [70000/84843] Loss: 0.322137
Epoch 315 - Avg Loss: 0.469572 | Train Acc: 92.02%
Val: loss=0.3583, acc=10622/10975 (96.78%)
Epoch 316 [0/84843] Loss: 0.388263
Epoch 316 [35000/84843] Loss: 0.322851
Epoch 316 [70000/84843] Loss: 0.359808
Epoch 316 - Avg Loss: 0.465318 | Train Acc: 92.16%
Val: loss=0.3574, acc=10623/10975 (96.79%)
Epoch 317 [0/84843] Loss: 0.515101
Epoch 317 [35000/84843] Loss: 0.695746
Epoch 317 [70000/84843] Loss: 0.328744
Epoch 317 - Avg Loss: 0.465743 | Train Acc: 92.08%
Val: loss=0.3571, acc=10617/10975 (96.74%)
Epoch 318 [0/84843] Loss: 0.341696
Epoch 318 [35000/84843] Loss: 0.682823
Epoch 318 [70000/84843] Loss: 0.396684
Epoch 318 - Avg Loss: 0.464986 | Train Acc: 92.15%
Val: loss=0.3583, acc=10614/10975 (96.71%)
Epoch 319 [0/84843] Loss: 0.347885
Epoch 319 [35000/84843] Loss: 0.594958
Epoch 319 [70000/84843] Loss: 0.550825
Epoch 319 - Avg Loss: 0.459910 | Train Acc: 92.39%
Val: loss=0.3586, acc=10622/10975 (96.78%)
Epoch 320 [0/84843] Loss: 0.663192
Epoch 320 [35000/84843] Loss: 0.333045
Epoch 320 [70000/84843] Loss: 0.331120
Epoch 320 - Avg Loss: 0.466035 | Train Acc: 92.22%
Val: loss=0.3586, acc=10624/10975 (96.80%)
Epoch 321 [0/84843] Loss: 0.567344
Epoch 321 [35000/84843] Loss: 0.349084
Epoch 321 [70000/84843] Loss: 0.286325
Epoch 321 - Avg Loss: 0.457683 | Train Acc: 92.53%
Val: loss=0.3585, acc=10616/10975 (96.73%)
Epoch 322 [0/84843] Loss: 0.302156
Epoch 322 [35000/84843] Loss: 0.350882
Epoch 322 [70000/84843] Loss: 0.405396
Epoch 322 - Avg Loss: 0.467646 | Train Acc: 92.05%
Val: loss=0.3605, acc=10606/10975 (96.64%)
Epoch 323 [0/84843] Loss: 0.415915
Epoch 323 [35000/84843] Loss: 0.594945
Epoch 323 [70000/84843] Loss: 0.320361
Epoch 323 - Avg Loss: 0.462356 | Train Acc: 92.24%
Val: loss=0.3586, acc=10615/10975 (96.72%)
Epoch 324 [0/84843] Loss: 0.458021
Epoch 324 [35000/84843] Loss: 0.460837
Epoch 324 [70000/84843] Loss: 0.368049
Epoch 324 - Avg Loss: 0.461753 | Train Acc: 92.35%
Val: loss=0.3578, acc=10614/10975 (96.71%)
Epoch 325 [0/84843] Loss: 0.494480
Epoch 325 [35000/84843] Loss: 0.322599
Epoch 325 [70000/84843] Loss: 0.273477
Epoch 325 - Avg Loss: 0.461813 | Train Acc: 92.28%
Val: loss=0.3568, acc=10622/10975 (96.78%)
Epoch 326 [0/84843] Loss: 0.397078
Epoch 326 [35000/84843] Loss: 0.341495
Epoch 326 [70000/84843] Loss: 0.697911
Epoch 326 - Avg Loss: 0.460525 | Train Acc: 92.38%
Val: loss=0.3594, acc=10612/10975 (96.69%)
Epoch 327 [0/84843] Loss: 0.517821
Epoch 327 [35000/84843] Loss: 0.337929
Epoch 327 [70000/84843] Loss: 0.382964
Epoch 327 - Avg Loss: 0.460405 | Train Acc: 92.40%
Val: loss=0.3568, acc=10618/10975 (96.75%)
Epoch 328 [0/84843] Loss: 0.688108
Epoch 328 [35000/84843] Loss: 0.292785
Epoch 328 [70000/84843] Loss: 0.313854
Epoch 328 - Avg Loss: 0.459897 | Train Acc: 92.38%
Val: loss=0.3575, acc=10625/10975 (96.81%)
Epoch 329 [0/84843] Loss: 0.786629
Epoch 329 [35000/84843] Loss: 0.322790
Epoch 329 [70000/84843] Loss: 0.635911
Epoch 329 - Avg Loss: 0.468046 | Train Acc: 92.12%
Val: loss=0.3581, acc=10624/10975 (96.80%)
Epoch 330 [0/84843] Loss: 0.357856
Epoch 330 [35000/84843] Loss: 0.279233
Epoch 330 [70000/84843] Loss: 0.374487
Epoch 330 - Avg Loss: 0.456770 | Train Acc: 92.55%
Val: loss=0.3576, acc=10629/10975 (96.85%)
Epoch 331 [0/84843] Loss: 0.412633
Epoch 331 [35000/84843] Loss: 0.392791
Epoch 331 [70000/84843] Loss: 0.919006
Epoch 331 - Avg Loss: 0.457172 | Train Acc: 92.52%
Val: loss=0.3577, acc=10620/10975 (96.77%)
Epoch 332 [0/84843] Loss: 0.349965
Epoch 332 [35000/84843] Loss: 0.344918
Epoch 332 [70000/84843] Loss: 0.301390
Epoch 332 - Avg Loss: 0.462443 | Train Acc: 92.29%
Val: loss=0.3588, acc=10610/10975 (96.67%)
Epoch 333 [0/84843] Loss: 0.518451
Epoch 333 [35000/84843] Loss: 0.383129
Epoch 333 [70000/84843] Loss: 0.294923
Epoch 333 - Avg Loss: 0.457581 | Train Acc: 92.50%
Val: loss=0.3590, acc=10616/10975 (96.73%)
Epoch 334 [0/84843] Loss: 0.960605
Epoch 334 [35000/84843] Loss: 0.286386
Epoch 334 [70000/84843] Loss: 0.368691
Epoch 334 - Avg Loss: 0.459930 | Train Acc: 92.44%
Val: loss=0.3580, acc=10623/10975 (96.79%)
Epoch 335 [0/84843] Loss: 0.442638
Epoch 335 [35000/84843] Loss: 0.364484
Epoch 335 [70000/84843] Loss: 0.309662
Epoch 335 - Avg Loss: 0.463240 | Train Acc: 92.24%
Val: loss=0.3568, acc=10621/10975 (96.77%)
Epoch 336 [0/84843] Loss: 0.375928
Epoch 336 [35000/84843] Loss: 0.628154
Epoch 336 [70000/84843] Loss: 0.506312
Epoch 336 - Avg Loss: 0.466243 | Train Acc: 92.13%
Val: loss=0.3569, acc=10623/10975 (96.79%)
Epoch 337 [0/84843] Loss: 0.321102
Epoch 337 [35000/84843] Loss: 0.548607
Epoch 337 [70000/84843] Loss: 0.464315
Epoch 337 - Avg Loss: 0.460963 | Train Acc: 92.36%
Val: loss=0.3594, acc=10621/10975 (96.77%)
Epoch 338 [0/84843] Loss: 0.355670
Epoch 338 [35000/84843] Loss: 0.491683
Epoch 338 [70000/84843] Loss: 0.456026
Epoch 338 - Avg Loss: 0.451442 | Train Acc: 92.73%
Val: loss=0.3580, acc=10627/10975 (96.83%)
Epoch 339 [0/84843] Loss: 0.286389
Epoch 339 [35000/84843] Loss: 0.557383
Epoch 339 [70000/84843] Loss: 0.483579
Epoch 339 - Avg Loss: 0.458753 | Train Acc: 92.41%
Val: loss=0.3585, acc=10621/10975 (96.77%)
Epoch 340 [0/84843] Loss: 0.594207
Epoch 340 [35000/84843] Loss: 0.517484
Epoch 340 [70000/84843] Loss: 0.543116
Epoch 340 - Avg Loss: 0.453970 | Train Acc: 92.70%
Val: loss=0.3583, acc=10614/10975 (96.71%)
Epoch 341 [0/84843] Loss: 0.325944
Epoch 341 [35000/84843] Loss: 0.333275
Epoch 341 [70000/84843] Loss: 0.893281
Epoch 341 - Avg Loss: 0.457962 | Train Acc: 92.47%
Val: loss=0.3569, acc=10630/10975 (96.86%)
Epoch 342 [0/84843] Loss: 0.956920
Epoch 342 [35000/84843] Loss: 0.306361
Epoch 342 [70000/84843] Loss: 0.298195
Epoch 342 - Avg Loss: 0.456766 | Train Acc: 92.54%
Val: loss=0.3583, acc=10619/10975 (96.76%)
Epoch 343 [0/84843] Loss: 0.439937
Epoch 343 [35000/84843] Loss: 0.487471
Epoch 343 [70000/84843] Loss: 0.746768
Epoch 343 - Avg Loss: 0.460656 | Train Acc: 92.43%
Val: loss=0.3571, acc=10624/10975 (96.80%)
Epoch 344 [0/84843] Loss: 0.335147
Epoch 344 [35000/84843] Loss: 0.325028
Epoch 344 [70000/84843] Loss: 0.333206
Epoch 344 - Avg Loss: 0.455386 | Train Acc: 92.54%
Val: loss=0.3576, acc=10615/10975 (96.72%)
Epoch 345 [0/84843] Loss: 0.698053
Epoch 345 [35000/84843] Loss: 0.327498
Epoch 345 [70000/84843] Loss: 0.501536
Epoch 345 - Avg Loss: 0.458042 | Train Acc: 92.44%
Val: loss=0.3580, acc=10615/10975 (96.72%)
Epoch 346 [0/84843] Loss: 0.853399
Epoch 346 [35000/84843] Loss: 0.867491
Epoch 346 [70000/84843] Loss: 0.404353
Epoch 346 - Avg Loss: 0.457309 | Train Acc: 92.50%
Val: loss=0.3571, acc=10623/10975 (96.79%)
Epoch 347 [0/84843] Loss: 0.430867
Epoch 347 [35000/84843] Loss: 0.563680
Epoch 347 [70000/84843] Loss: 0.365783
Epoch 347 - Avg Loss: 0.463796 | Train Acc: 92.28%
Val: loss=0.3569, acc=10625/10975 (96.81%)
Epoch 348 [0/84843] Loss: 0.510021
Epoch 348 [35000/84843] Loss: 0.419780
Epoch 348 [70000/84843] Loss: 0.611627
Epoch 348 - Avg Loss: 0.458277 | Train Acc: 92.37%
Val: loss=0.3563, acc=10629/10975 (96.85%)
Epoch 349 [0/84843] Loss: 0.438074
Epoch 349 [35000/84843] Loss: 0.813531
Epoch 349 [70000/84843] Loss: 0.292180
Epoch 349 - Avg Loss: 0.455384 | Train Acc: 92.68%
Val: loss=0.3567, acc=10620/10975 (96.77%)
Epoch 350 [0/84843] Loss: 0.365797
Epoch 350 [35000/84843] Loss: 0.526527
Epoch 350 [70000/84843] Loss: 0.310246
Epoch 350 - Avg Loss: 0.463106 | Train Acc: 92.28%
Val: loss=0.3581, acc=10621/10975 (96.77%)
Epoch 351 [0/84843] Loss: 0.657590
Epoch 351 [35000/84843] Loss: 0.359288
Epoch 351 [70000/84843] Loss: 0.485073
Epoch 351 - Avg Loss: 0.464004 | Train Acc: 92.19%
Val: loss=0.3564, acc=10633/10975 (96.88%)
saved best: 96.88%
Epoch 352 [0/84843] Loss: 0.415910
Epoch 352 [35000/84843] Loss: 0.312210
Epoch 352 [70000/84843] Loss: 0.447423
Epoch 352 - Avg Loss: 0.457372 | Train Acc: 92.44%
Val: loss=0.3566, acc=10621/10975 (96.77%)
Epoch 353 [0/84843] Loss: 0.713162
Epoch 353 [35000/84843] Loss: 0.357755
Epoch 353 [70000/84843] Loss: 0.774904
Epoch 353 - Avg Loss: 0.457700 | Train Acc: 92.44%
Val: loss=0.3564, acc=10626/10975 (96.82%)
Epoch 354 [0/84843] Loss: 0.519651
Epoch 354 [35000/84843] Loss: 0.685541
Epoch 354 [70000/84843] Loss: 0.348363
Epoch 354 - Avg Loss: 0.459750 | Train Acc: 92.41%
Val: loss=0.3576, acc=10624/10975 (96.80%)
Epoch 355 [0/84843] Loss: 0.296000
Epoch 355 [35000/84843] Loss: 0.395978
Epoch 355 [70000/84843] Loss: 0.460591
Epoch 355 - Avg Loss: 0.460444 | Train Acc: 92.36%
Val: loss=0.3566, acc=10625/10975 (96.81%)
Epoch 356 [0/84843] Loss: 0.509255
Epoch 356 [35000/84843] Loss: 0.598702
Epoch 356 [70000/84843] Loss: 0.343561
Epoch 356 - Avg Loss: 0.450938 | Train Acc: 92.75%
Val: loss=0.3564, acc=10626/10975 (96.82%)
Epoch 357 [0/84843] Loss: 0.312154
Epoch 357 [35000/84843] Loss: 0.345431
Epoch 357 [70000/84843] Loss: 0.774372
Epoch 357 - Avg Loss: 0.456923 | Train Acc: 92.48%
Val: loss=0.3570, acc=10614/10975 (96.71%)
Epoch 358 [0/84843] Loss: 0.485618
Epoch 358 [35000/84843] Loss: 0.618305
Epoch 358 [70000/84843] Loss: 0.315489
Epoch 358 - Avg Loss: 0.453599 | Train Acc: 92.63%
Val: loss=0.3568, acc=10621/10975 (96.77%)
Epoch 359 [0/84843] Loss: 0.348267
Epoch 359 [35000/84843] Loss: 0.384026
Epoch 359 [70000/84843] Loss: 0.643107
Epoch 359 - Avg Loss: 0.455965 | Train Acc: 92.48%
Val: loss=0.3550, acc=10638/10975 (96.93%)
saved best: 96.93%
Epoch 360 [0/84843] Loss: 0.288067
Epoch 360 [35000/84843] Loss: 0.551234
Epoch 360 [70000/84843] Loss: 0.478638
Epoch 360 - Avg Loss: 0.456408 | Train Acc: 92.54%
Val: loss=0.3558, acc=10630/10975 (96.86%)
Epoch 361 [0/84843] Loss: 0.290831
Epoch 361 [35000/84843] Loss: 0.432009
Epoch 361 [70000/84843] Loss: 0.606621
Epoch 361 - Avg Loss: 0.455996 | Train Acc: 92.62%
Val: loss=0.3558, acc=10640/10975 (96.95%)
saved best: 96.95%
Epoch 362 [0/84843] Loss: 0.420589
Epoch 362 [35000/84843] Loss: 0.379929
Epoch 362 [70000/84843] Loss: 0.352044
Epoch 362 - Avg Loss: 0.450187 | Train Acc: 92.79%
Val: loss=0.3559, acc=10627/10975 (96.83%)
Epoch 363 [0/84843] Loss: 0.448878
Epoch 363 [35000/84843] Loss: 0.338482
Epoch 363 [70000/84843] Loss: 0.676531
Epoch 363 - Avg Loss: 0.456570 | Train Acc: 92.49%
Val: loss=0.3566, acc=10624/10975 (96.80%)
Epoch 364 [0/84843] Loss: 0.317815
Epoch 364 [35000/84843] Loss: 0.273845
Epoch 364 [70000/84843] Loss: 0.398406
Epoch 364 - Avg Loss: 0.461857 | Train Acc: 92.30%
Val: loss=0.3559, acc=10630/10975 (96.86%)
Epoch 365 [0/84843] Loss: 0.817518
Epoch 365 [35000/84843] Loss: 0.442866
Epoch 365 [70000/84843] Loss: 0.311822
Epoch 365 - Avg Loss: 0.459646 | Train Acc: 92.41%
Val: loss=0.3553, acc=10629/10975 (96.85%)
Epoch 366 [0/84843] Loss: 0.687182
Epoch 366 [35000/84843] Loss: 0.395575
Epoch 366 [70000/84843] Loss: 0.387478
Epoch 366 - Avg Loss: 0.457669 | Train Acc: 92.54%
Val: loss=0.3560, acc=10630/10975 (96.86%)
Epoch 367 [0/84843] Loss: 0.328461
Epoch 367 [35000/84843] Loss: 0.342959
Epoch 367 [70000/84843] Loss: 0.348093
Epoch 367 - Avg Loss: 0.458885 | Train Acc: 92.41%
Val: loss=0.3557, acc=10625/10975 (96.81%)
Epoch 368 [0/84843] Loss: 0.401044
Epoch 368 [35000/84843] Loss: 0.343420
Epoch 368 [70000/84843] Loss: 0.476730
Epoch 368 - Avg Loss: 0.459120 | Train Acc: 92.37%
Val: loss=0.3567, acc=10625/10975 (96.81%)
Epoch 369 [0/84843] Loss: 0.504329
Epoch 369 [35000/84843] Loss: 0.319582
Epoch 369 [70000/84843] Loss: 0.329938
Epoch 369 - Avg Loss: 0.460395 | Train Acc: 92.33%
Val: loss=0.3555, acc=10624/10975 (96.80%)
Epoch 370 [0/84843] Loss: 0.300780
Epoch 370 [35000/84843] Loss: 0.442732
Epoch 370 [70000/84843] Loss: 0.499614
Epoch 370 - Avg Loss: 0.452343 | Train Acc: 92.68%
Val: loss=0.3555, acc=10629/10975 (96.85%)
Epoch 371 [0/84843] Loss: 0.580710
Epoch 371 [35000/84843] Loss: 0.796239
Epoch 371 [70000/84843] Loss: 0.327917
Epoch 371 - Avg Loss: 0.455446 | Train Acc: 92.57%
Val: loss=0.3565, acc=10621/10975 (96.77%)
Epoch 372 [0/84843] Loss: 0.312537
Epoch 372 [35000/84843] Loss: 0.677602
Epoch 372 [70000/84843] Loss: 0.507803
Epoch 372 - Avg Loss: 0.460896 | Train Acc: 92.30%
Val: loss=0.3559, acc=10631/10975 (96.87%)
Epoch 373 [0/84843] Loss: 0.371553
Epoch 373 [35000/84843] Loss: 0.289097
Epoch 373 [70000/84843] Loss: 0.316847
Epoch 373 - Avg Loss: 0.454774 | Train Acc: 92.56%
Val: loss=0.3557, acc=10629/10975 (96.85%)
Epoch 374 [0/84843] Loss: 0.440839
Epoch 374 [35000/84843] Loss: 0.739836
Epoch 374 [70000/84843] Loss: 0.395904
Epoch 374 - Avg Loss: 0.453462 | Train Acc: 92.61%
Val: loss=0.3561, acc=10623/10975 (96.79%)
Epoch 375 [0/84843] Loss: 0.695866
Epoch 375 [35000/84843] Loss: 0.446721
Epoch 375 [70000/84843] Loss: 0.470448
Epoch 375 - Avg Loss: 0.463875 | Train Acc: 92.25%
Val: loss=0.3560, acc=10624/10975 (96.80%)
Epoch 376 [0/84843] Loss: 0.613715
Epoch 376 [35000/84843] Loss: 0.339958
Epoch 376 [70000/84843] Loss: 0.654859
Epoch 376 - Avg Loss: 0.455528 | Train Acc: 92.59%
Val: loss=0.3557, acc=10629/10975 (96.85%)
Epoch 377 [0/84843] Loss: 0.578491
Epoch 377 [35000/84843] Loss: 0.724674
Epoch 377 [70000/84843] Loss: 0.334509
Epoch 377 - Avg Loss: 0.460736 | Train Acc: 92.36%
Val: loss=0.3557, acc=10621/10975 (96.77%)
Epoch 378 [0/84843] Loss: 0.333918
Epoch 378 [35000/84843] Loss: 0.393629
Epoch 378 [70000/84843] Loss: 0.777056
Epoch 378 - Avg Loss: 0.464454 | Train Acc: 92.16%
Val: loss=0.3557, acc=10628/10975 (96.84%)
Epoch 379 [0/84843] Loss: 0.286753
Epoch 379 [35000/84843] Loss: 0.458326
Epoch 379 [70000/84843] Loss: 0.335868
Epoch 379 - Avg Loss: 0.451797 | Train Acc: 92.74%
Val: loss=0.3562, acc=10633/10975 (96.88%)
Epoch 380 [0/84843] Loss: 0.376743
Epoch 380 [35000/84843] Loss: 0.703933
Epoch 380 [70000/84843] Loss: 0.492596
Epoch 380 - Avg Loss: 0.454812 | Train Acc: 92.56%
Val: loss=0.3561, acc=10627/10975 (96.83%)
Epoch 381 [0/84843] Loss: 0.510550
Epoch 381 [35000/84843] Loss: 0.570890
Epoch 381 [70000/84843] Loss: 0.375003
Epoch 381 - Avg Loss: 0.457575 | Train Acc: 92.48%
Val: loss=0.3558, acc=10628/10975 (96.84%)
Epoch 382 [0/84843] Loss: 0.426465
Epoch 382 [35000/84843] Loss: 0.555750
Epoch 382 [70000/84843] Loss: 0.402331
Epoch 382 - Avg Loss: 0.453984 | Train Acc: 92.58%
Val: loss=0.3556, acc=10628/10975 (96.84%)
Epoch 383 [0/84843] Loss: 0.448944
Epoch 383 [35000/84843] Loss: 0.657112
Epoch 383 [70000/84843] Loss: 0.300649
Epoch 383 - Avg Loss: 0.454374 | Train Acc: 92.55%
Val: loss=0.3555, acc=10628/10975 (96.84%)
Epoch 384 [0/84843] Loss: 0.310588
Epoch 384 [35000/84843] Loss: 0.361544
Epoch 384 [70000/84843] Loss: 0.340870
Epoch 384 - Avg Loss: 0.453367 | Train Acc: 92.58%
Val: loss=0.3556, acc=10629/10975 (96.85%)
Epoch 385 [0/84843] Loss: 0.502052
Epoch 385 [35000/84843] Loss: 0.550406
Epoch 385 [70000/84843] Loss: 0.512914
Epoch 385 - Avg Loss: 0.451368 | Train Acc: 92.78%
Val: loss=0.3556, acc=10631/10975 (96.87%)
Epoch 386 [0/84843] Loss: 0.272533
Epoch 386 [35000/84843] Loss: 0.666620
Epoch 386 [70000/84843] Loss: 0.461451
Epoch 386 - Avg Loss: 0.456244 | Train Acc: 92.62%
Val: loss=0.3558, acc=10634/10975 (96.89%)
Epoch 387 [0/84843] Loss: 0.425736
Epoch 387 [35000/84843] Loss: 0.501133
Epoch 387 [70000/84843] Loss: 0.394429
Epoch 387 - Avg Loss: 0.450804 | Train Acc: 92.76%
Val: loss=0.3557, acc=10630/10975 (96.86%)
Epoch 388 [0/84843] Loss: 0.482916
Epoch 388 [35000/84843] Loss: 0.630744
Epoch 388 [70000/84843] Loss: 0.534968
Epoch 388 - Avg Loss: 0.456661 | Train Acc: 92.49%
Val: loss=0.3560, acc=10627/10975 (96.83%)
Epoch 389 [0/84843] Loss: 0.507865
Epoch 389 [35000/84843] Loss: 0.297546
Epoch 389 [70000/84843] Loss: 0.644708
Epoch 389 - Avg Loss: 0.445571 | Train Acc: 93.01%
Val: loss=0.3560, acc=10627/10975 (96.83%)
Epoch 390 [0/84843] Loss: 0.308757
Epoch 390 [35000/84843] Loss: 0.436955
Epoch 390 [70000/84843] Loss: 0.467422
Epoch 390 - Avg Loss: 0.453833 | Train Acc: 92.61%
Val: loss=0.3558, acc=10628/10975 (96.84%)
Epoch 391 [0/84843] Loss: 0.376938
Epoch 391 [35000/84843] Loss: 0.895243
Epoch 391 [70000/84843] Loss: 0.327688
Epoch 391 - Avg Loss: 0.458542 | Train Acc: 92.50%
Val: loss=0.3557, acc=10629/10975 (96.85%)
Epoch 392 [0/84843] Loss: 0.343277
Epoch 392 [35000/84843] Loss: 0.490333
Epoch 392 [70000/84843] Loss: 0.421285
Epoch 392 - Avg Loss: 0.454254 | Train Acc: 92.54%
Val: loss=0.3557, acc=10629/10975 (96.85%)
Epoch 393 [0/84843] Loss: 0.569972
Epoch 393 [35000/84843] Loss: 0.321723
Epoch 393 [70000/84843] Loss: 0.539714
Epoch 393 - Avg Loss: 0.456860 | Train Acc: 92.54%
Val: loss=0.3557, acc=10628/10975 (96.84%)
Epoch 394 [0/84843] Loss: 0.340750
Epoch 394 [35000/84843] Loss: 0.352435
Epoch 394 [70000/84843] Loss: 0.507006
Epoch 394 - Avg Loss: 0.459415 | Train Acc: 92.39%
Val: loss=0.3556, acc=10626/10975 (96.82%)
Epoch 395 [0/84843] Loss: 0.309405
Epoch 395 [35000/84843] Loss: 0.405132
Epoch 395 [70000/84843] Loss: 0.783050
Epoch 395 - Avg Loss: 0.456257 | Train Acc: 92.57%
Val: loss=0.3555, acc=10626/10975 (96.82%)
Epoch 396 [0/84843] Loss: 0.640475
Epoch 396 [35000/84843] Loss: 0.305141
Epoch 396 [70000/84843] Loss: 0.332285
Epoch 396 - Avg Loss: 0.455190 | Train Acc: 92.57%
Val: loss=0.3556, acc=10627/10975 (96.83%)
Epoch 397 [0/84843] Loss: 0.520018
Epoch 397 [35000/84843] Loss: 0.397672
Epoch 397 [70000/84843] Loss: 0.334460
Epoch 397 - Avg Loss: 0.463344 | Train Acc: 92.30%
Val: loss=0.3555, acc=10626/10975 (96.82%)
Epoch 398 [0/84843] Loss: 0.410742
Epoch 398 [35000/84843] Loss: 0.624774
Epoch 398 [70000/84843] Loss: 0.627768
Epoch 398 - Avg Loss: 0.461609 | Train Acc: 92.34%
Val: loss=0.3556, acc=10626/10975 (96.82%)
Epoch 399 [0/84843] Loss: 0.449664
Epoch 399 [35000/84843] Loss: 0.524080
Epoch 399 [70000/84843] Loss: 0.440077
Epoch 399 - Avg Loss: 0.448733 | Train Acc: 92.87%
Val: loss=0.3556, acc=10626/10975 (96.82%)
Epoch 400 [0/84843] Loss: 0.364130
Epoch 400 [35000/84843] Loss: 0.365432
Epoch 400 [70000/84843] Loss: 0.466012
Epoch 400 - Avg Loss: 0.454191 | Train Acc: 92.63%
Val: loss=0.3556, acc=10626/10975 (96.82%)
Test: loss=0.3935, acc=11564/12101 (95.56%)
