Running feature config: 40_mels (task 26)
SpecAugment freq_mask=0 time_mask=50
Device: cuda
Feature config: 40_mels -> {'n_mels': 40, 'use_delta': False, 'use_delta_delta': False}
SpecAugment: True freq_mask=0 time_mask=50
GPU Name: Tesla V100-PCIE-32GB
GPU Memory: 34.07 GB
Total model parameters: 46,092
Epoch 1 [0/84843] Loss: 2.462247
Epoch 1 [35000/84843] Loss: 1.994309
Epoch 1 [70000/84843] Loss: 1.640717
Epoch 1 - Avg Loss: 1.721953 | Train Acc: 55.08%
Val: loss=1.6434, acc=6239/10975 (56.85%)
saved best: 56.85%
Epoch 2 [0/84843] Loss: 1.318788
Epoch 2 [35000/84843] Loss: 1.591086
Epoch 2 [70000/84843] Loss: 1.507659
Epoch 2 - Avg Loss: 1.540239 | Train Acc: 58.67%
Val: loss=1.6603, acc=5962/10975 (54.32%)
Epoch 3 [0/84843] Loss: 1.200653
Epoch 3 [35000/84843] Loss: 1.275857
Epoch 3 [70000/84843] Loss: 1.283383
Epoch 3 - Avg Loss: 1.428111 | Train Acc: 64.00%
Val: loss=1.7388, acc=6181/10975 (56.32%)
Epoch 4 [0/84843] Loss: 1.205765
Epoch 4 [35000/84843] Loss: 1.606289
Epoch 4 [70000/84843] Loss: 1.361269
Epoch 4 - Avg Loss: 1.367835 | Train Acc: 65.74%
Val: loss=1.6283, acc=6247/10975 (56.92%)
saved best: 56.92%
Epoch 5 [0/84843] Loss: 1.178657
Epoch 5 [35000/84843] Loss: 1.606664
Epoch 5 [70000/84843] Loss: 1.439514
Epoch 5 - Avg Loss: 1.328443 | Train Acc: 66.29%
Val: loss=1.4760, acc=6516/10975 (59.37%)
saved best: 59.37%
Epoch 6 [0/84843] Loss: 1.397842
Epoch 6 [35000/84843] Loss: 1.345083
Epoch 6 [70000/84843] Loss: 1.278183
Epoch 6 - Avg Loss: 1.285028 | Train Acc: 66.56%
Val: loss=1.2822, acc=7145/10975 (65.10%)
saved best: 65.10%
Epoch 7 [0/84843] Loss: 1.408666
Epoch 7 [35000/84843] Loss: 1.058596
Epoch 7 [70000/84843] Loss: 1.131261
Epoch 7 - Avg Loss: 1.247519 | Train Acc: 66.88%
Val: loss=1.2331, acc=7258/10975 (66.13%)
saved best: 66.13%
Epoch 8 [0/84843] Loss: 1.290280
Epoch 8 [35000/84843] Loss: 1.130501
Epoch 8 [70000/84843] Loss: 1.242930
Epoch 8 - Avg Loss: 1.220596 | Train Acc: 67.24%
Val: loss=1.2141, acc=7284/10975 (66.37%)
saved best: 66.37%
Epoch 9 [0/84843] Loss: 1.349599
Epoch 9 [35000/84843] Loss: 1.420905
Epoch 9 [70000/84843] Loss: 1.321357
Epoch 9 - Avg Loss: 1.184081 | Train Acc: 67.66%
Val: loss=1.1812, acc=7359/10975 (67.05%)
saved best: 67.05%
Epoch 10 [0/84843] Loss: 1.235524
Epoch 10 [35000/84843] Loss: 1.392129
Epoch 10 [70000/84843] Loss: 1.169464
Epoch 10 - Avg Loss: 1.159803 | Train Acc: 68.11%
Val: loss=1.1400, acc=7466/10975 (68.03%)
saved best: 68.03%
Epoch 11 [0/84843] Loss: 1.384950
Epoch 11 [35000/84843] Loss: 0.999492
Epoch 11 [70000/84843] Loss: 1.335981
Epoch 11 - Avg Loss: 1.132035 | Train Acc: 68.63%
Val: loss=1.1059, acc=7598/10975 (69.23%)
saved best: 69.23%
Epoch 12 [0/84843] Loss: 1.136547
Epoch 12 [35000/84843] Loss: 1.109835
Epoch 12 [70000/84843] Loss: 0.880379
Epoch 12 - Avg Loss: 1.097166 | Train Acc: 69.54%
Val: loss=1.0528, acc=7685/10975 (70.02%)
saved best: 70.02%
Epoch 13 [0/84843] Loss: 1.538912
Epoch 13 [35000/84843] Loss: 0.808384
Epoch 13 [70000/84843] Loss: 0.932206
Epoch 13 - Avg Loss: 1.074394 | Train Acc: 70.22%
Val: loss=1.0219, acc=7844/10975 (71.47%)
saved best: 71.47%
Epoch 14 [0/84843] Loss: 1.126160
Epoch 14 [35000/84843] Loss: 0.935402
Epoch 14 [70000/84843] Loss: 0.912739
Epoch 14 - Avg Loss: 1.049801 | Train Acc: 70.95%
Val: loss=0.9896, acc=7926/10975 (72.22%)
saved best: 72.22%
Epoch 15 [0/84843] Loss: 1.147768
Epoch 15 [35000/84843] Loss: 1.183268
Epoch 15 [70000/84843] Loss: 0.771972
Epoch 15 - Avg Loss: 1.015304 | Train Acc: 72.04%
Val: loss=0.9438, acc=8127/10975 (74.05%)
saved best: 74.05%
Epoch 16 [0/84843] Loss: 1.234640
Epoch 16 [35000/84843] Loss: 0.933770
Epoch 16 [70000/84843] Loss: 1.196952
Epoch 16 - Avg Loss: 0.993402 | Train Acc: 72.69%
Val: loss=0.9311, acc=8277/10975 (75.42%)
saved best: 75.42%
Epoch 17 [0/84843] Loss: 0.963406
Epoch 17 [35000/84843] Loss: 0.798112
Epoch 17 [70000/84843] Loss: 0.882812
Epoch 17 - Avg Loss: 0.967602 | Train Acc: 73.65%
Val: loss=0.8854, acc=8429/10975 (76.80%)
saved best: 76.80%
Epoch 18 [0/84843] Loss: 1.053664
Epoch 18 [35000/84843] Loss: 1.074401
Epoch 18 [70000/84843] Loss: 0.915650
Epoch 18 - Avg Loss: 0.933695 | Train Acc: 74.62%
Val: loss=0.8571, acc=8533/10975 (77.75%)
saved best: 77.75%
Epoch 19 [0/84843] Loss: 0.838593
Epoch 19 [35000/84843] Loss: 1.131664
Epoch 19 [70000/84843] Loss: 0.644939
Epoch 19 - Avg Loss: 0.903664 | Train Acc: 75.90%
Val: loss=0.8057, acc=8728/10975 (79.53%)
saved best: 79.53%
Epoch 20 [0/84843] Loss: 0.807357
Epoch 20 [35000/84843] Loss: 1.118409
Epoch 20 [70000/84843] Loss: 0.906666
Epoch 20 - Avg Loss: 0.875732 | Train Acc: 77.05%
Val: loss=0.7764, acc=8946/10975 (81.51%)
saved best: 81.51%
Epoch 21 [0/84843] Loss: 0.822703
Epoch 21 [35000/84843] Loss: 1.009334
Epoch 21 [70000/84843] Loss: 0.761332
Epoch 21 - Avg Loss: 0.847900 | Train Acc: 78.20%
Val: loss=0.7479, acc=9054/10975 (82.50%)
saved best: 82.50%
Epoch 22 [0/84843] Loss: 1.021801
Epoch 22 [35000/84843] Loss: 0.563193
Epoch 22 [70000/84843] Loss: 0.649039
Epoch 22 - Avg Loss: 0.823849 | Train Acc: 79.06%
Val: loss=0.7001, acc=9283/10975 (84.58%)
saved best: 84.58%
Epoch 23 [0/84843] Loss: 0.928124
Epoch 23 [35000/84843] Loss: 0.763290
Epoch 23 [70000/84843] Loss: 0.818458
Epoch 23 - Avg Loss: 0.813754 | Train Acc: 79.36%
Val: loss=0.6978, acc=9307/10975 (84.80%)
saved best: 84.80%
Epoch 24 [0/84843] Loss: 0.599515
Epoch 24 [35000/84843] Loss: 0.610973
Epoch 24 [70000/84843] Loss: 0.764706
Epoch 24 - Avg Loss: 0.788080 | Train Acc: 80.36%
Val: loss=0.6599, acc=9460/10975 (86.20%)
saved best: 86.20%
Epoch 25 [0/84843] Loss: 0.642214
Epoch 25 [35000/84843] Loss: 1.065388
Epoch 25 [70000/84843] Loss: 0.868820
Epoch 25 - Avg Loss: 0.772460 | Train Acc: 80.85%
Val: loss=0.6611, acc=9467/10975 (86.26%)
saved best: 86.26%
Epoch 26 [0/84843] Loss: 0.774814
Epoch 26 [35000/84843] Loss: 0.966316
Epoch 26 [70000/84843] Loss: 0.485234
Epoch 26 - Avg Loss: 0.756160 | Train Acc: 81.50%
Val: loss=0.6474, acc=9467/10975 (86.26%)
Epoch 27 [0/84843] Loss: 0.674893
Epoch 27 [35000/84843] Loss: 0.903754
Epoch 27 [70000/84843] Loss: 0.966830
Epoch 27 - Avg Loss: 0.742235 | Train Acc: 82.02%
Val: loss=0.6136, acc=9641/10975 (87.85%)
saved best: 87.85%
Epoch 28 [0/84843] Loss: 0.705720
Epoch 28 [35000/84843] Loss: 0.695383
Epoch 28 [70000/84843] Loss: 1.072637
Epoch 28 - Avg Loss: 0.726499 | Train Acc: 82.64%
Val: loss=0.6053, acc=9664/10975 (88.05%)
saved best: 88.05%
Epoch 29 [0/84843] Loss: 0.789557
Epoch 29 [35000/84843] Loss: 0.984269
Epoch 29 [70000/84843] Loss: 0.900451
Epoch 29 - Avg Loss: 0.719178 | Train Acc: 82.91%
Val: loss=0.6019, acc=9658/10975 (88.00%)
Epoch 30 [0/84843] Loss: 0.558876
Epoch 30 [35000/84843] Loss: 0.405365
Epoch 30 [70000/84843] Loss: 0.845513
Epoch 30 - Avg Loss: 0.707270 | Train Acc: 83.25%
Val: loss=0.6061, acc=9665/10975 (88.06%)
saved best: 88.06%
Epoch 31 [0/84843] Loss: 0.752016
Epoch 31 [35000/84843] Loss: 0.844780
Epoch 31 [70000/84843] Loss: 0.550718
Epoch 31 - Avg Loss: 0.696683 | Train Acc: 83.77%
Val: loss=0.5769, acc=9790/10975 (89.20%)
saved best: 89.20%
Epoch 32 [0/84843] Loss: 0.577407
Epoch 32 [35000/84843] Loss: 0.564104
Epoch 32 [70000/84843] Loss: 1.102304
Epoch 32 - Avg Loss: 0.689456 | Train Acc: 83.87%
Val: loss=0.5730, acc=9798/10975 (89.28%)
saved best: 89.28%
Epoch 33 [0/84843] Loss: 0.811126
Epoch 33 [35000/84843] Loss: 0.514282
Epoch 33 [70000/84843] Loss: 0.599175
Epoch 33 - Avg Loss: 0.673098 | Train Acc: 84.46%
Val: loss=0.5715, acc=9737/10975 (88.72%)
Epoch 34 [0/84843] Loss: 0.500991
Epoch 34 [35000/84843] Loss: 0.487389
Epoch 34 [70000/84843] Loss: 0.874225
Epoch 34 - Avg Loss: 0.670199 | Train Acc: 84.69%
Val: loss=0.5598, acc=9816/10975 (89.44%)
saved best: 89.44%
Epoch 35 [0/84843] Loss: 0.640235
Epoch 35 [35000/84843] Loss: 1.030207
Epoch 35 [70000/84843] Loss: 0.492477
Epoch 35 - Avg Loss: 0.655682 | Train Acc: 85.26%
Val: loss=0.5657, acc=9817/10975 (89.45%)
saved best: 89.45%
Epoch 36 [0/84843] Loss: 0.637931
Epoch 36 [35000/84843] Loss: 0.592402
Epoch 36 [70000/84843] Loss: 0.553209
Epoch 36 - Avg Loss: 0.651460 | Train Acc: 85.38%
Val: loss=0.5399, acc=9925/10975 (90.43%)
saved best: 90.43%
Epoch 37 [0/84843] Loss: 0.449956
Epoch 37 [35000/84843] Loss: 0.612786
Epoch 37 [70000/84843] Loss: 0.931507
Epoch 37 - Avg Loss: 0.657289 | Train Acc: 85.04%
Val: loss=0.5406, acc=9917/10975 (90.36%)
Epoch 38 [0/84843] Loss: 0.448559
Epoch 38 [35000/84843] Loss: 0.546127
Epoch 38 [70000/84843] Loss: 0.704243
Epoch 38 - Avg Loss: 0.636361 | Train Acc: 85.89%
Val: loss=0.5347, acc=9932/10975 (90.50%)
saved best: 90.50%
Epoch 39 [0/84843] Loss: 0.601731
Epoch 39 [35000/84843] Loss: 0.444993
Epoch 39 [70000/84843] Loss: 0.791189
Epoch 39 - Avg Loss: 0.636380 | Train Acc: 85.78%
Val: loss=0.5310, acc=9958/10975 (90.73%)
saved best: 90.73%
Epoch 40 [0/84843] Loss: 0.528101
Epoch 40 [35000/84843] Loss: 0.548940
Epoch 40 [70000/84843] Loss: 0.418618
Epoch 40 - Avg Loss: 0.636739 | Train Acc: 85.80%
Val: loss=0.5294, acc=9974/10975 (90.88%)
saved best: 90.88%
Epoch 41 [0/84843] Loss: 0.573077
Epoch 41 [35000/84843] Loss: 0.588817
Epoch 41 [70000/84843] Loss: 0.708776
Epoch 41 - Avg Loss: 0.627745 | Train Acc: 86.16%
Val: loss=0.5233, acc=9991/10975 (91.03%)
saved best: 91.03%
Epoch 42 [0/84843] Loss: 0.638707
Epoch 42 [35000/84843] Loss: 0.507367
Epoch 42 [70000/84843] Loss: 0.558766
Epoch 42 - Avg Loss: 0.621327 | Train Acc: 86.26%
Val: loss=0.5168, acc=10009/10975 (91.20%)
saved best: 91.20%
Epoch 43 [0/84843] Loss: 0.558370
Epoch 43 [35000/84843] Loss: 0.543474
Epoch 43 [70000/84843] Loss: 0.545452
Epoch 43 - Avg Loss: 0.606695 | Train Acc: 86.98%
Val: loss=0.5026, acc=10067/10975 (91.73%)
saved best: 91.73%
Epoch 44 [0/84843] Loss: 0.461785
Epoch 44 [35000/84843] Loss: 0.966246
Epoch 44 [70000/84843] Loss: 0.918679
Epoch 44 - Avg Loss: 0.601172 | Train Acc: 87.20%
Val: loss=0.5140, acc=10043/10975 (91.51%)
Epoch 45 [0/84843] Loss: 0.799329
Epoch 45 [35000/84843] Loss: 0.657282
Epoch 45 [70000/84843] Loss: 0.541259
Epoch 45 - Avg Loss: 0.597757 | Train Acc: 87.36%
Val: loss=0.5009, acc=10085/10975 (91.89%)
saved best: 91.89%
Epoch 46 [0/84843] Loss: 0.415592
Epoch 46 [35000/84843] Loss: 0.458314
Epoch 46 [70000/84843] Loss: 0.440824
Epoch 46 - Avg Loss: 0.593119 | Train Acc: 87.57%
Val: loss=0.5015, acc=10078/10975 (91.83%)
Epoch 47 [0/84843] Loss: 0.872245
Epoch 47 [35000/84843] Loss: 0.695193
Epoch 47 [70000/84843] Loss: 0.622127
Epoch 47 - Avg Loss: 0.595661 | Train Acc: 87.48%
Val: loss=0.5039, acc=10054/10975 (91.61%)
Epoch 48 [0/84843] Loss: 0.664698
Epoch 48 [35000/84843] Loss: 0.630972
Epoch 48 [70000/84843] Loss: 0.578692
Epoch 48 - Avg Loss: 0.590758 | Train Acc: 87.56%
Val: loss=0.4823, acc=10160/10975 (92.57%)
saved best: 92.57%
Epoch 49 [0/84843] Loss: 0.520618
Epoch 49 [35000/84843] Loss: 0.754552
Epoch 49 [70000/84843] Loss: 0.620190
Epoch 49 - Avg Loss: 0.577522 | Train Acc: 88.05%
Val: loss=0.4878, acc=10134/10975 (92.34%)
Epoch 50 [0/84843] Loss: 0.628924
Epoch 50 [35000/84843] Loss: 0.539052
Epoch 50 [70000/84843] Loss: 0.574981
Epoch 50 - Avg Loss: 0.580407 | Train Acc: 87.94%
Val: loss=0.4801, acc=10173/10975 (92.69%)
saved best: 92.69%
Epoch 51 [0/84843] Loss: 0.723480
Epoch 51 [35000/84843] Loss: 0.492630
Epoch 51 [70000/84843] Loss: 0.482539
Epoch 51 - Avg Loss: 0.580321 | Train Acc: 88.03%
Val: loss=0.4696, acc=10211/10975 (93.04%)
saved best: 93.04%
Epoch 52 [0/84843] Loss: 0.422488
Epoch 52 [35000/84843] Loss: 0.438840
Epoch 52 [70000/84843] Loss: 0.457850
Epoch 52 - Avg Loss: 0.566993 | Train Acc: 88.49%
Val: loss=0.4737, acc=10189/10975 (92.84%)
Epoch 53 [0/84843] Loss: 0.702109
Epoch 53 [35000/84843] Loss: 0.669940
Epoch 53 [70000/84843] Loss: 0.484649
Epoch 53 - Avg Loss: 0.577561 | Train Acc: 87.99%
Val: loss=0.4829, acc=10166/10975 (92.63%)
Epoch 54 [0/84843] Loss: 0.518966
Epoch 54 [35000/84843] Loss: 0.615830
Epoch 54 [70000/84843] Loss: 0.834848
Epoch 54 - Avg Loss: 0.565165 | Train Acc: 88.53%
Val: loss=0.4826, acc=10158/10975 (92.56%)
Epoch 55 [0/84843] Loss: 0.373439
Epoch 55 [35000/84843] Loss: 0.940147
Epoch 55 [70000/84843] Loss: 0.453840
Epoch 55 - Avg Loss: 0.570729 | Train Acc: 88.17%
Val: loss=0.4662, acc=10234/10975 (93.25%)
saved best: 93.25%
Epoch 56 [0/84843] Loss: 0.499305
Epoch 56 [35000/84843] Loss: 0.393943
Epoch 56 [70000/84843] Loss: 0.624508
Epoch 56 - Avg Loss: 0.563290 | Train Acc: 88.63%
Val: loss=0.4857, acc=10144/10975 (92.43%)
Epoch 57 [0/84843] Loss: 0.716255
Epoch 57 [35000/84843] Loss: 0.446675
Epoch 57 [70000/84843] Loss: 0.579742
Epoch 57 - Avg Loss: 0.560313 | Train Acc: 88.79%
Val: loss=0.4753, acc=10181/10975 (92.77%)
Epoch 58 [0/84843] Loss: 0.484118
Epoch 58 [35000/84843] Loss: 0.793037
Epoch 58 [70000/84843] Loss: 0.768621
Epoch 58 - Avg Loss: 0.552126 | Train Acc: 89.03%
Val: loss=0.4604, acc=10225/10975 (93.17%)
Epoch 59 [0/84843] Loss: 0.652391
Epoch 59 [35000/84843] Loss: 0.678818
Epoch 59 [70000/84843] Loss: 0.591905
Epoch 59 - Avg Loss: 0.545023 | Train Acc: 89.29%
Val: loss=0.4592, acc=10254/10975 (93.43%)
saved best: 93.43%
Epoch 60 [0/84843] Loss: 0.370033
Epoch 60 [35000/84843] Loss: 0.870069
Epoch 60 [70000/84843] Loss: 0.540743
Epoch 60 - Avg Loss: 0.547290 | Train Acc: 89.21%
Val: loss=0.4593, acc=10255/10975 (93.44%)
saved best: 93.44%
Epoch 61 [0/84843] Loss: 0.482224
Epoch 61 [35000/84843] Loss: 0.530458
Epoch 61 [70000/84843] Loss: 0.406821
Epoch 61 - Avg Loss: 0.547909 | Train Acc: 89.14%
Val: loss=0.4618, acc=10243/10975 (93.33%)
Epoch 62 [0/84843] Loss: 0.476288
Epoch 62 [35000/84843] Loss: 0.533702
Epoch 62 [70000/84843] Loss: 0.392376
Epoch 62 - Avg Loss: 0.550984 | Train Acc: 89.05%
Val: loss=0.4535, acc=10269/10975 (93.57%)
saved best: 93.57%
Epoch 63 [0/84843] Loss: 0.384530
Epoch 63 [35000/84843] Loss: 0.456797
Epoch 63 [70000/84843] Loss: 0.574425
Epoch 63 - Avg Loss: 0.547048 | Train Acc: 89.22%
Val: loss=0.4557, acc=10256/10975 (93.45%)
Epoch 64 [0/84843] Loss: 0.416343
Epoch 64 [35000/84843] Loss: 0.951765
Epoch 64 [70000/84843] Loss: 0.337299
Epoch 64 - Avg Loss: 0.542157 | Train Acc: 89.36%
Val: loss=0.4552, acc=10233/10975 (93.24%)
Epoch 65 [0/84843] Loss: 0.624758
Epoch 65 [35000/84843] Loss: 0.420894
Epoch 65 [70000/84843] Loss: 0.911895
Epoch 65 - Avg Loss: 0.542525 | Train Acc: 89.36%
Val: loss=0.4586, acc=10271/10975 (93.59%)
saved best: 93.59%
Epoch 66 [0/84843] Loss: 0.400578
Epoch 66 [35000/84843] Loss: 0.308697
Epoch 66 [70000/84843] Loss: 0.422605
Epoch 66 - Avg Loss: 0.530326 | Train Acc: 89.87%
Val: loss=0.4636, acc=10207/10975 (93.00%)
Epoch 67 [0/84843] Loss: 0.369056
Epoch 67 [35000/84843] Loss: 0.330449
Epoch 67 [70000/84843] Loss: 0.623914
Epoch 67 - Avg Loss: 0.536891 | Train Acc: 89.60%
Val: loss=0.4454, acc=10299/10975 (93.84%)
saved best: 93.84%
Epoch 68 [0/84843] Loss: 0.385218
Epoch 68 [35000/84843] Loss: 0.374023
Epoch 68 [70000/84843] Loss: 0.394365
Epoch 68 - Avg Loss: 0.541255 | Train Acc: 89.30%
Val: loss=0.4589, acc=10235/10975 (93.26%)
Epoch 69 [0/84843] Loss: 0.747080
Epoch 69 [35000/84843] Loss: 0.656592
Epoch 69 [70000/84843] Loss: 0.590507
Epoch 69 - Avg Loss: 0.528296 | Train Acc: 89.91%
Val: loss=0.4484, acc=10268/10975 (93.56%)
Epoch 70 [0/84843] Loss: 0.857148
Epoch 70 [35000/84843] Loss: 0.463554
Epoch 70 [70000/84843] Loss: 0.478658
Epoch 70 - Avg Loss: 0.529962 | Train Acc: 89.88%
Val: loss=0.4522, acc=10267/10975 (93.55%)
Epoch 71 [0/84843] Loss: 0.419340
Epoch 71 [35000/84843] Loss: 0.635808
Epoch 71 [70000/84843] Loss: 0.777473
Epoch 71 - Avg Loss: 0.530934 | Train Acc: 89.83%
Val: loss=0.4462, acc=10302/10975 (93.87%)
saved best: 93.87%
Epoch 72 [0/84843] Loss: 0.363502
Epoch 72 [35000/84843] Loss: 0.699802
Epoch 72 [70000/84843] Loss: 0.370059
Epoch 72 - Avg Loss: 0.528514 | Train Acc: 89.91%
Val: loss=0.4486, acc=10274/10975 (93.61%)
Epoch 73 [0/84843] Loss: 0.784696
Epoch 73 [35000/84843] Loss: 0.684187
Epoch 73 [70000/84843] Loss: 0.346058
Epoch 73 - Avg Loss: 0.531209 | Train Acc: 89.67%
Val: loss=0.4552, acc=10257/10975 (93.46%)
Epoch 74 [0/84843] Loss: 0.525750
Epoch 74 [35000/84843] Loss: 0.373274
Epoch 74 [70000/84843] Loss: 0.345604
Epoch 74 - Avg Loss: 0.530284 | Train Acc: 89.73%
Val: loss=0.4431, acc=10274/10975 (93.61%)
Epoch 75 [0/84843] Loss: 0.682132
Epoch 75 [35000/84843] Loss: 0.615252
Epoch 75 [70000/84843] Loss: 0.330397
Epoch 75 - Avg Loss: 0.526880 | Train Acc: 89.97%
Val: loss=0.4399, acc=10308/10975 (93.92%)
saved best: 93.92%
Epoch 76 [0/84843] Loss: 0.486469
Epoch 76 [35000/84843] Loss: 0.507883
Epoch 76 [70000/84843] Loss: 0.828669
Epoch 76 - Avg Loss: 0.520178 | Train Acc: 90.13%
Val: loss=0.4426, acc=10321/10975 (94.04%)
saved best: 94.04%
Epoch 77 [0/84843] Loss: 0.573153
Epoch 77 [35000/84843] Loss: 0.303945
Epoch 77 [70000/84843] Loss: 0.377855
Epoch 77 - Avg Loss: 0.516088 | Train Acc: 90.34%
Val: loss=0.4592, acc=10252/10975 (93.41%)
Epoch 78 [0/84843] Loss: 0.524956
Epoch 78 [35000/84843] Loss: 0.470756
Epoch 78 [70000/84843] Loss: 0.435550
Epoch 78 - Avg Loss: 0.521145 | Train Acc: 90.06%
Val: loss=0.4313, acc=10351/10975 (94.31%)
saved best: 94.31%
Epoch 79 [0/84843] Loss: 0.590533
Epoch 79 [35000/84843] Loss: 0.481735
Epoch 79 [70000/84843] Loss: 0.553200
Epoch 79 - Avg Loss: 0.519455 | Train Acc: 90.28%
Val: loss=0.4291, acc=10349/10975 (94.30%)
Epoch 80 [0/84843] Loss: 0.482700
Epoch 80 [35000/84843] Loss: 0.426060
Epoch 80 [70000/84843] Loss: 0.421091
Epoch 80 - Avg Loss: 0.519880 | Train Acc: 90.27%
Val: loss=0.4570, acc=10219/10975 (93.11%)
Epoch 81 [0/84843] Loss: 0.892950
Epoch 81 [35000/84843] Loss: 0.421551
Epoch 81 [70000/84843] Loss: 0.374138
Epoch 81 - Avg Loss: 0.519529 | Train Acc: 90.14%
Val: loss=0.4371, acc=10319/10975 (94.02%)
Epoch 82 [0/84843] Loss: 0.314563
Epoch 82 [35000/84843] Loss: 0.358592
Epoch 82 [70000/84843] Loss: 0.361499
Epoch 82 - Avg Loss: 0.511803 | Train Acc: 90.49%
Val: loss=0.4369, acc=10341/10975 (94.22%)
Epoch 83 [0/84843] Loss: 0.522725
Epoch 83 [35000/84843] Loss: 0.440509
Epoch 83 [70000/84843] Loss: 0.468660
Epoch 83 - Avg Loss: 0.512248 | Train Acc: 90.54%
Val: loss=0.4436, acc=10304/10975 (93.89%)
Epoch 84 [0/84843] Loss: 0.630453
Epoch 84 [35000/84843] Loss: 0.398487
Epoch 84 [70000/84843] Loss: 0.550470
Epoch 84 - Avg Loss: 0.513669 | Train Acc: 90.46%
Val: loss=0.4335, acc=10303/10975 (93.88%)
Epoch 85 [0/84843] Loss: 0.408299
Epoch 85 [35000/84843] Loss: 0.766989
Epoch 85 [70000/84843] Loss: 0.593781
Epoch 85 - Avg Loss: 0.516552 | Train Acc: 90.25%
Val: loss=0.4211, acc=10382/10975 (94.60%)
saved best: 94.60%
Epoch 86 [0/84843] Loss: 0.504793
Epoch 86 [35000/84843] Loss: 0.308508
Epoch 86 [70000/84843] Loss: 0.396823
Epoch 86 - Avg Loss: 0.511617 | Train Acc: 90.51%
Val: loss=0.4453, acc=10284/10975 (93.70%)
Epoch 87 [0/84843] Loss: 0.369333
Epoch 87 [35000/84843] Loss: 0.407718
Epoch 87 [70000/84843] Loss: 0.778582
Epoch 87 - Avg Loss: 0.509141 | Train Acc: 90.68%
Val: loss=0.4303, acc=10346/10975 (94.27%)
Epoch 88 [0/84843] Loss: 0.766988
Epoch 88 [35000/84843] Loss: 0.390621
Epoch 88 [70000/84843] Loss: 0.844016
Epoch 88 - Avg Loss: 0.503525 | Train Acc: 90.84%
Val: loss=0.4470, acc=10306/10975 (93.90%)
Epoch 89 [0/84843] Loss: 0.557686
Epoch 89 [35000/84843] Loss: 0.349544
Epoch 89 [70000/84843] Loss: 0.324121
Epoch 89 - Avg Loss: 0.501048 | Train Acc: 90.90%
Val: loss=0.4218, acc=10405/10975 (94.81%)
saved best: 94.81%
Epoch 90 [0/84843] Loss: 0.307520
Epoch 90 [35000/84843] Loss: 0.402247
Epoch 90 [70000/84843] Loss: 0.362230
Epoch 90 - Avg Loss: 0.504897 | Train Acc: 90.69%
Val: loss=0.4330, acc=10329/10975 (94.11%)
Epoch 91 [0/84843] Loss: 0.551883
Epoch 91 [35000/84843] Loss: 0.509262
Epoch 91 [70000/84843] Loss: 0.500417
Epoch 91 - Avg Loss: 0.506677 | Train Acc: 90.73%
Val: loss=0.4689, acc=10199/10975 (92.93%)
Epoch 92 [0/84843] Loss: 0.354714
Epoch 92 [35000/84843] Loss: 0.369398
Epoch 92 [70000/84843] Loss: 0.355820
Epoch 92 - Avg Loss: 0.497976 | Train Acc: 91.06%
Val: loss=0.4251, acc=10379/10975 (94.57%)
Epoch 93 [0/84843] Loss: 0.442060
Epoch 93 [35000/84843] Loss: 0.482640
Epoch 93 [70000/84843] Loss: 0.469860
Epoch 93 - Avg Loss: 0.503834 | Train Acc: 90.88%
Val: loss=0.4151, acc=10400/10975 (94.76%)
Epoch 94 [0/84843] Loss: 0.376331
Epoch 94 [35000/84843] Loss: 0.380492
Epoch 94 [70000/84843] Loss: 0.433854
Epoch 94 - Avg Loss: 0.505872 | Train Acc: 90.71%
Val: loss=0.4250, acc=10352/10975 (94.32%)
Epoch 95 [0/84843] Loss: 0.398619
Epoch 95 [35000/84843] Loss: 0.325844
Epoch 95 [70000/84843] Loss: 0.380127
Epoch 95 - Avg Loss: 0.503567 | Train Acc: 90.80%
Val: loss=0.4267, acc=10362/10975 (94.41%)
Epoch 96 [0/84843] Loss: 0.743657
Epoch 96 [35000/84843] Loss: 0.653161
Epoch 96 [70000/84843] Loss: 0.443504
Epoch 96 - Avg Loss: 0.502120 | Train Acc: 90.92%
Val: loss=0.4410, acc=10292/10975 (93.78%)
Epoch 97 [0/84843] Loss: 0.307215
Epoch 97 [35000/84843] Loss: 0.490950
Epoch 97 [70000/84843] Loss: 0.400773
Epoch 97 - Avg Loss: 0.496972 | Train Acc: 91.09%
Val: loss=0.4264, acc=10374/10975 (94.52%)
Epoch 98 [0/84843] Loss: 0.856829
Epoch 98 [35000/84843] Loss: 0.346581
Epoch 98 [70000/84843] Loss: 0.617268
Epoch 98 - Avg Loss: 0.500651 | Train Acc: 90.91%
Val: loss=0.4254, acc=10373/10975 (94.51%)
Epoch 99 [0/84843] Loss: 0.562878
Epoch 99 [35000/84843] Loss: 0.447631
Epoch 99 [70000/84843] Loss: 0.365360
Epoch 99 - Avg Loss: 0.503617 | Train Acc: 90.74%
Val: loss=0.4310, acc=10339/10975 (94.21%)
Epoch 100 [0/84843] Loss: 0.526247
Epoch 100 [35000/84843] Loss: 0.831680
Epoch 100 [70000/84843] Loss: 0.458703
Epoch 100 - Avg Loss: 0.492196 | Train Acc: 91.27%
Val: loss=0.4271, acc=10358/10975 (94.38%)
Epoch 101 [0/84843] Loss: 0.525173
Epoch 101 [35000/84843] Loss: 0.845595
Epoch 101 [70000/84843] Loss: 0.484146
Epoch 101 - Avg Loss: 0.505565 | Train Acc: 90.70%
Val: loss=0.4634, acc=10208/10975 (93.01%)
Epoch 102 [0/84843] Loss: 0.347909
Epoch 102 [35000/84843] Loss: 0.564475
Epoch 102 [70000/84843] Loss: 0.311340
Epoch 102 - Avg Loss: 0.494623 | Train Acc: 91.25%
Val: loss=0.4238, acc=10361/10975 (94.41%)
Epoch 103 [0/84843] Loss: 0.741221
Epoch 103 [35000/84843] Loss: 0.511395
Epoch 103 [70000/84843] Loss: 0.561111
Epoch 103 - Avg Loss: 0.503437 | Train Acc: 90.87%
Val: loss=0.4571, acc=10221/10975 (93.13%)
Epoch 104 [0/84843] Loss: 0.478930
Epoch 104 [35000/84843] Loss: 0.294376
Epoch 104 [70000/84843] Loss: 0.429553
Epoch 104 - Avg Loss: 0.498322 | Train Acc: 90.97%
Val: loss=0.4237, acc=10369/10975 (94.48%)
Epoch 105 [0/84843] Loss: 0.431390
Epoch 105 [35000/84843] Loss: 0.345469
Epoch 105 [70000/84843] Loss: 0.572179
Epoch 105 - Avg Loss: 0.495927 | Train Acc: 91.15%
Val: loss=0.4341, acc=10328/10975 (94.10%)
Epoch 106 [0/84843] Loss: 0.357831
Epoch 106 [35000/84843] Loss: 0.449221
Epoch 106 [70000/84843] Loss: 0.284855
Epoch 106 - Avg Loss: 0.492908 | Train Acc: 91.22%
Val: loss=0.4387, acc=10321/10975 (94.04%)
Epoch 107 [0/84843] Loss: 0.695146
Epoch 107 [35000/84843] Loss: 0.512572
Epoch 107 [70000/84843] Loss: 0.717320
Epoch 107 - Avg Loss: 0.496741 | Train Acc: 91.02%
Val: loss=0.4221, acc=10389/10975 (94.66%)
Epoch 108 [0/84843] Loss: 0.444479
Epoch 108 [35000/84843] Loss: 0.332187
Epoch 108 [70000/84843] Loss: 0.309490
Epoch 108 - Avg Loss: 0.496023 | Train Acc: 91.04%
Val: loss=0.4318, acc=10339/10975 (94.21%)
Epoch 109 [0/84843] Loss: 0.466745
Epoch 109 [35000/84843] Loss: 0.449105
Epoch 109 [70000/84843] Loss: 0.540549
Epoch 109 - Avg Loss: 0.494138 | Train Acc: 91.18%
Val: loss=0.4343, acc=10312/10975 (93.96%)
Epoch 110 [0/84843] Loss: 0.319997
Epoch 110 [35000/84843] Loss: 0.938216
Epoch 110 [70000/84843] Loss: 0.374933
Epoch 110 - Avg Loss: 0.490602 | Train Acc: 91.24%
Val: loss=0.4864, acc=10103/10975 (92.05%)
Epoch 111 [0/84843] Loss: 0.392055
Epoch 111 [35000/84843] Loss: 0.598460
Epoch 111 [70000/84843] Loss: 0.501621
Epoch 111 - Avg Loss: 0.494577 | Train Acc: 91.10%
Val: loss=0.4171, acc=10399/10975 (94.75%)
Epoch 112 [0/84843] Loss: 0.542241
Epoch 112 [35000/84843] Loss: 0.520053
Epoch 112 [70000/84843] Loss: 0.539341
Epoch 112 - Avg Loss: 0.495767 | Train Acc: 91.12%
Val: loss=0.4412, acc=10320/10975 (94.03%)
Epoch 113 [0/84843] Loss: 0.630044
Epoch 113 [35000/84843] Loss: 0.378539
Epoch 113 [70000/84843] Loss: 0.600742
Epoch 113 - Avg Loss: 0.496064 | Train Acc: 91.12%
Val: loss=0.4358, acc=10310/10975 (93.94%)
Epoch 114 [0/84843] Loss: 0.447196
Epoch 114 [35000/84843] Loss: 0.490478
Epoch 114 [70000/84843] Loss: 0.535197
Epoch 114 - Avg Loss: 0.495875 | Train Acc: 91.06%
Val: loss=0.4316, acc=10335/10975 (94.17%)
Epoch 115 [0/84843] Loss: 0.897195
Epoch 115 [35000/84843] Loss: 0.413953
Epoch 115 [70000/84843] Loss: 0.688848
Epoch 115 - Avg Loss: 0.489604 | Train Acc: 91.27%
Val: loss=0.4339, acc=10335/10975 (94.17%)
Epoch 116 [0/84843] Loss: 0.476810
Epoch 116 [35000/84843] Loss: 0.488496
Epoch 116 [70000/84843] Loss: 1.007971
Epoch 116 - Avg Loss: 0.489278 | Train Acc: 91.30%
Val: loss=0.4281, acc=10362/10975 (94.41%)
Epoch 117 [0/84843] Loss: 0.363479
Epoch 117 [35000/84843] Loss: 0.300213
Epoch 117 [70000/84843] Loss: 0.307452
Epoch 117 - Avg Loss: 0.491856 | Train Acc: 91.18%
Val: loss=0.4313, acc=10348/10975 (94.29%)
Epoch 118 [0/84843] Loss: 0.479007
Epoch 118 [35000/84843] Loss: 0.531078
Epoch 118 [70000/84843] Loss: 0.367720
Epoch 118 - Avg Loss: 0.492514 | Train Acc: 91.17%
Val: loss=0.4225, acc=10349/10975 (94.30%)
Epoch 119 [0/84843] Loss: 0.612605
Epoch 119 [35000/84843] Loss: 0.545628
Epoch 119 [70000/84843] Loss: 0.308631
Epoch 119 - Avg Loss: 0.480774 | Train Acc: 91.66%
Val: loss=0.4186, acc=10376/10975 (94.54%)
Epoch 120 [0/84843] Loss: 0.350131
Epoch 120 [35000/84843] Loss: 0.622789
Epoch 120 [70000/84843] Loss: 0.424739
Epoch 120 - Avg Loss: 0.487419 | Train Acc: 91.45%
Val: loss=0.4461, acc=10287/10975 (93.73%)
Epoch 121 [0/84843] Loss: 0.326163
Epoch 121 [35000/84843] Loss: 0.599875
Epoch 121 [70000/84843] Loss: 0.509495
Epoch 121 - Avg Loss: 0.493333 | Train Acc: 91.25%
Val: loss=0.4221, acc=10377/10975 (94.55%)
Epoch 122 [0/84843] Loss: 0.451687
Epoch 122 [35000/84843] Loss: 0.377731
Epoch 122 [70000/84843] Loss: 0.605994
Epoch 122 - Avg Loss: 0.490132 | Train Acc: 91.28%
Val: loss=0.4241, acc=10363/10975 (94.42%)
Epoch 123 [0/84843] Loss: 0.610957
Epoch 123 [35000/84843] Loss: 0.521349
Epoch 123 [70000/84843] Loss: 0.453568
Epoch 123 - Avg Loss: 0.483924 | Train Acc: 91.52%
Val: loss=0.4139, acc=10394/10975 (94.71%)
Epoch 124 [0/84843] Loss: 0.897116
Epoch 124 [35000/84843] Loss: 0.313529
Epoch 124 [70000/84843] Loss: 0.302250
Epoch 124 - Avg Loss: 0.490458 | Train Acc: 91.24%
Val: loss=0.4131, acc=10409/10975 (94.84%)
saved best: 94.84%
Epoch 125 [0/84843] Loss: 0.308337
Epoch 125 [35000/84843] Loss: 0.593124
Epoch 125 [70000/84843] Loss: 0.385666
Epoch 125 - Avg Loss: 0.490027 | Train Acc: 91.25%
Val: loss=0.4452, acc=10285/10975 (93.71%)
Epoch 126 [0/84843] Loss: 0.688359
Epoch 126 [35000/84843] Loss: 0.651353
Epoch 126 [70000/84843] Loss: 0.491464
Epoch 126 - Avg Loss: 0.483550 | Train Acc: 91.52%
Val: loss=0.4225, acc=10358/10975 (94.38%)
Epoch 127 [0/84843] Loss: 0.397709
Epoch 127 [35000/84843] Loss: 0.543944
Epoch 127 [70000/84843] Loss: 0.484990
Epoch 127 - Avg Loss: 0.483695 | Train Acc: 91.53%
Val: loss=0.4123, acc=10430/10975 (95.03%)
saved best: 95.03%
Epoch 128 [0/84843] Loss: 1.017917
Epoch 128 [35000/84843] Loss: 0.892394
Epoch 128 [70000/84843] Loss: 0.336633
Epoch 128 - Avg Loss: 0.487748 | Train Acc: 91.32%
Val: loss=0.4314, acc=10326/10975 (94.09%)
Epoch 129 [0/84843] Loss: 0.431184
Epoch 129 [35000/84843] Loss: 0.596771
Epoch 129 [70000/84843] Loss: 0.677055
Epoch 129 - Avg Loss: 0.492623 | Train Acc: 91.13%
Val: loss=0.4327, acc=10340/10975 (94.21%)
Epoch 130 [0/84843] Loss: 0.545826
Epoch 130 [35000/84843] Loss: 0.353248
Epoch 130 [70000/84843] Loss: 0.398317
Epoch 130 - Avg Loss: 0.488622 | Train Acc: 91.28%
Val: loss=0.4169, acc=10389/10975 (94.66%)
Epoch 131 [0/84843] Loss: 0.551084
Epoch 131 [35000/84843] Loss: 0.395718
Epoch 131 [70000/84843] Loss: 0.304242
Epoch 131 - Avg Loss: 0.486069 | Train Acc: 91.51%
Val: loss=0.4257, acc=10370/10975 (94.49%)
Epoch 132 [0/84843] Loss: 0.441706
Epoch 132 [35000/84843] Loss: 0.357568
Epoch 132 [70000/84843] Loss: 0.896806
Epoch 132 - Avg Loss: 0.484959 | Train Acc: 91.53%
Val: loss=0.4184, acc=10386/10975 (94.63%)
Epoch 133 [0/84843] Loss: 0.366214
Epoch 133 [35000/84843] Loss: 0.604168
Epoch 133 [70000/84843] Loss: 0.666302
Epoch 133 - Avg Loss: 0.495453 | Train Acc: 91.04%
Val: loss=0.4182, acc=10382/10975 (94.60%)
Epoch 134 [0/84843] Loss: 0.562881
Epoch 134 [35000/84843] Loss: 0.502554
Epoch 134 [70000/84843] Loss: 0.321493
Epoch 134 - Avg Loss: 0.488752 | Train Acc: 91.34%
Val: loss=0.4144, acc=10406/10975 (94.82%)
Epoch 135 [0/84843] Loss: 0.401981
Epoch 135 [35000/84843] Loss: 0.403666
Epoch 135 [70000/84843] Loss: 0.397927
Epoch 135 - Avg Loss: 0.487915 | Train Acc: 91.38%
Val: loss=0.4234, acc=10362/10975 (94.41%)
Epoch 136 [0/84843] Loss: 0.365054
Epoch 136 [35000/84843] Loss: 0.350313
Epoch 136 [70000/84843] Loss: 0.352248
Epoch 136 - Avg Loss: 0.479946 | Train Acc: 91.68%
Val: loss=0.4191, acc=10402/10975 (94.78%)
Epoch 137 [0/84843] Loss: 0.679717
Epoch 137 [35000/84843] Loss: 0.430756
Epoch 137 [70000/84843] Loss: 0.402399
Epoch 137 - Avg Loss: 0.488936 | Train Acc: 91.38%
Val: loss=0.4306, acc=10342/10975 (94.23%)
Epoch 138 [0/84843] Loss: 0.318596
Epoch 138 [35000/84843] Loss: 0.374607
Epoch 138 [70000/84843] Loss: 0.599381
Epoch 138 - Avg Loss: 0.482729 | Train Acc: 91.52%
Val: loss=0.4300, acc=10342/10975 (94.23%)
Epoch 139 [0/84843] Loss: 0.547856
Epoch 139 [35000/84843] Loss: 0.659867
Epoch 139 [70000/84843] Loss: 0.367445
Epoch 139 - Avg Loss: 0.482874 | Train Acc: 91.58%
Val: loss=0.4200, acc=10389/10975 (94.66%)
Epoch 140 [0/84843] Loss: 0.398410
Epoch 140 [35000/84843] Loss: 0.551179
Epoch 140 [70000/84843] Loss: 0.784373
Epoch 140 - Avg Loss: 0.485289 | Train Acc: 91.40%
Val: loss=0.4138, acc=10406/10975 (94.82%)
Epoch 141 [0/84843] Loss: 0.654102
Epoch 141 [35000/84843] Loss: 0.573860
Epoch 141 [70000/84843] Loss: 0.297303
Epoch 141 - Avg Loss: 0.479779 | Train Acc: 91.75%
Val: loss=0.4238, acc=10344/10975 (94.25%)
Epoch 142 [0/84843] Loss: 0.536456
Epoch 142 [35000/84843] Loss: 0.403903
Epoch 142 [70000/84843] Loss: 0.446982
Epoch 142 - Avg Loss: 0.482306 | Train Acc: 91.59%
Val: loss=0.4348, acc=10308/10975 (93.92%)
Epoch 143 [0/84843] Loss: 0.631066
Epoch 143 [35000/84843] Loss: 0.405248
Epoch 143 [70000/84843] Loss: 0.422360
Epoch 143 - Avg Loss: 0.483491 | Train Acc: 91.59%
Val: loss=0.4253, acc=10361/10975 (94.41%)
Epoch 144 [0/84843] Loss: 0.624455
Epoch 144 [35000/84843] Loss: 0.577691
Epoch 144 [70000/84843] Loss: 0.981658
Epoch 144 - Avg Loss: 0.481532 | Train Acc: 91.64%
Val: loss=0.4148, acc=10390/10975 (94.67%)
Epoch 145 [0/84843] Loss: 0.334377
Epoch 145 [35000/84843] Loss: 0.581117
Epoch 145 [70000/84843] Loss: 0.306709
Epoch 145 - Avg Loss: 0.481877 | Train Acc: 91.58%
Val: loss=0.4235, acc=10391/10975 (94.68%)
Epoch 146 [0/84843] Loss: 0.380943
Epoch 146 [35000/84843] Loss: 0.368832
Epoch 146 [70000/84843] Loss: 0.623386
Epoch 146 - Avg Loss: 0.479576 | Train Acc: 91.68%
Val: loss=0.4306, acc=10333/10975 (94.15%)
Epoch 147 [0/84843] Loss: 0.439767
Epoch 147 [35000/84843] Loss: 0.361887
Epoch 147 [70000/84843] Loss: 0.575898
Epoch 147 - Avg Loss: 0.486188 | Train Acc: 91.36%
Val: loss=0.4203, acc=10384/10975 (94.62%)
Epoch 148 [0/84843] Loss: 0.333209
Epoch 148 [35000/84843] Loss: 0.449066
Epoch 148 [70000/84843] Loss: 0.365302
Epoch 148 - Avg Loss: 0.484652 | Train Acc: 91.45%
Val: loss=0.4151, acc=10389/10975 (94.66%)
Epoch 149 [0/84843] Loss: 0.529553
Epoch 149 [35000/84843] Loss: 0.551399
Epoch 149 [70000/84843] Loss: 0.309640
Epoch 149 - Avg Loss: 0.480381 | Train Acc: 91.62%
Val: loss=0.4154, acc=10416/10975 (94.91%)
Epoch 150 [0/84843] Loss: 0.347955
Epoch 150 [35000/84843] Loss: 0.359970
Epoch 150 [70000/84843] Loss: 0.422580
Epoch 150 - Avg Loss: 0.479563 | Train Acc: 91.65%
Val: loss=0.4117, acc=10408/10975 (94.83%)
Epoch 151 [0/84843] Loss: 0.767185
Epoch 151 [35000/84843] Loss: 0.570410
Epoch 151 [70000/84843] Loss: 0.503315
Epoch 151 - Avg Loss: 0.476978 | Train Acc: 91.80%
Val: loss=0.4179, acc=10381/10975 (94.59%)
Epoch 152 [0/84843] Loss: 0.901078
Epoch 152 [35000/84843] Loss: 0.531304
Epoch 152 [70000/84843] Loss: 0.687366
Epoch 152 - Avg Loss: 0.484299 | Train Acc: 91.52%
Val: loss=0.4357, acc=10301/10975 (93.86%)
Epoch 153 [0/84843] Loss: 0.558159
Epoch 153 [35000/84843] Loss: 0.375907
Epoch 153 [70000/84843] Loss: 0.389314
Epoch 153 - Avg Loss: 0.477569 | Train Acc: 91.76%
Val: loss=0.4266, acc=10356/10975 (94.36%)
Epoch 154 [0/84843] Loss: 0.334344
Epoch 154 [35000/84843] Loss: 0.599122
Epoch 154 [70000/84843] Loss: 0.458114
Epoch 154 - Avg Loss: 0.475171 | Train Acc: 91.91%
Val: loss=0.4137, acc=10418/10975 (94.92%)
Epoch 155 [0/84843] Loss: 0.530693
Epoch 155 [35000/84843] Loss: 0.336835
Epoch 155 [70000/84843] Loss: 0.637363
Epoch 155 - Avg Loss: 0.472408 | Train Acc: 91.99%
Val: loss=0.4151, acc=10415/10975 (94.90%)
Epoch 156 [0/84843] Loss: 0.423528
Epoch 156 [35000/84843] Loss: 0.468326
Epoch 156 [70000/84843] Loss: 0.499819
Epoch 156 - Avg Loss: 0.482483 | Train Acc: 91.62%
Val: loss=0.4145, acc=10397/10975 (94.73%)
Epoch 157 [0/84843] Loss: 0.473585
Epoch 157 [35000/84843] Loss: 0.767493
Epoch 157 [70000/84843] Loss: 0.450553
Epoch 157 - Avg Loss: 0.476110 | Train Acc: 91.91%
Val: loss=0.4189, acc=10372/10975 (94.51%)
Epoch 158 [0/84843] Loss: 0.393709
Epoch 158 [35000/84843] Loss: 0.445278
Epoch 158 [70000/84843] Loss: 0.356606
Epoch 158 - Avg Loss: 0.475183 | Train Acc: 91.86%
Val: loss=0.4275, acc=10359/10975 (94.39%)
Epoch 159 [0/84843] Loss: 0.304177
Epoch 159 [35000/84843] Loss: 0.361270
Epoch 159 [70000/84843] Loss: 0.814116
Epoch 159 - Avg Loss: 0.479735 | Train Acc: 91.72%
Val: loss=0.4215, acc=10385/10975 (94.62%)
Epoch 160 [0/84843] Loss: 0.501502
Epoch 160 [35000/84843] Loss: 0.630153
Epoch 160 [70000/84843] Loss: 0.680810
Epoch 160 - Avg Loss: 0.481607 | Train Acc: 91.53%
Val: loss=0.4154, acc=10411/10975 (94.86%)
Epoch 161 [0/84843] Loss: 0.603933
Epoch 161 [35000/84843] Loss: 0.330248
Epoch 161 [70000/84843] Loss: 0.403312
Epoch 161 - Avg Loss: 0.475158 | Train Acc: 91.89%
Val: loss=0.4396, acc=10318/10975 (94.01%)
Epoch 162 [0/84843] Loss: 0.675773
Epoch 162 [35000/84843] Loss: 0.626296
Epoch 162 [70000/84843] Loss: 0.402420
Epoch 162 - Avg Loss: 0.478511 | Train Acc: 91.65%
Val: loss=0.4144, acc=10408/10975 (94.83%)
Epoch 163 [0/84843] Loss: 0.610077
Epoch 163 [35000/84843] Loss: 0.780837
Epoch 163 [70000/84843] Loss: 0.577422
Epoch 163 - Avg Loss: 0.476342 | Train Acc: 91.82%
Val: loss=0.4229, acc=10377/10975 (94.55%)
Epoch 164 [0/84843] Loss: 0.424394
Epoch 164 [35000/84843] Loss: 0.602929
Epoch 164 [70000/84843] Loss: 0.382891
Epoch 164 - Avg Loss: 0.469334 | Train Acc: 92.09%
Val: loss=0.4175, acc=10386/10975 (94.63%)
Epoch 165 [0/84843] Loss: 0.452166
Epoch 165 [35000/84843] Loss: 0.295080
Epoch 165 [70000/84843] Loss: 0.376757
Epoch 165 - Avg Loss: 0.478924 | Train Acc: 91.69%
Val: loss=0.4179, acc=10400/10975 (94.76%)
Epoch 166 [0/84843] Loss: 0.477439
Epoch 166 [35000/84843] Loss: 0.445551
Epoch 166 [70000/84843] Loss: 0.347699
Epoch 166 - Avg Loss: 0.478993 | Train Acc: 91.76%
Val: loss=0.4212, acc=10342/10975 (94.23%)
Epoch 167 [0/84843] Loss: 0.321130
Epoch 167 [35000/84843] Loss: 0.627719
Epoch 167 [70000/84843] Loss: 0.340647
Epoch 167 - Avg Loss: 0.475068 | Train Acc: 91.86%
Val: loss=0.4230, acc=10383/10975 (94.61%)
Epoch 168 [0/84843] Loss: 0.538173
Epoch 168 [35000/84843] Loss: 0.599533
Epoch 168 [70000/84843] Loss: 0.424801
Epoch 168 - Avg Loss: 0.473070 | Train Acc: 91.90%
Val: loss=0.4176, acc=10395/10975 (94.72%)
Epoch 169 [0/84843] Loss: 0.414244
Epoch 169 [35000/84843] Loss: 0.620753
Epoch 169 [70000/84843] Loss: 0.376753
Epoch 169 - Avg Loss: 0.477138 | Train Acc: 91.69%
Val: loss=0.4182, acc=10384/10975 (94.62%)
Epoch 170 [0/84843] Loss: 0.414980
Epoch 170 [35000/84843] Loss: 0.353515
Epoch 170 [70000/84843] Loss: 0.676560
Epoch 170 - Avg Loss: 0.471537 | Train Acc: 91.97%
Val: loss=0.4207, acc=10373/10975 (94.51%)
Epoch 171 [0/84843] Loss: 0.421568
Epoch 171 [35000/84843] Loss: 0.293020
Epoch 171 [70000/84843] Loss: 0.358610
Epoch 171 - Avg Loss: 0.479719 | Train Acc: 91.62%
Val: loss=0.4123, acc=10423/10975 (94.97%)
Epoch 172 [0/84843] Loss: 0.373649
Epoch 172 [35000/84843] Loss: 0.460293
Epoch 172 [70000/84843] Loss: 0.330406
Epoch 172 - Avg Loss: 0.475216 | Train Acc: 91.82%
Val: loss=0.4197, acc=10393/10975 (94.70%)
Epoch 173 [0/84843] Loss: 0.492287
Epoch 173 [35000/84843] Loss: 0.373450
Epoch 173 [70000/84843] Loss: 0.321615
Epoch 173 - Avg Loss: 0.470374 | Train Acc: 92.07%
Val: loss=0.4121, acc=10408/10975 (94.83%)
Epoch 174 [0/84843] Loss: 0.496998
Epoch 174 [35000/84843] Loss: 0.284673
Epoch 174 [70000/84843] Loss: 0.428348
Epoch 174 - Avg Loss: 0.468001 | Train Acc: 92.14%
Val: loss=0.4134, acc=10409/10975 (94.84%)
Epoch 175 [0/84843] Loss: 0.727372
Epoch 175 [35000/84843] Loss: 0.405589
Epoch 175 [70000/84843] Loss: 0.345286
Epoch 175 - Avg Loss: 0.468139 | Train Acc: 92.20%
Val: loss=0.4122, acc=10410/10975 (94.85%)
Epoch 176 [0/84843] Loss: 0.333017
Epoch 176 [35000/84843] Loss: 0.369957
Epoch 176 [70000/84843] Loss: 0.474879
Epoch 176 - Avg Loss: 0.472906 | Train Acc: 91.98%
Val: loss=0.4146, acc=10386/10975 (94.63%)
Epoch 177 [0/84843] Loss: 0.446636
Epoch 177 [35000/84843] Loss: 0.656354
Epoch 177 [70000/84843] Loss: 0.384688
Epoch 177 - Avg Loss: 0.475065 | Train Acc: 91.79%
Val: loss=0.4109, acc=10414/10975 (94.89%)
Epoch 178 [0/84843] Loss: 0.431909
Epoch 178 [35000/84843] Loss: 0.492028
Epoch 178 [70000/84843] Loss: 0.462758
Epoch 178 - Avg Loss: 0.470242 | Train Acc: 92.14%
Val: loss=0.4189, acc=10383/10975 (94.61%)
Epoch 179 [0/84843] Loss: 0.442615
Epoch 179 [35000/84843] Loss: 0.609466
Epoch 179 [70000/84843] Loss: 0.492117
Epoch 179 - Avg Loss: 0.470628 | Train Acc: 92.10%
Val: loss=0.4073, acc=10404/10975 (94.80%)
Epoch 180 [0/84843] Loss: 0.723632
Epoch 180 [35000/84843] Loss: 0.550385
Epoch 180 [70000/84843] Loss: 0.724320
Epoch 180 - Avg Loss: 0.474522 | Train Acc: 91.87%
Val: loss=0.4153, acc=10400/10975 (94.76%)
Epoch 181 [0/84843] Loss: 0.564487
Epoch 181 [35000/84843] Loss: 0.354034
Epoch 181 [70000/84843] Loss: 0.312032
Epoch 181 - Avg Loss: 0.471025 | Train Acc: 91.97%
Val: loss=0.4112, acc=10407/10975 (94.82%)
Epoch 182 [0/84843] Loss: 0.518150
Epoch 182 [35000/84843] Loss: 0.315118
Epoch 182 [70000/84843] Loss: 0.413920
Epoch 182 - Avg Loss: 0.469684 | Train Acc: 92.10%
Val: loss=0.4060, acc=10423/10975 (94.97%)
Epoch 183 [0/84843] Loss: 0.616714
Epoch 183 [35000/84843] Loss: 0.631349
Epoch 183 [70000/84843] Loss: 0.290122
Epoch 183 - Avg Loss: 0.472308 | Train Acc: 91.89%
Val: loss=0.4151, acc=10409/10975 (94.84%)
Epoch 184 [0/84843] Loss: 0.302167
Epoch 184 [35000/84843] Loss: 0.469006
Epoch 184 [70000/84843] Loss: 0.365791
Epoch 184 - Avg Loss: 0.469240 | Train Acc: 92.10%
Val: loss=0.4082, acc=10420/10975 (94.94%)
Epoch 185 [0/84843] Loss: 0.424443
Epoch 185 [35000/84843] Loss: 0.333740
Epoch 185 [70000/84843] Loss: 0.787479
Epoch 185 - Avg Loss: 0.470249 | Train Acc: 92.03%
Val: loss=0.4235, acc=10362/10975 (94.41%)
Epoch 186 [0/84843] Loss: 0.344837
Epoch 186 [35000/84843] Loss: 0.688794
Epoch 186 [70000/84843] Loss: 0.677003
Epoch 186 - Avg Loss: 0.467708 | Train Acc: 92.09%
Val: loss=0.4164, acc=10410/10975 (94.85%)
Epoch 187 [0/84843] Loss: 0.473567
Epoch 187 [35000/84843] Loss: 0.933893
Epoch 187 [70000/84843] Loss: 0.402903
Epoch 187 - Avg Loss: 0.471014 | Train Acc: 91.92%
Val: loss=0.4242, acc=10362/10975 (94.41%)
Epoch 188 [0/84843] Loss: 0.366236
Epoch 188 [35000/84843] Loss: 0.393239
Epoch 188 [70000/84843] Loss: 0.691895
Epoch 188 - Avg Loss: 0.470177 | Train Acc: 92.05%
Val: loss=0.4154, acc=10382/10975 (94.60%)
Epoch 189 [0/84843] Loss: 0.354035
Epoch 189 [35000/84843] Loss: 0.553623
Epoch 189 [70000/84843] Loss: 0.453641
Epoch 189 - Avg Loss: 0.470393 | Train Acc: 91.92%
Val: loss=0.4199, acc=10383/10975 (94.61%)
Epoch 190 [0/84843] Loss: 0.407000
Epoch 190 [35000/84843] Loss: 0.342501
Epoch 190 [70000/84843] Loss: 0.347675
Epoch 190 - Avg Loss: 0.472788 | Train Acc: 91.91%
Val: loss=0.4109, acc=10425/10975 (94.99%)
Epoch 191 [0/84843] Loss: 0.512255
Epoch 191 [35000/84843] Loss: 0.372805
Epoch 191 [70000/84843] Loss: 0.296960
Epoch 191 - Avg Loss: 0.466245 | Train Acc: 92.19%
Val: loss=0.4148, acc=10410/10975 (94.85%)
Epoch 192 [0/84843] Loss: 0.353900
Epoch 192 [35000/84843] Loss: 0.467560
Epoch 192 [70000/84843] Loss: 0.388934
Epoch 192 - Avg Loss: 0.464704 | Train Acc: 92.30%
Val: loss=0.4130, acc=10403/10975 (94.79%)
Epoch 193 [0/84843] Loss: 0.382919
Epoch 193 [35000/84843] Loss: 0.571549
Epoch 193 [70000/84843] Loss: 0.716586
Epoch 193 - Avg Loss: 0.472021 | Train Acc: 92.00%
Val: loss=0.4138, acc=10416/10975 (94.91%)
Epoch 194 [0/84843] Loss: 0.559197
Epoch 194 [35000/84843] Loss: 0.310515
Epoch 194 [70000/84843] Loss: 0.634257
Epoch 194 - Avg Loss: 0.465431 | Train Acc: 92.23%
Val: loss=0.4186, acc=10402/10975 (94.78%)
Epoch 195 [0/84843] Loss: 0.335262
Epoch 195 [35000/84843] Loss: 0.331606
Epoch 195 [70000/84843] Loss: 0.322726
Epoch 195 - Avg Loss: 0.469368 | Train Acc: 91.99%
Val: loss=0.4062, acc=10430/10975 (95.03%)
Epoch 196 [0/84843] Loss: 0.361108
Epoch 196 [35000/84843] Loss: 0.448618
Epoch 196 [70000/84843] Loss: 0.364799
Epoch 196 - Avg Loss: 0.468817 | Train Acc: 92.04%
Val: loss=0.4158, acc=10421/10975 (94.95%)
Epoch 197 [0/84843] Loss: 0.359891
Epoch 197 [35000/84843] Loss: 0.419254
Epoch 197 [70000/84843] Loss: 0.529557
Epoch 197 - Avg Loss: 0.463400 | Train Acc: 92.26%
Val: loss=0.4086, acc=10440/10975 (95.13%)
saved best: 95.13%
Epoch 198 [0/84843] Loss: 0.305710
Epoch 198 [35000/84843] Loss: 0.386908
Epoch 198 [70000/84843] Loss: 0.412184
Epoch 198 - Avg Loss: 0.465710 | Train Acc: 92.20%
Val: loss=0.4151, acc=10419/10975 (94.93%)
Epoch 199 [0/84843] Loss: 0.591654
Epoch 199 [35000/84843] Loss: 0.285772
Epoch 199 [70000/84843] Loss: 0.616180
Epoch 199 - Avg Loss: 0.474220 | Train Acc: 91.94%
Val: loss=0.4034, acc=10456/10975 (95.27%)
saved best: 95.27%
Epoch 200 [0/84843] Loss: 0.379092
Epoch 200 [35000/84843] Loss: 0.541009
Epoch 200 [70000/84843] Loss: 0.323778
Epoch 200 - Avg Loss: 0.466478 | Train Acc: 92.20%
Val: loss=0.4195, acc=10409/10975 (94.84%)
Epoch 201 [0/84843] Loss: 0.405444
Epoch 201 [35000/84843] Loss: 0.676245
Epoch 201 [70000/84843] Loss: 0.364166
Epoch 201 - Avg Loss: 0.473203 | Train Acc: 91.83%
Val: loss=0.4089, acc=10435/10975 (95.08%)
Epoch 202 [0/84843] Loss: 0.298457
Epoch 202 [35000/84843] Loss: 0.424769
Epoch 202 [70000/84843] Loss: 0.325198
Epoch 202 - Avg Loss: 0.470511 | Train Acc: 92.04%
Val: loss=0.4144, acc=10407/10975 (94.82%)
Epoch 203 [0/84843] Loss: 0.752433
Epoch 203 [35000/84843] Loss: 0.521445
Epoch 203 [70000/84843] Loss: 0.352057
Epoch 203 - Avg Loss: 0.468252 | Train Acc: 92.11%
Val: loss=0.4216, acc=10398/10975 (94.74%)
Epoch 204 [0/84843] Loss: 0.314516
Epoch 204 [35000/84843] Loss: 0.357624
Epoch 204 [70000/84843] Loss: 0.383804
Epoch 204 - Avg Loss: 0.473821 | Train Acc: 91.80%
Val: loss=0.4109, acc=10420/10975 (94.94%)
Epoch 205 [0/84843] Loss: 0.331106
Epoch 205 [35000/84843] Loss: 0.311869
Epoch 205 [70000/84843] Loss: 0.339542
Epoch 205 - Avg Loss: 0.457807 | Train Acc: 92.51%
Val: loss=0.4097, acc=10428/10975 (95.02%)
Epoch 206 [0/84843] Loss: 0.278591
Epoch 206 [35000/84843] Loss: 0.548424
Epoch 206 [70000/84843] Loss: 0.398840
Epoch 206 - Avg Loss: 0.459468 | Train Acc: 92.46%
Val: loss=0.4058, acc=10428/10975 (95.02%)
Epoch 207 [0/84843] Loss: 0.320560
Epoch 207 [35000/84843] Loss: 0.434856
Epoch 207 [70000/84843] Loss: 0.627267
Epoch 207 - Avg Loss: 0.472227 | Train Acc: 91.92%
Val: loss=0.4164, acc=10396/10975 (94.72%)
Epoch 208 [0/84843] Loss: 0.341169
Epoch 208 [35000/84843] Loss: 0.322009
Epoch 208 [70000/84843] Loss: 0.690542
Epoch 208 - Avg Loss: 0.465411 | Train Acc: 92.15%
Val: loss=0.4197, acc=10387/10975 (94.64%)
Epoch 209 [0/84843] Loss: 0.547167
Epoch 209 [35000/84843] Loss: 0.648656
Epoch 209 [70000/84843] Loss: 0.297935
Epoch 209 - Avg Loss: 0.467109 | Train Acc: 92.09%
Val: loss=0.4255, acc=10360/10975 (94.40%)
Epoch 210 [0/84843] Loss: 0.503285
Epoch 210 [35000/84843] Loss: 0.664274
Epoch 210 [70000/84843] Loss: 0.313868
Epoch 210 - Avg Loss: 0.467668 | Train Acc: 92.16%
Val: loss=0.4134, acc=10412/10975 (94.87%)
Epoch 211 [0/84843] Loss: 0.416079
Epoch 211 [35000/84843] Loss: 0.669107
Epoch 211 [70000/84843] Loss: 0.474623
Epoch 211 - Avg Loss: 0.461512 | Train Acc: 92.38%
Val: loss=0.4090, acc=10427/10975 (95.01%)
Epoch 212 [0/84843] Loss: 0.289093
Epoch 212 [35000/84843] Loss: 0.329959
Epoch 212 [70000/84843] Loss: 0.530944
Epoch 212 - Avg Loss: 0.469276 | Train Acc: 92.14%
Val: loss=0.4142, acc=10401/10975 (94.77%)
Epoch 213 [0/84843] Loss: 0.341877
Epoch 213 [35000/84843] Loss: 0.298562
Epoch 213 [70000/84843] Loss: 0.504938
Epoch 213 - Avg Loss: 0.458819 | Train Acc: 92.48%
Val: loss=0.4047, acc=10449/10975 (95.21%)
Epoch 214 [0/84843] Loss: 0.347652
Epoch 214 [35000/84843] Loss: 0.852579
Epoch 214 [70000/84843] Loss: 0.462686
Epoch 214 - Avg Loss: 0.466511 | Train Acc: 92.20%
Val: loss=0.4156, acc=10393/10975 (94.70%)
Epoch 215 [0/84843] Loss: 0.369548
Epoch 215 [35000/84843] Loss: 0.490705
Epoch 215 [70000/84843] Loss: 0.374804
Epoch 215 - Avg Loss: 0.460518 | Train Acc: 92.36%
Val: loss=0.4289, acc=10343/10975 (94.24%)
Epoch 216 [0/84843] Loss: 0.359735
Epoch 216 [35000/84843] Loss: 0.788905
Epoch 216 [70000/84843] Loss: 0.367538
Epoch 216 - Avg Loss: 0.459189 | Train Acc: 92.37%
Val: loss=0.4094, acc=10407/10975 (94.82%)
Epoch 217 [0/84843] Loss: 0.615831
Epoch 217 [35000/84843] Loss: 0.299444
Epoch 217 [70000/84843] Loss: 0.318487
Epoch 217 - Avg Loss: 0.464985 | Train Acc: 92.21%
Val: loss=0.4091, acc=10431/10975 (95.04%)
Epoch 218 [0/84843] Loss: 0.435355
Epoch 218 [35000/84843] Loss: 0.423224
Epoch 218 [70000/84843] Loss: 0.315267
Epoch 218 - Avg Loss: 0.466734 | Train Acc: 92.17%
Val: loss=0.4146, acc=10387/10975 (94.64%)
Epoch 219 [0/84843] Loss: 0.567803
Epoch 219 [35000/84843] Loss: 0.630332
Epoch 219 [70000/84843] Loss: 0.435047
Epoch 219 - Avg Loss: 0.458020 | Train Acc: 92.47%
Val: loss=0.4095, acc=10415/10975 (94.90%)
Epoch 220 [0/84843] Loss: 0.421362
Epoch 220 [35000/84843] Loss: 0.344703
Epoch 220 [70000/84843] Loss: 0.605335
Epoch 220 - Avg Loss: 0.460024 | Train Acc: 92.44%
Val: loss=0.4075, acc=10445/10975 (95.17%)
Epoch 221 [0/84843] Loss: 0.388338
Epoch 221 [35000/84843] Loss: 0.318825
Epoch 221 [70000/84843] Loss: 0.289373
Epoch 221 - Avg Loss: 0.467837 | Train Acc: 92.08%
Val: loss=0.4018, acc=10470/10975 (95.40%)
saved best: 95.40%
Epoch 222 [0/84843] Loss: 0.373122
Epoch 222 [35000/84843] Loss: 0.374655
Epoch 222 [70000/84843] Loss: 0.453759
Epoch 222 - Avg Loss: 0.456792 | Train Acc: 92.56%
Val: loss=0.4206, acc=10384/10975 (94.62%)
Epoch 223 [0/84843] Loss: 0.466753
Epoch 223 [35000/84843] Loss: 0.675355
Epoch 223 [70000/84843] Loss: 0.308742
Epoch 223 - Avg Loss: 0.465700 | Train Acc: 92.19%
Val: loss=0.4057, acc=10454/10975 (95.25%)
Epoch 224 [0/84843] Loss: 0.651564
Epoch 224 [35000/84843] Loss: 0.645165
Epoch 224 [70000/84843] Loss: 0.627206
Epoch 224 - Avg Loss: 0.461723 | Train Acc: 92.37%
Val: loss=0.4096, acc=10444/10975 (95.16%)
Epoch 225 [0/84843] Loss: 0.519377
Epoch 225 [35000/84843] Loss: 0.639042
Epoch 225 [70000/84843] Loss: 0.798625
Epoch 225 - Avg Loss: 0.454549 | Train Acc: 92.63%
Val: loss=0.4158, acc=10404/10975 (94.80%)
Epoch 226 [0/84843] Loss: 0.433463
Epoch 226 [35000/84843] Loss: 0.347591
Epoch 226 [70000/84843] Loss: 0.627725
Epoch 226 - Avg Loss: 0.459885 | Train Acc: 92.36%
Val: loss=0.4194, acc=10365/10975 (94.44%)
Epoch 227 [0/84843] Loss: 0.315084
Epoch 227 [35000/84843] Loss: 0.789816
Epoch 227 [70000/84843] Loss: 0.294968
Epoch 227 - Avg Loss: 0.451461 | Train Acc: 92.77%
Val: loss=0.4091, acc=10414/10975 (94.89%)
Epoch 228 [0/84843] Loss: 0.793940
Epoch 228 [35000/84843] Loss: 0.539150
Epoch 228 [70000/84843] Loss: 0.784352
Epoch 228 - Avg Loss: 0.464895 | Train Acc: 92.26%
Val: loss=0.4133, acc=10416/10975 (94.91%)
Epoch 229 [0/84843] Loss: 0.380597
Epoch 229 [35000/84843] Loss: 0.429111
Epoch 229 [70000/84843] Loss: 0.289880
Epoch 229 - Avg Loss: 0.457044 | Train Acc: 92.60%
Val: loss=0.4176, acc=10392/10975 (94.69%)
Epoch 230 [0/84843] Loss: 0.308515
Epoch 230 [35000/84843] Loss: 0.757751
Epoch 230 [70000/84843] Loss: 0.766295
Epoch 230 - Avg Loss: 0.465653 | Train Acc: 92.16%
Val: loss=0.4025, acc=10446/10975 (95.18%)
Epoch 231 [0/84843] Loss: 0.351312
Epoch 231 [35000/84843] Loss: 0.726177
Epoch 231 [70000/84843] Loss: 0.459463
Epoch 231 - Avg Loss: 0.459088 | Train Acc: 92.41%
Val: loss=0.4017, acc=10456/10975 (95.27%)
Epoch 232 [0/84843] Loss: 0.311681
Epoch 232 [35000/84843] Loss: 0.808960
Epoch 232 [70000/84843] Loss: 0.465684
Epoch 232 - Avg Loss: 0.466544 | Train Acc: 92.10%
Val: loss=0.4074, acc=10444/10975 (95.16%)
Epoch 233 [0/84843] Loss: 0.522259
Epoch 233 [35000/84843] Loss: 0.804104
Epoch 233 [70000/84843] Loss: 0.674040
Epoch 233 - Avg Loss: 0.462277 | Train Acc: 92.22%
Val: loss=0.4156, acc=10400/10975 (94.76%)
Epoch 234 [0/84843] Loss: 0.909965
Epoch 234 [35000/84843] Loss: 0.413203
Epoch 234 [70000/84843] Loss: 0.696681
Epoch 234 - Avg Loss: 0.453421 | Train Acc: 92.75%
Val: loss=0.4049, acc=10436/10975 (95.09%)
Epoch 235 [0/84843] Loss: 0.290663
Epoch 235 [35000/84843] Loss: 0.470172
Epoch 235 [70000/84843] Loss: 0.357548
Epoch 235 - Avg Loss: 0.450074 | Train Acc: 92.80%
Val: loss=0.4042, acc=10432/10975 (95.05%)
Epoch 236 [0/84843] Loss: 0.803889
Epoch 236 [35000/84843] Loss: 0.456984
Epoch 236 [70000/84843] Loss: 0.732775
Epoch 236 - Avg Loss: 0.461556 | Train Acc: 92.39%
Val: loss=0.4007, acc=10457/10975 (95.28%)
Epoch 237 [0/84843] Loss: 0.378798
Epoch 237 [35000/84843] Loss: 0.445128
Epoch 237 [70000/84843] Loss: 0.326637
Epoch 237 - Avg Loss: 0.454895 | Train Acc: 92.68%
Val: loss=0.4040, acc=10435/10975 (95.08%)
Epoch 238 [0/84843] Loss: 0.450611
Epoch 238 [35000/84843] Loss: 0.313202
Epoch 238 [70000/84843] Loss: 0.347768
Epoch 238 - Avg Loss: 0.454864 | Train Acc: 92.66%
Val: loss=0.4146, acc=10415/10975 (94.90%)
Epoch 239 [0/84843] Loss: 0.496358
Epoch 239 [35000/84843] Loss: 0.288094
Epoch 239 [70000/84843] Loss: 0.392175
Epoch 239 - Avg Loss: 0.459686 | Train Acc: 92.42%
Val: loss=0.4067, acc=10447/10975 (95.19%)
Epoch 240 [0/84843] Loss: 0.446312
Epoch 240 [35000/84843] Loss: 0.561665
Epoch 240 [70000/84843] Loss: 0.390770
Epoch 240 - Avg Loss: 0.454262 | Train Acc: 92.65%
Val: loss=0.4071, acc=10437/10975 (95.10%)
Epoch 241 [0/84843] Loss: 0.462839
Epoch 241 [35000/84843] Loss: 0.313101
Epoch 241 [70000/84843] Loss: 0.358476
Epoch 241 - Avg Loss: 0.453682 | Train Acc: 92.66%
Val: loss=0.4030, acc=10445/10975 (95.17%)
Epoch 242 [0/84843] Loss: 0.437855
Epoch 242 [35000/84843] Loss: 0.336521
Epoch 242 [70000/84843] Loss: 0.643321
Epoch 242 - Avg Loss: 0.455165 | Train Acc: 92.61%
Val: loss=0.4075, acc=10450/10975 (95.22%)
Epoch 243 [0/84843] Loss: 0.355099
Epoch 243 [35000/84843] Loss: 0.309680
Epoch 243 [70000/84843] Loss: 0.306927
Epoch 243 - Avg Loss: 0.452995 | Train Acc: 92.66%
Val: loss=0.3979, acc=10470/10975 (95.40%)
Epoch 244 [0/84843] Loss: 0.591707
Epoch 244 [35000/84843] Loss: 0.454162
Epoch 244 [70000/84843] Loss: 0.330018
Epoch 244 - Avg Loss: 0.458591 | Train Acc: 92.50%
Val: loss=0.4128, acc=10430/10975 (95.03%)
Epoch 245 [0/84843] Loss: 0.589413
Epoch 245 [35000/84843] Loss: 0.324411
Epoch 245 [70000/84843] Loss: 0.456570
Epoch 245 - Avg Loss: 0.450875 | Train Acc: 92.83%
Val: loss=0.4049, acc=10445/10975 (95.17%)
Epoch 246 [0/84843] Loss: 0.348776
Epoch 246 [35000/84843] Loss: 0.549075
Epoch 246 [70000/84843] Loss: 0.430528
Epoch 246 - Avg Loss: 0.455084 | Train Acc: 92.58%
Val: loss=0.4109, acc=10419/10975 (94.93%)
Epoch 247 [0/84843] Loss: 0.641972
Epoch 247 [35000/84843] Loss: 0.307003
Epoch 247 [70000/84843] Loss: 0.514164
Epoch 247 - Avg Loss: 0.453026 | Train Acc: 92.66%
Val: loss=0.4005, acc=10477/10975 (95.46%)
saved best: 95.46%
Epoch 248 [0/84843] Loss: 0.482156
Epoch 248 [35000/84843] Loss: 0.793988
Epoch 248 [70000/84843] Loss: 0.431344
Epoch 248 - Avg Loss: 0.459207 | Train Acc: 92.39%
Val: loss=0.4091, acc=10433/10975 (95.06%)
Epoch 249 [0/84843] Loss: 0.356716
Epoch 249 [35000/84843] Loss: 0.406686
Epoch 249 [70000/84843] Loss: 0.730765
Epoch 249 - Avg Loss: 0.454318 | Train Acc: 92.64%
Val: loss=0.4104, acc=10432/10975 (95.05%)
Epoch 250 [0/84843] Loss: 0.398769
Epoch 250 [35000/84843] Loss: 0.282831
Epoch 250 [70000/84843] Loss: 0.491806
Epoch 250 - Avg Loss: 0.451417 | Train Acc: 92.66%
Val: loss=0.4083, acc=10435/10975 (95.08%)
Epoch 251 [0/84843] Loss: 0.450046
Epoch 251 [35000/84843] Loss: 0.602472
Epoch 251 [70000/84843] Loss: 0.421239
Epoch 251 - Avg Loss: 0.449558 | Train Acc: 92.77%
Val: loss=0.4091, acc=10417/10975 (94.92%)
Epoch 252 [0/84843] Loss: 0.540993
Epoch 252 [35000/84843] Loss: 0.625536
Epoch 252 [70000/84843] Loss: 0.587502
Epoch 252 - Avg Loss: 0.454432 | Train Acc: 92.58%
Val: loss=0.4116, acc=10406/10975 (94.82%)
Epoch 253 [0/84843] Loss: 0.371545
Epoch 253 [35000/84843] Loss: 0.592592
Epoch 253 [70000/84843] Loss: 0.622440
Epoch 253 - Avg Loss: 0.451301 | Train Acc: 92.77%
Val: loss=0.4143, acc=10407/10975 (94.82%)
Epoch 254 [0/84843] Loss: 0.680684
Epoch 254 [35000/84843] Loss: 0.468907
Epoch 254 [70000/84843] Loss: 0.390439
Epoch 254 - Avg Loss: 0.445650 | Train Acc: 92.96%
Val: loss=0.4024, acc=10457/10975 (95.28%)
Epoch 255 [0/84843] Loss: 0.416852
Epoch 255 [35000/84843] Loss: 0.300803
Epoch 255 [70000/84843] Loss: 0.333799
Epoch 255 - Avg Loss: 0.456474 | Train Acc: 92.47%
Val: loss=0.4062, acc=10452/10975 (95.23%)
Epoch 256 [0/84843] Loss: 0.695015
Epoch 256 [35000/84843] Loss: 0.381095
Epoch 256 [70000/84843] Loss: 0.398665
Epoch 256 - Avg Loss: 0.444387 | Train Acc: 93.02%
Val: loss=0.4213, acc=10381/10975 (94.59%)
Epoch 257 [0/84843] Loss: 0.393384
Epoch 257 [35000/84843] Loss: 0.349260
Epoch 257 [70000/84843] Loss: 0.660000
Epoch 257 - Avg Loss: 0.458028 | Train Acc: 92.41%
Val: loss=0.4108, acc=10430/10975 (95.03%)
Epoch 258 [0/84843] Loss: 0.546948
Epoch 258 [35000/84843] Loss: 0.343198
Epoch 258 [70000/84843] Loss: 0.288447
Epoch 258 - Avg Loss: 0.449250 | Train Acc: 92.85%
Val: loss=0.4006, acc=10462/10975 (95.33%)
Epoch 259 [0/84843] Loss: 0.327110
Epoch 259 [35000/84843] Loss: 0.297921
Epoch 259 [70000/84843] Loss: 0.335767
Epoch 259 - Avg Loss: 0.449165 | Train Acc: 92.78%
Val: loss=0.4066, acc=10443/10975 (95.15%)
Epoch 260 [0/84843] Loss: 0.362923
Epoch 260 [35000/84843] Loss: 0.340348
Epoch 260 [70000/84843] Loss: 0.340571
Epoch 260 - Avg Loss: 0.446941 | Train Acc: 92.87%
Val: loss=0.4164, acc=10410/10975 (94.85%)
Epoch 261 [0/84843] Loss: 0.655152
Epoch 261 [35000/84843] Loss: 0.563184
Epoch 261 [70000/84843] Loss: 0.290141
Epoch 261 - Avg Loss: 0.438199 | Train Acc: 93.25%
Val: loss=0.4039, acc=10460/10975 (95.31%)
Epoch 262 [0/84843] Loss: 0.360664
Epoch 262 [35000/84843] Loss: 0.382285
Epoch 262 [70000/84843] Loss: 0.293862
Epoch 262 - Avg Loss: 0.448548 | Train Acc: 92.88%
Val: loss=0.4129, acc=10433/10975 (95.06%)
Epoch 263 [0/84843] Loss: 0.682461
Epoch 263 [35000/84843] Loss: 0.464315
Epoch 263 [70000/84843] Loss: 0.336400
Epoch 263 - Avg Loss: 0.454627 | Train Acc: 92.50%
Val: loss=0.4043, acc=10459/10975 (95.30%)
Epoch 264 [0/84843] Loss: 0.393519
Epoch 264 [35000/84843] Loss: 0.284802
Epoch 264 [70000/84843] Loss: 0.531333
Epoch 264 - Avg Loss: 0.447606 | Train Acc: 92.88%
Val: loss=0.4147, acc=10414/10975 (94.89%)
Epoch 265 [0/84843] Loss: 0.404328
Epoch 265 [35000/84843] Loss: 0.711594
Epoch 265 [70000/84843] Loss: 0.329652
Epoch 265 - Avg Loss: 0.446981 | Train Acc: 92.90%
Val: loss=0.4078, acc=10449/10975 (95.21%)
Epoch 266 [0/84843] Loss: 0.743410
Epoch 266 [35000/84843] Loss: 0.429565
Epoch 266 [70000/84843] Loss: 0.319109
Epoch 266 - Avg Loss: 0.453877 | Train Acc: 92.63%
Val: loss=0.4028, acc=10474/10975 (95.44%)
Epoch 267 [0/84843] Loss: 0.500831
Epoch 267 [35000/84843] Loss: 0.655171
Epoch 267 [70000/84843] Loss: 0.367272
Epoch 267 - Avg Loss: 0.448182 | Train Acc: 92.84%
Val: loss=0.4067, acc=10463/10975 (95.33%)
Epoch 268 [0/84843] Loss: 0.394429
Epoch 268 [35000/84843] Loss: 0.439044
Epoch 268 [70000/84843] Loss: 0.396896
Epoch 268 - Avg Loss: 0.449919 | Train Acc: 92.83%
Val: loss=0.3995, acc=10472/10975 (95.42%)
Epoch 269 [0/84843] Loss: 0.560698
Epoch 269 [35000/84843] Loss: 0.450676
Epoch 269 [70000/84843] Loss: 0.374163
Epoch 269 - Avg Loss: 0.443336 | Train Acc: 93.12%
Val: loss=0.3988, acc=10496/10975 (95.64%)
saved best: 95.64%
Epoch 270 [0/84843] Loss: 0.350927
Epoch 270 [35000/84843] Loss: 0.407155
Epoch 270 [70000/84843] Loss: 0.451889
Epoch 270 - Avg Loss: 0.446247 | Train Acc: 92.92%
Val: loss=0.4109, acc=10435/10975 (95.08%)
Epoch 271 [0/84843] Loss: 0.331209
Epoch 271 [35000/84843] Loss: 0.287154
Epoch 271 [70000/84843] Loss: 0.385650
Epoch 271 - Avg Loss: 0.448000 | Train Acc: 92.82%
Val: loss=0.4062, acc=10445/10975 (95.17%)
Epoch 272 [0/84843] Loss: 0.408117
Epoch 272 [35000/84843] Loss: 0.416088
Epoch 272 [70000/84843] Loss: 0.294648
Epoch 272 - Avg Loss: 0.451233 | Train Acc: 92.70%
Val: loss=0.4074, acc=10445/10975 (95.17%)
Epoch 273 [0/84843] Loss: 0.493889
Epoch 273 [35000/84843] Loss: 0.444001
Epoch 273 [70000/84843] Loss: 0.345767
Epoch 273 - Avg Loss: 0.451637 | Train Acc: 92.70%
Val: loss=0.4053, acc=10446/10975 (95.18%)
Epoch 274 [0/84843] Loss: 0.302413
Epoch 274 [35000/84843] Loss: 0.433159
Epoch 274 [70000/84843] Loss: 0.462846
Epoch 274 - Avg Loss: 0.448117 | Train Acc: 92.89%
Val: loss=0.4067, acc=10446/10975 (95.18%)
Epoch 275 [0/84843] Loss: 0.326346
Epoch 275 [35000/84843] Loss: 0.331770
Epoch 275 [70000/84843] Loss: 0.675233
Epoch 275 - Avg Loss: 0.446618 | Train Acc: 92.91%
Val: loss=0.4008, acc=10458/10975 (95.29%)
Epoch 276 [0/84843] Loss: 0.323793
Epoch 276 [35000/84843] Loss: 0.408580
Epoch 276 [70000/84843] Loss: 0.300798
Epoch 276 - Avg Loss: 0.448181 | Train Acc: 92.89%
Val: loss=0.4034, acc=10478/10975 (95.47%)
Epoch 277 [0/84843] Loss: 0.597293
Epoch 277 [35000/84843] Loss: 0.435276
Epoch 277 [70000/84843] Loss: 0.511255
Epoch 277 - Avg Loss: 0.448140 | Train Acc: 92.86%
Val: loss=0.4011, acc=10474/10975 (95.44%)
Epoch 278 [0/84843] Loss: 0.552737
Epoch 278 [35000/84843] Loss: 0.293303
Epoch 278 [70000/84843] Loss: 0.307993
Epoch 278 - Avg Loss: 0.452622 | Train Acc: 92.66%
Val: loss=0.4094, acc=10435/10975 (95.08%)
Epoch 279 [0/84843] Loss: 0.539568
Epoch 279 [35000/84843] Loss: 0.331737
Epoch 279 [70000/84843] Loss: 0.693249
Epoch 279 - Avg Loss: 0.445676 | Train Acc: 92.94%
Val: loss=0.4038, acc=10454/10975 (95.25%)
Epoch 280 [0/84843] Loss: 0.484679
Epoch 280 [35000/84843] Loss: 0.324953
Epoch 280 [70000/84843] Loss: 0.388634
Epoch 280 - Avg Loss: 0.451105 | Train Acc: 92.69%
Val: loss=0.3999, acc=10482/10975 (95.51%)
Epoch 281 [0/84843] Loss: 0.377192
Epoch 281 [35000/84843] Loss: 0.559612
Epoch 281 [70000/84843] Loss: 0.290666
Epoch 281 - Avg Loss: 0.447502 | Train Acc: 92.93%
Val: loss=0.4106, acc=10445/10975 (95.17%)
Epoch 282 [0/84843] Loss: 0.539769
Epoch 282 [35000/84843] Loss: 0.318675
Epoch 282 [70000/84843] Loss: 0.392395
Epoch 282 - Avg Loss: 0.444157 | Train Acc: 93.06%
Val: loss=0.3983, acc=10488/10975 (95.56%)
Epoch 283 [0/84843] Loss: 0.666255
Epoch 283 [35000/84843] Loss: 0.406221
Epoch 283 [70000/84843] Loss: 0.345488
Epoch 283 - Avg Loss: 0.441139 | Train Acc: 93.16%
Val: loss=0.4047, acc=10440/10975 (95.13%)
Epoch 284 [0/84843] Loss: 0.864584
Epoch 284 [35000/84843] Loss: 0.491181
Epoch 284 [70000/84843] Loss: 0.578989
Epoch 284 - Avg Loss: 0.440194 | Train Acc: 93.15%
Val: loss=0.4040, acc=10477/10975 (95.46%)
Epoch 285 [0/84843] Loss: 0.282983
Epoch 285 [35000/84843] Loss: 0.731885
Epoch 285 [70000/84843] Loss: 0.587430
Epoch 285 - Avg Loss: 0.440391 | Train Acc: 93.19%
Val: loss=0.3984, acc=10477/10975 (95.46%)
Epoch 286 [0/84843] Loss: 0.353516
Epoch 286 [35000/84843] Loss: 0.396447
Epoch 286 [70000/84843] Loss: 0.304870
Epoch 286 - Avg Loss: 0.439674 | Train Acc: 93.16%
Val: loss=0.4055, acc=10458/10975 (95.29%)
Epoch 287 [0/84843] Loss: 0.702216
Epoch 287 [35000/84843] Loss: 0.305711
Epoch 287 [70000/84843] Loss: 0.465052
Epoch 287 - Avg Loss: 0.442544 | Train Acc: 93.11%
Val: loss=0.4051, acc=10464/10975 (95.34%)
Epoch 288 [0/84843] Loss: 0.394069
Epoch 288 [35000/84843] Loss: 0.548994
Epoch 288 [70000/84843] Loss: 0.315839
Epoch 288 - Avg Loss: 0.445869 | Train Acc: 92.97%
Val: loss=0.3927, acc=10508/10975 (95.74%)
saved best: 95.74%
Epoch 289 [0/84843] Loss: 0.723323
Epoch 289 [35000/84843] Loss: 0.380106
Epoch 289 [70000/84843] Loss: 0.323443
Epoch 289 - Avg Loss: 0.445058 | Train Acc: 92.99%
Val: loss=0.4005, acc=10483/10975 (95.52%)
Epoch 290 [0/84843] Loss: 0.298739
Epoch 290 [35000/84843] Loss: 0.394026
Epoch 290 [70000/84843] Loss: 0.388836
Epoch 290 - Avg Loss: 0.449953 | Train Acc: 92.77%
Val: loss=0.3998, acc=10475/10975 (95.44%)
Epoch 291 [0/84843] Loss: 0.414749
Epoch 291 [35000/84843] Loss: 0.529197
Epoch 291 [70000/84843] Loss: 0.353371
Epoch 291 - Avg Loss: 0.445851 | Train Acc: 92.89%
Val: loss=0.3979, acc=10493/10975 (95.61%)
Epoch 292 [0/84843] Loss: 0.483070
Epoch 292 [35000/84843] Loss: 0.598149
Epoch 292 [70000/84843] Loss: 0.432230
Epoch 292 - Avg Loss: 0.434192 | Train Acc: 93.44%
Val: loss=0.4003, acc=10464/10975 (95.34%)
Epoch 293 [0/84843] Loss: 0.492784
Epoch 293 [35000/84843] Loss: 0.358382
Epoch 293 [70000/84843] Loss: 0.306810
Epoch 293 - Avg Loss: 0.449200 | Train Acc: 92.87%
Val: loss=0.3994, acc=10475/10975 (95.44%)
Epoch 294 [0/84843] Loss: 0.424418
Epoch 294 [35000/84843] Loss: 0.380603
Epoch 294 [70000/84843] Loss: 0.363118
Epoch 294 - Avg Loss: 0.442645 | Train Acc: 93.15%
Val: loss=0.4023, acc=10467/10975 (95.37%)
Epoch 295 [0/84843] Loss: 0.594295
Epoch 295 [35000/84843] Loss: 0.568799
Epoch 295 [70000/84843] Loss: 0.313090
Epoch 295 - Avg Loss: 0.443457 | Train Acc: 93.06%
Val: loss=0.4023, acc=10464/10975 (95.34%)
Epoch 296 [0/84843] Loss: 0.379119
Epoch 296 [35000/84843] Loss: 0.303885
Epoch 296 [70000/84843] Loss: 0.592384
Epoch 296 - Avg Loss: 0.444339 | Train Acc: 93.06%
Val: loss=0.4052, acc=10462/10975 (95.33%)
Epoch 297 [0/84843] Loss: 0.639819
Epoch 297 [35000/84843] Loss: 0.346524
Epoch 297 [70000/84843] Loss: 0.379699
Epoch 297 - Avg Loss: 0.441261 | Train Acc: 93.12%
Val: loss=0.4046, acc=10446/10975 (95.18%)
Epoch 298 [0/84843] Loss: 0.406674
Epoch 298 [35000/84843] Loss: 0.679896
Epoch 298 [70000/84843] Loss: 0.633070
Epoch 298 - Avg Loss: 0.448088 | Train Acc: 92.88%
Val: loss=0.4034, acc=10460/10975 (95.31%)
Epoch 299 [0/84843] Loss: 0.300206
Epoch 299 [35000/84843] Loss: 0.593302
Epoch 299 [70000/84843] Loss: 0.417395
Epoch 299 - Avg Loss: 0.444989 | Train Acc: 92.97%
Val: loss=0.4024, acc=10473/10975 (95.43%)
Epoch 300 [0/84843] Loss: 0.324119
Epoch 300 [35000/84843] Loss: 0.379494
Epoch 300 [70000/84843] Loss: 0.685648
Epoch 300 - Avg Loss: 0.445761 | Train Acc: 92.98%
Val: loss=0.4049, acc=10450/10975 (95.22%)
Epoch 301 [0/84843] Loss: 0.487699
Epoch 301 [35000/84843] Loss: 0.699504
Epoch 301 [70000/84843] Loss: 0.529160
Epoch 301 - Avg Loss: 0.439983 | Train Acc: 93.23%
Val: loss=0.4039, acc=10461/10975 (95.32%)
Epoch 302 [0/84843] Loss: 0.351957
Epoch 302 [35000/84843] Loss: 0.682954
Epoch 302 [70000/84843] Loss: 0.366753
Epoch 302 - Avg Loss: 0.440943 | Train Acc: 93.11%
Val: loss=0.3971, acc=10488/10975 (95.56%)
Epoch 303 [0/84843] Loss: 0.341261
Epoch 303 [35000/84843] Loss: 0.439170
Epoch 303 [70000/84843] Loss: 0.426971
Epoch 303 - Avg Loss: 0.443294 | Train Acc: 93.10%
Val: loss=0.3984, acc=10485/10975 (95.54%)
Epoch 304 [0/84843] Loss: 0.473867
Epoch 304 [35000/84843] Loss: 0.390721
Epoch 304 [70000/84843] Loss: 0.344607
Epoch 304 - Avg Loss: 0.445937 | Train Acc: 92.93%
Val: loss=0.4031, acc=10467/10975 (95.37%)
Epoch 305 [0/84843] Loss: 0.343086
Epoch 305 [35000/84843] Loss: 0.322608
Epoch 305 [70000/84843] Loss: 0.291070
Epoch 305 - Avg Loss: 0.441201 | Train Acc: 93.05%
Val: loss=0.3996, acc=10484/10975 (95.53%)
Epoch 306 [0/84843] Loss: 0.383291
Epoch 306 [35000/84843] Loss: 0.345089
Epoch 306 [70000/84843] Loss: 0.355928
Epoch 306 - Avg Loss: 0.442524 | Train Acc: 93.07%
Val: loss=0.4078, acc=10442/10975 (95.14%)
Epoch 307 [0/84843] Loss: 0.657873
Epoch 307 [35000/84843] Loss: 0.545538
Epoch 307 [70000/84843] Loss: 0.314553
Epoch 307 - Avg Loss: 0.437761 | Train Acc: 93.29%
Val: loss=0.3996, acc=10481/10975 (95.50%)
Epoch 308 [0/84843] Loss: 0.357075
Epoch 308 [35000/84843] Loss: 0.331618
Epoch 308 [70000/84843] Loss: 0.700763
Epoch 308 - Avg Loss: 0.441284 | Train Acc: 93.24%
Val: loss=0.4001, acc=10468/10975 (95.38%)
Epoch 309 [0/84843] Loss: 0.376049
Epoch 309 [35000/84843] Loss: 0.285659
Epoch 309 [70000/84843] Loss: 0.448127
Epoch 309 - Avg Loss: 0.436414 | Train Acc: 93.33%
Val: loss=0.4001, acc=10475/10975 (95.44%)
Epoch 310 [0/84843] Loss: 0.282348
Epoch 310 [35000/84843] Loss: 0.339180
Epoch 310 [70000/84843] Loss: 0.340071
Epoch 310 - Avg Loss: 0.434885 | Train Acc: 93.42%
Val: loss=0.3968, acc=10479/10975 (95.48%)
Epoch 311 [0/84843] Loss: 0.420258
Epoch 311 [35000/84843] Loss: 0.350578
Epoch 311 [70000/84843] Loss: 0.371745
Epoch 311 - Avg Loss: 0.436735 | Train Acc: 93.34%
Val: loss=0.3952, acc=10494/10975 (95.62%)
Epoch 312 [0/84843] Loss: 0.474559
Epoch 312 [35000/84843] Loss: 0.311054
Epoch 312 [70000/84843] Loss: 0.334533
Epoch 312 - Avg Loss: 0.439036 | Train Acc: 93.18%
Val: loss=0.4025, acc=10463/10975 (95.33%)
Epoch 313 [0/84843] Loss: 0.352945
Epoch 313 [35000/84843] Loss: 0.292201
Epoch 313 [70000/84843] Loss: 0.411523
Epoch 313 - Avg Loss: 0.442769 | Train Acc: 93.00%
Val: loss=0.3987, acc=10489/10975 (95.57%)
Epoch 314 [0/84843] Loss: 0.393151
Epoch 314 [35000/84843] Loss: 0.668965
Epoch 314 [70000/84843] Loss: 0.385413
Epoch 314 - Avg Loss: 0.436836 | Train Acc: 93.23%
Val: loss=0.4061, acc=10468/10975 (95.38%)
Epoch 315 [0/84843] Loss: 0.335393
Epoch 315 [35000/84843] Loss: 0.310683
Epoch 315 [70000/84843] Loss: 0.524007
Epoch 315 - Avg Loss: 0.436589 | Train Acc: 93.33%
Val: loss=0.3973, acc=10480/10975 (95.49%)
Epoch 316 [0/84843] Loss: 0.361551
Epoch 316 [35000/84843] Loss: 0.393319
Epoch 316 [70000/84843] Loss: 0.417635
Epoch 316 - Avg Loss: 0.437745 | Train Acc: 93.20%
Val: loss=0.4012, acc=10483/10975 (95.52%)
Epoch 317 [0/84843] Loss: 0.526224
Epoch 317 [35000/84843] Loss: 0.626743
Epoch 317 [70000/84843] Loss: 0.802460
Epoch 317 - Avg Loss: 0.435602 | Train Acc: 93.37%
Val: loss=0.3991, acc=10487/10975 (95.55%)
Epoch 318 [0/84843] Loss: 0.324565
Epoch 318 [35000/84843] Loss: 0.450573
Epoch 318 [70000/84843] Loss: 0.283501
Epoch 318 - Avg Loss: 0.437012 | Train Acc: 93.27%
Val: loss=0.3966, acc=10473/10975 (95.43%)
Epoch 319 [0/84843] Loss: 0.279464
Epoch 319 [35000/84843] Loss: 0.481603
Epoch 319 [70000/84843] Loss: 0.418622
Epoch 319 - Avg Loss: 0.437019 | Train Acc: 93.37%
Val: loss=0.4016, acc=10462/10975 (95.33%)
Epoch 320 [0/84843] Loss: 0.291445
Epoch 320 [35000/84843] Loss: 0.592215
Epoch 320 [70000/84843] Loss: 0.283333
Epoch 320 - Avg Loss: 0.432068 | Train Acc: 93.53%
Val: loss=0.3973, acc=10492/10975 (95.60%)
Epoch 321 [0/84843] Loss: 0.349997
Epoch 321 [35000/84843] Loss: 0.612544
Epoch 321 [70000/84843] Loss: 0.641798
Epoch 321 - Avg Loss: 0.439182 | Train Acc: 93.18%
Val: loss=0.3981, acc=10483/10975 (95.52%)
Epoch 322 [0/84843] Loss: 0.467149
Epoch 322 [35000/84843] Loss: 0.279806
Epoch 322 [70000/84843] Loss: 0.319594
Epoch 322 - Avg Loss: 0.436447 | Train Acc: 93.26%
Val: loss=0.4015, acc=10472/10975 (95.42%)
Epoch 323 [0/84843] Loss: 0.539696
Epoch 323 [35000/84843] Loss: 0.436880
Epoch 323 [70000/84843] Loss: 0.430864
Epoch 323 - Avg Loss: 0.438919 | Train Acc: 93.24%
Val: loss=0.3987, acc=10488/10975 (95.56%)
Epoch 324 [0/84843] Loss: 0.647954
Epoch 324 [35000/84843] Loss: 0.289549
Epoch 324 [70000/84843] Loss: 0.465324
Epoch 324 - Avg Loss: 0.435832 | Train Acc: 93.33%
Val: loss=0.3977, acc=10483/10975 (95.52%)
Epoch 325 [0/84843] Loss: 0.355808
Epoch 325 [35000/84843] Loss: 0.420296
Epoch 325 [70000/84843] Loss: 0.352029
Epoch 325 - Avg Loss: 0.433207 | Train Acc: 93.49%
Val: loss=0.3991, acc=10489/10975 (95.57%)
Epoch 326 [0/84843] Loss: 0.385675
Epoch 326 [35000/84843] Loss: 0.578783
Epoch 326 [70000/84843] Loss: 0.351263
Epoch 326 - Avg Loss: 0.432885 | Train Acc: 93.39%
Val: loss=0.3941, acc=10494/10975 (95.62%)
Epoch 327 [0/84843] Loss: 0.287509
Epoch 327 [35000/84843] Loss: 0.408810
Epoch 327 [70000/84843] Loss: 0.568723
Epoch 327 - Avg Loss: 0.427818 | Train Acc: 93.68%
Val: loss=0.3963, acc=10479/10975 (95.48%)
Epoch 328 [0/84843] Loss: 0.359689
Epoch 328 [35000/84843] Loss: 0.522348
Epoch 328 [70000/84843] Loss: 0.413061
Epoch 328 - Avg Loss: 0.439351 | Train Acc: 93.28%
Val: loss=0.3948, acc=10514/10975 (95.80%)
saved best: 95.80%
Epoch 329 [0/84843] Loss: 0.591465
Epoch 329 [35000/84843] Loss: 0.456571
Epoch 329 [70000/84843] Loss: 0.647209
Epoch 329 - Avg Loss: 0.439344 | Train Acc: 93.18%
Val: loss=0.3969, acc=10498/10975 (95.65%)
Epoch 330 [0/84843] Loss: 0.322879
Epoch 330 [35000/84843] Loss: 0.576099
Epoch 330 [70000/84843] Loss: 0.285316
Epoch 330 - Avg Loss: 0.439392 | Train Acc: 93.18%
Val: loss=0.3963, acc=10500/10975 (95.67%)
Epoch 331 [0/84843] Loss: 0.492619
Epoch 331 [35000/84843] Loss: 0.367065
Epoch 331 [70000/84843] Loss: 0.493528
Epoch 331 - Avg Loss: 0.437010 | Train Acc: 93.28%
Val: loss=0.4011, acc=10477/10975 (95.46%)
Epoch 332 [0/84843] Loss: 0.454500
Epoch 332 [35000/84843] Loss: 0.309237
Epoch 332 [70000/84843] Loss: 0.316874
Epoch 332 - Avg Loss: 0.435407 | Train Acc: 93.33%
Val: loss=0.3985, acc=10498/10975 (95.65%)
Epoch 333 [0/84843] Loss: 0.373610
Epoch 333 [35000/84843] Loss: 0.351644
Epoch 333 [70000/84843] Loss: 0.576672
Epoch 333 - Avg Loss: 0.439659 | Train Acc: 93.17%
Val: loss=0.3979, acc=10495/10975 (95.63%)
Epoch 334 [0/84843] Loss: 0.322658
Epoch 334 [35000/84843] Loss: 0.307934
Epoch 334 [70000/84843] Loss: 0.413550
Epoch 334 - Avg Loss: 0.436975 | Train Acc: 93.28%
Val: loss=0.3974, acc=10491/10975 (95.59%)
Epoch 335 [0/84843] Loss: 0.335701
Epoch 335 [35000/84843] Loss: 0.468418
Epoch 335 [70000/84843] Loss: 0.538625
Epoch 335 - Avg Loss: 0.432639 | Train Acc: 93.41%
Val: loss=0.4013, acc=10487/10975 (95.55%)
Epoch 336 [0/84843] Loss: 0.500274
Epoch 336 [35000/84843] Loss: 0.452422
Epoch 336 [70000/84843] Loss: 0.539661
Epoch 336 - Avg Loss: 0.428530 | Train Acc: 93.61%
Val: loss=0.3988, acc=10495/10975 (95.63%)
Epoch 337 [0/84843] Loss: 0.477328
Epoch 337 [35000/84843] Loss: 0.475428
Epoch 337 [70000/84843] Loss: 0.288644
Epoch 337 - Avg Loss: 0.432947 | Train Acc: 93.47%
Val: loss=0.3953, acc=10487/10975 (95.55%)
Epoch 338 [0/84843] Loss: 0.594893
Epoch 338 [35000/84843] Loss: 0.308001
Epoch 338 [70000/84843] Loss: 0.359530
Epoch 338 - Avg Loss: 0.433239 | Train Acc: 93.50%
Val: loss=0.3994, acc=10489/10975 (95.57%)
Epoch 339 [0/84843] Loss: 0.327562
Epoch 339 [35000/84843] Loss: 0.399901
Epoch 339 [70000/84843] Loss: 0.537933
Epoch 339 - Avg Loss: 0.431481 | Train Acc: 93.55%
Val: loss=0.3968, acc=10502/10975 (95.69%)
Epoch 340 [0/84843] Loss: 0.308438
Epoch 340 [35000/84843] Loss: 0.617655
Epoch 340 [70000/84843] Loss: 0.440818
Epoch 340 - Avg Loss: 0.435109 | Train Acc: 93.35%
Val: loss=0.3983, acc=10489/10975 (95.57%)
Epoch 341 [0/84843] Loss: 0.477137
Epoch 341 [35000/84843] Loss: 0.554928
Epoch 341 [70000/84843] Loss: 0.321341
Epoch 341 - Avg Loss: 0.432388 | Train Acc: 93.44%
Val: loss=0.3941, acc=10510/10975 (95.76%)
Epoch 342 [0/84843] Loss: 0.744878
Epoch 342 [35000/84843] Loss: 0.449601
Epoch 342 [70000/84843] Loss: 0.287529
Epoch 342 - Avg Loss: 0.432926 | Train Acc: 93.49%
Val: loss=0.3927, acc=10520/10975 (95.85%)
saved best: 95.85%
Epoch 343 [0/84843] Loss: 0.324917
Epoch 343 [35000/84843] Loss: 0.291541
Epoch 343 [70000/84843] Loss: 0.402888
Epoch 343 - Avg Loss: 0.439518 | Train Acc: 93.15%
Val: loss=0.3968, acc=10487/10975 (95.55%)
Epoch 344 [0/84843] Loss: 0.328249
Epoch 344 [35000/84843] Loss: 0.467288
Epoch 344 [70000/84843] Loss: 0.529580
Epoch 344 - Avg Loss: 0.435603 | Train Acc: 93.38%
Val: loss=0.3976, acc=10497/10975 (95.64%)
Epoch 345 [0/84843] Loss: 0.368918
Epoch 345 [35000/84843] Loss: 0.625191
Epoch 345 [70000/84843] Loss: 0.470156
Epoch 345 - Avg Loss: 0.429779 | Train Acc: 93.56%
Val: loss=0.3953, acc=10493/10975 (95.61%)
Epoch 346 [0/84843] Loss: 0.507894
Epoch 346 [35000/84843] Loss: 0.278201
Epoch 346 [70000/84843] Loss: 0.359354
Epoch 346 - Avg Loss: 0.428286 | Train Acc: 93.67%
Val: loss=0.3961, acc=10505/10975 (95.72%)
Epoch 347 [0/84843] Loss: 0.319870
Epoch 347 [35000/84843] Loss: 0.305347
Epoch 347 [70000/84843] Loss: 0.627594
Epoch 347 - Avg Loss: 0.436014 | Train Acc: 93.24%
Val: loss=0.3968, acc=10507/10975 (95.74%)
Epoch 348 [0/84843] Loss: 0.387635
Epoch 348 [35000/84843] Loss: 0.335408
Epoch 348 [70000/84843] Loss: 0.401299
Epoch 348 - Avg Loss: 0.427528 | Train Acc: 93.62%
Val: loss=0.3967, acc=10491/10975 (95.59%)
Epoch 349 [0/84843] Loss: 0.485640
Epoch 349 [35000/84843] Loss: 0.335532
Epoch 349 [70000/84843] Loss: 0.381373
Epoch 349 - Avg Loss: 0.431691 | Train Acc: 93.50%
Val: loss=0.3956, acc=10505/10975 (95.72%)
Epoch 350 [0/84843] Loss: 0.361442
Epoch 350 [35000/84843] Loss: 0.430514
Epoch 350 [70000/84843] Loss: 0.588657
Epoch 350 - Avg Loss: 0.429935 | Train Acc: 93.57%
Val: loss=0.4003, acc=10484/10975 (95.53%)
Epoch 351 [0/84843] Loss: 0.303267
Epoch 351 [35000/84843] Loss: 0.314111
Epoch 351 [70000/84843] Loss: 0.373447
Epoch 351 - Avg Loss: 0.431535 | Train Acc: 93.50%
Val: loss=0.3955, acc=10510/10975 (95.76%)
Epoch 352 [0/84843] Loss: 0.686980
Epoch 352 [35000/84843] Loss: 0.791271
Epoch 352 [70000/84843] Loss: 0.335411
Epoch 352 - Avg Loss: 0.433210 | Train Acc: 93.43%
Val: loss=0.3980, acc=10485/10975 (95.54%)
Epoch 353 [0/84843] Loss: 0.340695
Epoch 353 [35000/84843] Loss: 0.287668
Epoch 353 [70000/84843] Loss: 0.600324
Epoch 353 - Avg Loss: 0.430115 | Train Acc: 93.58%
Val: loss=0.3963, acc=10496/10975 (95.64%)
Epoch 354 [0/84843] Loss: 0.324181
Epoch 354 [35000/84843] Loss: 0.400235
Epoch 354 [70000/84843] Loss: 0.720422
Epoch 354 - Avg Loss: 0.434019 | Train Acc: 93.44%
Val: loss=0.3950, acc=10505/10975 (95.72%)
Epoch 355 [0/84843] Loss: 0.321178
Epoch 355 [35000/84843] Loss: 0.385139
Epoch 355 [70000/84843] Loss: 0.346667
Epoch 355 - Avg Loss: 0.431776 | Train Acc: 93.52%
Val: loss=0.3943, acc=10494/10975 (95.62%)
Epoch 356 [0/84843] Loss: 0.339555
Epoch 356 [35000/84843] Loss: 0.387442
Epoch 356 [70000/84843] Loss: 0.288419
Epoch 356 - Avg Loss: 0.430218 | Train Acc: 93.53%
Val: loss=0.3944, acc=10500/10975 (95.67%)
Epoch 357 [0/84843] Loss: 0.580224
Epoch 357 [35000/84843] Loss: 0.335501
Epoch 357 [70000/84843] Loss: 0.335452
Epoch 357 - Avg Loss: 0.428589 | Train Acc: 93.69%
Val: loss=0.3959, acc=10496/10975 (95.64%)
Epoch 358 [0/84843] Loss: 0.441777
Epoch 358 [35000/84843] Loss: 0.325575
Epoch 358 [70000/84843] Loss: 0.289922
Epoch 358 - Avg Loss: 0.432472 | Train Acc: 93.41%
Val: loss=0.3965, acc=10493/10975 (95.61%)
Epoch 359 [0/84843] Loss: 0.500050
Epoch 359 [35000/84843] Loss: 0.369047
Epoch 359 [70000/84843] Loss: 0.561160
Epoch 359 - Avg Loss: 0.421477 | Train Acc: 93.90%
Val: loss=0.3954, acc=10501/10975 (95.68%)
Epoch 360 [0/84843] Loss: 0.450296
Epoch 360 [35000/84843] Loss: 0.407650
Epoch 360 [70000/84843] Loss: 0.310522
Epoch 360 - Avg Loss: 0.433098 | Train Acc: 93.43%
Val: loss=0.3948, acc=10498/10975 (95.65%)
Epoch 361 [0/84843] Loss: 0.362484
Epoch 361 [35000/84843] Loss: 0.312440
Epoch 361 [70000/84843] Loss: 0.330106
Epoch 361 - Avg Loss: 0.428102 | Train Acc: 93.74%
Val: loss=0.3978, acc=10491/10975 (95.59%)
Epoch 362 [0/84843] Loss: 0.359006
Epoch 362 [35000/84843] Loss: 0.500901
Epoch 362 [70000/84843] Loss: 0.575627
Epoch 362 - Avg Loss: 0.426458 | Train Acc: 93.72%
Val: loss=0.3975, acc=10489/10975 (95.57%)
Epoch 363 [0/84843] Loss: 0.277481
Epoch 363 [35000/84843] Loss: 0.310302
Epoch 363 [70000/84843] Loss: 0.517186
Epoch 363 - Avg Loss: 0.428526 | Train Acc: 93.62%
Val: loss=0.3974, acc=10493/10975 (95.61%)
Epoch 364 [0/84843] Loss: 0.312951
Epoch 364 [35000/84843] Loss: 0.419421
Epoch 364 [70000/84843] Loss: 0.836595
Epoch 364 - Avg Loss: 0.430119 | Train Acc: 93.52%
Val: loss=0.3963, acc=10498/10975 (95.65%)
Epoch 365 [0/84843] Loss: 0.856904
Epoch 365 [35000/84843] Loss: 0.394680
Epoch 365 [70000/84843] Loss: 0.404703
Epoch 365 - Avg Loss: 0.427429 | Train Acc: 93.68%
Val: loss=0.3979, acc=10493/10975 (95.61%)
Epoch 366 [0/84843] Loss: 0.299584
Epoch 366 [35000/84843] Loss: 0.296803
Epoch 366 [70000/84843] Loss: 0.670395
Epoch 366 - Avg Loss: 0.431317 | Train Acc: 93.43%
Val: loss=0.3968, acc=10495/10975 (95.63%)
Epoch 367 [0/84843] Loss: 0.586229
Epoch 367 [35000/84843] Loss: 0.547667
Epoch 367 [70000/84843] Loss: 0.325445
Epoch 367 - Avg Loss: 0.427336 | Train Acc: 93.69%
Val: loss=0.3978, acc=10497/10975 (95.64%)
Epoch 368 [0/84843] Loss: 0.537092
Epoch 368 [35000/84843] Loss: 0.807886
Epoch 368 [70000/84843] Loss: 0.362164
Epoch 368 - Avg Loss: 0.432582 | Train Acc: 93.46%
Val: loss=0.3959, acc=10500/10975 (95.67%)
Epoch 369 [0/84843] Loss: 0.488175
Epoch 369 [35000/84843] Loss: 0.379262
Epoch 369 [70000/84843] Loss: 0.497300
Epoch 369 - Avg Loss: 0.427394 | Train Acc: 93.70%
Val: loss=0.3965, acc=10498/10975 (95.65%)
Epoch 370 [0/84843] Loss: 0.278011
Epoch 370 [35000/84843] Loss: 0.571979
Epoch 370 [70000/84843] Loss: 0.289731
Epoch 370 - Avg Loss: 0.422635 | Train Acc: 93.90%
Val: loss=0.3977, acc=10497/10975 (95.64%)
Epoch 371 [0/84843] Loss: 0.291115
Epoch 371 [35000/84843] Loss: 0.621372
Epoch 371 [70000/84843] Loss: 0.427027
Epoch 371 - Avg Loss: 0.433389 | Train Acc: 93.43%
Val: loss=0.3967, acc=10504/10975 (95.71%)
Epoch 372 [0/84843] Loss: 0.356861
Epoch 372 [35000/84843] Loss: 0.431262
Epoch 372 [70000/84843] Loss: 0.461029
Epoch 372 - Avg Loss: 0.428367 | Train Acc: 93.68%
Val: loss=0.3945, acc=10508/10975 (95.74%)
Epoch 373 [0/84843] Loss: 0.818332
Epoch 373 [35000/84843] Loss: 0.347303
Epoch 373 [70000/84843] Loss: 0.294741
Epoch 373 - Avg Loss: 0.430619 | Train Acc: 93.60%
Val: loss=0.3943, acc=10507/10975 (95.74%)
Epoch 374 [0/84843] Loss: 0.335803
Epoch 374 [35000/84843] Loss: 0.548626
Epoch 374 [70000/84843] Loss: 0.413396
Epoch 374 - Avg Loss: 0.434521 | Train Acc: 93.35%
Val: loss=0.3957, acc=10506/10975 (95.73%)
Epoch 375 [0/84843] Loss: 0.344312
Epoch 375 [35000/84843] Loss: 0.327121
Epoch 375 [70000/84843] Loss: 0.618543
Epoch 375 - Avg Loss: 0.428761 | Train Acc: 93.64%
Val: loss=0.3959, acc=10499/10975 (95.66%)
Epoch 376 [0/84843] Loss: 0.502346
Epoch 376 [35000/84843] Loss: 0.443372
Epoch 376 [70000/84843] Loss: 0.413272
Epoch 376 - Avg Loss: 0.427321 | Train Acc: 93.70%
Val: loss=0.3955, acc=10501/10975 (95.68%)
Epoch 377 [0/84843] Loss: 0.280060
Epoch 377 [35000/84843] Loss: 0.296781
Epoch 377 [70000/84843] Loss: 0.783673
Epoch 377 - Avg Loss: 0.431503 | Train Acc: 93.51%
Val: loss=0.3964, acc=10503/10975 (95.70%)
Epoch 378 [0/84843] Loss: 0.302090
Epoch 378 [35000/84843] Loss: 0.470717
Epoch 378 [70000/84843] Loss: 0.345760
Epoch 378 - Avg Loss: 0.428490 | Train Acc: 93.59%
Val: loss=0.3975, acc=10495/10975 (95.63%)
Epoch 379 [0/84843] Loss: 0.505204
Epoch 379 [35000/84843] Loss: 0.311563
Epoch 379 [70000/84843] Loss: 0.625280
Epoch 379 - Avg Loss: 0.425733 | Train Acc: 93.82%
Val: loss=0.3967, acc=10498/10975 (95.65%)
Epoch 380 [0/84843] Loss: 0.611514
Epoch 380 [35000/84843] Loss: 0.465729
Epoch 380 [70000/84843] Loss: 0.335355
Epoch 380 - Avg Loss: 0.432506 | Train Acc: 93.51%
Val: loss=0.3962, acc=10500/10975 (95.67%)
Epoch 381 [0/84843] Loss: 0.436090
Epoch 381 [35000/84843] Loss: 0.458600
Epoch 381 [70000/84843] Loss: 0.354983
Epoch 381 - Avg Loss: 0.428330 | Train Acc: 93.62%
Val: loss=0.3970, acc=10498/10975 (95.65%)
Epoch 382 [0/84843] Loss: 0.521719
Epoch 382 [35000/84843] Loss: 0.395167
Epoch 382 [70000/84843] Loss: 0.319415
Epoch 382 - Avg Loss: 0.428152 | Train Acc: 93.59%
Val: loss=0.3966, acc=10496/10975 (95.64%)
Epoch 383 [0/84843] Loss: 0.311157
Epoch 383 [35000/84843] Loss: 0.531145
Epoch 383 [70000/84843] Loss: 0.668933
Epoch 383 - Avg Loss: 0.434246 | Train Acc: 93.44%
Val: loss=0.3958, acc=10499/10975 (95.66%)
Epoch 384 [0/84843] Loss: 0.420140
Epoch 384 [35000/84843] Loss: 0.294064
Epoch 384 [70000/84843] Loss: 0.280529
Epoch 384 - Avg Loss: 0.428358 | Train Acc: 93.54%
Val: loss=0.3964, acc=10498/10975 (95.65%)
Epoch 385 [0/84843] Loss: 0.292266
Epoch 385 [35000/84843] Loss: 0.754008
Epoch 385 [70000/84843] Loss: 0.854532
Epoch 385 - Avg Loss: 0.428863 | Train Acc: 93.61%
Val: loss=0.3966, acc=10499/10975 (95.66%)
Epoch 386 [0/84843] Loss: 0.304240
Epoch 386 [35000/84843] Loss: 0.411591
Epoch 386 [70000/84843] Loss: 0.485660
Epoch 386 - Avg Loss: 0.433822 | Train Acc: 93.46%
Val: loss=0.3964, acc=10504/10975 (95.71%)
Epoch 387 [0/84843] Loss: 0.282098
Epoch 387 [35000/84843] Loss: 0.448597
Epoch 387 [70000/84843] Loss: 0.535517
Epoch 387 - Avg Loss: 0.430853 | Train Acc: 93.53%
Val: loss=0.3967, acc=10502/10975 (95.69%)
Epoch 388 [0/84843] Loss: 0.330658
Epoch 388 [35000/84843] Loss: 0.454775
Epoch 388 [70000/84843] Loss: 0.424945
Epoch 388 - Avg Loss: 0.429893 | Train Acc: 93.53%
Val: loss=0.3965, acc=10499/10975 (95.66%)
Epoch 389 [0/84843] Loss: 0.323864
Epoch 389 [35000/84843] Loss: 0.301613
Epoch 389 [70000/84843] Loss: 0.465595
Epoch 389 - Avg Loss: 0.428093 | Train Acc: 93.67%
Val: loss=0.3968, acc=10499/10975 (95.66%)
Epoch 390 [0/84843] Loss: 0.421076
Epoch 390 [35000/84843] Loss: 0.300055
Epoch 390 [70000/84843] Loss: 0.355438
Epoch 390 - Avg Loss: 0.427061 | Train Acc: 93.69%
Val: loss=0.3967, acc=10504/10975 (95.71%)
Epoch 391 [0/84843] Loss: 0.422343
Epoch 391 [35000/84843] Loss: 0.437393
Epoch 391 [70000/84843] Loss: 0.302617
Epoch 391 - Avg Loss: 0.429815 | Train Acc: 93.57%
Val: loss=0.3966, acc=10504/10975 (95.71%)
Epoch 392 [0/84843] Loss: 0.686323
Epoch 392 [35000/84843] Loss: 0.411045
Epoch 392 [70000/84843] Loss: 0.345391
Epoch 392 - Avg Loss: 0.431721 | Train Acc: 93.51%
Val: loss=0.3967, acc=10500/10975 (95.67%)
Epoch 393 [0/84843] Loss: 0.427863
Epoch 393 [35000/84843] Loss: 0.291172
Epoch 393 [70000/84843] Loss: 0.416076
Epoch 393 - Avg Loss: 0.435216 | Train Acc: 93.38%
Val: loss=0.3967, acc=10501/10975 (95.68%)
Epoch 394 [0/84843] Loss: 0.517718
Epoch 394 [35000/84843] Loss: 0.312392
Epoch 394 [70000/84843] Loss: 0.282556
Epoch 394 - Avg Loss: 0.434385 | Train Acc: 93.40%
Val: loss=0.3966, acc=10501/10975 (95.68%)
Epoch 395 [0/84843] Loss: 0.362738
Epoch 395 [35000/84843] Loss: 0.286434
Epoch 395 [70000/84843] Loss: 0.296043
Epoch 395 - Avg Loss: 0.429911 | Train Acc: 93.56%
Val: loss=0.3969, acc=10499/10975 (95.66%)
Epoch 396 [0/84843] Loss: 0.528845
Epoch 396 [35000/84843] Loss: 0.284564
Epoch 396 [70000/84843] Loss: 0.498459
Epoch 396 - Avg Loss: 0.428058 | Train Acc: 93.62%
Val: loss=0.3967, acc=10502/10975 (95.69%)
Epoch 397 [0/84843] Loss: 0.272461
Epoch 397 [35000/84843] Loss: 0.394808
Epoch 397 [70000/84843] Loss: 0.568120
Epoch 397 - Avg Loss: 0.433931 | Train Acc: 93.45%
Val: loss=0.3966, acc=10501/10975 (95.68%)
Epoch 398 [0/84843] Loss: 0.777074
Epoch 398 [35000/84843] Loss: 0.337309
Epoch 398 [70000/84843] Loss: 0.307935
Epoch 398 - Avg Loss: 0.434386 | Train Acc: 93.40%
Val: loss=0.3966, acc=10501/10975 (95.68%)
Epoch 399 [0/84843] Loss: 0.858975
Epoch 399 [35000/84843] Loss: 0.474670
Epoch 399 [70000/84843] Loss: 0.324219
Epoch 399 - Avg Loss: 0.428412 | Train Acc: 93.66%
Val: loss=0.3968, acc=10499/10975 (95.66%)
Epoch 400 [0/84843] Loss: 0.736239
Epoch 400 [35000/84843] Loss: 0.933508
Epoch 400 [70000/84843] Loss: 0.334330
Epoch 400 - Avg Loss: 0.426383 | Train Acc: 93.71%
Val: loss=0.3963, acc=10502/10975 (95.69%)
Test: loss=0.4173, acc=11506/12101 (95.08%)
