Running feature config: 16_mels_delta_delta (task 5)
SpecAugment freq_mask=4 time_mask=50
Device: cuda
Feature config: 16_mels_delta_delta -> {'n_mels': 16, 'use_delta': True, 'use_delta_delta': True}
SpecAugment: True freq_mask=4 time_mask=50
GPU Name: Tesla V100-PCIE-32GB
GPU Memory: 34.07 GB
Total model parameters: 47,628
Epoch 1 [0/84843] Loss: 2.427072
Epoch 1 [35000/84843] Loss: 1.738729
Epoch 1 [70000/84843] Loss: 1.581103
Epoch 1 - Avg Loss: 1.683064 | Train Acc: 56.51%
Val: loss=1.4995, acc=6956/10975 (63.38%)
saved best: 63.38%
Epoch 2 [0/84843] Loss: 1.360439
Epoch 2 [35000/84843] Loss: 1.316605
Epoch 2 [70000/84843] Loss: 1.500530
Epoch 2 - Avg Loss: 1.380020 | Train Acc: 66.38%
Val: loss=1.3935, acc=7238/10975 (65.95%)
saved best: 65.95%
Epoch 3 [0/84843] Loss: 1.350596
Epoch 3 [35000/84843] Loss: 1.646012
Epoch 3 [70000/84843] Loss: 1.275725
Epoch 3 - Avg Loss: 1.361998 | Train Acc: 66.70%
Val: loss=1.3921, acc=7244/10975 (66.00%)
saved best: 66.00%
Epoch 4 [0/84843] Loss: 1.350289
Epoch 4 [35000/84843] Loss: 1.271923
Epoch 4 [70000/84843] Loss: 1.163806
Epoch 4 - Avg Loss: 1.358393 | Train Acc: 66.75%
Val: loss=1.3875, acc=7250/10975 (66.06%)
saved best: 66.06%
Epoch 5 [0/84843] Loss: 1.465448
Epoch 5 [35000/84843] Loss: 1.262088
Epoch 5 [70000/84843] Loss: 1.494883
Epoch 5 - Avg Loss: 1.353563 | Train Acc: 66.77%
Val: loss=1.3640, acc=7257/10975 (66.12%)
saved best: 66.12%
Epoch 6 [0/84843] Loss: 1.105538
Epoch 6 [35000/84843] Loss: 1.233542
Epoch 6 [70000/84843] Loss: 1.574007
Epoch 6 - Avg Loss: 1.338666 | Train Acc: 66.74%
Val: loss=1.3224, acc=7252/10975 (66.08%)
Epoch 7 [0/84843] Loss: 1.639480
Epoch 7 [35000/84843] Loss: 1.228954
Epoch 7 [70000/84843] Loss: 1.425781
Epoch 7 - Avg Loss: 1.308069 | Train Acc: 66.70%
Val: loss=1.2869, acc=7242/10975 (65.99%)
Epoch 8 [0/84843] Loss: 1.407339
Epoch 8 [35000/84843] Loss: 1.274090
Epoch 8 [70000/84843] Loss: 1.391489
Epoch 8 - Avg Loss: 1.285117 | Train Acc: 66.76%
Val: loss=1.2463, acc=7393/10975 (67.36%)
saved best: 67.36%
Epoch 9 [0/84843] Loss: 1.287781
Epoch 9 [35000/84843] Loss: 1.320180
Epoch 9 [70000/84843] Loss: 1.246367
Epoch 9 - Avg Loss: 1.260931 | Train Acc: 67.13%
Val: loss=1.2187, acc=7411/10975 (67.53%)
saved best: 67.53%
Epoch 10 [0/84843] Loss: 1.142560
Epoch 10 [35000/84843] Loss: 1.246171
Epoch 10 [70000/84843] Loss: 1.102579
Epoch 10 - Avg Loss: 1.236857 | Train Acc: 67.57%
Val: loss=1.1868, acc=7437/10975 (67.76%)
saved best: 67.76%
Epoch 11 [0/84843] Loss: 1.182269
Epoch 11 [35000/84843] Loss: 1.273877
Epoch 11 [70000/84843] Loss: 1.282435
Epoch 11 - Avg Loss: 1.218125 | Train Acc: 67.82%
Val: loss=1.1493, acc=7496/10975 (68.30%)
saved best: 68.30%
Epoch 12 [0/84843] Loss: 0.982601
Epoch 12 [35000/84843] Loss: 1.278434
Epoch 12 [70000/84843] Loss: 1.161770
Epoch 12 - Avg Loss: 1.196588 | Train Acc: 68.04%
Val: loss=1.1203, acc=7528/10975 (68.59%)
saved best: 68.59%
Epoch 13 [0/84843] Loss: 1.087160
Epoch 13 [35000/84843] Loss: 1.139888
Epoch 13 [70000/84843] Loss: 1.027803
Epoch 13 - Avg Loss: 1.179943 | Train Acc: 68.25%
Val: loss=1.0860, acc=7618/10975 (69.41%)
saved best: 69.41%
Epoch 14 [0/84843] Loss: 0.960035
Epoch 14 [35000/84843] Loss: 1.611085
Epoch 14 [70000/84843] Loss: 1.035764
Epoch 14 - Avg Loss: 1.153540 | Train Acc: 68.80%
Val: loss=1.0584, acc=7764/10975 (70.74%)
saved best: 70.74%
Epoch 15 [0/84843] Loss: 1.045869
Epoch 15 [35000/84843] Loss: 1.219070
Epoch 15 [70000/84843] Loss: 1.076960
Epoch 15 - Avg Loss: 1.124465 | Train Acc: 69.70%
Val: loss=1.0019, acc=7813/10975 (71.19%)
saved best: 71.19%
Epoch 16 [0/84843] Loss: 1.103013
Epoch 16 [35000/84843] Loss: 1.154006
Epoch 16 [70000/84843] Loss: 1.155813
Epoch 16 - Avg Loss: 1.089492 | Train Acc: 70.42%
Val: loss=0.9511, acc=7972/10975 (72.64%)
saved best: 72.64%
Epoch 17 [0/84843] Loss: 1.262425
Epoch 17 [35000/84843] Loss: 1.268576
Epoch 17 [70000/84843] Loss: 0.859955
Epoch 17 - Avg Loss: 1.045155 | Train Acc: 71.57%
Val: loss=0.9069, acc=8217/10975 (74.87%)
saved best: 74.87%
Epoch 18 [0/84843] Loss: 1.036996
Epoch 18 [35000/84843] Loss: 0.834579
Epoch 18 [70000/84843] Loss: 1.297109
Epoch 18 - Avg Loss: 1.011423 | Train Acc: 72.58%
Val: loss=0.8607, acc=8460/10975 (77.08%)
saved best: 77.08%
Epoch 19 [0/84843] Loss: 1.051747
Epoch 19 [35000/84843] Loss: 0.923515
Epoch 19 [70000/84843] Loss: 0.863159
Epoch 19 - Avg Loss: 0.979916 | Train Acc: 73.75%
Val: loss=0.8128, acc=8767/10975 (79.88%)
saved best: 79.88%
Epoch 20 [0/84843] Loss: 1.082227
Epoch 20 [35000/84843] Loss: 1.023274
Epoch 20 [70000/84843] Loss: 0.649258
Epoch 20 - Avg Loss: 0.945747 | Train Acc: 74.82%
Val: loss=0.7727, acc=8989/10975 (81.90%)
saved best: 81.90%
Epoch 21 [0/84843] Loss: 0.615252
Epoch 21 [35000/84843] Loss: 0.788395
Epoch 21 [70000/84843] Loss: 0.674483
Epoch 21 - Avg Loss: 0.907746 | Train Acc: 75.98%
Val: loss=0.7538, acc=9000/10975 (82.00%)
saved best: 82.00%
Epoch 22 [0/84843] Loss: 0.823058
Epoch 22 [35000/84843] Loss: 0.850445
Epoch 22 [70000/84843] Loss: 1.040714
Epoch 22 - Avg Loss: 0.875552 | Train Acc: 77.12%
Val: loss=0.6918, acc=9240/10975 (84.19%)
saved best: 84.19%
Epoch 23 [0/84843] Loss: 0.744144
Epoch 23 [35000/84843] Loss: 0.829925
Epoch 23 [70000/84843] Loss: 0.625074
Epoch 23 - Avg Loss: 0.849003 | Train Acc: 78.10%
Val: loss=0.6425, acc=9484/10975 (86.41%)
saved best: 86.41%
Epoch 24 [0/84843] Loss: 0.699834
Epoch 24 [35000/84843] Loss: 0.832000
Epoch 24 [70000/84843] Loss: 0.613354
Epoch 24 - Avg Loss: 0.821195 | Train Acc: 79.09%
Val: loss=0.6077, acc=9625/10975 (87.70%)
saved best: 87.70%
Epoch 25 [0/84843] Loss: 1.133175
Epoch 25 [35000/84843] Loss: 0.748194
Epoch 25 [70000/84843] Loss: 0.794780
Epoch 25 - Avg Loss: 0.787768 | Train Acc: 80.47%
Val: loss=0.5773, acc=9805/10975 (89.34%)
saved best: 89.34%
Epoch 26 [0/84843] Loss: 0.699966
Epoch 26 [35000/84843] Loss: 1.051249
Epoch 26 [70000/84843] Loss: 0.562502
Epoch 26 - Avg Loss: 0.760416 | Train Acc: 81.40%
Val: loss=0.5549, acc=9873/10975 (89.96%)
saved best: 89.96%
Epoch 27 [0/84843] Loss: 0.657667
Epoch 27 [35000/84843] Loss: 0.745599
Epoch 27 [70000/84843] Loss: 0.966895
Epoch 27 - Avg Loss: 0.739843 | Train Acc: 82.30%
Val: loss=0.5375, acc=9991/10975 (91.03%)
saved best: 91.03%
Epoch 28 [0/84843] Loss: 0.648604
Epoch 28 [35000/84843] Loss: 0.956919
Epoch 28 [70000/84843] Loss: 0.571005
Epoch 28 - Avg Loss: 0.726187 | Train Acc: 82.77%
Val: loss=0.5265, acc=9991/10975 (91.03%)
Epoch 29 [0/84843] Loss: 1.157097
Epoch 29 [35000/84843] Loss: 0.787332
Epoch 29 [70000/84843] Loss: 1.000798
Epoch 29 - Avg Loss: 0.706911 | Train Acc: 83.50%
Val: loss=0.5153, acc=10048/10975 (91.55%)
saved best: 91.55%
Epoch 30 [0/84843] Loss: 0.503082
Epoch 30 [35000/84843] Loss: 0.811650
Epoch 30 [70000/84843] Loss: 0.647159
Epoch 30 - Avg Loss: 0.701628 | Train Acc: 83.63%
Val: loss=0.5048, acc=10105/10975 (92.07%)
saved best: 92.07%
Epoch 31 [0/84843] Loss: 1.123790
Epoch 31 [35000/84843] Loss: 0.572366
Epoch 31 [70000/84843] Loss: 0.410818
Epoch 31 - Avg Loss: 0.682932 | Train Acc: 84.48%
Val: loss=0.4861, acc=10173/10975 (92.69%)
saved best: 92.69%
Epoch 32 [0/84843] Loss: 1.323621
Epoch 32 [35000/84843] Loss: 0.811092
Epoch 32 [70000/84843] Loss: 0.601280
Epoch 32 - Avg Loss: 0.668571 | Train Acc: 84.93%
Val: loss=0.4742, acc=10238/10975 (93.28%)
saved best: 93.28%
Epoch 33 [0/84843] Loss: 0.638067
Epoch 33 [35000/84843] Loss: 0.442090
Epoch 33 [70000/84843] Loss: 0.912257
Epoch 33 - Avg Loss: 0.663213 | Train Acc: 85.01%
Val: loss=0.4738, acc=10236/10975 (93.27%)
Epoch 34 [0/84843] Loss: 0.411726
Epoch 34 [35000/84843] Loss: 1.041322
Epoch 34 [70000/84843] Loss: 0.474451
Epoch 34 - Avg Loss: 0.655777 | Train Acc: 85.34%
Val: loss=0.4758, acc=10203/10975 (92.97%)
Epoch 35 [0/84843] Loss: 0.728724
Epoch 35 [35000/84843] Loss: 0.453052
Epoch 35 [70000/84843] Loss: 1.014069
Epoch 35 - Avg Loss: 0.638329 | Train Acc: 86.06%
Val: loss=0.4677, acc=10232/10975 (93.23%)
Epoch 36 [0/84843] Loss: 0.771579
Epoch 36 [35000/84843] Loss: 0.738759
Epoch 36 [70000/84843] Loss: 0.543797
Epoch 36 - Avg Loss: 0.639731 | Train Acc: 85.84%
Val: loss=0.4621, acc=10257/10975 (93.46%)
saved best: 93.46%
Epoch 37 [0/84843] Loss: 0.435725
Epoch 37 [35000/84843] Loss: 0.493349
Epoch 37 [70000/84843] Loss: 0.481408
Epoch 37 - Avg Loss: 0.626763 | Train Acc: 86.41%
Val: loss=0.4475, acc=10323/10975 (94.06%)
saved best: 94.06%
Epoch 38 [0/84843] Loss: 0.638320
Epoch 38 [35000/84843] Loss: 0.908702
Epoch 38 [70000/84843] Loss: 0.781186
Epoch 38 - Avg Loss: 0.630079 | Train Acc: 86.26%
Val: loss=0.4513, acc=10295/10975 (93.80%)
Epoch 39 [0/84843] Loss: 0.717571
Epoch 39 [35000/84843] Loss: 0.401236
Epoch 39 [70000/84843] Loss: 0.418172
Epoch 39 - Avg Loss: 0.611394 | Train Acc: 86.94%
Val: loss=0.4406, acc=10336/10975 (94.18%)
saved best: 94.18%
Epoch 40 [0/84843] Loss: 0.686886
Epoch 40 [35000/84843] Loss: 0.501859
Epoch 40 [70000/84843] Loss: 0.418059
Epoch 40 - Avg Loss: 0.612180 | Train Acc: 86.87%
Val: loss=0.4731, acc=10202/10975 (92.96%)
Epoch 41 [0/84843] Loss: 0.524579
Epoch 41 [35000/84843] Loss: 0.347296
Epoch 41 [70000/84843] Loss: 0.807833
Epoch 41 - Avg Loss: 0.604770 | Train Acc: 87.20%
Val: loss=0.4329, acc=10373/10975 (94.51%)
saved best: 94.51%
Epoch 42 [0/84843] Loss: 0.393413
Epoch 42 [35000/84843] Loss: 0.608409
Epoch 42 [70000/84843] Loss: 0.799464
Epoch 42 - Avg Loss: 0.596181 | Train Acc: 87.52%
Val: loss=0.4364, acc=10351/10975 (94.31%)
Epoch 43 [0/84843] Loss: 0.740738
Epoch 43 [35000/84843] Loss: 0.422006
Epoch 43 [70000/84843] Loss: 0.620125
Epoch 43 - Avg Loss: 0.597439 | Train Acc: 87.38%
Val: loss=0.4393, acc=10345/10975 (94.26%)
Epoch 44 [0/84843] Loss: 0.518322
Epoch 44 [35000/84843] Loss: 0.306610
Epoch 44 [70000/84843] Loss: 0.581166
Epoch 44 - Avg Loss: 0.591568 | Train Acc: 87.60%
Val: loss=0.4342, acc=10348/10975 (94.29%)
Epoch 45 [0/84843] Loss: 0.447186
Epoch 45 [35000/84843] Loss: 0.340638
Epoch 45 [70000/84843] Loss: 0.592554
Epoch 45 - Avg Loss: 0.581838 | Train Acc: 88.07%
Val: loss=0.4203, acc=10420/10975 (94.94%)
saved best: 94.94%
Epoch 46 [0/84843] Loss: 0.591869
Epoch 46 [35000/84843] Loss: 1.019363
Epoch 46 [70000/84843] Loss: 1.061405
Epoch 46 - Avg Loss: 0.579963 | Train Acc: 87.98%
Val: loss=0.4306, acc=10352/10975 (94.32%)
Epoch 47 [0/84843] Loss: 0.857649
Epoch 47 [35000/84843] Loss: 0.716350
Epoch 47 [70000/84843] Loss: 0.486574
Epoch 47 - Avg Loss: 0.571625 | Train Acc: 88.44%
Val: loss=0.4201, acc=10410/10975 (94.85%)
Epoch 48 [0/84843] Loss: 0.726589
Epoch 48 [35000/84843] Loss: 0.438545
Epoch 48 [70000/84843] Loss: 0.359396
Epoch 48 - Avg Loss: 0.573826 | Train Acc: 88.31%
Val: loss=0.4429, acc=10308/10975 (93.92%)
Epoch 49 [0/84843] Loss: 0.665673
Epoch 49 [35000/84843] Loss: 0.404854
Epoch 49 [70000/84843] Loss: 0.438585
Epoch 49 - Avg Loss: 0.569949 | Train Acc: 88.44%
Val: loss=0.4170, acc=10418/10975 (94.92%)
Epoch 50 [0/84843] Loss: 0.879130
Epoch 50 [35000/84843] Loss: 0.405533
Epoch 50 [70000/84843] Loss: 0.516322
Epoch 50 - Avg Loss: 0.569361 | Train Acc: 88.55%
Val: loss=0.4093, acc=10447/10975 (95.19%)
saved best: 95.19%
Epoch 51 [0/84843] Loss: 0.392309
Epoch 51 [35000/84843] Loss: 0.402524
Epoch 51 [70000/84843] Loss: 0.401187
Epoch 51 - Avg Loss: 0.560455 | Train Acc: 88.77%
Val: loss=0.4145, acc=10432/10975 (95.05%)
Epoch 52 [0/84843] Loss: 0.315823
Epoch 52 [35000/84843] Loss: 0.395214
Epoch 52 [70000/84843] Loss: 0.508313
Epoch 52 - Avg Loss: 0.558102 | Train Acc: 88.83%
Val: loss=0.4092, acc=10435/10975 (95.08%)
Epoch 53 [0/84843] Loss: 0.580066
Epoch 53 [35000/84843] Loss: 0.760702
Epoch 53 [70000/84843] Loss: 0.688041
Epoch 53 - Avg Loss: 0.555605 | Train Acc: 88.93%
Val: loss=0.4078, acc=10459/10975 (95.30%)
saved best: 95.30%
Epoch 54 [0/84843] Loss: 0.536888
Epoch 54 [35000/84843] Loss: 0.543085
Epoch 54 [70000/84843] Loss: 0.672453
Epoch 54 - Avg Loss: 0.554267 | Train Acc: 88.99%
Val: loss=0.4064, acc=10466/10975 (95.36%)
saved best: 95.36%
Epoch 55 [0/84843] Loss: 0.546594
Epoch 55 [35000/84843] Loss: 0.422873
Epoch 55 [70000/84843] Loss: 0.557833
Epoch 55 - Avg Loss: 0.558881 | Train Acc: 88.85%
Val: loss=0.4022, acc=10444/10975 (95.16%)
Epoch 56 [0/84843] Loss: 0.442518
Epoch 56 [35000/84843] Loss: 0.527408
Epoch 56 [70000/84843] Loss: 0.523867
Epoch 56 - Avg Loss: 0.550822 | Train Acc: 89.17%
Val: loss=0.4091, acc=10433/10975 (95.06%)
Epoch 57 [0/84843] Loss: 0.546437
Epoch 57 [35000/84843] Loss: 0.584250
Epoch 57 [70000/84843] Loss: 0.499834
Epoch 57 - Avg Loss: 0.549652 | Train Acc: 89.15%
Val: loss=0.4043, acc=10452/10975 (95.23%)
Epoch 58 [0/84843] Loss: 0.657733
Epoch 58 [35000/84843] Loss: 0.364156
Epoch 58 [70000/84843] Loss: 0.630529
Epoch 58 - Avg Loss: 0.551078 | Train Acc: 89.16%
Val: loss=0.3963, acc=10496/10975 (95.64%)
saved best: 95.64%
Epoch 59 [0/84843] Loss: 0.466824
Epoch 59 [35000/84843] Loss: 0.437309
Epoch 59 [70000/84843] Loss: 0.482143
Epoch 59 - Avg Loss: 0.537860 | Train Acc: 89.60%
Val: loss=0.3989, acc=10487/10975 (95.55%)
Epoch 60 [0/84843] Loss: 0.683666
Epoch 60 [35000/84843] Loss: 0.322035
Epoch 60 [70000/84843] Loss: 0.851654
Epoch 60 - Avg Loss: 0.545572 | Train Acc: 89.29%
Val: loss=0.3928, acc=10522/10975 (95.87%)
saved best: 95.87%
Epoch 61 [0/84843] Loss: 0.417600
Epoch 61 [35000/84843] Loss: 0.507617
Epoch 61 [70000/84843] Loss: 0.465521
Epoch 61 - Avg Loss: 0.540472 | Train Acc: 89.46%
Val: loss=0.3995, acc=10457/10975 (95.28%)
Epoch 62 [0/84843] Loss: 0.474803
Epoch 62 [35000/84843] Loss: 0.582560
Epoch 62 [70000/84843] Loss: 1.034398
Epoch 62 - Avg Loss: 0.532688 | Train Acc: 89.82%
Val: loss=0.3921, acc=10510/10975 (95.76%)
Epoch 63 [0/84843] Loss: 0.793901
Epoch 63 [35000/84843] Loss: 0.720854
Epoch 63 [70000/84843] Loss: 0.509432
Epoch 63 - Avg Loss: 0.533481 | Train Acc: 89.81%
Val: loss=0.3947, acc=10501/10975 (95.68%)
Epoch 64 [0/84843] Loss: 0.462486
Epoch 64 [35000/84843] Loss: 0.595427
Epoch 64 [70000/84843] Loss: 0.363735
Epoch 64 - Avg Loss: 0.535293 | Train Acc: 89.64%
Val: loss=0.3995, acc=10479/10975 (95.48%)
Epoch 65 [0/84843] Loss: 0.584141
Epoch 65 [35000/84843] Loss: 0.437665
Epoch 65 [70000/84843] Loss: 0.964302
Epoch 65 - Avg Loss: 0.534444 | Train Acc: 89.67%
Val: loss=0.4008, acc=10466/10975 (95.36%)
Epoch 66 [0/84843] Loss: 0.486979
Epoch 66 [35000/84843] Loss: 0.405192
Epoch 66 [70000/84843] Loss: 0.546433
Epoch 66 - Avg Loss: 0.522643 | Train Acc: 90.19%
Val: loss=0.3980, acc=10467/10975 (95.37%)
Epoch 67 [0/84843] Loss: 0.754806
Epoch 67 [35000/84843] Loss: 0.759864
Epoch 67 [70000/84843] Loss: 0.635138
Epoch 67 - Avg Loss: 0.529001 | Train Acc: 89.83%
Val: loss=0.4047, acc=10451/10975 (95.23%)
Epoch 68 [0/84843] Loss: 0.351584
Epoch 68 [35000/84843] Loss: 0.439337
Epoch 68 [70000/84843] Loss: 0.409185
Epoch 68 - Avg Loss: 0.526513 | Train Acc: 90.00%
Val: loss=0.3845, acc=10538/10975 (96.02%)
saved best: 96.02%
Epoch 69 [0/84843] Loss: 0.501523
Epoch 69 [35000/84843] Loss: 0.595868
Epoch 69 [70000/84843] Loss: 0.629413
Epoch 69 - Avg Loss: 0.522770 | Train Acc: 90.09%
Val: loss=0.3953, acc=10490/10975 (95.58%)
Epoch 70 [0/84843] Loss: 0.763680
Epoch 70 [35000/84843] Loss: 0.812263
Epoch 70 [70000/84843] Loss: 0.412241
Epoch 70 - Avg Loss: 0.525184 | Train Acc: 90.00%
Val: loss=0.3881, acc=10522/10975 (95.87%)
Epoch 71 [0/84843] Loss: 0.507533
Epoch 71 [35000/84843] Loss: 0.809007
Epoch 71 [70000/84843] Loss: 0.378976
Epoch 71 - Avg Loss: 0.522247 | Train Acc: 90.13%
Val: loss=0.4144, acc=10415/10975 (94.90%)
Epoch 72 [0/84843] Loss: 0.353281
Epoch 72 [35000/84843] Loss: 0.442081
Epoch 72 [70000/84843] Loss: 0.755576
Epoch 72 - Avg Loss: 0.520916 | Train Acc: 90.25%
Val: loss=0.3953, acc=10489/10975 (95.57%)
Epoch 73 [0/84843] Loss: 0.316382
Epoch 73 [35000/84843] Loss: 0.356438
Epoch 73 [70000/84843] Loss: 0.642826
Epoch 73 - Avg Loss: 0.518043 | Train Acc: 90.24%
Val: loss=0.3917, acc=10510/10975 (95.76%)
Epoch 74 [0/84843] Loss: 0.697070
Epoch 74 [35000/84843] Loss: 0.381450
Epoch 74 [70000/84843] Loss: 0.535581
Epoch 74 - Avg Loss: 0.524337 | Train Acc: 90.06%
Val: loss=0.3946, acc=10504/10975 (95.71%)
Epoch 75 [0/84843] Loss: 0.755452
Epoch 75 [35000/84843] Loss: 0.602697
Epoch 75 [70000/84843] Loss: 0.376634
Epoch 75 - Avg Loss: 0.517398 | Train Acc: 90.34%
Val: loss=0.3889, acc=10502/10975 (95.69%)
Epoch 76 [0/84843] Loss: 0.551960
Epoch 76 [35000/84843] Loss: 0.315864
Epoch 76 [70000/84843] Loss: 0.544197
Epoch 76 - Avg Loss: 0.515299 | Train Acc: 90.47%
Val: loss=0.3911, acc=10505/10975 (95.72%)
Epoch 77 [0/84843] Loss: 0.527635
Epoch 77 [35000/84843] Loss: 0.666924
Epoch 77 [70000/84843] Loss: 0.504140
Epoch 77 - Avg Loss: 0.514824 | Train Acc: 90.52%
Val: loss=0.4036, acc=10450/10975 (95.22%)
Epoch 78 [0/84843] Loss: 0.648576
Epoch 78 [35000/84843] Loss: 0.451060
Epoch 78 [70000/84843] Loss: 0.641155
Epoch 78 - Avg Loss: 0.518138 | Train Acc: 90.31%
Val: loss=0.3854, acc=10520/10975 (95.85%)
Epoch 79 [0/84843] Loss: 0.545028
Epoch 79 [35000/84843] Loss: 0.408902
Epoch 79 [70000/84843] Loss: 0.452712
Epoch 79 - Avg Loss: 0.515275 | Train Acc: 90.42%
Val: loss=0.3812, acc=10546/10975 (96.09%)
saved best: 96.09%
Epoch 80 [0/84843] Loss: 0.349068
Epoch 80 [35000/84843] Loss: 0.400248
Epoch 80 [70000/84843] Loss: 0.397053
Epoch 80 - Avg Loss: 0.514298 | Train Acc: 90.42%
Val: loss=0.3924, acc=10511/10975 (95.77%)
Epoch 81 [0/84843] Loss: 0.485101
Epoch 81 [35000/84843] Loss: 0.802387
Epoch 81 [70000/84843] Loss: 0.648879
Epoch 81 - Avg Loss: 0.516058 | Train Acc: 90.31%
Val: loss=0.3852, acc=10518/10975 (95.84%)
Epoch 82 [0/84843] Loss: 0.400380
Epoch 82 [35000/84843] Loss: 0.402862
Epoch 82 [70000/84843] Loss: 0.526947
Epoch 82 - Avg Loss: 0.509283 | Train Acc: 90.67%
Val: loss=0.3857, acc=10535/10975 (95.99%)
Epoch 83 [0/84843] Loss: 0.507799
Epoch 83 [35000/84843] Loss: 0.726217
Epoch 83 [70000/84843] Loss: 0.700869
Epoch 83 - Avg Loss: 0.510471 | Train Acc: 90.60%
Val: loss=0.3905, acc=10500/10975 (95.67%)
Epoch 84 [0/84843] Loss: 0.520948
Epoch 84 [35000/84843] Loss: 0.550835
Epoch 84 [70000/84843] Loss: 0.403095
Epoch 84 - Avg Loss: 0.519808 | Train Acc: 90.12%
Val: loss=0.3956, acc=10485/10975 (95.54%)
Epoch 85 [0/84843] Loss: 0.475936
Epoch 85 [35000/84843] Loss: 0.571934
Epoch 85 [70000/84843] Loss: 0.465753
Epoch 85 - Avg Loss: 0.511103 | Train Acc: 90.58%
Val: loss=0.3975, acc=10480/10975 (95.49%)
Epoch 86 [0/84843] Loss: 0.490229
Epoch 86 [35000/84843] Loss: 0.369245
Epoch 86 [70000/84843] Loss: 0.788402
Epoch 86 - Avg Loss: 0.514560 | Train Acc: 90.43%
Val: loss=0.3806, acc=10549/10975 (96.12%)
saved best: 96.12%
Epoch 87 [0/84843] Loss: 0.478246
Epoch 87 [35000/84843] Loss: 0.797590
Epoch 87 [70000/84843] Loss: 0.324418
Epoch 87 - Avg Loss: 0.507144 | Train Acc: 90.71%
Val: loss=0.3845, acc=10529/10975 (95.94%)
Epoch 88 [0/84843] Loss: 0.521476
Epoch 88 [35000/84843] Loss: 0.492215
Epoch 88 [70000/84843] Loss: 0.516631
Epoch 88 - Avg Loss: 0.511952 | Train Acc: 90.50%
Val: loss=0.3853, acc=10521/10975 (95.86%)
Epoch 89 [0/84843] Loss: 0.456771
Epoch 89 [35000/84843] Loss: 0.364510
Epoch 89 [70000/84843] Loss: 0.432455
Epoch 89 - Avg Loss: 0.507594 | Train Acc: 90.69%
Val: loss=0.3922, acc=10502/10975 (95.69%)
Epoch 90 [0/84843] Loss: 0.442977
Epoch 90 [35000/84843] Loss: 0.560300
Epoch 90 [70000/84843] Loss: 0.409477
Epoch 90 - Avg Loss: 0.508016 | Train Acc: 90.54%
Val: loss=0.3932, acc=10507/10975 (95.74%)
Epoch 91 [0/84843] Loss: 0.325530
Epoch 91 [35000/84843] Loss: 0.945681
Epoch 91 [70000/84843] Loss: 0.291302
Epoch 91 - Avg Loss: 0.506756 | Train Acc: 90.68%
Val: loss=0.3820, acc=10541/10975 (96.05%)
Epoch 92 [0/84843] Loss: 0.524823
Epoch 92 [35000/84843] Loss: 0.430495
Epoch 92 [70000/84843] Loss: 0.390442
Epoch 92 - Avg Loss: 0.503623 | Train Acc: 90.79%
Val: loss=0.3842, acc=10527/10975 (95.92%)
Epoch 93 [0/84843] Loss: 0.419787
Epoch 93 [35000/84843] Loss: 0.546244
Epoch 93 [70000/84843] Loss: 0.444604
Epoch 93 - Avg Loss: 0.510572 | Train Acc: 90.49%
Val: loss=0.3823, acc=10528/10975 (95.93%)
Epoch 94 [0/84843] Loss: 0.901687
Epoch 94 [35000/84843] Loss: 0.696891
Epoch 94 [70000/84843] Loss: 0.602391
Epoch 94 - Avg Loss: 0.505144 | Train Acc: 90.72%
Val: loss=0.3896, acc=10527/10975 (95.92%)
Epoch 95 [0/84843] Loss: 0.594806
Epoch 95 [35000/84843] Loss: 0.506352
Epoch 95 [70000/84843] Loss: 0.357423
Epoch 95 - Avg Loss: 0.508895 | Train Acc: 90.58%
Val: loss=0.3865, acc=10514/10975 (95.80%)
Epoch 96 [0/84843] Loss: 0.601594
Epoch 96 [35000/84843] Loss: 0.696248
Epoch 96 [70000/84843] Loss: 0.332577
Epoch 96 - Avg Loss: 0.505136 | Train Acc: 90.74%
Val: loss=0.3819, acc=10533/10975 (95.97%)
Epoch 97 [0/84843] Loss: 0.411350
Epoch 97 [35000/84843] Loss: 0.303496
Epoch 97 [70000/84843] Loss: 0.696510
Epoch 97 - Avg Loss: 0.500420 | Train Acc: 90.93%
Val: loss=0.3855, acc=10521/10975 (95.86%)
Epoch 98 [0/84843] Loss: 0.409205
Epoch 98 [35000/84843] Loss: 0.370544
Epoch 98 [70000/84843] Loss: 0.621904
Epoch 98 - Avg Loss: 0.505835 | Train Acc: 90.71%
Val: loss=0.3840, acc=10532/10975 (95.96%)
Epoch 99 [0/84843] Loss: 0.562274
Epoch 99 [35000/84843] Loss: 0.378262
Epoch 99 [70000/84843] Loss: 0.685494
Epoch 99 - Avg Loss: 0.504916 | Train Acc: 90.76%
Val: loss=0.3972, acc=10467/10975 (95.37%)
Epoch 100 [0/84843] Loss: 0.602012
Epoch 100 [35000/84843] Loss: 0.611103
Epoch 100 [70000/84843] Loss: 0.544457
Epoch 100 - Avg Loss: 0.500763 | Train Acc: 90.90%
Val: loss=0.3865, acc=10513/10975 (95.79%)
Epoch 101 [0/84843] Loss: 0.591637
Epoch 101 [35000/84843] Loss: 0.359554
Epoch 101 [70000/84843] Loss: 0.377869
Epoch 101 - Avg Loss: 0.501698 | Train Acc: 90.83%
Val: loss=0.3803, acc=10540/10975 (96.04%)
Epoch 102 [0/84843] Loss: 0.413411
Epoch 102 [35000/84843] Loss: 0.365030
Epoch 102 [70000/84843] Loss: 0.361406
Epoch 102 - Avg Loss: 0.500943 | Train Acc: 90.92%
Val: loss=0.3879, acc=10514/10975 (95.80%)
Epoch 103 [0/84843] Loss: 0.424445
Epoch 103 [35000/84843] Loss: 0.443491
Epoch 103 [70000/84843] Loss: 0.605758
Epoch 103 - Avg Loss: 0.501448 | Train Acc: 90.91%
Val: loss=0.3880, acc=10512/10975 (95.78%)
Epoch 104 [0/84843] Loss: 0.347659
Epoch 104 [35000/84843] Loss: 0.365865
Epoch 104 [70000/84843] Loss: 0.467505
Epoch 104 - Avg Loss: 0.501808 | Train Acc: 90.83%
Val: loss=0.3834, acc=10527/10975 (95.92%)
Epoch 105 [0/84843] Loss: 0.351675
Epoch 105 [35000/84843] Loss: 0.333865
Epoch 105 [70000/84843] Loss: 0.605967
Epoch 105 - Avg Loss: 0.505288 | Train Acc: 90.71%
Val: loss=0.3815, acc=10534/10975 (95.98%)
Epoch 106 [0/84843] Loss: 0.467724
Epoch 106 [35000/84843] Loss: 0.309317
Epoch 106 [70000/84843] Loss: 0.530396
Epoch 106 - Avg Loss: 0.498068 | Train Acc: 91.02%
Val: loss=0.3877, acc=10528/10975 (95.93%)
Epoch 107 [0/84843] Loss: 0.757956
Epoch 107 [35000/84843] Loss: 0.519170
Epoch 107 [70000/84843] Loss: 0.391495
Epoch 107 - Avg Loss: 0.500124 | Train Acc: 90.97%
Val: loss=0.3930, acc=10486/10975 (95.54%)
Epoch 108 [0/84843] Loss: 0.684125
Epoch 108 [35000/84843] Loss: 0.494209
Epoch 108 [70000/84843] Loss: 0.532442
Epoch 108 - Avg Loss: 0.499141 | Train Acc: 91.00%
Val: loss=0.3859, acc=10523/10975 (95.88%)
Epoch 109 [0/84843] Loss: 0.433829
Epoch 109 [35000/84843] Loss: 0.752038
Epoch 109 [70000/84843] Loss: 0.417003
Epoch 109 - Avg Loss: 0.496164 | Train Acc: 91.03%
Val: loss=0.3788, acc=10554/10975 (96.16%)
saved best: 96.16%
Epoch 110 [0/84843] Loss: 0.552916
Epoch 110 [35000/84843] Loss: 0.287068
Epoch 110 [70000/84843] Loss: 0.667211
Epoch 110 - Avg Loss: 0.503212 | Train Acc: 90.82%
Val: loss=0.3893, acc=10519/10975 (95.85%)
Epoch 111 [0/84843] Loss: 0.648934
Epoch 111 [35000/84843] Loss: 0.349193
Epoch 111 [70000/84843] Loss: 0.565755
Epoch 111 - Avg Loss: 0.489667 | Train Acc: 91.33%
Val: loss=0.3962, acc=10478/10975 (95.47%)
Epoch 112 [0/84843] Loss: 0.457536
Epoch 112 [35000/84843] Loss: 0.721414
Epoch 112 [70000/84843] Loss: 0.652852
Epoch 112 - Avg Loss: 0.496597 | Train Acc: 91.06%
Val: loss=0.3851, acc=10516/10975 (95.82%)
Epoch 113 [0/84843] Loss: 0.553037
Epoch 113 [35000/84843] Loss: 0.297361
Epoch 113 [70000/84843] Loss: 0.619654
Epoch 113 - Avg Loss: 0.500863 | Train Acc: 90.94%
Val: loss=0.3752, acc=10557/10975 (96.19%)
saved best: 96.19%
Epoch 114 [0/84843] Loss: 0.353795
Epoch 114 [35000/84843] Loss: 0.365978
Epoch 114 [70000/84843] Loss: 0.609554
Epoch 114 - Avg Loss: 0.497101 | Train Acc: 91.11%
Val: loss=0.3799, acc=10553/10975 (96.15%)
Epoch 115 [0/84843] Loss: 0.604866
Epoch 115 [35000/84843] Loss: 0.813488
Epoch 115 [70000/84843] Loss: 0.629639
Epoch 115 - Avg Loss: 0.495335 | Train Acc: 91.16%
Val: loss=0.3956, acc=10486/10975 (95.54%)
Epoch 116 [0/84843] Loss: 0.398031
Epoch 116 [35000/84843] Loss: 0.334335
Epoch 116 [70000/84843] Loss: 0.300850
Epoch 116 - Avg Loss: 0.494681 | Train Acc: 91.13%
Val: loss=0.3836, acc=10542/10975 (96.05%)
Epoch 117 [0/84843] Loss: 0.361886
Epoch 117 [35000/84843] Loss: 0.377132
Epoch 117 [70000/84843] Loss: 0.677786
Epoch 117 - Avg Loss: 0.494837 | Train Acc: 91.19%
Val: loss=0.3798, acc=10552/10975 (96.15%)
Epoch 118 [0/84843] Loss: 0.288937
Epoch 118 [35000/84843] Loss: 0.327808
Epoch 118 [70000/84843] Loss: 0.928193
Epoch 118 - Avg Loss: 0.495130 | Train Acc: 91.16%
Val: loss=0.3884, acc=10503/10975 (95.70%)
Epoch 119 [0/84843] Loss: 0.573085
Epoch 119 [35000/84843] Loss: 0.384862
Epoch 119 [70000/84843] Loss: 0.354971
Epoch 119 - Avg Loss: 0.492362 | Train Acc: 91.24%
Val: loss=0.3857, acc=10537/10975 (96.01%)
Epoch 120 [0/84843] Loss: 0.975657
Epoch 120 [35000/84843] Loss: 0.496554
Epoch 120 [70000/84843] Loss: 0.553826
Epoch 120 - Avg Loss: 0.499001 | Train Acc: 90.95%
Val: loss=0.3815, acc=10540/10975 (96.04%)
Epoch 121 [0/84843] Loss: 0.404773
Epoch 121 [35000/84843] Loss: 0.476780
Epoch 121 [70000/84843] Loss: 0.495494
Epoch 121 - Avg Loss: 0.493530 | Train Acc: 91.24%
Val: loss=0.3785, acc=10547/10975 (96.10%)
Epoch 122 [0/84843] Loss: 0.356348
Epoch 122 [35000/84843] Loss: 0.368183
Epoch 122 [70000/84843] Loss: 0.334959
Epoch 122 - Avg Loss: 0.496748 | Train Acc: 91.12%
Val: loss=0.3828, acc=10536/10975 (96.00%)
Epoch 123 [0/84843] Loss: 0.656275
Epoch 123 [35000/84843] Loss: 0.352894
Epoch 123 [70000/84843] Loss: 0.603795
Epoch 123 - Avg Loss: 0.487554 | Train Acc: 91.33%
Val: loss=0.3845, acc=10533/10975 (95.97%)
Epoch 124 [0/84843] Loss: 0.370472
Epoch 124 [35000/84843] Loss: 0.336894
Epoch 124 [70000/84843] Loss: 0.419855
Epoch 124 - Avg Loss: 0.495217 | Train Acc: 91.05%
Val: loss=0.3818, acc=10542/10975 (96.05%)
Epoch 125 [0/84843] Loss: 0.308069
Epoch 125 [35000/84843] Loss: 0.372945
Epoch 125 [70000/84843] Loss: 0.614784
Epoch 125 - Avg Loss: 0.491530 | Train Acc: 91.20%
Val: loss=0.3821, acc=10545/10975 (96.08%)
Epoch 126 [0/84843] Loss: 0.517205
Epoch 126 [35000/84843] Loss: 0.300201
Epoch 126 [70000/84843] Loss: 0.521981
Epoch 126 - Avg Loss: 0.490073 | Train Acc: 91.29%
Val: loss=0.3840, acc=10549/10975 (96.12%)
Epoch 127 [0/84843] Loss: 0.467866
Epoch 127 [35000/84843] Loss: 0.610129
Epoch 127 [70000/84843] Loss: 0.404257
Epoch 127 - Avg Loss: 0.487859 | Train Acc: 91.37%
Val: loss=0.3750, acc=10576/10975 (96.36%)
saved best: 96.36%
Epoch 128 [0/84843] Loss: 0.425091
Epoch 128 [35000/84843] Loss: 0.473884
Epoch 128 [70000/84843] Loss: 0.419082
Epoch 128 - Avg Loss: 0.488030 | Train Acc: 91.38%
Val: loss=0.3831, acc=10534/10975 (95.98%)
Epoch 129 [0/84843] Loss: 0.572445
Epoch 129 [35000/84843] Loss: 0.515764
Epoch 129 [70000/84843] Loss: 0.297031
Epoch 129 - Avg Loss: 0.489201 | Train Acc: 91.33%
Val: loss=0.3759, acc=10570/10975 (96.31%)
Epoch 130 [0/84843] Loss: 0.446980
Epoch 130 [35000/84843] Loss: 0.396918
Epoch 130 [70000/84843] Loss: 0.568131
Epoch 130 - Avg Loss: 0.486025 | Train Acc: 91.46%
Val: loss=0.3807, acc=10560/10975 (96.22%)
Epoch 131 [0/84843] Loss: 0.673085
Epoch 131 [35000/84843] Loss: 0.489369
Epoch 131 [70000/84843] Loss: 0.526808
Epoch 131 - Avg Loss: 0.485195 | Train Acc: 91.46%
Val: loss=0.3807, acc=10556/10975 (96.18%)
Epoch 132 [0/84843] Loss: 0.434107
Epoch 132 [35000/84843] Loss: 0.333143
Epoch 132 [70000/84843] Loss: 0.360308
Epoch 132 - Avg Loss: 0.489562 | Train Acc: 91.24%
Val: loss=0.3787, acc=10556/10975 (96.18%)
Epoch 133 [0/84843] Loss: 0.630964
Epoch 133 [35000/84843] Loss: 0.316349
Epoch 133 [70000/84843] Loss: 0.293417
Epoch 133 - Avg Loss: 0.486583 | Train Acc: 91.46%
Val: loss=0.3906, acc=10507/10975 (95.74%)
Epoch 134 [0/84843] Loss: 0.572571
Epoch 134 [35000/84843] Loss: 0.417332
Epoch 134 [70000/84843] Loss: 0.326189
Epoch 134 - Avg Loss: 0.494158 | Train Acc: 91.15%
Val: loss=0.3879, acc=10531/10975 (95.95%)
Epoch 135 [0/84843] Loss: 0.640391
Epoch 135 [35000/84843] Loss: 0.493364
Epoch 135 [70000/84843] Loss: 0.429223
Epoch 135 - Avg Loss: 0.485891 | Train Acc: 91.50%
Val: loss=0.3793, acc=10560/10975 (96.22%)
Epoch 136 [0/84843] Loss: 0.337608
Epoch 136 [35000/84843] Loss: 0.736796
Epoch 136 [70000/84843] Loss: 0.533108
Epoch 136 - Avg Loss: 0.489279 | Train Acc: 91.31%
Val: loss=0.3823, acc=10546/10975 (96.09%)
Epoch 137 [0/84843] Loss: 0.706521
Epoch 137 [35000/84843] Loss: 0.492606
Epoch 137 [70000/84843] Loss: 0.749664
Epoch 137 - Avg Loss: 0.488136 | Train Acc: 91.41%
Val: loss=0.3847, acc=10529/10975 (95.94%)
Epoch 138 [0/84843] Loss: 0.408610
Epoch 138 [35000/84843] Loss: 0.503770
Epoch 138 [70000/84843] Loss: 0.489754
Epoch 138 - Avg Loss: 0.482741 | Train Acc: 91.64%
Val: loss=0.3784, acc=10555/10975 (96.17%)
Epoch 139 [0/84843] Loss: 0.674598
Epoch 139 [35000/84843] Loss: 0.442558
Epoch 139 [70000/84843] Loss: 0.754162
Epoch 139 - Avg Loss: 0.492892 | Train Acc: 91.16%
Val: loss=0.3822, acc=10536/10975 (96.00%)
Epoch 140 [0/84843] Loss: 0.336615
Epoch 140 [35000/84843] Loss: 0.456130
Epoch 140 [70000/84843] Loss: 0.327233
Epoch 140 - Avg Loss: 0.487788 | Train Acc: 91.41%
Val: loss=0.3783, acc=10551/10975 (96.14%)
Epoch 141 [0/84843] Loss: 0.559301
Epoch 141 [35000/84843] Loss: 0.498418
Epoch 141 [70000/84843] Loss: 0.308612
Epoch 141 - Avg Loss: 0.490811 | Train Acc: 91.27%
Val: loss=0.3862, acc=10518/10975 (95.84%)
Epoch 142 [0/84843] Loss: 0.432611
Epoch 142 [35000/84843] Loss: 0.472853
Epoch 142 [70000/84843] Loss: 0.398931
Epoch 142 - Avg Loss: 0.484533 | Train Acc: 91.49%
Val: loss=0.3765, acc=10542/10975 (96.05%)
Epoch 143 [0/84843] Loss: 0.499708
Epoch 143 [35000/84843] Loss: 0.372078
Epoch 143 [70000/84843] Loss: 0.441441
Epoch 143 - Avg Loss: 0.492037 | Train Acc: 91.21%
Val: loss=0.3913, acc=10504/10975 (95.71%)
Epoch 144 [0/84843] Loss: 0.311327
Epoch 144 [35000/84843] Loss: 0.586510
Epoch 144 [70000/84843] Loss: 0.352699
Epoch 144 - Avg Loss: 0.482750 | Train Acc: 91.64%
Val: loss=0.3782, acc=10553/10975 (96.15%)
Epoch 145 [0/84843] Loss: 0.425798
Epoch 145 [35000/84843] Loss: 0.502898
Epoch 145 [70000/84843] Loss: 0.594195
Epoch 145 - Avg Loss: 0.488644 | Train Acc: 91.31%
Val: loss=0.3825, acc=10542/10975 (96.05%)
Epoch 146 [0/84843] Loss: 0.379218
Epoch 146 [35000/84843] Loss: 0.370910
Epoch 146 [70000/84843] Loss: 0.613347
Epoch 146 - Avg Loss: 0.486901 | Train Acc: 91.43%
Val: loss=0.3831, acc=10540/10975 (96.04%)
Epoch 147 [0/84843] Loss: 0.353700
Epoch 147 [35000/84843] Loss: 0.554354
Epoch 147 [70000/84843] Loss: 0.452625
Epoch 147 - Avg Loss: 0.482320 | Train Acc: 91.59%
Val: loss=0.3746, acc=10579/10975 (96.39%)
saved best: 96.39%
Epoch 148 [0/84843] Loss: 0.365908
Epoch 148 [35000/84843] Loss: 0.459697
Epoch 148 [70000/84843] Loss: 0.712052
Epoch 148 - Avg Loss: 0.483568 | Train Acc: 91.48%
Val: loss=0.3754, acc=10562/10975 (96.24%)
Epoch 149 [0/84843] Loss: 0.469412
Epoch 149 [35000/84843] Loss: 0.603171
Epoch 149 [70000/84843] Loss: 0.641358
Epoch 149 - Avg Loss: 0.488644 | Train Acc: 91.27%
Val: loss=0.3784, acc=10556/10975 (96.18%)
Epoch 150 [0/84843] Loss: 0.648952
Epoch 150 [35000/84843] Loss: 0.635576
Epoch 150 [70000/84843] Loss: 0.513773
Epoch 150 - Avg Loss: 0.482820 | Train Acc: 91.57%
Val: loss=0.3794, acc=10560/10975 (96.22%)
Epoch 151 [0/84843] Loss: 0.592644
Epoch 151 [35000/84843] Loss: 0.486321
Epoch 151 [70000/84843] Loss: 0.468208
Epoch 151 - Avg Loss: 0.484548 | Train Acc: 91.51%
Val: loss=0.3778, acc=10565/10975 (96.26%)
Epoch 152 [0/84843] Loss: 0.301111
Epoch 152 [35000/84843] Loss: 0.368693
Epoch 152 [70000/84843] Loss: 0.599640
Epoch 152 - Avg Loss: 0.481896 | Train Acc: 91.58%
Val: loss=0.3863, acc=10533/10975 (95.97%)
Epoch 153 [0/84843] Loss: 0.770406
Epoch 153 [35000/84843] Loss: 0.467004
Epoch 153 [70000/84843] Loss: 0.491293
Epoch 153 - Avg Loss: 0.482133 | Train Acc: 91.68%
Val: loss=0.3802, acc=10556/10975 (96.18%)
Epoch 154 [0/84843] Loss: 0.373172
Epoch 154 [35000/84843] Loss: 0.424580
Epoch 154 [70000/84843] Loss: 0.773770
Epoch 154 - Avg Loss: 0.487093 | Train Acc: 91.41%
Val: loss=0.3839, acc=10538/10975 (96.02%)
Epoch 155 [0/84843] Loss: 0.706074
Epoch 155 [35000/84843] Loss: 0.703154
Epoch 155 [70000/84843] Loss: 0.289444
Epoch 155 - Avg Loss: 0.477624 | Train Acc: 91.79%
Val: loss=0.3776, acc=10558/10975 (96.20%)
Epoch 156 [0/84843] Loss: 0.375344
Epoch 156 [35000/84843] Loss: 0.357865
Epoch 156 [70000/84843] Loss: 0.474038
Epoch 156 - Avg Loss: 0.483029 | Train Acc: 91.61%
Val: loss=0.3793, acc=10552/10975 (96.15%)
Epoch 157 [0/84843] Loss: 0.510695
Epoch 157 [35000/84843] Loss: 0.651067
Epoch 157 [70000/84843] Loss: 0.678747
Epoch 157 - Avg Loss: 0.482343 | Train Acc: 91.58%
Val: loss=0.3898, acc=10516/10975 (95.82%)
Epoch 158 [0/84843] Loss: 0.562844
Epoch 158 [35000/84843] Loss: 0.456786
Epoch 158 [70000/84843] Loss: 0.351240
Epoch 158 - Avg Loss: 0.478652 | Train Acc: 91.76%
Val: loss=0.3747, acc=10575/10975 (96.36%)
Epoch 159 [0/84843] Loss: 0.621197
Epoch 159 [35000/84843] Loss: 0.443290
Epoch 159 [70000/84843] Loss: 0.428308
Epoch 159 - Avg Loss: 0.480557 | Train Acc: 91.65%
Val: loss=0.3859, acc=10517/10975 (95.83%)
Epoch 160 [0/84843] Loss: 0.386374
Epoch 160 [35000/84843] Loss: 0.334747
Epoch 160 [70000/84843] Loss: 0.335244
Epoch 160 - Avg Loss: 0.479700 | Train Acc: 91.69%
Val: loss=0.3744, acc=10567/10975 (96.28%)
Epoch 161 [0/84843] Loss: 0.380549
Epoch 161 [35000/84843] Loss: 0.492738
Epoch 161 [70000/84843] Loss: 0.322073
Epoch 161 - Avg Loss: 0.481218 | Train Acc: 91.65%
Val: loss=0.3798, acc=10569/10975 (96.30%)
Epoch 162 [0/84843] Loss: 0.558937
Epoch 162 [35000/84843] Loss: 0.592315
Epoch 162 [70000/84843] Loss: 0.373066
Epoch 162 - Avg Loss: 0.483374 | Train Acc: 91.51%
Val: loss=0.3810, acc=10551/10975 (96.14%)
Epoch 163 [0/84843] Loss: 0.330194
Epoch 163 [35000/84843] Loss: 0.506035
Epoch 163 [70000/84843] Loss: 0.458273
Epoch 163 - Avg Loss: 0.478829 | Train Acc: 91.78%
Val: loss=0.3808, acc=10558/10975 (96.20%)
Epoch 164 [0/84843] Loss: 0.506930
Epoch 164 [35000/84843] Loss: 0.319163
Epoch 164 [70000/84843] Loss: 0.474542
Epoch 164 - Avg Loss: 0.478146 | Train Acc: 91.72%
Val: loss=0.3792, acc=10568/10975 (96.29%)
Epoch 165 [0/84843] Loss: 0.445107
Epoch 165 [35000/84843] Loss: 0.736466
Epoch 165 [70000/84843] Loss: 0.418110
Epoch 165 - Avg Loss: 0.484356 | Train Acc: 91.47%
Val: loss=0.3875, acc=10520/10975 (95.85%)
Epoch 166 [0/84843] Loss: 0.541752
Epoch 166 [35000/84843] Loss: 0.291483
Epoch 166 [70000/84843] Loss: 0.663272
Epoch 166 - Avg Loss: 0.479650 | Train Acc: 91.66%
Val: loss=0.3730, acc=10580/10975 (96.40%)
saved best: 96.40%
Epoch 167 [0/84843] Loss: 0.469957
Epoch 167 [35000/84843] Loss: 0.718464
Epoch 167 [70000/84843] Loss: 0.410648
Epoch 167 - Avg Loss: 0.482476 | Train Acc: 91.59%
Val: loss=0.3786, acc=10556/10975 (96.18%)
Epoch 168 [0/84843] Loss: 0.616115
Epoch 168 [35000/84843] Loss: 0.521870
Epoch 168 [70000/84843] Loss: 0.439390
Epoch 168 - Avg Loss: 0.475717 | Train Acc: 91.86%
Val: loss=0.3805, acc=10537/10975 (96.01%)
Epoch 169 [0/84843] Loss: 0.507604
Epoch 169 [35000/84843] Loss: 0.379635
Epoch 169 [70000/84843] Loss: 0.674484
Epoch 169 - Avg Loss: 0.479326 | Train Acc: 91.77%
Val: loss=0.3759, acc=10569/10975 (96.30%)
Epoch 170 [0/84843] Loss: 0.417442
Epoch 170 [35000/84843] Loss: 0.315859
Epoch 170 [70000/84843] Loss: 0.325389
Epoch 170 - Avg Loss: 0.477601 | Train Acc: 91.70%
Val: loss=0.3787, acc=10551/10975 (96.14%)
Epoch 171 [0/84843] Loss: 0.877107
Epoch 171 [35000/84843] Loss: 0.332401
Epoch 171 [70000/84843] Loss: 0.839501
Epoch 171 - Avg Loss: 0.469036 | Train Acc: 92.11%
Val: loss=0.3884, acc=10522/10975 (95.87%)
Epoch 172 [0/84843] Loss: 0.422655
Epoch 172 [35000/84843] Loss: 0.689810
Epoch 172 [70000/84843] Loss: 0.415806
Epoch 172 - Avg Loss: 0.475726 | Train Acc: 91.81%
Val: loss=0.3719, acc=10566/10975 (96.27%)
Epoch 173 [0/84843] Loss: 0.715533
Epoch 173 [35000/84843] Loss: 0.322913
Epoch 173 [70000/84843] Loss: 0.743598
Epoch 173 - Avg Loss: 0.477295 | Train Acc: 91.80%
Val: loss=0.3820, acc=10543/10975 (96.06%)
Epoch 174 [0/84843] Loss: 0.631897
Epoch 174 [35000/84843] Loss: 0.392323
Epoch 174 [70000/84843] Loss: 0.366314
Epoch 174 - Avg Loss: 0.475914 | Train Acc: 91.84%
Val: loss=0.3780, acc=10563/10975 (96.25%)
Epoch 175 [0/84843] Loss: 0.466053
Epoch 175 [35000/84843] Loss: 0.605468
Epoch 175 [70000/84843] Loss: 0.578367
Epoch 175 - Avg Loss: 0.475057 | Train Acc: 91.89%
Val: loss=0.3750, acc=10570/10975 (96.31%)
Epoch 176 [0/84843] Loss: 0.385657
Epoch 176 [35000/84843] Loss: 0.779885
Epoch 176 [70000/84843] Loss: 0.358328
Epoch 176 - Avg Loss: 0.478194 | Train Acc: 91.72%
Val: loss=0.3785, acc=10566/10975 (96.27%)
Epoch 177 [0/84843] Loss: 0.369412
Epoch 177 [35000/84843] Loss: 0.422936
Epoch 177 [70000/84843] Loss: 0.347742
Epoch 177 - Avg Loss: 0.473402 | Train Acc: 91.96%
Val: loss=0.3811, acc=10534/10975 (95.98%)
Epoch 178 [0/84843] Loss: 0.441657
Epoch 178 [35000/84843] Loss: 0.368891
Epoch 178 [70000/84843] Loss: 0.645395
Epoch 178 - Avg Loss: 0.475445 | Train Acc: 91.85%
Val: loss=0.3717, acc=10579/10975 (96.39%)
Epoch 179 [0/84843] Loss: 0.400236
Epoch 179 [35000/84843] Loss: 0.328210
Epoch 179 [70000/84843] Loss: 0.325268
Epoch 179 - Avg Loss: 0.473017 | Train Acc: 92.03%
Val: loss=0.3824, acc=10529/10975 (95.94%)
Epoch 180 [0/84843] Loss: 0.399556
Epoch 180 [35000/84843] Loss: 0.419717
Epoch 180 [70000/84843] Loss: 0.401469
Epoch 180 - Avg Loss: 0.478063 | Train Acc: 91.73%
Val: loss=0.3738, acc=10575/10975 (96.36%)
Epoch 181 [0/84843] Loss: 0.706815
Epoch 181 [35000/84843] Loss: 0.379257
Epoch 181 [70000/84843] Loss: 0.450595
Epoch 181 - Avg Loss: 0.470172 | Train Acc: 92.10%
Val: loss=0.3795, acc=10549/10975 (96.12%)
Epoch 182 [0/84843] Loss: 0.350769
Epoch 182 [35000/84843] Loss: 0.379739
Epoch 182 [70000/84843] Loss: 0.407649
Epoch 182 - Avg Loss: 0.471575 | Train Acc: 91.99%
Val: loss=0.3865, acc=10508/10975 (95.74%)
Epoch 183 [0/84843] Loss: 0.429454
Epoch 183 [35000/84843] Loss: 0.387299
Epoch 183 [70000/84843] Loss: 0.421496
Epoch 183 - Avg Loss: 0.475961 | Train Acc: 91.85%
Val: loss=0.3709, acc=10590/10975 (96.49%)
saved best: 96.49%
Epoch 184 [0/84843] Loss: 0.303438
Epoch 184 [35000/84843] Loss: 0.615410
Epoch 184 [70000/84843] Loss: 0.515237
Epoch 184 - Avg Loss: 0.475698 | Train Acc: 91.93%
Val: loss=0.3751, acc=10577/10975 (96.37%)
Epoch 185 [0/84843] Loss: 0.425296
Epoch 185 [35000/84843] Loss: 0.318407
Epoch 185 [70000/84843] Loss: 0.627356
Epoch 185 - Avg Loss: 0.473797 | Train Acc: 91.94%
Val: loss=0.3778, acc=10552/10975 (96.15%)
Epoch 186 [0/84843] Loss: 0.644132
Epoch 186 [35000/84843] Loss: 0.546531
Epoch 186 [70000/84843] Loss: 0.339489
Epoch 186 - Avg Loss: 0.477043 | Train Acc: 91.78%
Val: loss=0.3719, acc=10580/10975 (96.40%)
Epoch 187 [0/84843] Loss: 0.481491
Epoch 187 [35000/84843] Loss: 0.441960
Epoch 187 [70000/84843] Loss: 0.300432
Epoch 187 - Avg Loss: 0.481583 | Train Acc: 91.61%
Val: loss=0.3730, acc=10561/10975 (96.23%)
Epoch 188 [0/84843] Loss: 0.374954
Epoch 188 [35000/84843] Loss: 0.515350
Epoch 188 [70000/84843] Loss: 0.603039
Epoch 188 - Avg Loss: 0.469077 | Train Acc: 92.08%
Val: loss=0.3708, acc=10586/10975 (96.46%)
Epoch 189 [0/84843] Loss: 0.556199
Epoch 189 [35000/84843] Loss: 0.354519
Epoch 189 [70000/84843] Loss: 0.382688
Epoch 189 - Avg Loss: 0.473976 | Train Acc: 91.98%
Val: loss=0.3752, acc=10586/10975 (96.46%)
Epoch 190 [0/84843] Loss: 0.354775
Epoch 190 [35000/84843] Loss: 0.538189
Epoch 190 [70000/84843] Loss: 0.487542
Epoch 190 - Avg Loss: 0.473526 | Train Acc: 91.95%
Val: loss=0.3818, acc=10547/10975 (96.10%)
Epoch 191 [0/84843] Loss: 0.298287
Epoch 191 [35000/84843] Loss: 0.409835
Epoch 191 [70000/84843] Loss: 0.614169
Epoch 191 - Avg Loss: 0.471010 | Train Acc: 92.08%
Val: loss=0.3788, acc=10550/10975 (96.13%)
Epoch 192 [0/84843] Loss: 0.296449
Epoch 192 [35000/84843] Loss: 0.809791
Epoch 192 [70000/84843] Loss: 0.284214
Epoch 192 - Avg Loss: 0.467365 | Train Acc: 92.18%
Val: loss=0.3708, acc=10589/10975 (96.48%)
Epoch 193 [0/84843] Loss: 0.342147
Epoch 193 [35000/84843] Loss: 0.489628
Epoch 193 [70000/84843] Loss: 0.553069
Epoch 193 - Avg Loss: 0.470255 | Train Acc: 92.06%
Val: loss=0.3809, acc=10556/10975 (96.18%)
Epoch 194 [0/84843] Loss: 0.292906
Epoch 194 [35000/84843] Loss: 0.646304
Epoch 194 [70000/84843] Loss: 0.676029
Epoch 194 - Avg Loss: 0.475475 | Train Acc: 91.85%
Val: loss=0.3803, acc=10548/10975 (96.11%)
Epoch 195 [0/84843] Loss: 0.320744
Epoch 195 [35000/84843] Loss: 0.332061
Epoch 195 [70000/84843] Loss: 0.769656
Epoch 195 - Avg Loss: 0.468691 | Train Acc: 92.13%
Val: loss=0.3729, acc=10571/10975 (96.32%)
Epoch 196 [0/84843] Loss: 0.510046
Epoch 196 [35000/84843] Loss: 0.421456
Epoch 196 [70000/84843] Loss: 0.289906
Epoch 196 - Avg Loss: 0.467885 | Train Acc: 92.07%
Val: loss=0.3682, acc=10604/10975 (96.62%)
saved best: 96.62%
Epoch 197 [0/84843] Loss: 0.425912
Epoch 197 [35000/84843] Loss: 0.643776
Epoch 197 [70000/84843] Loss: 0.529111
Epoch 197 - Avg Loss: 0.464309 | Train Acc: 92.24%
Val: loss=0.3722, acc=10584/10975 (96.44%)
Epoch 198 [0/84843] Loss: 0.591497
Epoch 198 [35000/84843] Loss: 0.459621
Epoch 198 [70000/84843] Loss: 0.526607
Epoch 198 - Avg Loss: 0.466227 | Train Acc: 92.24%
Val: loss=0.3772, acc=10579/10975 (96.39%)
Epoch 199 [0/84843] Loss: 0.335629
Epoch 199 [35000/84843] Loss: 0.330685
Epoch 199 [70000/84843] Loss: 0.524957
Epoch 199 - Avg Loss: 0.465427 | Train Acc: 92.17%
Val: loss=0.3804, acc=10552/10975 (96.15%)
Epoch 200 [0/84843] Loss: 0.360347
Epoch 200 [35000/84843] Loss: 0.556397
Epoch 200 [70000/84843] Loss: 0.605413
Epoch 200 - Avg Loss: 0.469228 | Train Acc: 92.06%
Val: loss=0.3739, acc=10573/10975 (96.34%)
Epoch 201 [0/84843] Loss: 0.300564
Epoch 201 [35000/84843] Loss: 0.491753
Epoch 201 [70000/84843] Loss: 0.453773
Epoch 201 - Avg Loss: 0.462364 | Train Acc: 92.36%
Val: loss=0.3747, acc=10584/10975 (96.44%)
Epoch 202 [0/84843] Loss: 0.562873
Epoch 202 [35000/84843] Loss: 0.411743
Epoch 202 [70000/84843] Loss: 0.373789
Epoch 202 - Avg Loss: 0.475016 | Train Acc: 91.77%
Val: loss=0.3747, acc=10587/10975 (96.46%)
Epoch 203 [0/84843] Loss: 0.408837
Epoch 203 [35000/84843] Loss: 0.401417
Epoch 203 [70000/84843] Loss: 0.277141
Epoch 203 - Avg Loss: 0.473132 | Train Acc: 92.04%
Val: loss=0.3749, acc=10562/10975 (96.24%)
Epoch 204 [0/84843] Loss: 0.626242
Epoch 204 [35000/84843] Loss: 0.436241
Epoch 204 [70000/84843] Loss: 0.357974
Epoch 204 - Avg Loss: 0.470451 | Train Acc: 92.02%
Val: loss=0.3752, acc=10579/10975 (96.39%)
Epoch 205 [0/84843] Loss: 0.332592
Epoch 205 [35000/84843] Loss: 0.656378
Epoch 205 [70000/84843] Loss: 0.523438
Epoch 205 - Avg Loss: 0.466579 | Train Acc: 92.23%
Val: loss=0.3734, acc=10583/10975 (96.43%)
Epoch 206 [0/84843] Loss: 0.309301
Epoch 206 [35000/84843] Loss: 0.860307
Epoch 206 [70000/84843] Loss: 0.319561
Epoch 206 - Avg Loss: 0.460881 | Train Acc: 92.40%
Val: loss=0.3731, acc=10583/10975 (96.43%)
Epoch 207 [0/84843] Loss: 0.611739
Epoch 207 [35000/84843] Loss: 0.345053
Epoch 207 [70000/84843] Loss: 0.650963
Epoch 207 - Avg Loss: 0.469286 | Train Acc: 92.00%
Val: loss=0.3731, acc=10594/10975 (96.53%)
Epoch 208 [0/84843] Loss: 0.318129
Epoch 208 [35000/84843] Loss: 0.353306
Epoch 208 [70000/84843] Loss: 0.395735
Epoch 208 - Avg Loss: 0.461661 | Train Acc: 92.31%
Val: loss=0.3747, acc=10569/10975 (96.30%)
Epoch 209 [0/84843] Loss: 0.459950
Epoch 209 [35000/84843] Loss: 0.489328
Epoch 209 [70000/84843] Loss: 0.469624
Epoch 209 - Avg Loss: 0.465229 | Train Acc: 92.20%
Val: loss=0.3693, acc=10605/10975 (96.63%)
saved best: 96.63%
Epoch 210 [0/84843] Loss: 0.431156
Epoch 210 [35000/84843] Loss: 0.511632
Epoch 210 [70000/84843] Loss: 0.400841
Epoch 210 - Avg Loss: 0.464566 | Train Acc: 92.30%
Val: loss=0.3764, acc=10584/10975 (96.44%)
Epoch 211 [0/84843] Loss: 0.308431
Epoch 211 [35000/84843] Loss: 0.290150
Epoch 211 [70000/84843] Loss: 0.321214
Epoch 211 - Avg Loss: 0.465187 | Train Acc: 92.20%
Val: loss=0.3769, acc=10573/10975 (96.34%)
Epoch 212 [0/84843] Loss: 0.447099
Epoch 212 [35000/84843] Loss: 0.394900
Epoch 212 [70000/84843] Loss: 0.437481
Epoch 212 - Avg Loss: 0.474885 | Train Acc: 91.87%
Val: loss=0.3691, acc=10585/10975 (96.45%)
Epoch 213 [0/84843] Loss: 0.370238
Epoch 213 [35000/84843] Loss: 0.313510
Epoch 213 [70000/84843] Loss: 0.350868
Epoch 213 - Avg Loss: 0.462300 | Train Acc: 92.31%
Val: loss=0.3718, acc=10580/10975 (96.40%)
Epoch 214 [0/84843] Loss: 0.815816
Epoch 214 [35000/84843] Loss: 0.351241
Epoch 214 [70000/84843] Loss: 0.557258
Epoch 214 - Avg Loss: 0.466876 | Train Acc: 92.11%
Val: loss=0.3672, acc=10592/10975 (96.51%)
Epoch 215 [0/84843] Loss: 0.340059
Epoch 215 [35000/84843] Loss: 0.837592
Epoch 215 [70000/84843] Loss: 0.573917
Epoch 215 - Avg Loss: 0.466696 | Train Acc: 92.14%
Val: loss=0.3743, acc=10572/10975 (96.33%)
Epoch 216 [0/84843] Loss: 0.710504
Epoch 216 [35000/84843] Loss: 0.682479
Epoch 216 [70000/84843] Loss: 0.307392
Epoch 216 - Avg Loss: 0.466887 | Train Acc: 92.13%
Val: loss=0.3692, acc=10601/10975 (96.59%)
Epoch 217 [0/84843] Loss: 0.862625
Epoch 217 [35000/84843] Loss: 0.281671
Epoch 217 [70000/84843] Loss: 0.370108
Epoch 217 - Avg Loss: 0.465265 | Train Acc: 92.25%
Val: loss=0.3721, acc=10584/10975 (96.44%)
Epoch 218 [0/84843] Loss: 0.394285
Epoch 218 [35000/84843] Loss: 0.343611
Epoch 218 [70000/84843] Loss: 0.336314
Epoch 218 - Avg Loss: 0.461472 | Train Acc: 92.37%
Val: loss=0.3756, acc=10568/10975 (96.29%)
Epoch 219 [0/84843] Loss: 0.662207
Epoch 219 [35000/84843] Loss: 0.319323
Epoch 219 [70000/84843] Loss: 0.698447
Epoch 219 - Avg Loss: 0.459731 | Train Acc: 92.42%
Val: loss=0.3736, acc=10587/10975 (96.46%)
Epoch 220 [0/84843] Loss: 0.332876
Epoch 220 [35000/84843] Loss: 0.448371
Epoch 220 [70000/84843] Loss: 0.411996
Epoch 220 - Avg Loss: 0.471699 | Train Acc: 91.89%
Val: loss=0.3757, acc=10566/10975 (96.27%)
Epoch 221 [0/84843] Loss: 0.395108
Epoch 221 [35000/84843] Loss: 0.325748
Epoch 221 [70000/84843] Loss: 0.479745
Epoch 221 - Avg Loss: 0.473228 | Train Acc: 91.86%
Val: loss=0.3697, acc=10585/10975 (96.45%)
Epoch 222 [0/84843] Loss: 0.285806
Epoch 222 [35000/84843] Loss: 0.565804
Epoch 222 [70000/84843] Loss: 0.627905
Epoch 222 - Avg Loss: 0.465294 | Train Acc: 92.24%
Val: loss=0.3717, acc=10596/10975 (96.55%)
Epoch 223 [0/84843] Loss: 0.499274
Epoch 223 [35000/84843] Loss: 0.289497
Epoch 223 [70000/84843] Loss: 0.587605
Epoch 223 - Avg Loss: 0.463132 | Train Acc: 92.29%
Val: loss=0.3638, acc=10610/10975 (96.67%)
saved best: 96.67%
Epoch 224 [0/84843] Loss: 0.765225
Epoch 224 [35000/84843] Loss: 0.822793
Epoch 224 [70000/84843] Loss: 0.510855
Epoch 224 - Avg Loss: 0.461209 | Train Acc: 92.39%
Val: loss=0.3643, acc=10616/10975 (96.73%)
saved best: 96.73%
Epoch 225 [0/84843] Loss: 0.459422
Epoch 225 [35000/84843] Loss: 0.482176
Epoch 225 [70000/84843] Loss: 0.323172
Epoch 225 - Avg Loss: 0.460643 | Train Acc: 92.38%
Val: loss=0.3755, acc=10573/10975 (96.34%)
Epoch 226 [0/84843] Loss: 0.302013
Epoch 226 [35000/84843] Loss: 0.280247
Epoch 226 [70000/84843] Loss: 0.395785
Epoch 226 - Avg Loss: 0.459112 | Train Acc: 92.47%
Val: loss=0.3652, acc=10610/10975 (96.67%)
Epoch 227 [0/84843] Loss: 0.363690
Epoch 227 [35000/84843] Loss: 0.323188
Epoch 227 [70000/84843] Loss: 0.408002
Epoch 227 - Avg Loss: 0.464418 | Train Acc: 92.22%
Val: loss=0.3700, acc=10583/10975 (96.43%)
Epoch 228 [0/84843] Loss: 0.398901
Epoch 228 [35000/84843] Loss: 0.411593
Epoch 228 [70000/84843] Loss: 0.373453
Epoch 228 - Avg Loss: 0.468912 | Train Acc: 92.12%
Val: loss=0.3703, acc=10594/10975 (96.53%)
Epoch 229 [0/84843] Loss: 0.785818
Epoch 229 [35000/84843] Loss: 0.354362
Epoch 229 [70000/84843] Loss: 0.525034
Epoch 229 - Avg Loss: 0.459790 | Train Acc: 92.52%
Val: loss=0.3680, acc=10604/10975 (96.62%)
Epoch 230 [0/84843] Loss: 0.323360
Epoch 230 [35000/84843] Loss: 0.377564
Epoch 230 [70000/84843] Loss: 0.390231
Epoch 230 - Avg Loss: 0.458872 | Train Acc: 92.46%
Val: loss=0.3799, acc=10553/10975 (96.15%)
Epoch 231 [0/84843] Loss: 0.392002
Epoch 231 [35000/84843] Loss: 0.833381
Epoch 231 [70000/84843] Loss: 0.648537
Epoch 231 - Avg Loss: 0.457612 | Train Acc: 92.51%
Val: loss=0.3670, acc=10622/10975 (96.78%)
saved best: 96.78%
Epoch 232 [0/84843] Loss: 0.499936
Epoch 232 [35000/84843] Loss: 0.390453
Epoch 232 [70000/84843] Loss: 0.501474
Epoch 232 - Avg Loss: 0.459699 | Train Acc: 92.46%
Val: loss=0.3660, acc=10609/10975 (96.67%)
Epoch 233 [0/84843] Loss: 0.328059
Epoch 233 [35000/84843] Loss: 0.496681
Epoch 233 [70000/84843] Loss: 0.407234
Epoch 233 - Avg Loss: 0.458492 | Train Acc: 92.47%
Val: loss=0.3694, acc=10593/10975 (96.52%)
Epoch 234 [0/84843] Loss: 0.343267
Epoch 234 [35000/84843] Loss: 0.361837
Epoch 234 [70000/84843] Loss: 0.324654
Epoch 234 - Avg Loss: 0.455810 | Train Acc: 92.59%
Val: loss=0.3680, acc=10593/10975 (96.52%)
Epoch 235 [0/84843] Loss: 0.329449
Epoch 235 [35000/84843] Loss: 0.344414
Epoch 235 [70000/84843] Loss: 0.621192
Epoch 235 - Avg Loss: 0.461909 | Train Acc: 92.36%
Val: loss=0.3668, acc=10611/10975 (96.68%)
Epoch 236 [0/84843] Loss: 0.478713
Epoch 236 [35000/84843] Loss: 0.573755
Epoch 236 [70000/84843] Loss: 0.921794
Epoch 236 - Avg Loss: 0.458569 | Train Acc: 92.48%
Val: loss=0.3708, acc=10574/10975 (96.35%)
Epoch 237 [0/84843] Loss: 0.657824
Epoch 237 [35000/84843] Loss: 0.405747
Epoch 237 [70000/84843] Loss: 0.359894
Epoch 237 - Avg Loss: 0.462819 | Train Acc: 92.34%
Val: loss=0.3696, acc=10585/10975 (96.45%)
Epoch 238 [0/84843] Loss: 0.437545
Epoch 238 [35000/84843] Loss: 0.468792
Epoch 238 [70000/84843] Loss: 0.416834
Epoch 238 - Avg Loss: 0.461677 | Train Acc: 92.30%
Val: loss=0.3728, acc=10571/10975 (96.32%)
Epoch 239 [0/84843] Loss: 0.314458
Epoch 239 [35000/84843] Loss: 0.379215
Epoch 239 [70000/84843] Loss: 0.480124
Epoch 239 - Avg Loss: 0.460368 | Train Acc: 92.31%
Val: loss=0.3692, acc=10586/10975 (96.46%)
Epoch 240 [0/84843] Loss: 0.391045
Epoch 240 [35000/84843] Loss: 0.525538
Epoch 240 [70000/84843] Loss: 0.458865
Epoch 240 - Avg Loss: 0.463625 | Train Acc: 92.24%
Val: loss=0.3671, acc=10605/10975 (96.63%)
Epoch 241 [0/84843] Loss: 0.712374
Epoch 241 [35000/84843] Loss: 0.341804
Epoch 241 [70000/84843] Loss: 0.609815
Epoch 241 - Avg Loss: 0.454463 | Train Acc: 92.68%
Val: loss=0.3658, acc=10600/10975 (96.58%)
Epoch 242 [0/84843] Loss: 0.605863
Epoch 242 [35000/84843] Loss: 0.291639
Epoch 242 [70000/84843] Loss: 0.821112
Epoch 242 - Avg Loss: 0.460084 | Train Acc: 92.43%
Val: loss=0.3703, acc=10589/10975 (96.48%)
Epoch 243 [0/84843] Loss: 0.656924
Epoch 243 [35000/84843] Loss: 0.308433
Epoch 243 [70000/84843] Loss: 0.317369
Epoch 243 - Avg Loss: 0.456245 | Train Acc: 92.55%
Val: loss=0.3673, acc=10593/10975 (96.52%)
Epoch 244 [0/84843] Loss: 0.390358
Epoch 244 [35000/84843] Loss: 0.375695
Epoch 244 [70000/84843] Loss: 0.578353
Epoch 244 - Avg Loss: 0.460048 | Train Acc: 92.38%
Val: loss=0.3651, acc=10619/10975 (96.76%)
Epoch 245 [0/84843] Loss: 0.706196
Epoch 245 [35000/84843] Loss: 0.361251
Epoch 245 [70000/84843] Loss: 0.300913
Epoch 245 - Avg Loss: 0.463042 | Train Acc: 92.22%
Val: loss=0.3697, acc=10594/10975 (96.53%)
Epoch 246 [0/84843] Loss: 0.309584
Epoch 246 [35000/84843] Loss: 0.617205
Epoch 246 [70000/84843] Loss: 0.314166
Epoch 246 - Avg Loss: 0.457211 | Train Acc: 92.38%
Val: loss=0.3708, acc=10596/10975 (96.55%)
Epoch 247 [0/84843] Loss: 0.376469
Epoch 247 [35000/84843] Loss: 0.707782
Epoch 247 [70000/84843] Loss: 0.577204
Epoch 247 - Avg Loss: 0.458538 | Train Acc: 92.45%
Val: loss=0.3647, acc=10613/10975 (96.70%)
Epoch 248 [0/84843] Loss: 0.361872
Epoch 248 [35000/84843] Loss: 0.370349
Epoch 248 [70000/84843] Loss: 0.298347
Epoch 248 - Avg Loss: 0.455808 | Train Acc: 92.55%
Val: loss=0.3701, acc=10580/10975 (96.40%)
Epoch 249 [0/84843] Loss: 0.362515
Epoch 249 [35000/84843] Loss: 0.338540
Epoch 249 [70000/84843] Loss: 0.345999
Epoch 249 - Avg Loss: 0.454614 | Train Acc: 92.56%
Val: loss=0.3709, acc=10590/10975 (96.49%)
Epoch 250 [0/84843] Loss: 0.551666
Epoch 250 [35000/84843] Loss: 0.601583
Epoch 250 [70000/84843] Loss: 0.736420
Epoch 250 - Avg Loss: 0.461332 | Train Acc: 92.29%
Val: loss=0.3754, acc=10571/10975 (96.32%)
Epoch 251 [0/84843] Loss: 0.635579
Epoch 251 [35000/84843] Loss: 0.313610
Epoch 251 [70000/84843] Loss: 0.712351
Epoch 251 - Avg Loss: 0.461181 | Train Acc: 92.41%
Val: loss=0.3714, acc=10591/10975 (96.50%)
Epoch 252 [0/84843] Loss: 0.342883
Epoch 252 [35000/84843] Loss: 0.522130
Epoch 252 [70000/84843] Loss: 0.362594
Epoch 252 - Avg Loss: 0.453706 | Train Acc: 92.73%
Val: loss=0.3685, acc=10608/10975 (96.66%)
Epoch 253 [0/84843] Loss: 0.542984
Epoch 253 [35000/84843] Loss: 0.291898
Epoch 253 [70000/84843] Loss: 0.496075
Epoch 253 - Avg Loss: 0.453782 | Train Acc: 92.64%
Val: loss=0.3677, acc=10597/10975 (96.56%)
Epoch 254 [0/84843] Loss: 0.625501
Epoch 254 [35000/84843] Loss: 0.380146
Epoch 254 [70000/84843] Loss: 0.538821
Epoch 254 - Avg Loss: 0.455748 | Train Acc: 92.65%
Val: loss=0.3723, acc=10589/10975 (96.48%)
Epoch 255 [0/84843] Loss: 0.387004
Epoch 255 [35000/84843] Loss: 0.415166
Epoch 255 [70000/84843] Loss: 0.354180
Epoch 255 - Avg Loss: 0.446092 | Train Acc: 93.01%
Val: loss=0.3693, acc=10596/10975 (96.55%)
Epoch 256 [0/84843] Loss: 0.302638
Epoch 256 [35000/84843] Loss: 0.308583
Epoch 256 [70000/84843] Loss: 0.525337
Epoch 256 - Avg Loss: 0.460132 | Train Acc: 92.35%
Val: loss=0.3730, acc=10569/10975 (96.30%)
Epoch 257 [0/84843] Loss: 0.477084
Epoch 257 [35000/84843] Loss: 0.302226
Epoch 257 [70000/84843] Loss: 0.480696
Epoch 257 - Avg Loss: 0.455420 | Train Acc: 92.61%
Val: loss=0.3750, acc=10577/10975 (96.37%)
Epoch 258 [0/84843] Loss: 0.393117
Epoch 258 [35000/84843] Loss: 0.416803
Epoch 258 [70000/84843] Loss: 0.391551
Epoch 258 - Avg Loss: 0.450930 | Train Acc: 92.79%
Val: loss=0.3701, acc=10589/10975 (96.48%)
Epoch 259 [0/84843] Loss: 0.571462
Epoch 259 [35000/84843] Loss: 0.532293
Epoch 259 [70000/84843] Loss: 0.633862
Epoch 259 - Avg Loss: 0.455688 | Train Acc: 92.51%
Val: loss=0.3665, acc=10600/10975 (96.58%)
Epoch 260 [0/84843] Loss: 0.370924
Epoch 260 [35000/84843] Loss: 0.494174
Epoch 260 [70000/84843] Loss: 0.402776
Epoch 260 - Avg Loss: 0.452974 | Train Acc: 92.66%
Val: loss=0.3655, acc=10606/10975 (96.64%)
Epoch 261 [0/84843] Loss: 0.290075
Epoch 261 [35000/84843] Loss: 0.503999
Epoch 261 [70000/84843] Loss: 0.463719
Epoch 261 - Avg Loss: 0.458052 | Train Acc: 92.51%
Val: loss=0.3691, acc=10583/10975 (96.43%)
Epoch 262 [0/84843] Loss: 0.500414
Epoch 262 [35000/84843] Loss: 0.465881
Epoch 262 [70000/84843] Loss: 0.353029
Epoch 262 - Avg Loss: 0.453203 | Train Acc: 92.71%
Val: loss=0.3644, acc=10613/10975 (96.70%)
Epoch 263 [0/84843] Loss: 0.683399
Epoch 263 [35000/84843] Loss: 0.629416
Epoch 263 [70000/84843] Loss: 0.383070
Epoch 263 - Avg Loss: 0.451664 | Train Acc: 92.76%
Val: loss=0.3660, acc=10597/10975 (96.56%)
Epoch 264 [0/84843] Loss: 0.620074
Epoch 264 [35000/84843] Loss: 0.413184
Epoch 264 [70000/84843] Loss: 0.352205
Epoch 264 - Avg Loss: 0.453364 | Train Acc: 92.64%
Val: loss=0.3658, acc=10599/10975 (96.57%)
Epoch 265 [0/84843] Loss: 0.356465
Epoch 265 [35000/84843] Loss: 0.339122
Epoch 265 [70000/84843] Loss: 0.343260
Epoch 265 - Avg Loss: 0.453222 | Train Acc: 92.69%
Val: loss=0.3649, acc=10610/10975 (96.67%)
Epoch 266 [0/84843] Loss: 0.523072
Epoch 266 [35000/84843] Loss: 0.304856
Epoch 266 [70000/84843] Loss: 0.604272
Epoch 266 - Avg Loss: 0.454523 | Train Acc: 92.63%
Val: loss=0.3654, acc=10593/10975 (96.52%)
Epoch 267 [0/84843] Loss: 0.309914
Epoch 267 [35000/84843] Loss: 0.542806
Epoch 267 [70000/84843] Loss: 0.278880
Epoch 267 - Avg Loss: 0.452110 | Train Acc: 92.69%
Val: loss=0.3673, acc=10597/10975 (96.56%)
Epoch 268 [0/84843] Loss: 0.636155
Epoch 268 [35000/84843] Loss: 0.437456
Epoch 268 [70000/84843] Loss: 0.396682
Epoch 268 - Avg Loss: 0.457392 | Train Acc: 92.51%
Val: loss=0.3648, acc=10608/10975 (96.66%)
Epoch 269 [0/84843] Loss: 0.417165
Epoch 269 [35000/84843] Loss: 0.353872
Epoch 269 [70000/84843] Loss: 0.350626
Epoch 269 - Avg Loss: 0.449405 | Train Acc: 92.94%
Val: loss=0.3766, acc=10556/10975 (96.18%)
Epoch 270 [0/84843] Loss: 0.382009
Epoch 270 [35000/84843] Loss: 0.434339
Epoch 270 [70000/84843] Loss: 0.564482
Epoch 270 - Avg Loss: 0.450699 | Train Acc: 92.80%
Val: loss=0.3649, acc=10604/10975 (96.62%)
Epoch 271 [0/84843] Loss: 0.404583
Epoch 271 [35000/84843] Loss: 0.323385
Epoch 271 [70000/84843] Loss: 0.482609
Epoch 271 - Avg Loss: 0.450480 | Train Acc: 92.82%
Val: loss=0.3665, acc=10604/10975 (96.62%)
Epoch 272 [0/84843] Loss: 0.523310
Epoch 272 [35000/84843] Loss: 0.353083
Epoch 272 [70000/84843] Loss: 0.347408
Epoch 272 - Avg Loss: 0.444917 | Train Acc: 92.95%
Val: loss=0.3671, acc=10595/10975 (96.54%)
Epoch 273 [0/84843] Loss: 0.666234
Epoch 273 [35000/84843] Loss: 0.670467
Epoch 273 [70000/84843] Loss: 0.671436
Epoch 273 - Avg Loss: 0.448472 | Train Acc: 92.85%
Val: loss=0.3627, acc=10603/10975 (96.61%)
Epoch 274 [0/84843] Loss: 0.445299
Epoch 274 [35000/84843] Loss: 0.400289
Epoch 274 [70000/84843] Loss: 0.356945
Epoch 274 - Avg Loss: 0.455390 | Train Acc: 92.62%
Val: loss=0.3687, acc=10604/10975 (96.62%)
Epoch 275 [0/84843] Loss: 0.446936
Epoch 275 [35000/84843] Loss: 0.400624
Epoch 275 [70000/84843] Loss: 0.514616
Epoch 275 - Avg Loss: 0.455110 | Train Acc: 92.63%
Val: loss=0.3660, acc=10606/10975 (96.64%)
Epoch 276 [0/84843] Loss: 0.286252
Epoch 276 [35000/84843] Loss: 0.338045
Epoch 276 [70000/84843] Loss: 0.409087
Epoch 276 - Avg Loss: 0.449630 | Train Acc: 92.76%
Val: loss=0.3646, acc=10608/10975 (96.66%)
Epoch 277 [0/84843] Loss: 0.634409
Epoch 277 [35000/84843] Loss: 0.359843
Epoch 277 [70000/84843] Loss: 0.311271
Epoch 277 - Avg Loss: 0.449558 | Train Acc: 92.79%
Val: loss=0.3668, acc=10599/10975 (96.57%)
Epoch 278 [0/84843] Loss: 0.287823
Epoch 278 [35000/84843] Loss: 0.602960
Epoch 278 [70000/84843] Loss: 0.457987
Epoch 278 - Avg Loss: 0.449422 | Train Acc: 92.80%
Val: loss=0.3628, acc=10624/10975 (96.80%)
saved best: 96.80%
Epoch 279 [0/84843] Loss: 0.430805
Epoch 279 [35000/84843] Loss: 0.524053
Epoch 279 [70000/84843] Loss: 0.504507
Epoch 279 - Avg Loss: 0.445551 | Train Acc: 92.96%
Val: loss=0.3684, acc=10602/10975 (96.60%)
Epoch 280 [0/84843] Loss: 0.526092
Epoch 280 [35000/84843] Loss: 0.310765
Epoch 280 [70000/84843] Loss: 0.365252
Epoch 280 - Avg Loss: 0.453414 | Train Acc: 92.60%
Val: loss=0.3689, acc=10594/10975 (96.53%)
Epoch 281 [0/84843] Loss: 0.758784
Epoch 281 [35000/84843] Loss: 0.529248
Epoch 281 [70000/84843] Loss: 0.486233
Epoch 281 - Avg Loss: 0.460280 | Train Acc: 92.41%
Val: loss=0.3630, acc=10617/10975 (96.74%)
Epoch 282 [0/84843] Loss: 0.353887
Epoch 282 [35000/84843] Loss: 0.418165
Epoch 282 [70000/84843] Loss: 0.578757
Epoch 282 - Avg Loss: 0.450644 | Train Acc: 92.74%
Val: loss=0.3677, acc=10590/10975 (96.49%)
Epoch 283 [0/84843] Loss: 0.343836
Epoch 283 [35000/84843] Loss: 0.436804
Epoch 283 [70000/84843] Loss: 0.340064
Epoch 283 - Avg Loss: 0.438501 | Train Acc: 93.23%
Val: loss=0.3661, acc=10606/10975 (96.64%)
Epoch 284 [0/84843] Loss: 0.334347
Epoch 284 [35000/84843] Loss: 0.355620
Epoch 284 [70000/84843] Loss: 0.747098
Epoch 284 - Avg Loss: 0.449469 | Train Acc: 92.84%
Val: loss=0.3634, acc=10618/10975 (96.75%)
Epoch 285 [0/84843] Loss: 0.295885
Epoch 285 [35000/84843] Loss: 0.453046
Epoch 285 [70000/84843] Loss: 0.369237
Epoch 285 - Avg Loss: 0.446491 | Train Acc: 92.92%
Val: loss=0.3619, acc=10626/10975 (96.82%)
saved best: 96.82%
Epoch 286 [0/84843] Loss: 0.290383
Epoch 286 [35000/84843] Loss: 0.424955
Epoch 286 [70000/84843] Loss: 0.687255
Epoch 286 - Avg Loss: 0.443208 | Train Acc: 93.11%
Val: loss=0.3652, acc=10595/10975 (96.54%)
Epoch 287 [0/84843] Loss: 0.625731
Epoch 287 [35000/84843] Loss: 0.447505
Epoch 287 [70000/84843] Loss: 0.764199
Epoch 287 - Avg Loss: 0.445644 | Train Acc: 93.01%
Val: loss=0.3631, acc=10612/10975 (96.69%)
Epoch 288 [0/84843] Loss: 0.416588
Epoch 288 [35000/84843] Loss: 0.637578
Epoch 288 [70000/84843] Loss: 0.519316
Epoch 288 - Avg Loss: 0.449180 | Train Acc: 92.86%
Val: loss=0.3646, acc=10612/10975 (96.69%)
Epoch 289 [0/84843] Loss: 0.576561
Epoch 289 [35000/84843] Loss: 0.523504
Epoch 289 [70000/84843] Loss: 0.786720
Epoch 289 - Avg Loss: 0.446550 | Train Acc: 92.94%
Val: loss=0.3643, acc=10603/10975 (96.61%)
Epoch 290 [0/84843] Loss: 0.285706
Epoch 290 [35000/84843] Loss: 0.381120
Epoch 290 [70000/84843] Loss: 0.374194
Epoch 290 - Avg Loss: 0.448887 | Train Acc: 92.84%
Val: loss=0.3624, acc=10612/10975 (96.69%)
Epoch 291 [0/84843] Loss: 0.420840
Epoch 291 [35000/84843] Loss: 0.487315
Epoch 291 [70000/84843] Loss: 0.322462
Epoch 291 - Avg Loss: 0.445616 | Train Acc: 92.97%
Val: loss=0.3647, acc=10606/10975 (96.64%)
Epoch 292 [0/84843] Loss: 0.568807
Epoch 292 [35000/84843] Loss: 0.564752
Epoch 292 [70000/84843] Loss: 0.349785
Epoch 292 - Avg Loss: 0.442789 | Train Acc: 93.02%
Val: loss=0.3660, acc=10601/10975 (96.59%)
Epoch 293 [0/84843] Loss: 0.571372
Epoch 293 [35000/84843] Loss: 0.418945
Epoch 293 [70000/84843] Loss: 0.285157
Epoch 293 - Avg Loss: 0.447403 | Train Acc: 92.91%
Val: loss=0.3644, acc=10608/10975 (96.66%)
Epoch 294 [0/84843] Loss: 0.446182
Epoch 294 [35000/84843] Loss: 0.282825
Epoch 294 [70000/84843] Loss: 0.321623
Epoch 294 - Avg Loss: 0.439676 | Train Acc: 93.20%
Val: loss=0.3672, acc=10599/10975 (96.57%)
Epoch 295 [0/84843] Loss: 0.281221
Epoch 295 [35000/84843] Loss: 0.479634
Epoch 295 [70000/84843] Loss: 0.411718
Epoch 295 - Avg Loss: 0.447668 | Train Acc: 92.83%
Val: loss=0.3656, acc=10602/10975 (96.60%)
Epoch 296 [0/84843] Loss: 0.319639
Epoch 296 [35000/84843] Loss: 0.401554
Epoch 296 [70000/84843] Loss: 0.283903
Epoch 296 - Avg Loss: 0.446666 | Train Acc: 92.90%
Val: loss=0.3650, acc=10604/10975 (96.62%)
Epoch 297 [0/84843] Loss: 0.513000
Epoch 297 [35000/84843] Loss: 0.353058
Epoch 297 [70000/84843] Loss: 0.327847
Epoch 297 - Avg Loss: 0.444239 | Train Acc: 93.07%
Val: loss=0.3677, acc=10592/10975 (96.51%)
Epoch 298 [0/84843] Loss: 0.298214
Epoch 298 [35000/84843] Loss: 0.525533
Epoch 298 [70000/84843] Loss: 0.679347
Epoch 298 - Avg Loss: 0.437517 | Train Acc: 93.30%
Val: loss=0.3668, acc=10611/10975 (96.68%)
Epoch 299 [0/84843] Loss: 0.818312
Epoch 299 [35000/84843] Loss: 0.318784
Epoch 299 [70000/84843] Loss: 0.363116
Epoch 299 - Avg Loss: 0.442100 | Train Acc: 93.12%
Val: loss=0.3668, acc=10604/10975 (96.62%)
Epoch 300 [0/84843] Loss: 0.490048
Epoch 300 [35000/84843] Loss: 0.306951
Epoch 300 [70000/84843] Loss: 0.353572
Epoch 300 - Avg Loss: 0.445665 | Train Acc: 92.86%
Val: loss=0.3621, acc=10618/10975 (96.75%)
Epoch 301 [0/84843] Loss: 0.389478
Epoch 301 [35000/84843] Loss: 0.469651
Epoch 301 [70000/84843] Loss: 0.649904
Epoch 301 - Avg Loss: 0.438132 | Train Acc: 93.30%
Val: loss=0.3641, acc=10615/10975 (96.72%)
Epoch 302 [0/84843] Loss: 0.516134
Epoch 302 [35000/84843] Loss: 0.671258
Epoch 302 [70000/84843] Loss: 0.312658
Epoch 302 - Avg Loss: 0.442806 | Train Acc: 93.02%
Val: loss=0.3656, acc=10607/10975 (96.65%)
Epoch 303 [0/84843] Loss: 0.434629
Epoch 303 [35000/84843] Loss: 0.296908
Epoch 303 [70000/84843] Loss: 0.509395
Epoch 303 - Avg Loss: 0.448104 | Train Acc: 92.84%
Val: loss=0.3658, acc=10609/10975 (96.67%)
Epoch 304 [0/84843] Loss: 0.615450
Epoch 304 [35000/84843] Loss: 0.624388
Epoch 304 [70000/84843] Loss: 0.363020
Epoch 304 - Avg Loss: 0.448636 | Train Acc: 92.90%
Val: loss=0.3624, acc=10620/10975 (96.77%)
Epoch 305 [0/84843] Loss: 0.317286
Epoch 305 [35000/84843] Loss: 0.495817
Epoch 305 [70000/84843] Loss: 0.294429
Epoch 305 - Avg Loss: 0.445307 | Train Acc: 92.94%
Val: loss=0.3680, acc=10589/10975 (96.48%)
Epoch 306 [0/84843] Loss: 0.318545
Epoch 306 [35000/84843] Loss: 0.402301
Epoch 306 [70000/84843] Loss: 0.346551
Epoch 306 - Avg Loss: 0.444420 | Train Acc: 93.04%
Val: loss=0.3647, acc=10618/10975 (96.75%)
Epoch 307 [0/84843] Loss: 0.634596
Epoch 307 [35000/84843] Loss: 0.323004
Epoch 307 [70000/84843] Loss: 0.309355
Epoch 307 - Avg Loss: 0.445304 | Train Acc: 93.03%
Val: loss=0.3642, acc=10620/10975 (96.77%)
Epoch 308 [0/84843] Loss: 0.302382
Epoch 308 [35000/84843] Loss: 0.354081
Epoch 308 [70000/84843] Loss: 0.486039
Epoch 308 - Avg Loss: 0.446053 | Train Acc: 92.91%
Val: loss=0.3621, acc=10631/10975 (96.87%)
saved best: 96.87%
Epoch 309 [0/84843] Loss: 0.309047
Epoch 309 [35000/84843] Loss: 0.515440
Epoch 309 [70000/84843] Loss: 0.314376
Epoch 309 - Avg Loss: 0.441203 | Train Acc: 93.03%
Val: loss=0.3617, acc=10627/10975 (96.83%)
Epoch 310 [0/84843] Loss: 0.393714
Epoch 310 [35000/84843] Loss: 0.314173
Epoch 310 [70000/84843] Loss: 0.310982
Epoch 310 - Avg Loss: 0.443980 | Train Acc: 93.04%
Val: loss=0.3643, acc=10605/10975 (96.63%)
Epoch 311 [0/84843] Loss: 0.393530
Epoch 311 [35000/84843] Loss: 0.376276
Epoch 311 [70000/84843] Loss: 0.563979
Epoch 311 - Avg Loss: 0.444994 | Train Acc: 92.98%
Val: loss=0.3618, acc=10620/10975 (96.77%)
Epoch 312 [0/84843] Loss: 0.361239
Epoch 312 [35000/84843] Loss: 0.585299
Epoch 312 [70000/84843] Loss: 0.533527
Epoch 312 - Avg Loss: 0.443207 | Train Acc: 93.03%
Val: loss=0.3652, acc=10616/10975 (96.73%)
Epoch 313 [0/84843] Loss: 0.377355
Epoch 313 [35000/84843] Loss: 0.670812
Epoch 313 [70000/84843] Loss: 0.522674
Epoch 313 - Avg Loss: 0.450848 | Train Acc: 92.72%
Val: loss=0.3649, acc=10623/10975 (96.79%)
Epoch 314 [0/84843] Loss: 0.354749
Epoch 314 [35000/84843] Loss: 0.365546
Epoch 314 [70000/84843] Loss: 0.360018
Epoch 314 - Avg Loss: 0.437675 | Train Acc: 93.26%
Val: loss=0.3631, acc=10619/10975 (96.76%)
Epoch 315 [0/84843] Loss: 0.636195
Epoch 315 [35000/84843] Loss: 0.611033
Epoch 315 [70000/84843] Loss: 0.531252
Epoch 315 - Avg Loss: 0.436807 | Train Acc: 93.30%
Val: loss=0.3642, acc=10621/10975 (96.77%)
Epoch 316 [0/84843] Loss: 0.552154
Epoch 316 [35000/84843] Loss: 0.322209
Epoch 316 [70000/84843] Loss: 0.333355
Epoch 316 - Avg Loss: 0.442801 | Train Acc: 93.13%
Val: loss=0.3646, acc=10613/10975 (96.70%)
Epoch 317 [0/84843] Loss: 0.555354
Epoch 317 [35000/84843] Loss: 0.771224
Epoch 317 [70000/84843] Loss: 0.378017
Epoch 317 - Avg Loss: 0.441194 | Train Acc: 93.12%
Val: loss=0.3614, acc=10620/10975 (96.77%)
Epoch 318 [0/84843] Loss: 0.355169
Epoch 318 [35000/84843] Loss: 0.504467
Epoch 318 [70000/84843] Loss: 0.748673
Epoch 318 - Avg Loss: 0.435400 | Train Acc: 93.40%
Val: loss=0.3661, acc=10595/10975 (96.54%)
Epoch 319 [0/84843] Loss: 0.299822
Epoch 319 [35000/84843] Loss: 0.689686
Epoch 319 [70000/84843] Loss: 0.460570
Epoch 319 - Avg Loss: 0.441363 | Train Acc: 93.14%
Val: loss=0.3632, acc=10607/10975 (96.65%)
Epoch 320 [0/84843] Loss: 0.452553
Epoch 320 [35000/84843] Loss: 0.397180
Epoch 320 [70000/84843] Loss: 0.283263
Epoch 320 - Avg Loss: 0.440522 | Train Acc: 93.23%
Val: loss=0.3629, acc=10613/10975 (96.70%)
Epoch 321 [0/84843] Loss: 0.311031
Epoch 321 [35000/84843] Loss: 0.347730
Epoch 321 [70000/84843] Loss: 0.433722
Epoch 321 - Avg Loss: 0.440895 | Train Acc: 93.12%
Val: loss=0.3638, acc=10612/10975 (96.69%)
Epoch 322 [0/84843] Loss: 0.293808
Epoch 322 [35000/84843] Loss: 0.279005
Epoch 322 [70000/84843] Loss: 0.458681
Epoch 322 - Avg Loss: 0.445850 | Train Acc: 92.97%
Val: loss=0.3625, acc=10624/10975 (96.80%)
Epoch 323 [0/84843] Loss: 0.291974
Epoch 323 [35000/84843] Loss: 0.393486
Epoch 323 [70000/84843] Loss: 0.409002
Epoch 323 - Avg Loss: 0.432078 | Train Acc: 93.56%
Val: loss=0.3628, acc=10617/10975 (96.74%)
Epoch 324 [0/84843] Loss: 0.330200
Epoch 324 [35000/84843] Loss: 0.374025
Epoch 324 [70000/84843] Loss: 0.324868
Epoch 324 - Avg Loss: 0.442437 | Train Acc: 93.07%
Val: loss=0.3631, acc=10617/10975 (96.74%)
Epoch 325 [0/84843] Loss: 0.400436
Epoch 325 [35000/84843] Loss: 0.465094
Epoch 325 [70000/84843] Loss: 0.588333
Epoch 325 - Avg Loss: 0.441771 | Train Acc: 93.09%
Val: loss=0.3654, acc=10607/10975 (96.65%)
Epoch 326 [0/84843] Loss: 0.285319
Epoch 326 [35000/84843] Loss: 0.627177
Epoch 326 [70000/84843] Loss: 0.633104
Epoch 326 - Avg Loss: 0.443700 | Train Acc: 93.00%
Val: loss=0.3615, acc=10622/10975 (96.78%)
Epoch 327 [0/84843] Loss: 0.359578
Epoch 327 [35000/84843] Loss: 0.577095
Epoch 327 [70000/84843] Loss: 0.583130
Epoch 327 - Avg Loss: 0.436274 | Train Acc: 93.38%
Val: loss=0.3644, acc=10601/10975 (96.59%)
Epoch 328 [0/84843] Loss: 0.419189
Epoch 328 [35000/84843] Loss: 0.404202
Epoch 328 [70000/84843] Loss: 0.444204
Epoch 328 - Avg Loss: 0.436473 | Train Acc: 93.32%
Val: loss=0.3599, acc=10625/10975 (96.81%)
Epoch 329 [0/84843] Loss: 0.365250
Epoch 329 [35000/84843] Loss: 0.345448
Epoch 329 [70000/84843] Loss: 0.285414
Epoch 329 - Avg Loss: 0.436504 | Train Acc: 93.33%
Val: loss=0.3633, acc=10620/10975 (96.77%)
Epoch 330 [0/84843] Loss: 0.679356
Epoch 330 [35000/84843] Loss: 0.399647
Epoch 330 [70000/84843] Loss: 0.495812
Epoch 330 - Avg Loss: 0.436475 | Train Acc: 93.32%
Val: loss=0.3620, acc=10623/10975 (96.79%)
Epoch 331 [0/84843] Loss: 0.336985
Epoch 331 [35000/84843] Loss: 0.324557
Epoch 331 [70000/84843] Loss: 0.396238
Epoch 331 - Avg Loss: 0.433225 | Train Acc: 93.43%
Val: loss=0.3632, acc=10628/10975 (96.84%)
Epoch 332 [0/84843] Loss: 0.417619
Epoch 332 [35000/84843] Loss: 0.751360
Epoch 332 [70000/84843] Loss: 0.342224
Epoch 332 - Avg Loss: 0.445884 | Train Acc: 92.90%
Val: loss=0.3643, acc=10619/10975 (96.76%)
Epoch 333 [0/84843] Loss: 0.400809
Epoch 333 [35000/84843] Loss: 0.439151
Epoch 333 [70000/84843] Loss: 0.356422
Epoch 333 - Avg Loss: 0.440953 | Train Acc: 93.17%
Val: loss=0.3640, acc=10613/10975 (96.70%)
Epoch 334 [0/84843] Loss: 0.461650
Epoch 334 [35000/84843] Loss: 0.371660
Epoch 334 [70000/84843] Loss: 0.328622
Epoch 334 - Avg Loss: 0.443275 | Train Acc: 93.03%
Val: loss=0.3659, acc=10608/10975 (96.66%)
Epoch 335 [0/84843] Loss: 0.655744
Epoch 335 [35000/84843] Loss: 0.365991
Epoch 335 [70000/84843] Loss: 0.426506
Epoch 335 - Avg Loss: 0.444556 | Train Acc: 93.00%
Val: loss=0.3638, acc=10611/10975 (96.68%)
Epoch 336 [0/84843] Loss: 0.349544
Epoch 336 [35000/84843] Loss: 0.291619
Epoch 336 [70000/84843] Loss: 0.486921
Epoch 336 - Avg Loss: 0.437826 | Train Acc: 93.28%
Val: loss=0.3637, acc=10615/10975 (96.72%)
Epoch 337 [0/84843] Loss: 0.400208
Epoch 337 [35000/84843] Loss: 0.458673
Epoch 337 [70000/84843] Loss: 0.636787
Epoch 337 - Avg Loss: 0.437579 | Train Acc: 93.26%
Val: loss=0.3642, acc=10609/10975 (96.67%)
Epoch 338 [0/84843] Loss: 0.363030
Epoch 338 [35000/84843] Loss: 0.449169
Epoch 338 [70000/84843] Loss: 0.391492
Epoch 338 - Avg Loss: 0.435180 | Train Acc: 93.36%
Val: loss=0.3631, acc=10616/10975 (96.73%)
Epoch 339 [0/84843] Loss: 0.516510
Epoch 339 [35000/84843] Loss: 0.419082
Epoch 339 [70000/84843] Loss: 0.300827
Epoch 339 - Avg Loss: 0.435120 | Train Acc: 93.40%
Val: loss=0.3631, acc=10615/10975 (96.72%)
Epoch 340 [0/84843] Loss: 0.438272
Epoch 340 [35000/84843] Loss: 0.746941
Epoch 340 [70000/84843] Loss: 0.295707
Epoch 340 - Avg Loss: 0.441285 | Train Acc: 93.05%
Val: loss=0.3618, acc=10622/10975 (96.78%)
Epoch 341 [0/84843] Loss: 0.511955
Epoch 341 [35000/84843] Loss: 0.384273
Epoch 341 [70000/84843] Loss: 0.274643
Epoch 341 - Avg Loss: 0.443530 | Train Acc: 92.99%
Val: loss=0.3603, acc=10632/10975 (96.87%)
saved best: 96.87%
Epoch 342 [0/84843] Loss: 0.643328
Epoch 342 [35000/84843] Loss: 0.353771
Epoch 342 [70000/84843] Loss: 0.302416
Epoch 342 - Avg Loss: 0.440487 | Train Acc: 93.22%
Val: loss=0.3616, acc=10626/10975 (96.82%)
Epoch 343 [0/84843] Loss: 0.444821
Epoch 343 [35000/84843] Loss: 0.287603
Epoch 343 [70000/84843] Loss: 0.539970
Epoch 343 - Avg Loss: 0.436756 | Train Acc: 93.33%
Val: loss=0.3620, acc=10626/10975 (96.82%)
Epoch 344 [0/84843] Loss: 0.448500
Epoch 344 [35000/84843] Loss: 0.389916
Epoch 344 [70000/84843] Loss: 0.293642
Epoch 344 - Avg Loss: 0.428607 | Train Acc: 93.60%
Val: loss=0.3619, acc=10616/10975 (96.73%)
Epoch 345 [0/84843] Loss: 0.427917
Epoch 345 [35000/84843] Loss: 0.340819
Epoch 345 [70000/84843] Loss: 0.444420
Epoch 345 - Avg Loss: 0.434529 | Train Acc: 93.40%
Val: loss=0.3625, acc=10625/10975 (96.81%)
Epoch 346 [0/84843] Loss: 0.344323
Epoch 346 [35000/84843] Loss: 0.277248
Epoch 346 [70000/84843] Loss: 0.667057
Epoch 346 - Avg Loss: 0.435897 | Train Acc: 93.25%
Val: loss=0.3620, acc=10625/10975 (96.81%)
Epoch 347 [0/84843] Loss: 0.628768
Epoch 347 [35000/84843] Loss: 0.607202
Epoch 347 [70000/84843] Loss: 0.647233
Epoch 347 - Avg Loss: 0.444912 | Train Acc: 92.99%
Val: loss=0.3614, acc=10620/10975 (96.77%)
Epoch 348 [0/84843] Loss: 0.477310
Epoch 348 [35000/84843] Loss: 0.276063
Epoch 348 [70000/84843] Loss: 0.287260
Epoch 348 - Avg Loss: 0.430140 | Train Acc: 93.57%
Val: loss=0.3620, acc=10627/10975 (96.83%)
Epoch 349 [0/84843] Loss: 0.286238
Epoch 349 [35000/84843] Loss: 0.560257
Epoch 349 [70000/84843] Loss: 0.285327
Epoch 349 - Avg Loss: 0.436456 | Train Acc: 93.28%
Val: loss=0.3608, acc=10618/10975 (96.75%)
Epoch 350 [0/84843] Loss: 0.561795
Epoch 350 [35000/84843] Loss: 0.554793
Epoch 350 [70000/84843] Loss: 0.403008
Epoch 350 - Avg Loss: 0.433614 | Train Acc: 93.42%
Val: loss=0.3605, acc=10624/10975 (96.80%)
Epoch 351 [0/84843] Loss: 0.665203
Epoch 351 [35000/84843] Loss: 0.297347
Epoch 351 [70000/84843] Loss: 0.420633
Epoch 351 - Avg Loss: 0.438599 | Train Acc: 93.25%
Val: loss=0.3621, acc=10635/10975 (96.90%)
saved best: 96.90%
Epoch 352 [0/84843] Loss: 0.472326
Epoch 352 [35000/84843] Loss: 0.398055
Epoch 352 [70000/84843] Loss: 0.660274
Epoch 352 - Avg Loss: 0.443810 | Train Acc: 93.03%
Val: loss=0.3604, acc=10631/10975 (96.87%)
Epoch 353 [0/84843] Loss: 0.283229
Epoch 353 [35000/84843] Loss: 0.419073
Epoch 353 [70000/84843] Loss: 0.466577
Epoch 353 - Avg Loss: 0.436912 | Train Acc: 93.27%
Val: loss=0.3619, acc=10618/10975 (96.75%)
Epoch 354 [0/84843] Loss: 0.399693
Epoch 354 [35000/84843] Loss: 0.334363
Epoch 354 [70000/84843] Loss: 0.296800
Epoch 354 - Avg Loss: 0.434060 | Train Acc: 93.38%
Val: loss=0.3607, acc=10626/10975 (96.82%)
Epoch 355 [0/84843] Loss: 0.356358
Epoch 355 [35000/84843] Loss: 0.399545
Epoch 355 [70000/84843] Loss: 0.419778
Epoch 355 - Avg Loss: 0.436492 | Train Acc: 93.24%
Val: loss=0.3626, acc=10615/10975 (96.72%)
Epoch 356 [0/84843] Loss: 0.302895
Epoch 356 [35000/84843] Loss: 0.714721
Epoch 356 [70000/84843] Loss: 0.623338
Epoch 356 - Avg Loss: 0.442972 | Train Acc: 93.06%
Val: loss=0.3614, acc=10623/10975 (96.79%)
Epoch 357 [0/84843] Loss: 0.379850
Epoch 357 [35000/84843] Loss: 0.489231
Epoch 357 [70000/84843] Loss: 0.337545
Epoch 357 - Avg Loss: 0.434414 | Train Acc: 93.47%
Val: loss=0.3612, acc=10617/10975 (96.74%)
Epoch 358 [0/84843] Loss: 0.290293
Epoch 358 [35000/84843] Loss: 0.488238
Epoch 358 [70000/84843] Loss: 0.370637
Epoch 358 - Avg Loss: 0.437560 | Train Acc: 93.20%
Val: loss=0.3620, acc=10618/10975 (96.75%)
Epoch 359 [0/84843] Loss: 0.355690
Epoch 359 [35000/84843] Loss: 0.383600
Epoch 359 [70000/84843] Loss: 0.458998
Epoch 359 - Avg Loss: 0.445413 | Train Acc: 92.95%
Val: loss=0.3610, acc=10620/10975 (96.77%)
Epoch 360 [0/84843] Loss: 0.622744
Epoch 360 [35000/84843] Loss: 0.435909
Epoch 360 [70000/84843] Loss: 0.662502
Epoch 360 - Avg Loss: 0.442236 | Train Acc: 93.05%
Val: loss=0.3614, acc=10613/10975 (96.70%)
Epoch 361 [0/84843] Loss: 0.396499
Epoch 361 [35000/84843] Loss: 0.526202
Epoch 361 [70000/84843] Loss: 0.321086
Epoch 361 - Avg Loss: 0.434329 | Train Acc: 93.37%
Val: loss=0.3604, acc=10625/10975 (96.81%)
Epoch 362 [0/84843] Loss: 0.464969
Epoch 362 [35000/84843] Loss: 0.344097
Epoch 362 [70000/84843] Loss: 0.500225
Epoch 362 - Avg Loss: 0.434474 | Train Acc: 93.40%
Val: loss=0.3622, acc=10617/10975 (96.74%)
Epoch 363 [0/84843] Loss: 0.393974
Epoch 363 [35000/84843] Loss: 0.456991
Epoch 363 [70000/84843] Loss: 0.724173
Epoch 363 - Avg Loss: 0.434715 | Train Acc: 93.39%
Val: loss=0.3604, acc=10623/10975 (96.79%)
Epoch 364 [0/84843] Loss: 0.408187
Epoch 364 [35000/84843] Loss: 0.351248
Epoch 364 [70000/84843] Loss: 0.350272
Epoch 364 - Avg Loss: 0.436670 | Train Acc: 93.33%
Val: loss=0.3602, acc=10626/10975 (96.82%)
Epoch 365 [0/84843] Loss: 0.579435
Epoch 365 [35000/84843] Loss: 0.604398
Epoch 365 [70000/84843] Loss: 0.399888
Epoch 365 - Avg Loss: 0.432529 | Train Acc: 93.51%
Val: loss=0.3603, acc=10624/10975 (96.80%)
Epoch 366 [0/84843] Loss: 0.573873
Epoch 366 [35000/84843] Loss: 0.298846
Epoch 366 [70000/84843] Loss: 0.280059
Epoch 366 - Avg Loss: 0.433856 | Train Acc: 93.43%
Val: loss=0.3612, acc=10622/10975 (96.78%)
Epoch 367 [0/84843] Loss: 0.650359
Epoch 367 [35000/84843] Loss: 0.359038
Epoch 367 [70000/84843] Loss: 0.544003
Epoch 367 - Avg Loss: 0.437934 | Train Acc: 93.25%
Val: loss=0.3617, acc=10625/10975 (96.81%)
Epoch 368 [0/84843] Loss: 0.338932
Epoch 368 [35000/84843] Loss: 0.274731
Epoch 368 [70000/84843] Loss: 0.481092
Epoch 368 - Avg Loss: 0.435819 | Train Acc: 93.36%
Val: loss=0.3596, acc=10629/10975 (96.85%)
Epoch 369 [0/84843] Loss: 0.572686
Epoch 369 [35000/84843] Loss: 0.355719
Epoch 369 [70000/84843] Loss: 0.397300
Epoch 369 - Avg Loss: 0.439503 | Train Acc: 93.12%
Val: loss=0.3602, acc=10626/10975 (96.82%)
Epoch 370 [0/84843] Loss: 0.302462
Epoch 370 [35000/84843] Loss: 0.296558
Epoch 370 [70000/84843] Loss: 0.285667
Epoch 370 - Avg Loss: 0.435144 | Train Acc: 93.35%
Val: loss=0.3608, acc=10621/10975 (96.77%)
Epoch 371 [0/84843] Loss: 0.540573
Epoch 371 [35000/84843] Loss: 0.731175
Epoch 371 [70000/84843] Loss: 0.411084
Epoch 371 - Avg Loss: 0.432290 | Train Acc: 93.50%
Val: loss=0.3606, acc=10626/10975 (96.82%)
Epoch 372 [0/84843] Loss: 0.703550
Epoch 372 [35000/84843] Loss: 0.333198
Epoch 372 [70000/84843] Loss: 0.324003
Epoch 372 - Avg Loss: 0.428805 | Train Acc: 93.67%
Val: loss=0.3603, acc=10622/10975 (96.78%)
Epoch 373 [0/84843] Loss: 0.487339
Epoch 373 [35000/84843] Loss: 0.716446
Epoch 373 [70000/84843] Loss: 0.350996
Epoch 373 - Avg Loss: 0.429850 | Train Acc: 93.55%
Val: loss=0.3607, acc=10629/10975 (96.85%)
Epoch 374 [0/84843] Loss: 0.664096
Epoch 374 [35000/84843] Loss: 0.478736
Epoch 374 [70000/84843] Loss: 0.348740
Epoch 374 - Avg Loss: 0.431651 | Train Acc: 93.51%
Val: loss=0.3610, acc=10622/10975 (96.78%)
Epoch 375 [0/84843] Loss: 0.318841
Epoch 375 [35000/84843] Loss: 0.588546
Epoch 375 [70000/84843] Loss: 0.557095
Epoch 375 - Avg Loss: 0.433482 | Train Acc: 93.43%
Val: loss=0.3605, acc=10632/10975 (96.87%)
Epoch 376 [0/84843] Loss: 0.508260
Epoch 376 [35000/84843] Loss: 0.456147
Epoch 376 [70000/84843] Loss: 0.432641
Epoch 376 - Avg Loss: 0.431112 | Train Acc: 93.59%
Val: loss=0.3608, acc=10627/10975 (96.83%)
Epoch 377 [0/84843] Loss: 0.320106
Epoch 377 [35000/84843] Loss: 0.295254
Epoch 377 [70000/84843] Loss: 0.655556
Epoch 377 - Avg Loss: 0.432157 | Train Acc: 93.50%
Val: loss=0.3603, acc=10624/10975 (96.80%)
Epoch 378 [0/84843] Loss: 0.505688
Epoch 378 [35000/84843] Loss: 0.447686
Epoch 378 [70000/84843] Loss: 0.469027
Epoch 378 - Avg Loss: 0.429085 | Train Acc: 93.63%
Val: loss=0.3603, acc=10626/10975 (96.82%)
Epoch 379 [0/84843] Loss: 0.283423
Epoch 379 [35000/84843] Loss: 0.514325
Epoch 379 [70000/84843] Loss: 0.297517
Epoch 379 - Avg Loss: 0.439541 | Train Acc: 93.11%
Val: loss=0.3599, acc=10622/10975 (96.78%)
Epoch 380 [0/84843] Loss: 0.368677
Epoch 380 [35000/84843] Loss: 0.348247
Epoch 380 [70000/84843] Loss: 0.297115
Epoch 380 - Avg Loss: 0.433527 | Train Acc: 93.42%
Val: loss=0.3601, acc=10626/10975 (96.82%)
Epoch 381 [0/84843] Loss: 0.343789
Epoch 381 [35000/84843] Loss: 0.295123
Epoch 381 [70000/84843] Loss: 0.378757
Epoch 381 - Avg Loss: 0.434468 | Train Acc: 93.44%
Val: loss=0.3603, acc=10626/10975 (96.82%)
Epoch 382 [0/84843] Loss: 0.512313
Epoch 382 [35000/84843] Loss: 0.380921
Epoch 382 [70000/84843] Loss: 0.352638
Epoch 382 - Avg Loss: 0.431927 | Train Acc: 93.56%
Val: loss=0.3605, acc=10627/10975 (96.83%)
Epoch 383 [0/84843] Loss: 0.340241
Epoch 383 [35000/84843] Loss: 0.605743
Epoch 383 [70000/84843] Loss: 0.393232
Epoch 383 - Avg Loss: 0.433531 | Train Acc: 93.42%
Val: loss=0.3608, acc=10621/10975 (96.77%)
Epoch 384 [0/84843] Loss: 0.504944
Epoch 384 [35000/84843] Loss: 0.337575
Epoch 384 [70000/84843] Loss: 0.462814
Epoch 384 - Avg Loss: 0.434221 | Train Acc: 93.34%
Val: loss=0.3606, acc=10621/10975 (96.77%)
Epoch 385 [0/84843] Loss: 0.295945
Epoch 385 [35000/84843] Loss: 0.618162
Epoch 385 [70000/84843] Loss: 0.400798
Epoch 385 - Avg Loss: 0.429303 | Train Acc: 93.68%
Val: loss=0.3606, acc=10621/10975 (96.77%)
Epoch 386 [0/84843] Loss: 0.525041
Epoch 386 [35000/84843] Loss: 0.280580
Epoch 386 [70000/84843] Loss: 0.426472
Epoch 386 - Avg Loss: 0.435619 | Train Acc: 93.34%
Val: loss=0.3603, acc=10624/10975 (96.80%)
Epoch 387 [0/84843] Loss: 0.399964
Epoch 387 [35000/84843] Loss: 0.276361
Epoch 387 [70000/84843] Loss: 0.321122
Epoch 387 - Avg Loss: 0.425963 | Train Acc: 93.69%
Val: loss=0.3609, acc=10621/10975 (96.77%)
Epoch 388 [0/84843] Loss: 0.452745
Epoch 388 [35000/84843] Loss: 0.335897
Epoch 388 [70000/84843] Loss: 0.310860
Epoch 388 - Avg Loss: 0.431387 | Train Acc: 93.47%
Val: loss=0.3608, acc=10625/10975 (96.81%)
Epoch 389 [0/84843] Loss: 0.345535
Epoch 389 [35000/84843] Loss: 0.376934
Epoch 389 [70000/84843] Loss: 0.315560
Epoch 389 - Avg Loss: 0.438380 | Train Acc: 93.19%
Val: loss=0.3617, acc=10622/10975 (96.78%)
Epoch 390 [0/84843] Loss: 0.432719
Epoch 390 [35000/84843] Loss: 0.375348
Epoch 390 [70000/84843] Loss: 0.426304
Epoch 390 - Avg Loss: 0.430698 | Train Acc: 93.57%
Val: loss=0.3606, acc=10624/10975 (96.80%)
Epoch 391 [0/84843] Loss: 0.402317
Epoch 391 [35000/84843] Loss: 0.775410
Epoch 391 [70000/84843] Loss: 0.467933
Epoch 391 - Avg Loss: 0.428771 | Train Acc: 93.58%
Val: loss=0.3604, acc=10624/10975 (96.80%)
Epoch 392 [0/84843] Loss: 0.377313
Epoch 392 [35000/84843] Loss: 0.575467
Epoch 392 [70000/84843] Loss: 0.458596
Epoch 392 - Avg Loss: 0.434559 | Train Acc: 93.30%
Val: loss=0.3605, acc=10622/10975 (96.78%)
Epoch 393 [0/84843] Loss: 0.383150
Epoch 393 [35000/84843] Loss: 0.439070
Epoch 393 [70000/84843] Loss: 0.514816
Epoch 393 - Avg Loss: 0.436871 | Train Acc: 93.22%
Val: loss=0.3610, acc=10620/10975 (96.77%)
Epoch 394 [0/84843] Loss: 0.685121
Epoch 394 [35000/84843] Loss: 0.390282
Epoch 394 [70000/84843] Loss: 0.338811
Epoch 394 - Avg Loss: 0.427824 | Train Acc: 93.68%
Val: loss=0.3611, acc=10620/10975 (96.77%)
Epoch 395 [0/84843] Loss: 0.388838
Epoch 395 [35000/84843] Loss: 0.487868
Epoch 395 [70000/84843] Loss: 0.788925
Epoch 395 - Avg Loss: 0.435838 | Train Acc: 93.35%
Val: loss=0.3605, acc=10622/10975 (96.78%)
Epoch 396 [0/84843] Loss: 0.814777
Epoch 396 [35000/84843] Loss: 0.312857
Epoch 396 [70000/84843] Loss: 0.678050
Epoch 396 - Avg Loss: 0.439225 | Train Acc: 93.16%
Val: loss=0.3605, acc=10622/10975 (96.78%)
Epoch 397 [0/84843] Loss: 0.293489
Epoch 397 [35000/84843] Loss: 0.549389
Epoch 397 [70000/84843] Loss: 0.460760
Epoch 397 - Avg Loss: 0.434224 | Train Acc: 93.42%
Val: loss=0.3604, acc=10622/10975 (96.78%)
Epoch 398 [0/84843] Loss: 0.425092
Epoch 398 [35000/84843] Loss: 0.428712
Epoch 398 [70000/84843] Loss: 0.427189
Epoch 398 - Avg Loss: 0.435337 | Train Acc: 93.34%
Val: loss=0.3611, acc=10619/10975 (96.76%)
Epoch 399 [0/84843] Loss: 0.475049
Epoch 399 [35000/84843] Loss: 0.452757
Epoch 399 [70000/84843] Loss: 0.503252
Epoch 399 - Avg Loss: 0.431497 | Train Acc: 93.55%
Val: loss=0.3604, acc=10622/10975 (96.78%)
Epoch 400 [0/84843] Loss: 0.395399
Epoch 400 [35000/84843] Loss: 0.373577
Epoch 400 [70000/84843] Loss: 0.464057
Epoch 400 - Avg Loss: 0.438168 | Train Acc: 93.25%
Val: loss=0.3604, acc=10622/10975 (96.78%)
Test: loss=0.3574, acc=11736/12101 (96.98%)
