Running feature config: 16_mels_delta_delta (task 7)
SpecAugment freq_mask=8 time_mask=30
Device: cuda
Feature config: 16_mels_delta_delta -> {'n_mels': 16, 'use_delta': True, 'use_delta_delta': True}
SpecAugment: True freq_mask=8 time_mask=30
GPU Name: Tesla V100-PCIE-32GB
GPU Memory: 34.07 GB
Total model parameters: 47,628
Epoch 1 [0/84843] Loss: 2.461425
Epoch 1 [35000/84843] Loss: 1.749773
Epoch 1 [70000/84843] Loss: 1.602838
Epoch 1 - Avg Loss: 1.699634 | Train Acc: 56.16%
Val: loss=1.5844, acc=6299/10975 (57.39%)
saved best: 57.39%
Epoch 2 [0/84843] Loss: 1.616178
Epoch 2 [35000/84843] Loss: 1.444241
Epoch 2 [70000/84843] Loss: 1.403252
Epoch 2 - Avg Loss: 1.399672 | Train Acc: 65.38%
Val: loss=1.3904, acc=7229/10975 (65.87%)
saved best: 65.87%
Epoch 3 [0/84843] Loss: 1.527727
Epoch 3 [35000/84843] Loss: 1.423043
Epoch 3 [70000/84843] Loss: 1.513821
Epoch 3 - Avg Loss: 1.353548 | Train Acc: 66.74%
Val: loss=1.3634, acc=7251/10975 (66.07%)
saved best: 66.07%
Epoch 4 [0/84843] Loss: 1.422406
Epoch 4 [35000/84843] Loss: 1.461362
Epoch 4 [70000/84843] Loss: 1.513113
Epoch 4 - Avg Loss: 1.327546 | Train Acc: 66.71%
Val: loss=1.3074, acc=7248/10975 (66.04%)
Epoch 5 [0/84843] Loss: 1.238703
Epoch 5 [35000/84843] Loss: 1.442990
Epoch 5 [70000/84843] Loss: 1.166613
Epoch 5 - Avg Loss: 1.283672 | Train Acc: 66.76%
Val: loss=1.2469, acc=7382/10975 (67.26%)
saved best: 67.26%
Epoch 6 [0/84843] Loss: 1.269542
Epoch 6 [35000/84843] Loss: 1.145964
Epoch 6 [70000/84843] Loss: 1.314103
Epoch 6 - Avg Loss: 1.247032 | Train Acc: 67.41%
Val: loss=1.2025, acc=7395/10975 (67.38%)
saved best: 67.38%
Epoch 7 [0/84843] Loss: 1.089409
Epoch 7 [35000/84843] Loss: 1.110567
Epoch 7 [70000/84843] Loss: 1.184104
Epoch 7 - Avg Loss: 1.216389 | Train Acc: 67.87%
Val: loss=1.1703, acc=7406/10975 (67.48%)
saved best: 67.48%
Epoch 8 [0/84843] Loss: 1.138668
Epoch 8 [35000/84843] Loss: 1.096995
Epoch 8 [70000/84843] Loss: 0.988203
Epoch 8 - Avg Loss: 1.191423 | Train Acc: 68.03%
Val: loss=1.1250, acc=7479/10975 (68.15%)
saved best: 68.15%
Epoch 9 [0/84843] Loss: 1.385411
Epoch 9 [35000/84843] Loss: 0.846126
Epoch 9 [70000/84843] Loss: 1.090743
Epoch 9 - Avg Loss: 1.155177 | Train Acc: 68.37%
Val: loss=1.0874, acc=7574/10975 (69.01%)
saved best: 69.01%
Epoch 10 [0/84843] Loss: 1.010983
Epoch 10 [35000/84843] Loss: 1.035832
Epoch 10 [70000/84843] Loss: 1.194425
Epoch 10 - Avg Loss: 1.124524 | Train Acc: 69.09%
Val: loss=1.0460, acc=7671/10975 (69.90%)
saved best: 69.90%
Epoch 11 [0/84843] Loss: 0.871910
Epoch 11 [35000/84843] Loss: 1.160581
Epoch 11 [70000/84843] Loss: 1.139156
Epoch 11 - Avg Loss: 1.093312 | Train Acc: 69.57%
Val: loss=1.0101, acc=7764/10975 (70.74%)
saved best: 70.74%
Epoch 12 [0/84843] Loss: 1.006320
Epoch 12 [35000/84843] Loss: 1.201128
Epoch 12 [70000/84843] Loss: 1.073701
Epoch 12 - Avg Loss: 1.063821 | Train Acc: 70.16%
Val: loss=0.9728, acc=7827/10975 (71.32%)
saved best: 71.32%
Epoch 13 [0/84843] Loss: 1.164827
Epoch 13 [35000/84843] Loss: 0.914290
Epoch 13 [70000/84843] Loss: 1.096259
Epoch 13 - Avg Loss: 1.038336 | Train Acc: 70.58%
Val: loss=0.9520, acc=7897/10975 (71.95%)
saved best: 71.95%
Epoch 14 [0/84843] Loss: 1.219096
Epoch 14 [35000/84843] Loss: 1.121465
Epoch 14 [70000/84843] Loss: 0.908860
Epoch 14 - Avg Loss: 1.015467 | Train Acc: 71.26%
Val: loss=0.9261, acc=7945/10975 (72.39%)
saved best: 72.39%
Epoch 15 [0/84843] Loss: 0.987529
Epoch 15 [35000/84843] Loss: 0.930704
Epoch 15 [70000/84843] Loss: 0.987320
Epoch 15 - Avg Loss: 0.987172 | Train Acc: 72.08%
Val: loss=0.9022, acc=8126/10975 (74.04%)
saved best: 74.04%
Epoch 16 [0/84843] Loss: 0.989060
Epoch 16 [35000/84843] Loss: 1.027721
Epoch 16 [70000/84843] Loss: 0.785652
Epoch 16 - Avg Loss: 0.968635 | Train Acc: 72.82%
Val: loss=0.8732, acc=8254/10975 (75.21%)
saved best: 75.21%
Epoch 17 [0/84843] Loss: 0.974057
Epoch 17 [35000/84843] Loss: 1.230850
Epoch 17 [70000/84843] Loss: 0.958144
Epoch 17 - Avg Loss: 0.939275 | Train Acc: 74.03%
Val: loss=0.8408, acc=8558/10975 (77.98%)
saved best: 77.98%
Epoch 18 [0/84843] Loss: 0.876908
Epoch 18 [35000/84843] Loss: 1.018802
Epoch 18 [70000/84843] Loss: 0.805516
Epoch 18 - Avg Loss: 0.907287 | Train Acc: 75.78%
Val: loss=0.7990, acc=8871/10975 (80.83%)
saved best: 80.83%
Epoch 19 [0/84843] Loss: 0.825990
Epoch 19 [35000/84843] Loss: 0.633534
Epoch 19 [70000/84843] Loss: 0.633258
Epoch 19 - Avg Loss: 0.871531 | Train Acc: 77.34%
Val: loss=0.7614, acc=9130/10975 (83.19%)
saved best: 83.19%
Epoch 20 [0/84843] Loss: 0.934481
Epoch 20 [35000/84843] Loss: 0.939020
Epoch 20 [70000/84843] Loss: 0.689470
Epoch 20 - Avg Loss: 0.830784 | Train Acc: 79.08%
Val: loss=0.7277, acc=9186/10975 (83.70%)
saved best: 83.70%
Epoch 21 [0/84843] Loss: 0.831221
Epoch 21 [35000/84843] Loss: 0.684388
Epoch 21 [70000/84843] Loss: 0.788554
Epoch 21 - Avg Loss: 0.801654 | Train Acc: 79.81%
Val: loss=0.6819, acc=9337/10975 (85.08%)
saved best: 85.08%
Epoch 22 [0/84843] Loss: 0.633673
Epoch 22 [35000/84843] Loss: 1.237142
Epoch 22 [70000/84843] Loss: 0.641643
Epoch 22 - Avg Loss: 0.764795 | Train Acc: 81.31%
Val: loss=0.6540, acc=9448/10975 (86.09%)
saved best: 86.09%
Epoch 23 [0/84843] Loss: 0.910418
Epoch 23 [35000/84843] Loss: 0.797719
Epoch 23 [70000/84843] Loss: 0.654994
Epoch 23 - Avg Loss: 0.739005 | Train Acc: 82.37%
Val: loss=0.6134, acc=9634/10975 (87.78%)
saved best: 87.78%
Epoch 24 [0/84843] Loss: 0.674692
Epoch 24 [35000/84843] Loss: 0.573009
Epoch 24 [70000/84843] Loss: 0.763413
Epoch 24 - Avg Loss: 0.705919 | Train Acc: 83.79%
Val: loss=0.5789, acc=9802/10975 (89.31%)
saved best: 89.31%
Epoch 25 [0/84843] Loss: 0.557454
Epoch 25 [35000/84843] Loss: 0.631448
Epoch 25 [70000/84843] Loss: 0.640504
Epoch 25 - Avg Loss: 0.676786 | Train Acc: 84.80%
Val: loss=0.5639, acc=9844/10975 (89.69%)
saved best: 89.69%
Epoch 26 [0/84843] Loss: 0.633917
Epoch 26 [35000/84843] Loss: 0.859294
Epoch 26 [70000/84843] Loss: 0.725142
Epoch 26 - Avg Loss: 0.661470 | Train Acc: 85.27%
Val: loss=0.5619, acc=9834/10975 (89.60%)
Epoch 27 [0/84843] Loss: 0.567381
Epoch 27 [35000/84843] Loss: 0.577623
Epoch 27 [70000/84843] Loss: 0.512745
Epoch 27 - Avg Loss: 0.642098 | Train Acc: 86.00%
Val: loss=0.5422, acc=9923/10975 (90.41%)
saved best: 90.41%
Epoch 28 [0/84843] Loss: 0.619264
Epoch 28 [35000/84843] Loss: 0.654843
Epoch 28 [70000/84843] Loss: 0.724368
Epoch 28 - Avg Loss: 0.630063 | Train Acc: 86.45%
Val: loss=0.5087, acc=10055/10975 (91.62%)
saved best: 91.62%
Epoch 29 [0/84843] Loss: 0.612972
Epoch 29 [35000/84843] Loss: 0.573651
Epoch 29 [70000/84843] Loss: 0.761924
Epoch 29 - Avg Loss: 0.615021 | Train Acc: 87.01%
Val: loss=0.5042, acc=10086/10975 (91.90%)
saved best: 91.90%
Epoch 30 [0/84843] Loss: 0.633487
Epoch 30 [35000/84843] Loss: 0.624433
Epoch 30 [70000/84843] Loss: 0.555119
Epoch 30 - Avg Loss: 0.607897 | Train Acc: 87.23%
Val: loss=0.4881, acc=10136/10975 (92.36%)
saved best: 92.36%
Epoch 31 [0/84843] Loss: 0.561595
Epoch 31 [35000/84843] Loss: 0.823924
Epoch 31 [70000/84843] Loss: 0.740961
Epoch 31 - Avg Loss: 0.589573 | Train Acc: 87.96%
Val: loss=0.4815, acc=10170/10975 (92.67%)
saved best: 92.67%
Epoch 32 [0/84843] Loss: 0.554134
Epoch 32 [35000/84843] Loss: 0.563870
Epoch 32 [70000/84843] Loss: 0.527469
Epoch 32 - Avg Loss: 0.578961 | Train Acc: 88.32%
Val: loss=0.4686, acc=10206/10975 (92.99%)
saved best: 92.99%
Epoch 33 [0/84843] Loss: 0.742466
Epoch 33 [35000/84843] Loss: 0.490835
Epoch 33 [70000/84843] Loss: 0.484678
Epoch 33 - Avg Loss: 0.571527 | Train Acc: 88.64%
Val: loss=0.4885, acc=10134/10975 (92.34%)
Epoch 34 [0/84843] Loss: 0.388848
Epoch 34 [35000/84843] Loss: 0.461861
Epoch 34 [70000/84843] Loss: 0.418099
Epoch 34 - Avg Loss: 0.562594 | Train Acc: 88.96%
Val: loss=0.4666, acc=10217/10975 (93.09%)
saved best: 93.09%
Epoch 35 [0/84843] Loss: 0.464014
Epoch 35 [35000/84843] Loss: 0.488627
Epoch 35 [70000/84843] Loss: 0.710059
Epoch 35 - Avg Loss: 0.556787 | Train Acc: 89.16%
Val: loss=0.4553, acc=10265/10975 (93.53%)
saved best: 93.53%
Epoch 36 [0/84843] Loss: 0.434662
Epoch 36 [35000/84843] Loss: 0.576681
Epoch 36 [70000/84843] Loss: 0.503513
Epoch 36 - Avg Loss: 0.545169 | Train Acc: 89.58%
Val: loss=0.4461, acc=10301/10975 (93.86%)
saved best: 93.86%
Epoch 37 [0/84843] Loss: 0.503616
Epoch 37 [35000/84843] Loss: 0.507374
Epoch 37 [70000/84843] Loss: 0.686154
Epoch 37 - Avg Loss: 0.543449 | Train Acc: 89.67%
Val: loss=0.4420, acc=10306/10975 (93.90%)
saved best: 93.90%
Epoch 38 [0/84843] Loss: 0.560032
Epoch 38 [35000/84843] Loss: 0.524664
Epoch 38 [70000/84843] Loss: 0.640872
Epoch 38 - Avg Loss: 0.528688 | Train Acc: 90.18%
Val: loss=0.4389, acc=10300/10975 (93.85%)
Epoch 39 [0/84843] Loss: 0.467497
Epoch 39 [35000/84843] Loss: 0.418825
Epoch 39 [70000/84843] Loss: 0.433914
Epoch 39 - Avg Loss: 0.521228 | Train Acc: 90.54%
Val: loss=0.4304, acc=10364/10975 (94.43%)
saved best: 94.43%
Epoch 40 [0/84843] Loss: 0.576415
Epoch 40 [35000/84843] Loss: 0.596253
Epoch 40 [70000/84843] Loss: 0.665070
Epoch 40 - Avg Loss: 0.520429 | Train Acc: 90.45%
Val: loss=0.4337, acc=10350/10975 (94.31%)
Epoch 41 [0/84843] Loss: 0.367783
Epoch 41 [35000/84843] Loss: 0.620918
Epoch 41 [70000/84843] Loss: 0.368537
Epoch 41 - Avg Loss: 0.515169 | Train Acc: 90.71%
Val: loss=0.4242, acc=10395/10975 (94.72%)
saved best: 94.72%
Epoch 42 [0/84843] Loss: 0.475598
Epoch 42 [35000/84843] Loss: 0.648529
Epoch 42 [70000/84843] Loss: 0.425716
Epoch 42 - Avg Loss: 0.506500 | Train Acc: 91.03%
Val: loss=0.4202, acc=10389/10975 (94.66%)
Epoch 43 [0/84843] Loss: 0.531186
Epoch 43 [35000/84843] Loss: 0.833919
Epoch 43 [70000/84843] Loss: 0.442453
Epoch 43 - Avg Loss: 0.504986 | Train Acc: 91.05%
Val: loss=0.4227, acc=10383/10975 (94.61%)
Epoch 44 [0/84843] Loss: 0.446690
Epoch 44 [35000/84843] Loss: 0.533160
Epoch 44 [70000/84843] Loss: 0.669602
Epoch 44 - Avg Loss: 0.502862 | Train Acc: 91.17%
Val: loss=0.4223, acc=10399/10975 (94.75%)
saved best: 94.75%
Epoch 45 [0/84843] Loss: 0.501337
Epoch 45 [35000/84843] Loss: 0.431888
Epoch 45 [70000/84843] Loss: 0.527941
Epoch 45 - Avg Loss: 0.498556 | Train Acc: 91.28%
Val: loss=0.4117, acc=10432/10975 (95.05%)
saved best: 95.05%
Epoch 46 [0/84843] Loss: 0.499596
Epoch 46 [35000/84843] Loss: 0.508525
Epoch 46 [70000/84843] Loss: 0.499232
Epoch 46 - Avg Loss: 0.490955 | Train Acc: 91.58%
Val: loss=0.4172, acc=10409/10975 (94.84%)
Epoch 47 [0/84843] Loss: 0.438594
Epoch 47 [35000/84843] Loss: 0.549118
Epoch 47 [70000/84843] Loss: 0.374340
Epoch 47 - Avg Loss: 0.484436 | Train Acc: 91.85%
Val: loss=0.4144, acc=10408/10975 (94.83%)
Epoch 48 [0/84843] Loss: 0.421636
Epoch 48 [35000/84843] Loss: 0.791501
Epoch 48 [70000/84843] Loss: 0.608199
Epoch 48 - Avg Loss: 0.484993 | Train Acc: 91.84%
Val: loss=0.4058, acc=10468/10975 (95.38%)
saved best: 95.38%
Epoch 49 [0/84843] Loss: 0.700935
Epoch 49 [35000/84843] Loss: 0.338866
Epoch 49 [70000/84843] Loss: 0.559799
Epoch 49 - Avg Loss: 0.479044 | Train Acc: 92.07%
Val: loss=0.4070, acc=10449/10975 (95.21%)
Epoch 50 [0/84843] Loss: 0.468759
Epoch 50 [35000/84843] Loss: 0.595783
Epoch 50 [70000/84843] Loss: 0.598983
Epoch 50 - Avg Loss: 0.479542 | Train Acc: 92.08%
Val: loss=0.3980, acc=10503/10975 (95.70%)
saved best: 95.70%
Epoch 51 [0/84843] Loss: 0.880312
Epoch 51 [35000/84843] Loss: 0.615397
Epoch 51 [70000/84843] Loss: 0.541272
Epoch 51 - Avg Loss: 0.480563 | Train Acc: 91.97%
Val: loss=0.4090, acc=10451/10975 (95.23%)
Epoch 52 [0/84843] Loss: 0.596630
Epoch 52 [35000/84843] Loss: 0.395566
Epoch 52 [70000/84843] Loss: 0.407241
Epoch 52 - Avg Loss: 0.469306 | Train Acc: 92.42%
Val: loss=0.4078, acc=10464/10975 (95.34%)
Epoch 53 [0/84843] Loss: 0.357689
Epoch 53 [35000/84843] Loss: 0.300330
Epoch 53 [70000/84843] Loss: 0.507775
Epoch 53 - Avg Loss: 0.468677 | Train Acc: 92.46%
Val: loss=0.4014, acc=10473/10975 (95.43%)
Epoch 54 [0/84843] Loss: 0.422603
Epoch 54 [35000/84843] Loss: 0.360411
Epoch 54 [70000/84843] Loss: 0.430811
Epoch 54 - Avg Loss: 0.468610 | Train Acc: 92.35%
Val: loss=0.3981, acc=10477/10975 (95.46%)
Epoch 55 [0/84843] Loss: 0.419620
Epoch 55 [35000/84843] Loss: 0.502459
Epoch 55 [70000/84843] Loss: 0.396446
Epoch 55 - Avg Loss: 0.463863 | Train Acc: 92.59%
Val: loss=0.3977, acc=10493/10975 (95.61%)
Epoch 56 [0/84843] Loss: 0.413188
Epoch 56 [35000/84843] Loss: 0.478774
Epoch 56 [70000/84843] Loss: 0.640099
Epoch 56 - Avg Loss: 0.459571 | Train Acc: 92.71%
Val: loss=0.3939, acc=10494/10975 (95.62%)
Epoch 57 [0/84843] Loss: 0.418929
Epoch 57 [35000/84843] Loss: 0.372353
Epoch 57 [70000/84843] Loss: 0.484552
Epoch 57 - Avg Loss: 0.458772 | Train Acc: 92.76%
Val: loss=0.4017, acc=10451/10975 (95.23%)
Epoch 58 [0/84843] Loss: 0.452418
Epoch 58 [35000/84843] Loss: 0.362273
Epoch 58 [70000/84843] Loss: 0.554474
Epoch 58 - Avg Loss: 0.456222 | Train Acc: 92.87%
Val: loss=0.3960, acc=10491/10975 (95.59%)
Epoch 59 [0/84843] Loss: 0.330686
Epoch 59 [35000/84843] Loss: 0.368081
Epoch 59 [70000/84843] Loss: 0.614914
Epoch 59 - Avg Loss: 0.456514 | Train Acc: 92.86%
Val: loss=0.3967, acc=10473/10975 (95.43%)
Epoch 60 [0/84843] Loss: 0.940124
Epoch 60 [35000/84843] Loss: 0.369340
Epoch 60 [70000/84843] Loss: 0.386994
Epoch 60 - Avg Loss: 0.452298 | Train Acc: 93.07%
Val: loss=0.4067, acc=10454/10975 (95.25%)
Epoch 61 [0/84843] Loss: 0.490015
Epoch 61 [35000/84843] Loss: 0.553162
Epoch 61 [70000/84843] Loss: 0.493710
Epoch 61 - Avg Loss: 0.455453 | Train Acc: 92.83%
Val: loss=0.3901, acc=10514/10975 (95.80%)
saved best: 95.80%
Epoch 62 [0/84843] Loss: 0.445149
Epoch 62 [35000/84843] Loss: 0.427060
Epoch 62 [70000/84843] Loss: 0.458839
Epoch 62 - Avg Loss: 0.449168 | Train Acc: 93.14%
Val: loss=0.3921, acc=10496/10975 (95.64%)
Epoch 63 [0/84843] Loss: 0.577704
Epoch 63 [35000/84843] Loss: 0.392030
Epoch 63 [70000/84843] Loss: 0.424261
Epoch 63 - Avg Loss: 0.450533 | Train Acc: 93.10%
Val: loss=0.3886, acc=10520/10975 (95.85%)
saved best: 95.85%
Epoch 64 [0/84843] Loss: 0.475297
Epoch 64 [35000/84843] Loss: 0.430839
Epoch 64 [70000/84843] Loss: 0.333345
Epoch 64 - Avg Loss: 0.450305 | Train Acc: 93.07%
Val: loss=0.3881, acc=10526/10975 (95.91%)
saved best: 95.91%
Epoch 65 [0/84843] Loss: 0.413413
Epoch 65 [35000/84843] Loss: 0.319157
Epoch 65 [70000/84843] Loss: 0.454385
Epoch 65 - Avg Loss: 0.446962 | Train Acc: 93.26%
Val: loss=0.3897, acc=10513/10975 (95.79%)
Epoch 66 [0/84843] Loss: 0.476424
Epoch 66 [35000/84843] Loss: 0.339446
Epoch 66 [70000/84843] Loss: 0.385796
Epoch 66 - Avg Loss: 0.448174 | Train Acc: 93.06%
Val: loss=0.3817, acc=10553/10975 (96.15%)
saved best: 96.15%
Epoch 67 [0/84843] Loss: 0.476193
Epoch 67 [35000/84843] Loss: 0.389604
Epoch 67 [70000/84843] Loss: 0.461439
Epoch 67 - Avg Loss: 0.442792 | Train Acc: 93.38%
Val: loss=0.3827, acc=10553/10975 (96.15%)
Epoch 68 [0/84843] Loss: 0.373710
Epoch 68 [35000/84843] Loss: 0.413421
Epoch 68 [70000/84843] Loss: 0.365136
Epoch 68 - Avg Loss: 0.441221 | Train Acc: 93.41%
Val: loss=0.3875, acc=10516/10975 (95.82%)
Epoch 69 [0/84843] Loss: 0.359180
Epoch 69 [35000/84843] Loss: 0.489096
Epoch 69 [70000/84843] Loss: 0.412078
Epoch 69 - Avg Loss: 0.441278 | Train Acc: 93.42%
Val: loss=0.3880, acc=10525/10975 (95.90%)
Epoch 70 [0/84843] Loss: 0.541275
Epoch 70 [35000/84843] Loss: 0.617213
Epoch 70 [70000/84843] Loss: 0.313816
Epoch 70 - Avg Loss: 0.438321 | Train Acc: 93.61%
Val: loss=0.3841, acc=10519/10975 (95.85%)
Epoch 71 [0/84843] Loss: 0.449898
Epoch 71 [35000/84843] Loss: 0.352311
Epoch 71 [70000/84843] Loss: 0.399466
Epoch 71 - Avg Loss: 0.440826 | Train Acc: 93.48%
Val: loss=0.3960, acc=10476/10975 (95.45%)
Epoch 72 [0/84843] Loss: 0.466083
Epoch 72 [35000/84843] Loss: 0.448189
Epoch 72 [70000/84843] Loss: 0.390265
Epoch 72 - Avg Loss: 0.438872 | Train Acc: 93.57%
Val: loss=0.3881, acc=10503/10975 (95.70%)
Epoch 73 [0/84843] Loss: 0.412313
Epoch 73 [35000/84843] Loss: 0.368210
Epoch 73 [70000/84843] Loss: 0.410875
Epoch 73 - Avg Loss: 0.433789 | Train Acc: 93.77%
Val: loss=0.3855, acc=10533/10975 (95.97%)
Epoch 74 [0/84843] Loss: 0.547205
Epoch 74 [35000/84843] Loss: 0.381477
Epoch 74 [70000/84843] Loss: 0.303487
Epoch 74 - Avg Loss: 0.436585 | Train Acc: 93.67%
Val: loss=0.3844, acc=10541/10975 (96.05%)
Epoch 75 [0/84843] Loss: 0.361091
Epoch 75 [35000/84843] Loss: 0.372502
Epoch 75 [70000/84843] Loss: 0.350991
Epoch 75 - Avg Loss: 0.436258 | Train Acc: 93.60%
Val: loss=0.3836, acc=10525/10975 (95.90%)
Epoch 76 [0/84843] Loss: 0.582711
Epoch 76 [35000/84843] Loss: 0.403945
Epoch 76 [70000/84843] Loss: 0.513525
Epoch 76 - Avg Loss: 0.431370 | Train Acc: 93.79%
Val: loss=0.3924, acc=10487/10975 (95.55%)
Epoch 77 [0/84843] Loss: 0.452672
Epoch 77 [35000/84843] Loss: 0.413663
Epoch 77 [70000/84843] Loss: 0.413256
Epoch 77 - Avg Loss: 0.431643 | Train Acc: 93.79%
Val: loss=0.3932, acc=10503/10975 (95.70%)
Epoch 78 [0/84843] Loss: 0.552886
Epoch 78 [35000/84843] Loss: 0.428522
Epoch 78 [70000/84843] Loss: 0.542493
Epoch 78 - Avg Loss: 0.431282 | Train Acc: 93.75%
Val: loss=0.3895, acc=10511/10975 (95.77%)
Epoch 79 [0/84843] Loss: 0.531931
Epoch 79 [35000/84843] Loss: 0.354091
Epoch 79 [70000/84843] Loss: 0.360751
Epoch 79 - Avg Loss: 0.427446 | Train Acc: 93.96%
Val: loss=0.3793, acc=10556/10975 (96.18%)
saved best: 96.18%
Epoch 80 [0/84843] Loss: 0.402254
Epoch 80 [35000/84843] Loss: 0.481244
Epoch 80 [70000/84843] Loss: 0.330482
Epoch 80 - Avg Loss: 0.429935 | Train Acc: 93.84%
Val: loss=0.3813, acc=10543/10975 (96.06%)
Epoch 81 [0/84843] Loss: 0.382937
Epoch 81 [35000/84843] Loss: 0.411178
Epoch 81 [70000/84843] Loss: 0.475089
Epoch 81 - Avg Loss: 0.432178 | Train Acc: 93.74%
Val: loss=0.3904, acc=10503/10975 (95.70%)
Epoch 82 [0/84843] Loss: 0.451705
Epoch 82 [35000/84843] Loss: 0.458571
Epoch 82 [70000/84843] Loss: 0.598023
Epoch 82 - Avg Loss: 0.430386 | Train Acc: 93.90%
Val: loss=0.3804, acc=10542/10975 (96.05%)
Epoch 83 [0/84843] Loss: 0.416532
Epoch 83 [35000/84843] Loss: 0.435087
Epoch 83 [70000/84843] Loss: 0.474213
Epoch 83 - Avg Loss: 0.433168 | Train Acc: 93.77%
Val: loss=0.3743, acc=10558/10975 (96.20%)
saved best: 96.20%
Epoch 84 [0/84843] Loss: 0.611186
Epoch 84 [35000/84843] Loss: 0.474725
Epoch 84 [70000/84843] Loss: 0.452892
Epoch 84 - Avg Loss: 0.427669 | Train Acc: 93.98%
Val: loss=0.3755, acc=10567/10975 (96.28%)
saved best: 96.28%
Epoch 85 [0/84843] Loss: 0.360069
Epoch 85 [35000/84843] Loss: 0.427158
Epoch 85 [70000/84843] Loss: 0.562760
Epoch 85 - Avg Loss: 0.424852 | Train Acc: 94.04%
Val: loss=0.3761, acc=10543/10975 (96.06%)
Epoch 86 [0/84843] Loss: 0.503583
Epoch 86 [35000/84843] Loss: 0.336496
Epoch 86 [70000/84843] Loss: 0.367535
Epoch 86 - Avg Loss: 0.425702 | Train Acc: 93.98%
Val: loss=0.3724, acc=10592/10975 (96.51%)
saved best: 96.51%
Epoch 87 [0/84843] Loss: 0.432834
Epoch 87 [35000/84843] Loss: 0.458271
Epoch 87 [70000/84843] Loss: 0.482935
Epoch 87 - Avg Loss: 0.429688 | Train Acc: 93.85%
Val: loss=0.3869, acc=10520/10975 (95.85%)
Epoch 88 [0/84843] Loss: 0.464715
Epoch 88 [35000/84843] Loss: 0.338849
Epoch 88 [70000/84843] Loss: 0.676164
Epoch 88 - Avg Loss: 0.424995 | Train Acc: 94.06%
Val: loss=0.3825, acc=10531/10975 (95.95%)
Epoch 89 [0/84843] Loss: 0.350524
Epoch 89 [35000/84843] Loss: 0.506850
Epoch 89 [70000/84843] Loss: 0.685523
Epoch 89 - Avg Loss: 0.425124 | Train Acc: 94.06%
Val: loss=0.3729, acc=10571/10975 (96.32%)
Epoch 90 [0/84843] Loss: 0.486295
Epoch 90 [35000/84843] Loss: 0.483324
Epoch 90 [70000/84843] Loss: 0.528256
Epoch 90 - Avg Loss: 0.421982 | Train Acc: 94.20%
Val: loss=0.3763, acc=10563/10975 (96.25%)
Epoch 91 [0/84843] Loss: 0.362835
Epoch 91 [35000/84843] Loss: 0.440117
Epoch 91 [70000/84843] Loss: 0.412166
Epoch 91 - Avg Loss: 0.424815 | Train Acc: 94.00%
Val: loss=0.3887, acc=10500/10975 (95.67%)
Epoch 92 [0/84843] Loss: 0.288744
Epoch 92 [35000/84843] Loss: 0.523038
Epoch 92 [70000/84843] Loss: 0.464377
Epoch 92 - Avg Loss: 0.426862 | Train Acc: 93.92%
Val: loss=0.3783, acc=10543/10975 (96.06%)
Epoch 93 [0/84843] Loss: 0.838819
Epoch 93 [35000/84843] Loss: 0.342452
Epoch 93 [70000/84843] Loss: 0.357682
Epoch 93 - Avg Loss: 0.424308 | Train Acc: 94.07%
Val: loss=0.3835, acc=10524/10975 (95.89%)
Epoch 94 [0/84843] Loss: 0.388465
Epoch 94 [35000/84843] Loss: 0.335272
Epoch 94 [70000/84843] Loss: 0.367913
Epoch 94 - Avg Loss: 0.419990 | Train Acc: 94.26%
Val: loss=0.3787, acc=10544/10975 (96.07%)
Epoch 95 [0/84843] Loss: 0.327236
Epoch 95 [35000/84843] Loss: 0.337421
Epoch 95 [70000/84843] Loss: 0.372734
Epoch 95 - Avg Loss: 0.419323 | Train Acc: 94.17%
Val: loss=0.3744, acc=10565/10975 (96.26%)
Epoch 96 [0/84843] Loss: 0.370065
Epoch 96 [35000/84843] Loss: 0.543877
Epoch 96 [70000/84843] Loss: 0.548497
Epoch 96 - Avg Loss: 0.423789 | Train Acc: 94.10%
Val: loss=0.3738, acc=10575/10975 (96.36%)
Epoch 97 [0/84843] Loss: 0.359161
Epoch 97 [35000/84843] Loss: 0.427985
Epoch 97 [70000/84843] Loss: 0.378021
Epoch 97 - Avg Loss: 0.421045 | Train Acc: 94.17%
Val: loss=0.3761, acc=10549/10975 (96.12%)
Epoch 98 [0/84843] Loss: 0.331835
Epoch 98 [35000/84843] Loss: 0.437430
Epoch 98 [70000/84843] Loss: 0.532344
Epoch 98 - Avg Loss: 0.422854 | Train Acc: 94.10%
Val: loss=0.3835, acc=10535/10975 (95.99%)
Epoch 99 [0/84843] Loss: 0.312062
Epoch 99 [35000/84843] Loss: 0.584332
Epoch 99 [70000/84843] Loss: 0.413394
Epoch 99 - Avg Loss: 0.422186 | Train Acc: 94.18%
Val: loss=0.3716, acc=10573/10975 (96.34%)
Epoch 100 [0/84843] Loss: 0.349180
Epoch 100 [35000/84843] Loss: 0.371968
Epoch 100 [70000/84843] Loss: 0.633556
Epoch 100 - Avg Loss: 0.414080 | Train Acc: 94.46%
Val: loss=0.3780, acc=10562/10975 (96.24%)
Epoch 101 [0/84843] Loss: 0.300997
Epoch 101 [35000/84843] Loss: 0.605722
Epoch 101 [70000/84843] Loss: 0.452031
Epoch 101 - Avg Loss: 0.417314 | Train Acc: 94.34%
Val: loss=0.3739, acc=10564/10975 (96.26%)
Epoch 102 [0/84843] Loss: 0.459941
Epoch 102 [35000/84843] Loss: 0.312668
Epoch 102 [70000/84843] Loss: 0.314305
Epoch 102 - Avg Loss: 0.412085 | Train Acc: 94.56%
Val: loss=0.3922, acc=10495/10975 (95.63%)
Epoch 103 [0/84843] Loss: 0.432979
Epoch 103 [35000/84843] Loss: 0.306595
Epoch 103 [70000/84843] Loss: 0.363215
Epoch 103 - Avg Loss: 0.417263 | Train Acc: 94.37%
Val: loss=0.3742, acc=10560/10975 (96.22%)
Epoch 104 [0/84843] Loss: 0.383679
Epoch 104 [35000/84843] Loss: 0.311367
Epoch 104 [70000/84843] Loss: 0.358518
Epoch 104 - Avg Loss: 0.419949 | Train Acc: 94.25%
Val: loss=0.3741, acc=10552/10975 (96.15%)
Epoch 105 [0/84843] Loss: 0.617360
Epoch 105 [35000/84843] Loss: 0.434207
Epoch 105 [70000/84843] Loss: 0.343301
Epoch 105 - Avg Loss: 0.419954 | Train Acc: 94.23%
Val: loss=0.3819, acc=10528/10975 (95.93%)
Epoch 106 [0/84843] Loss: 0.343288
Epoch 106 [35000/84843] Loss: 0.416507
Epoch 106 [70000/84843] Loss: 0.355503
Epoch 106 - Avg Loss: 0.417436 | Train Acc: 94.32%
Val: loss=0.3841, acc=10514/10975 (95.80%)
Epoch 107 [0/84843] Loss: 0.464343
Epoch 107 [35000/84843] Loss: 0.293679
Epoch 107 [70000/84843] Loss: 0.396729
Epoch 107 - Avg Loss: 0.414144 | Train Acc: 94.46%
Val: loss=0.3726, acc=10558/10975 (96.20%)
Epoch 108 [0/84843] Loss: 0.357581
Epoch 108 [35000/84843] Loss: 0.365264
Epoch 108 [70000/84843] Loss: 0.502513
Epoch 108 - Avg Loss: 0.414235 | Train Acc: 94.46%
Val: loss=0.3767, acc=10552/10975 (96.15%)
Epoch 109 [0/84843] Loss: 0.460782
Epoch 109 [35000/84843] Loss: 0.398250
Epoch 109 [70000/84843] Loss: 0.352398
Epoch 109 - Avg Loss: 0.414432 | Train Acc: 94.43%
Val: loss=0.3777, acc=10541/10975 (96.05%)
Epoch 110 [0/84843] Loss: 0.449516
Epoch 110 [35000/84843] Loss: 0.669552
Epoch 110 [70000/84843] Loss: 0.487503
Epoch 110 - Avg Loss: 0.415388 | Train Acc: 94.37%
Val: loss=0.3799, acc=10529/10975 (95.94%)
Epoch 111 [0/84843] Loss: 0.377326
Epoch 111 [35000/84843] Loss: 0.446285
Epoch 111 [70000/84843] Loss: 0.393754
Epoch 111 - Avg Loss: 0.416146 | Train Acc: 94.43%
Val: loss=0.3790, acc=10548/10975 (96.11%)
Epoch 112 [0/84843] Loss: 0.403351
Epoch 112 [35000/84843] Loss: 0.512195
Epoch 112 [70000/84843] Loss: 0.447357
Epoch 112 - Avg Loss: 0.416091 | Train Acc: 94.41%
Val: loss=0.3756, acc=10558/10975 (96.20%)
Epoch 113 [0/84843] Loss: 0.370587
Epoch 113 [35000/84843] Loss: 0.452974
Epoch 113 [70000/84843] Loss: 0.425906
Epoch 113 - Avg Loss: 0.414757 | Train Acc: 94.38%
Val: loss=0.3851, acc=10531/10975 (95.95%)
Epoch 114 [0/84843] Loss: 0.642272
Epoch 114 [35000/84843] Loss: 0.469033
Epoch 114 [70000/84843] Loss: 0.306936
Epoch 114 - Avg Loss: 0.413395 | Train Acc: 94.47%
Val: loss=0.3719, acc=10572/10975 (96.33%)
Epoch 115 [0/84843] Loss: 0.526210
Epoch 115 [35000/84843] Loss: 0.332903
Epoch 115 [70000/84843] Loss: 0.324784
Epoch 115 - Avg Loss: 0.414722 | Train Acc: 94.43%
Val: loss=0.3743, acc=10572/10975 (96.33%)
Epoch 116 [0/84843] Loss: 0.427140
Epoch 116 [35000/84843] Loss: 0.310444
Epoch 116 [70000/84843] Loss: 0.360352
Epoch 116 - Avg Loss: 0.410129 | Train Acc: 94.62%
Val: loss=0.3791, acc=10547/10975 (96.10%)
Epoch 117 [0/84843] Loss: 0.328775
Epoch 117 [35000/84843] Loss: 0.298361
Epoch 117 [70000/84843] Loss: 0.391386
Epoch 117 - Avg Loss: 0.408423 | Train Acc: 94.65%
Val: loss=0.3753, acc=10543/10975 (96.06%)
Epoch 118 [0/84843] Loss: 0.330515
Epoch 118 [35000/84843] Loss: 0.505208
Epoch 118 [70000/84843] Loss: 0.348469
Epoch 118 - Avg Loss: 0.413543 | Train Acc: 94.48%
Val: loss=0.3786, acc=10560/10975 (96.22%)
Epoch 119 [0/84843] Loss: 0.379662
Epoch 119 [35000/84843] Loss: 0.350041
Epoch 119 [70000/84843] Loss: 0.314811
Epoch 119 - Avg Loss: 0.410144 | Train Acc: 94.57%
Val: loss=0.3722, acc=10567/10975 (96.28%)
Epoch 120 [0/84843] Loss: 0.462104
Epoch 120 [35000/84843] Loss: 0.499394
Epoch 120 [70000/84843] Loss: 0.543447
Epoch 120 - Avg Loss: 0.412093 | Train Acc: 94.57%
Val: loss=0.3764, acc=10562/10975 (96.24%)
Epoch 121 [0/84843] Loss: 0.352807
Epoch 121 [35000/84843] Loss: 0.313085
Epoch 121 [70000/84843] Loss: 0.459266
Epoch 121 - Avg Loss: 0.410671 | Train Acc: 94.57%
Val: loss=0.3742, acc=10576/10975 (96.36%)
Epoch 122 [0/84843] Loss: 0.355053
Epoch 122 [35000/84843] Loss: 0.472748
Epoch 122 [70000/84843] Loss: 0.318105
Epoch 122 - Avg Loss: 0.412072 | Train Acc: 94.52%
Val: loss=0.3785, acc=10561/10975 (96.23%)
Epoch 123 [0/84843] Loss: 0.388411
Epoch 123 [35000/84843] Loss: 0.399755
Epoch 123 [70000/84843] Loss: 0.390980
Epoch 123 - Avg Loss: 0.408645 | Train Acc: 94.60%
Val: loss=0.3741, acc=10560/10975 (96.22%)
Epoch 124 [0/84843] Loss: 0.289639
Epoch 124 [35000/84843] Loss: 0.321115
Epoch 124 [70000/84843] Loss: 0.411235
Epoch 124 - Avg Loss: 0.412098 | Train Acc: 94.57%
Val: loss=0.3784, acc=10559/10975 (96.21%)
Epoch 125 [0/84843] Loss: 0.436815
Epoch 125 [35000/84843] Loss: 0.395332
Epoch 125 [70000/84843] Loss: 0.432419
Epoch 125 - Avg Loss: 0.412194 | Train Acc: 94.52%
Val: loss=0.3807, acc=10525/10975 (95.90%)
Epoch 126 [0/84843] Loss: 0.310565
Epoch 126 [35000/84843] Loss: 0.284524
Epoch 126 [70000/84843] Loss: 0.292467
Epoch 126 - Avg Loss: 0.409961 | Train Acc: 94.60%
Val: loss=0.3754, acc=10584/10975 (96.44%)
Epoch 127 [0/84843] Loss: 0.577260
Epoch 127 [35000/84843] Loss: 0.432259
Epoch 127 [70000/84843] Loss: 0.457630
Epoch 127 - Avg Loss: 0.407446 | Train Acc: 94.72%
Val: loss=0.3727, acc=10593/10975 (96.52%)
saved best: 96.52%
Epoch 128 [0/84843] Loss: 0.438413
Epoch 128 [35000/84843] Loss: 0.460705
Epoch 128 [70000/84843] Loss: 0.314641
Epoch 128 - Avg Loss: 0.406892 | Train Acc: 94.78%
Val: loss=0.3716, acc=10589/10975 (96.48%)
Epoch 129 [0/84843] Loss: 0.358651
Epoch 129 [35000/84843] Loss: 0.294312
Epoch 129 [70000/84843] Loss: 0.308633
Epoch 129 - Avg Loss: 0.407073 | Train Acc: 94.68%
Val: loss=0.3688, acc=10583/10975 (96.43%)
Epoch 130 [0/84843] Loss: 0.369177
Epoch 130 [35000/84843] Loss: 0.341150
Epoch 130 [70000/84843] Loss: 0.468874
Epoch 130 - Avg Loss: 0.409042 | Train Acc: 94.62%
Val: loss=0.3772, acc=10553/10975 (96.15%)
Epoch 131 [0/84843] Loss: 0.304207
Epoch 131 [35000/84843] Loss: 0.647117
Epoch 131 [70000/84843] Loss: 0.407189
Epoch 131 - Avg Loss: 0.407609 | Train Acc: 94.79%
Val: loss=0.3708, acc=10585/10975 (96.45%)
Epoch 132 [0/84843] Loss: 0.381935
Epoch 132 [35000/84843] Loss: 0.364013
Epoch 132 [70000/84843] Loss: 0.382758
Epoch 132 - Avg Loss: 0.407658 | Train Acc: 94.71%
Val: loss=0.3757, acc=10560/10975 (96.22%)
Epoch 133 [0/84843] Loss: 0.561795
Epoch 133 [35000/84843] Loss: 0.281684
Epoch 133 [70000/84843] Loss: 0.327114
Epoch 133 - Avg Loss: 0.408508 | Train Acc: 94.63%
Val: loss=0.3812, acc=10543/10975 (96.06%)
Epoch 134 [0/84843] Loss: 0.348065
Epoch 134 [35000/84843] Loss: 0.359156
Epoch 134 [70000/84843] Loss: 0.444600
Epoch 134 - Avg Loss: 0.404128 | Train Acc: 94.86%
Val: loss=0.3775, acc=10554/10975 (96.16%)
Epoch 135 [0/84843] Loss: 0.335546
Epoch 135 [35000/84843] Loss: 0.399939
Epoch 135 [70000/84843] Loss: 0.327840
Epoch 135 - Avg Loss: 0.405141 | Train Acc: 94.74%
Val: loss=0.3744, acc=10559/10975 (96.21%)
Epoch 136 [0/84843] Loss: 0.349423
Epoch 136 [35000/84843] Loss: 0.319749
Epoch 136 [70000/84843] Loss: 0.420870
Epoch 136 - Avg Loss: 0.402810 | Train Acc: 94.87%
Val: loss=0.3684, acc=10595/10975 (96.54%)
saved best: 96.54%
Epoch 137 [0/84843] Loss: 0.366152
Epoch 137 [35000/84843] Loss: 0.382504
Epoch 137 [70000/84843] Loss: 0.394527
Epoch 137 - Avg Loss: 0.407094 | Train Acc: 94.70%
Val: loss=0.3747, acc=10555/10975 (96.17%)
Epoch 138 [0/84843] Loss: 0.386727
Epoch 138 [35000/84843] Loss: 0.574361
Epoch 138 [70000/84843] Loss: 0.325039
Epoch 138 - Avg Loss: 0.403260 | Train Acc: 94.92%
Val: loss=0.3694, acc=10594/10975 (96.53%)
Epoch 139 [0/84843] Loss: 0.370754
Epoch 139 [35000/84843] Loss: 0.336793
Epoch 139 [70000/84843] Loss: 0.386571
Epoch 139 - Avg Loss: 0.405096 | Train Acc: 94.79%
Val: loss=0.3789, acc=10549/10975 (96.12%)
Epoch 140 [0/84843] Loss: 0.449328
Epoch 140 [35000/84843] Loss: 0.355159
Epoch 140 [70000/84843] Loss: 0.501290
Epoch 140 - Avg Loss: 0.405224 | Train Acc: 94.78%
Val: loss=0.3756, acc=10543/10975 (96.06%)
Epoch 141 [0/84843] Loss: 0.380934
Epoch 141 [35000/84843] Loss: 0.446062
Epoch 141 [70000/84843] Loss: 0.316061
Epoch 141 - Avg Loss: 0.400567 | Train Acc: 95.00%
Val: loss=0.3715, acc=10576/10975 (96.36%)
Epoch 142 [0/84843] Loss: 0.308869
Epoch 142 [35000/84843] Loss: 0.435525
Epoch 142 [70000/84843] Loss: 0.291100
Epoch 142 - Avg Loss: 0.400285 | Train Acc: 94.98%
Val: loss=0.3720, acc=10573/10975 (96.34%)
Epoch 143 [0/84843] Loss: 0.343306
Epoch 143 [35000/84843] Loss: 0.287671
Epoch 143 [70000/84843] Loss: 0.466942
Epoch 143 - Avg Loss: 0.401158 | Train Acc: 94.91%
Val: loss=0.3843, acc=10546/10975 (96.09%)
Epoch 144 [0/84843] Loss: 0.383835
Epoch 144 [35000/84843] Loss: 0.359147
Epoch 144 [70000/84843] Loss: 0.372795
Epoch 144 - Avg Loss: 0.402047 | Train Acc: 94.86%
Val: loss=0.3753, acc=10574/10975 (96.35%)
Epoch 145 [0/84843] Loss: 0.453886
Epoch 145 [35000/84843] Loss: 0.356836
Epoch 145 [70000/84843] Loss: 0.306426
Epoch 145 - Avg Loss: 0.406100 | Train Acc: 94.70%
Val: loss=0.3759, acc=10546/10975 (96.09%)
Epoch 146 [0/84843] Loss: 0.306971
Epoch 146 [35000/84843] Loss: 0.326483
Epoch 146 [70000/84843] Loss: 0.355247
Epoch 146 - Avg Loss: 0.401801 | Train Acc: 94.91%
Val: loss=0.3690, acc=10583/10975 (96.43%)
Epoch 147 [0/84843] Loss: 0.417865
Epoch 147 [35000/84843] Loss: 0.353388
Epoch 147 [70000/84843] Loss: 0.456725
Epoch 147 - Avg Loss: 0.400844 | Train Acc: 95.00%
Val: loss=0.3717, acc=10583/10975 (96.43%)
Epoch 148 [0/84843] Loss: 0.372316
Epoch 148 [35000/84843] Loss: 0.425760
Epoch 148 [70000/84843] Loss: 0.376597
Epoch 148 - Avg Loss: 0.404668 | Train Acc: 94.79%
Val: loss=0.3674, acc=10594/10975 (96.53%)
Epoch 149 [0/84843] Loss: 0.365725
Epoch 149 [35000/84843] Loss: 0.405197
Epoch 149 [70000/84843] Loss: 0.462503
Epoch 149 - Avg Loss: 0.402669 | Train Acc: 94.91%
Val: loss=0.3718, acc=10577/10975 (96.37%)
Epoch 150 [0/84843] Loss: 0.385860
Epoch 150 [35000/84843] Loss: 0.374073
Epoch 150 [70000/84843] Loss: 0.508407
Epoch 150 - Avg Loss: 0.401709 | Train Acc: 94.92%
Val: loss=0.3712, acc=10585/10975 (96.45%)
Epoch 151 [0/84843] Loss: 0.477794
Epoch 151 [35000/84843] Loss: 0.513093
Epoch 151 [70000/84843] Loss: 0.388422
Epoch 151 - Avg Loss: 0.397678 | Train Acc: 95.08%
Val: loss=0.3770, acc=10547/10975 (96.10%)
Epoch 152 [0/84843] Loss: 0.347251
Epoch 152 [35000/84843] Loss: 0.332106
Epoch 152 [70000/84843] Loss: 0.477953
Epoch 152 - Avg Loss: 0.400479 | Train Acc: 94.96%
Val: loss=0.3728, acc=10566/10975 (96.27%)
Epoch 153 [0/84843] Loss: 0.322515
Epoch 153 [35000/84843] Loss: 0.511460
Epoch 153 [70000/84843] Loss: 0.358922
Epoch 153 - Avg Loss: 0.401233 | Train Acc: 94.99%
Val: loss=0.3744, acc=10578/10975 (96.38%)
Epoch 154 [0/84843] Loss: 0.327508
Epoch 154 [35000/84843] Loss: 0.314168
Epoch 154 [70000/84843] Loss: 0.346235
Epoch 154 - Avg Loss: 0.397768 | Train Acc: 95.10%
Val: loss=0.3797, acc=10539/10975 (96.03%)
Epoch 155 [0/84843] Loss: 0.391418
Epoch 155 [35000/84843] Loss: 0.371391
Epoch 155 [70000/84843] Loss: 0.418904
Epoch 155 - Avg Loss: 0.401634 | Train Acc: 94.88%
Val: loss=0.3707, acc=10566/10975 (96.27%)
Epoch 156 [0/84843] Loss: 0.439814
Epoch 156 [35000/84843] Loss: 0.460531
Epoch 156 [70000/84843] Loss: 0.426287
Epoch 156 - Avg Loss: 0.398636 | Train Acc: 95.04%
Val: loss=0.3683, acc=10593/10975 (96.52%)
Epoch 157 [0/84843] Loss: 0.351454
Epoch 157 [35000/84843] Loss: 0.396865
Epoch 157 [70000/84843] Loss: 0.306707
Epoch 157 - Avg Loss: 0.395870 | Train Acc: 95.08%
Val: loss=0.3699, acc=10579/10975 (96.39%)
Epoch 158 [0/84843] Loss: 0.373414
Epoch 158 [35000/84843] Loss: 0.292637
Epoch 158 [70000/84843] Loss: 0.332158
Epoch 158 - Avg Loss: 0.402510 | Train Acc: 94.89%
Val: loss=0.3658, acc=10597/10975 (96.56%)
saved best: 96.56%
Epoch 159 [0/84843] Loss: 0.314729
Epoch 159 [35000/84843] Loss: 0.417433
Epoch 159 [70000/84843] Loss: 0.368533
Epoch 159 - Avg Loss: 0.395839 | Train Acc: 95.13%
Val: loss=0.3695, acc=10582/10975 (96.42%)
Epoch 160 [0/84843] Loss: 0.441438
Epoch 160 [35000/84843] Loss: 0.347121
Epoch 160 [70000/84843] Loss: 0.330391
Epoch 160 - Avg Loss: 0.398205 | Train Acc: 95.06%
Val: loss=0.3701, acc=10595/10975 (96.54%)
Epoch 161 [0/84843] Loss: 0.357770
Epoch 161 [35000/84843] Loss: 0.503005
Epoch 161 [70000/84843] Loss: 0.300947
Epoch 161 - Avg Loss: 0.399180 | Train Acc: 94.99%
Val: loss=0.3821, acc=10532/10975 (95.96%)
Epoch 162 [0/84843] Loss: 0.371506
Epoch 162 [35000/84843] Loss: 0.586704
Epoch 162 [70000/84843] Loss: 0.362081
Epoch 162 - Avg Loss: 0.400624 | Train Acc: 94.94%
Val: loss=0.3647, acc=10597/10975 (96.56%)
Epoch 163 [0/84843] Loss: 0.438702
Epoch 163 [35000/84843] Loss: 0.321872
Epoch 163 [70000/84843] Loss: 0.395019
Epoch 163 - Avg Loss: 0.397614 | Train Acc: 95.06%
Val: loss=0.3670, acc=10601/10975 (96.59%)
saved best: 96.59%
Epoch 164 [0/84843] Loss: 0.456288
Epoch 164 [35000/84843] Loss: 0.369570
Epoch 164 [70000/84843] Loss: 0.324276
Epoch 164 - Avg Loss: 0.396129 | Train Acc: 95.17%
Val: loss=0.3751, acc=10550/10975 (96.13%)
Epoch 165 [0/84843] Loss: 0.403806
Epoch 165 [35000/84843] Loss: 0.339260
Epoch 165 [70000/84843] Loss: 0.417402
Epoch 165 - Avg Loss: 0.395478 | Train Acc: 95.17%
Val: loss=0.3689, acc=10581/10975 (96.41%)
Epoch 166 [0/84843] Loss: 0.367531
Epoch 166 [35000/84843] Loss: 0.493463
Epoch 166 [70000/84843] Loss: 0.329948
Epoch 166 - Avg Loss: 0.400583 | Train Acc: 94.98%
Val: loss=0.3689, acc=10586/10975 (96.46%)
Epoch 167 [0/84843] Loss: 0.523575
Epoch 167 [35000/84843] Loss: 0.322798
Epoch 167 [70000/84843] Loss: 0.406491
Epoch 167 - Avg Loss: 0.399282 | Train Acc: 95.02%
Val: loss=0.3722, acc=10578/10975 (96.38%)
Epoch 168 [0/84843] Loss: 0.365189
Epoch 168 [35000/84843] Loss: 0.380589
Epoch 168 [70000/84843] Loss: 0.321054
Epoch 168 - Avg Loss: 0.396281 | Train Acc: 95.15%
Val: loss=0.3699, acc=10576/10975 (96.36%)
Epoch 169 [0/84843] Loss: 0.315774
Epoch 169 [35000/84843] Loss: 0.456467
Epoch 169 [70000/84843] Loss: 0.339091
Epoch 169 - Avg Loss: 0.401275 | Train Acc: 94.87%
Val: loss=0.3670, acc=10596/10975 (96.55%)
Epoch 170 [0/84843] Loss: 0.357601
Epoch 170 [35000/84843] Loss: 0.492752
Epoch 170 [70000/84843] Loss: 0.331795
Epoch 170 - Avg Loss: 0.397854 | Train Acc: 95.02%
Val: loss=0.3646, acc=10595/10975 (96.54%)
Epoch 171 [0/84843] Loss: 0.395027
Epoch 171 [35000/84843] Loss: 0.594039
Epoch 171 [70000/84843] Loss: 0.404214
Epoch 171 - Avg Loss: 0.394266 | Train Acc: 95.25%
Val: loss=0.3661, acc=10598/10975 (96.56%)
Epoch 172 [0/84843] Loss: 0.306539
Epoch 172 [35000/84843] Loss: 0.452051
Epoch 172 [70000/84843] Loss: 0.353921
Epoch 172 - Avg Loss: 0.395177 | Train Acc: 95.13%
Val: loss=0.3709, acc=10579/10975 (96.39%)
Epoch 173 [0/84843] Loss: 0.437183
Epoch 173 [35000/84843] Loss: 0.434423
Epoch 173 [70000/84843] Loss: 0.332422
Epoch 173 - Avg Loss: 0.395142 | Train Acc: 95.21%
Val: loss=0.3734, acc=10577/10975 (96.37%)
Epoch 174 [0/84843] Loss: 0.339157
Epoch 174 [35000/84843] Loss: 0.420227
Epoch 174 [70000/84843] Loss: 0.297359
Epoch 174 - Avg Loss: 0.395070 | Train Acc: 95.11%
Val: loss=0.3636, acc=10613/10975 (96.70%)
saved best: 96.70%
Epoch 175 [0/84843] Loss: 0.350628
Epoch 175 [35000/84843] Loss: 0.437255
Epoch 175 [70000/84843] Loss: 0.317908
Epoch 175 - Avg Loss: 0.397178 | Train Acc: 95.10%
Val: loss=0.3651, acc=10609/10975 (96.67%)
Epoch 176 [0/84843] Loss: 0.383587
Epoch 176 [35000/84843] Loss: 0.417616
Epoch 176 [70000/84843] Loss: 0.333464
Epoch 176 - Avg Loss: 0.395268 | Train Acc: 95.16%
Val: loss=0.3662, acc=10598/10975 (96.56%)
Epoch 177 [0/84843] Loss: 0.361764
Epoch 177 [35000/84843] Loss: 0.578319
Epoch 177 [70000/84843] Loss: 0.345781
Epoch 177 - Avg Loss: 0.392630 | Train Acc: 95.28%
Val: loss=0.3759, acc=10553/10975 (96.15%)
Epoch 178 [0/84843] Loss: 0.322607
Epoch 178 [35000/84843] Loss: 0.336129
Epoch 178 [70000/84843] Loss: 0.396755
Epoch 178 - Avg Loss: 0.393319 | Train Acc: 95.24%
Val: loss=0.3671, acc=10588/10975 (96.47%)
Epoch 179 [0/84843] Loss: 0.335365
Epoch 179 [35000/84843] Loss: 0.436740
Epoch 179 [70000/84843] Loss: 0.320581
Epoch 179 - Avg Loss: 0.394648 | Train Acc: 95.23%
Val: loss=0.3660, acc=10584/10975 (96.44%)
Epoch 180 [0/84843] Loss: 0.379455
Epoch 180 [35000/84843] Loss: 0.528152
Epoch 180 [70000/84843] Loss: 0.336044
Epoch 180 - Avg Loss: 0.393873 | Train Acc: 95.19%
Val: loss=0.3761, acc=10567/10975 (96.28%)
Epoch 181 [0/84843] Loss: 0.461106
Epoch 181 [35000/84843] Loss: 0.349115
Epoch 181 [70000/84843] Loss: 0.322780
Epoch 181 - Avg Loss: 0.393856 | Train Acc: 95.22%
Val: loss=0.3701, acc=10583/10975 (96.43%)
Epoch 182 [0/84843] Loss: 0.341311
Epoch 182 [35000/84843] Loss: 0.372801
Epoch 182 [70000/84843] Loss: 0.423708
Epoch 182 - Avg Loss: 0.393176 | Train Acc: 95.27%
Val: loss=0.3743, acc=10560/10975 (96.22%)
Epoch 183 [0/84843] Loss: 0.320037
Epoch 183 [35000/84843] Loss: 0.289244
Epoch 183 [70000/84843] Loss: 0.474115
Epoch 183 - Avg Loss: 0.392918 | Train Acc: 95.24%
Val: loss=0.3740, acc=10577/10975 (96.37%)
Epoch 184 [0/84843] Loss: 0.366518
Epoch 184 [35000/84843] Loss: 0.302988
Epoch 184 [70000/84843] Loss: 0.333972
Epoch 184 - Avg Loss: 0.393280 | Train Acc: 95.17%
Val: loss=0.3673, acc=10596/10975 (96.55%)
Epoch 185 [0/84843] Loss: 0.319184
Epoch 185 [35000/84843] Loss: 0.386110
Epoch 185 [70000/84843] Loss: 0.286861
Epoch 185 - Avg Loss: 0.389616 | Train Acc: 95.41%
Val: loss=0.3740, acc=10562/10975 (96.24%)
Epoch 186 [0/84843] Loss: 0.340919
Epoch 186 [35000/84843] Loss: 0.443465
Epoch 186 [70000/84843] Loss: 0.363280
Epoch 186 - Avg Loss: 0.389641 | Train Acc: 95.34%
Val: loss=0.3732, acc=10585/10975 (96.45%)
Epoch 187 [0/84843] Loss: 0.371144
Epoch 187 [35000/84843] Loss: 0.421797
Epoch 187 [70000/84843] Loss: 0.360376
Epoch 187 - Avg Loss: 0.394481 | Train Acc: 95.22%
Val: loss=0.3677, acc=10586/10975 (96.46%)
Epoch 188 [0/84843] Loss: 0.309607
Epoch 188 [35000/84843] Loss: 0.350456
Epoch 188 [70000/84843] Loss: 0.305986
Epoch 188 - Avg Loss: 0.391375 | Train Acc: 95.32%
Val: loss=0.3651, acc=10599/10975 (96.57%)
Epoch 189 [0/84843] Loss: 0.282698
Epoch 189 [35000/84843] Loss: 0.307904
Epoch 189 [70000/84843] Loss: 0.310555
Epoch 189 - Avg Loss: 0.394943 | Train Acc: 95.16%
Val: loss=0.3675, acc=10595/10975 (96.54%)
Epoch 190 [0/84843] Loss: 0.342010
Epoch 190 [35000/84843] Loss: 0.375052
Epoch 190 [70000/84843] Loss: 0.406736
Epoch 190 - Avg Loss: 0.393490 | Train Acc: 95.21%
Val: loss=0.3675, acc=10577/10975 (96.37%)
Epoch 191 [0/84843] Loss: 0.373122
Epoch 191 [35000/84843] Loss: 0.288586
Epoch 191 [70000/84843] Loss: 0.396340
Epoch 191 - Avg Loss: 0.393818 | Train Acc: 95.20%
Val: loss=0.3683, acc=10580/10975 (96.40%)
Epoch 192 [0/84843] Loss: 0.579031
Epoch 192 [35000/84843] Loss: 0.319988
Epoch 192 [70000/84843] Loss: 0.538377
Epoch 192 - Avg Loss: 0.390965 | Train Acc: 95.36%
Val: loss=0.3648, acc=10607/10975 (96.65%)
Epoch 193 [0/84843] Loss: 0.593805
Epoch 193 [35000/84843] Loss: 0.377337
Epoch 193 [70000/84843] Loss: 0.467690
Epoch 193 - Avg Loss: 0.389438 | Train Acc: 95.40%
Val: loss=0.3640, acc=10607/10975 (96.65%)
Epoch 194 [0/84843] Loss: 0.351214
Epoch 194 [35000/84843] Loss: 0.313186
Epoch 194 [70000/84843] Loss: 0.294088
Epoch 194 - Avg Loss: 0.393392 | Train Acc: 95.25%
Val: loss=0.3667, acc=10588/10975 (96.47%)
Epoch 195 [0/84843] Loss: 0.514624
Epoch 195 [35000/84843] Loss: 0.322385
Epoch 195 [70000/84843] Loss: 0.284331
Epoch 195 - Avg Loss: 0.391394 | Train Acc: 95.33%
Val: loss=0.3649, acc=10593/10975 (96.52%)
Epoch 196 [0/84843] Loss: 0.386893
Epoch 196 [35000/84843] Loss: 0.298475
Epoch 196 [70000/84843] Loss: 0.447792
Epoch 196 - Avg Loss: 0.388031 | Train Acc: 95.41%
Val: loss=0.3643, acc=10598/10975 (96.56%)
Epoch 197 [0/84843] Loss: 0.344876
Epoch 197 [35000/84843] Loss: 0.514152
Epoch 197 [70000/84843] Loss: 0.637036
Epoch 197 - Avg Loss: 0.390550 | Train Acc: 95.28%
Val: loss=0.3665, acc=10596/10975 (96.55%)
Epoch 198 [0/84843] Loss: 0.349590
Epoch 198 [35000/84843] Loss: 0.345351
Epoch 198 [70000/84843] Loss: 0.335775
Epoch 198 - Avg Loss: 0.391119 | Train Acc: 95.30%
Val: loss=0.3662, acc=10601/10975 (96.59%)
Epoch 199 [0/84843] Loss: 0.286165
Epoch 199 [35000/84843] Loss: 0.404613
Epoch 199 [70000/84843] Loss: 0.479232
Epoch 199 - Avg Loss: 0.392369 | Train Acc: 95.26%
Val: loss=0.3677, acc=10598/10975 (96.56%)
Epoch 200 [0/84843] Loss: 0.411417
Epoch 200 [35000/84843] Loss: 0.487185
Epoch 200 [70000/84843] Loss: 0.295132
Epoch 200 - Avg Loss: 0.388201 | Train Acc: 95.44%
Val: loss=0.3644, acc=10597/10975 (96.56%)
Epoch 201 [0/84843] Loss: 0.323033
Epoch 201 [35000/84843] Loss: 0.448121
Epoch 201 [70000/84843] Loss: 0.358850
Epoch 201 - Avg Loss: 0.389393 | Train Acc: 95.40%
Val: loss=0.3615, acc=10618/10975 (96.75%)
saved best: 96.75%
Epoch 202 [0/84843] Loss: 0.529021
Epoch 202 [35000/84843] Loss: 0.475293
Epoch 202 [70000/84843] Loss: 0.353223
Epoch 202 - Avg Loss: 0.390496 | Train Acc: 95.32%
Val: loss=0.3625, acc=10618/10975 (96.75%)
Epoch 203 [0/84843] Loss: 0.487989
Epoch 203 [35000/84843] Loss: 0.380048
Epoch 203 [70000/84843] Loss: 0.502530
Epoch 203 - Avg Loss: 0.388439 | Train Acc: 95.42%
Val: loss=0.3671, acc=10602/10975 (96.60%)
Epoch 204 [0/84843] Loss: 0.386982
Epoch 204 [35000/84843] Loss: 0.301646
Epoch 204 [70000/84843] Loss: 0.359150
Epoch 204 - Avg Loss: 0.387057 | Train Acc: 95.45%
Val: loss=0.3656, acc=10592/10975 (96.51%)
Epoch 205 [0/84843] Loss: 0.470455
Epoch 205 [35000/84843] Loss: 0.432084
Epoch 205 [70000/84843] Loss: 0.325573
Epoch 205 - Avg Loss: 0.389800 | Train Acc: 95.38%
Val: loss=0.3641, acc=10598/10975 (96.56%)
Epoch 206 [0/84843] Loss: 0.363435
Epoch 206 [35000/84843] Loss: 0.282573
Epoch 206 [70000/84843] Loss: 0.398673
Epoch 206 - Avg Loss: 0.385727 | Train Acc: 95.54%
Val: loss=0.3642, acc=10596/10975 (96.55%)
Epoch 207 [0/84843] Loss: 0.417241
Epoch 207 [35000/84843] Loss: 0.323564
Epoch 207 [70000/84843] Loss: 0.457670
Epoch 207 - Avg Loss: 0.391696 | Train Acc: 95.25%
Val: loss=0.3677, acc=10577/10975 (96.37%)
Epoch 208 [0/84843] Loss: 0.392356
Epoch 208 [35000/84843] Loss: 0.352258
Epoch 208 [70000/84843] Loss: 0.356538
Epoch 208 - Avg Loss: 0.384213 | Train Acc: 95.57%
Val: loss=0.3621, acc=10605/10975 (96.63%)
Epoch 209 [0/84843] Loss: 0.318580
Epoch 209 [35000/84843] Loss: 0.320422
Epoch 209 [70000/84843] Loss: 0.321461
Epoch 209 - Avg Loss: 0.387663 | Train Acc: 95.44%
Val: loss=0.3663, acc=10600/10975 (96.58%)
Epoch 210 [0/84843] Loss: 0.415892
Epoch 210 [35000/84843] Loss: 0.444353
Epoch 210 [70000/84843] Loss: 0.476019
Epoch 210 - Avg Loss: 0.387391 | Train Acc: 95.47%
Val: loss=0.3678, acc=10593/10975 (96.52%)
Epoch 211 [0/84843] Loss: 0.358202
Epoch 211 [35000/84843] Loss: 0.338293
Epoch 211 [70000/84843] Loss: 0.320788
Epoch 211 - Avg Loss: 0.383691 | Train Acc: 95.63%
Val: loss=0.3685, acc=10597/10975 (96.56%)
Epoch 212 [0/84843] Loss: 0.529542
Epoch 212 [35000/84843] Loss: 0.366151
Epoch 212 [70000/84843] Loss: 0.444500
Epoch 212 - Avg Loss: 0.386936 | Train Acc: 95.35%
Val: loss=0.3672, acc=10599/10975 (96.57%)
Epoch 213 [0/84843] Loss: 0.318000
Epoch 213 [35000/84843] Loss: 0.282073
Epoch 213 [70000/84843] Loss: 0.442284
Epoch 213 - Avg Loss: 0.389002 | Train Acc: 95.39%
Val: loss=0.3692, acc=10581/10975 (96.41%)
Epoch 214 [0/84843] Loss: 0.412869
Epoch 214 [35000/84843] Loss: 0.345104
Epoch 214 [70000/84843] Loss: 0.420516
Epoch 214 - Avg Loss: 0.384772 | Train Acc: 95.56%
Val: loss=0.3666, acc=10587/10975 (96.46%)
Epoch 215 [0/84843] Loss: 0.341262
Epoch 215 [35000/84843] Loss: 0.500259
Epoch 215 [70000/84843] Loss: 0.561645
Epoch 215 - Avg Loss: 0.386018 | Train Acc: 95.54%
Val: loss=0.3643, acc=10609/10975 (96.67%)
Epoch 216 [0/84843] Loss: 0.379737
Epoch 216 [35000/84843] Loss: 0.394445
Epoch 216 [70000/84843] Loss: 0.422737
Epoch 216 - Avg Loss: 0.385031 | Train Acc: 95.58%
Val: loss=0.3649, acc=10614/10975 (96.71%)
Epoch 217 [0/84843] Loss: 0.384559
Epoch 217 [35000/84843] Loss: 0.305712
Epoch 217 [70000/84843] Loss: 0.387890
Epoch 217 - Avg Loss: 0.385519 | Train Acc: 95.58%
Val: loss=0.3651, acc=10604/10975 (96.62%)
Epoch 218 [0/84843] Loss: 0.291596
Epoch 218 [35000/84843] Loss: 0.407268
Epoch 218 [70000/84843] Loss: 0.361969
Epoch 218 - Avg Loss: 0.380385 | Train Acc: 95.72%
Val: loss=0.3666, acc=10597/10975 (96.56%)
Epoch 219 [0/84843] Loss: 0.391906
Epoch 219 [35000/84843] Loss: 0.315774
Epoch 219 [70000/84843] Loss: 0.430723
Epoch 219 - Avg Loss: 0.385138 | Train Acc: 95.54%
Val: loss=0.3629, acc=10590/10975 (96.49%)
Epoch 220 [0/84843] Loss: 0.373339
Epoch 220 [35000/84843] Loss: 0.286683
Epoch 220 [70000/84843] Loss: 0.276865
Epoch 220 - Avg Loss: 0.385555 | Train Acc: 95.52%
Val: loss=0.3652, acc=10609/10975 (96.67%)
Epoch 221 [0/84843] Loss: 0.346940
Epoch 221 [35000/84843] Loss: 0.440047
Epoch 221 [70000/84843] Loss: 0.666399
Epoch 221 - Avg Loss: 0.385810 | Train Acc: 95.61%
Val: loss=0.3658, acc=10602/10975 (96.60%)
Epoch 222 [0/84843] Loss: 0.337553
Epoch 222 [35000/84843] Loss: 0.341100
Epoch 222 [70000/84843] Loss: 0.300447
Epoch 222 - Avg Loss: 0.383640 | Train Acc: 95.65%
Val: loss=0.3657, acc=10596/10975 (96.55%)
Epoch 223 [0/84843] Loss: 0.373083
Epoch 223 [35000/84843] Loss: 0.309345
Epoch 223 [70000/84843] Loss: 0.315878
Epoch 223 - Avg Loss: 0.380951 | Train Acc: 95.74%
Val: loss=0.3599, acc=10618/10975 (96.75%)
Epoch 224 [0/84843] Loss: 0.550588
Epoch 224 [35000/84843] Loss: 0.289826
Epoch 224 [70000/84843] Loss: 0.289571
Epoch 224 - Avg Loss: 0.386379 | Train Acc: 95.55%
Val: loss=0.3680, acc=10587/10975 (96.46%)
Epoch 225 [0/84843] Loss: 0.490599
Epoch 225 [35000/84843] Loss: 0.381135
Epoch 225 [70000/84843] Loss: 0.344684
Epoch 225 - Avg Loss: 0.384900 | Train Acc: 95.53%
Val: loss=0.3629, acc=10598/10975 (96.56%)
Epoch 226 [0/84843] Loss: 0.415444
Epoch 226 [35000/84843] Loss: 0.417795
Epoch 226 [70000/84843] Loss: 0.345154
Epoch 226 - Avg Loss: 0.384718 | Train Acc: 95.59%
Val: loss=0.3634, acc=10597/10975 (96.56%)
Epoch 227 [0/84843] Loss: 0.287439
Epoch 227 [35000/84843] Loss: 0.430035
Epoch 227 [70000/84843] Loss: 0.329863
Epoch 227 - Avg Loss: 0.381393 | Train Acc: 95.69%
Val: loss=0.3679, acc=10601/10975 (96.59%)
Epoch 228 [0/84843] Loss: 0.355829
Epoch 228 [35000/84843] Loss: 0.273518
Epoch 228 [70000/84843] Loss: 0.282178
Epoch 228 - Avg Loss: 0.385373 | Train Acc: 95.49%
Val: loss=0.3638, acc=10599/10975 (96.57%)
Epoch 229 [0/84843] Loss: 0.464845
Epoch 229 [35000/84843] Loss: 0.614998
Epoch 229 [70000/84843] Loss: 0.518066
Epoch 229 - Avg Loss: 0.380678 | Train Acc: 95.72%
Val: loss=0.3642, acc=10613/10975 (96.70%)
Epoch 230 [0/84843] Loss: 0.477391
Epoch 230 [35000/84843] Loss: 0.410702
Epoch 230 [70000/84843] Loss: 0.382136
Epoch 230 - Avg Loss: 0.383662 | Train Acc: 95.60%
Val: loss=0.3620, acc=10633/10975 (96.88%)
saved best: 96.88%
Epoch 231 [0/84843] Loss: 0.361749
Epoch 231 [35000/84843] Loss: 0.449174
Epoch 231 [70000/84843] Loss: 0.304658
Epoch 231 - Avg Loss: 0.381817 | Train Acc: 95.70%
Val: loss=0.3622, acc=10610/10975 (96.67%)
Epoch 232 [0/84843] Loss: 0.438433
Epoch 232 [35000/84843] Loss: 0.298433
Epoch 232 [70000/84843] Loss: 0.344792
Epoch 232 - Avg Loss: 0.381777 | Train Acc: 95.67%
Val: loss=0.3649, acc=10606/10975 (96.64%)
Epoch 233 [0/84843] Loss: 0.526912
Epoch 233 [35000/84843] Loss: 0.390870
Epoch 233 [70000/84843] Loss: 0.527651
Epoch 233 - Avg Loss: 0.379881 | Train Acc: 95.69%
Val: loss=0.3617, acc=10613/10975 (96.70%)
Epoch 234 [0/84843] Loss: 0.315045
Epoch 234 [35000/84843] Loss: 0.396677
Epoch 234 [70000/84843] Loss: 0.359557
Epoch 234 - Avg Loss: 0.379482 | Train Acc: 95.72%
Val: loss=0.3638, acc=10594/10975 (96.53%)
Epoch 235 [0/84843] Loss: 0.305970
Epoch 235 [35000/84843] Loss: 0.493665
Epoch 235 [70000/84843] Loss: 0.481009
Epoch 235 - Avg Loss: 0.381737 | Train Acc: 95.69%
Val: loss=0.3573, acc=10633/10975 (96.88%)
Epoch 236 [0/84843] Loss: 0.507534
Epoch 236 [35000/84843] Loss: 0.365523
Epoch 236 [70000/84843] Loss: 0.276093
Epoch 236 - Avg Loss: 0.380799 | Train Acc: 95.72%
Val: loss=0.3616, acc=10629/10975 (96.85%)
Epoch 237 [0/84843] Loss: 0.400328
Epoch 237 [35000/84843] Loss: 0.455052
Epoch 237 [70000/84843] Loss: 0.374366
Epoch 237 - Avg Loss: 0.379546 | Train Acc: 95.73%
Val: loss=0.3618, acc=10618/10975 (96.75%)
Epoch 238 [0/84843] Loss: 0.326651
Epoch 238 [35000/84843] Loss: 0.374931
Epoch 238 [70000/84843] Loss: 0.393166
Epoch 238 - Avg Loss: 0.379052 | Train Acc: 95.77%
Val: loss=0.3594, acc=10625/10975 (96.81%)
Epoch 239 [0/84843] Loss: 0.481980
Epoch 239 [35000/84843] Loss: 0.455385
Epoch 239 [70000/84843] Loss: 0.376833
Epoch 239 - Avg Loss: 0.381605 | Train Acc: 95.69%
Val: loss=0.3572, acc=10649/10975 (97.03%)
saved best: 97.03%
Epoch 240 [0/84843] Loss: 0.457854
Epoch 240 [35000/84843] Loss: 0.294161
Epoch 240 [70000/84843] Loss: 0.289530
Epoch 240 - Avg Loss: 0.378571 | Train Acc: 95.75%
Val: loss=0.3611, acc=10619/10975 (96.76%)
Epoch 241 [0/84843] Loss: 0.352554
Epoch 241 [35000/84843] Loss: 0.320019
Epoch 241 [70000/84843] Loss: 0.392027
Epoch 241 - Avg Loss: 0.380021 | Train Acc: 95.79%
Val: loss=0.3659, acc=10607/10975 (96.65%)
Epoch 242 [0/84843] Loss: 0.337728
Epoch 242 [35000/84843] Loss: 0.299656
Epoch 242 [70000/84843] Loss: 0.329333
Epoch 242 - Avg Loss: 0.379474 | Train Acc: 95.76%
Val: loss=0.3605, acc=10636/10975 (96.91%)
Epoch 243 [0/84843] Loss: 0.327994
Epoch 243 [35000/84843] Loss: 0.445353
Epoch 243 [70000/84843] Loss: 0.489827
Epoch 243 - Avg Loss: 0.377961 | Train Acc: 95.86%
Val: loss=0.3629, acc=10611/10975 (96.68%)
Epoch 244 [0/84843] Loss: 0.398867
Epoch 244 [35000/84843] Loss: 0.419899
Epoch 244 [70000/84843] Loss: 0.289929
Epoch 244 - Avg Loss: 0.377661 | Train Acc: 95.80%
Val: loss=0.3601, acc=10627/10975 (96.83%)
Epoch 245 [0/84843] Loss: 0.374894
Epoch 245 [35000/84843] Loss: 0.414260
Epoch 245 [70000/84843] Loss: 0.332191
Epoch 245 - Avg Loss: 0.378340 | Train Acc: 95.80%
Val: loss=0.3594, acc=10628/10975 (96.84%)
Epoch 246 [0/84843] Loss: 0.299010
Epoch 246 [35000/84843] Loss: 0.419092
Epoch 246 [70000/84843] Loss: 0.315021
Epoch 246 - Avg Loss: 0.379205 | Train Acc: 95.78%
Val: loss=0.3573, acc=10624/10975 (96.80%)
Epoch 247 [0/84843] Loss: 0.363184
Epoch 247 [35000/84843] Loss: 0.370804
Epoch 247 [70000/84843] Loss: 0.292666
Epoch 247 - Avg Loss: 0.379293 | Train Acc: 95.70%
Val: loss=0.3616, acc=10612/10975 (96.69%)
Epoch 248 [0/84843] Loss: 0.319278
Epoch 248 [35000/84843] Loss: 0.320757
Epoch 248 [70000/84843] Loss: 0.370153
Epoch 248 - Avg Loss: 0.375697 | Train Acc: 95.85%
Val: loss=0.3587, acc=10619/10975 (96.76%)
Epoch 249 [0/84843] Loss: 0.391725
Epoch 249 [35000/84843] Loss: 0.345052
Epoch 249 [70000/84843] Loss: 0.350229
Epoch 249 - Avg Loss: 0.373946 | Train Acc: 95.97%
Val: loss=0.3657, acc=10593/10975 (96.52%)
Epoch 250 [0/84843] Loss: 0.347886
Epoch 250 [35000/84843] Loss: 0.389668
Epoch 250 [70000/84843] Loss: 0.474984
Epoch 250 - Avg Loss: 0.376568 | Train Acc: 95.92%
Val: loss=0.3617, acc=10613/10975 (96.70%)
Epoch 251 [0/84843] Loss: 0.515093
Epoch 251 [35000/84843] Loss: 0.393196
Epoch 251 [70000/84843] Loss: 0.345850
Epoch 251 - Avg Loss: 0.379244 | Train Acc: 95.79%
Val: loss=0.3631, acc=10615/10975 (96.72%)
Epoch 252 [0/84843] Loss: 0.331898
Epoch 252 [35000/84843] Loss: 0.343061
Epoch 252 [70000/84843] Loss: 0.310371
Epoch 252 - Avg Loss: 0.376348 | Train Acc: 95.97%
Val: loss=0.3580, acc=10627/10975 (96.83%)
Epoch 253 [0/84843] Loss: 0.376584
Epoch 253 [35000/84843] Loss: 0.360280
Epoch 253 [70000/84843] Loss: 0.485585
Epoch 253 - Avg Loss: 0.376001 | Train Acc: 95.91%
Val: loss=0.3591, acc=10632/10975 (96.87%)
Epoch 254 [0/84843] Loss: 0.304235
Epoch 254 [35000/84843] Loss: 0.287987
Epoch 254 [70000/84843] Loss: 0.323834
Epoch 254 - Avg Loss: 0.376175 | Train Acc: 95.89%
Val: loss=0.3620, acc=10612/10975 (96.69%)
Epoch 255 [0/84843] Loss: 0.323636
Epoch 255 [35000/84843] Loss: 0.314765
Epoch 255 [70000/84843] Loss: 0.327114
Epoch 255 - Avg Loss: 0.373629 | Train Acc: 96.02%
Val: loss=0.3607, acc=10625/10975 (96.81%)
Epoch 256 [0/84843] Loss: 0.417176
Epoch 256 [35000/84843] Loss: 0.481789
Epoch 256 [70000/84843] Loss: 0.411710
Epoch 256 - Avg Loss: 0.372692 | Train Acc: 96.04%
Val: loss=0.3592, acc=10622/10975 (96.78%)
Epoch 257 [0/84843] Loss: 0.626881
Epoch 257 [35000/84843] Loss: 0.410161
Epoch 257 [70000/84843] Loss: 0.329159
Epoch 257 - Avg Loss: 0.377378 | Train Acc: 95.84%
Val: loss=0.3590, acc=10631/10975 (96.87%)
Epoch 258 [0/84843] Loss: 0.335755
Epoch 258 [35000/84843] Loss: 0.366239
Epoch 258 [70000/84843] Loss: 0.358564
Epoch 258 - Avg Loss: 0.373533 | Train Acc: 95.98%
Val: loss=0.3611, acc=10609/10975 (96.67%)
Epoch 259 [0/84843] Loss: 0.466220
Epoch 259 [35000/84843] Loss: 0.372272
Epoch 259 [70000/84843] Loss: 0.300933
Epoch 259 - Avg Loss: 0.376936 | Train Acc: 95.86%
Val: loss=0.3655, acc=10604/10975 (96.62%)
Epoch 260 [0/84843] Loss: 0.324821
Epoch 260 [35000/84843] Loss: 0.336920
Epoch 260 [70000/84843] Loss: 0.285615
Epoch 260 - Avg Loss: 0.376471 | Train Acc: 95.88%
Val: loss=0.3610, acc=10621/10975 (96.77%)
Epoch 261 [0/84843] Loss: 0.292784
Epoch 261 [35000/84843] Loss: 0.297541
Epoch 261 [70000/84843] Loss: 0.373965
Epoch 261 - Avg Loss: 0.374898 | Train Acc: 95.92%
Val: loss=0.3613, acc=10619/10975 (96.76%)
Epoch 262 [0/84843] Loss: 0.342353
Epoch 262 [35000/84843] Loss: 0.327762
Epoch 262 [70000/84843] Loss: 0.429390
Epoch 262 - Avg Loss: 0.376448 | Train Acc: 95.86%
Val: loss=0.3611, acc=10616/10975 (96.73%)
Epoch 263 [0/84843] Loss: 0.313660
Epoch 263 [35000/84843] Loss: 0.433383
Epoch 263 [70000/84843] Loss: 0.502378
Epoch 263 - Avg Loss: 0.375774 | Train Acc: 95.87%
Val: loss=0.3598, acc=10631/10975 (96.87%)
Epoch 264 [0/84843] Loss: 0.327009
Epoch 264 [35000/84843] Loss: 0.347470
Epoch 264 [70000/84843] Loss: 0.359796
Epoch 264 - Avg Loss: 0.374309 | Train Acc: 95.91%
Val: loss=0.3576, acc=10626/10975 (96.82%)
Epoch 265 [0/84843] Loss: 0.497754
Epoch 265 [35000/84843] Loss: 0.463433
Epoch 265 [70000/84843] Loss: 0.332913
Epoch 265 - Avg Loss: 0.376818 | Train Acc: 95.88%
Val: loss=0.3607, acc=10631/10975 (96.87%)
Epoch 266 [0/84843] Loss: 0.437129
Epoch 266 [35000/84843] Loss: 0.457692
Epoch 266 [70000/84843] Loss: 0.413842
Epoch 266 - Avg Loss: 0.374035 | Train Acc: 95.99%
Val: loss=0.3628, acc=10605/10975 (96.63%)
Epoch 267 [0/84843] Loss: 0.628511
Epoch 267 [35000/84843] Loss: 0.349178
Epoch 267 [70000/84843] Loss: 0.338832
Epoch 267 - Avg Loss: 0.374138 | Train Acc: 95.97%
Val: loss=0.3606, acc=10621/10975 (96.77%)
Epoch 268 [0/84843] Loss: 0.313073
Epoch 268 [35000/84843] Loss: 0.292239
Epoch 268 [70000/84843] Loss: 0.308942
Epoch 268 - Avg Loss: 0.373951 | Train Acc: 96.00%
Val: loss=0.3634, acc=10615/10975 (96.72%)
Epoch 269 [0/84843] Loss: 0.285858
Epoch 269 [35000/84843] Loss: 0.335451
Epoch 269 [70000/84843] Loss: 0.425227
Epoch 269 - Avg Loss: 0.375199 | Train Acc: 95.91%
Val: loss=0.3628, acc=10625/10975 (96.81%)
Epoch 270 [0/84843] Loss: 0.331774
Epoch 270 [35000/84843] Loss: 0.364781
Epoch 270 [70000/84843] Loss: 0.323969
Epoch 270 - Avg Loss: 0.370828 | Train Acc: 96.09%
Val: loss=0.3573, acc=10650/10975 (97.04%)
saved best: 97.04%
Epoch 271 [0/84843] Loss: 0.355083
Epoch 271 [35000/84843] Loss: 0.339118
Epoch 271 [70000/84843] Loss: 0.287695
Epoch 271 - Avg Loss: 0.375879 | Train Acc: 95.91%
Val: loss=0.3554, acc=10630/10975 (96.86%)
Epoch 272 [0/84843] Loss: 0.279272
Epoch 272 [35000/84843] Loss: 0.344527
Epoch 272 [70000/84843] Loss: 0.334054
Epoch 272 - Avg Loss: 0.374592 | Train Acc: 95.93%
Val: loss=0.3587, acc=10636/10975 (96.91%)
Epoch 273 [0/84843] Loss: 0.279692
Epoch 273 [35000/84843] Loss: 0.476171
Epoch 273 [70000/84843] Loss: 0.377181
Epoch 273 - Avg Loss: 0.372644 | Train Acc: 95.97%
Val: loss=0.3578, acc=10634/10975 (96.89%)
Epoch 274 [0/84843] Loss: 0.337224
Epoch 274 [35000/84843] Loss: 0.404160
Epoch 274 [70000/84843] Loss: 0.291346
Epoch 274 - Avg Loss: 0.371938 | Train Acc: 96.06%
Val: loss=0.3590, acc=10626/10975 (96.82%)
Epoch 275 [0/84843] Loss: 0.408375
Epoch 275 [35000/84843] Loss: 0.322073
Epoch 275 [70000/84843] Loss: 0.449366
Epoch 275 - Avg Loss: 0.370877 | Train Acc: 96.10%
Val: loss=0.3619, acc=10617/10975 (96.74%)
Epoch 276 [0/84843] Loss: 0.364656
Epoch 276 [35000/84843] Loss: 0.442425
Epoch 276 [70000/84843] Loss: 0.296422
Epoch 276 - Avg Loss: 0.371578 | Train Acc: 96.08%
Val: loss=0.3598, acc=10625/10975 (96.81%)
Epoch 277 [0/84843] Loss: 0.430615
Epoch 277 [35000/84843] Loss: 0.315551
Epoch 277 [70000/84843] Loss: 0.461761
Epoch 277 - Avg Loss: 0.374038 | Train Acc: 95.95%
Val: loss=0.3570, acc=10640/10975 (96.95%)
Epoch 278 [0/84843] Loss: 0.471355
Epoch 278 [35000/84843] Loss: 0.463414
Epoch 278 [70000/84843] Loss: 0.353295
Epoch 278 - Avg Loss: 0.370430 | Train Acc: 96.10%
Val: loss=0.3562, acc=10640/10975 (96.95%)
Epoch 279 [0/84843] Loss: 0.397888
Epoch 279 [35000/84843] Loss: 0.761502
Epoch 279 [70000/84843] Loss: 0.293758
Epoch 279 - Avg Loss: 0.371957 | Train Acc: 96.11%
Val: loss=0.3596, acc=10618/10975 (96.75%)
Epoch 280 [0/84843] Loss: 0.372469
Epoch 280 [35000/84843] Loss: 0.313147
Epoch 280 [70000/84843] Loss: 0.340145
Epoch 280 - Avg Loss: 0.371892 | Train Acc: 96.08%
Val: loss=0.3583, acc=10627/10975 (96.83%)
Epoch 281 [0/84843] Loss: 0.381745
Epoch 281 [35000/84843] Loss: 0.306778
Epoch 281 [70000/84843] Loss: 0.344196
Epoch 281 - Avg Loss: 0.372216 | Train Acc: 96.03%
Val: loss=0.3565, acc=10627/10975 (96.83%)
Epoch 282 [0/84843] Loss: 0.328087
Epoch 282 [35000/84843] Loss: 0.537839
Epoch 282 [70000/84843] Loss: 0.297191
Epoch 282 - Avg Loss: 0.370761 | Train Acc: 96.15%
Val: loss=0.3577, acc=10636/10975 (96.91%)
Epoch 283 [0/84843] Loss: 0.332866
Epoch 283 [35000/84843] Loss: 0.287936
Epoch 283 [70000/84843] Loss: 0.339683
Epoch 283 - Avg Loss: 0.368578 | Train Acc: 96.22%
Val: loss=0.3589, acc=10627/10975 (96.83%)
Epoch 284 [0/84843] Loss: 0.456150
Epoch 284 [35000/84843] Loss: 0.357628
Epoch 284 [70000/84843] Loss: 0.564850
Epoch 284 - Avg Loss: 0.368469 | Train Acc: 96.12%
Val: loss=0.3654, acc=10603/10975 (96.61%)
Epoch 285 [0/84843] Loss: 0.396893
Epoch 285 [35000/84843] Loss: 0.410466
Epoch 285 [70000/84843] Loss: 0.310171
Epoch 285 - Avg Loss: 0.366746 | Train Acc: 96.24%
Val: loss=0.3607, acc=10618/10975 (96.75%)
Epoch 286 [0/84843] Loss: 0.326824
Epoch 286 [35000/84843] Loss: 0.325629
Epoch 286 [70000/84843] Loss: 0.329396
Epoch 286 - Avg Loss: 0.371224 | Train Acc: 96.04%
Val: loss=0.3619, acc=10627/10975 (96.83%)
Epoch 287 [0/84843] Loss: 0.341149
Epoch 287 [35000/84843] Loss: 0.492062
Epoch 287 [70000/84843] Loss: 0.340286
Epoch 287 - Avg Loss: 0.368859 | Train Acc: 96.18%
Val: loss=0.3534, acc=10650/10975 (97.04%)
Epoch 288 [0/84843] Loss: 0.320557
Epoch 288 [35000/84843] Loss: 0.345530
Epoch 288 [70000/84843] Loss: 0.418797
Epoch 288 - Avg Loss: 0.369905 | Train Acc: 96.16%
Val: loss=0.3557, acc=10651/10975 (97.05%)
saved best: 97.05%
Epoch 289 [0/84843] Loss: 0.329117
Epoch 289 [35000/84843] Loss: 0.359170
Epoch 289 [70000/84843] Loss: 0.369583
Epoch 289 - Avg Loss: 0.369010 | Train Acc: 96.12%
Val: loss=0.3598, acc=10613/10975 (96.70%)
Epoch 290 [0/84843] Loss: 0.367976
Epoch 290 [35000/84843] Loss: 0.473737
Epoch 290 [70000/84843] Loss: 0.372712
Epoch 290 - Avg Loss: 0.367933 | Train Acc: 96.23%
Val: loss=0.3577, acc=10639/10975 (96.94%)
Epoch 291 [0/84843] Loss: 0.294576
Epoch 291 [35000/84843] Loss: 0.389853
Epoch 291 [70000/84843] Loss: 0.378251
Epoch 291 - Avg Loss: 0.368796 | Train Acc: 96.21%
Val: loss=0.3584, acc=10626/10975 (96.82%)
Epoch 292 [0/84843] Loss: 0.325083
Epoch 292 [35000/84843] Loss: 0.406839
Epoch 292 [70000/84843] Loss: 0.396068
Epoch 292 - Avg Loss: 0.367198 | Train Acc: 96.30%
Val: loss=0.3567, acc=10629/10975 (96.85%)
Epoch 293 [0/84843] Loss: 0.405670
Epoch 293 [35000/84843] Loss: 0.377554
Epoch 293 [70000/84843] Loss: 0.393322
Epoch 293 - Avg Loss: 0.366748 | Train Acc: 96.29%
Val: loss=0.3595, acc=10627/10975 (96.83%)
Epoch 294 [0/84843] Loss: 0.281479
Epoch 294 [35000/84843] Loss: 0.338684
Epoch 294 [70000/84843] Loss: 0.360407
Epoch 294 - Avg Loss: 0.366695 | Train Acc: 96.29%
Val: loss=0.3606, acc=10618/10975 (96.75%)
Epoch 295 [0/84843] Loss: 0.542843
Epoch 295 [35000/84843] Loss: 0.323767
Epoch 295 [70000/84843] Loss: 0.397861
Epoch 295 - Avg Loss: 0.369016 | Train Acc: 96.15%
Val: loss=0.3573, acc=10630/10975 (96.86%)
Epoch 296 [0/84843] Loss: 0.325764
Epoch 296 [35000/84843] Loss: 0.387201
Epoch 296 [70000/84843] Loss: 0.360076
Epoch 296 - Avg Loss: 0.369536 | Train Acc: 96.18%
Val: loss=0.3568, acc=10636/10975 (96.91%)
Epoch 297 [0/84843] Loss: 0.350391
Epoch 297 [35000/84843] Loss: 0.354604
Epoch 297 [70000/84843] Loss: 0.320428
Epoch 297 - Avg Loss: 0.365847 | Train Acc: 96.30%
Val: loss=0.3592, acc=10613/10975 (96.70%)
Epoch 298 [0/84843] Loss: 0.311439
Epoch 298 [35000/84843] Loss: 0.287113
Epoch 298 [70000/84843] Loss: 0.312072
Epoch 298 - Avg Loss: 0.369350 | Train Acc: 96.16%
Val: loss=0.3556, acc=10644/10975 (96.98%)
Epoch 299 [0/84843] Loss: 0.328265
Epoch 299 [35000/84843] Loss: 0.332471
Epoch 299 [70000/84843] Loss: 0.430027
Epoch 299 - Avg Loss: 0.367302 | Train Acc: 96.25%
Val: loss=0.3559, acc=10637/10975 (96.92%)
Epoch 300 [0/84843] Loss: 0.403505
Epoch 300 [35000/84843] Loss: 0.313762
Epoch 300 [70000/84843] Loss: 0.443559
Epoch 300 - Avg Loss: 0.365877 | Train Acc: 96.29%
Val: loss=0.3550, acc=10652/10975 (97.06%)
saved best: 97.06%
Epoch 301 [0/84843] Loss: 0.300627
Epoch 301 [35000/84843] Loss: 0.305253
Epoch 301 [70000/84843] Loss: 0.365037
Epoch 301 - Avg Loss: 0.368988 | Train Acc: 96.16%
Val: loss=0.3527, acc=10652/10975 (97.06%)
Epoch 302 [0/84843] Loss: 0.347328
Epoch 302 [35000/84843] Loss: 0.400397
Epoch 302 [70000/84843] Loss: 0.380265
Epoch 302 - Avg Loss: 0.365930 | Train Acc: 96.36%
Val: loss=0.3519, acc=10654/10975 (97.08%)
saved best: 97.08%
Epoch 303 [0/84843] Loss: 0.486716
Epoch 303 [35000/84843] Loss: 0.405798
Epoch 303 [70000/84843] Loss: 0.316369
Epoch 303 - Avg Loss: 0.366412 | Train Acc: 96.26%
Val: loss=0.3587, acc=10620/10975 (96.77%)
Epoch 304 [0/84843] Loss: 0.355489
Epoch 304 [35000/84843] Loss: 0.339410
Epoch 304 [70000/84843] Loss: 0.304988
Epoch 304 - Avg Loss: 0.366123 | Train Acc: 96.30%
Val: loss=0.3534, acc=10644/10975 (96.98%)
Epoch 305 [0/84843] Loss: 0.307082
Epoch 305 [35000/84843] Loss: 0.291771
Epoch 305 [70000/84843] Loss: 0.303825
Epoch 305 - Avg Loss: 0.368261 | Train Acc: 96.16%
Val: loss=0.3536, acc=10646/10975 (97.00%)
Epoch 306 [0/84843] Loss: 0.298178
Epoch 306 [35000/84843] Loss: 0.320331
Epoch 306 [70000/84843] Loss: 0.292573
Epoch 306 - Avg Loss: 0.363246 | Train Acc: 96.41%
Val: loss=0.3557, acc=10645/10975 (96.99%)
Epoch 307 [0/84843] Loss: 0.331463
Epoch 307 [35000/84843] Loss: 0.411583
Epoch 307 [70000/84843] Loss: 0.358073
Epoch 307 - Avg Loss: 0.364245 | Train Acc: 96.37%
Val: loss=0.3573, acc=10633/10975 (96.88%)
Epoch 308 [0/84843] Loss: 0.290359
Epoch 308 [35000/84843] Loss: 0.314799
Epoch 308 [70000/84843] Loss: 0.434700
Epoch 308 - Avg Loss: 0.364303 | Train Acc: 96.34%
Val: loss=0.3561, acc=10637/10975 (96.92%)
Epoch 309 [0/84843] Loss: 0.328009
Epoch 309 [35000/84843] Loss: 0.376933
Epoch 309 [70000/84843] Loss: 0.325820
Epoch 309 - Avg Loss: 0.363782 | Train Acc: 96.38%
Val: loss=0.3546, acc=10646/10975 (97.00%)
Epoch 310 [0/84843] Loss: 0.328812
Epoch 310 [35000/84843] Loss: 0.304660
Epoch 310 [70000/84843] Loss: 0.320700
Epoch 310 - Avg Loss: 0.366378 | Train Acc: 96.29%
Val: loss=0.3555, acc=10645/10975 (96.99%)
Epoch 311 [0/84843] Loss: 0.317902
Epoch 311 [35000/84843] Loss: 0.296677
Epoch 311 [70000/84843] Loss: 0.469481
Epoch 311 - Avg Loss: 0.366570 | Train Acc: 96.27%
Val: loss=0.3514, acc=10662/10975 (97.15%)
saved best: 97.15%
Epoch 312 [0/84843] Loss: 0.320754
Epoch 312 [35000/84843] Loss: 0.349970
Epoch 312 [70000/84843] Loss: 0.370344
Epoch 312 - Avg Loss: 0.363487 | Train Acc: 96.36%
Val: loss=0.3560, acc=10652/10975 (97.06%)
Epoch 313 [0/84843] Loss: 0.314942
Epoch 313 [35000/84843] Loss: 0.337971
Epoch 313 [70000/84843] Loss: 0.307425
Epoch 313 - Avg Loss: 0.364570 | Train Acc: 96.36%
Val: loss=0.3540, acc=10644/10975 (96.98%)
Epoch 314 [0/84843] Loss: 0.289850
Epoch 314 [35000/84843] Loss: 0.303674
Epoch 314 [70000/84843] Loss: 0.487280
Epoch 314 - Avg Loss: 0.365411 | Train Acc: 96.29%
Val: loss=0.3530, acc=10647/10975 (97.01%)
Epoch 315 [0/84843] Loss: 0.324849
Epoch 315 [35000/84843] Loss: 0.343620
Epoch 315 [70000/84843] Loss: 0.339760
Epoch 315 - Avg Loss: 0.361254 | Train Acc: 96.47%
Val: loss=0.3550, acc=10639/10975 (96.94%)
Epoch 316 [0/84843] Loss: 0.342883
Epoch 316 [35000/84843] Loss: 0.350575
Epoch 316 [70000/84843] Loss: 0.303334
Epoch 316 - Avg Loss: 0.364107 | Train Acc: 96.39%
Val: loss=0.3550, acc=10632/10975 (96.87%)
Epoch 317 [0/84843] Loss: 0.345729
Epoch 317 [35000/84843] Loss: 0.645690
Epoch 317 [70000/84843] Loss: 0.355851
Epoch 317 - Avg Loss: 0.362923 | Train Acc: 96.38%
Val: loss=0.3556, acc=10634/10975 (96.89%)
Epoch 318 [0/84843] Loss: 0.304304
Epoch 318 [35000/84843] Loss: 0.326879
Epoch 318 [70000/84843] Loss: 0.293498
Epoch 318 - Avg Loss: 0.361727 | Train Acc: 96.44%
Val: loss=0.3533, acc=10646/10975 (97.00%)
Epoch 319 [0/84843] Loss: 0.395600
Epoch 319 [35000/84843] Loss: 0.299652
Epoch 319 [70000/84843] Loss: 0.341772
Epoch 319 - Avg Loss: 0.362611 | Train Acc: 96.41%
Val: loss=0.3530, acc=10657/10975 (97.10%)
Epoch 320 [0/84843] Loss: 0.415809
Epoch 320 [35000/84843] Loss: 0.324107
Epoch 320 [70000/84843] Loss: 0.342254
Epoch 320 - Avg Loss: 0.360601 | Train Acc: 96.51%
Val: loss=0.3538, acc=10639/10975 (96.94%)
Epoch 321 [0/84843] Loss: 0.411238
Epoch 321 [35000/84843] Loss: 0.305819
Epoch 321 [70000/84843] Loss: 0.272382
Epoch 321 - Avg Loss: 0.363800 | Train Acc: 96.33%
Val: loss=0.3538, acc=10641/10975 (96.96%)
Epoch 322 [0/84843] Loss: 0.456273
Epoch 322 [35000/84843] Loss: 0.316354
Epoch 322 [70000/84843] Loss: 0.322765
Epoch 322 - Avg Loss: 0.360386 | Train Acc: 96.57%
Val: loss=0.3535, acc=10641/10975 (96.96%)
Epoch 323 [0/84843] Loss: 0.511591
Epoch 323 [35000/84843] Loss: 0.458057
Epoch 323 [70000/84843] Loss: 0.281658
Epoch 323 - Avg Loss: 0.359930 | Train Acc: 96.57%
Val: loss=0.3579, acc=10622/10975 (96.78%)
Epoch 324 [0/84843] Loss: 0.299820
Epoch 324 [35000/84843] Loss: 0.365433
Epoch 324 [70000/84843] Loss: 0.323756
Epoch 324 - Avg Loss: 0.362799 | Train Acc: 96.42%
Val: loss=0.3583, acc=10627/10975 (96.83%)
Epoch 325 [0/84843] Loss: 0.371139
Epoch 325 [35000/84843] Loss: 0.402897
Epoch 325 [70000/84843] Loss: 0.405017
Epoch 325 - Avg Loss: 0.361863 | Train Acc: 96.45%
Val: loss=0.3547, acc=10640/10975 (96.95%)
Epoch 326 [0/84843] Loss: 0.411633
Epoch 326 [35000/84843] Loss: 0.373687
Epoch 326 [70000/84843] Loss: 0.348501
Epoch 326 - Avg Loss: 0.362301 | Train Acc: 96.43%
Val: loss=0.3544, acc=10647/10975 (97.01%)
Epoch 327 [0/84843] Loss: 0.375207
Epoch 327 [35000/84843] Loss: 0.316425
Epoch 327 [70000/84843] Loss: 0.332248
Epoch 327 - Avg Loss: 0.362615 | Train Acc: 96.42%
Val: loss=0.3552, acc=10640/10975 (96.95%)
Epoch 328 [0/84843] Loss: 0.335912
Epoch 328 [35000/84843] Loss: 0.336876
Epoch 328 [70000/84843] Loss: 0.327403
Epoch 328 - Avg Loss: 0.361093 | Train Acc: 96.51%
Val: loss=0.3546, acc=10645/10975 (96.99%)
Epoch 329 [0/84843] Loss: 0.417515
Epoch 329 [35000/84843] Loss: 0.452606
Epoch 329 [70000/84843] Loss: 0.295092
Epoch 329 - Avg Loss: 0.364462 | Train Acc: 96.36%
Val: loss=0.3560, acc=10646/10975 (97.00%)
Epoch 330 [0/84843] Loss: 0.284325
Epoch 330 [35000/84843] Loss: 0.447166
Epoch 330 [70000/84843] Loss: 0.344286
Epoch 330 - Avg Loss: 0.359982 | Train Acc: 96.57%
Val: loss=0.3550, acc=10646/10975 (97.00%)
Epoch 331 [0/84843] Loss: 0.404269
Epoch 331 [35000/84843] Loss: 0.308016
Epoch 331 [70000/84843] Loss: 0.522513
Epoch 331 - Avg Loss: 0.362590 | Train Acc: 96.47%
Val: loss=0.3537, acc=10651/10975 (97.05%)
Epoch 332 [0/84843] Loss: 0.329979
Epoch 332 [35000/84843] Loss: 0.316969
Epoch 332 [70000/84843] Loss: 0.395248
Epoch 332 - Avg Loss: 0.359952 | Train Acc: 96.49%
Val: loss=0.3536, acc=10655/10975 (97.08%)
Epoch 333 [0/84843] Loss: 0.399336
Epoch 333 [35000/84843] Loss: 0.274263
Epoch 333 [70000/84843] Loss: 0.283628
Epoch 333 - Avg Loss: 0.358546 | Train Acc: 96.59%
Val: loss=0.3563, acc=10638/10975 (96.93%)
Epoch 334 [0/84843] Loss: 0.457363
Epoch 334 [35000/84843] Loss: 0.432156
Epoch 334 [70000/84843] Loss: 0.293572
Epoch 334 - Avg Loss: 0.361446 | Train Acc: 96.45%
Val: loss=0.3542, acc=10649/10975 (97.03%)
Epoch 335 [0/84843] Loss: 0.276931
Epoch 335 [35000/84843] Loss: 0.312692
Epoch 335 [70000/84843] Loss: 0.348220
Epoch 335 - Avg Loss: 0.363355 | Train Acc: 96.36%
Val: loss=0.3536, acc=10656/10975 (97.09%)
Epoch 336 [0/84843] Loss: 0.400941
Epoch 336 [35000/84843] Loss: 0.335841
Epoch 336 [70000/84843] Loss: 0.283915
Epoch 336 - Avg Loss: 0.358945 | Train Acc: 96.55%
Val: loss=0.3537, acc=10646/10975 (97.00%)
Epoch 337 [0/84843] Loss: 0.308670
Epoch 337 [35000/84843] Loss: 0.376410
Epoch 337 [70000/84843] Loss: 0.390884
Epoch 337 - Avg Loss: 0.360635 | Train Acc: 96.49%
Val: loss=0.3532, acc=10657/10975 (97.10%)
Epoch 338 [0/84843] Loss: 0.314141
Epoch 338 [35000/84843] Loss: 0.327589
Epoch 338 [70000/84843] Loss: 0.355112
Epoch 338 - Avg Loss: 0.360359 | Train Acc: 96.51%
Val: loss=0.3538, acc=10648/10975 (97.02%)
Epoch 339 [0/84843] Loss: 0.432163
Epoch 339 [35000/84843] Loss: 0.377488
Epoch 339 [70000/84843] Loss: 0.393491
Epoch 339 - Avg Loss: 0.358629 | Train Acc: 96.57%
Val: loss=0.3538, acc=10642/10975 (96.97%)
Epoch 340 [0/84843] Loss: 0.410098
Epoch 340 [35000/84843] Loss: 0.444010
Epoch 340 [70000/84843] Loss: 0.320993
Epoch 340 - Avg Loss: 0.357852 | Train Acc: 96.61%
Val: loss=0.3552, acc=10635/10975 (96.90%)
Epoch 341 [0/84843] Loss: 0.363489
Epoch 341 [35000/84843] Loss: 0.466053
Epoch 341 [70000/84843] Loss: 0.302824
Epoch 341 - Avg Loss: 0.359186 | Train Acc: 96.53%
Val: loss=0.3568, acc=10632/10975 (96.87%)
Epoch 342 [0/84843] Loss: 0.294044
Epoch 342 [35000/84843] Loss: 0.367967
Epoch 342 [70000/84843] Loss: 0.357140
Epoch 342 - Avg Loss: 0.357503 | Train Acc: 96.62%
Val: loss=0.3562, acc=10643/10975 (96.97%)
Epoch 343 [0/84843] Loss: 0.552484
Epoch 343 [35000/84843] Loss: 0.355250
Epoch 343 [70000/84843] Loss: 0.324036
Epoch 343 - Avg Loss: 0.357290 | Train Acc: 96.64%
Val: loss=0.3544, acc=10647/10975 (97.01%)
Epoch 344 [0/84843] Loss: 0.295998
Epoch 344 [35000/84843] Loss: 0.321454
Epoch 344 [70000/84843] Loss: 0.284603
Epoch 344 - Avg Loss: 0.358852 | Train Acc: 96.56%
Val: loss=0.3555, acc=10645/10975 (96.99%)
Epoch 345 [0/84843] Loss: 0.313845
Epoch 345 [35000/84843] Loss: 0.468261
Epoch 345 [70000/84843] Loss: 0.356006
Epoch 345 - Avg Loss: 0.361327 | Train Acc: 96.48%
Val: loss=0.3540, acc=10645/10975 (96.99%)
Epoch 346 [0/84843] Loss: 0.317463
Epoch 346 [35000/84843] Loss: 0.325235
Epoch 346 [70000/84843] Loss: 0.352206
Epoch 346 - Avg Loss: 0.359000 | Train Acc: 96.52%
Val: loss=0.3537, acc=10637/10975 (96.92%)
Epoch 347 [0/84843] Loss: 0.383987
Epoch 347 [35000/84843] Loss: 0.381751
Epoch 347 [70000/84843] Loss: 0.345898
Epoch 347 - Avg Loss: 0.358587 | Train Acc: 96.61%
Val: loss=0.3538, acc=10649/10975 (97.03%)
Epoch 348 [0/84843] Loss: 0.336606
Epoch 348 [35000/84843] Loss: 0.307649
Epoch 348 [70000/84843] Loss: 0.408743
Epoch 348 - Avg Loss: 0.357540 | Train Acc: 96.60%
Val: loss=0.3538, acc=10654/10975 (97.08%)
Epoch 349 [0/84843] Loss: 0.414611
Epoch 349 [35000/84843] Loss: 0.298853
Epoch 349 [70000/84843] Loss: 0.340500
Epoch 349 - Avg Loss: 0.359601 | Train Acc: 96.56%
Val: loss=0.3545, acc=10641/10975 (96.96%)
Epoch 350 [0/84843] Loss: 0.282480
Epoch 350 [35000/84843] Loss: 0.326989
Epoch 350 [70000/84843] Loss: 0.284689
Epoch 350 - Avg Loss: 0.357082 | Train Acc: 96.61%
Val: loss=0.3541, acc=10637/10975 (96.92%)
Epoch 351 [0/84843] Loss: 0.288139
Epoch 351 [35000/84843] Loss: 0.437140
Epoch 351 [70000/84843] Loss: 0.313305
Epoch 351 - Avg Loss: 0.358074 | Train Acc: 96.58%
Val: loss=0.3543, acc=10641/10975 (96.96%)
Epoch 352 [0/84843] Loss: 0.273327
Epoch 352 [35000/84843] Loss: 0.287836
Epoch 352 [70000/84843] Loss: 0.283406
Epoch 352 - Avg Loss: 0.359838 | Train Acc: 96.51%
Val: loss=0.3555, acc=10643/10975 (96.97%)
Epoch 353 [0/84843] Loss: 0.297969
Epoch 353 [35000/84843] Loss: 0.319403
Epoch 353 [70000/84843] Loss: 0.314592
Epoch 353 - Avg Loss: 0.359699 | Train Acc: 96.55%
Val: loss=0.3526, acc=10649/10975 (97.03%)
Epoch 354 [0/84843] Loss: 0.441578
Epoch 354 [35000/84843] Loss: 0.303398
Epoch 354 [70000/84843] Loss: 0.323821
Epoch 354 - Avg Loss: 0.358496 | Train Acc: 96.60%
Val: loss=0.3542, acc=10645/10975 (96.99%)
Epoch 355 [0/84843] Loss: 0.292676
Epoch 355 [35000/84843] Loss: 0.449076
Epoch 355 [70000/84843] Loss: 0.310929
Epoch 355 - Avg Loss: 0.356931 | Train Acc: 96.62%
Val: loss=0.3533, acc=10643/10975 (96.97%)
Epoch 356 [0/84843] Loss: 0.477365
Epoch 356 [35000/84843] Loss: 0.277262
Epoch 356 [70000/84843] Loss: 0.429308
Epoch 356 - Avg Loss: 0.356840 | Train Acc: 96.59%
Val: loss=0.3556, acc=10639/10975 (96.94%)
Epoch 357 [0/84843] Loss: 0.278178
Epoch 357 [35000/84843] Loss: 0.393905
Epoch 357 [70000/84843] Loss: 0.306626
Epoch 357 - Avg Loss: 0.359846 | Train Acc: 96.53%
Val: loss=0.3540, acc=10643/10975 (96.97%)
Epoch 358 [0/84843] Loss: 0.425251
Epoch 358 [35000/84843] Loss: 0.277241
Epoch 358 [70000/84843] Loss: 0.423407
Epoch 358 - Avg Loss: 0.362482 | Train Acc: 96.44%
Val: loss=0.3528, acc=10647/10975 (97.01%)
Epoch 359 [0/84843] Loss: 0.332148
Epoch 359 [35000/84843] Loss: 0.352948
Epoch 359 [70000/84843] Loss: 0.296523
Epoch 359 - Avg Loss: 0.358257 | Train Acc: 96.55%
Val: loss=0.3531, acc=10641/10975 (96.96%)
Epoch 360 [0/84843] Loss: 0.530510
Epoch 360 [35000/84843] Loss: 0.318174
Epoch 360 [70000/84843] Loss: 0.287594
Epoch 360 - Avg Loss: 0.358631 | Train Acc: 96.60%
Val: loss=0.3529, acc=10640/10975 (96.95%)
Epoch 361 [0/84843] Loss: 0.335624
Epoch 361 [35000/84843] Loss: 0.311161
Epoch 361 [70000/84843] Loss: 0.285965
Epoch 361 - Avg Loss: 0.356200 | Train Acc: 96.63%
Val: loss=0.3535, acc=10644/10975 (96.98%)
Epoch 362 [0/84843] Loss: 0.333787
Epoch 362 [35000/84843] Loss: 0.308690
Epoch 362 [70000/84843] Loss: 0.340786
Epoch 362 - Avg Loss: 0.359408 | Train Acc: 96.51%
Val: loss=0.3540, acc=10641/10975 (96.96%)
Epoch 363 [0/84843] Loss: 0.496999
Epoch 363 [35000/84843] Loss: 0.424077
Epoch 363 [70000/84843] Loss: 0.416359
Epoch 363 - Avg Loss: 0.358639 | Train Acc: 96.60%
Val: loss=0.3534, acc=10640/10975 (96.95%)
Epoch 364 [0/84843] Loss: 0.313881
Epoch 364 [35000/84843] Loss: 0.298661
Epoch 364 [70000/84843] Loss: 0.391064
Epoch 364 - Avg Loss: 0.358966 | Train Acc: 96.56%
Val: loss=0.3532, acc=10647/10975 (97.01%)
Epoch 365 [0/84843] Loss: 0.290554
Epoch 365 [35000/84843] Loss: 0.389827
Epoch 365 [70000/84843] Loss: 0.308387
Epoch 365 - Avg Loss: 0.355665 | Train Acc: 96.71%
Val: loss=0.3520, acc=10655/10975 (97.08%)
Epoch 366 [0/84843] Loss: 0.349650
Epoch 366 [35000/84843] Loss: 0.336580
Epoch 366 [70000/84843] Loss: 0.294242
Epoch 366 - Avg Loss: 0.357887 | Train Acc: 96.58%
Val: loss=0.3530, acc=10653/10975 (97.07%)
Epoch 367 [0/84843] Loss: 0.444070
Epoch 367 [35000/84843] Loss: 0.346951
Epoch 367 [70000/84843] Loss: 0.346209
Epoch 367 - Avg Loss: 0.356038 | Train Acc: 96.64%
Val: loss=0.3529, acc=10647/10975 (97.01%)
Epoch 368 [0/84843] Loss: 0.293014
Epoch 368 [35000/84843] Loss: 0.321717
Epoch 368 [70000/84843] Loss: 0.377732
Epoch 368 - Avg Loss: 0.357103 | Train Acc: 96.59%
Val: loss=0.3530, acc=10652/10975 (97.06%)
Epoch 369 [0/84843] Loss: 0.323791
Epoch 369 [35000/84843] Loss: 0.326194
Epoch 369 [70000/84843] Loss: 0.273676
Epoch 369 - Avg Loss: 0.359735 | Train Acc: 96.47%
Val: loss=0.3529, acc=10654/10975 (97.08%)
Epoch 370 [0/84843] Loss: 0.312856
Epoch 370 [35000/84843] Loss: 0.298351
Epoch 370 [70000/84843] Loss: 0.364492
Epoch 370 - Avg Loss: 0.356876 | Train Acc: 96.70%
Val: loss=0.3518, acc=10647/10975 (97.01%)
Epoch 371 [0/84843] Loss: 0.306980
Epoch 371 [35000/84843] Loss: 0.374930
Epoch 371 [70000/84843] Loss: 0.286090
Epoch 371 - Avg Loss: 0.357457 | Train Acc: 96.65%
Val: loss=0.3522, acc=10650/10975 (97.04%)
Epoch 372 [0/84843] Loss: 0.317329
Epoch 372 [35000/84843] Loss: 0.498175
Epoch 372 [70000/84843] Loss: 0.283052
Epoch 372 - Avg Loss: 0.359121 | Train Acc: 96.57%
Val: loss=0.3530, acc=10646/10975 (97.00%)
Epoch 373 [0/84843] Loss: 0.320974
Epoch 373 [35000/84843] Loss: 0.407760
Epoch 373 [70000/84843] Loss: 0.325985
Epoch 373 - Avg Loss: 0.357085 | Train Acc: 96.60%
Val: loss=0.3529, acc=10652/10975 (97.06%)
Epoch 374 [0/84843] Loss: 0.493878
Epoch 374 [35000/84843] Loss: 0.391187
Epoch 374 [70000/84843] Loss: 0.363139
Epoch 374 - Avg Loss: 0.357321 | Train Acc: 96.63%
Val: loss=0.3531, acc=10652/10975 (97.06%)
Epoch 375 [0/84843] Loss: 0.539139
Epoch 375 [35000/84843] Loss: 0.274070
Epoch 375 [70000/84843] Loss: 0.411417
Epoch 375 - Avg Loss: 0.356059 | Train Acc: 96.64%
Val: loss=0.3531, acc=10651/10975 (97.05%)
Epoch 376 [0/84843] Loss: 0.339427
Epoch 376 [35000/84843] Loss: 0.323544
Epoch 376 [70000/84843] Loss: 0.303187
Epoch 376 - Avg Loss: 0.357087 | Train Acc: 96.69%
Val: loss=0.3531, acc=10649/10975 (97.03%)
Epoch 377 [0/84843] Loss: 0.425459
Epoch 377 [35000/84843] Loss: 0.374221
Epoch 377 [70000/84843] Loss: 0.349160
Epoch 377 - Avg Loss: 0.357984 | Train Acc: 96.60%
Val: loss=0.3534, acc=10649/10975 (97.03%)
Epoch 378 [0/84843] Loss: 0.383816
Epoch 378 [35000/84843] Loss: 0.381402
Epoch 378 [70000/84843] Loss: 0.287090
Epoch 378 - Avg Loss: 0.356970 | Train Acc: 96.59%
Val: loss=0.3529, acc=10651/10975 (97.05%)
Epoch 379 [0/84843] Loss: 0.278632
Epoch 379 [35000/84843] Loss: 0.448691
Epoch 379 [70000/84843] Loss: 0.404985
Epoch 379 - Avg Loss: 0.357664 | Train Acc: 96.63%
Val: loss=0.3532, acc=10640/10975 (96.95%)
Epoch 380 [0/84843] Loss: 0.275142
Epoch 380 [35000/84843] Loss: 0.295847
Epoch 380 [70000/84843] Loss: 0.278531
Epoch 380 - Avg Loss: 0.357888 | Train Acc: 96.60%
Val: loss=0.3541, acc=10645/10975 (96.99%)
Epoch 381 [0/84843] Loss: 0.517285
Epoch 381 [35000/84843] Loss: 0.522541
Epoch 381 [70000/84843] Loss: 0.375607
Epoch 381 - Avg Loss: 0.357589 | Train Acc: 96.55%
Val: loss=0.3537, acc=10641/10975 (96.96%)
Epoch 382 [0/84843] Loss: 0.339737
Epoch 382 [35000/84843] Loss: 0.330389
Epoch 382 [70000/84843] Loss: 0.282486
Epoch 382 - Avg Loss: 0.358302 | Train Acc: 96.59%
Val: loss=0.3533, acc=10646/10975 (97.00%)
Epoch 383 [0/84843] Loss: 0.423228
Epoch 383 [35000/84843] Loss: 0.349271
Epoch 383 [70000/84843] Loss: 0.307656
Epoch 383 - Avg Loss: 0.357497 | Train Acc: 96.60%
Val: loss=0.3534, acc=10646/10975 (97.00%)
Epoch 384 [0/84843] Loss: 0.336527
Epoch 384 [35000/84843] Loss: 0.293386
Epoch 384 [70000/84843] Loss: 0.400321
Epoch 384 - Avg Loss: 0.359108 | Train Acc: 96.52%
Val: loss=0.3534, acc=10640/10975 (96.95%)
Epoch 385 [0/84843] Loss: 0.360937
Epoch 385 [35000/84843] Loss: 0.370730
Epoch 385 [70000/84843] Loss: 0.414111
Epoch 385 - Avg Loss: 0.356087 | Train Acc: 96.71%
Val: loss=0.3534, acc=10645/10975 (96.99%)
Epoch 386 [0/84843] Loss: 0.277601
Epoch 386 [35000/84843] Loss: 0.353647
Epoch 386 [70000/84843] Loss: 0.287770
Epoch 386 - Avg Loss: 0.357906 | Train Acc: 96.61%
Val: loss=0.3536, acc=10646/10975 (97.00%)
Epoch 387 [0/84843] Loss: 0.363719
Epoch 387 [35000/84843] Loss: 0.397812
Epoch 387 [70000/84843] Loss: 0.306741
Epoch 387 - Avg Loss: 0.357924 | Train Acc: 96.62%
Val: loss=0.3532, acc=10648/10975 (97.02%)
Epoch 388 [0/84843] Loss: 0.493477
Epoch 388 [35000/84843] Loss: 0.417705
Epoch 388 [70000/84843] Loss: 0.345590
Epoch 388 - Avg Loss: 0.356469 | Train Acc: 96.65%
Val: loss=0.3537, acc=10649/10975 (97.03%)
Epoch 389 [0/84843] Loss: 0.310444
Epoch 389 [35000/84843] Loss: 0.285978
Epoch 389 [70000/84843] Loss: 0.270908
Epoch 389 - Avg Loss: 0.355533 | Train Acc: 96.71%
Val: loss=0.3531, acc=10648/10975 (97.02%)
Epoch 390 [0/84843] Loss: 0.600359
Epoch 390 [35000/84843] Loss: 0.323918
Epoch 390 [70000/84843] Loss: 0.283253
Epoch 390 - Avg Loss: 0.355795 | Train Acc: 96.72%
Val: loss=0.3533, acc=10648/10975 (97.02%)
Epoch 391 [0/84843] Loss: 0.409693
Epoch 391 [35000/84843] Loss: 0.547609
Epoch 391 [70000/84843] Loss: 0.327547
Epoch 391 - Avg Loss: 0.356422 | Train Acc: 96.68%
Val: loss=0.3534, acc=10642/10975 (96.97%)
Epoch 392 [0/84843] Loss: 0.388904
Epoch 392 [35000/84843] Loss: 0.422412
Epoch 392 [70000/84843] Loss: 0.323457
Epoch 392 - Avg Loss: 0.353500 | Train Acc: 96.76%
Val: loss=0.3534, acc=10646/10975 (97.00%)
Epoch 393 [0/84843] Loss: 0.295091
Epoch 393 [35000/84843] Loss: 0.427424
Epoch 393 [70000/84843] Loss: 0.408356
Epoch 393 - Avg Loss: 0.355509 | Train Acc: 96.69%
Val: loss=0.3533, acc=10647/10975 (97.01%)
Epoch 394 [0/84843] Loss: 0.393398
Epoch 394 [35000/84843] Loss: 0.321351
Epoch 394 [70000/84843] Loss: 0.275184
Epoch 394 - Avg Loss: 0.353573 | Train Acc: 96.72%
Val: loss=0.3533, acc=10648/10975 (97.02%)
Epoch 395 [0/84843] Loss: 0.456655
Epoch 395 [35000/84843] Loss: 0.275877
Epoch 395 [70000/84843] Loss: 0.276781
Epoch 395 - Avg Loss: 0.358116 | Train Acc: 96.65%
Val: loss=0.3533, acc=10646/10975 (97.00%)
Epoch 396 [0/84843] Loss: 0.282904
Epoch 396 [35000/84843] Loss: 0.292808
Epoch 396 [70000/84843] Loss: 0.308128
Epoch 396 - Avg Loss: 0.351667 | Train Acc: 96.89%
Val: loss=0.3533, acc=10645/10975 (96.99%)
Epoch 397 [0/84843] Loss: 0.353706
Epoch 397 [35000/84843] Loss: 0.317521
Epoch 397 [70000/84843] Loss: 0.335766
Epoch 397 - Avg Loss: 0.353781 | Train Acc: 96.78%
Val: loss=0.3532, acc=10647/10975 (97.01%)
Epoch 398 [0/84843] Loss: 0.322950
Epoch 398 [35000/84843] Loss: 0.312617
Epoch 398 [70000/84843] Loss: 0.343795
Epoch 398 - Avg Loss: 0.354356 | Train Acc: 96.77%
Val: loss=0.3534, acc=10645/10975 (96.99%)
Epoch 399 [0/84843] Loss: 0.298285
Epoch 399 [35000/84843] Loss: 0.445286
Epoch 399 [70000/84843] Loss: 0.343669
Epoch 399 - Avg Loss: 0.356487 | Train Acc: 96.69%
Val: loss=0.3533, acc=10646/10975 (97.00%)
Epoch 400 [0/84843] Loss: 0.346513
Epoch 400 [35000/84843] Loss: 0.353932
Epoch 400 [70000/84843] Loss: 0.397270
Epoch 400 - Avg Loss: 0.360699 | Train Acc: 96.49%
Val: loss=0.3537, acc=10645/10975 (96.99%)
Test: loss=0.3658, acc=11696/12101 (96.65%)
