Running feature config: 40_mels (task 31)
SpecAugment freq_mask=8 time_mask=30
Device: cuda
Feature config: 40_mels -> {'n_mels': 40, 'use_delta': False, 'use_delta_delta': False}
SpecAugment: True freq_mask=8 time_mask=30
GPU Name: Tesla V100-SXM2-32GB
GPU Memory: 34.07 GB
Total model parameters: 46,092
Epoch 1 [0/84843] Loss: 2.367046
Epoch 1 [35000/84843] Loss: 1.750522
Epoch 1 [70000/84843] Loss: 1.652786
Epoch 1 - Avg Loss: 1.709882 | Train Acc: 56.40%
Val: loss=1.6094, acc=6271/10975 (57.14%)
saved best: 57.14%
Epoch 2 [0/84843] Loss: 1.565043
Epoch 2 [35000/84843] Loss: 1.755490
Epoch 2 [70000/84843] Loss: 1.872883
Epoch 2 - Avg Loss: 1.502895 | Train Acc: 60.50%
Val: loss=1.5983, acc=6172/10975 (56.24%)
Epoch 3 [0/84843] Loss: 1.451653
Epoch 3 [35000/84843] Loss: 1.422691
Epoch 3 [70000/84843] Loss: 1.446710
Epoch 3 - Avg Loss: 1.369357 | Train Acc: 66.10%
Val: loss=1.6379, acc=6222/10975 (56.69%)
Epoch 4 [0/84843] Loss: 1.389556
Epoch 4 [35000/84843] Loss: 1.073717
Epoch 4 [70000/84843] Loss: 1.456527
Epoch 4 - Avg Loss: 1.335095 | Train Acc: 66.30%
Val: loss=1.3807, acc=7019/10975 (63.95%)
saved best: 63.95%
Epoch 5 [0/84843] Loss: 1.097795
Epoch 5 [35000/84843] Loss: 1.466236
Epoch 5 [70000/84843] Loss: 1.241222
Epoch 5 - Avg Loss: 1.295256 | Train Acc: 66.56%
Val: loss=1.2886, acc=7236/10975 (65.93%)
saved best: 65.93%
Epoch 6 [0/84843] Loss: 1.416544
Epoch 6 [35000/84843] Loss: 1.487081
Epoch 6 [70000/84843] Loss: 1.235284
Epoch 6 - Avg Loss: 1.255929 | Train Acc: 66.96%
Val: loss=1.2321, acc=7373/10975 (67.18%)
saved best: 67.18%
Epoch 7 [0/84843] Loss: 1.088807
Epoch 7 [35000/84843] Loss: 1.275046
Epoch 7 [70000/84843] Loss: 1.125525
Epoch 7 - Avg Loss: 1.219950 | Train Acc: 67.45%
Val: loss=1.1963, acc=7392/10975 (67.35%)
saved best: 67.35%
Epoch 8 [0/84843] Loss: 1.213315
Epoch 8 [35000/84843] Loss: 1.300442
Epoch 8 [70000/84843] Loss: 1.186756
Epoch 8 - Avg Loss: 1.189756 | Train Acc: 67.95%
Val: loss=1.1625, acc=7435/10975 (67.74%)
saved best: 67.74%
Epoch 9 [0/84843] Loss: 1.110707
Epoch 9 [35000/84843] Loss: 1.119986
Epoch 9 [70000/84843] Loss: 1.069967
Epoch 9 - Avg Loss: 1.159461 | Train Acc: 68.33%
Val: loss=1.1246, acc=7540/10975 (68.70%)
saved best: 68.70%
Epoch 10 [0/84843] Loss: 1.059890
Epoch 10 [35000/84843] Loss: 1.194052
Epoch 10 [70000/84843] Loss: 1.466733
Epoch 10 - Avg Loss: 1.136946 | Train Acc: 69.05%
Val: loss=1.0993, acc=7577/10975 (69.04%)
saved best: 69.04%
Epoch 11 [0/84843] Loss: 1.092421
Epoch 11 [35000/84843] Loss: 0.965202
Epoch 11 [70000/84843] Loss: 0.894635
Epoch 11 - Avg Loss: 1.112372 | Train Acc: 69.48%
Val: loss=1.0832, acc=7601/10975 (69.26%)
saved best: 69.26%
Epoch 12 [0/84843] Loss: 0.874161
Epoch 12 [35000/84843] Loss: 1.221014
Epoch 12 [70000/84843] Loss: 1.019391
Epoch 12 - Avg Loss: 1.088109 | Train Acc: 69.82%
Val: loss=1.0406, acc=7689/10975 (70.06%)
saved best: 70.06%
Epoch 13 [0/84843] Loss: 1.004333
Epoch 13 [35000/84843] Loss: 1.113102
Epoch 13 [70000/84843] Loss: 0.998568
Epoch 13 - Avg Loss: 1.060197 | Train Acc: 70.31%
Val: loss=1.0178, acc=7726/10975 (70.40%)
saved best: 70.40%
Epoch 14 [0/84843] Loss: 0.875016
Epoch 14 [35000/84843] Loss: 1.094935
Epoch 14 [70000/84843] Loss: 0.927719
Epoch 14 - Avg Loss: 1.038563 | Train Acc: 70.84%
Val: loss=0.9835, acc=7872/10975 (71.73%)
saved best: 71.73%
Epoch 15 [0/84843] Loss: 1.150119
Epoch 15 [35000/84843] Loss: 0.887773
Epoch 15 [70000/84843] Loss: 1.049849
Epoch 15 - Avg Loss: 1.014178 | Train Acc: 71.52%
Val: loss=0.9616, acc=7964/10975 (72.56%)
saved best: 72.56%
Epoch 16 [0/84843] Loss: 0.927865
Epoch 16 [35000/84843] Loss: 0.798771
Epoch 16 [70000/84843] Loss: 0.817472
Epoch 16 - Avg Loss: 0.989754 | Train Acc: 72.45%
Val: loss=0.9301, acc=8119/10975 (73.98%)
saved best: 73.98%
Epoch 17 [0/84843] Loss: 0.825727
Epoch 17 [35000/84843] Loss: 1.069364
Epoch 17 [70000/84843] Loss: 0.949494
Epoch 17 - Avg Loss: 0.959435 | Train Acc: 73.67%
Val: loss=0.9005, acc=8300/10975 (75.63%)
saved best: 75.63%
Epoch 18 [0/84843] Loss: 0.894781
Epoch 18 [35000/84843] Loss: 0.890562
Epoch 18 [70000/84843] Loss: 0.857000
Epoch 18 - Avg Loss: 0.934237 | Train Acc: 74.67%
Val: loss=0.8659, acc=8553/10975 (77.93%)
saved best: 77.93%
Epoch 19 [0/84843] Loss: 0.897201
Epoch 19 [35000/84843] Loss: 0.893517
Epoch 19 [70000/84843] Loss: 0.788866
Epoch 19 - Avg Loss: 0.906605 | Train Acc: 75.82%
Val: loss=0.8446, acc=8617/10975 (78.51%)
saved best: 78.51%
Epoch 20 [0/84843] Loss: 0.889707
Epoch 20 [35000/84843] Loss: 0.807007
Epoch 20 [70000/84843] Loss: 0.905693
Epoch 20 - Avg Loss: 0.878164 | Train Acc: 76.99%
Val: loss=0.7888, acc=8831/10975 (80.46%)
saved best: 80.46%
Epoch 21 [0/84843] Loss: 0.899986
Epoch 21 [35000/84843] Loss: 0.881652
Epoch 21 [70000/84843] Loss: 0.697675
Epoch 21 - Avg Loss: 0.845464 | Train Acc: 78.25%
Val: loss=0.7667, acc=8965/10975 (81.69%)
saved best: 81.69%
Epoch 22 [0/84843] Loss: 0.960206
Epoch 22 [35000/84843] Loss: 0.961161
Epoch 22 [70000/84843] Loss: 0.713775
Epoch 22 - Avg Loss: 0.818369 | Train Acc: 79.27%
Val: loss=0.7349, acc=9060/10975 (82.55%)
saved best: 82.55%
Epoch 23 [0/84843] Loss: 1.002845
Epoch 23 [35000/84843] Loss: 0.629855
Epoch 23 [70000/84843] Loss: 1.070691
Epoch 23 - Avg Loss: 0.789740 | Train Acc: 80.45%
Val: loss=0.6897, acc=9323/10975 (84.95%)
saved best: 84.95%
Epoch 24 [0/84843] Loss: 0.882029
Epoch 24 [35000/84843] Loss: 0.615796
Epoch 24 [70000/84843] Loss: 0.848881
Epoch 24 - Avg Loss: 0.766903 | Train Acc: 81.47%
Val: loss=0.6825, acc=9351/10975 (85.20%)
saved best: 85.20%
Epoch 25 [0/84843] Loss: 0.888064
Epoch 25 [35000/84843] Loss: 0.713186
Epoch 25 [70000/84843] Loss: 0.629854
Epoch 25 - Avg Loss: 0.744450 | Train Acc: 82.28%
Val: loss=0.6566, acc=9457/10975 (86.17%)
saved best: 86.17%
Epoch 26 [0/84843] Loss: 0.648831
Epoch 26 [35000/84843] Loss: 0.837434
Epoch 26 [70000/84843] Loss: 0.799473
Epoch 26 - Avg Loss: 0.723881 | Train Acc: 82.95%
Val: loss=0.6266, acc=9577/10975 (87.26%)
saved best: 87.26%
Epoch 27 [0/84843] Loss: 0.553607
Epoch 27 [35000/84843] Loss: 0.754106
Epoch 27 [70000/84843] Loss: 0.545800
Epoch 27 - Avg Loss: 0.708235 | Train Acc: 83.46%
Val: loss=0.6186, acc=9610/10975 (87.56%)
saved best: 87.56%
Epoch 28 [0/84843] Loss: 0.725616
Epoch 28 [35000/84843] Loss: 0.592203
Epoch 28 [70000/84843] Loss: 0.520517
Epoch 28 - Avg Loss: 0.692470 | Train Acc: 84.01%
Val: loss=0.6019, acc=9678/10975 (88.18%)
saved best: 88.18%
Epoch 29 [0/84843] Loss: 0.814516
Epoch 29 [35000/84843] Loss: 0.776171
Epoch 29 [70000/84843] Loss: 0.655585
Epoch 29 - Avg Loss: 0.680683 | Train Acc: 84.40%
Val: loss=0.5960, acc=9684/10975 (88.24%)
saved best: 88.24%
Epoch 30 [0/84843] Loss: 0.522642
Epoch 30 [35000/84843] Loss: 0.467314
Epoch 30 [70000/84843] Loss: 0.601236
Epoch 30 - Avg Loss: 0.668390 | Train Acc: 84.90%
Val: loss=0.6155, acc=9603/10975 (87.50%)
Epoch 31 [0/84843] Loss: 0.754143
Epoch 31 [35000/84843] Loss: 0.462131
Epoch 31 [70000/84843] Loss: 0.724284
Epoch 31 - Avg Loss: 0.660813 | Train Acc: 85.10%
Val: loss=0.5693, acc=9814/10975 (89.42%)
saved best: 89.42%
Epoch 32 [0/84843] Loss: 0.711400
Epoch 32 [35000/84843] Loss: 0.767825
Epoch 32 [70000/84843] Loss: 0.546500
Epoch 32 - Avg Loss: 0.653943 | Train Acc: 85.34%
Val: loss=0.5702, acc=9800/10975 (89.29%)
Epoch 33 [0/84843] Loss: 0.697586
Epoch 33 [35000/84843] Loss: 0.415448
Epoch 33 [70000/84843] Loss: 0.823958
Epoch 33 - Avg Loss: 0.632500 | Train Acc: 86.17%
Val: loss=0.5484, acc=9873/10975 (89.96%)
saved best: 89.96%
Epoch 34 [0/84843] Loss: 0.521901
Epoch 34 [35000/84843] Loss: 0.587990
Epoch 34 [70000/84843] Loss: 0.910369
Epoch 34 - Avg Loss: 0.625973 | Train Acc: 86.50%
Val: loss=0.5429, acc=9883/10975 (90.05%)
saved best: 90.05%
Epoch 35 [0/84843] Loss: 0.390325
Epoch 35 [35000/84843] Loss: 0.736004
Epoch 35 [70000/84843] Loss: 0.643421
Epoch 35 - Avg Loss: 0.617385 | Train Acc: 86.75%
Val: loss=0.5307, acc=9934/10975 (90.51%)
saved best: 90.51%
Epoch 36 [0/84843] Loss: 0.595701
Epoch 36 [35000/84843] Loss: 0.615012
Epoch 36 [70000/84843] Loss: 0.615996
Epoch 36 - Avg Loss: 0.612524 | Train Acc: 86.92%
Val: loss=0.5371, acc=9890/10975 (90.11%)
Epoch 37 [0/84843] Loss: 0.647632
Epoch 37 [35000/84843] Loss: 0.503296
Epoch 37 [70000/84843] Loss: 0.601097
Epoch 37 - Avg Loss: 0.596876 | Train Acc: 87.56%
Val: loss=0.5249, acc=9964/10975 (90.79%)
saved best: 90.79%
Epoch 38 [0/84843] Loss: 0.616822
Epoch 38 [35000/84843] Loss: 0.672729
Epoch 38 [70000/84843] Loss: 0.505961
Epoch 38 - Avg Loss: 0.591069 | Train Acc: 87.79%
Val: loss=0.5150, acc=10013/10975 (91.23%)
saved best: 91.23%
Epoch 39 [0/84843] Loss: 0.697313
Epoch 39 [35000/84843] Loss: 0.566280
Epoch 39 [70000/84843] Loss: 0.417369
Epoch 39 - Avg Loss: 0.588958 | Train Acc: 87.85%
Val: loss=0.5321, acc=9947/10975 (90.63%)
Epoch 40 [0/84843] Loss: 0.766859
Epoch 40 [35000/84843] Loss: 0.531191
Epoch 40 [70000/84843] Loss: 0.404845
Epoch 40 - Avg Loss: 0.581058 | Train Acc: 88.15%
Val: loss=0.5149, acc=10019/10975 (91.29%)
saved best: 91.29%
Epoch 41 [0/84843] Loss: 0.685092
Epoch 41 [35000/84843] Loss: 0.433761
Epoch 41 [70000/84843] Loss: 0.491443
Epoch 41 - Avg Loss: 0.577059 | Train Acc: 88.18%
Val: loss=0.5121, acc=10009/10975 (91.20%)
Epoch 42 [0/84843] Loss: 0.624094
Epoch 42 [35000/84843] Loss: 0.551044
Epoch 42 [70000/84843] Loss: 0.556085
Epoch 42 - Avg Loss: 0.578099 | Train Acc: 88.17%
Val: loss=0.5072, acc=10032/10975 (91.41%)
saved best: 91.41%
Epoch 43 [0/84843] Loss: 0.495557
Epoch 43 [35000/84843] Loss: 0.686166
Epoch 43 [70000/84843] Loss: 0.470176
Epoch 43 - Avg Loss: 0.564059 | Train Acc: 88.71%
Val: loss=0.4981, acc=10092/10975 (91.95%)
saved best: 91.95%
Epoch 44 [0/84843] Loss: 0.534631
Epoch 44 [35000/84843] Loss: 0.488642
Epoch 44 [70000/84843] Loss: 0.579318
Epoch 44 - Avg Loss: 0.556187 | Train Acc: 89.07%
Val: loss=0.4951, acc=10098/10975 (92.01%)
saved best: 92.01%
Epoch 45 [0/84843] Loss: 0.380067
Epoch 45 [35000/84843] Loss: 0.479287
Epoch 45 [70000/84843] Loss: 0.563065
Epoch 45 - Avg Loss: 0.555943 | Train Acc: 89.03%
Val: loss=0.4958, acc=10079/10975 (91.84%)
Epoch 46 [0/84843] Loss: 0.479355
Epoch 46 [35000/84843] Loss: 0.376224
Epoch 46 [70000/84843] Loss: 0.452880
Epoch 46 - Avg Loss: 0.555084 | Train Acc: 89.13%
Val: loss=0.5043, acc=10041/10975 (91.49%)
Epoch 47 [0/84843] Loss: 0.587298
Epoch 47 [35000/84843] Loss: 0.593689
Epoch 47 [70000/84843] Loss: 0.467666
Epoch 47 - Avg Loss: 0.544249 | Train Acc: 89.49%
Val: loss=0.4852, acc=10140/10975 (92.39%)
saved best: 92.39%
Epoch 48 [0/84843] Loss: 0.392729
Epoch 48 [35000/84843] Loss: 0.404610
Epoch 48 [70000/84843] Loss: 0.579918
Epoch 48 - Avg Loss: 0.540499 | Train Acc: 89.60%
Val: loss=0.4744, acc=10153/10975 (92.51%)
saved best: 92.51%
Epoch 49 [0/84843] Loss: 0.513136
Epoch 49 [35000/84843] Loss: 0.453136
Epoch 49 [70000/84843] Loss: 0.546088
Epoch 49 - Avg Loss: 0.542487 | Train Acc: 89.52%
Val: loss=0.4828, acc=10137/10975 (92.36%)
Epoch 50 [0/84843] Loss: 0.465708
Epoch 50 [35000/84843] Loss: 0.741240
Epoch 50 [70000/84843] Loss: 0.701390
Epoch 50 - Avg Loss: 0.535293 | Train Acc: 89.77%
Val: loss=0.4800, acc=10136/10975 (92.36%)
Epoch 51 [0/84843] Loss: 0.475735
Epoch 51 [35000/84843] Loss: 0.545344
Epoch 51 [70000/84843] Loss: 0.425597
Epoch 51 - Avg Loss: 0.538977 | Train Acc: 89.64%
Val: loss=0.4739, acc=10167/10975 (92.64%)
saved best: 92.64%
Epoch 52 [0/84843] Loss: 0.376591
Epoch 52 [35000/84843] Loss: 0.772909
Epoch 52 [70000/84843] Loss: 0.457487
Epoch 52 - Avg Loss: 0.530733 | Train Acc: 90.01%
Val: loss=0.4659, acc=10197/10975 (92.91%)
saved best: 92.91%
Epoch 53 [0/84843] Loss: 0.450650
Epoch 53 [35000/84843] Loss: 0.450897
Epoch 53 [70000/84843] Loss: 0.391563
Epoch 53 - Avg Loss: 0.522926 | Train Acc: 90.20%
Val: loss=0.4626, acc=10219/10975 (93.11%)
saved best: 93.11%
Epoch 54 [0/84843] Loss: 0.314053
Epoch 54 [35000/84843] Loss: 0.685178
Epoch 54 [70000/84843] Loss: 0.434597
Epoch 54 - Avg Loss: 0.520907 | Train Acc: 90.39%
Val: loss=0.4595, acc=10218/10975 (93.10%)
Epoch 55 [0/84843] Loss: 0.405146
Epoch 55 [35000/84843] Loss: 0.459256
Epoch 55 [70000/84843] Loss: 0.409973
Epoch 55 - Avg Loss: 0.522658 | Train Acc: 90.31%
Val: loss=0.4651, acc=10197/10975 (92.91%)
Epoch 56 [0/84843] Loss: 0.393986
Epoch 56 [35000/84843] Loss: 0.527918
Epoch 56 [70000/84843] Loss: 0.551612
Epoch 56 - Avg Loss: 0.514354 | Train Acc: 90.57%
Val: loss=0.4511, acc=10259/10975 (93.48%)
saved best: 93.48%
Epoch 57 [0/84843] Loss: 0.552015
Epoch 57 [35000/84843] Loss: 0.487029
Epoch 57 [70000/84843] Loss: 0.575841
Epoch 57 - Avg Loss: 0.515628 | Train Acc: 90.55%
Val: loss=0.4593, acc=10230/10975 (93.21%)
Epoch 58 [0/84843] Loss: 0.358408
Epoch 58 [35000/84843] Loss: 0.395934
Epoch 58 [70000/84843] Loss: 0.393286
Epoch 58 - Avg Loss: 0.512187 | Train Acc: 90.75%
Val: loss=0.4897, acc=10083/10975 (91.87%)
Epoch 59 [0/84843] Loss: 0.570183
Epoch 59 [35000/84843] Loss: 0.604665
Epoch 59 [70000/84843] Loss: 0.534664
Epoch 59 - Avg Loss: 0.506840 | Train Acc: 90.85%
Val: loss=0.4513, acc=10251/10975 (93.40%)
Epoch 60 [0/84843] Loss: 0.468030
Epoch 60 [35000/84843] Loss: 0.590320
Epoch 60 [70000/84843] Loss: 0.390770
Epoch 60 - Avg Loss: 0.505816 | Train Acc: 90.93%
Val: loss=0.4598, acc=10222/10975 (93.14%)
Epoch 61 [0/84843] Loss: 0.507773
Epoch 61 [35000/84843] Loss: 0.751886
Epoch 61 [70000/84843] Loss: 0.654100
Epoch 61 - Avg Loss: 0.499375 | Train Acc: 91.16%
Val: loss=0.4661, acc=10194/10975 (92.88%)
Epoch 62 [0/84843] Loss: 0.484446
Epoch 62 [35000/84843] Loss: 0.532175
Epoch 62 [70000/84843] Loss: 0.495893
Epoch 62 - Avg Loss: 0.499800 | Train Acc: 91.07%
Val: loss=0.4436, acc=10279/10975 (93.66%)
saved best: 93.66%
Epoch 63 [0/84843] Loss: 0.574690
Epoch 63 [35000/84843] Loss: 0.402716
Epoch 63 [70000/84843] Loss: 0.586946
Epoch 63 - Avg Loss: 0.497945 | Train Acc: 91.22%
Val: loss=0.4550, acc=10235/10975 (93.26%)
Epoch 64 [0/84843] Loss: 0.512400
Epoch 64 [35000/84843] Loss: 0.476792
Epoch 64 [70000/84843] Loss: 0.471198
Epoch 64 - Avg Loss: 0.497450 | Train Acc: 91.31%
Val: loss=0.4350, acc=10337/10975 (94.19%)
saved best: 94.19%
Epoch 65 [0/84843] Loss: 0.453597
Epoch 65 [35000/84843] Loss: 0.559502
Epoch 65 [70000/84843] Loss: 0.599468
Epoch 65 - Avg Loss: 0.494878 | Train Acc: 91.25%
Val: loss=0.4514, acc=10247/10975 (93.37%)
Epoch 66 [0/84843] Loss: 0.502814
Epoch 66 [35000/84843] Loss: 0.444654
Epoch 66 [70000/84843] Loss: 0.454865
Epoch 66 - Avg Loss: 0.494048 | Train Acc: 91.36%
Val: loss=0.4672, acc=10162/10975 (92.59%)
Epoch 67 [0/84843] Loss: 0.508185
Epoch 67 [35000/84843] Loss: 0.347026
Epoch 67 [70000/84843] Loss: 0.498837
Epoch 67 - Avg Loss: 0.488955 | Train Acc: 91.53%
Val: loss=0.4643, acc=10178/10975 (92.74%)
Epoch 68 [0/84843] Loss: 0.422115
Epoch 68 [35000/84843] Loss: 0.524342
Epoch 68 [70000/84843] Loss: 0.492009
Epoch 68 - Avg Loss: 0.488674 | Train Acc: 91.58%
Val: loss=0.4394, acc=10299/10975 (93.84%)
Epoch 69 [0/84843] Loss: 0.373799
Epoch 69 [35000/84843] Loss: 0.501017
Epoch 69 [70000/84843] Loss: 0.383552
Epoch 69 - Avg Loss: 0.489236 | Train Acc: 91.57%
Val: loss=0.4297, acc=10339/10975 (94.21%)
saved best: 94.21%
Epoch 70 [0/84843] Loss: 0.355781
Epoch 70 [35000/84843] Loss: 0.461335
Epoch 70 [70000/84843] Loss: 0.418173
Epoch 70 - Avg Loss: 0.485808 | Train Acc: 91.64%
Val: loss=0.4563, acc=10195/10975 (92.89%)
Epoch 71 [0/84843] Loss: 0.626336
Epoch 71 [35000/84843] Loss: 0.490313
Epoch 71 [70000/84843] Loss: 0.471207
Epoch 71 - Avg Loss: 0.481561 | Train Acc: 91.87%
Val: loss=0.4488, acc=10260/10975 (93.49%)
Epoch 72 [0/84843] Loss: 0.385678
Epoch 72 [35000/84843] Loss: 0.405216
Epoch 72 [70000/84843] Loss: 0.546242
Epoch 72 - Avg Loss: 0.486290 | Train Acc: 91.71%
Val: loss=0.4449, acc=10280/10975 (93.67%)
Epoch 73 [0/84843] Loss: 0.515782
Epoch 73 [35000/84843] Loss: 0.561869
Epoch 73 [70000/84843] Loss: 0.498095
Epoch 73 - Avg Loss: 0.479426 | Train Acc: 91.89%
Val: loss=0.4413, acc=10284/10975 (93.70%)
Epoch 74 [0/84843] Loss: 0.475553
Epoch 74 [35000/84843] Loss: 0.575501
Epoch 74 [70000/84843] Loss: 0.426068
Epoch 74 - Avg Loss: 0.478772 | Train Acc: 91.99%
Val: loss=0.4345, acc=10333/10975 (94.15%)
Epoch 75 [0/84843] Loss: 0.376842
Epoch 75 [35000/84843] Loss: 0.413334
Epoch 75 [70000/84843] Loss: 0.619906
Epoch 75 - Avg Loss: 0.477940 | Train Acc: 91.97%
Val: loss=0.4432, acc=10259/10975 (93.48%)
Epoch 76 [0/84843] Loss: 0.468859
Epoch 76 [35000/84843] Loss: 0.504839
Epoch 76 [70000/84843] Loss: 0.336042
Epoch 76 - Avg Loss: 0.471913 | Train Acc: 92.23%
Val: loss=0.4277, acc=10354/10975 (94.34%)
saved best: 94.34%
Epoch 77 [0/84843] Loss: 0.353550
Epoch 77 [35000/84843] Loss: 0.363741
Epoch 77 [70000/84843] Loss: 0.490304
Epoch 77 - Avg Loss: 0.474139 | Train Acc: 92.02%
Val: loss=0.4294, acc=10356/10975 (94.36%)
saved best: 94.36%
Epoch 78 [0/84843] Loss: 0.697665
Epoch 78 [35000/84843] Loss: 0.362128
Epoch 78 [70000/84843] Loss: 0.586115
Epoch 78 - Avg Loss: 0.475740 | Train Acc: 92.00%
Val: loss=0.4316, acc=10322/10975 (94.05%)
Epoch 79 [0/84843] Loss: 0.610994
Epoch 79 [35000/84843] Loss: 0.405777
Epoch 79 [70000/84843] Loss: 0.479208
Epoch 79 - Avg Loss: 0.473882 | Train Acc: 92.00%
Val: loss=0.4439, acc=10278/10975 (93.65%)
Epoch 80 [0/84843] Loss: 0.539307
Epoch 80 [35000/84843] Loss: 0.398135
Epoch 80 [70000/84843] Loss: 0.544466
Epoch 80 - Avg Loss: 0.469649 | Train Acc: 92.38%
Val: loss=0.4267, acc=10352/10975 (94.32%)
Epoch 81 [0/84843] Loss: 0.593208
Epoch 81 [35000/84843] Loss: 0.587052
Epoch 81 [70000/84843] Loss: 0.391536
Epoch 81 - Avg Loss: 0.464507 | Train Acc: 92.49%
Val: loss=0.4421, acc=10284/10975 (93.70%)
Epoch 82 [0/84843] Loss: 0.437245
Epoch 82 [35000/84843] Loss: 0.627344
Epoch 82 [70000/84843] Loss: 0.492480
Epoch 82 - Avg Loss: 0.467497 | Train Acc: 92.34%
Val: loss=0.4287, acc=10334/10975 (94.16%)
Epoch 83 [0/84843] Loss: 0.347642
Epoch 83 [35000/84843] Loss: 0.360534
Epoch 83 [70000/84843] Loss: 0.449987
Epoch 83 - Avg Loss: 0.467714 | Train Acc: 92.28%
Val: loss=0.4357, acc=10316/10975 (94.00%)
Epoch 84 [0/84843] Loss: 0.413733
Epoch 84 [35000/84843] Loss: 0.557900
Epoch 84 [70000/84843] Loss: 0.559301
Epoch 84 - Avg Loss: 0.467130 | Train Acc: 92.25%
Val: loss=0.4397, acc=10279/10975 (93.66%)
Epoch 85 [0/84843] Loss: 0.549997
Epoch 85 [35000/84843] Loss: 0.446116
Epoch 85 [70000/84843] Loss: 0.500603
Epoch 85 - Avg Loss: 0.464555 | Train Acc: 92.47%
Val: loss=0.4314, acc=10322/10975 (94.05%)
Epoch 86 [0/84843] Loss: 0.359403
Epoch 86 [35000/84843] Loss: 0.358787
Epoch 86 [70000/84843] Loss: 0.390343
Epoch 86 - Avg Loss: 0.469676 | Train Acc: 92.28%
Val: loss=0.4268, acc=10335/10975 (94.17%)
Epoch 87 [0/84843] Loss: 0.331278
Epoch 87 [35000/84843] Loss: 0.398248
Epoch 87 [70000/84843] Loss: 0.415755
Epoch 87 - Avg Loss: 0.462898 | Train Acc: 92.60%
Val: loss=0.4287, acc=10350/10975 (94.31%)
Epoch 88 [0/84843] Loss: 0.491269
Epoch 88 [35000/84843] Loss: 0.459056
Epoch 88 [70000/84843] Loss: 0.343740
Epoch 88 - Avg Loss: 0.461221 | Train Acc: 92.61%
Val: loss=0.4238, acc=10377/10975 (94.55%)
saved best: 94.55%
Epoch 89 [0/84843] Loss: 0.361103
Epoch 89 [35000/84843] Loss: 0.387388
Epoch 89 [70000/84843] Loss: 0.755850
Epoch 89 - Avg Loss: 0.458392 | Train Acc: 92.73%
Val: loss=0.4358, acc=10326/10975 (94.09%)
Epoch 90 [0/84843] Loss: 0.392820
Epoch 90 [35000/84843] Loss: 0.335951
Epoch 90 [70000/84843] Loss: 0.480448
Epoch 90 - Avg Loss: 0.459464 | Train Acc: 92.66%
Val: loss=0.4246, acc=10351/10975 (94.31%)
Epoch 91 [0/84843] Loss: 0.418775
Epoch 91 [35000/84843] Loss: 0.436945
Epoch 91 [70000/84843] Loss: 0.471605
Epoch 91 - Avg Loss: 0.463582 | Train Acc: 92.50%
Val: loss=0.4277, acc=10319/10975 (94.02%)
Epoch 92 [0/84843] Loss: 0.375409
Epoch 92 [35000/84843] Loss: 0.425938
Epoch 92 [70000/84843] Loss: 0.521743
Epoch 92 - Avg Loss: 0.457117 | Train Acc: 92.78%
Val: loss=0.4388, acc=10316/10975 (94.00%)
Epoch 93 [0/84843] Loss: 0.413650
Epoch 93 [35000/84843] Loss: 0.448268
Epoch 93 [70000/84843] Loss: 0.321081
Epoch 93 - Avg Loss: 0.460423 | Train Acc: 92.62%
Val: loss=0.4453, acc=10284/10975 (93.70%)
Epoch 94 [0/84843] Loss: 0.333900
Epoch 94 [35000/84843] Loss: 0.501503
Epoch 94 [70000/84843] Loss: 0.526136
Epoch 94 - Avg Loss: 0.457328 | Train Acc: 92.76%
Val: loss=0.4224, acc=10379/10975 (94.57%)
saved best: 94.57%
Epoch 95 [0/84843] Loss: 0.510859
Epoch 95 [35000/84843] Loss: 0.339676
Epoch 95 [70000/84843] Loss: 0.387627
Epoch 95 - Avg Loss: 0.459348 | Train Acc: 92.62%
Val: loss=0.4270, acc=10364/10975 (94.43%)
Epoch 96 [0/84843] Loss: 0.387317
Epoch 96 [35000/84843] Loss: 0.425686
Epoch 96 [70000/84843] Loss: 0.396416
Epoch 96 - Avg Loss: 0.456271 | Train Acc: 92.84%
Val: loss=0.4256, acc=10326/10975 (94.09%)
Epoch 97 [0/84843] Loss: 0.388365
Epoch 97 [35000/84843] Loss: 0.497792
Epoch 97 [70000/84843] Loss: 0.433163
Epoch 97 - Avg Loss: 0.457815 | Train Acc: 92.69%
Val: loss=0.4477, acc=10250/10975 (93.39%)
Epoch 98 [0/84843] Loss: 0.341381
Epoch 98 [35000/84843] Loss: 0.408388
Epoch 98 [70000/84843] Loss: 0.475087
Epoch 98 - Avg Loss: 0.457565 | Train Acc: 92.76%
Val: loss=0.4094, acc=10409/10975 (94.84%)
saved best: 94.84%
Epoch 99 [0/84843] Loss: 0.420374
Epoch 99 [35000/84843] Loss: 0.698622
Epoch 99 [70000/84843] Loss: 0.508191
Epoch 99 - Avg Loss: 0.455012 | Train Acc: 92.86%
Val: loss=0.4106, acc=10436/10975 (95.09%)
saved best: 95.09%
Epoch 100 [0/84843] Loss: 0.465122
Epoch 100 [35000/84843] Loss: 0.442668
Epoch 100 [70000/84843] Loss: 0.497290
Epoch 100 - Avg Loss: 0.451224 | Train Acc: 92.95%
Val: loss=0.4326, acc=10330/10975 (94.12%)
Epoch 101 [0/84843] Loss: 0.428754
Epoch 101 [35000/84843] Loss: 0.407258
Epoch 101 [70000/84843] Loss: 0.645721
Epoch 101 - Avg Loss: 0.453827 | Train Acc: 92.86%
Val: loss=0.4184, acc=10394/10975 (94.71%)
Epoch 102 [0/84843] Loss: 0.560995
Epoch 102 [35000/84843] Loss: 0.476915
Epoch 102 [70000/84843] Loss: 0.361521
Epoch 102 - Avg Loss: 0.451113 | Train Acc: 92.97%
Val: loss=0.4417, acc=10283/10975 (93.69%)
Epoch 103 [0/84843] Loss: 0.626804
Epoch 103 [35000/84843] Loss: 0.411168
Epoch 103 [70000/84843] Loss: 0.309375
Epoch 103 - Avg Loss: 0.453095 | Train Acc: 92.88%
Val: loss=0.4301, acc=10336/10975 (94.18%)
Epoch 104 [0/84843] Loss: 0.451789
Epoch 104 [35000/84843] Loss: 0.500817
Epoch 104 [70000/84843] Loss: 0.566692
Epoch 104 - Avg Loss: 0.453663 | Train Acc: 92.87%
Val: loss=0.4147, acc=10400/10975 (94.76%)
Epoch 105 [0/84843] Loss: 0.296078
Epoch 105 [35000/84843] Loss: 0.329847
Epoch 105 [70000/84843] Loss: 0.370622
Epoch 105 - Avg Loss: 0.451533 | Train Acc: 92.96%
Val: loss=0.4190, acc=10396/10975 (94.72%)
Epoch 106 [0/84843] Loss: 0.316652
Epoch 106 [35000/84843] Loss: 0.372770
Epoch 106 [70000/84843] Loss: 0.678021
Epoch 106 - Avg Loss: 0.450756 | Train Acc: 93.00%
Val: loss=0.4376, acc=10309/10975 (93.93%)
Epoch 107 [0/84843] Loss: 0.485184
Epoch 107 [35000/84843] Loss: 0.439461
Epoch 107 [70000/84843] Loss: 0.460886
Epoch 107 - Avg Loss: 0.451990 | Train Acc: 92.93%
Val: loss=0.4194, acc=10387/10975 (94.64%)
Epoch 108 [0/84843] Loss: 0.797592
Epoch 108 [35000/84843] Loss: 0.356885
Epoch 108 [70000/84843] Loss: 0.509743
Epoch 108 - Avg Loss: 0.447770 | Train Acc: 93.08%
Val: loss=0.4322, acc=10313/10975 (93.97%)
Epoch 109 [0/84843] Loss: 0.383572
Epoch 109 [35000/84843] Loss: 0.333577
Epoch 109 [70000/84843] Loss: 0.380371
Epoch 109 - Avg Loss: 0.450574 | Train Acc: 92.99%
Val: loss=0.4213, acc=10365/10975 (94.44%)
Epoch 110 [0/84843] Loss: 0.346149
Epoch 110 [35000/84843] Loss: 0.433036
Epoch 110 [70000/84843] Loss: 0.451367
Epoch 110 - Avg Loss: 0.448552 | Train Acc: 93.08%
Val: loss=0.4248, acc=10362/10975 (94.41%)
Epoch 111 [0/84843] Loss: 0.367484
Epoch 111 [35000/84843] Loss: 0.403843
Epoch 111 [70000/84843] Loss: 0.646889
Epoch 111 - Avg Loss: 0.449815 | Train Acc: 92.96%
Val: loss=0.4249, acc=10350/10975 (94.31%)
Epoch 112 [0/84843] Loss: 0.477031
Epoch 112 [35000/84843] Loss: 0.408022
Epoch 112 [70000/84843] Loss: 0.377622
Epoch 112 - Avg Loss: 0.443309 | Train Acc: 93.27%
Val: loss=0.4209, acc=10374/10975 (94.52%)
Epoch 113 [0/84843] Loss: 0.365451
Epoch 113 [35000/84843] Loss: 0.310786
Epoch 113 [70000/84843] Loss: 0.492088
Epoch 113 - Avg Loss: 0.443536 | Train Acc: 93.33%
Val: loss=0.4125, acc=10419/10975 (94.93%)
Epoch 114 [0/84843] Loss: 0.487616
Epoch 114 [35000/84843] Loss: 0.303338
Epoch 114 [70000/84843] Loss: 0.736274
Epoch 114 - Avg Loss: 0.444331 | Train Acc: 93.24%
Val: loss=0.4129, acc=10418/10975 (94.92%)
Epoch 115 [0/84843] Loss: 0.590473
Epoch 115 [35000/84843] Loss: 0.313219
Epoch 115 [70000/84843] Loss: 0.304004
Epoch 115 - Avg Loss: 0.445691 | Train Acc: 93.24%
Val: loss=0.4161, acc=10386/10975 (94.63%)
Epoch 116 [0/84843] Loss: 0.414181
Epoch 116 [35000/84843] Loss: 0.425795
Epoch 116 [70000/84843] Loss: 0.310827
Epoch 116 - Avg Loss: 0.447764 | Train Acc: 93.08%
Val: loss=0.4191, acc=10401/10975 (94.77%)
Epoch 117 [0/84843] Loss: 0.377975
Epoch 117 [35000/84843] Loss: 0.425642
Epoch 117 [70000/84843] Loss: 0.485625
Epoch 117 - Avg Loss: 0.442933 | Train Acc: 93.29%
Val: loss=0.4224, acc=10389/10975 (94.66%)
Epoch 118 [0/84843] Loss: 0.297379
Epoch 118 [35000/84843] Loss: 0.320382
Epoch 118 [70000/84843] Loss: 0.668212
Epoch 118 - Avg Loss: 0.446568 | Train Acc: 93.12%
Val: loss=0.4124, acc=10399/10975 (94.75%)
Epoch 119 [0/84843] Loss: 0.505653
Epoch 119 [35000/84843] Loss: 0.389372
Epoch 119 [70000/84843] Loss: 0.467432
Epoch 119 - Avg Loss: 0.444094 | Train Acc: 93.25%
Val: loss=0.4189, acc=10392/10975 (94.69%)
Epoch 120 [0/84843] Loss: 0.392738
Epoch 120 [35000/84843] Loss: 0.472906
Epoch 120 [70000/84843] Loss: 0.385477
Epoch 120 - Avg Loss: 0.439123 | Train Acc: 93.47%
Val: loss=0.4199, acc=10371/10975 (94.50%)
Epoch 121 [0/84843] Loss: 0.312564
Epoch 121 [35000/84843] Loss: 0.491042
Epoch 121 [70000/84843] Loss: 0.409575
Epoch 121 - Avg Loss: 0.446209 | Train Acc: 93.19%
Val: loss=0.4137, acc=10429/10975 (95.03%)
Epoch 122 [0/84843] Loss: 0.475466
Epoch 122 [35000/84843] Loss: 0.466341
Epoch 122 [70000/84843] Loss: 0.331196
Epoch 122 - Avg Loss: 0.440319 | Train Acc: 93.40%
Val: loss=0.4091, acc=10431/10975 (95.04%)
Epoch 123 [0/84843] Loss: 0.460458
Epoch 123 [35000/84843] Loss: 0.488076
Epoch 123 [70000/84843] Loss: 0.373974
Epoch 123 - Avg Loss: 0.445672 | Train Acc: 93.13%
Val: loss=0.4266, acc=10350/10975 (94.31%)
Epoch 124 [0/84843] Loss: 0.355882
Epoch 124 [35000/84843] Loss: 0.374854
Epoch 124 [70000/84843] Loss: 0.596845
Epoch 124 - Avg Loss: 0.441748 | Train Acc: 93.35%
Val: loss=0.4115, acc=10418/10975 (94.92%)
Epoch 125 [0/84843] Loss: 0.564687
Epoch 125 [35000/84843] Loss: 0.371544
Epoch 125 [70000/84843] Loss: 0.389218
Epoch 125 - Avg Loss: 0.439398 | Train Acc: 93.42%
Val: loss=0.4317, acc=10299/10975 (93.84%)
Epoch 126 [0/84843] Loss: 0.352830
Epoch 126 [35000/84843] Loss: 0.354065
Epoch 126 [70000/84843] Loss: 0.602793
Epoch 126 - Avg Loss: 0.438137 | Train Acc: 93.47%
Val: loss=0.4107, acc=10425/10975 (94.99%)
Epoch 127 [0/84843] Loss: 0.472208
Epoch 127 [35000/84843] Loss: 0.336405
Epoch 127 [70000/84843] Loss: 0.328097
Epoch 127 - Avg Loss: 0.440762 | Train Acc: 93.31%
Val: loss=0.4223, acc=10361/10975 (94.41%)
Epoch 128 [0/84843] Loss: 0.346048
Epoch 128 [35000/84843] Loss: 0.584520
Epoch 128 [70000/84843] Loss: 0.361229
Epoch 128 - Avg Loss: 0.441694 | Train Acc: 93.35%
Val: loss=0.4257, acc=10354/10975 (94.34%)
Epoch 129 [0/84843] Loss: 0.525442
Epoch 129 [35000/84843] Loss: 0.466538
Epoch 129 [70000/84843] Loss: 0.451145
Epoch 129 - Avg Loss: 0.435240 | Train Acc: 93.54%
Val: loss=0.4092, acc=10434/10975 (95.07%)
Epoch 130 [0/84843] Loss: 0.369758
Epoch 130 [35000/84843] Loss: 0.381956
Epoch 130 [70000/84843] Loss: 0.471343
Epoch 130 - Avg Loss: 0.438580 | Train Acc: 93.45%
Val: loss=0.4069, acc=10424/10975 (94.98%)
Epoch 131 [0/84843] Loss: 0.471075
Epoch 131 [35000/84843] Loss: 0.363414
Epoch 131 [70000/84843] Loss: 0.476462
Epoch 131 - Avg Loss: 0.441908 | Train Acc: 93.28%
Val: loss=0.4121, acc=10402/10975 (94.78%)
Epoch 132 [0/84843] Loss: 0.447999
Epoch 132 [35000/84843] Loss: 0.505281
Epoch 132 [70000/84843] Loss: 0.456160
Epoch 132 - Avg Loss: 0.439345 | Train Acc: 93.39%
Val: loss=0.4162, acc=10390/10975 (94.67%)
Epoch 133 [0/84843] Loss: 0.430579
Epoch 133 [35000/84843] Loss: 0.461307
Epoch 133 [70000/84843] Loss: 0.428392
Epoch 133 - Avg Loss: 0.436974 | Train Acc: 93.57%
Val: loss=0.3971, acc=10482/10975 (95.51%)
saved best: 95.51%
Epoch 134 [0/84843] Loss: 0.389396
Epoch 134 [35000/84843] Loss: 0.518403
Epoch 134 [70000/84843] Loss: 0.471634
Epoch 134 - Avg Loss: 0.437835 | Train Acc: 93.48%
Val: loss=0.4073, acc=10435/10975 (95.08%)
Epoch 135 [0/84843] Loss: 0.428739
Epoch 135 [35000/84843] Loss: 0.370233
Epoch 135 [70000/84843] Loss: 0.370133
Epoch 135 - Avg Loss: 0.433048 | Train Acc: 93.72%
Val: loss=0.4073, acc=10432/10975 (95.05%)
Epoch 136 [0/84843] Loss: 0.380864
Epoch 136 [35000/84843] Loss: 0.494180
Epoch 136 [70000/84843] Loss: 0.463092
Epoch 136 - Avg Loss: 0.437581 | Train Acc: 93.53%
Val: loss=0.4178, acc=10383/10975 (94.61%)
Epoch 137 [0/84843] Loss: 0.352049
Epoch 137 [35000/84843] Loss: 0.362427
Epoch 137 [70000/84843] Loss: 0.455957
Epoch 137 - Avg Loss: 0.437657 | Train Acc: 93.49%
Val: loss=0.4192, acc=10381/10975 (94.59%)
Epoch 138 [0/84843] Loss: 0.352575
Epoch 138 [35000/84843] Loss: 0.374108
Epoch 138 [70000/84843] Loss: 0.356919
Epoch 138 - Avg Loss: 0.435830 | Train Acc: 93.57%
Val: loss=0.4193, acc=10377/10975 (94.55%)
Epoch 139 [0/84843] Loss: 0.579501
Epoch 139 [35000/84843] Loss: 0.450562
Epoch 139 [70000/84843] Loss: 0.428770
Epoch 139 - Avg Loss: 0.432333 | Train Acc: 93.68%
Val: loss=0.4058, acc=10442/10975 (95.14%)
Epoch 140 [0/84843] Loss: 0.533306
Epoch 140 [35000/84843] Loss: 0.490486
Epoch 140 [70000/84843] Loss: 0.377207
Epoch 140 - Avg Loss: 0.436081 | Train Acc: 93.51%
Val: loss=0.4215, acc=10359/10975 (94.39%)
Epoch 141 [0/84843] Loss: 0.580665
Epoch 141 [35000/84843] Loss: 0.361040
Epoch 141 [70000/84843] Loss: 0.409459
Epoch 141 - Avg Loss: 0.434399 | Train Acc: 93.56%
Val: loss=0.4087, acc=10427/10975 (95.01%)
Epoch 142 [0/84843] Loss: 0.481261
Epoch 142 [35000/84843] Loss: 0.373992
Epoch 142 [70000/84843] Loss: 0.464809
Epoch 142 - Avg Loss: 0.436039 | Train Acc: 93.53%
Val: loss=0.4070, acc=10434/10975 (95.07%)
Epoch 143 [0/84843] Loss: 0.350060
Epoch 143 [35000/84843] Loss: 0.385207
Epoch 143 [70000/84843] Loss: 0.567207
Epoch 143 - Avg Loss: 0.432902 | Train Acc: 93.62%
Val: loss=0.3996, acc=10473/10975 (95.43%)
Epoch 144 [0/84843] Loss: 0.502497
Epoch 144 [35000/84843] Loss: 0.432767
Epoch 144 [70000/84843] Loss: 0.455458
Epoch 144 - Avg Loss: 0.430204 | Train Acc: 93.71%
Val: loss=0.4136, acc=10422/10975 (94.96%)
Epoch 145 [0/84843] Loss: 0.679002
Epoch 145 [35000/84843] Loss: 0.366374
Epoch 145 [70000/84843] Loss: 0.382971
Epoch 145 - Avg Loss: 0.428794 | Train Acc: 93.84%
Val: loss=0.4086, acc=10441/10975 (95.13%)
Epoch 146 [0/84843] Loss: 0.584475
Epoch 146 [35000/84843] Loss: 0.414886
Epoch 146 [70000/84843] Loss: 0.499175
Epoch 146 - Avg Loss: 0.433839 | Train Acc: 93.61%
Val: loss=0.4128, acc=10401/10975 (94.77%)
Epoch 147 [0/84843] Loss: 0.497847
Epoch 147 [35000/84843] Loss: 0.331577
Epoch 147 [70000/84843] Loss: 0.394550
Epoch 147 - Avg Loss: 0.427492 | Train Acc: 93.91%
Val: loss=0.4096, acc=10426/10975 (95.00%)
Epoch 148 [0/84843] Loss: 0.479771
Epoch 148 [35000/84843] Loss: 0.500055
Epoch 148 [70000/84843] Loss: 0.614269
Epoch 148 - Avg Loss: 0.431400 | Train Acc: 93.72%
Val: loss=0.4025, acc=10435/10975 (95.08%)
Epoch 149 [0/84843] Loss: 0.323844
Epoch 149 [35000/84843] Loss: 0.340627
Epoch 149 [70000/84843] Loss: 0.475609
Epoch 149 - Avg Loss: 0.426431 | Train Acc: 93.92%
Val: loss=0.4022, acc=10435/10975 (95.08%)
Epoch 150 [0/84843] Loss: 0.487858
Epoch 150 [35000/84843] Loss: 0.303535
Epoch 150 [70000/84843] Loss: 0.481308
Epoch 150 - Avg Loss: 0.430486 | Train Acc: 93.81%
Val: loss=0.4131, acc=10422/10975 (94.96%)
Epoch 151 [0/84843] Loss: 0.484731
Epoch 151 [35000/84843] Loss: 0.560017
Epoch 151 [70000/84843] Loss: 0.579395
Epoch 151 - Avg Loss: 0.430033 | Train Acc: 93.74%
Val: loss=0.4162, acc=10395/10975 (94.72%)
Epoch 152 [0/84843] Loss: 0.562672
Epoch 152 [35000/84843] Loss: 0.439459
Epoch 152 [70000/84843] Loss: 0.478082
Epoch 152 - Avg Loss: 0.432773 | Train Acc: 93.64%
Val: loss=0.4032, acc=10459/10975 (95.30%)
Epoch 153 [0/84843] Loss: 0.353588
Epoch 153 [35000/84843] Loss: 0.333681
Epoch 153 [70000/84843] Loss: 0.436628
Epoch 153 - Avg Loss: 0.426958 | Train Acc: 93.89%
Val: loss=0.4071, acc=10423/10975 (94.97%)
Epoch 154 [0/84843] Loss: 0.441286
Epoch 154 [35000/84843] Loss: 0.366262
Epoch 154 [70000/84843] Loss: 0.474020
Epoch 154 - Avg Loss: 0.430413 | Train Acc: 93.75%
Val: loss=0.4242, acc=10367/10975 (94.46%)
Epoch 155 [0/84843] Loss: 0.363557
Epoch 155 [35000/84843] Loss: 0.567649
Epoch 155 [70000/84843] Loss: 0.435562
Epoch 155 - Avg Loss: 0.431018 | Train Acc: 93.70%
Val: loss=0.4031, acc=10438/10975 (95.11%)
Epoch 156 [0/84843] Loss: 0.419776
Epoch 156 [35000/84843] Loss: 0.371931
Epoch 156 [70000/84843] Loss: 0.358570
Epoch 156 - Avg Loss: 0.430808 | Train Acc: 93.68%
Val: loss=0.4160, acc=10410/10975 (94.85%)
Epoch 157 [0/84843] Loss: 0.458532
Epoch 157 [35000/84843] Loss: 0.426502
Epoch 157 [70000/84843] Loss: 0.468837
Epoch 157 - Avg Loss: 0.426840 | Train Acc: 93.91%
Val: loss=0.4052, acc=10435/10975 (95.08%)
Epoch 158 [0/84843] Loss: 0.471380
Epoch 158 [35000/84843] Loss: 0.420448
Epoch 158 [70000/84843] Loss: 0.368187
Epoch 158 - Avg Loss: 0.429645 | Train Acc: 93.78%
Val: loss=0.4049, acc=10445/10975 (95.17%)
Epoch 159 [0/84843] Loss: 0.362933
Epoch 159 [35000/84843] Loss: 0.463936
Epoch 159 [70000/84843] Loss: 0.462081
Epoch 159 - Avg Loss: 0.426038 | Train Acc: 93.92%
Val: loss=0.4020, acc=10451/10975 (95.23%)
Epoch 160 [0/84843] Loss: 0.482518
Epoch 160 [35000/84843] Loss: 0.350140
Epoch 160 [70000/84843] Loss: 0.364458
Epoch 160 - Avg Loss: 0.427422 | Train Acc: 93.83%
Val: loss=0.4035, acc=10448/10975 (95.20%)
Epoch 161 [0/84843] Loss: 0.458475
Epoch 161 [35000/84843] Loss: 0.340986
Epoch 161 [70000/84843] Loss: 0.321210
Epoch 161 - Avg Loss: 0.426772 | Train Acc: 93.82%
Val: loss=0.4011, acc=10460/10975 (95.31%)
Epoch 162 [0/84843] Loss: 0.378173
Epoch 162 [35000/84843] Loss: 0.349428
Epoch 162 [70000/84843] Loss: 0.369996
Epoch 162 - Avg Loss: 0.424214 | Train Acc: 94.06%
Val: loss=0.3987, acc=10455/10975 (95.26%)
Epoch 163 [0/84843] Loss: 0.478915
Epoch 163 [35000/84843] Loss: 0.367385
Epoch 163 [70000/84843] Loss: 0.441804
Epoch 163 - Avg Loss: 0.423711 | Train Acc: 94.05%
Val: loss=0.3950, acc=10480/10975 (95.49%)
Epoch 164 [0/84843] Loss: 0.372366
Epoch 164 [35000/84843] Loss: 0.347474
Epoch 164 [70000/84843] Loss: 0.481872
Epoch 164 - Avg Loss: 0.425106 | Train Acc: 93.93%
Val: loss=0.4003, acc=10455/10975 (95.26%)
Epoch 165 [0/84843] Loss: 0.431035
Epoch 165 [35000/84843] Loss: 0.371839
Epoch 165 [70000/84843] Loss: 0.353281
Epoch 165 - Avg Loss: 0.427531 | Train Acc: 93.81%
Val: loss=0.4037, acc=10456/10975 (95.27%)
Epoch 166 [0/84843] Loss: 0.429651
Epoch 166 [35000/84843] Loss: 0.438619
Epoch 166 [70000/84843] Loss: 0.462924
Epoch 166 - Avg Loss: 0.424589 | Train Acc: 94.01%
Val: loss=0.4054, acc=10460/10975 (95.31%)
Epoch 167 [0/84843] Loss: 0.345881
Epoch 167 [35000/84843] Loss: 0.374404
Epoch 167 [70000/84843] Loss: 0.349403
Epoch 167 - Avg Loss: 0.428208 | Train Acc: 93.83%
Val: loss=0.4095, acc=10412/10975 (94.87%)
Epoch 168 [0/84843] Loss: 0.563531
Epoch 168 [35000/84843] Loss: 0.305918
Epoch 168 [70000/84843] Loss: 0.326312
Epoch 168 - Avg Loss: 0.422903 | Train Acc: 94.00%
Val: loss=0.4039, acc=10457/10975 (95.28%)
Epoch 169 [0/84843] Loss: 0.355094
Epoch 169 [35000/84843] Loss: 0.699146
Epoch 169 [70000/84843] Loss: 0.417820
Epoch 169 - Avg Loss: 0.426780 | Train Acc: 93.86%
Val: loss=0.4048, acc=10433/10975 (95.06%)
Epoch 170 [0/84843] Loss: 0.392896
Epoch 170 [35000/84843] Loss: 0.318148
Epoch 170 [70000/84843] Loss: 0.335930
Epoch 170 - Avg Loss: 0.423589 | Train Acc: 94.06%
Val: loss=0.3952, acc=10465/10975 (95.35%)
Epoch 171 [0/84843] Loss: 0.429325
Epoch 171 [35000/84843] Loss: 0.367333
Epoch 171 [70000/84843] Loss: 0.306799
Epoch 171 - Avg Loss: 0.424621 | Train Acc: 94.01%
Val: loss=0.3939, acc=10490/10975 (95.58%)
saved best: 95.58%
Epoch 172 [0/84843] Loss: 0.564375
Epoch 172 [35000/84843] Loss: 0.468258
Epoch 172 [70000/84843] Loss: 0.502419
Epoch 172 - Avg Loss: 0.421846 | Train Acc: 94.03%
Val: loss=0.3989, acc=10476/10975 (95.45%)
Epoch 173 [0/84843] Loss: 0.482328
Epoch 173 [35000/84843] Loss: 0.404191
Epoch 173 [70000/84843] Loss: 0.668782
Epoch 173 - Avg Loss: 0.423487 | Train Acc: 94.02%
Val: loss=0.4075, acc=10421/10975 (94.95%)
Epoch 174 [0/84843] Loss: 0.483374
Epoch 174 [35000/84843] Loss: 0.446574
Epoch 174 [70000/84843] Loss: 0.406874
Epoch 174 - Avg Loss: 0.420730 | Train Acc: 94.09%
Val: loss=0.3974, acc=10472/10975 (95.42%)
Epoch 175 [0/84843] Loss: 0.405832
Epoch 175 [35000/84843] Loss: 0.303488
Epoch 175 [70000/84843] Loss: 0.362198
Epoch 175 - Avg Loss: 0.419204 | Train Acc: 94.25%
Val: loss=0.3977, acc=10481/10975 (95.50%)
Epoch 176 [0/84843] Loss: 0.570245
Epoch 176 [35000/84843] Loss: 0.359639
Epoch 176 [70000/84843] Loss: 0.391048
Epoch 176 - Avg Loss: 0.421768 | Train Acc: 94.05%
Val: loss=0.4078, acc=10418/10975 (94.92%)
Epoch 177 [0/84843] Loss: 0.337047
Epoch 177 [35000/84843] Loss: 0.297010
Epoch 177 [70000/84843] Loss: 0.438820
Epoch 177 - Avg Loss: 0.423893 | Train Acc: 94.01%
Val: loss=0.3992, acc=10469/10975 (95.39%)
Epoch 178 [0/84843] Loss: 0.314479
Epoch 178 [35000/84843] Loss: 0.373045
Epoch 178 [70000/84843] Loss: 0.437815
Epoch 178 - Avg Loss: 0.425103 | Train Acc: 93.94%
Val: loss=0.3983, acc=10472/10975 (95.42%)
Epoch 179 [0/84843] Loss: 0.483388
Epoch 179 [35000/84843] Loss: 0.497252
Epoch 179 [70000/84843] Loss: 0.365135
Epoch 179 - Avg Loss: 0.419491 | Train Acc: 94.24%
Val: loss=0.3972, acc=10478/10975 (95.47%)
Epoch 180 [0/84843] Loss: 0.426621
Epoch 180 [35000/84843] Loss: 0.447825
Epoch 180 [70000/84843] Loss: 0.327226
Epoch 180 - Avg Loss: 0.420211 | Train Acc: 94.16%
Val: loss=0.3934, acc=10490/10975 (95.58%)
Epoch 181 [0/84843] Loss: 0.403131
Epoch 181 [35000/84843] Loss: 0.434652
Epoch 181 [70000/84843] Loss: 0.371379
Epoch 181 - Avg Loss: 0.417444 | Train Acc: 94.31%
Val: loss=0.3926, acc=10506/10975 (95.73%)
saved best: 95.73%
Epoch 182 [0/84843] Loss: 0.406155
Epoch 182 [35000/84843] Loss: 0.401420
Epoch 182 [70000/84843] Loss: 0.326071
Epoch 182 - Avg Loss: 0.424710 | Train Acc: 93.94%
Val: loss=0.3968, acc=10474/10975 (95.44%)
Epoch 183 [0/84843] Loss: 0.492595
Epoch 183 [35000/84843] Loss: 0.340406
Epoch 183 [70000/84843] Loss: 0.365536
Epoch 183 - Avg Loss: 0.418246 | Train Acc: 94.24%
Val: loss=0.3997, acc=10464/10975 (95.34%)
Epoch 184 [0/84843] Loss: 0.464436
Epoch 184 [35000/84843] Loss: 0.518833
Epoch 184 [70000/84843] Loss: 0.374371
Epoch 184 - Avg Loss: 0.421393 | Train Acc: 94.19%
Val: loss=0.3892, acc=10505/10975 (95.72%)
Epoch 185 [0/84843] Loss: 0.348188
Epoch 185 [35000/84843] Loss: 0.511903
Epoch 185 [70000/84843] Loss: 0.398235
Epoch 185 - Avg Loss: 0.416257 | Train Acc: 94.24%
Val: loss=0.4095, acc=10414/10975 (94.89%)
Epoch 186 [0/84843] Loss: 0.397068
Epoch 186 [35000/84843] Loss: 0.304660
Epoch 186 [70000/84843] Loss: 0.350027
Epoch 186 - Avg Loss: 0.419680 | Train Acc: 94.16%
Val: loss=0.3998, acc=10458/10975 (95.29%)
Epoch 187 [0/84843] Loss: 0.614577
Epoch 187 [35000/84843] Loss: 0.322664
Epoch 187 [70000/84843] Loss: 0.421435
Epoch 187 - Avg Loss: 0.419538 | Train Acc: 94.19%
Val: loss=0.3899, acc=10503/10975 (95.70%)
Epoch 188 [0/84843] Loss: 0.454076
Epoch 188 [35000/84843] Loss: 0.325726
Epoch 188 [70000/84843] Loss: 0.450688
Epoch 188 - Avg Loss: 0.419097 | Train Acc: 94.09%
Val: loss=0.3972, acc=10475/10975 (95.44%)
Epoch 189 [0/84843] Loss: 0.341725
Epoch 189 [35000/84843] Loss: 0.400923
Epoch 189 [70000/84843] Loss: 0.369999
Epoch 189 - Avg Loss: 0.413822 | Train Acc: 94.37%
Val: loss=0.4000, acc=10461/10975 (95.32%)
Epoch 190 [0/84843] Loss: 0.301253
Epoch 190 [35000/84843] Loss: 0.386713
Epoch 190 [70000/84843] Loss: 0.532951
Epoch 190 - Avg Loss: 0.416939 | Train Acc: 94.27%
Val: loss=0.3995, acc=10476/10975 (95.45%)
Epoch 191 [0/84843] Loss: 0.363212
Epoch 191 [35000/84843] Loss: 0.591836
Epoch 191 [70000/84843] Loss: 0.583465
Epoch 191 - Avg Loss: 0.418447 | Train Acc: 94.17%
Val: loss=0.3986, acc=10451/10975 (95.23%)
Epoch 192 [0/84843] Loss: 0.536334
Epoch 192 [35000/84843] Loss: 0.407303
Epoch 192 [70000/84843] Loss: 0.330709
Epoch 192 - Avg Loss: 0.416511 | Train Acc: 94.19%
Val: loss=0.3999, acc=10457/10975 (95.28%)
Epoch 193 [0/84843] Loss: 0.360361
Epoch 193 [35000/84843] Loss: 0.516668
Epoch 193 [70000/84843] Loss: 0.402533
Epoch 193 - Avg Loss: 0.418911 | Train Acc: 94.22%
Val: loss=0.3908, acc=10511/10975 (95.77%)
saved best: 95.77%
Epoch 194 [0/84843] Loss: 0.425437
Epoch 194 [35000/84843] Loss: 0.385429
Epoch 194 [70000/84843] Loss: 0.513239
Epoch 194 - Avg Loss: 0.417559 | Train Acc: 94.24%
Val: loss=0.3991, acc=10473/10975 (95.43%)
Epoch 195 [0/84843] Loss: 0.296005
Epoch 195 [35000/84843] Loss: 0.433914
Epoch 195 [70000/84843] Loss: 0.418944
Epoch 195 - Avg Loss: 0.417874 | Train Acc: 94.25%
Val: loss=0.4019, acc=10456/10975 (95.27%)
Epoch 196 [0/84843] Loss: 0.343439
Epoch 196 [35000/84843] Loss: 0.477932
Epoch 196 [70000/84843] Loss: 0.393483
Epoch 196 - Avg Loss: 0.413802 | Train Acc: 94.39%
Val: loss=0.3970, acc=10483/10975 (95.52%)
Epoch 197 [0/84843] Loss: 0.296664
Epoch 197 [35000/84843] Loss: 0.432902
Epoch 197 [70000/84843] Loss: 0.428508
Epoch 197 - Avg Loss: 0.415143 | Train Acc: 94.40%
Val: loss=0.4027, acc=10442/10975 (95.14%)
Epoch 198 [0/84843] Loss: 0.554001
Epoch 198 [35000/84843] Loss: 0.320316
Epoch 198 [70000/84843] Loss: 0.396643
Epoch 198 - Avg Loss: 0.414449 | Train Acc: 94.26%
Val: loss=0.3926, acc=10482/10975 (95.51%)
Epoch 199 [0/84843] Loss: 0.394041
Epoch 199 [35000/84843] Loss: 0.426717
Epoch 199 [70000/84843] Loss: 0.374436
Epoch 199 - Avg Loss: 0.413725 | Train Acc: 94.37%
Val: loss=0.3927, acc=10501/10975 (95.68%)
Epoch 200 [0/84843] Loss: 0.576335
Epoch 200 [35000/84843] Loss: 0.500856
Epoch 200 [70000/84843] Loss: 0.320499
Epoch 200 - Avg Loss: 0.410659 | Train Acc: 94.52%
Val: loss=0.3965, acc=10488/10975 (95.56%)
Epoch 201 [0/84843] Loss: 0.390592
Epoch 201 [35000/84843] Loss: 0.425440
Epoch 201 [70000/84843] Loss: 0.559835
Epoch 201 - Avg Loss: 0.412855 | Train Acc: 94.40%
Val: loss=0.3911, acc=10490/10975 (95.58%)
Epoch 202 [0/84843] Loss: 0.653523
Epoch 202 [35000/84843] Loss: 0.294954
Epoch 202 [70000/84843] Loss: 0.385692
Epoch 202 - Avg Loss: 0.414607 | Train Acc: 94.29%
Val: loss=0.3959, acc=10491/10975 (95.59%)
Epoch 203 [0/84843] Loss: 0.414267
Epoch 203 [35000/84843] Loss: 0.465624
Epoch 203 [70000/84843] Loss: 0.320570
Epoch 203 - Avg Loss: 0.412661 | Train Acc: 94.48%
Val: loss=0.3901, acc=10488/10975 (95.56%)
Epoch 204 [0/84843] Loss: 0.351859
Epoch 204 [35000/84843] Loss: 0.439339
Epoch 204 [70000/84843] Loss: 0.331679
Epoch 204 - Avg Loss: 0.413378 | Train Acc: 94.45%
Val: loss=0.3919, acc=10495/10975 (95.63%)
Epoch 205 [0/84843] Loss: 0.347090
Epoch 205 [35000/84843] Loss: 0.368050
Epoch 205 [70000/84843] Loss: 0.304856
Epoch 205 - Avg Loss: 0.405640 | Train Acc: 94.72%
Val: loss=0.3907, acc=10507/10975 (95.74%)
Epoch 206 [0/84843] Loss: 0.346159
Epoch 206 [35000/84843] Loss: 0.290657
Epoch 206 [70000/84843] Loss: 0.490881
Epoch 206 - Avg Loss: 0.407817 | Train Acc: 94.62%
Val: loss=0.3911, acc=10487/10975 (95.55%)
Epoch 207 [0/84843] Loss: 0.470454
Epoch 207 [35000/84843] Loss: 0.365458
Epoch 207 [70000/84843] Loss: 0.453734
Epoch 207 - Avg Loss: 0.409039 | Train Acc: 94.54%
Val: loss=0.3927, acc=10490/10975 (95.58%)
Epoch 208 [0/84843] Loss: 0.487330
Epoch 208 [35000/84843] Loss: 0.412591
Epoch 208 [70000/84843] Loss: 0.459780
Epoch 208 - Avg Loss: 0.410517 | Train Acc: 94.53%
Val: loss=0.4024, acc=10460/10975 (95.31%)
Epoch 209 [0/84843] Loss: 0.484148
Epoch 209 [35000/84843] Loss: 0.580789
Epoch 209 [70000/84843] Loss: 0.393402
Epoch 209 - Avg Loss: 0.413617 | Train Acc: 94.39%
Val: loss=0.3901, acc=10500/10975 (95.67%)
Epoch 210 [0/84843] Loss: 0.426987
Epoch 210 [35000/84843] Loss: 0.381071
Epoch 210 [70000/84843] Loss: 0.346972
Epoch 210 - Avg Loss: 0.416814 | Train Acc: 94.16%
Val: loss=0.3875, acc=10513/10975 (95.79%)
saved best: 95.79%
Epoch 211 [0/84843] Loss: 0.477822
Epoch 211 [35000/84843] Loss: 0.340002
Epoch 211 [70000/84843] Loss: 0.380488
Epoch 211 - Avg Loss: 0.407524 | Train Acc: 94.61%
Val: loss=0.3917, acc=10495/10975 (95.63%)
Epoch 212 [0/84843] Loss: 0.509378
Epoch 212 [35000/84843] Loss: 0.388804
Epoch 212 [70000/84843] Loss: 0.500719
Epoch 212 - Avg Loss: 0.414148 | Train Acc: 94.31%
Val: loss=0.3913, acc=10507/10975 (95.74%)
Epoch 213 [0/84843] Loss: 0.352029
Epoch 213 [35000/84843] Loss: 0.322349
Epoch 213 [70000/84843] Loss: 0.577660
Epoch 213 - Avg Loss: 0.407534 | Train Acc: 94.61%
Val: loss=0.3983, acc=10474/10975 (95.44%)
Epoch 214 [0/84843] Loss: 0.447319
Epoch 214 [35000/84843] Loss: 0.449891
Epoch 214 [70000/84843] Loss: 0.350376
Epoch 214 - Avg Loss: 0.410858 | Train Acc: 94.50%
Val: loss=0.4047, acc=10457/10975 (95.28%)
Epoch 215 [0/84843] Loss: 0.421649
Epoch 215 [35000/84843] Loss: 0.500593
Epoch 215 [70000/84843] Loss: 0.299458
Epoch 215 - Avg Loss: 0.410805 | Train Acc: 94.48%
Val: loss=0.3960, acc=10477/10975 (95.46%)
Epoch 216 [0/84843] Loss: 0.374400
Epoch 216 [35000/84843] Loss: 0.544469
Epoch 216 [70000/84843] Loss: 0.405542
Epoch 216 - Avg Loss: 0.410890 | Train Acc: 94.47%
Val: loss=0.3934, acc=10487/10975 (95.55%)
Epoch 217 [0/84843] Loss: 0.310745
Epoch 217 [35000/84843] Loss: 0.293927
Epoch 217 [70000/84843] Loss: 0.472045
Epoch 217 - Avg Loss: 0.411589 | Train Acc: 94.44%
Val: loss=0.3921, acc=10508/10975 (95.74%)
Epoch 218 [0/84843] Loss: 0.407262
Epoch 218 [35000/84843] Loss: 0.572894
Epoch 218 [70000/84843] Loss: 0.424741
Epoch 218 - Avg Loss: 0.407687 | Train Acc: 94.63%
Val: loss=0.3989, acc=10453/10975 (95.24%)
Epoch 219 [0/84843] Loss: 0.472432
Epoch 219 [35000/84843] Loss: 0.342722
Epoch 219 [70000/84843] Loss: 0.705888
Epoch 219 - Avg Loss: 0.410573 | Train Acc: 94.48%
Val: loss=0.3916, acc=10492/10975 (95.60%)
Epoch 220 [0/84843] Loss: 0.433938
Epoch 220 [35000/84843] Loss: 0.383137
Epoch 220 [70000/84843] Loss: 0.465978
Epoch 220 - Avg Loss: 0.406885 | Train Acc: 94.64%
Val: loss=0.3924, acc=10481/10975 (95.50%)
Epoch 221 [0/84843] Loss: 0.460970
Epoch 221 [35000/84843] Loss: 0.322380
Epoch 221 [70000/84843] Loss: 0.409149
Epoch 221 - Avg Loss: 0.409781 | Train Acc: 94.51%
Val: loss=0.3923, acc=10489/10975 (95.57%)
Epoch 222 [0/84843] Loss: 0.416058
Epoch 222 [35000/84843] Loss: 0.316627
Epoch 222 [70000/84843] Loss: 0.412901
Epoch 222 - Avg Loss: 0.406682 | Train Acc: 94.62%
Val: loss=0.3913, acc=10509/10975 (95.75%)
Epoch 223 [0/84843] Loss: 0.481429
Epoch 223 [35000/84843] Loss: 0.338399
Epoch 223 [70000/84843] Loss: 0.681483
Epoch 223 - Avg Loss: 0.411662 | Train Acc: 94.47%
Val: loss=0.3935, acc=10487/10975 (95.55%)
Epoch 224 [0/84843] Loss: 0.457450
Epoch 224 [35000/84843] Loss: 0.359938
Epoch 224 [70000/84843] Loss: 0.340067
Epoch 224 - Avg Loss: 0.406910 | Train Acc: 94.63%
Val: loss=0.3864, acc=10527/10975 (95.92%)
saved best: 95.92%
Epoch 225 [0/84843] Loss: 0.308105
Epoch 225 [35000/84843] Loss: 0.347262
Epoch 225 [70000/84843] Loss: 0.374681
Epoch 225 - Avg Loss: 0.406015 | Train Acc: 94.70%
Val: loss=0.3869, acc=10514/10975 (95.80%)
Epoch 226 [0/84843] Loss: 0.358233
Epoch 226 [35000/84843] Loss: 0.406790
Epoch 226 [70000/84843] Loss: 0.370647
Epoch 226 - Avg Loss: 0.410582 | Train Acc: 94.46%
Val: loss=0.3871, acc=10515/10975 (95.81%)
Epoch 227 [0/84843] Loss: 0.342924
Epoch 227 [35000/84843] Loss: 0.378565
Epoch 227 [70000/84843] Loss: 0.651321
Epoch 227 - Avg Loss: 0.403206 | Train Acc: 94.80%
Val: loss=0.3846, acc=10536/10975 (96.00%)
saved best: 96.00%
Epoch 228 [0/84843] Loss: 0.345130
Epoch 228 [35000/84843] Loss: 0.347329
Epoch 228 [70000/84843] Loss: 0.428219
Epoch 228 - Avg Loss: 0.407025 | Train Acc: 94.68%
Val: loss=0.3950, acc=10496/10975 (95.64%)
Epoch 229 [0/84843] Loss: 0.718384
Epoch 229 [35000/84843] Loss: 0.433396
Epoch 229 [70000/84843] Loss: 0.377003
Epoch 229 - Avg Loss: 0.406054 | Train Acc: 94.69%
Val: loss=0.3907, acc=10505/10975 (95.72%)
Epoch 230 [0/84843] Loss: 0.407798
Epoch 230 [35000/84843] Loss: 0.311847
Epoch 230 [70000/84843] Loss: 0.428959
Epoch 230 - Avg Loss: 0.405437 | Train Acc: 94.69%
Val: loss=0.3963, acc=10470/10975 (95.40%)
Epoch 231 [0/84843] Loss: 0.388585
Epoch 231 [35000/84843] Loss: 0.542078
Epoch 231 [70000/84843] Loss: 0.327987
Epoch 231 - Avg Loss: 0.404160 | Train Acc: 94.76%
Val: loss=0.3941, acc=10470/10975 (95.40%)
Epoch 232 [0/84843] Loss: 0.652526
Epoch 232 [35000/84843] Loss: 0.522759
Epoch 232 [70000/84843] Loss: 0.308787
Epoch 232 - Avg Loss: 0.403703 | Train Acc: 94.75%
Val: loss=0.3880, acc=10511/10975 (95.77%)
Epoch 233 [0/84843] Loss: 0.388302
Epoch 233 [35000/84843] Loss: 0.454295
Epoch 233 [70000/84843] Loss: 0.304631
Epoch 233 - Avg Loss: 0.403965 | Train Acc: 94.76%
Val: loss=0.3985, acc=10453/10975 (95.24%)
Epoch 234 [0/84843] Loss: 0.370132
Epoch 234 [35000/84843] Loss: 0.395719
Epoch 234 [70000/84843] Loss: 0.319038
Epoch 234 - Avg Loss: 0.402518 | Train Acc: 94.82%
Val: loss=0.3845, acc=10534/10975 (95.98%)
Epoch 235 [0/84843] Loss: 0.301008
Epoch 235 [35000/84843] Loss: 0.332809
Epoch 235 [70000/84843] Loss: 0.286335
Epoch 235 - Avg Loss: 0.404122 | Train Acc: 94.73%
Val: loss=0.3829, acc=10525/10975 (95.90%)
Epoch 236 [0/84843] Loss: 0.345949
Epoch 236 [35000/84843] Loss: 0.597061
Epoch 236 [70000/84843] Loss: 0.381169
Epoch 236 - Avg Loss: 0.402995 | Train Acc: 94.80%
Val: loss=0.3818, acc=10539/10975 (96.03%)
saved best: 96.03%
Epoch 237 [0/84843] Loss: 0.402706
Epoch 237 [35000/84843] Loss: 0.337384
Epoch 237 [70000/84843] Loss: 0.474925
Epoch 237 - Avg Loss: 0.405560 | Train Acc: 94.66%
Val: loss=0.3865, acc=10519/10975 (95.85%)
Epoch 238 [0/84843] Loss: 0.370816
Epoch 238 [35000/84843] Loss: 0.355439
Epoch 238 [70000/84843] Loss: 0.372656
Epoch 238 - Avg Loss: 0.404458 | Train Acc: 94.72%
Val: loss=0.4026, acc=10433/10975 (95.06%)
Epoch 239 [0/84843] Loss: 0.611812
Epoch 239 [35000/84843] Loss: 0.455118
Epoch 239 [70000/84843] Loss: 0.303281
Epoch 239 - Avg Loss: 0.405436 | Train Acc: 94.70%
Val: loss=0.3930, acc=10501/10975 (95.68%)
Epoch 240 [0/84843] Loss: 0.336583
Epoch 240 [35000/84843] Loss: 0.382141
Epoch 240 [70000/84843] Loss: 0.464985
Epoch 240 - Avg Loss: 0.403854 | Train Acc: 94.73%
Val: loss=0.3870, acc=10516/10975 (95.82%)
Epoch 241 [0/84843] Loss: 0.313109
Epoch 241 [35000/84843] Loss: 0.301306
Epoch 241 [70000/84843] Loss: 0.343213
Epoch 241 - Avg Loss: 0.402224 | Train Acc: 94.85%
Val: loss=0.3976, acc=10483/10975 (95.52%)
Epoch 242 [0/84843] Loss: 0.338537
Epoch 242 [35000/84843] Loss: 0.558665
Epoch 242 [70000/84843] Loss: 0.331172
Epoch 242 - Avg Loss: 0.400725 | Train Acc: 94.89%
Val: loss=0.3922, acc=10486/10975 (95.54%)
Epoch 243 [0/84843] Loss: 0.308061
Epoch 243 [35000/84843] Loss: 0.396351
Epoch 243 [70000/84843] Loss: 0.499403
Epoch 243 - Avg Loss: 0.400445 | Train Acc: 94.84%
Val: loss=0.3955, acc=10486/10975 (95.54%)
Epoch 244 [0/84843] Loss: 0.300523
Epoch 244 [35000/84843] Loss: 0.342874
Epoch 244 [70000/84843] Loss: 0.524800
Epoch 244 - Avg Loss: 0.399860 | Train Acc: 94.94%
Val: loss=0.3847, acc=10537/10975 (96.01%)
Epoch 245 [0/84843] Loss: 0.371908
Epoch 245 [35000/84843] Loss: 0.408917
Epoch 245 [70000/84843] Loss: 0.393945
Epoch 245 - Avg Loss: 0.402186 | Train Acc: 94.87%
Val: loss=0.3917, acc=10502/10975 (95.69%)
Epoch 246 [0/84843] Loss: 0.394726
Epoch 246 [35000/84843] Loss: 0.426177
Epoch 246 [70000/84843] Loss: 0.279488
Epoch 246 - Avg Loss: 0.403158 | Train Acc: 94.77%
Val: loss=0.3892, acc=10504/10975 (95.71%)
Epoch 247 [0/84843] Loss: 0.482790
Epoch 247 [35000/84843] Loss: 0.536605
Epoch 247 [70000/84843] Loss: 0.374413
Epoch 247 - Avg Loss: 0.403942 | Train Acc: 94.75%
Val: loss=0.3912, acc=10503/10975 (95.70%)
Epoch 248 [0/84843] Loss: 0.442601
Epoch 248 [35000/84843] Loss: 0.293064
Epoch 248 [70000/84843] Loss: 0.393448
Epoch 248 - Avg Loss: 0.400755 | Train Acc: 94.85%
Val: loss=0.3835, acc=10538/10975 (96.02%)
Epoch 249 [0/84843] Loss: 0.414110
Epoch 249 [35000/84843] Loss: 0.307425
Epoch 249 [70000/84843] Loss: 0.518648
Epoch 249 - Avg Loss: 0.398060 | Train Acc: 95.03%
Val: loss=0.3874, acc=10506/10975 (95.73%)
Epoch 250 [0/84843] Loss: 0.381355
Epoch 250 [35000/84843] Loss: 0.467665
Epoch 250 [70000/84843] Loss: 0.479223
Epoch 250 - Avg Loss: 0.401156 | Train Acc: 94.83%
Val: loss=0.3815, acc=10548/10975 (96.11%)
saved best: 96.11%
Epoch 251 [0/84843] Loss: 0.386664
Epoch 251 [35000/84843] Loss: 0.455491
Epoch 251 [70000/84843] Loss: 0.420600
Epoch 251 - Avg Loss: 0.396402 | Train Acc: 95.03%
Val: loss=0.3836, acc=10532/10975 (95.96%)
Epoch 252 [0/84843] Loss: 0.329587
Epoch 252 [35000/84843] Loss: 0.480722
Epoch 252 [70000/84843] Loss: 0.283105
Epoch 252 - Avg Loss: 0.399177 | Train Acc: 94.90%
Val: loss=0.3795, acc=10548/10975 (96.11%)
Epoch 253 [0/84843] Loss: 0.355336
Epoch 253 [35000/84843] Loss: 0.463277
Epoch 253 [70000/84843] Loss: 0.305055
Epoch 253 - Avg Loss: 0.398429 | Train Acc: 95.00%
Val: loss=0.3864, acc=10508/10975 (95.74%)
Epoch 254 [0/84843] Loss: 0.371291
Epoch 254 [35000/84843] Loss: 0.335184
Epoch 254 [70000/84843] Loss: 0.400647
Epoch 254 - Avg Loss: 0.399556 | Train Acc: 94.96%
Val: loss=0.3857, acc=10509/10975 (95.75%)
Epoch 255 [0/84843] Loss: 0.304353
Epoch 255 [35000/84843] Loss: 0.385067
Epoch 255 [70000/84843] Loss: 0.362567
Epoch 255 - Avg Loss: 0.397942 | Train Acc: 94.96%
Val: loss=0.3891, acc=10501/10975 (95.68%)
Epoch 256 [0/84843] Loss: 0.738078
Epoch 256 [35000/84843] Loss: 0.368817
Epoch 256 [70000/84843] Loss: 0.350297
Epoch 256 - Avg Loss: 0.397038 | Train Acc: 95.00%
Val: loss=0.3937, acc=10476/10975 (95.45%)
Epoch 257 [0/84843] Loss: 0.466438
Epoch 257 [35000/84843] Loss: 0.474741
Epoch 257 [70000/84843] Loss: 0.452753
Epoch 257 - Avg Loss: 0.396796 | Train Acc: 95.04%
Val: loss=0.3821, acc=10531/10975 (95.95%)
Epoch 258 [0/84843] Loss: 0.525434
Epoch 258 [35000/84843] Loss: 0.387282
Epoch 258 [70000/84843] Loss: 0.428639
Epoch 258 - Avg Loss: 0.396328 | Train Acc: 95.04%
Val: loss=0.3927, acc=10477/10975 (95.46%)
Epoch 259 [0/84843] Loss: 0.376821
Epoch 259 [35000/84843] Loss: 0.428143
Epoch 259 [70000/84843] Loss: 0.362289
Epoch 259 - Avg Loss: 0.399042 | Train Acc: 94.93%
Val: loss=0.3784, acc=10555/10975 (96.17%)
saved best: 96.17%
Epoch 260 [0/84843] Loss: 0.363819
Epoch 260 [35000/84843] Loss: 0.384009
Epoch 260 [70000/84843] Loss: 0.329992
Epoch 260 - Avg Loss: 0.398424 | Train Acc: 94.95%
Val: loss=0.3756, acc=10554/10975 (96.16%)
Epoch 261 [0/84843] Loss: 0.279578
Epoch 261 [35000/84843] Loss: 0.395044
Epoch 261 [70000/84843] Loss: 0.542172
Epoch 261 - Avg Loss: 0.394409 | Train Acc: 95.14%
Val: loss=0.3773, acc=10544/10975 (96.07%)
Epoch 262 [0/84843] Loss: 0.440819
Epoch 262 [35000/84843] Loss: 0.496540
Epoch 262 [70000/84843] Loss: 0.323115
Epoch 262 - Avg Loss: 0.396642 | Train Acc: 95.05%
Val: loss=0.3803, acc=10552/10975 (96.15%)
Epoch 263 [0/84843] Loss: 0.283312
Epoch 263 [35000/84843] Loss: 0.300998
Epoch 263 [70000/84843] Loss: 0.522575
Epoch 263 - Avg Loss: 0.396374 | Train Acc: 94.99%
Val: loss=0.3782, acc=10557/10975 (96.19%)
saved best: 96.19%
Epoch 264 [0/84843] Loss: 0.350874
Epoch 264 [35000/84843] Loss: 0.643294
Epoch 264 [70000/84843] Loss: 0.322029
Epoch 264 - Avg Loss: 0.396308 | Train Acc: 95.01%
Val: loss=0.3798, acc=10538/10975 (96.02%)
Epoch 265 [0/84843] Loss: 0.439751
Epoch 265 [35000/84843] Loss: 0.351836
Epoch 265 [70000/84843] Loss: 0.381454
Epoch 265 - Avg Loss: 0.396670 | Train Acc: 95.02%
Val: loss=0.3821, acc=10546/10975 (96.09%)
Epoch 266 [0/84843] Loss: 0.362986
Epoch 266 [35000/84843] Loss: 0.548600
Epoch 266 [70000/84843] Loss: 0.396743
Epoch 266 - Avg Loss: 0.395733 | Train Acc: 95.01%
Val: loss=0.3775, acc=10570/10975 (96.31%)
saved best: 96.31%
Epoch 267 [0/84843] Loss: 0.400251
Epoch 267 [35000/84843] Loss: 0.308575
Epoch 267 [70000/84843] Loss: 0.289548
Epoch 267 - Avg Loss: 0.396781 | Train Acc: 95.07%
Val: loss=0.3800, acc=10543/10975 (96.06%)
Epoch 268 [0/84843] Loss: 0.317513
Epoch 268 [35000/84843] Loss: 0.367523
Epoch 268 [70000/84843] Loss: 0.357044
Epoch 268 - Avg Loss: 0.396911 | Train Acc: 95.03%
Val: loss=0.3887, acc=10513/10975 (95.79%)
Epoch 269 [0/84843] Loss: 0.473777
Epoch 269 [35000/84843] Loss: 0.347505
Epoch 269 [70000/84843] Loss: 0.383460
Epoch 269 - Avg Loss: 0.396314 | Train Acc: 94.99%
Val: loss=0.3869, acc=10513/10975 (95.79%)
Epoch 270 [0/84843] Loss: 0.297911
Epoch 270 [35000/84843] Loss: 0.374405
Epoch 270 [70000/84843] Loss: 0.439279
Epoch 270 - Avg Loss: 0.395439 | Train Acc: 95.11%
Val: loss=0.3819, acc=10528/10975 (95.93%)
Epoch 271 [0/84843] Loss: 0.296585
Epoch 271 [35000/84843] Loss: 0.327188
Epoch 271 [70000/84843] Loss: 0.562959
Epoch 271 - Avg Loss: 0.399419 | Train Acc: 94.85%
Val: loss=0.3773, acc=10558/10975 (96.20%)
Epoch 272 [0/84843] Loss: 0.282452
Epoch 272 [35000/84843] Loss: 0.423752
Epoch 272 [70000/84843] Loss: 0.470101
Epoch 272 - Avg Loss: 0.391644 | Train Acc: 95.22%
Val: loss=0.3814, acc=10542/10975 (96.05%)
Epoch 273 [0/84843] Loss: 0.421937
Epoch 273 [35000/84843] Loss: 0.345000
Epoch 273 [70000/84843] Loss: 0.284980
Epoch 273 - Avg Loss: 0.394045 | Train Acc: 95.10%
Val: loss=0.3873, acc=10513/10975 (95.79%)
Epoch 274 [0/84843] Loss: 0.384125
Epoch 274 [35000/84843] Loss: 0.321912
Epoch 274 [70000/84843] Loss: 0.355067
Epoch 274 - Avg Loss: 0.393548 | Train Acc: 95.11%
Val: loss=0.3904, acc=10495/10975 (95.63%)
Epoch 275 [0/84843] Loss: 0.329858
Epoch 275 [35000/84843] Loss: 0.334008
Epoch 275 [70000/84843] Loss: 0.316557
Epoch 275 - Avg Loss: 0.394433 | Train Acc: 95.12%
Val: loss=0.3874, acc=10529/10975 (95.94%)
Epoch 276 [0/84843] Loss: 0.315340
Epoch 276 [35000/84843] Loss: 0.305048
Epoch 276 [70000/84843] Loss: 0.330537
Epoch 276 - Avg Loss: 0.391829 | Train Acc: 95.22%
Val: loss=0.3776, acc=10542/10975 (96.05%)
Epoch 277 [0/84843] Loss: 0.444318
Epoch 277 [35000/84843] Loss: 0.301018
Epoch 277 [70000/84843] Loss: 0.346789
Epoch 277 - Avg Loss: 0.389140 | Train Acc: 95.36%
Val: loss=0.3781, acc=10564/10975 (96.26%)
Epoch 278 [0/84843] Loss: 0.319589
Epoch 278 [35000/84843] Loss: 0.289910
Epoch 278 [70000/84843] Loss: 0.414039
Epoch 278 - Avg Loss: 0.392042 | Train Acc: 95.12%
Val: loss=0.3816, acc=10537/10975 (96.01%)
Epoch 279 [0/84843] Loss: 0.329489
Epoch 279 [35000/84843] Loss: 0.485429
Epoch 279 [70000/84843] Loss: 0.361135
Epoch 279 - Avg Loss: 0.391886 | Train Acc: 95.21%
Val: loss=0.3807, acc=10535/10975 (95.99%)
Epoch 280 [0/84843] Loss: 0.348146
Epoch 280 [35000/84843] Loss: 0.349790
Epoch 280 [70000/84843] Loss: 0.374286
Epoch 280 - Avg Loss: 0.391069 | Train Acc: 95.21%
Val: loss=0.3789, acc=10540/10975 (96.04%)
Epoch 281 [0/84843] Loss: 0.320097
Epoch 281 [35000/84843] Loss: 0.285884
Epoch 281 [70000/84843] Loss: 0.343970
Epoch 281 - Avg Loss: 0.392159 | Train Acc: 95.20%
Val: loss=0.3759, acc=10557/10975 (96.19%)
Epoch 282 [0/84843] Loss: 0.475220
Epoch 282 [35000/84843] Loss: 0.348194
Epoch 282 [70000/84843] Loss: 0.331573
Epoch 282 - Avg Loss: 0.390263 | Train Acc: 95.28%
Val: loss=0.3769, acc=10556/10975 (96.18%)
Epoch 283 [0/84843] Loss: 0.391091
Epoch 283 [35000/84843] Loss: 0.316932
Epoch 283 [70000/84843] Loss: 0.281847
Epoch 283 - Avg Loss: 0.394371 | Train Acc: 95.10%
Val: loss=0.3853, acc=10538/10975 (96.02%)
Epoch 284 [0/84843] Loss: 0.286485
Epoch 284 [35000/84843] Loss: 0.480322
Epoch 284 [70000/84843] Loss: 0.323351
Epoch 284 - Avg Loss: 0.387751 | Train Acc: 95.35%
Val: loss=0.3929, acc=10503/10975 (95.70%)
Epoch 285 [0/84843] Loss: 0.336972
Epoch 285 [35000/84843] Loss: 0.302243
Epoch 285 [70000/84843] Loss: 0.379238
Epoch 285 - Avg Loss: 0.390025 | Train Acc: 95.31%
Val: loss=0.3887, acc=10525/10975 (95.90%)
Epoch 286 [0/84843] Loss: 0.295175
Epoch 286 [35000/84843] Loss: 0.412771
Epoch 286 [70000/84843] Loss: 0.408405
Epoch 286 - Avg Loss: 0.393493 | Train Acc: 95.10%
Val: loss=0.3795, acc=10541/10975 (96.05%)
Epoch 287 [0/84843] Loss: 0.399380
Epoch 287 [35000/84843] Loss: 0.512827
Epoch 287 [70000/84843] Loss: 0.316489
Epoch 287 - Avg Loss: 0.389627 | Train Acc: 95.31%
Val: loss=0.3764, acc=10553/10975 (96.15%)
Epoch 288 [0/84843] Loss: 0.393007
Epoch 288 [35000/84843] Loss: 0.298018
Epoch 288 [70000/84843] Loss: 0.380270
Epoch 288 - Avg Loss: 0.390422 | Train Acc: 95.24%
Val: loss=0.3802, acc=10553/10975 (96.15%)
Epoch 289 [0/84843] Loss: 0.370204
Epoch 289 [35000/84843] Loss: 0.333005
Epoch 289 [70000/84843] Loss: 0.503070
Epoch 289 - Avg Loss: 0.391767 | Train Acc: 95.23%
Val: loss=0.3731, acc=10567/10975 (96.28%)
Epoch 290 [0/84843] Loss: 0.363222
Epoch 290 [35000/84843] Loss: 0.461793
Epoch 290 [70000/84843] Loss: 0.449107
Epoch 290 - Avg Loss: 0.386282 | Train Acc: 95.45%
Val: loss=0.3784, acc=10541/10975 (96.05%)
Epoch 291 [0/84843] Loss: 0.427726
Epoch 291 [35000/84843] Loss: 0.384149
Epoch 291 [70000/84843] Loss: 0.434317
Epoch 291 - Avg Loss: 0.390212 | Train Acc: 95.27%
Val: loss=0.3820, acc=10525/10975 (95.90%)
Epoch 292 [0/84843] Loss: 0.389535
Epoch 292 [35000/84843] Loss: 0.451356
Epoch 292 [70000/84843] Loss: 0.419388
Epoch 292 - Avg Loss: 0.389371 | Train Acc: 95.37%
Val: loss=0.3810, acc=10549/10975 (96.12%)
Epoch 293 [0/84843] Loss: 0.417952
Epoch 293 [35000/84843] Loss: 0.370860
Epoch 293 [70000/84843] Loss: 0.296595
Epoch 293 - Avg Loss: 0.386152 | Train Acc: 95.45%
Val: loss=0.3822, acc=10538/10975 (96.02%)
Epoch 294 [0/84843] Loss: 0.353309
Epoch 294 [35000/84843] Loss: 0.553962
Epoch 294 [70000/84843] Loss: 0.383666
Epoch 294 - Avg Loss: 0.391705 | Train Acc: 95.21%
Val: loss=0.3814, acc=10550/10975 (96.13%)
Epoch 295 [0/84843] Loss: 0.298072
Epoch 295 [35000/84843] Loss: 0.430399
Epoch 295 [70000/84843] Loss: 0.391550
Epoch 295 - Avg Loss: 0.391100 | Train Acc: 95.22%
Val: loss=0.3806, acc=10545/10975 (96.08%)
Epoch 296 [0/84843] Loss: 0.322088
Epoch 296 [35000/84843] Loss: 0.292374
Epoch 296 [70000/84843] Loss: 0.366227
Epoch 296 - Avg Loss: 0.386065 | Train Acc: 95.45%
Val: loss=0.3787, acc=10561/10975 (96.23%)
Epoch 297 [0/84843] Loss: 0.357475
Epoch 297 [35000/84843] Loss: 0.426746
Epoch 297 [70000/84843] Loss: 0.345397
Epoch 297 - Avg Loss: 0.389073 | Train Acc: 95.29%
Val: loss=0.3802, acc=10536/10975 (96.00%)
Epoch 298 [0/84843] Loss: 0.294424
Epoch 298 [35000/84843] Loss: 0.344477
Epoch 298 [70000/84843] Loss: 0.338461
Epoch 298 - Avg Loss: 0.387099 | Train Acc: 95.40%
Val: loss=0.3794, acc=10545/10975 (96.08%)
Epoch 299 [0/84843] Loss: 0.285952
Epoch 299 [35000/84843] Loss: 0.300075
Epoch 299 [70000/84843] Loss: 0.357389
Epoch 299 - Avg Loss: 0.383833 | Train Acc: 95.54%
Val: loss=0.3749, acc=10563/10975 (96.25%)
Epoch 300 [0/84843] Loss: 0.295764
Epoch 300 [35000/84843] Loss: 0.290273
Epoch 300 [70000/84843] Loss: 0.550087
Epoch 300 - Avg Loss: 0.387838 | Train Acc: 95.40%
Val: loss=0.3778, acc=10567/10975 (96.28%)
Epoch 301 [0/84843] Loss: 0.356277
Epoch 301 [35000/84843] Loss: 0.402344
Epoch 301 [70000/84843] Loss: 0.381607
Epoch 301 - Avg Loss: 0.384499 | Train Acc: 95.52%
Val: loss=0.3792, acc=10551/10975 (96.14%)
Epoch 302 [0/84843] Loss: 0.481447
Epoch 302 [35000/84843] Loss: 0.411027
Epoch 302 [70000/84843] Loss: 0.340531
Epoch 302 - Avg Loss: 0.388624 | Train Acc: 95.31%
Val: loss=0.3763, acc=10560/10975 (96.22%)
Epoch 303 [0/84843] Loss: 0.392827
Epoch 303 [35000/84843] Loss: 0.291539
Epoch 303 [70000/84843] Loss: 0.513019
Epoch 303 - Avg Loss: 0.385900 | Train Acc: 95.45%
Val: loss=0.3744, acc=10570/10975 (96.31%)
Epoch 304 [0/84843] Loss: 0.288274
Epoch 304 [35000/84843] Loss: 0.322160
Epoch 304 [70000/84843] Loss: 0.405997
Epoch 304 - Avg Loss: 0.384968 | Train Acc: 95.54%
Val: loss=0.3824, acc=10533/10975 (95.97%)
Epoch 305 [0/84843] Loss: 0.586743
Epoch 305 [35000/84843] Loss: 0.367374
Epoch 305 [70000/84843] Loss: 0.298917
Epoch 305 - Avg Loss: 0.382615 | Train Acc: 95.56%
Val: loss=0.3764, acc=10556/10975 (96.18%)
Epoch 306 [0/84843] Loss: 0.301465
Epoch 306 [35000/84843] Loss: 0.345497
Epoch 306 [70000/84843] Loss: 0.303563
Epoch 306 - Avg Loss: 0.385677 | Train Acc: 95.42%
Val: loss=0.3771, acc=10552/10975 (96.15%)
Epoch 307 [0/84843] Loss: 0.506078
Epoch 307 [35000/84843] Loss: 0.362522
Epoch 307 [70000/84843] Loss: 0.325021
Epoch 307 - Avg Loss: 0.381281 | Train Acc: 95.67%
Val: loss=0.3772, acc=10554/10975 (96.16%)
Epoch 308 [0/84843] Loss: 0.447981
Epoch 308 [35000/84843] Loss: 0.361956
Epoch 308 [70000/84843] Loss: 0.287521
Epoch 308 - Avg Loss: 0.385388 | Train Acc: 95.56%
Val: loss=0.3766, acc=10562/10975 (96.24%)
Epoch 309 [0/84843] Loss: 0.411164
Epoch 309 [35000/84843] Loss: 0.305601
Epoch 309 [70000/84843] Loss: 0.290608
Epoch 309 - Avg Loss: 0.385226 | Train Acc: 95.44%
Val: loss=0.3756, acc=10561/10975 (96.23%)
Epoch 310 [0/84843] Loss: 0.368050
Epoch 310 [35000/84843] Loss: 0.315235
Epoch 310 [70000/84843] Loss: 0.400782
Epoch 310 - Avg Loss: 0.385471 | Train Acc: 95.44%
Val: loss=0.3786, acc=10540/10975 (96.04%)
Epoch 311 [0/84843] Loss: 0.407811
Epoch 311 [35000/84843] Loss: 0.302556
Epoch 311 [70000/84843] Loss: 0.320064
Epoch 311 - Avg Loss: 0.386350 | Train Acc: 95.42%
Val: loss=0.3745, acc=10568/10975 (96.29%)
Epoch 312 [0/84843] Loss: 0.376661
Epoch 312 [35000/84843] Loss: 0.499095
Epoch 312 [70000/84843] Loss: 0.466006
Epoch 312 - Avg Loss: 0.384218 | Train Acc: 95.49%
Val: loss=0.3739, acc=10572/10975 (96.33%)
saved best: 96.33%
Epoch 313 [0/84843] Loss: 0.312450
Epoch 313 [35000/84843] Loss: 0.525702
Epoch 313 [70000/84843] Loss: 0.328109
Epoch 313 - Avg Loss: 0.383514 | Train Acc: 95.58%
Val: loss=0.3755, acc=10557/10975 (96.19%)
Epoch 314 [0/84843] Loss: 0.327105
Epoch 314 [35000/84843] Loss: 0.314916
Epoch 314 [70000/84843] Loss: 0.346475
Epoch 314 - Avg Loss: 0.384229 | Train Acc: 95.52%
Val: loss=0.3729, acc=10570/10975 (96.31%)
Epoch 315 [0/84843] Loss: 0.353386
Epoch 315 [35000/84843] Loss: 0.335562
Epoch 315 [70000/84843] Loss: 0.415184
Epoch 315 - Avg Loss: 0.386441 | Train Acc: 95.43%
Val: loss=0.3780, acc=10573/10975 (96.34%)
saved best: 96.34%
Epoch 316 [0/84843] Loss: 0.480938
Epoch 316 [35000/84843] Loss: 0.338186
Epoch 316 [70000/84843] Loss: 0.313308
Epoch 316 - Avg Loss: 0.383153 | Train Acc: 95.59%
Val: loss=0.3726, acc=10564/10975 (96.26%)
Epoch 317 [0/84843] Loss: 0.431050
Epoch 317 [35000/84843] Loss: 0.372776
Epoch 317 [70000/84843] Loss: 0.406996
Epoch 317 - Avg Loss: 0.384303 | Train Acc: 95.52%
Val: loss=0.3739, acc=10561/10975 (96.23%)
Epoch 318 [0/84843] Loss: 0.507515
Epoch 318 [35000/84843] Loss: 0.461206
Epoch 318 [70000/84843] Loss: 0.387700
Epoch 318 - Avg Loss: 0.381839 | Train Acc: 95.56%
Val: loss=0.3770, acc=10543/10975 (96.06%)
Epoch 319 [0/84843] Loss: 0.356027
Epoch 319 [35000/84843] Loss: 0.308838
Epoch 319 [70000/84843] Loss: 0.379195
Epoch 319 - Avg Loss: 0.383111 | Train Acc: 95.51%
Val: loss=0.3740, acc=10574/10975 (96.35%)
saved best: 96.35%
Epoch 320 [0/84843] Loss: 0.406966
Epoch 320 [35000/84843] Loss: 0.359714
Epoch 320 [70000/84843] Loss: 0.333715
Epoch 320 - Avg Loss: 0.383793 | Train Acc: 95.50%
Val: loss=0.3740, acc=10564/10975 (96.26%)
Epoch 321 [0/84843] Loss: 0.391871
Epoch 321 [35000/84843] Loss: 0.304889
Epoch 321 [70000/84843] Loss: 0.419178
Epoch 321 - Avg Loss: 0.381522 | Train Acc: 95.68%
Val: loss=0.3782, acc=10557/10975 (96.19%)
Epoch 322 [0/84843] Loss: 0.314420
Epoch 322 [35000/84843] Loss: 0.463105
Epoch 322 [70000/84843] Loss: 0.382757
Epoch 322 - Avg Loss: 0.380418 | Train Acc: 95.65%
Val: loss=0.3788, acc=10554/10975 (96.16%)
Epoch 323 [0/84843] Loss: 0.326550
Epoch 323 [35000/84843] Loss: 0.287989
Epoch 323 [70000/84843] Loss: 0.364995
Epoch 323 - Avg Loss: 0.386247 | Train Acc: 95.39%
Val: loss=0.3745, acc=10571/10975 (96.32%)
Epoch 324 [0/84843] Loss: 0.363534
Epoch 324 [35000/84843] Loss: 0.527767
Epoch 324 [70000/84843] Loss: 0.310935
Epoch 324 - Avg Loss: 0.380999 | Train Acc: 95.61%
Val: loss=0.3763, acc=10568/10975 (96.29%)
Epoch 325 [0/84843] Loss: 0.272546
Epoch 325 [35000/84843] Loss: 0.350721
Epoch 325 [70000/84843] Loss: 0.392909
Epoch 325 - Avg Loss: 0.382673 | Train Acc: 95.48%
Val: loss=0.3736, acc=10571/10975 (96.32%)
Epoch 326 [0/84843] Loss: 0.526362
Epoch 326 [35000/84843] Loss: 0.428697
Epoch 326 [70000/84843] Loss: 0.394848
Epoch 326 - Avg Loss: 0.384036 | Train Acc: 95.55%
Val: loss=0.3748, acc=10570/10975 (96.31%)
Epoch 327 [0/84843] Loss: 0.274680
Epoch 327 [35000/84843] Loss: 0.298931
Epoch 327 [70000/84843] Loss: 0.417057
Epoch 327 - Avg Loss: 0.381174 | Train Acc: 95.57%
Val: loss=0.3741, acc=10566/10975 (96.27%)
Epoch 328 [0/84843] Loss: 0.294581
Epoch 328 [35000/84843] Loss: 0.332264
Epoch 328 [70000/84843] Loss: 0.333380
Epoch 328 - Avg Loss: 0.383048 | Train Acc: 95.56%
Val: loss=0.3765, acc=10557/10975 (96.19%)
Epoch 329 [0/84843] Loss: 0.430319
Epoch 329 [35000/84843] Loss: 0.320811
Epoch 329 [70000/84843] Loss: 0.389951
Epoch 329 - Avg Loss: 0.385203 | Train Acc: 95.46%
Val: loss=0.3782, acc=10538/10975 (96.02%)
Epoch 330 [0/84843] Loss: 0.411610
Epoch 330 [35000/84843] Loss: 0.402743
Epoch 330 [70000/84843] Loss: 0.316856
Epoch 330 - Avg Loss: 0.381347 | Train Acc: 95.61%
Val: loss=0.3748, acc=10563/10975 (96.25%)
Epoch 331 [0/84843] Loss: 0.438175
Epoch 331 [35000/84843] Loss: 0.391491
Epoch 331 [70000/84843] Loss: 0.335690
Epoch 331 - Avg Loss: 0.375751 | Train Acc: 95.88%
Val: loss=0.3743, acc=10572/10975 (96.33%)
Epoch 332 [0/84843] Loss: 0.288945
Epoch 332 [35000/84843] Loss: 0.283685
Epoch 332 [70000/84843] Loss: 0.422330
Epoch 332 - Avg Loss: 0.382757 | Train Acc: 95.54%
Val: loss=0.3796, acc=10557/10975 (96.19%)
Epoch 333 [0/84843] Loss: 0.317630
Epoch 333 [35000/84843] Loss: 0.484866
Epoch 333 [70000/84843] Loss: 0.483003
Epoch 333 - Avg Loss: 0.381407 | Train Acc: 95.68%
Val: loss=0.3707, acc=10581/10975 (96.41%)
saved best: 96.41%
Epoch 334 [0/84843] Loss: 0.320629
Epoch 334 [35000/84843] Loss: 0.345802
Epoch 334 [70000/84843] Loss: 0.428053
Epoch 334 - Avg Loss: 0.377717 | Train Acc: 95.71%
Val: loss=0.3719, acc=10575/10975 (96.36%)
Epoch 335 [0/84843] Loss: 0.409827
Epoch 335 [35000/84843] Loss: 0.313891
Epoch 335 [70000/84843] Loss: 0.300756
Epoch 335 - Avg Loss: 0.381424 | Train Acc: 95.55%
Val: loss=0.3707, acc=10576/10975 (96.36%)
Epoch 336 [0/84843] Loss: 0.328405
Epoch 336 [35000/84843] Loss: 0.498808
Epoch 336 [70000/84843] Loss: 0.527920
Epoch 336 - Avg Loss: 0.382294 | Train Acc: 95.59%
Val: loss=0.3712, acc=10579/10975 (96.39%)
Epoch 337 [0/84843] Loss: 0.395728
Epoch 337 [35000/84843] Loss: 0.421635
Epoch 337 [70000/84843] Loss: 0.330302
Epoch 337 - Avg Loss: 0.380889 | Train Acc: 95.64%
Val: loss=0.3705, acc=10592/10975 (96.51%)
saved best: 96.51%
Epoch 338 [0/84843] Loss: 0.408364
Epoch 338 [35000/84843] Loss: 0.398879
Epoch 338 [70000/84843] Loss: 0.447425
Epoch 338 - Avg Loss: 0.379939 | Train Acc: 95.65%
Val: loss=0.3743, acc=10571/10975 (96.32%)
Epoch 339 [0/84843] Loss: 0.292578
Epoch 339 [35000/84843] Loss: 0.392090
Epoch 339 [70000/84843] Loss: 0.288495
Epoch 339 - Avg Loss: 0.380672 | Train Acc: 95.63%
Val: loss=0.3732, acc=10589/10975 (96.48%)
Epoch 340 [0/84843] Loss: 0.310679
Epoch 340 [35000/84843] Loss: 0.377223
Epoch 340 [70000/84843] Loss: 0.337628
Epoch 340 - Avg Loss: 0.380208 | Train Acc: 95.61%
Val: loss=0.3735, acc=10586/10975 (96.46%)
Epoch 341 [0/84843] Loss: 0.304651
Epoch 341 [35000/84843] Loss: 0.285193
Epoch 341 [70000/84843] Loss: 0.445229
Epoch 341 - Avg Loss: 0.380870 | Train Acc: 95.72%
Val: loss=0.3728, acc=10586/10975 (96.46%)
Epoch 342 [0/84843] Loss: 0.432528
Epoch 342 [35000/84843] Loss: 0.302751
Epoch 342 [70000/84843] Loss: 0.352885
Epoch 342 - Avg Loss: 0.378890 | Train Acc: 95.67%
Val: loss=0.3713, acc=10585/10975 (96.45%)
Epoch 343 [0/84843] Loss: 0.478014
Epoch 343 [35000/84843] Loss: 0.315639
Epoch 343 [70000/84843] Loss: 0.309106
Epoch 343 - Avg Loss: 0.382991 | Train Acc: 95.57%
Val: loss=0.3725, acc=10566/10975 (96.27%)
Epoch 344 [0/84843] Loss: 0.335978
Epoch 344 [35000/84843] Loss: 0.343507
Epoch 344 [70000/84843] Loss: 0.565355
Epoch 344 - Avg Loss: 0.378558 | Train Acc: 95.73%
Val: loss=0.3737, acc=10570/10975 (96.31%)
Epoch 345 [0/84843] Loss: 0.286738
Epoch 345 [35000/84843] Loss: 0.552264
Epoch 345 [70000/84843] Loss: 0.494416
Epoch 345 - Avg Loss: 0.377534 | Train Acc: 95.75%
Val: loss=0.3743, acc=10566/10975 (96.27%)
Epoch 346 [0/84843] Loss: 0.603261
Epoch 346 [35000/84843] Loss: 0.353936
Epoch 346 [70000/84843] Loss: 0.501512
Epoch 346 - Avg Loss: 0.379151 | Train Acc: 95.67%
Val: loss=0.3743, acc=10570/10975 (96.31%)
Epoch 347 [0/84843] Loss: 0.362029
Epoch 347 [35000/84843] Loss: 0.428196
Epoch 347 [70000/84843] Loss: 0.293535
Epoch 347 - Avg Loss: 0.380634 | Train Acc: 95.61%
Val: loss=0.3745, acc=10577/10975 (96.37%)
Epoch 348 [0/84843] Loss: 0.309973
Epoch 348 [35000/84843] Loss: 0.313557
Epoch 348 [70000/84843] Loss: 0.410341
Epoch 348 - Avg Loss: 0.379456 | Train Acc: 95.74%
Val: loss=0.3720, acc=10573/10975 (96.34%)
Epoch 349 [0/84843] Loss: 0.470562
Epoch 349 [35000/84843] Loss: 0.388388
Epoch 349 [70000/84843] Loss: 0.344794
Epoch 349 - Avg Loss: 0.375313 | Train Acc: 95.91%
Val: loss=0.3744, acc=10561/10975 (96.23%)
Epoch 350 [0/84843] Loss: 0.333444
Epoch 350 [35000/84843] Loss: 0.287140
Epoch 350 [70000/84843] Loss: 0.307267
Epoch 350 - Avg Loss: 0.378507 | Train Acc: 95.73%
Val: loss=0.3717, acc=10585/10975 (96.45%)
Epoch 351 [0/84843] Loss: 0.326747
Epoch 351 [35000/84843] Loss: 0.439594
Epoch 351 [70000/84843] Loss: 0.279384
Epoch 351 - Avg Loss: 0.378071 | Train Acc: 95.75%
Val: loss=0.3742, acc=10583/10975 (96.43%)
Epoch 352 [0/84843] Loss: 0.414215
Epoch 352 [35000/84843] Loss: 0.427035
Epoch 352 [70000/84843] Loss: 0.333321
Epoch 352 - Avg Loss: 0.377489 | Train Acc: 95.81%
Val: loss=0.3773, acc=10567/10975 (96.28%)
Epoch 353 [0/84843] Loss: 0.291775
Epoch 353 [35000/84843] Loss: 0.312667
Epoch 353 [70000/84843] Loss: 0.404848
Epoch 353 - Avg Loss: 0.376165 | Train Acc: 95.85%
Val: loss=0.3728, acc=10592/10975 (96.51%)
Epoch 354 [0/84843] Loss: 0.446476
Epoch 354 [35000/84843] Loss: 0.286820
Epoch 354 [70000/84843] Loss: 0.371325
Epoch 354 - Avg Loss: 0.376539 | Train Acc: 95.83%
Val: loss=0.3717, acc=10576/10975 (96.36%)
Epoch 355 [0/84843] Loss: 0.396819
Epoch 355 [35000/84843] Loss: 0.515215
Epoch 355 [70000/84843] Loss: 0.300091
Epoch 355 - Avg Loss: 0.381577 | Train Acc: 95.63%
Val: loss=0.3718, acc=10575/10975 (96.36%)
Epoch 356 [0/84843] Loss: 0.488909
Epoch 356 [35000/84843] Loss: 0.319254
Epoch 356 [70000/84843] Loss: 0.375139
Epoch 356 - Avg Loss: 0.378693 | Train Acc: 95.74%
Val: loss=0.3732, acc=10577/10975 (96.37%)
Epoch 357 [0/84843] Loss: 0.320145
Epoch 357 [35000/84843] Loss: 0.455759
Epoch 357 [70000/84843] Loss: 0.319573
Epoch 357 - Avg Loss: 0.376959 | Train Acc: 95.75%
Val: loss=0.3714, acc=10590/10975 (96.49%)
Epoch 358 [0/84843] Loss: 0.293691
Epoch 358 [35000/84843] Loss: 0.671174
Epoch 358 [70000/84843] Loss: 0.278162
Epoch 358 - Avg Loss: 0.375678 | Train Acc: 95.84%
Val: loss=0.3721, acc=10580/10975 (96.40%)
Epoch 359 [0/84843] Loss: 0.425905
Epoch 359 [35000/84843] Loss: 0.289563
Epoch 359 [70000/84843] Loss: 0.430190
Epoch 359 - Avg Loss: 0.379764 | Train Acc: 95.70%
Val: loss=0.3721, acc=10576/10975 (96.36%)
Epoch 360 [0/84843] Loss: 0.458241
Epoch 360 [35000/84843] Loss: 0.421586
Epoch 360 [70000/84843] Loss: 0.374992
Epoch 360 - Avg Loss: 0.371949 | Train Acc: 96.02%
Val: loss=0.3711, acc=10588/10975 (96.47%)
Epoch 361 [0/84843] Loss: 0.421752
Epoch 361 [35000/84843] Loss: 0.360372
Epoch 361 [70000/84843] Loss: 0.364716
Epoch 361 - Avg Loss: 0.375230 | Train Acc: 95.90%
Val: loss=0.3718, acc=10578/10975 (96.38%)
Epoch 362 [0/84843] Loss: 0.385787
Epoch 362 [35000/84843] Loss: 0.287161
Epoch 362 [70000/84843] Loss: 0.423130
Epoch 362 - Avg Loss: 0.380354 | Train Acc: 95.67%
Val: loss=0.3737, acc=10570/10975 (96.31%)
Epoch 363 [0/84843] Loss: 0.532398
Epoch 363 [35000/84843] Loss: 0.367360
Epoch 363 [70000/84843] Loss: 0.378002
Epoch 363 - Avg Loss: 0.378094 | Train Acc: 95.75%
Val: loss=0.3732, acc=10576/10975 (96.36%)
Epoch 364 [0/84843] Loss: 0.400713
Epoch 364 [35000/84843] Loss: 0.415639
Epoch 364 [70000/84843] Loss: 0.404181
Epoch 364 - Avg Loss: 0.376451 | Train Acc: 95.84%
Val: loss=0.3709, acc=10589/10975 (96.48%)
Epoch 365 [0/84843] Loss: 0.339282
Epoch 365 [35000/84843] Loss: 0.300512
Epoch 365 [70000/84843] Loss: 0.332241
Epoch 365 - Avg Loss: 0.375997 | Train Acc: 95.83%
Val: loss=0.3709, acc=10589/10975 (96.48%)
Epoch 366 [0/84843] Loss: 0.328315
Epoch 366 [35000/84843] Loss: 0.433784
Epoch 366 [70000/84843] Loss: 0.596890
Epoch 366 - Avg Loss: 0.374164 | Train Acc: 95.85%
Val: loss=0.3710, acc=10587/10975 (96.46%)
Epoch 367 [0/84843] Loss: 0.371544
Epoch 367 [35000/84843] Loss: 0.395877
Epoch 367 [70000/84843] Loss: 0.378917
Epoch 367 - Avg Loss: 0.378103 | Train Acc: 95.73%
Val: loss=0.3725, acc=10575/10975 (96.36%)
Epoch 368 [0/84843] Loss: 0.349876
Epoch 368 [35000/84843] Loss: 0.301095
Epoch 368 [70000/84843] Loss: 0.318143
Epoch 368 - Avg Loss: 0.374878 | Train Acc: 95.88%
Val: loss=0.3720, acc=10583/10975 (96.43%)
Epoch 369 [0/84843] Loss: 0.304428
Epoch 369 [35000/84843] Loss: 0.342484
Epoch 369 [70000/84843] Loss: 0.322400
Epoch 369 - Avg Loss: 0.376214 | Train Acc: 95.79%
Val: loss=0.3701, acc=10591/10975 (96.50%)
Epoch 370 [0/84843] Loss: 0.282266
Epoch 370 [35000/84843] Loss: 0.323134
Epoch 370 [70000/84843] Loss: 0.364507
Epoch 370 - Avg Loss: 0.375170 | Train Acc: 95.84%
Val: loss=0.3718, acc=10582/10975 (96.42%)
Epoch 371 [0/84843] Loss: 0.430149
Epoch 371 [35000/84843] Loss: 0.288009
Epoch 371 [70000/84843] Loss: 0.394001
Epoch 371 - Avg Loss: 0.376887 | Train Acc: 95.77%
Val: loss=0.3711, acc=10585/10975 (96.45%)
Epoch 372 [0/84843] Loss: 0.504271
Epoch 372 [35000/84843] Loss: 0.298576
Epoch 372 [70000/84843] Loss: 0.510956
Epoch 372 - Avg Loss: 0.378114 | Train Acc: 95.75%
Val: loss=0.3706, acc=10587/10975 (96.46%)
Epoch 373 [0/84843] Loss: 0.293484
Epoch 373 [35000/84843] Loss: 0.285227
Epoch 373 [70000/84843] Loss: 0.432527
Epoch 373 - Avg Loss: 0.377139 | Train Acc: 95.72%
Val: loss=0.3713, acc=10580/10975 (96.40%)
Epoch 374 [0/84843] Loss: 0.388293
Epoch 374 [35000/84843] Loss: 0.420580
Epoch 374 [70000/84843] Loss: 0.295753
Epoch 374 - Avg Loss: 0.376516 | Train Acc: 95.84%
Val: loss=0.3709, acc=10583/10975 (96.43%)
Epoch 375 [0/84843] Loss: 0.350571
Epoch 375 [35000/84843] Loss: 0.307471
Epoch 375 [70000/84843] Loss: 0.320932
Epoch 375 - Avg Loss: 0.376729 | Train Acc: 95.79%
Val: loss=0.3698, acc=10590/10975 (96.49%)
Epoch 376 [0/84843] Loss: 0.373711
Epoch 376 [35000/84843] Loss: 0.325401
Epoch 376 [70000/84843] Loss: 0.440373
Epoch 376 - Avg Loss: 0.376504 | Train Acc: 95.76%
Val: loss=0.3702, acc=10591/10975 (96.50%)
Epoch 377 [0/84843] Loss: 0.381619
Epoch 377 [35000/84843] Loss: 0.351266
Epoch 377 [70000/84843] Loss: 0.318420
Epoch 377 - Avg Loss: 0.374167 | Train Acc: 95.88%
Val: loss=0.3718, acc=10586/10975 (96.46%)
Epoch 378 [0/84843] Loss: 0.714237
Epoch 378 [35000/84843] Loss: 0.457383
Epoch 378 [70000/84843] Loss: 0.355715
Epoch 378 - Avg Loss: 0.376738 | Train Acc: 95.83%
Val: loss=0.3711, acc=10588/10975 (96.47%)
Epoch 379 [0/84843] Loss: 0.277190
Epoch 379 [35000/84843] Loss: 0.301720
Epoch 379 [70000/84843] Loss: 0.300726
Epoch 379 - Avg Loss: 0.372309 | Train Acc: 96.03%
Val: loss=0.3701, acc=10592/10975 (96.51%)
Epoch 380 [0/84843] Loss: 0.440019
Epoch 380 [35000/84843] Loss: 0.414399
Epoch 380 [70000/84843] Loss: 0.356087
Epoch 380 - Avg Loss: 0.378410 | Train Acc: 95.74%
Val: loss=0.3711, acc=10586/10975 (96.46%)
Epoch 381 [0/84843] Loss: 0.464657
Epoch 381 [35000/84843] Loss: 0.343076
Epoch 381 [70000/84843] Loss: 0.375249
Epoch 381 - Avg Loss: 0.375816 | Train Acc: 95.79%
Val: loss=0.3704, acc=10593/10975 (96.52%)
saved best: 96.52%
Epoch 382 [0/84843] Loss: 0.397029
Epoch 382 [35000/84843] Loss: 0.381809
Epoch 382 [70000/84843] Loss: 0.411767
Epoch 382 - Avg Loss: 0.380098 | Train Acc: 95.64%
Val: loss=0.3725, acc=10584/10975 (96.44%)
Epoch 383 [0/84843] Loss: 0.339578
Epoch 383 [35000/84843] Loss: 0.370019
Epoch 383 [70000/84843] Loss: 0.384509
Epoch 383 - Avg Loss: 0.375041 | Train Acc: 95.88%
Val: loss=0.3709, acc=10588/10975 (96.47%)
Epoch 384 [0/84843] Loss: 0.402870
Epoch 384 [35000/84843] Loss: 0.300233
Epoch 384 [70000/84843] Loss: 0.279171
Epoch 384 - Avg Loss: 0.375532 | Train Acc: 95.90%
Val: loss=0.3711, acc=10591/10975 (96.50%)
Epoch 385 [0/84843] Loss: 0.342651
Epoch 385 [35000/84843] Loss: 0.513755
Epoch 385 [70000/84843] Loss: 0.343847
Epoch 385 - Avg Loss: 0.377045 | Train Acc: 95.83%
Val: loss=0.3710, acc=10591/10975 (96.50%)
Epoch 386 [0/84843] Loss: 0.307629
Epoch 386 [35000/84843] Loss: 0.322332
Epoch 386 [70000/84843] Loss: 0.364321
Epoch 386 - Avg Loss: 0.373654 | Train Acc: 95.91%
Val: loss=0.3713, acc=10588/10975 (96.47%)
Epoch 387 [0/84843] Loss: 0.328443
Epoch 387 [35000/84843] Loss: 0.312940
Epoch 387 [70000/84843] Loss: 0.303753
Epoch 387 - Avg Loss: 0.376221 | Train Acc: 95.84%
Val: loss=0.3705, acc=10593/10975 (96.52%)
Epoch 388 [0/84843] Loss: 0.366864
Epoch 388 [35000/84843] Loss: 0.383538
Epoch 388 [70000/84843] Loss: 0.341266
Epoch 388 - Avg Loss: 0.378990 | Train Acc: 95.70%
Val: loss=0.3708, acc=10583/10975 (96.43%)
Epoch 389 [0/84843] Loss: 0.396183
Epoch 389 [35000/84843] Loss: 0.482244
Epoch 389 [70000/84843] Loss: 0.358149
Epoch 389 - Avg Loss: 0.376278 | Train Acc: 95.78%
Val: loss=0.3710, acc=10586/10975 (96.46%)
Epoch 390 [0/84843] Loss: 0.386025
Epoch 390 [35000/84843] Loss: 0.391410
Epoch 390 [70000/84843] Loss: 0.352613
Epoch 390 - Avg Loss: 0.374629 | Train Acc: 95.90%
Val: loss=0.3715, acc=10582/10975 (96.42%)
Epoch 391 [0/84843] Loss: 0.377684
Epoch 391 [35000/84843] Loss: 0.363721
Epoch 391 [70000/84843] Loss: 0.455303
Epoch 391 - Avg Loss: 0.375088 | Train Acc: 95.86%
Val: loss=0.3715, acc=10585/10975 (96.45%)
Epoch 392 [0/84843] Loss: 0.394440
Epoch 392 [35000/84843] Loss: 0.381946
Epoch 392 [70000/84843] Loss: 0.395309
Epoch 392 - Avg Loss: 0.375569 | Train Acc: 95.80%
Val: loss=0.3715, acc=10587/10975 (96.46%)
Epoch 393 [0/84843] Loss: 0.413441
Epoch 393 [35000/84843] Loss: 0.288201
Epoch 393 [70000/84843] Loss: 0.334347
Epoch 393 - Avg Loss: 0.375263 | Train Acc: 95.83%
Val: loss=0.3713, acc=10586/10975 (96.46%)
Epoch 394 [0/84843] Loss: 0.534184
Epoch 394 [35000/84843] Loss: 0.393246
Epoch 394 [70000/84843] Loss: 0.336318
Epoch 394 - Avg Loss: 0.377610 | Train Acc: 95.73%
Val: loss=0.3716, acc=10585/10975 (96.45%)
Epoch 395 [0/84843] Loss: 0.535075
Epoch 395 [35000/84843] Loss: 0.374756
Epoch 395 [70000/84843] Loss: 0.357162
Epoch 395 - Avg Loss: 0.373194 | Train Acc: 95.94%
Val: loss=0.3711, acc=10588/10975 (96.47%)
Epoch 396 [0/84843] Loss: 0.406518
Epoch 396 [35000/84843] Loss: 0.380221
Epoch 396 [70000/84843] Loss: 0.367060
Epoch 396 - Avg Loss: 0.375500 | Train Acc: 95.84%
Val: loss=0.3710, acc=10588/10975 (96.47%)
Epoch 397 [0/84843] Loss: 0.437248
Epoch 397 [35000/84843] Loss: 0.299458
Epoch 397 [70000/84843] Loss: 0.491978
Epoch 397 - Avg Loss: 0.374635 | Train Acc: 95.90%
Val: loss=0.3711, acc=10589/10975 (96.48%)
Epoch 398 [0/84843] Loss: 0.370876
Epoch 398 [35000/84843] Loss: 0.309045
Epoch 398 [70000/84843] Loss: 0.298510
Epoch 398 - Avg Loss: 0.372203 | Train Acc: 96.00%
Val: loss=0.3708, acc=10591/10975 (96.50%)
Epoch 399 [0/84843] Loss: 0.612091
Epoch 399 [35000/84843] Loss: 0.432377
Epoch 399 [70000/84843] Loss: 0.300715
Epoch 399 - Avg Loss: 0.376956 | Train Acc: 95.74%
Val: loss=0.3709, acc=10591/10975 (96.50%)
Epoch 400 [0/84843] Loss: 0.435736
Epoch 400 [35000/84843] Loss: 0.292588
Epoch 400 [70000/84843] Loss: 0.365077
Epoch 400 - Avg Loss: 0.373183 | Train Acc: 95.97%
Val: loss=0.3708, acc=10590/10975 (96.49%)
Test: loss=0.3769, acc=11650/12101 (96.27%)
