Running feature config: 16_mels_delta_delta (task 6)
SpecAugment freq_mask=8 time_mask=10
Device: cuda
Feature config: 16_mels_delta_delta -> {'n_mels': 16, 'use_delta': True, 'use_delta_delta': True}
SpecAugment: True freq_mask=8 time_mask=10
GPU Name: Tesla V100-PCIE-32GB
GPU Memory: 34.07 GB
Total model parameters: 47,628
Epoch 1 [0/84843] Loss: 2.460255
Epoch 1 [35000/84843] Loss: 1.838015
Epoch 1 [70000/84843] Loss: 1.640220
Epoch 1 - Avg Loss: 1.684860 | Train Acc: 57.05%
Val: loss=1.4672, acc=7101/10975 (64.70%)
saved best: 64.70%
Epoch 2 [0/84843] Loss: 1.764898
Epoch 2 [35000/84843] Loss: 1.281951
Epoch 2 [70000/84843] Loss: 1.432210
Epoch 2 - Avg Loss: 1.368256 | Train Acc: 66.66%
Val: loss=1.3880, acc=7252/10975 (66.08%)
saved best: 66.08%
Epoch 3 [0/84843] Loss: 1.500431
Epoch 3 [35000/84843] Loss: 1.227988
Epoch 3 [70000/84843] Loss: 1.307912
Epoch 3 - Avg Loss: 1.353804 | Train Acc: 66.76%
Val: loss=1.3745, acc=7247/10975 (66.03%)
Epoch 4 [0/84843] Loss: 1.345312
Epoch 4 [35000/84843] Loss: 1.345482
Epoch 4 [70000/84843] Loss: 1.428459
Epoch 4 - Avg Loss: 1.325773 | Train Acc: 66.72%
Val: loss=1.3019, acc=7241/10975 (65.98%)
Epoch 5 [0/84843] Loss: 1.240345
Epoch 5 [35000/84843] Loss: 0.989277
Epoch 5 [70000/84843] Loss: 1.348793
Epoch 5 - Avg Loss: 1.260164 | Train Acc: 67.07%
Val: loss=1.2281, acc=7383/10975 (67.27%)
saved best: 67.27%
Epoch 6 [0/84843] Loss: 1.144424
Epoch 6 [35000/84843] Loss: 1.168155
Epoch 6 [70000/84843] Loss: 1.046567
Epoch 6 - Avg Loss: 1.213294 | Train Acc: 68.07%
Val: loss=1.1665, acc=7451/10975 (67.89%)
saved best: 67.89%
Epoch 7 [0/84843] Loss: 1.489139
Epoch 7 [35000/84843] Loss: 1.168646
Epoch 7 [70000/84843] Loss: 1.248732
Epoch 7 - Avg Loss: 1.170595 | Train Acc: 68.52%
Val: loss=1.1216, acc=7519/10975 (68.51%)
saved best: 68.51%
Epoch 8 [0/84843] Loss: 1.045774
Epoch 8 [35000/84843] Loss: 1.173971
Epoch 8 [70000/84843] Loss: 1.203582
Epoch 8 - Avg Loss: 1.139802 | Train Acc: 68.88%
Val: loss=1.0856, acc=7539/10975 (68.69%)
saved best: 68.69%
Epoch 9 [0/84843] Loss: 1.046502
Epoch 9 [35000/84843] Loss: 1.010189
Epoch 9 [70000/84843] Loss: 1.216412
Epoch 9 - Avg Loss: 1.099730 | Train Acc: 69.30%
Val: loss=1.0481, acc=7642/10975 (69.63%)
saved best: 69.63%
Epoch 10 [0/84843] Loss: 1.094312
Epoch 10 [35000/84843] Loss: 1.275220
Epoch 10 [70000/84843] Loss: 1.072392
Epoch 10 - Avg Loss: 1.067278 | Train Acc: 69.99%
Val: loss=1.0020, acc=7761/10975 (70.72%)
saved best: 70.72%
Epoch 11 [0/84843] Loss: 1.267641
Epoch 11 [35000/84843] Loss: 1.216678
Epoch 11 [70000/84843] Loss: 1.026951
Epoch 11 - Avg Loss: 1.026714 | Train Acc: 71.09%
Val: loss=0.9697, acc=7930/10975 (72.26%)
saved best: 72.26%
Epoch 12 [0/84843] Loss: 0.912267
Epoch 12 [35000/84843] Loss: 1.214260
Epoch 12 [70000/84843] Loss: 1.081935
Epoch 12 - Avg Loss: 0.985661 | Train Acc: 72.49%
Val: loss=0.9258, acc=8200/10975 (74.72%)
saved best: 74.72%
Epoch 13 [0/84843] Loss: 0.985576
Epoch 13 [35000/84843] Loss: 1.121569
Epoch 13 [70000/84843] Loss: 1.015781
Epoch 13 - Avg Loss: 0.955639 | Train Acc: 73.73%
Val: loss=0.8933, acc=8336/10975 (75.95%)
saved best: 75.95%
Epoch 14 [0/84843] Loss: 0.787159
Epoch 14 [35000/84843] Loss: 0.960410
Epoch 14 [70000/84843] Loss: 0.971310
Epoch 14 - Avg Loss: 0.916700 | Train Acc: 75.25%
Val: loss=0.8471, acc=8555/10975 (77.95%)
saved best: 77.95%
Epoch 15 [0/84843] Loss: 0.922835
Epoch 15 [35000/84843] Loss: 0.689545
Epoch 15 [70000/84843] Loss: 0.780706
Epoch 15 - Avg Loss: 0.878290 | Train Acc: 76.77%
Val: loss=0.8124, acc=8715/10975 (79.41%)
saved best: 79.41%
Epoch 16 [0/84843] Loss: 0.747135
Epoch 16 [35000/84843] Loss: 0.769642
Epoch 16 [70000/84843] Loss: 0.781326
Epoch 16 - Avg Loss: 0.840384 | Train Acc: 78.50%
Val: loss=0.7683, acc=8878/10975 (80.89%)
saved best: 80.89%
Epoch 17 [0/84843] Loss: 0.812305
Epoch 17 [35000/84843] Loss: 0.787694
Epoch 17 [70000/84843] Loss: 0.675700
Epoch 17 - Avg Loss: 0.801440 | Train Acc: 80.08%
Val: loss=0.7270, acc=9072/10975 (82.66%)
saved best: 82.66%
Epoch 18 [0/84843] Loss: 0.749142
Epoch 18 [35000/84843] Loss: 0.848415
Epoch 18 [70000/84843] Loss: 0.581254
Epoch 18 - Avg Loss: 0.764955 | Train Acc: 81.43%
Val: loss=0.7022, acc=9150/10975 (83.37%)
saved best: 83.37%
Epoch 19 [0/84843] Loss: 0.841334
Epoch 19 [35000/84843] Loss: 0.787810
Epoch 19 [70000/84843] Loss: 0.737577
Epoch 19 - Avg Loss: 0.730183 | Train Acc: 82.79%
Val: loss=0.6541, acc=9425/10975 (85.88%)
saved best: 85.88%
Epoch 20 [0/84843] Loss: 0.746608
Epoch 20 [35000/84843] Loss: 0.669214
Epoch 20 [70000/84843] Loss: 0.747971
Epoch 20 - Avg Loss: 0.695995 | Train Acc: 84.20%
Val: loss=0.6227, acc=9601/10975 (87.48%)
saved best: 87.48%
Epoch 21 [0/84843] Loss: 0.654857
Epoch 21 [35000/84843] Loss: 0.471044
Epoch 21 [70000/84843] Loss: 0.773686
Epoch 21 - Avg Loss: 0.666358 | Train Acc: 85.51%
Val: loss=0.5815, acc=9819/10975 (89.47%)
saved best: 89.47%
Epoch 22 [0/84843] Loss: 0.563552
Epoch 22 [35000/84843] Loss: 0.544118
Epoch 22 [70000/84843] Loss: 0.543644
Epoch 22 - Avg Loss: 0.635535 | Train Acc: 86.77%
Val: loss=0.5607, acc=9888/10975 (90.10%)
saved best: 90.10%
Epoch 23 [0/84843] Loss: 0.537572
Epoch 23 [35000/84843] Loss: 0.661508
Epoch 23 [70000/84843] Loss: 0.707407
Epoch 23 - Avg Loss: 0.611131 | Train Acc: 87.64%
Val: loss=0.5416, acc=9936/10975 (90.53%)
saved best: 90.53%
Epoch 24 [0/84843] Loss: 0.658990
Epoch 24 [35000/84843] Loss: 0.568734
Epoch 24 [70000/84843] Loss: 0.593470
Epoch 24 - Avg Loss: 0.586103 | Train Acc: 88.58%
Val: loss=0.5203, acc=10038/10975 (91.46%)
saved best: 91.46%
Epoch 25 [0/84843] Loss: 0.559004
Epoch 25 [35000/84843] Loss: 0.517996
Epoch 25 [70000/84843] Loss: 0.538109
Epoch 25 - Avg Loss: 0.565826 | Train Acc: 89.26%
Val: loss=0.5018, acc=10091/10975 (91.95%)
saved best: 91.95%
Epoch 26 [0/84843] Loss: 0.542934
Epoch 26 [35000/84843] Loss: 0.541774
Epoch 26 [70000/84843] Loss: 0.488331
Epoch 26 - Avg Loss: 0.551549 | Train Acc: 89.69%
Val: loss=0.4941, acc=10111/10975 (92.13%)
saved best: 92.13%
Epoch 27 [0/84843] Loss: 0.549344
Epoch 27 [35000/84843] Loss: 0.635388
Epoch 27 [70000/84843] Loss: 0.651645
Epoch 27 - Avg Loss: 0.538380 | Train Acc: 90.18%
Val: loss=0.4824, acc=10156/10975 (92.54%)
saved best: 92.54%
Epoch 28 [0/84843] Loss: 0.432764
Epoch 28 [35000/84843] Loss: 0.648035
Epoch 28 [70000/84843] Loss: 0.623051
Epoch 28 - Avg Loss: 0.525826 | Train Acc: 90.54%
Val: loss=0.4794, acc=10179/10975 (92.75%)
saved best: 92.75%
Epoch 29 [0/84843] Loss: 0.387615
Epoch 29 [35000/84843] Loss: 0.467549
Epoch 29 [70000/84843] Loss: 0.415696
Epoch 29 - Avg Loss: 0.518184 | Train Acc: 90.94%
Val: loss=0.4663, acc=10245/10975 (93.35%)
saved best: 93.35%
Epoch 30 [0/84843] Loss: 0.619852
Epoch 30 [35000/84843] Loss: 0.486680
Epoch 30 [70000/84843] Loss: 0.528708
Epoch 30 - Avg Loss: 0.503349 | Train Acc: 91.53%
Val: loss=0.4583, acc=10265/10975 (93.53%)
saved best: 93.53%
Epoch 31 [0/84843] Loss: 0.508387
Epoch 31 [35000/84843] Loss: 0.372972
Epoch 31 [70000/84843] Loss: 0.503832
Epoch 31 - Avg Loss: 0.493822 | Train Acc: 91.83%
Val: loss=0.4587, acc=10247/10975 (93.37%)
Epoch 32 [0/84843] Loss: 0.561392
Epoch 32 [35000/84843] Loss: 0.470320
Epoch 32 [70000/84843] Loss: 0.574412
Epoch 32 - Avg Loss: 0.488895 | Train Acc: 92.00%
Val: loss=0.4473, acc=10313/10975 (93.97%)
saved best: 93.97%
Epoch 33 [0/84843] Loss: 0.353098
Epoch 33 [35000/84843] Loss: 0.584339
Epoch 33 [70000/84843] Loss: 0.433370
Epoch 33 - Avg Loss: 0.482103 | Train Acc: 92.21%
Val: loss=0.4410, acc=10317/10975 (94.00%)
saved best: 94.00%
Epoch 34 [0/84843] Loss: 0.649525
Epoch 34 [35000/84843] Loss: 0.404779
Epoch 34 [70000/84843] Loss: 0.381773
Epoch 34 - Avg Loss: 0.471182 | Train Acc: 92.65%
Val: loss=0.4366, acc=10320/10975 (94.03%)
saved best: 94.03%
Epoch 35 [0/84843] Loss: 0.391309
Epoch 35 [35000/84843] Loss: 0.501577
Epoch 35 [70000/84843] Loss: 0.493218
Epoch 35 - Avg Loss: 0.465765 | Train Acc: 92.76%
Val: loss=0.4334, acc=10345/10975 (94.26%)
saved best: 94.26%
Epoch 36 [0/84843] Loss: 0.364456
Epoch 36 [35000/84843] Loss: 0.461501
Epoch 36 [70000/84843] Loss: 0.471779
Epoch 36 - Avg Loss: 0.458795 | Train Acc: 93.09%
Val: loss=0.4302, acc=10368/10975 (94.47%)
saved best: 94.47%
Epoch 37 [0/84843] Loss: 0.433602
Epoch 37 [35000/84843] Loss: 0.476097
Epoch 37 [70000/84843] Loss: 0.478026
Epoch 37 - Avg Loss: 0.455851 | Train Acc: 93.20%
Val: loss=0.4177, acc=10418/10975 (94.92%)
saved best: 94.92%
Epoch 38 [0/84843] Loss: 0.506454
Epoch 38 [35000/84843] Loss: 0.387665
Epoch 38 [70000/84843] Loss: 0.452582
Epoch 38 - Avg Loss: 0.447260 | Train Acc: 93.44%
Val: loss=0.4210, acc=10393/10975 (94.70%)
Epoch 39 [0/84843] Loss: 0.582546
Epoch 39 [35000/84843] Loss: 0.363891
Epoch 39 [70000/84843] Loss: 0.398551
Epoch 39 - Avg Loss: 0.444141 | Train Acc: 93.56%
Val: loss=0.4167, acc=10407/10975 (94.82%)
Epoch 40 [0/84843] Loss: 0.348090
Epoch 40 [35000/84843] Loss: 0.594657
Epoch 40 [70000/84843] Loss: 0.364771
Epoch 40 - Avg Loss: 0.441098 | Train Acc: 93.75%
Val: loss=0.4153, acc=10419/10975 (94.93%)
saved best: 94.93%
Epoch 41 [0/84843] Loss: 0.444116
Epoch 41 [35000/84843] Loss: 0.398464
Epoch 41 [70000/84843] Loss: 0.402395
Epoch 41 - Avg Loss: 0.435295 | Train Acc: 93.92%
Val: loss=0.4194, acc=10415/10975 (94.90%)
Epoch 42 [0/84843] Loss: 0.393786
Epoch 42 [35000/84843] Loss: 0.399969
Epoch 42 [70000/84843] Loss: 0.383960
Epoch 42 - Avg Loss: 0.432985 | Train Acc: 94.01%
Val: loss=0.4124, acc=10430/10975 (95.03%)
saved best: 95.03%
Epoch 43 [0/84843] Loss: 0.467746
Epoch 43 [35000/84843] Loss: 0.508809
Epoch 43 [70000/84843] Loss: 0.497733
Epoch 43 - Avg Loss: 0.427312 | Train Acc: 94.21%
Val: loss=0.4075, acc=10421/10975 (94.95%)
Epoch 44 [0/84843] Loss: 0.362007
Epoch 44 [35000/84843] Loss: 0.385139
Epoch 44 [70000/84843] Loss: 0.333318
Epoch 44 - Avg Loss: 0.425738 | Train Acc: 94.31%
Val: loss=0.4081, acc=10439/10975 (95.12%)
saved best: 95.12%
Epoch 45 [0/84843] Loss: 0.428584
Epoch 45 [35000/84843] Loss: 0.415133
Epoch 45 [70000/84843] Loss: 0.513335
Epoch 45 - Avg Loss: 0.419663 | Train Acc: 94.52%
Val: loss=0.4091, acc=10421/10975 (94.95%)
Epoch 46 [0/84843] Loss: 0.416207
Epoch 46 [35000/84843] Loss: 0.319760
Epoch 46 [70000/84843] Loss: 0.353783
Epoch 46 - Avg Loss: 0.419239 | Train Acc: 94.40%
Val: loss=0.4012, acc=10469/10975 (95.39%)
saved best: 95.39%
Epoch 47 [0/84843] Loss: 0.404712
Epoch 47 [35000/84843] Loss: 0.386270
Epoch 47 [70000/84843] Loss: 0.457700
Epoch 47 - Avg Loss: 0.413759 | Train Acc: 94.69%
Val: loss=0.3948, acc=10486/10975 (95.54%)
saved best: 95.54%
Epoch 48 [0/84843] Loss: 0.576774
Epoch 48 [35000/84843] Loss: 0.409666
Epoch 48 [70000/84843] Loss: 0.376262
Epoch 48 - Avg Loss: 0.416312 | Train Acc: 94.58%
Val: loss=0.3929, acc=10492/10975 (95.60%)
saved best: 95.60%
Epoch 49 [0/84843] Loss: 0.493021
Epoch 49 [35000/84843] Loss: 0.418689
Epoch 49 [70000/84843] Loss: 0.434965
Epoch 49 - Avg Loss: 0.411355 | Train Acc: 94.76%
Val: loss=0.3981, acc=10482/10975 (95.51%)
Epoch 50 [0/84843] Loss: 0.340582
Epoch 50 [35000/84843] Loss: 0.364695
Epoch 50 [70000/84843] Loss: 0.417544
Epoch 50 - Avg Loss: 0.408082 | Train Acc: 94.93%
Val: loss=0.3982, acc=10446/10975 (95.18%)
Epoch 51 [0/84843] Loss: 0.547095
Epoch 51 [35000/84843] Loss: 0.403381
Epoch 51 [70000/84843] Loss: 0.369599
Epoch 51 - Avg Loss: 0.407419 | Train Acc: 95.01%
Val: loss=0.3962, acc=10477/10975 (95.46%)
Epoch 52 [0/84843] Loss: 0.353574
Epoch 52 [35000/84843] Loss: 0.367496
Epoch 52 [70000/84843] Loss: 0.399839
Epoch 52 - Avg Loss: 0.404023 | Train Acc: 95.02%
Val: loss=0.3906, acc=10507/10975 (95.74%)
saved best: 95.74%
Epoch 53 [0/84843] Loss: 0.394091
Epoch 53 [35000/84843] Loss: 0.352639
Epoch 53 [70000/84843] Loss: 0.482530
Epoch 53 - Avg Loss: 0.405013 | Train Acc: 95.00%
Val: loss=0.3951, acc=10481/10975 (95.50%)
Epoch 54 [0/84843] Loss: 0.317643
Epoch 54 [35000/84843] Loss: 0.332958
Epoch 54 [70000/84843] Loss: 0.307788
Epoch 54 - Avg Loss: 0.402806 | Train Acc: 95.10%
Val: loss=0.3971, acc=10468/10975 (95.38%)
Epoch 55 [0/84843] Loss: 0.367320
Epoch 55 [35000/84843] Loss: 0.351448
Epoch 55 [70000/84843] Loss: 0.448349
Epoch 55 - Avg Loss: 0.397585 | Train Acc: 95.30%
Val: loss=0.3966, acc=10480/10975 (95.49%)
Epoch 56 [0/84843] Loss: 0.383074
Epoch 56 [35000/84843] Loss: 0.344004
Epoch 56 [70000/84843] Loss: 0.372464
Epoch 56 - Avg Loss: 0.398247 | Train Acc: 95.29%
Val: loss=0.3910, acc=10509/10975 (95.75%)
saved best: 95.75%
Epoch 57 [0/84843] Loss: 0.415076
Epoch 57 [35000/84843] Loss: 0.463949
Epoch 57 [70000/84843] Loss: 0.361026
Epoch 57 - Avg Loss: 0.397960 | Train Acc: 95.28%
Val: loss=0.3957, acc=10485/10975 (95.54%)
Epoch 58 [0/84843] Loss: 0.321675
Epoch 58 [35000/84843] Loss: 0.447946
Epoch 58 [70000/84843] Loss: 0.372226
Epoch 58 - Avg Loss: 0.396751 | Train Acc: 95.28%
Val: loss=0.3950, acc=10488/10975 (95.56%)
Epoch 59 [0/84843] Loss: 0.422503
Epoch 59 [35000/84843] Loss: 0.364171
Epoch 59 [70000/84843] Loss: 0.366775
Epoch 59 - Avg Loss: 0.395301 | Train Acc: 95.40%
Val: loss=0.3846, acc=10535/10975 (95.99%)
saved best: 95.99%
Epoch 60 [0/84843] Loss: 0.452181
Epoch 60 [35000/84843] Loss: 0.353984
Epoch 60 [70000/84843] Loss: 0.421381
Epoch 60 - Avg Loss: 0.391896 | Train Acc: 95.51%
Val: loss=0.3961, acc=10492/10975 (95.60%)
Epoch 61 [0/84843] Loss: 0.295970
Epoch 61 [35000/84843] Loss: 0.362781
Epoch 61 [70000/84843] Loss: 0.335367
Epoch 61 - Avg Loss: 0.390510 | Train Acc: 95.54%
Val: loss=0.3873, acc=10511/10975 (95.77%)
Epoch 62 [0/84843] Loss: 0.445351
Epoch 62 [35000/84843] Loss: 0.433204
Epoch 62 [70000/84843] Loss: 0.386489
Epoch 62 - Avg Loss: 0.389441 | Train Acc: 95.60%
Val: loss=0.3862, acc=10528/10975 (95.93%)
Epoch 63 [0/84843] Loss: 0.330602
Epoch 63 [35000/84843] Loss: 0.372855
Epoch 63 [70000/84843] Loss: 0.372403
Epoch 63 - Avg Loss: 0.388348 | Train Acc: 95.62%
Val: loss=0.3829, acc=10541/10975 (96.05%)
saved best: 96.05%
Epoch 64 [0/84843] Loss: 0.397935
Epoch 64 [35000/84843] Loss: 0.323279
Epoch 64 [70000/84843] Loss: 0.324015
Epoch 64 - Avg Loss: 0.384697 | Train Acc: 95.71%
Val: loss=0.3774, acc=10553/10975 (96.15%)
saved best: 96.15%
Epoch 65 [0/84843] Loss: 0.395155
Epoch 65 [35000/84843] Loss: 0.358324
Epoch 65 [70000/84843] Loss: 0.326385
Epoch 65 - Avg Loss: 0.387034 | Train Acc: 95.69%
Val: loss=0.3910, acc=10494/10975 (95.62%)
Epoch 66 [0/84843] Loss: 0.347162
Epoch 66 [35000/84843] Loss: 0.413309
Epoch 66 [70000/84843] Loss: 0.483146
Epoch 66 - Avg Loss: 0.384170 | Train Acc: 95.77%
Val: loss=0.3864, acc=10528/10975 (95.93%)
Epoch 67 [0/84843] Loss: 0.381553
Epoch 67 [35000/84843] Loss: 0.533343
Epoch 67 [70000/84843] Loss: 0.378053
Epoch 67 - Avg Loss: 0.381786 | Train Acc: 95.94%
Val: loss=0.3800, acc=10549/10975 (96.12%)
Epoch 68 [0/84843] Loss: 0.401938
Epoch 68 [35000/84843] Loss: 0.385455
Epoch 68 [70000/84843] Loss: 0.368547
Epoch 68 - Avg Loss: 0.382206 | Train Acc: 95.86%
Val: loss=0.3756, acc=10578/10975 (96.38%)
saved best: 96.38%
Epoch 69 [0/84843] Loss: 0.318790
Epoch 69 [35000/84843] Loss: 0.297201
Epoch 69 [70000/84843] Loss: 0.292033
Epoch 69 - Avg Loss: 0.381222 | Train Acc: 95.87%
Val: loss=0.3826, acc=10517/10975 (95.83%)
Epoch 70 [0/84843] Loss: 0.480824
Epoch 70 [35000/84843] Loss: 0.397746
Epoch 70 [70000/84843] Loss: 0.391960
Epoch 70 - Avg Loss: 0.382131 | Train Acc: 95.82%
Val: loss=0.3852, acc=10525/10975 (95.90%)
Epoch 71 [0/84843] Loss: 0.303369
Epoch 71 [35000/84843] Loss: 0.340467
Epoch 71 [70000/84843] Loss: 0.312017
Epoch 71 - Avg Loss: 0.378659 | Train Acc: 95.93%
Val: loss=0.3832, acc=10533/10975 (95.97%)
Epoch 72 [0/84843] Loss: 0.406782
Epoch 72 [35000/84843] Loss: 0.392409
Epoch 72 [70000/84843] Loss: 0.353084
Epoch 72 - Avg Loss: 0.378151 | Train Acc: 95.97%
Val: loss=0.3782, acc=10540/10975 (96.04%)
Epoch 73 [0/84843] Loss: 0.289533
Epoch 73 [35000/84843] Loss: 0.414463
Epoch 73 [70000/84843] Loss: 0.373690
Epoch 73 - Avg Loss: 0.378751 | Train Acc: 95.95%
Val: loss=0.3784, acc=10553/10975 (96.15%)
Epoch 74 [0/84843] Loss: 0.427559
Epoch 74 [35000/84843] Loss: 0.333450
Epoch 74 [70000/84843] Loss: 0.310092
Epoch 74 - Avg Loss: 0.375619 | Train Acc: 96.13%
Val: loss=0.3841, acc=10532/10975 (95.96%)
Epoch 75 [0/84843] Loss: 0.336974
Epoch 75 [35000/84843] Loss: 0.360583
Epoch 75 [70000/84843] Loss: 0.358487
Epoch 75 - Avg Loss: 0.375738 | Train Acc: 96.08%
Val: loss=0.3770, acc=10557/10975 (96.19%)
Epoch 76 [0/84843] Loss: 0.332504
Epoch 76 [35000/84843] Loss: 0.327472
Epoch 76 [70000/84843] Loss: 0.315873
Epoch 76 - Avg Loss: 0.375600 | Train Acc: 96.07%
Val: loss=0.3731, acc=10567/10975 (96.28%)
Epoch 77 [0/84843] Loss: 0.374179
Epoch 77 [35000/84843] Loss: 0.483896
Epoch 77 [70000/84843] Loss: 0.346461
Epoch 77 - Avg Loss: 0.374696 | Train Acc: 96.11%
Val: loss=0.3780, acc=10546/10975 (96.09%)
Epoch 78 [0/84843] Loss: 0.376514
Epoch 78 [35000/84843] Loss: 0.347195
Epoch 78 [70000/84843] Loss: 0.425319
Epoch 78 - Avg Loss: 0.372949 | Train Acc: 96.15%
Val: loss=0.3814, acc=10537/10975 (96.01%)
Epoch 79 [0/84843] Loss: 0.419110
Epoch 79 [35000/84843] Loss: 0.330303
Epoch 79 [70000/84843] Loss: 0.303244
Epoch 79 - Avg Loss: 0.372224 | Train Acc: 96.24%
Val: loss=0.3885, acc=10510/10975 (95.76%)
Epoch 80 [0/84843] Loss: 0.386843
Epoch 80 [35000/84843] Loss: 0.430205
Epoch 80 [70000/84843] Loss: 0.469153
Epoch 80 - Avg Loss: 0.371126 | Train Acc: 96.20%
Val: loss=0.3909, acc=10499/10975 (95.66%)
Epoch 81 [0/84843] Loss: 0.396498
Epoch 81 [35000/84843] Loss: 0.302377
Epoch 81 [70000/84843] Loss: 0.386121
Epoch 81 - Avg Loss: 0.371766 | Train Acc: 96.23%
Val: loss=0.3782, acc=10547/10975 (96.10%)
Epoch 82 [0/84843] Loss: 0.362252
Epoch 82 [35000/84843] Loss: 0.339428
Epoch 82 [70000/84843] Loss: 0.366071
Epoch 82 - Avg Loss: 0.372409 | Train Acc: 96.22%
Val: loss=0.3747, acc=10568/10975 (96.29%)
Epoch 83 [0/84843] Loss: 0.466462
Epoch 83 [35000/84843] Loss: 0.377011
Epoch 83 [70000/84843] Loss: 0.319258
Epoch 83 - Avg Loss: 0.371164 | Train Acc: 96.19%
Val: loss=0.3801, acc=10545/10975 (96.08%)
Epoch 84 [0/84843] Loss: 0.353892
Epoch 84 [35000/84843] Loss: 0.399269
Epoch 84 [70000/84843] Loss: 0.436051
Epoch 84 - Avg Loss: 0.369867 | Train Acc: 96.29%
Val: loss=0.3890, acc=10515/10975 (95.81%)
Epoch 85 [0/84843] Loss: 0.335794
Epoch 85 [35000/84843] Loss: 0.364192
Epoch 85 [70000/84843] Loss: 0.411897
Epoch 85 - Avg Loss: 0.369330 | Train Acc: 96.32%
Val: loss=0.3808, acc=10547/10975 (96.10%)
Epoch 86 [0/84843] Loss: 0.495347
Epoch 86 [35000/84843] Loss: 0.295590
Epoch 86 [70000/84843] Loss: 0.425453
Epoch 86 - Avg Loss: 0.367424 | Train Acc: 96.40%
Val: loss=0.3820, acc=10547/10975 (96.10%)
Epoch 87 [0/84843] Loss: 0.446331
Epoch 87 [35000/84843] Loss: 0.401789
Epoch 87 [70000/84843] Loss: 0.335338
Epoch 87 - Avg Loss: 0.369773 | Train Acc: 96.31%
Val: loss=0.3776, acc=10539/10975 (96.03%)
Epoch 88 [0/84843] Loss: 0.300427
Epoch 88 [35000/84843] Loss: 0.364986
Epoch 88 [70000/84843] Loss: 0.383227
Epoch 88 - Avg Loss: 0.367670 | Train Acc: 96.41%
Val: loss=0.3756, acc=10577/10975 (96.37%)
Epoch 89 [0/84843] Loss: 0.576028
Epoch 89 [35000/84843] Loss: 0.344402
Epoch 89 [70000/84843] Loss: 0.391246
Epoch 89 - Avg Loss: 0.366585 | Train Acc: 96.42%
Val: loss=0.3764, acc=10559/10975 (96.21%)
Epoch 90 [0/84843] Loss: 0.357800
Epoch 90 [35000/84843] Loss: 0.387568
Epoch 90 [70000/84843] Loss: 0.443129
Epoch 90 - Avg Loss: 0.368913 | Train Acc: 96.30%
Val: loss=0.3716, acc=10564/10975 (96.26%)
Epoch 91 [0/84843] Loss: 0.360522
Epoch 91 [35000/84843] Loss: 0.306183
Epoch 91 [70000/84843] Loss: 0.315373
Epoch 91 - Avg Loss: 0.367087 | Train Acc: 96.41%
Val: loss=0.3734, acc=10555/10975 (96.17%)
Epoch 92 [0/84843] Loss: 0.377619
Epoch 92 [35000/84843] Loss: 0.368345
Epoch 92 [70000/84843] Loss: 0.364904
Epoch 92 - Avg Loss: 0.367049 | Train Acc: 96.39%
Val: loss=0.3857, acc=10523/10975 (95.88%)
Epoch 93 [0/84843] Loss: 0.481633
Epoch 93 [35000/84843] Loss: 0.330886
Epoch 93 [70000/84843] Loss: 0.286905
Epoch 93 - Avg Loss: 0.366155 | Train Acc: 96.40%
Val: loss=0.3792, acc=10538/10975 (96.02%)
Epoch 94 [0/84843] Loss: 0.342982
Epoch 94 [35000/84843] Loss: 0.415476
Epoch 94 [70000/84843] Loss: 0.295505
Epoch 94 - Avg Loss: 0.365855 | Train Acc: 96.39%
Val: loss=0.3792, acc=10543/10975 (96.06%)
Epoch 95 [0/84843] Loss: 0.427865
Epoch 95 [35000/84843] Loss: 0.395879
Epoch 95 [70000/84843] Loss: 0.390838
Epoch 95 - Avg Loss: 0.362502 | Train Acc: 96.59%
Val: loss=0.3836, acc=10539/10975 (96.03%)
Epoch 96 [0/84843] Loss: 0.401768
Epoch 96 [35000/84843] Loss: 0.446545
Epoch 96 [70000/84843] Loss: 0.391867
Epoch 96 - Avg Loss: 0.364377 | Train Acc: 96.50%
Val: loss=0.3797, acc=10555/10975 (96.17%)
Epoch 97 [0/84843] Loss: 0.289754
Epoch 97 [35000/84843] Loss: 0.394052
Epoch 97 [70000/84843] Loss: 0.361595
Epoch 97 - Avg Loss: 0.364549 | Train Acc: 96.47%
Val: loss=0.3837, acc=10534/10975 (95.98%)
Epoch 98 [0/84843] Loss: 0.307243
Epoch 98 [35000/84843] Loss: 0.318839
Epoch 98 [70000/84843] Loss: 0.353885
Epoch 98 - Avg Loss: 0.364086 | Train Acc: 96.50%
Val: loss=0.3806, acc=10541/10975 (96.05%)
Epoch 99 [0/84843] Loss: 0.314960
Epoch 99 [35000/84843] Loss: 0.345869
Epoch 99 [70000/84843] Loss: 0.411470
Epoch 99 - Avg Loss: 0.363035 | Train Acc: 96.55%
Val: loss=0.3804, acc=10543/10975 (96.06%)
Epoch 100 [0/84843] Loss: 0.298434
Epoch 100 [35000/84843] Loss: 0.379348
Epoch 100 [70000/84843] Loss: 0.366805
Epoch 100 - Avg Loss: 0.363177 | Train Acc: 96.58%
Val: loss=0.3811, acc=10567/10975 (96.28%)
Epoch 101 [0/84843] Loss: 0.311954
Epoch 101 [35000/84843] Loss: 0.318752
Epoch 101 [70000/84843] Loss: 0.401194
Epoch 101 - Avg Loss: 0.363245 | Train Acc: 96.51%
Val: loss=0.3741, acc=10557/10975 (96.19%)
Epoch 102 [0/84843] Loss: 0.404740
Epoch 102 [35000/84843] Loss: 0.429356
Epoch 102 [70000/84843] Loss: 0.304416
Epoch 102 - Avg Loss: 0.362100 | Train Acc: 96.56%
Val: loss=0.3754, acc=10564/10975 (96.26%)
Epoch 103 [0/84843] Loss: 0.361715
Epoch 103 [35000/84843] Loss: 0.374269
Epoch 103 [70000/84843] Loss: 0.306992
Epoch 103 - Avg Loss: 0.365194 | Train Acc: 96.46%
Val: loss=0.3824, acc=10525/10975 (95.90%)
Epoch 104 [0/84843] Loss: 0.309118
Epoch 104 [35000/84843] Loss: 0.412633
Epoch 104 [70000/84843] Loss: 0.413840
Epoch 104 - Avg Loss: 0.362116 | Train Acc: 96.52%
Val: loss=0.3812, acc=10549/10975 (96.12%)
Epoch 105 [0/84843] Loss: 0.335757
Epoch 105 [35000/84843] Loss: 0.305776
Epoch 105 [70000/84843] Loss: 0.348523
Epoch 105 - Avg Loss: 0.360763 | Train Acc: 96.69%
Val: loss=0.3852, acc=10512/10975 (95.78%)
Epoch 106 [0/84843] Loss: 0.334347
Epoch 106 [35000/84843] Loss: 0.377758
Epoch 106 [70000/84843] Loss: 0.299615
Epoch 106 - Avg Loss: 0.361730 | Train Acc: 96.58%
Val: loss=0.3795, acc=10537/10975 (96.01%)
Epoch 107 [0/84843] Loss: 0.487498
Epoch 107 [35000/84843] Loss: 0.337919
Epoch 107 [70000/84843] Loss: 0.334508
Epoch 107 - Avg Loss: 0.364164 | Train Acc: 96.53%
Val: loss=0.3706, acc=10560/10975 (96.22%)
Epoch 108 [0/84843] Loss: 0.334328
Epoch 108 [35000/84843] Loss: 0.376502
Epoch 108 [70000/84843] Loss: 0.326500
Epoch 108 - Avg Loss: 0.361225 | Train Acc: 96.60%
Val: loss=0.3843, acc=10540/10975 (96.04%)
Epoch 109 [0/84843] Loss: 0.375529
Epoch 109 [35000/84843] Loss: 0.286499
Epoch 109 [70000/84843] Loss: 0.337843
Epoch 109 - Avg Loss: 0.360190 | Train Acc: 96.63%
Val: loss=0.3764, acc=10547/10975 (96.10%)
Epoch 110 [0/84843] Loss: 0.369315
Epoch 110 [35000/84843] Loss: 0.462585
Epoch 110 [70000/84843] Loss: 0.388379
Epoch 110 - Avg Loss: 0.361704 | Train Acc: 96.62%
Val: loss=0.3783, acc=10541/10975 (96.05%)
Epoch 111 [0/84843] Loss: 0.446364
Epoch 111 [35000/84843] Loss: 0.371063
Epoch 111 [70000/84843] Loss: 0.352545
Epoch 111 - Avg Loss: 0.359144 | Train Acc: 96.73%
Val: loss=0.3785, acc=10558/10975 (96.20%)
Epoch 112 [0/84843] Loss: 0.320367
Epoch 112 [35000/84843] Loss: 0.307573
Epoch 112 [70000/84843] Loss: 0.331581
Epoch 112 - Avg Loss: 0.359140 | Train Acc: 96.71%
Val: loss=0.3730, acc=10578/10975 (96.38%)
Epoch 113 [0/84843] Loss: 0.396314
Epoch 113 [35000/84843] Loss: 0.323302
Epoch 113 [70000/84843] Loss: 0.319411
Epoch 113 - Avg Loss: 0.359316 | Train Acc: 96.65%
Val: loss=0.3741, acc=10570/10975 (96.31%)
Epoch 114 [0/84843] Loss: 0.304452
Epoch 114 [35000/84843] Loss: 0.448624
Epoch 114 [70000/84843] Loss: 0.399178
Epoch 114 - Avg Loss: 0.358499 | Train Acc: 96.73%
Val: loss=0.3848, acc=10538/10975 (96.02%)
Epoch 115 [0/84843] Loss: 0.332133
Epoch 115 [35000/84843] Loss: 0.334216
Epoch 115 [70000/84843] Loss: 0.472045
Epoch 115 - Avg Loss: 0.356775 | Train Acc: 96.73%
Val: loss=0.3881, acc=10502/10975 (95.69%)
Epoch 116 [0/84843] Loss: 0.404743
Epoch 116 [35000/84843] Loss: 0.407858
Epoch 116 [70000/84843] Loss: 0.302173
Epoch 116 - Avg Loss: 0.359138 | Train Acc: 96.72%
Val: loss=0.3744, acc=10580/10975 (96.40%)
saved best: 96.40%
Epoch 117 [0/84843] Loss: 0.347624
Epoch 117 [35000/84843] Loss: 0.287737
Epoch 117 [70000/84843] Loss: 0.314967
Epoch 117 - Avg Loss: 0.358026 | Train Acc: 96.68%
Val: loss=0.3709, acc=10578/10975 (96.38%)
Epoch 118 [0/84843] Loss: 0.314397
Epoch 118 [35000/84843] Loss: 0.284128
Epoch 118 [70000/84843] Loss: 0.388725
Epoch 118 - Avg Loss: 0.357541 | Train Acc: 96.73%
Val: loss=0.3753, acc=10548/10975 (96.11%)
Epoch 119 [0/84843] Loss: 0.332335
Epoch 119 [35000/84843] Loss: 0.296978
Epoch 119 [70000/84843] Loss: 0.287730
Epoch 119 - Avg Loss: 0.359426 | Train Acc: 96.69%
Val: loss=0.3778, acc=10554/10975 (96.16%)
Epoch 120 [0/84843] Loss: 0.289274
Epoch 120 [35000/84843] Loss: 0.375608
Epoch 120 [70000/84843] Loss: 0.410345
Epoch 120 - Avg Loss: 0.356542 | Train Acc: 96.78%
Val: loss=0.3760, acc=10559/10975 (96.21%)
Epoch 121 [0/84843] Loss: 0.342971
Epoch 121 [35000/84843] Loss: 0.343080
Epoch 121 [70000/84843] Loss: 0.311522
Epoch 121 - Avg Loss: 0.357377 | Train Acc: 96.75%
Val: loss=0.3748, acc=10551/10975 (96.14%)
Epoch 122 [0/84843] Loss: 0.327121
Epoch 122 [35000/84843] Loss: 0.315998
Epoch 122 [70000/84843] Loss: 0.324413
Epoch 122 - Avg Loss: 0.356923 | Train Acc: 96.75%
Val: loss=0.3704, acc=10589/10975 (96.48%)
saved best: 96.48%
Epoch 123 [0/84843] Loss: 0.375650
Epoch 123 [35000/84843] Loss: 0.368816
Epoch 123 [70000/84843] Loss: 0.447087
Epoch 123 - Avg Loss: 0.356794 | Train Acc: 96.70%
Val: loss=0.3754, acc=10556/10975 (96.18%)
Epoch 124 [0/84843] Loss: 0.347908
Epoch 124 [35000/84843] Loss: 0.305508
Epoch 124 [70000/84843] Loss: 0.417090
Epoch 124 - Avg Loss: 0.355793 | Train Acc: 96.81%
Val: loss=0.3685, acc=10582/10975 (96.42%)
Epoch 125 [0/84843] Loss: 0.394385
Epoch 125 [35000/84843] Loss: 0.280708
Epoch 125 [70000/84843] Loss: 0.308695
Epoch 125 - Avg Loss: 0.353653 | Train Acc: 96.90%
Val: loss=0.3752, acc=10566/10975 (96.27%)
Epoch 126 [0/84843] Loss: 0.368345
Epoch 126 [35000/84843] Loss: 0.378487
Epoch 126 [70000/84843] Loss: 0.404228
Epoch 126 - Avg Loss: 0.355932 | Train Acc: 96.82%
Val: loss=0.3736, acc=10570/10975 (96.31%)
Epoch 127 [0/84843] Loss: 0.335976
Epoch 127 [35000/84843] Loss: 0.283742
Epoch 127 [70000/84843] Loss: 0.338175
Epoch 127 - Avg Loss: 0.356109 | Train Acc: 96.79%
Val: loss=0.3732, acc=10570/10975 (96.31%)
Epoch 128 [0/84843] Loss: 0.314080
Epoch 128 [35000/84843] Loss: 0.522747
Epoch 128 [70000/84843] Loss: 0.353361
Epoch 128 - Avg Loss: 0.355218 | Train Acc: 96.89%
Val: loss=0.3724, acc=10569/10975 (96.30%)
Epoch 129 [0/84843] Loss: 0.373310
Epoch 129 [35000/84843] Loss: 0.345530
Epoch 129 [70000/84843] Loss: 0.309974
Epoch 129 - Avg Loss: 0.353384 | Train Acc: 96.86%
Val: loss=0.3738, acc=10575/10975 (96.36%)
Epoch 130 [0/84843] Loss: 0.348653
Epoch 130 [35000/84843] Loss: 0.302136
Epoch 130 [70000/84843] Loss: 0.353001
Epoch 130 - Avg Loss: 0.354406 | Train Acc: 96.84%
Val: loss=0.3701, acc=10588/10975 (96.47%)
Epoch 131 [0/84843] Loss: 0.441922
Epoch 131 [35000/84843] Loss: 0.377324
Epoch 131 [70000/84843] Loss: 0.305731
Epoch 131 - Avg Loss: 0.355468 | Train Acc: 96.81%
Val: loss=0.3721, acc=10576/10975 (96.36%)
Epoch 132 [0/84843] Loss: 0.362064
Epoch 132 [35000/84843] Loss: 0.291755
Epoch 132 [70000/84843] Loss: 0.475224
Epoch 132 - Avg Loss: 0.351506 | Train Acc: 97.03%
Val: loss=0.3761, acc=10565/10975 (96.26%)
Epoch 133 [0/84843] Loss: 0.347210
Epoch 133 [35000/84843] Loss: 0.338649
Epoch 133 [70000/84843] Loss: 0.346567
Epoch 133 - Avg Loss: 0.355437 | Train Acc: 96.84%
Val: loss=0.3701, acc=10591/10975 (96.50%)
saved best: 96.50%
Epoch 134 [0/84843] Loss: 0.295684
Epoch 134 [35000/84843] Loss: 0.382737
Epoch 134 [70000/84843] Loss: 0.354214
Epoch 134 - Avg Loss: 0.354912 | Train Acc: 96.84%
Val: loss=0.3739, acc=10575/10975 (96.36%)
Epoch 135 [0/84843] Loss: 0.290062
Epoch 135 [35000/84843] Loss: 0.363307
Epoch 135 [70000/84843] Loss: 0.428407
Epoch 135 - Avg Loss: 0.353186 | Train Acc: 96.88%
Val: loss=0.3747, acc=10576/10975 (96.36%)
Epoch 136 [0/84843] Loss: 0.321427
Epoch 136 [35000/84843] Loss: 0.391039
Epoch 136 [70000/84843] Loss: 0.293845
Epoch 136 - Avg Loss: 0.351315 | Train Acc: 96.94%
Val: loss=0.3735, acc=10574/10975 (96.35%)
Epoch 137 [0/84843] Loss: 0.346432
Epoch 137 [35000/84843] Loss: 0.413836
Epoch 137 [70000/84843] Loss: 0.434608
Epoch 137 - Avg Loss: 0.352282 | Train Acc: 96.97%
Val: loss=0.3707, acc=10576/10975 (96.36%)
Epoch 138 [0/84843] Loss: 0.306417
Epoch 138 [35000/84843] Loss: 0.366051
Epoch 138 [70000/84843] Loss: 0.311064
Epoch 138 - Avg Loss: 0.350752 | Train Acc: 97.02%
Val: loss=0.3708, acc=10598/10975 (96.56%)
saved best: 96.56%
Epoch 139 [0/84843] Loss: 0.362089
Epoch 139 [35000/84843] Loss: 0.353585
Epoch 139 [70000/84843] Loss: 0.338397
Epoch 139 - Avg Loss: 0.350662 | Train Acc: 96.99%
Val: loss=0.3792, acc=10547/10975 (96.10%)
Epoch 140 [0/84843] Loss: 0.329621
Epoch 140 [35000/84843] Loss: 0.362099
Epoch 140 [70000/84843] Loss: 0.309127
Epoch 140 - Avg Loss: 0.353703 | Train Acc: 96.90%
Val: loss=0.3747, acc=10562/10975 (96.24%)
Epoch 141 [0/84843] Loss: 0.353191
Epoch 141 [35000/84843] Loss: 0.412755
Epoch 141 [70000/84843] Loss: 0.272139
Epoch 141 - Avg Loss: 0.351011 | Train Acc: 97.00%
Val: loss=0.3768, acc=10550/10975 (96.13%)
Epoch 142 [0/84843] Loss: 0.310310
Epoch 142 [35000/84843] Loss: 0.330853
Epoch 142 [70000/84843] Loss: 0.305512
Epoch 142 - Avg Loss: 0.351981 | Train Acc: 96.97%
Val: loss=0.3680, acc=10577/10975 (96.37%)
Epoch 143 [0/84843] Loss: 0.345495
Epoch 143 [35000/84843] Loss: 0.362218
Epoch 143 [70000/84843] Loss: 0.288533
Epoch 143 - Avg Loss: 0.352163 | Train Acc: 96.95%
Val: loss=0.3760, acc=10555/10975 (96.17%)
Epoch 144 [0/84843] Loss: 0.341743
Epoch 144 [35000/84843] Loss: 0.334262
Epoch 144 [70000/84843] Loss: 0.368219
Epoch 144 - Avg Loss: 0.349183 | Train Acc: 97.06%
Val: loss=0.3758, acc=10562/10975 (96.24%)
Epoch 145 [0/84843] Loss: 0.402627
Epoch 145 [35000/84843] Loss: 0.312721
Epoch 145 [70000/84843] Loss: 0.331612
Epoch 145 - Avg Loss: 0.350697 | Train Acc: 97.02%
Val: loss=0.3723, acc=10587/10975 (96.46%)
Epoch 146 [0/84843] Loss: 0.348708
Epoch 146 [35000/84843] Loss: 0.290642
Epoch 146 [70000/84843] Loss: 0.320979
Epoch 146 - Avg Loss: 0.349420 | Train Acc: 97.11%
Val: loss=0.3706, acc=10570/10975 (96.31%)
Epoch 147 [0/84843] Loss: 0.374384
Epoch 147 [35000/84843] Loss: 0.449366
Epoch 147 [70000/84843] Loss: 0.337740
Epoch 147 - Avg Loss: 0.348657 | Train Acc: 97.09%
Val: loss=0.3799, acc=10562/10975 (96.24%)
Epoch 148 [0/84843] Loss: 0.326148
Epoch 148 [35000/84843] Loss: 0.388288
Epoch 148 [70000/84843] Loss: 0.321696
Epoch 148 - Avg Loss: 0.350676 | Train Acc: 97.02%
Val: loss=0.3671, acc=10599/10975 (96.57%)
saved best: 96.57%
Epoch 149 [0/84843] Loss: 0.318206
Epoch 149 [35000/84843] Loss: 0.346276
Epoch 149 [70000/84843] Loss: 0.338780
Epoch 149 - Avg Loss: 0.349592 | Train Acc: 97.05%
Val: loss=0.3796, acc=10553/10975 (96.15%)
Epoch 150 [0/84843] Loss: 0.375697
Epoch 150 [35000/84843] Loss: 0.352462
Epoch 150 [70000/84843] Loss: 0.280712
Epoch 150 - Avg Loss: 0.349252 | Train Acc: 97.05%
Val: loss=0.3737, acc=10578/10975 (96.38%)
Epoch 151 [0/84843] Loss: 0.395182
Epoch 151 [35000/84843] Loss: 0.393879
Epoch 151 [70000/84843] Loss: 0.312687
Epoch 151 - Avg Loss: 0.351265 | Train Acc: 96.95%
Val: loss=0.3748, acc=10574/10975 (96.35%)
Epoch 152 [0/84843] Loss: 0.306187
Epoch 152 [35000/84843] Loss: 0.381076
Epoch 152 [70000/84843] Loss: 0.308174
Epoch 152 - Avg Loss: 0.347917 | Train Acc: 97.11%
Val: loss=0.3758, acc=10572/10975 (96.33%)
Epoch 153 [0/84843] Loss: 0.393891
Epoch 153 [35000/84843] Loss: 0.456004
Epoch 153 [70000/84843] Loss: 0.323983
Epoch 153 - Avg Loss: 0.349170 | Train Acc: 97.02%
Val: loss=0.3650, acc=10615/10975 (96.72%)
saved best: 96.72%
Epoch 154 [0/84843] Loss: 0.545989
Epoch 154 [35000/84843] Loss: 0.292459
Epoch 154 [70000/84843] Loss: 0.321265
Epoch 154 - Avg Loss: 0.348005 | Train Acc: 97.17%
Val: loss=0.3777, acc=10558/10975 (96.20%)
Epoch 155 [0/84843] Loss: 0.347225
Epoch 155 [35000/84843] Loss: 0.411386
Epoch 155 [70000/84843] Loss: 0.410299
Epoch 155 - Avg Loss: 0.347876 | Train Acc: 97.11%
Val: loss=0.3693, acc=10587/10975 (96.46%)
Epoch 156 [0/84843] Loss: 0.299618
Epoch 156 [35000/84843] Loss: 0.301947
Epoch 156 [70000/84843] Loss: 0.417145
Epoch 156 - Avg Loss: 0.347975 | Train Acc: 97.12%
Val: loss=0.3682, acc=10591/10975 (96.50%)
Epoch 157 [0/84843] Loss: 0.283966
Epoch 157 [35000/84843] Loss: 0.404573
Epoch 157 [70000/84843] Loss: 0.399301
Epoch 157 - Avg Loss: 0.347319 | Train Acc: 97.15%
Val: loss=0.3703, acc=10603/10975 (96.61%)
Epoch 158 [0/84843] Loss: 0.347014
Epoch 158 [35000/84843] Loss: 0.368368
Epoch 158 [70000/84843] Loss: 0.348839
Epoch 158 - Avg Loss: 0.348833 | Train Acc: 97.06%
Val: loss=0.3710, acc=10592/10975 (96.51%)
Epoch 159 [0/84843] Loss: 0.282287
Epoch 159 [35000/84843] Loss: 0.289188
Epoch 159 [70000/84843] Loss: 0.289234
Epoch 159 - Avg Loss: 0.349037 | Train Acc: 97.04%
Val: loss=0.3729, acc=10575/10975 (96.36%)
Epoch 160 [0/84843] Loss: 0.307019
Epoch 160 [35000/84843] Loss: 0.388635
Epoch 160 [70000/84843] Loss: 0.385586
Epoch 160 - Avg Loss: 0.345975 | Train Acc: 97.13%
Val: loss=0.3726, acc=10578/10975 (96.38%)
Epoch 161 [0/84843] Loss: 0.314114
Epoch 161 [35000/84843] Loss: 0.280154
Epoch 161 [70000/84843] Loss: 0.365587
Epoch 161 - Avg Loss: 0.346666 | Train Acc: 97.18%
Val: loss=0.3754, acc=10573/10975 (96.34%)
Epoch 162 [0/84843] Loss: 0.335340
Epoch 162 [35000/84843] Loss: 0.362979
Epoch 162 [70000/84843] Loss: 0.307843
Epoch 162 - Avg Loss: 0.347706 | Train Acc: 97.15%
Val: loss=0.3708, acc=10585/10975 (96.45%)
Epoch 163 [0/84843] Loss: 0.338800
Epoch 163 [35000/84843] Loss: 0.328673
Epoch 163 [70000/84843] Loss: 0.275903
Epoch 163 - Avg Loss: 0.347690 | Train Acc: 97.14%
Val: loss=0.3758, acc=10575/10975 (96.36%)
Epoch 164 [0/84843] Loss: 0.300147
Epoch 164 [35000/84843] Loss: 0.340971
Epoch 164 [70000/84843] Loss: 0.306747
Epoch 164 - Avg Loss: 0.347765 | Train Acc: 97.08%
Val: loss=0.3654, acc=10606/10975 (96.64%)
Epoch 165 [0/84843] Loss: 0.362965
Epoch 165 [35000/84843] Loss: 0.308820
Epoch 165 [70000/84843] Loss: 0.329968
Epoch 165 - Avg Loss: 0.345593 | Train Acc: 97.18%
Val: loss=0.3658, acc=10601/10975 (96.59%)
Epoch 166 [0/84843] Loss: 0.359673
Epoch 166 [35000/84843] Loss: 0.318343
Epoch 166 [70000/84843] Loss: 0.297578
Epoch 166 - Avg Loss: 0.345089 | Train Acc: 97.22%
Val: loss=0.3755, acc=10579/10975 (96.39%)
Epoch 167 [0/84843] Loss: 0.326006
Epoch 167 [35000/84843] Loss: 0.451635
Epoch 167 [70000/84843] Loss: 0.297231
Epoch 167 - Avg Loss: 0.345810 | Train Acc: 97.14%
Val: loss=0.3775, acc=10568/10975 (96.29%)
Epoch 168 [0/84843] Loss: 0.326735
Epoch 168 [35000/84843] Loss: 0.462980
Epoch 168 [70000/84843] Loss: 0.387340
Epoch 168 - Avg Loss: 0.345967 | Train Acc: 97.14%
Val: loss=0.3709, acc=10578/10975 (96.38%)
Epoch 169 [0/84843] Loss: 0.300317
Epoch 169 [35000/84843] Loss: 0.391946
Epoch 169 [70000/84843] Loss: 0.317392
Epoch 169 - Avg Loss: 0.345278 | Train Acc: 97.24%
Val: loss=0.3724, acc=10578/10975 (96.38%)
Epoch 170 [0/84843] Loss: 0.398438
Epoch 170 [35000/84843] Loss: 0.366812
Epoch 170 [70000/84843] Loss: 0.298992
Epoch 170 - Avg Loss: 0.346345 | Train Acc: 97.20%
Val: loss=0.3751, acc=10577/10975 (96.37%)
Epoch 171 [0/84843] Loss: 0.309606
Epoch 171 [35000/84843] Loss: 0.410687
Epoch 171 [70000/84843] Loss: 0.303831
Epoch 171 - Avg Loss: 0.342724 | Train Acc: 97.33%
Val: loss=0.3705, acc=10574/10975 (96.35%)
Epoch 172 [0/84843] Loss: 0.353901
Epoch 172 [35000/84843] Loss: 0.379074
Epoch 172 [70000/84843] Loss: 0.326810
Epoch 172 - Avg Loss: 0.344868 | Train Acc: 97.20%
Val: loss=0.3707, acc=10576/10975 (96.36%)
Epoch 173 [0/84843] Loss: 0.282198
Epoch 173 [35000/84843] Loss: 0.278076
Epoch 173 [70000/84843] Loss: 0.402480
Epoch 173 - Avg Loss: 0.344044 | Train Acc: 97.23%
Val: loss=0.3725, acc=10579/10975 (96.39%)
Epoch 174 [0/84843] Loss: 0.395745
Epoch 174 [35000/84843] Loss: 0.330618
Epoch 174 [70000/84843] Loss: 0.329262
Epoch 174 - Avg Loss: 0.344952 | Train Acc: 97.22%
Val: loss=0.3703, acc=10581/10975 (96.41%)
Epoch 175 [0/84843] Loss: 0.280683
Epoch 175 [35000/84843] Loss: 0.379954
Epoch 175 [70000/84843] Loss: 0.330022
Epoch 175 - Avg Loss: 0.345283 | Train Acc: 97.17%
Val: loss=0.3697, acc=10593/10975 (96.52%)
Epoch 176 [0/84843] Loss: 0.376289
Epoch 176 [35000/84843] Loss: 0.324681
Epoch 176 [70000/84843] Loss: 0.351168
Epoch 176 - Avg Loss: 0.342117 | Train Acc: 97.28%
Val: loss=0.3800, acc=10547/10975 (96.10%)
Epoch 177 [0/84843] Loss: 0.326026
Epoch 177 [35000/84843] Loss: 0.307842
Epoch 177 [70000/84843] Loss: 0.327129
Epoch 177 - Avg Loss: 0.343681 | Train Acc: 97.23%
Val: loss=0.3727, acc=10577/10975 (96.37%)
Epoch 178 [0/84843] Loss: 0.331908
Epoch 178 [35000/84843] Loss: 0.279426
Epoch 178 [70000/84843] Loss: 0.302402
Epoch 178 - Avg Loss: 0.344740 | Train Acc: 97.24%
Val: loss=0.3660, acc=10606/10975 (96.64%)
Epoch 179 [0/84843] Loss: 0.338020
Epoch 179 [35000/84843] Loss: 0.375144
Epoch 179 [70000/84843] Loss: 0.280717
Epoch 179 - Avg Loss: 0.342947 | Train Acc: 97.31%
Val: loss=0.3747, acc=10555/10975 (96.17%)
Epoch 180 [0/84843] Loss: 0.393890
Epoch 180 [35000/84843] Loss: 0.394829
Epoch 180 [70000/84843] Loss: 0.295436
Epoch 180 - Avg Loss: 0.342726 | Train Acc: 97.31%
Val: loss=0.3764, acc=10563/10975 (96.25%)
Epoch 181 [0/84843] Loss: 0.349100
Epoch 181 [35000/84843] Loss: 0.395697
Epoch 181 [70000/84843] Loss: 0.328625
Epoch 181 - Avg Loss: 0.343515 | Train Acc: 97.24%
Val: loss=0.3770, acc=10570/10975 (96.31%)
Epoch 182 [0/84843] Loss: 0.333938
Epoch 182 [35000/84843] Loss: 0.413930
Epoch 182 [70000/84843] Loss: 0.281469
Epoch 182 - Avg Loss: 0.342726 | Train Acc: 97.29%
Val: loss=0.3721, acc=10589/10975 (96.48%)
Epoch 183 [0/84843] Loss: 0.292751
Epoch 183 [35000/84843] Loss: 0.311091
Epoch 183 [70000/84843] Loss: 0.316912
Epoch 183 - Avg Loss: 0.341308 | Train Acc: 97.38%
Val: loss=0.3756, acc=10573/10975 (96.34%)
Epoch 184 [0/84843] Loss: 0.474776
Epoch 184 [35000/84843] Loss: 0.311420
Epoch 184 [70000/84843] Loss: 0.322707
Epoch 184 - Avg Loss: 0.343021 | Train Acc: 97.30%
Val: loss=0.3729, acc=10586/10975 (96.46%)
Epoch 185 [0/84843] Loss: 0.399236
Epoch 185 [35000/84843] Loss: 0.366839
Epoch 185 [70000/84843] Loss: 0.372699
Epoch 185 - Avg Loss: 0.342633 | Train Acc: 97.34%
Val: loss=0.3688, acc=10584/10975 (96.44%)
Epoch 186 [0/84843] Loss: 0.337645
Epoch 186 [35000/84843] Loss: 0.308088
Epoch 186 [70000/84843] Loss: 0.323013
Epoch 186 - Avg Loss: 0.341470 | Train Acc: 97.32%
Val: loss=0.3709, acc=10593/10975 (96.52%)
Epoch 187 [0/84843] Loss: 0.347711
Epoch 187 [35000/84843] Loss: 0.301717
Epoch 187 [70000/84843] Loss: 0.449485
Epoch 187 - Avg Loss: 0.342453 | Train Acc: 97.26%
Val: loss=0.3729, acc=10583/10975 (96.43%)
Epoch 188 [0/84843] Loss: 0.305597
Epoch 188 [35000/84843] Loss: 0.402277
Epoch 188 [70000/84843] Loss: 0.316739
Epoch 188 - Avg Loss: 0.343279 | Train Acc: 97.26%
Val: loss=0.3734, acc=10585/10975 (96.45%)
Epoch 189 [0/84843] Loss: 0.315986
Epoch 189 [35000/84843] Loss: 0.331461
Epoch 189 [70000/84843] Loss: 0.352399
Epoch 189 - Avg Loss: 0.343161 | Train Acc: 97.31%
Val: loss=0.3693, acc=10598/10975 (96.56%)
Epoch 190 [0/84843] Loss: 0.320646
Epoch 190 [35000/84843] Loss: 0.295503
Epoch 190 [70000/84843] Loss: 0.401351
Epoch 190 - Avg Loss: 0.341043 | Train Acc: 97.37%
Val: loss=0.3676, acc=10604/10975 (96.62%)
Epoch 191 [0/84843] Loss: 0.277935
Epoch 191 [35000/84843] Loss: 0.330630
Epoch 191 [70000/84843] Loss: 0.350908
Epoch 191 - Avg Loss: 0.341581 | Train Acc: 97.35%
Val: loss=0.3652, acc=10600/10975 (96.58%)
Epoch 192 [0/84843] Loss: 0.305572
Epoch 192 [35000/84843] Loss: 0.361993
Epoch 192 [70000/84843] Loss: 0.296067
Epoch 192 - Avg Loss: 0.340130 | Train Acc: 97.38%
Val: loss=0.3668, acc=10614/10975 (96.71%)
Epoch 193 [0/84843] Loss: 0.339457
Epoch 193 [35000/84843] Loss: 0.326388
Epoch 193 [70000/84843] Loss: 0.340422
Epoch 193 - Avg Loss: 0.340031 | Train Acc: 97.42%
Val: loss=0.3738, acc=10577/10975 (96.37%)
Epoch 194 [0/84843] Loss: 0.397934
Epoch 194 [35000/84843] Loss: 0.324659
Epoch 194 [70000/84843] Loss: 0.445236
Epoch 194 - Avg Loss: 0.339666 | Train Acc: 97.41%
Val: loss=0.3690, acc=10597/10975 (96.56%)
Epoch 195 [0/84843] Loss: 0.353780
Epoch 195 [35000/84843] Loss: 0.366957
Epoch 195 [70000/84843] Loss: 0.308460
Epoch 195 - Avg Loss: 0.340705 | Train Acc: 97.39%
Val: loss=0.3696, acc=10596/10975 (96.55%)
Epoch 196 [0/84843] Loss: 0.361649
Epoch 196 [35000/84843] Loss: 0.319756
Epoch 196 [70000/84843] Loss: 0.369265
Epoch 196 - Avg Loss: 0.340897 | Train Acc: 97.40%
Val: loss=0.3731, acc=10571/10975 (96.32%)
Epoch 197 [0/84843] Loss: 0.346046
Epoch 197 [35000/84843] Loss: 0.324778
Epoch 197 [70000/84843] Loss: 0.365465
Epoch 197 - Avg Loss: 0.339619 | Train Acc: 97.42%
Val: loss=0.3726, acc=10596/10975 (96.55%)
Epoch 198 [0/84843] Loss: 0.293914
Epoch 198 [35000/84843] Loss: 0.357909
Epoch 198 [70000/84843] Loss: 0.477915
Epoch 198 - Avg Loss: 0.339457 | Train Acc: 97.47%
Val: loss=0.3725, acc=10584/10975 (96.44%)
Epoch 199 [0/84843] Loss: 0.299560
Epoch 199 [35000/84843] Loss: 0.286792
Epoch 199 [70000/84843] Loss: 0.302527
Epoch 199 - Avg Loss: 0.338593 | Train Acc: 97.48%
Val: loss=0.3717, acc=10585/10975 (96.45%)
Epoch 200 [0/84843] Loss: 0.348088
Epoch 200 [35000/84843] Loss: 0.378637
Epoch 200 [70000/84843] Loss: 0.325167
Epoch 200 - Avg Loss: 0.339594 | Train Acc: 97.41%
Val: loss=0.3684, acc=10602/10975 (96.60%)
Epoch 201 [0/84843] Loss: 0.330630
Epoch 201 [35000/84843] Loss: 0.292903
Epoch 201 [70000/84843] Loss: 0.317271
Epoch 201 - Avg Loss: 0.338414 | Train Acc: 97.52%
Val: loss=0.3730, acc=10585/10975 (96.45%)
Epoch 202 [0/84843] Loss: 0.390223
Epoch 202 [35000/84843] Loss: 0.318151
Epoch 202 [70000/84843] Loss: 0.385711
Epoch 202 - Avg Loss: 0.338529 | Train Acc: 97.48%
Val: loss=0.3718, acc=10566/10975 (96.27%)
Epoch 203 [0/84843] Loss: 0.347865
Epoch 203 [35000/84843] Loss: 0.348305
Epoch 203 [70000/84843] Loss: 0.332104
Epoch 203 - Avg Loss: 0.337901 | Train Acc: 97.46%
Val: loss=0.3647, acc=10603/10975 (96.61%)
Epoch 204 [0/84843] Loss: 0.385655
Epoch 204 [35000/84843] Loss: 0.289625
Epoch 204 [70000/84843] Loss: 0.346494
Epoch 204 - Avg Loss: 0.338798 | Train Acc: 97.48%
Val: loss=0.3690, acc=10612/10975 (96.69%)
Epoch 205 [0/84843] Loss: 0.292272
Epoch 205 [35000/84843] Loss: 0.391317
Epoch 205 [70000/84843] Loss: 0.300948
Epoch 205 - Avg Loss: 0.338415 | Train Acc: 97.47%
Val: loss=0.3705, acc=10581/10975 (96.41%)
Epoch 206 [0/84843] Loss: 0.435827
Epoch 206 [35000/84843] Loss: 0.336916
Epoch 206 [70000/84843] Loss: 0.280663
Epoch 206 - Avg Loss: 0.337962 | Train Acc: 97.48%
Val: loss=0.3730, acc=10577/10975 (96.37%)
Epoch 207 [0/84843] Loss: 0.319071
Epoch 207 [35000/84843] Loss: 0.315109
Epoch 207 [70000/84843] Loss: 0.344332
Epoch 207 - Avg Loss: 0.337738 | Train Acc: 97.46%
Val: loss=0.3755, acc=10568/10975 (96.29%)
Epoch 208 [0/84843] Loss: 0.346485
Epoch 208 [35000/84843] Loss: 0.291947
Epoch 208 [70000/84843] Loss: 0.309571
Epoch 208 - Avg Loss: 0.336089 | Train Acc: 97.55%
Val: loss=0.3732, acc=10568/10975 (96.29%)
Epoch 209 [0/84843] Loss: 0.330506
Epoch 209 [35000/84843] Loss: 0.316071
Epoch 209 [70000/84843] Loss: 0.327721
Epoch 209 - Avg Loss: 0.337035 | Train Acc: 97.52%
Val: loss=0.3690, acc=10604/10975 (96.62%)
Epoch 210 [0/84843] Loss: 0.318120
Epoch 210 [35000/84843] Loss: 0.329262
Epoch 210 [70000/84843] Loss: 0.315205
Epoch 210 - Avg Loss: 0.335257 | Train Acc: 97.59%
Val: loss=0.3692, acc=10601/10975 (96.59%)
Epoch 211 [0/84843] Loss: 0.349798
Epoch 211 [35000/84843] Loss: 0.393930
Epoch 211 [70000/84843] Loss: 0.391290
Epoch 211 - Avg Loss: 0.337270 | Train Acc: 97.47%
Val: loss=0.3697, acc=10604/10975 (96.62%)
Epoch 212 [0/84843] Loss: 0.349607
Epoch 212 [35000/84843] Loss: 0.396838
Epoch 212 [70000/84843] Loss: 0.379595
Epoch 212 - Avg Loss: 0.337072 | Train Acc: 97.51%
Val: loss=0.3732, acc=10585/10975 (96.45%)
Epoch 213 [0/84843] Loss: 0.287120
Epoch 213 [35000/84843] Loss: 0.392481
Epoch 213 [70000/84843] Loss: 0.349499
Epoch 213 - Avg Loss: 0.334685 | Train Acc: 97.64%
Val: loss=0.3726, acc=10585/10975 (96.45%)
Epoch 214 [0/84843] Loss: 0.278314
Epoch 214 [35000/84843] Loss: 0.456426
Epoch 214 [70000/84843] Loss: 0.323640
Epoch 214 - Avg Loss: 0.336261 | Train Acc: 97.57%
Val: loss=0.3682, acc=10594/10975 (96.53%)
Epoch 215 [0/84843] Loss: 0.288890
Epoch 215 [35000/84843] Loss: 0.281725
Epoch 215 [70000/84843] Loss: 0.274806
Epoch 215 - Avg Loss: 0.335743 | Train Acc: 97.57%
Val: loss=0.3686, acc=10593/10975 (96.52%)
Epoch 216 [0/84843] Loss: 0.274143
Epoch 216 [35000/84843] Loss: 0.326584
Epoch 216 [70000/84843] Loss: 0.273916
Epoch 216 - Avg Loss: 0.335625 | Train Acc: 97.54%
Val: loss=0.3699, acc=10594/10975 (96.53%)
Epoch 217 [0/84843] Loss: 0.303744
Epoch 217 [35000/84843] Loss: 0.276887
Epoch 217 [70000/84843] Loss: 0.346301
Epoch 217 - Avg Loss: 0.335648 | Train Acc: 97.59%
Val: loss=0.3707, acc=10580/10975 (96.40%)
Epoch 218 [0/84843] Loss: 0.297582
Epoch 218 [35000/84843] Loss: 0.340046
Epoch 218 [70000/84843] Loss: 0.337694
Epoch 218 - Avg Loss: 0.336444 | Train Acc: 97.59%
Val: loss=0.3662, acc=10607/10975 (96.65%)
Epoch 219 [0/84843] Loss: 0.282174
Epoch 219 [35000/84843] Loss: 0.419678
Epoch 219 [70000/84843] Loss: 0.332286
Epoch 219 - Avg Loss: 0.332921 | Train Acc: 97.67%
Val: loss=0.3687, acc=10597/10975 (96.56%)
Epoch 220 [0/84843] Loss: 0.330173
Epoch 220 [35000/84843] Loss: 0.299254
Epoch 220 [70000/84843] Loss: 0.308778
Epoch 220 - Avg Loss: 0.333855 | Train Acc: 97.61%
Val: loss=0.3698, acc=10595/10975 (96.54%)
Epoch 221 [0/84843] Loss: 0.364499
Epoch 221 [35000/84843] Loss: 0.279041
Epoch 221 [70000/84843] Loss: 0.331677
Epoch 221 - Avg Loss: 0.333734 | Train Acc: 97.66%
Val: loss=0.3662, acc=10602/10975 (96.60%)
Epoch 222 [0/84843] Loss: 0.395650
Epoch 222 [35000/84843] Loss: 0.303085
Epoch 222 [70000/84843] Loss: 0.295825
Epoch 222 - Avg Loss: 0.334466 | Train Acc: 97.61%
Val: loss=0.3704, acc=10593/10975 (96.52%)
Epoch 223 [0/84843] Loss: 0.275356
Epoch 223 [35000/84843] Loss: 0.325475
Epoch 223 [70000/84843] Loss: 0.357338
Epoch 223 - Avg Loss: 0.334506 | Train Acc: 97.62%
Val: loss=0.3733, acc=10582/10975 (96.42%)
Epoch 224 [0/84843] Loss: 0.282987
Epoch 224 [35000/84843] Loss: 0.372386
Epoch 224 [70000/84843] Loss: 0.417249
Epoch 224 - Avg Loss: 0.333746 | Train Acc: 97.65%
Val: loss=0.3765, acc=10573/10975 (96.34%)
Epoch 225 [0/84843] Loss: 0.410587
Epoch 225 [35000/84843] Loss: 0.340975
Epoch 225 [70000/84843] Loss: 0.314896
Epoch 225 - Avg Loss: 0.333741 | Train Acc: 97.63%
Val: loss=0.3700, acc=10586/10975 (96.46%)
Epoch 226 [0/84843] Loss: 0.294057
Epoch 226 [35000/84843] Loss: 0.314237
Epoch 226 [70000/84843] Loss: 0.336342
Epoch 226 - Avg Loss: 0.333267 | Train Acc: 97.67%
Val: loss=0.3686, acc=10608/10975 (96.66%)
Epoch 227 [0/84843] Loss: 0.304880
Epoch 227 [35000/84843] Loss: 0.279714
Epoch 227 [70000/84843] Loss: 0.383426
Epoch 227 - Avg Loss: 0.332261 | Train Acc: 97.73%
Val: loss=0.3701, acc=10603/10975 (96.61%)
Epoch 228 [0/84843] Loss: 0.304933
Epoch 228 [35000/84843] Loss: 0.359744
Epoch 228 [70000/84843] Loss: 0.339414
Epoch 228 - Avg Loss: 0.334188 | Train Acc: 97.58%
Val: loss=0.3671, acc=10609/10975 (96.67%)
Epoch 229 [0/84843] Loss: 0.317237
Epoch 229 [35000/84843] Loss: 0.279924
Epoch 229 [70000/84843] Loss: 0.338606
Epoch 229 - Avg Loss: 0.331626 | Train Acc: 97.70%
Val: loss=0.3621, acc=10616/10975 (96.73%)
saved best: 96.73%
Epoch 230 [0/84843] Loss: 0.407411
Epoch 230 [35000/84843] Loss: 0.304911
Epoch 230 [70000/84843] Loss: 0.366059
Epoch 230 - Avg Loss: 0.332947 | Train Acc: 97.65%
Val: loss=0.3645, acc=10620/10975 (96.77%)
saved best: 96.77%
Epoch 231 [0/84843] Loss: 0.319235
Epoch 231 [35000/84843] Loss: 0.318708
Epoch 231 [70000/84843] Loss: 0.299873
Epoch 231 - Avg Loss: 0.332413 | Train Acc: 97.70%
Val: loss=0.3705, acc=10590/10975 (96.49%)
Epoch 232 [0/84843] Loss: 0.378458
Epoch 232 [35000/84843] Loss: 0.352905
Epoch 232 [70000/84843] Loss: 0.364686
Epoch 232 - Avg Loss: 0.331771 | Train Acc: 97.71%
Val: loss=0.3729, acc=10591/10975 (96.50%)
Epoch 233 [0/84843] Loss: 0.405776
Epoch 233 [35000/84843] Loss: 0.318916
Epoch 233 [70000/84843] Loss: 0.278310
Epoch 233 - Avg Loss: 0.331947 | Train Acc: 97.71%
Val: loss=0.3693, acc=10600/10975 (96.58%)
Epoch 234 [0/84843] Loss: 0.391140
Epoch 234 [35000/84843] Loss: 0.392934
Epoch 234 [70000/84843] Loss: 0.285758
Epoch 234 - Avg Loss: 0.330943 | Train Acc: 97.76%
Val: loss=0.3690, acc=10606/10975 (96.64%)
Epoch 235 [0/84843] Loss: 0.275361
Epoch 235 [35000/84843] Loss: 0.399869
Epoch 235 [70000/84843] Loss: 0.331327
Epoch 235 - Avg Loss: 0.332445 | Train Acc: 97.69%
Val: loss=0.3695, acc=10597/10975 (96.56%)
Epoch 236 [0/84843] Loss: 0.288819
Epoch 236 [35000/84843] Loss: 0.302110
Epoch 236 [70000/84843] Loss: 0.348406
Epoch 236 - Avg Loss: 0.331814 | Train Acc: 97.71%
Val: loss=0.3680, acc=10610/10975 (96.67%)
Epoch 237 [0/84843] Loss: 0.316667
Epoch 237 [35000/84843] Loss: 0.324131
Epoch 237 [70000/84843] Loss: 0.280525
Epoch 237 - Avg Loss: 0.331317 | Train Acc: 97.76%
Val: loss=0.3709, acc=10602/10975 (96.60%)
Epoch 238 [0/84843] Loss: 0.318000
Epoch 238 [35000/84843] Loss: 0.412349
Epoch 238 [70000/84843] Loss: 0.303967
Epoch 238 - Avg Loss: 0.331456 | Train Acc: 97.73%
Val: loss=0.3718, acc=10592/10975 (96.51%)
Epoch 239 [0/84843] Loss: 0.329367
Epoch 239 [35000/84843] Loss: 0.294898
Epoch 239 [70000/84843] Loss: 0.295052
Epoch 239 - Avg Loss: 0.330513 | Train Acc: 97.77%
Val: loss=0.3714, acc=10604/10975 (96.62%)
Epoch 240 [0/84843] Loss: 0.288670
Epoch 240 [35000/84843] Loss: 0.335564
Epoch 240 [70000/84843] Loss: 0.279353
Epoch 240 - Avg Loss: 0.328874 | Train Acc: 97.88%
Val: loss=0.3700, acc=10585/10975 (96.45%)
Epoch 241 [0/84843] Loss: 0.408655
Epoch 241 [35000/84843] Loss: 0.297330
Epoch 241 [70000/84843] Loss: 0.295395
Epoch 241 - Avg Loss: 0.331230 | Train Acc: 97.80%
Val: loss=0.3691, acc=10590/10975 (96.49%)
Epoch 242 [0/84843] Loss: 0.323879
Epoch 242 [35000/84843] Loss: 0.309393
Epoch 242 [70000/84843] Loss: 0.306642
Epoch 242 - Avg Loss: 0.331406 | Train Acc: 97.71%
Val: loss=0.3694, acc=10593/10975 (96.52%)
Epoch 243 [0/84843] Loss: 0.449859
Epoch 243 [35000/84843] Loss: 0.319116
Epoch 243 [70000/84843] Loss: 0.290460
Epoch 243 - Avg Loss: 0.330635 | Train Acc: 97.76%
Val: loss=0.3649, acc=10603/10975 (96.61%)
Epoch 244 [0/84843] Loss: 0.277978
Epoch 244 [35000/84843] Loss: 0.297079
Epoch 244 [70000/84843] Loss: 0.272053
Epoch 244 - Avg Loss: 0.328653 | Train Acc: 97.83%
Val: loss=0.3635, acc=10614/10975 (96.71%)
Epoch 245 [0/84843] Loss: 0.312952
Epoch 245 [35000/84843] Loss: 0.290207
Epoch 245 [70000/84843] Loss: 0.354483
Epoch 245 - Avg Loss: 0.331349 | Train Acc: 97.71%
Val: loss=0.3680, acc=10605/10975 (96.63%)
Epoch 246 [0/84843] Loss: 0.353132
Epoch 246 [35000/84843] Loss: 0.281413
Epoch 246 [70000/84843] Loss: 0.372018
Epoch 246 - Avg Loss: 0.329506 | Train Acc: 97.78%
Val: loss=0.3647, acc=10610/10975 (96.67%)
Epoch 247 [0/84843] Loss: 0.346399
Epoch 247 [35000/84843] Loss: 0.450486
Epoch 247 [70000/84843] Loss: 0.292110
Epoch 247 - Avg Loss: 0.329206 | Train Acc: 97.81%
Val: loss=0.3645, acc=10610/10975 (96.67%)
Epoch 248 [0/84843] Loss: 0.289945
Epoch 248 [35000/84843] Loss: 0.281964
Epoch 248 [70000/84843] Loss: 0.307823
Epoch 248 - Avg Loss: 0.328330 | Train Acc: 97.82%
Val: loss=0.3703, acc=10603/10975 (96.61%)
Epoch 249 [0/84843] Loss: 0.405686
Epoch 249 [35000/84843] Loss: 0.303040
Epoch 249 [70000/84843] Loss: 0.324914
Epoch 249 - Avg Loss: 0.329280 | Train Acc: 97.77%
Val: loss=0.3641, acc=10624/10975 (96.80%)
saved best: 96.80%
Epoch 250 [0/84843] Loss: 0.377031
Epoch 250 [35000/84843] Loss: 0.348622
Epoch 250 [70000/84843] Loss: 0.359912
Epoch 250 - Avg Loss: 0.328187 | Train Acc: 97.87%
Val: loss=0.3660, acc=10607/10975 (96.65%)
Epoch 251 [0/84843] Loss: 0.317544
Epoch 251 [35000/84843] Loss: 0.331776
Epoch 251 [70000/84843] Loss: 0.320213
Epoch 251 - Avg Loss: 0.329747 | Train Acc: 97.80%
Val: loss=0.3636, acc=10624/10975 (96.80%)
Epoch 252 [0/84843] Loss: 0.283730
Epoch 252 [35000/84843] Loss: 0.417125
Epoch 252 [70000/84843] Loss: 0.318845
Epoch 252 - Avg Loss: 0.327819 | Train Acc: 97.87%
Val: loss=0.3635, acc=10618/10975 (96.75%)
Epoch 253 [0/84843] Loss: 0.299883
Epoch 253 [35000/84843] Loss: 0.353180
Epoch 253 [70000/84843] Loss: 0.302628
Epoch 253 - Avg Loss: 0.329419 | Train Acc: 97.81%
Val: loss=0.3692, acc=10611/10975 (96.68%)
Epoch 254 [0/84843] Loss: 0.295408
Epoch 254 [35000/84843] Loss: 0.312786
Epoch 254 [70000/84843] Loss: 0.281574
Epoch 254 - Avg Loss: 0.327180 | Train Acc: 97.90%
Val: loss=0.3686, acc=10600/10975 (96.58%)
Epoch 255 [0/84843] Loss: 0.455821
Epoch 255 [35000/84843] Loss: 0.340824
Epoch 255 [70000/84843] Loss: 0.274698
Epoch 255 - Avg Loss: 0.327215 | Train Acc: 97.87%
Val: loss=0.3615, acc=10626/10975 (96.82%)
saved best: 96.82%
Epoch 256 [0/84843] Loss: 0.291468
Epoch 256 [35000/84843] Loss: 0.349971
Epoch 256 [70000/84843] Loss: 0.287146
Epoch 256 - Avg Loss: 0.326770 | Train Acc: 97.94%
Val: loss=0.3716, acc=10595/10975 (96.54%)
Epoch 257 [0/84843] Loss: 0.431665
Epoch 257 [35000/84843] Loss: 0.290388
Epoch 257 [70000/84843] Loss: 0.346637
Epoch 257 - Avg Loss: 0.324717 | Train Acc: 98.01%
Val: loss=0.3669, acc=10614/10975 (96.71%)
Epoch 258 [0/84843] Loss: 0.297701
Epoch 258 [35000/84843] Loss: 0.336797
Epoch 258 [70000/84843] Loss: 0.355913
Epoch 258 - Avg Loss: 0.327203 | Train Acc: 97.88%
Val: loss=0.3635, acc=10624/10975 (96.80%)
Epoch 259 [0/84843] Loss: 0.274430
Epoch 259 [35000/84843] Loss: 0.332920
Epoch 259 [70000/84843] Loss: 0.378340
Epoch 259 - Avg Loss: 0.326276 | Train Acc: 97.90%
Val: loss=0.3669, acc=10622/10975 (96.78%)
Epoch 260 [0/84843] Loss: 0.334268
Epoch 260 [35000/84843] Loss: 0.364588
Epoch 260 [70000/84843] Loss: 0.283091
Epoch 260 - Avg Loss: 0.325491 | Train Acc: 97.93%
Val: loss=0.3656, acc=10610/10975 (96.67%)
Epoch 261 [0/84843] Loss: 0.359466
Epoch 261 [35000/84843] Loss: 0.307496
Epoch 261 [70000/84843] Loss: 0.302292
Epoch 261 - Avg Loss: 0.325499 | Train Acc: 97.94%
Val: loss=0.3642, acc=10622/10975 (96.78%)
Epoch 262 [0/84843] Loss: 0.327101
Epoch 262 [35000/84843] Loss: 0.356497
Epoch 262 [70000/84843] Loss: 0.363693
Epoch 262 - Avg Loss: 0.326800 | Train Acc: 97.90%
Val: loss=0.3658, acc=10617/10975 (96.74%)
Epoch 263 [0/84843] Loss: 0.310118
Epoch 263 [35000/84843] Loss: 0.278449
Epoch 263 [70000/84843] Loss: 0.295100
Epoch 263 - Avg Loss: 0.324188 | Train Acc: 98.02%
Val: loss=0.3660, acc=10602/10975 (96.60%)
Epoch 264 [0/84843] Loss: 0.397005
Epoch 264 [35000/84843] Loss: 0.283389
Epoch 264 [70000/84843] Loss: 0.379627
Epoch 264 - Avg Loss: 0.325278 | Train Acc: 97.94%
Val: loss=0.3626, acc=10624/10975 (96.80%)
Epoch 265 [0/84843] Loss: 0.341691
Epoch 265 [35000/84843] Loss: 0.307492
Epoch 265 [70000/84843] Loss: 0.291983
Epoch 265 - Avg Loss: 0.324715 | Train Acc: 98.02%
Val: loss=0.3612, acc=10636/10975 (96.91%)
saved best: 96.91%
Epoch 266 [0/84843] Loss: 0.327028
Epoch 266 [35000/84843] Loss: 0.312982
Epoch 266 [70000/84843] Loss: 0.309906
Epoch 266 - Avg Loss: 0.324875 | Train Acc: 97.97%
Val: loss=0.3645, acc=10617/10975 (96.74%)
Epoch 267 [0/84843] Loss: 0.370667
Epoch 267 [35000/84843] Loss: 0.323957
Epoch 267 [70000/84843] Loss: 0.276921
Epoch 267 - Avg Loss: 0.323705 | Train Acc: 98.07%
Val: loss=0.3631, acc=10630/10975 (96.86%)
Epoch 268 [0/84843] Loss: 0.292210
Epoch 268 [35000/84843] Loss: 0.384015
Epoch 268 [70000/84843] Loss: 0.290800
Epoch 268 - Avg Loss: 0.325266 | Train Acc: 97.98%
Val: loss=0.3605, acc=10645/10975 (96.99%)
saved best: 96.99%
Epoch 269 [0/84843] Loss: 0.287943
Epoch 269 [35000/84843] Loss: 0.302323
Epoch 269 [70000/84843] Loss: 0.390549
Epoch 269 - Avg Loss: 0.324885 | Train Acc: 97.99%
Val: loss=0.3624, acc=10621/10975 (96.77%)
Epoch 270 [0/84843] Loss: 0.323786
Epoch 270 [35000/84843] Loss: 0.359491
Epoch 270 [70000/84843] Loss: 0.361516
Epoch 270 - Avg Loss: 0.323609 | Train Acc: 97.99%
Val: loss=0.3653, acc=10627/10975 (96.83%)
Epoch 271 [0/84843] Loss: 0.337137
Epoch 271 [35000/84843] Loss: 0.281351
Epoch 271 [70000/84843] Loss: 0.377976
Epoch 271 - Avg Loss: 0.324698 | Train Acc: 98.00%
Val: loss=0.3633, acc=10623/10975 (96.79%)
Epoch 272 [0/84843] Loss: 0.294084
Epoch 272 [35000/84843] Loss: 0.273792
Epoch 272 [70000/84843] Loss: 0.274905
Epoch 272 - Avg Loss: 0.324356 | Train Acc: 98.00%
Val: loss=0.3647, acc=10623/10975 (96.79%)
Epoch 273 [0/84843] Loss: 0.272511
Epoch 273 [35000/84843] Loss: 0.310226
Epoch 273 [70000/84843] Loss: 0.312219
Epoch 273 - Avg Loss: 0.324754 | Train Acc: 98.00%
Val: loss=0.3631, acc=10625/10975 (96.81%)
Epoch 274 [0/84843] Loss: 0.326320
Epoch 274 [35000/84843] Loss: 0.295541
Epoch 274 [70000/84843] Loss: 0.311889
Epoch 274 - Avg Loss: 0.323563 | Train Acc: 98.00%
Val: loss=0.3620, acc=10626/10975 (96.82%)
Epoch 275 [0/84843] Loss: 0.294733
Epoch 275 [35000/84843] Loss: 0.284157
Epoch 275 [70000/84843] Loss: 0.313888
Epoch 275 - Avg Loss: 0.324639 | Train Acc: 97.95%
Val: loss=0.3649, acc=10615/10975 (96.72%)
Epoch 276 [0/84843] Loss: 0.283583
Epoch 276 [35000/84843] Loss: 0.393741
Epoch 276 [70000/84843] Loss: 0.293308
Epoch 276 - Avg Loss: 0.322405 | Train Acc: 98.11%
Val: loss=0.3640, acc=10623/10975 (96.79%)
Epoch 277 [0/84843] Loss: 0.371028
Epoch 277 [35000/84843] Loss: 0.335619
Epoch 277 [70000/84843] Loss: 0.360379
Epoch 277 - Avg Loss: 0.321816 | Train Acc: 98.10%
Val: loss=0.3609, acc=10632/10975 (96.87%)
Epoch 278 [0/84843] Loss: 0.275453
Epoch 278 [35000/84843] Loss: 0.375715
Epoch 278 [70000/84843] Loss: 0.281213
Epoch 278 - Avg Loss: 0.321457 | Train Acc: 98.12%
Val: loss=0.3669, acc=10606/10975 (96.64%)
Epoch 279 [0/84843] Loss: 0.282901
Epoch 279 [35000/84843] Loss: 0.369217
Epoch 279 [70000/84843] Loss: 0.310859
Epoch 279 - Avg Loss: 0.322181 | Train Acc: 98.09%
Val: loss=0.3656, acc=10617/10975 (96.74%)
Epoch 280 [0/84843] Loss: 0.359790
Epoch 280 [35000/84843] Loss: 0.357483
Epoch 280 [70000/84843] Loss: 0.332098
Epoch 280 - Avg Loss: 0.323867 | Train Acc: 98.04%
Val: loss=0.3646, acc=10627/10975 (96.83%)
Epoch 281 [0/84843] Loss: 0.339486
Epoch 281 [35000/84843] Loss: 0.272530
Epoch 281 [70000/84843] Loss: 0.337914
Epoch 281 - Avg Loss: 0.321775 | Train Acc: 98.12%
Val: loss=0.3628, acc=10639/10975 (96.94%)
Epoch 282 [0/84843] Loss: 0.331090
Epoch 282 [35000/84843] Loss: 0.312319
Epoch 282 [70000/84843] Loss: 0.291681
Epoch 282 - Avg Loss: 0.320984 | Train Acc: 98.12%
Val: loss=0.3633, acc=10626/10975 (96.82%)
Epoch 283 [0/84843] Loss: 0.278873
Epoch 283 [35000/84843] Loss: 0.281572
Epoch 283 [70000/84843] Loss: 0.285307
Epoch 283 - Avg Loss: 0.321751 | Train Acc: 98.08%
Val: loss=0.3665, acc=10631/10975 (96.87%)
Epoch 284 [0/84843] Loss: 0.379321
Epoch 284 [35000/84843] Loss: 0.339143
Epoch 284 [70000/84843] Loss: 0.411036
Epoch 284 - Avg Loss: 0.322769 | Train Acc: 98.07%
Val: loss=0.3646, acc=10626/10975 (96.82%)
Epoch 285 [0/84843] Loss: 0.362429
Epoch 285 [35000/84843] Loss: 0.310333
Epoch 285 [70000/84843] Loss: 0.306559
Epoch 285 - Avg Loss: 0.320968 | Train Acc: 98.13%
Val: loss=0.3640, acc=10633/10975 (96.88%)
Epoch 286 [0/84843] Loss: 0.289918
Epoch 286 [35000/84843] Loss: 0.372536
Epoch 286 [70000/84843] Loss: 0.376386
Epoch 286 - Avg Loss: 0.321104 | Train Acc: 98.15%
Val: loss=0.3617, acc=10640/10975 (96.95%)
Epoch 287 [0/84843] Loss: 0.287884
Epoch 287 [35000/84843] Loss: 0.274470
Epoch 287 [70000/84843] Loss: 0.310151
Epoch 287 - Avg Loss: 0.319606 | Train Acc: 98.22%
Val: loss=0.3665, acc=10612/10975 (96.69%)
Epoch 288 [0/84843] Loss: 0.320809
Epoch 288 [35000/84843] Loss: 0.333959
Epoch 288 [70000/84843] Loss: 0.302630
Epoch 288 - Avg Loss: 0.320128 | Train Acc: 98.17%
Val: loss=0.3617, acc=10632/10975 (96.87%)
Epoch 289 [0/84843] Loss: 0.353119
Epoch 289 [35000/84843] Loss: 0.316313
Epoch 289 [70000/84843] Loss: 0.320191
Epoch 289 - Avg Loss: 0.321609 | Train Acc: 98.12%
Val: loss=0.3656, acc=10615/10975 (96.72%)
Epoch 290 [0/84843] Loss: 0.294127
Epoch 290 [35000/84843] Loss: 0.299567
Epoch 290 [70000/84843] Loss: 0.455126
Epoch 290 - Avg Loss: 0.319454 | Train Acc: 98.23%
Val: loss=0.3613, acc=10632/10975 (96.87%)
Epoch 291 [0/84843] Loss: 0.353397
Epoch 291 [35000/84843] Loss: 0.282573
Epoch 291 [70000/84843] Loss: 0.336981
Epoch 291 - Avg Loss: 0.318956 | Train Acc: 98.23%
Val: loss=0.3662, acc=10625/10975 (96.81%)
Epoch 292 [0/84843] Loss: 0.284900
Epoch 292 [35000/84843] Loss: 0.303762
Epoch 292 [70000/84843] Loss: 0.407785
Epoch 292 - Avg Loss: 0.319371 | Train Acc: 98.22%
Val: loss=0.3661, acc=10633/10975 (96.88%)
Epoch 293 [0/84843] Loss: 0.343159
Epoch 293 [35000/84843] Loss: 0.275214
Epoch 293 [70000/84843] Loss: 0.290064
Epoch 293 - Avg Loss: 0.318943 | Train Acc: 98.18%
Val: loss=0.3619, acc=10627/10975 (96.83%)
Epoch 294 [0/84843] Loss: 0.281467
Epoch 294 [35000/84843] Loss: 0.324301
Epoch 294 [70000/84843] Loss: 0.364366
Epoch 294 - Avg Loss: 0.318875 | Train Acc: 98.20%
Val: loss=0.3624, acc=10636/10975 (96.91%)
Epoch 295 [0/84843] Loss: 0.290858
Epoch 295 [35000/84843] Loss: 0.284374
Epoch 295 [70000/84843] Loss: 0.300033
Epoch 295 - Avg Loss: 0.318969 | Train Acc: 98.20%
Val: loss=0.3604, acc=10632/10975 (96.87%)
Epoch 296 [0/84843] Loss: 0.281931
Epoch 296 [35000/84843] Loss: 0.278830
Epoch 296 [70000/84843] Loss: 0.339510
Epoch 296 - Avg Loss: 0.320062 | Train Acc: 98.18%
Val: loss=0.3655, acc=10626/10975 (96.82%)
Epoch 297 [0/84843] Loss: 0.375451
Epoch 297 [35000/84843] Loss: 0.314581
Epoch 297 [70000/84843] Loss: 0.334336
Epoch 297 - Avg Loss: 0.319812 | Train Acc: 98.20%
Val: loss=0.3657, acc=10622/10975 (96.78%)
Epoch 298 [0/84843] Loss: 0.327348
Epoch 298 [35000/84843] Loss: 0.277245
Epoch 298 [70000/84843] Loss: 0.286632
Epoch 298 - Avg Loss: 0.318515 | Train Acc: 98.21%
Val: loss=0.3666, acc=10615/10975 (96.72%)
Epoch 299 [0/84843] Loss: 0.354254
Epoch 299 [35000/84843] Loss: 0.364223
Epoch 299 [70000/84843] Loss: 0.300782
Epoch 299 - Avg Loss: 0.318963 | Train Acc: 98.24%
Val: loss=0.3615, acc=10632/10975 (96.87%)
Epoch 300 [0/84843] Loss: 0.276974
Epoch 300 [35000/84843] Loss: 0.320720
Epoch 300 [70000/84843] Loss: 0.332344
Epoch 300 - Avg Loss: 0.318356 | Train Acc: 98.24%
Val: loss=0.3656, acc=10619/10975 (96.76%)
Epoch 301 [0/84843] Loss: 0.282366
Epoch 301 [35000/84843] Loss: 0.318111
Epoch 301 [70000/84843] Loss: 0.331212
Epoch 301 - Avg Loss: 0.319102 | Train Acc: 98.19%
Val: loss=0.3640, acc=10616/10975 (96.73%)
Epoch 302 [0/84843] Loss: 0.269271
Epoch 302 [35000/84843] Loss: 0.364950
Epoch 302 [70000/84843] Loss: 0.299627
Epoch 302 - Avg Loss: 0.318929 | Train Acc: 98.21%
Val: loss=0.3619, acc=10631/10975 (96.87%)
Epoch 303 [0/84843] Loss: 0.304148
Epoch 303 [35000/84843] Loss: 0.301588
Epoch 303 [70000/84843] Loss: 0.331478
Epoch 303 - Avg Loss: 0.317077 | Train Acc: 98.33%
Val: loss=0.3684, acc=10610/10975 (96.67%)
Epoch 304 [0/84843] Loss: 0.275946
Epoch 304 [35000/84843] Loss: 0.296780
Epoch 304 [70000/84843] Loss: 0.315111
Epoch 304 - Avg Loss: 0.318797 | Train Acc: 98.22%
Val: loss=0.3644, acc=10616/10975 (96.73%)
Epoch 305 [0/84843] Loss: 0.299084
Epoch 305 [35000/84843] Loss: 0.272073
Epoch 305 [70000/84843] Loss: 0.278373
Epoch 305 - Avg Loss: 0.317709 | Train Acc: 98.29%
Val: loss=0.3589, acc=10645/10975 (96.99%)
Epoch 306 [0/84843] Loss: 0.353427
Epoch 306 [35000/84843] Loss: 0.275150
Epoch 306 [70000/84843] Loss: 0.329297
Epoch 306 - Avg Loss: 0.317058 | Train Acc: 98.30%
Val: loss=0.3654, acc=10627/10975 (96.83%)
Epoch 307 [0/84843] Loss: 0.340368
Epoch 307 [35000/84843] Loss: 0.278513
Epoch 307 [70000/84843] Loss: 0.332253
Epoch 307 - Avg Loss: 0.318159 | Train Acc: 98.24%
Val: loss=0.3633, acc=10619/10975 (96.76%)
Epoch 308 [0/84843] Loss: 0.378204
Epoch 308 [35000/84843] Loss: 0.299339
Epoch 308 [70000/84843] Loss: 0.281269
Epoch 308 - Avg Loss: 0.317097 | Train Acc: 98.31%
Val: loss=0.3659, acc=10614/10975 (96.71%)
Epoch 309 [0/84843] Loss: 0.297737
Epoch 309 [35000/84843] Loss: 0.287380
Epoch 309 [70000/84843] Loss: 0.412071
Epoch 309 - Avg Loss: 0.317815 | Train Acc: 98.26%
Val: loss=0.3626, acc=10635/10975 (96.90%)
Epoch 310 [0/84843] Loss: 0.286935
Epoch 310 [35000/84843] Loss: 0.338897
Epoch 310 [70000/84843] Loss: 0.297522
Epoch 310 - Avg Loss: 0.317881 | Train Acc: 98.27%
Val: loss=0.3657, acc=10629/10975 (96.85%)
Epoch 311 [0/84843] Loss: 0.287048
Epoch 311 [35000/84843] Loss: 0.345325
Epoch 311 [70000/84843] Loss: 0.272659
Epoch 311 - Avg Loss: 0.317746 | Train Acc: 98.24%
Val: loss=0.3656, acc=10621/10975 (96.77%)
Epoch 312 [0/84843] Loss: 0.295975
Epoch 312 [35000/84843] Loss: 0.315787
Epoch 312 [70000/84843] Loss: 0.351185
Epoch 312 - Avg Loss: 0.318257 | Train Acc: 98.25%
Val: loss=0.3642, acc=10629/10975 (96.85%)
Epoch 313 [0/84843] Loss: 0.355069
Epoch 313 [35000/84843] Loss: 0.278194
Epoch 313 [70000/84843] Loss: 0.278706
Epoch 313 - Avg Loss: 0.316514 | Train Acc: 98.33%
Val: loss=0.3633, acc=10625/10975 (96.81%)
Epoch 314 [0/84843] Loss: 0.269955
Epoch 314 [35000/84843] Loss: 0.330039
Epoch 314 [70000/84843] Loss: 0.305152
Epoch 314 - Avg Loss: 0.314926 | Train Acc: 98.38%
Val: loss=0.3627, acc=10638/10975 (96.93%)
Epoch 315 [0/84843] Loss: 0.397991
Epoch 315 [35000/84843] Loss: 0.345891
Epoch 315 [70000/84843] Loss: 0.317534
Epoch 315 - Avg Loss: 0.317275 | Train Acc: 98.29%
Val: loss=0.3630, acc=10638/10975 (96.93%)
Epoch 316 [0/84843] Loss: 0.421466
Epoch 316 [35000/84843] Loss: 0.330663
Epoch 316 [70000/84843] Loss: 0.295454
Epoch 316 - Avg Loss: 0.315417 | Train Acc: 98.37%
Val: loss=0.3606, acc=10638/10975 (96.93%)
Epoch 317 [0/84843] Loss: 0.326281
Epoch 317 [35000/84843] Loss: 0.291979
Epoch 317 [70000/84843] Loss: 0.333390
Epoch 317 - Avg Loss: 0.315591 | Train Acc: 98.35%
Val: loss=0.3605, acc=10634/10975 (96.89%)
Epoch 318 [0/84843] Loss: 0.273435
Epoch 318 [35000/84843] Loss: 0.308569
Epoch 318 [70000/84843] Loss: 0.304707
Epoch 318 - Avg Loss: 0.315765 | Train Acc: 98.32%
Val: loss=0.3590, acc=10645/10975 (96.99%)
Epoch 319 [0/84843] Loss: 0.295019
Epoch 319 [35000/84843] Loss: 0.373017
Epoch 319 [70000/84843] Loss: 0.311009
Epoch 319 - Avg Loss: 0.314797 | Train Acc: 98.38%
Val: loss=0.3614, acc=10634/10975 (96.89%)
Epoch 320 [0/84843] Loss: 0.286318
Epoch 320 [35000/84843] Loss: 0.278145
Epoch 320 [70000/84843] Loss: 0.273436
Epoch 320 - Avg Loss: 0.316583 | Train Acc: 98.30%
Val: loss=0.3624, acc=10633/10975 (96.88%)
Epoch 321 [0/84843] Loss: 0.343098
Epoch 321 [35000/84843] Loss: 0.293849
Epoch 321 [70000/84843] Loss: 0.319609
Epoch 321 - Avg Loss: 0.315725 | Train Acc: 98.34%
Val: loss=0.3609, acc=10638/10975 (96.93%)
Epoch 322 [0/84843] Loss: 0.314065
Epoch 322 [35000/84843] Loss: 0.284871
Epoch 322 [70000/84843] Loss: 0.291813
Epoch 322 - Avg Loss: 0.315005 | Train Acc: 98.40%
Val: loss=0.3626, acc=10624/10975 (96.80%)
Epoch 323 [0/84843] Loss: 0.338575
Epoch 323 [35000/84843] Loss: 0.282124
Epoch 323 [70000/84843] Loss: 0.422628
Epoch 323 - Avg Loss: 0.314500 | Train Acc: 98.40%
Val: loss=0.3643, acc=10631/10975 (96.87%)
Epoch 324 [0/84843] Loss: 0.351419
Epoch 324 [35000/84843] Loss: 0.278381
Epoch 324 [70000/84843] Loss: 0.281824
Epoch 324 - Avg Loss: 0.314840 | Train Acc: 98.38%
Val: loss=0.3635, acc=10624/10975 (96.80%)
Epoch 325 [0/84843] Loss: 0.287132
Epoch 325 [35000/84843] Loss: 0.334758
Epoch 325 [70000/84843] Loss: 0.403799
Epoch 325 - Avg Loss: 0.315460 | Train Acc: 98.36%
Val: loss=0.3634, acc=10625/10975 (96.81%)
Epoch 326 [0/84843] Loss: 0.281616
Epoch 326 [35000/84843] Loss: 0.300361
Epoch 326 [70000/84843] Loss: 0.311088
Epoch 326 - Avg Loss: 0.314843 | Train Acc: 98.40%
Val: loss=0.3614, acc=10626/10975 (96.82%)
Epoch 327 [0/84843] Loss: 0.292317
Epoch 327 [35000/84843] Loss: 0.335497
Epoch 327 [70000/84843] Loss: 0.390125
Epoch 327 - Avg Loss: 0.315729 | Train Acc: 98.35%
Val: loss=0.3605, acc=10641/10975 (96.96%)
Epoch 328 [0/84843] Loss: 0.330801
Epoch 328 [35000/84843] Loss: 0.321864
Epoch 328 [70000/84843] Loss: 0.289909
Epoch 328 - Avg Loss: 0.313503 | Train Acc: 98.44%
Val: loss=0.3608, acc=10632/10975 (96.87%)
Epoch 329 [0/84843] Loss: 0.305319
Epoch 329 [35000/84843] Loss: 0.279717
Epoch 329 [70000/84843] Loss: 0.277650
Epoch 329 - Avg Loss: 0.314773 | Train Acc: 98.39%
Val: loss=0.3624, acc=10627/10975 (96.83%)
Epoch 330 [0/84843] Loss: 0.333386
Epoch 330 [35000/84843] Loss: 0.316885
Epoch 330 [70000/84843] Loss: 0.361060
Epoch 330 - Avg Loss: 0.314800 | Train Acc: 98.38%
Val: loss=0.3618, acc=10629/10975 (96.85%)
Epoch 331 [0/84843] Loss: 0.271454
Epoch 331 [35000/84843] Loss: 0.278665
Epoch 331 [70000/84843] Loss: 0.275256
Epoch 331 - Avg Loss: 0.312162 | Train Acc: 98.45%
Val: loss=0.3628, acc=10624/10975 (96.80%)
Epoch 332 [0/84843] Loss: 0.311620
Epoch 332 [35000/84843] Loss: 0.367062
Epoch 332 [70000/84843] Loss: 0.277341
Epoch 332 - Avg Loss: 0.314468 | Train Acc: 98.39%
Val: loss=0.3631, acc=10628/10975 (96.84%)
Epoch 333 [0/84843] Loss: 0.275176
Epoch 333 [35000/84843] Loss: 0.373920
Epoch 333 [70000/84843] Loss: 0.364642
Epoch 333 - Avg Loss: 0.314571 | Train Acc: 98.36%
Val: loss=0.3626, acc=10621/10975 (96.77%)
Epoch 334 [0/84843] Loss: 0.396361
Epoch 334 [35000/84843] Loss: 0.277320
Epoch 334 [70000/84843] Loss: 0.279093
Epoch 334 - Avg Loss: 0.313559 | Train Acc: 98.44%
Val: loss=0.3601, acc=10636/10975 (96.91%)
Epoch 335 [0/84843] Loss: 0.335179
Epoch 335 [35000/84843] Loss: 0.297163
Epoch 335 [70000/84843] Loss: 0.277370
Epoch 335 - Avg Loss: 0.312632 | Train Acc: 98.50%
Val: loss=0.3628, acc=10620/10975 (96.77%)
Epoch 336 [0/84843] Loss: 0.279087
Epoch 336 [35000/84843] Loss: 0.283929
Epoch 336 [70000/84843] Loss: 0.349964
Epoch 336 - Avg Loss: 0.312785 | Train Acc: 98.48%
Val: loss=0.3625, acc=10625/10975 (96.81%)
Epoch 337 [0/84843] Loss: 0.284680
Epoch 337 [35000/84843] Loss: 0.405745
Epoch 337 [70000/84843] Loss: 0.350354
Epoch 337 - Avg Loss: 0.312851 | Train Acc: 98.45%
Val: loss=0.3652, acc=10616/10975 (96.73%)
Epoch 338 [0/84843] Loss: 0.303994
Epoch 338 [35000/84843] Loss: 0.322219
Epoch 338 [70000/84843] Loss: 0.323086
Epoch 338 - Avg Loss: 0.313689 | Train Acc: 98.43%
Val: loss=0.3612, acc=10628/10975 (96.84%)
Epoch 339 [0/84843] Loss: 0.288896
Epoch 339 [35000/84843] Loss: 0.317017
Epoch 339 [70000/84843] Loss: 0.367866
Epoch 339 - Avg Loss: 0.313350 | Train Acc: 98.43%
Val: loss=0.3634, acc=10629/10975 (96.85%)
Epoch 340 [0/84843] Loss: 0.306579
Epoch 340 [35000/84843] Loss: 0.291129
Epoch 340 [70000/84843] Loss: 0.302078
Epoch 340 - Avg Loss: 0.312670 | Train Acc: 98.44%
Val: loss=0.3632, acc=10627/10975 (96.83%)
Epoch 341 [0/84843] Loss: 0.273449
Epoch 341 [35000/84843] Loss: 0.277307
Epoch 341 [70000/84843] Loss: 0.271197
Epoch 341 - Avg Loss: 0.313587 | Train Acc: 98.42%
Val: loss=0.3656, acc=10619/10975 (96.76%)
Epoch 342 [0/84843] Loss: 0.333546
Epoch 342 [35000/84843] Loss: 0.402958
Epoch 342 [70000/84843] Loss: 0.279881
Epoch 342 - Avg Loss: 0.312053 | Train Acc: 98.50%
Val: loss=0.3621, acc=10631/10975 (96.87%)
Epoch 343 [0/84843] Loss: 0.282222
Epoch 343 [35000/84843] Loss: 0.326471
Epoch 343 [70000/84843] Loss: 0.323198
Epoch 343 - Avg Loss: 0.312078 | Train Acc: 98.49%
Val: loss=0.3618, acc=10637/10975 (96.92%)
Epoch 344 [0/84843] Loss: 0.378004
Epoch 344 [35000/84843] Loss: 0.284776
Epoch 344 [70000/84843] Loss: 0.286999
Epoch 344 - Avg Loss: 0.312091 | Train Acc: 98.49%
Val: loss=0.3644, acc=10625/10975 (96.81%)
Epoch 345 [0/84843] Loss: 0.286617
Epoch 345 [35000/84843] Loss: 0.289045
Epoch 345 [70000/84843] Loss: 0.271262
Epoch 345 - Avg Loss: 0.312426 | Train Acc: 98.43%
Val: loss=0.3629, acc=10640/10975 (96.95%)
Epoch 346 [0/84843] Loss: 0.281219
Epoch 346 [35000/84843] Loss: 0.280516
Epoch 346 [70000/84843] Loss: 0.290728
Epoch 346 - Avg Loss: 0.312057 | Train Acc: 98.49%
Val: loss=0.3613, acc=10644/10975 (96.98%)
Epoch 347 [0/84843] Loss: 0.281821
Epoch 347 [35000/84843] Loss: 0.291523
Epoch 347 [70000/84843] Loss: 0.302272
Epoch 347 - Avg Loss: 0.312509 | Train Acc: 98.47%
Val: loss=0.3612, acc=10634/10975 (96.89%)
Epoch 348 [0/84843] Loss: 0.310528
Epoch 348 [35000/84843] Loss: 0.334462
Epoch 348 [70000/84843] Loss: 0.287944
Epoch 348 - Avg Loss: 0.313408 | Train Acc: 98.44%
Val: loss=0.3631, acc=10642/10975 (96.97%)
Epoch 349 [0/84843] Loss: 0.362130
Epoch 349 [35000/84843] Loss: 0.292297
Epoch 349 [70000/84843] Loss: 0.293004
Epoch 349 - Avg Loss: 0.311036 | Train Acc: 98.55%
Val: loss=0.3598, acc=10642/10975 (96.97%)
Epoch 350 [0/84843] Loss: 0.349479
Epoch 350 [35000/84843] Loss: 0.333894
Epoch 350 [70000/84843] Loss: 0.349586
Epoch 350 - Avg Loss: 0.312405 | Train Acc: 98.47%
Val: loss=0.3622, acc=10637/10975 (96.92%)
Epoch 351 [0/84843] Loss: 0.342402
Epoch 351 [35000/84843] Loss: 0.350941
Epoch 351 [70000/84843] Loss: 0.280195
Epoch 351 - Avg Loss: 0.311355 | Train Acc: 98.51%
Val: loss=0.3642, acc=10628/10975 (96.84%)
Epoch 352 [0/84843] Loss: 0.280251
Epoch 352 [35000/84843] Loss: 0.289532
Epoch 352 [70000/84843] Loss: 0.319291
Epoch 352 - Avg Loss: 0.311324 | Train Acc: 98.50%
Val: loss=0.3613, acc=10640/10975 (96.95%)
Epoch 353 [0/84843] Loss: 0.379187
Epoch 353 [35000/84843] Loss: 0.352218
Epoch 353 [70000/84843] Loss: 0.273600
Epoch 353 - Avg Loss: 0.312341 | Train Acc: 98.52%
Val: loss=0.3619, acc=10637/10975 (96.92%)
Epoch 354 [0/84843] Loss: 0.271720
Epoch 354 [35000/84843] Loss: 0.319324
Epoch 354 [70000/84843] Loss: 0.291111
Epoch 354 - Avg Loss: 0.311832 | Train Acc: 98.52%
Val: loss=0.3605, acc=10645/10975 (96.99%)
Epoch 355 [0/84843] Loss: 0.330942
Epoch 355 [35000/84843] Loss: 0.329610
Epoch 355 [70000/84843] Loss: 0.295946
Epoch 355 - Avg Loss: 0.312953 | Train Acc: 98.47%
Val: loss=0.3615, acc=10634/10975 (96.89%)
Epoch 356 [0/84843] Loss: 0.318753
Epoch 356 [35000/84843] Loss: 0.363851
Epoch 356 [70000/84843] Loss: 0.310451
Epoch 356 - Avg Loss: 0.311072 | Train Acc: 98.52%
Val: loss=0.3603, acc=10641/10975 (96.96%)
Epoch 357 [0/84843] Loss: 0.282891
Epoch 357 [35000/84843] Loss: 0.353698
Epoch 357 [70000/84843] Loss: 0.300654
Epoch 357 - Avg Loss: 0.311930 | Train Acc: 98.49%
Val: loss=0.3616, acc=10640/10975 (96.95%)
Epoch 358 [0/84843] Loss: 0.321696
Epoch 358 [35000/84843] Loss: 0.290091
Epoch 358 [70000/84843] Loss: 0.308124
Epoch 358 - Avg Loss: 0.311988 | Train Acc: 98.49%
Val: loss=0.3617, acc=10641/10975 (96.96%)
Epoch 359 [0/84843] Loss: 0.296474
Epoch 359 [35000/84843] Loss: 0.284832
Epoch 359 [70000/84843] Loss: 0.304708
Epoch 359 - Avg Loss: 0.311678 | Train Acc: 98.51%
Val: loss=0.3608, acc=10643/10975 (96.97%)
Epoch 360 [0/84843] Loss: 0.340639
Epoch 360 [35000/84843] Loss: 0.279718
Epoch 360 [70000/84843] Loss: 0.282400
Epoch 360 - Avg Loss: 0.312112 | Train Acc: 98.51%
Val: loss=0.3609, acc=10647/10975 (97.01%)
saved best: 97.01%
Epoch 361 [0/84843] Loss: 0.284593
Epoch 361 [35000/84843] Loss: 0.301416
Epoch 361 [70000/84843] Loss: 0.339067
Epoch 361 - Avg Loss: 0.311718 | Train Acc: 98.48%
Val: loss=0.3614, acc=10644/10975 (96.98%)
Epoch 362 [0/84843] Loss: 0.302087
Epoch 362 [35000/84843] Loss: 0.323231
Epoch 362 [70000/84843] Loss: 0.289656
Epoch 362 - Avg Loss: 0.311066 | Train Acc: 98.55%
Val: loss=0.3617, acc=10643/10975 (96.97%)
Epoch 363 [0/84843] Loss: 0.274239
Epoch 363 [35000/84843] Loss: 0.288718
Epoch 363 [70000/84843] Loss: 0.271351
Epoch 363 - Avg Loss: 0.311212 | Train Acc: 98.51%
Val: loss=0.3614, acc=10645/10975 (96.99%)
Epoch 364 [0/84843] Loss: 0.284685
Epoch 364 [35000/84843] Loss: 0.316166
Epoch 364 [70000/84843] Loss: 0.365634
Epoch 364 - Avg Loss: 0.310549 | Train Acc: 98.55%
Val: loss=0.3597, acc=10643/10975 (96.97%)
Epoch 365 [0/84843] Loss: 0.341712
Epoch 365 [35000/84843] Loss: 0.292137
Epoch 365 [70000/84843] Loss: 0.327778
Epoch 365 - Avg Loss: 0.311422 | Train Acc: 98.55%
Val: loss=0.3621, acc=10641/10975 (96.96%)
Epoch 366 [0/84843] Loss: 0.362316
Epoch 366 [35000/84843] Loss: 0.356824
Epoch 366 [70000/84843] Loss: 0.344925
Epoch 366 - Avg Loss: 0.311054 | Train Acc: 98.54%
Val: loss=0.3615, acc=10640/10975 (96.95%)
Epoch 367 [0/84843] Loss: 0.317466
Epoch 367 [35000/84843] Loss: 0.300300
Epoch 367 [70000/84843] Loss: 0.342906
Epoch 367 - Avg Loss: 0.311340 | Train Acc: 98.53%
Val: loss=0.3615, acc=10640/10975 (96.95%)
Epoch 368 [0/84843] Loss: 0.298009
Epoch 368 [35000/84843] Loss: 0.323503
Epoch 368 [70000/84843] Loss: 0.305456
Epoch 368 - Avg Loss: 0.311840 | Train Acc: 98.50%
Val: loss=0.3601, acc=10643/10975 (96.97%)
Epoch 369 [0/84843] Loss: 0.362970
Epoch 369 [35000/84843] Loss: 0.297829
Epoch 369 [70000/84843] Loss: 0.273668
Epoch 369 - Avg Loss: 0.310480 | Train Acc: 98.52%
Val: loss=0.3607, acc=10646/10975 (97.00%)
Epoch 370 [0/84843] Loss: 0.284176
Epoch 370 [35000/84843] Loss: 0.288184
Epoch 370 [70000/84843] Loss: 0.361742
Epoch 370 - Avg Loss: 0.310801 | Train Acc: 98.54%
Val: loss=0.3615, acc=10640/10975 (96.95%)
Epoch 371 [0/84843] Loss: 0.275441
Epoch 371 [35000/84843] Loss: 0.289394
Epoch 371 [70000/84843] Loss: 0.339893
Epoch 371 - Avg Loss: 0.310859 | Train Acc: 98.55%
Val: loss=0.3608, acc=10641/10975 (96.96%)
Epoch 372 [0/84843] Loss: 0.289149
Epoch 372 [35000/84843] Loss: 0.338375
Epoch 372 [70000/84843] Loss: 0.277729
Epoch 372 - Avg Loss: 0.312236 | Train Acc: 98.48%
Val: loss=0.3612, acc=10642/10975 (96.97%)
Epoch 373 [0/84843] Loss: 0.280991
Epoch 373 [35000/84843] Loss: 0.271364
Epoch 373 [70000/84843] Loss: 0.367439
Epoch 373 - Avg Loss: 0.310499 | Train Acc: 98.55%
Val: loss=0.3605, acc=10647/10975 (97.01%)
Epoch 374 [0/84843] Loss: 0.317180
Epoch 374 [35000/84843] Loss: 0.299442
Epoch 374 [70000/84843] Loss: 0.281824
Epoch 374 - Avg Loss: 0.310323 | Train Acc: 98.56%
Val: loss=0.3611, acc=10644/10975 (96.98%)
Epoch 375 [0/84843] Loss: 0.322417
Epoch 375 [35000/84843] Loss: 0.311250
Epoch 375 [70000/84843] Loss: 0.307138
Epoch 375 - Avg Loss: 0.310763 | Train Acc: 98.52%
Val: loss=0.3608, acc=10645/10975 (96.99%)
Epoch 376 [0/84843] Loss: 0.307899
Epoch 376 [35000/84843] Loss: 0.269987
Epoch 376 [70000/84843] Loss: 0.363560
Epoch 376 - Avg Loss: 0.310466 | Train Acc: 98.57%
Val: loss=0.3606, acc=10643/10975 (96.97%)
Epoch 377 [0/84843] Loss: 0.298688
Epoch 377 [35000/84843] Loss: 0.336959
Epoch 377 [70000/84843] Loss: 0.311851
Epoch 377 - Avg Loss: 0.310863 | Train Acc: 98.54%
Val: loss=0.3610, acc=10641/10975 (96.96%)
Epoch 378 [0/84843] Loss: 0.282165
Epoch 378 [35000/84843] Loss: 0.273237
Epoch 378 [70000/84843] Loss: 0.300586
Epoch 378 - Avg Loss: 0.309882 | Train Acc: 98.59%
Val: loss=0.3612, acc=10639/10975 (96.94%)
Epoch 379 [0/84843] Loss: 0.328564
Epoch 379 [35000/84843] Loss: 0.292174
Epoch 379 [70000/84843] Loss: 0.430139
Epoch 379 - Avg Loss: 0.309688 | Train Acc: 98.54%
Val: loss=0.3611, acc=10641/10975 (96.96%)
Epoch 380 [0/84843] Loss: 0.324999
Epoch 380 [35000/84843] Loss: 0.371657
Epoch 380 [70000/84843] Loss: 0.280773
Epoch 380 - Avg Loss: 0.309622 | Train Acc: 98.60%
Val: loss=0.3608, acc=10643/10975 (96.97%)
Epoch 381 [0/84843] Loss: 0.269857
Epoch 381 [35000/84843] Loss: 0.303415
Epoch 381 [70000/84843] Loss: 0.356899
Epoch 381 - Avg Loss: 0.310397 | Train Acc: 98.56%
Val: loss=0.3609, acc=10640/10975 (96.95%)
Epoch 382 [0/84843] Loss: 0.324358
Epoch 382 [35000/84843] Loss: 0.325798
Epoch 382 [70000/84843] Loss: 0.271297
Epoch 382 - Avg Loss: 0.310861 | Train Acc: 98.54%
Val: loss=0.3609, acc=10642/10975 (96.97%)
Epoch 383 [0/84843] Loss: 0.306827
Epoch 383 [35000/84843] Loss: 0.328792
Epoch 383 [70000/84843] Loss: 0.294372
Epoch 383 - Avg Loss: 0.309988 | Train Acc: 98.60%
Val: loss=0.3608, acc=10641/10975 (96.96%)
Epoch 384 [0/84843] Loss: 0.339628
Epoch 384 [35000/84843] Loss: 0.273721
Epoch 384 [70000/84843] Loss: 0.388748
Epoch 384 - Avg Loss: 0.310282 | Train Acc: 98.58%
Val: loss=0.3601, acc=10648/10975 (97.02%)
saved best: 97.02%
Epoch 385 [0/84843] Loss: 0.295285
Epoch 385 [35000/84843] Loss: 0.396087
Epoch 385 [70000/84843] Loss: 0.274277
Epoch 385 - Avg Loss: 0.310315 | Train Acc: 98.55%
Val: loss=0.3607, acc=10644/10975 (96.98%)
Epoch 386 [0/84843] Loss: 0.313038
Epoch 386 [35000/84843] Loss: 0.308970
Epoch 386 [70000/84843] Loss: 0.279137
Epoch 386 - Avg Loss: 0.310077 | Train Acc: 98.57%
Val: loss=0.3608, acc=10647/10975 (97.01%)
Epoch 387 [0/84843] Loss: 0.305484
Epoch 387 [35000/84843] Loss: 0.310130
Epoch 387 [70000/84843] Loss: 0.284766
Epoch 387 - Avg Loss: 0.309619 | Train Acc: 98.59%
Val: loss=0.3606, acc=10647/10975 (97.01%)
Epoch 388 [0/84843] Loss: 0.275517
Epoch 388 [35000/84843] Loss: 0.341578
Epoch 388 [70000/84843] Loss: 0.339576
Epoch 388 - Avg Loss: 0.310059 | Train Acc: 98.58%
Val: loss=0.3608, acc=10641/10975 (96.96%)
Epoch 389 [0/84843] Loss: 0.293696
Epoch 389 [35000/84843] Loss: 0.300942
Epoch 389 [70000/84843] Loss: 0.480412
Epoch 389 - Avg Loss: 0.309648 | Train Acc: 98.56%
Val: loss=0.3609, acc=10643/10975 (96.97%)
Epoch 390 [0/84843] Loss: 0.300835
Epoch 390 [35000/84843] Loss: 0.323772
Epoch 390 [70000/84843] Loss: 0.284638
Epoch 390 - Avg Loss: 0.310812 | Train Acc: 98.56%
Val: loss=0.3607, acc=10645/10975 (96.99%)
Epoch 391 [0/84843] Loss: 0.337472
Epoch 391 [35000/84843] Loss: 0.349700
Epoch 391 [70000/84843] Loss: 0.311272
Epoch 391 - Avg Loss: 0.309586 | Train Acc: 98.57%
Val: loss=0.3608, acc=10646/10975 (97.00%)
Epoch 392 [0/84843] Loss: 0.314465
Epoch 392 [35000/84843] Loss: 0.395799
Epoch 392 [70000/84843] Loss: 0.279911
Epoch 392 - Avg Loss: 0.310915 | Train Acc: 98.54%
Val: loss=0.3612, acc=10644/10975 (96.98%)
Epoch 393 [0/84843] Loss: 0.271598
Epoch 393 [35000/84843] Loss: 0.331918
Epoch 393 [70000/84843] Loss: 0.323067
Epoch 393 - Avg Loss: 0.310844 | Train Acc: 98.54%
Val: loss=0.3608, acc=10644/10975 (96.98%)
Epoch 394 [0/84843] Loss: 0.326843
Epoch 394 [35000/84843] Loss: 0.346515
Epoch 394 [70000/84843] Loss: 0.380126
Epoch 394 - Avg Loss: 0.310011 | Train Acc: 98.57%
Val: loss=0.3609, acc=10643/10975 (96.97%)
Epoch 395 [0/84843] Loss: 0.301622
Epoch 395 [35000/84843] Loss: 0.327288
Epoch 395 [70000/84843] Loss: 0.308532
Epoch 395 - Avg Loss: 0.309736 | Train Acc: 98.61%
Val: loss=0.3613, acc=10643/10975 (96.97%)
Epoch 396 [0/84843] Loss: 0.356031
Epoch 396 [35000/84843] Loss: 0.414692
Epoch 396 [70000/84843] Loss: 0.279157
Epoch 396 - Avg Loss: 0.310222 | Train Acc: 98.60%
Val: loss=0.3609, acc=10643/10975 (96.97%)
Epoch 397 [0/84843] Loss: 0.295569
Epoch 397 [35000/84843] Loss: 0.288326
Epoch 397 [70000/84843] Loss: 0.355636
Epoch 397 - Avg Loss: 0.309736 | Train Acc: 98.57%
Val: loss=0.3609, acc=10643/10975 (96.97%)
Epoch 398 [0/84843] Loss: 0.311236
Epoch 398 [35000/84843] Loss: 0.284477
Epoch 398 [70000/84843] Loss: 0.320439
Epoch 398 - Avg Loss: 0.309467 | Train Acc: 98.60%
Val: loss=0.3609, acc=10643/10975 (96.97%)
Epoch 399 [0/84843] Loss: 0.322355
Epoch 399 [35000/84843] Loss: 0.273250
Epoch 399 [70000/84843] Loss: 0.277195
Epoch 399 - Avg Loss: 0.308471 | Train Acc: 98.65%
Val: loss=0.3608, acc=10643/10975 (96.97%)
Epoch 400 [0/84843] Loss: 0.348355
Epoch 400 [35000/84843] Loss: 0.345311
Epoch 400 [70000/84843] Loss: 0.285765
Epoch 400 - Avg Loss: 0.310063 | Train Acc: 98.61%
Val: loss=0.3609, acc=10643/10975 (96.97%)
Test: loss=0.3795, acc=11611/12101 (95.95%)
