Running feature config: 24_mels_delta (task 8)
SpecAugment freq_mask=20 time_mask=35
Device: cuda
Feature config: 24_mels_delta -> {'n_mels': 24, 'use_delta': True, 'use_delta_delta': False}
SpecAugment: True freq_mask=20 time_mask=35
GPU Name: Tesla V100-PCIE-32GB
GPU Memory: 34.07 GB
Total model parameters: 47,628
Epoch 1 [0/84843] Loss: 2.464974
Epoch 1 [35000/84843] Loss: 1.410538
Epoch 1 [70000/84843] Loss: 0.870881
Epoch 1 - Avg Loss: 1.301418 | Train Acc: 65.66%
Val: loss=0.9601, acc=8241/10975 (75.09%)
saved best: 75.09%
Epoch 2 [0/84843] Loss: 1.118829
Epoch 2 [35000/84843] Loss: 1.257172
Epoch 2 [70000/84843] Loss: 0.770455
Epoch 2 - Avg Loss: 0.904888 | Train Acc: 75.73%
Val: loss=0.6058, acc=9676/10975 (88.16%)
saved best: 88.16%
Epoch 3 [0/84843] Loss: 0.813701
Epoch 3 [35000/84843] Loss: 1.016410
Epoch 3 [70000/84843] Loss: 0.796831
Epoch 3 - Avg Loss: 0.791405 | Train Acc: 79.92%
Val: loss=0.5881, acc=9801/10975 (89.30%)
saved best: 89.30%
Epoch 4 [0/84843] Loss: 1.195803
Epoch 4 [35000/84843] Loss: 0.533742
Epoch 4 [70000/84843] Loss: 0.682019
Epoch 4 - Avg Loss: 0.745636 | Train Acc: 81.72%
Val: loss=0.5474, acc=9914/10975 (90.33%)
saved best: 90.33%
Epoch 5 [0/84843] Loss: 0.907612
Epoch 5 [35000/84843] Loss: 0.903246
Epoch 5 [70000/84843] Loss: 0.601360
Epoch 5 - Avg Loss: 0.721325 | Train Acc: 82.70%
Val: loss=0.5047, acc=10057/10975 (91.64%)
saved best: 91.64%
Epoch 6 [0/84843] Loss: 0.475367
Epoch 6 [35000/84843] Loss: 0.780076
Epoch 6 [70000/84843] Loss: 0.492181
Epoch 6 - Avg Loss: 0.690402 | Train Acc: 83.83%
Val: loss=0.4916, acc=10122/10975 (92.23%)
saved best: 92.23%
Epoch 7 [0/84843] Loss: 0.574276
Epoch 7 [35000/84843] Loss: 0.750682
Epoch 7 [70000/84843] Loss: 0.591384
Epoch 7 - Avg Loss: 0.678175 | Train Acc: 84.41%
Val: loss=0.4764, acc=10217/10975 (93.09%)
saved best: 93.09%
Epoch 8 [0/84843] Loss: 0.595403
Epoch 8 [35000/84843] Loss: 0.572788
Epoch 8 [70000/84843] Loss: 0.613988
Epoch 8 - Avg Loss: 0.673973 | Train Acc: 84.41%
Val: loss=0.4989, acc=10118/10975 (92.19%)
Epoch 9 [0/84843] Loss: 0.606729
Epoch 9 [35000/84843] Loss: 0.593686
Epoch 9 [70000/84843] Loss: 0.616729
Epoch 9 - Avg Loss: 0.662121 | Train Acc: 84.89%
Val: loss=0.4656, acc=10232/10975 (93.23%)
saved best: 93.23%
Epoch 10 [0/84843] Loss: 0.763459
Epoch 10 [35000/84843] Loss: 0.696594
Epoch 10 [70000/84843] Loss: 0.655313
Epoch 10 - Avg Loss: 0.666905 | Train Acc: 84.68%
Val: loss=0.4574, acc=10254/10975 (93.43%)
saved best: 93.43%
Epoch 11 [0/84843] Loss: 0.549799
Epoch 11 [35000/84843] Loss: 0.675484
Epoch 11 [70000/84843] Loss: 0.807513
Epoch 11 - Avg Loss: 0.641950 | Train Acc: 85.74%
Val: loss=0.4766, acc=10162/10975 (92.59%)
Epoch 12 [0/84843] Loss: 0.521995
Epoch 12 [35000/84843] Loss: 0.651205
Epoch 12 [70000/84843] Loss: 0.481182
Epoch 12 - Avg Loss: 0.641793 | Train Acc: 85.71%
Val: loss=0.4659, acc=10225/10975 (93.17%)
Epoch 13 [0/84843] Loss: 0.529339
Epoch 13 [35000/84843] Loss: 0.820176
Epoch 13 [70000/84843] Loss: 0.679617
Epoch 13 - Avg Loss: 0.632918 | Train Acc: 86.08%
Val: loss=0.4751, acc=10208/10975 (93.01%)
Epoch 14 [0/84843] Loss: 0.814107
Epoch 14 [35000/84843] Loss: 0.546628
Epoch 14 [70000/84843] Loss: 0.718032
Epoch 14 - Avg Loss: 0.629718 | Train Acc: 86.11%
Val: loss=0.4650, acc=10247/10975 (93.37%)
Epoch 15 [0/84843] Loss: 0.451452
Epoch 15 [35000/84843] Loss: 0.480400
Epoch 15 [70000/84843] Loss: 0.451649
Epoch 15 - Avg Loss: 0.618913 | Train Acc: 86.59%
Val: loss=0.4802, acc=10190/10975 (92.85%)
Epoch 16 [0/84843] Loss: 0.550487
Epoch 16 [35000/84843] Loss: 0.725820
Epoch 16 [70000/84843] Loss: 0.690791
Epoch 16 - Avg Loss: 0.616513 | Train Acc: 86.66%
Val: loss=0.4522, acc=10285/10975 (93.71%)
saved best: 93.71%
Epoch 17 [0/84843] Loss: 0.372429
Epoch 17 [35000/84843] Loss: 0.696265
Epoch 17 [70000/84843] Loss: 0.739147
Epoch 17 - Avg Loss: 0.617648 | Train Acc: 86.68%
Val: loss=0.4261, acc=10389/10975 (94.66%)
saved best: 94.66%
Epoch 18 [0/84843] Loss: 0.442518
Epoch 18 [35000/84843] Loss: 0.835544
Epoch 18 [70000/84843] Loss: 0.719430
Epoch 18 - Avg Loss: 0.606915 | Train Acc: 87.13%
Val: loss=0.4584, acc=10277/10975 (93.64%)
Epoch 19 [0/84843] Loss: 0.494146
Epoch 19 [35000/84843] Loss: 0.773251
Epoch 19 [70000/84843] Loss: 0.694849
Epoch 19 - Avg Loss: 0.612055 | Train Acc: 86.89%
Val: loss=0.4378, acc=10352/10975 (94.32%)
Epoch 20 [0/84843] Loss: 0.657130
Epoch 20 [35000/84843] Loss: 0.575429
Epoch 20 [70000/84843] Loss: 0.575521
Epoch 20 - Avg Loss: 0.605003 | Train Acc: 87.17%
Val: loss=0.4689, acc=10216/10975 (93.08%)
Epoch 21 [0/84843] Loss: 0.837235
Epoch 21 [35000/84843] Loss: 0.610439
Epoch 21 [70000/84843] Loss: 0.483515
Epoch 21 - Avg Loss: 0.595245 | Train Acc: 87.38%
Val: loss=0.4251, acc=10408/10975 (94.83%)
saved best: 94.83%
Epoch 22 [0/84843] Loss: 0.918051
Epoch 22 [35000/84843] Loss: 0.639871
Epoch 22 [70000/84843] Loss: 0.683575
Epoch 22 - Avg Loss: 0.606045 | Train Acc: 87.07%
Val: loss=0.4432, acc=10340/10975 (94.21%)
Epoch 23 [0/84843] Loss: 0.469393
Epoch 23 [35000/84843] Loss: 0.694428
Epoch 23 [70000/84843] Loss: 0.533770
Epoch 23 - Avg Loss: 0.602664 | Train Acc: 87.16%
Val: loss=0.4421, acc=10346/10975 (94.27%)
Epoch 24 [0/84843] Loss: 0.524361
Epoch 24 [35000/84843] Loss: 0.483891
Epoch 24 [70000/84843] Loss: 0.667202
Epoch 24 - Avg Loss: 0.598125 | Train Acc: 87.31%
Val: loss=0.4221, acc=10386/10975 (94.63%)
Epoch 25 [0/84843] Loss: 0.446989
Epoch 25 [35000/84843] Loss: 0.566234
Epoch 25 [70000/84843] Loss: 0.505649
Epoch 25 - Avg Loss: 0.590631 | Train Acc: 87.61%
Val: loss=0.4227, acc=10399/10975 (94.75%)
Epoch 26 [0/84843] Loss: 0.808560
Epoch 26 [35000/84843] Loss: 0.485834
Epoch 26 [70000/84843] Loss: 0.692132
Epoch 26 - Avg Loss: 0.589791 | Train Acc: 87.65%
Val: loss=0.4135, acc=10417/10975 (94.92%)
saved best: 94.92%
Epoch 27 [0/84843] Loss: 0.515730
Epoch 27 [35000/84843] Loss: 0.608283
Epoch 27 [70000/84843] Loss: 0.741911
Epoch 27 - Avg Loss: 0.585240 | Train Acc: 87.78%
Val: loss=0.4280, acc=10396/10975 (94.72%)
Epoch 28 [0/84843] Loss: 0.438357
Epoch 28 [35000/84843] Loss: 0.493753
Epoch 28 [70000/84843] Loss: 0.422642
Epoch 28 - Avg Loss: 0.587257 | Train Acc: 87.76%
Val: loss=0.4189, acc=10401/10975 (94.77%)
Epoch 29 [0/84843] Loss: 0.604965
Epoch 29 [35000/84843] Loss: 0.417439
Epoch 29 [70000/84843] Loss: 0.975917
Epoch 29 - Avg Loss: 0.593517 | Train Acc: 87.61%
Val: loss=0.4483, acc=10290/10975 (93.76%)
Epoch 30 [0/84843] Loss: 0.474367
Epoch 30 [35000/84843] Loss: 0.379674
Epoch 30 [70000/84843] Loss: 0.441348
Epoch 30 - Avg Loss: 0.574433 | Train Acc: 88.30%
Val: loss=0.4353, acc=10363/10975 (94.42%)
Epoch 31 [0/84843] Loss: 0.547790
Epoch 31 [35000/84843] Loss: 0.510298
Epoch 31 [70000/84843] Loss: 0.491086
Epoch 31 - Avg Loss: 0.583112 | Train Acc: 87.82%
Val: loss=0.4193, acc=10420/10975 (94.94%)
saved best: 94.94%
Epoch 32 [0/84843] Loss: 0.666429
Epoch 32 [35000/84843] Loss: 0.385567
Epoch 32 [70000/84843] Loss: 0.732880
Epoch 32 - Avg Loss: 0.584746 | Train Acc: 87.82%
Val: loss=0.4092, acc=10456/10975 (95.27%)
saved best: 95.27%
Epoch 33 [0/84843] Loss: 0.470466
Epoch 33 [35000/84843] Loss: 0.480818
Epoch 33 [70000/84843] Loss: 0.589177
Epoch 33 - Avg Loss: 0.577092 | Train Acc: 88.13%
Val: loss=0.4138, acc=10440/10975 (95.13%)
Epoch 34 [0/84843] Loss: 0.499708
Epoch 34 [35000/84843] Loss: 0.737217
Epoch 34 [70000/84843] Loss: 0.411587
Epoch 34 - Avg Loss: 0.581016 | Train Acc: 87.98%
Val: loss=0.4116, acc=10435/10975 (95.08%)
Epoch 35 [0/84843] Loss: 0.641361
Epoch 35 [35000/84843] Loss: 0.522593
Epoch 35 [70000/84843] Loss: 0.596387
Epoch 35 - Avg Loss: 0.583189 | Train Acc: 87.83%
Val: loss=0.4101, acc=10455/10975 (95.26%)
Epoch 36 [0/84843] Loss: 0.345896
Epoch 36 [35000/84843] Loss: 0.926691
Epoch 36 [70000/84843] Loss: 0.443305
Epoch 36 - Avg Loss: 0.577631 | Train Acc: 88.09%
Val: loss=0.4077, acc=10472/10975 (95.42%)
saved best: 95.42%
Epoch 37 [0/84843] Loss: 0.535577
Epoch 37 [35000/84843] Loss: 0.464507
Epoch 37 [70000/84843] Loss: 0.806232
Epoch 37 - Avg Loss: 0.580621 | Train Acc: 87.93%
Val: loss=0.4038, acc=10466/10975 (95.36%)
Epoch 38 [0/84843] Loss: 0.429875
Epoch 38 [35000/84843] Loss: 0.808099
Epoch 38 [70000/84843] Loss: 0.712708
Epoch 38 - Avg Loss: 0.580472 | Train Acc: 87.95%
Val: loss=0.4350, acc=10359/10975 (94.39%)
Epoch 39 [0/84843] Loss: 0.501384
Epoch 39 [35000/84843] Loss: 0.503747
Epoch 39 [70000/84843] Loss: 0.795150
Epoch 39 - Avg Loss: 0.573625 | Train Acc: 88.26%
Val: loss=0.4106, acc=10432/10975 (95.05%)
Epoch 40 [0/84843] Loss: 0.703563
Epoch 40 [35000/84843] Loss: 0.534292
Epoch 40 [70000/84843] Loss: 0.541667
Epoch 40 - Avg Loss: 0.577355 | Train Acc: 88.10%
Val: loss=0.4092, acc=10437/10975 (95.10%)
Epoch 41 [0/84843] Loss: 0.562291
Epoch 41 [35000/84843] Loss: 0.736400
Epoch 41 [70000/84843] Loss: 0.578430
Epoch 41 - Avg Loss: 0.570712 | Train Acc: 88.37%
Val: loss=0.3986, acc=10479/10975 (95.48%)
saved best: 95.48%
Epoch 42 [0/84843] Loss: 0.949160
Epoch 42 [35000/84843] Loss: 0.600004
Epoch 42 [70000/84843] Loss: 0.691439
Epoch 42 - Avg Loss: 0.577234 | Train Acc: 88.16%
Val: loss=0.4094, acc=10459/10975 (95.30%)
Epoch 43 [0/84843] Loss: 0.477141
Epoch 43 [35000/84843] Loss: 0.492610
Epoch 43 [70000/84843] Loss: 0.817126
Epoch 43 - Avg Loss: 0.570849 | Train Acc: 88.43%
Val: loss=0.4041, acc=10492/10975 (95.60%)
saved best: 95.60%
Epoch 44 [0/84843] Loss: 0.512448
Epoch 44 [35000/84843] Loss: 0.652188
Epoch 44 [70000/84843] Loss: 0.529625
Epoch 44 - Avg Loss: 0.567843 | Train Acc: 88.48%
Val: loss=0.3949, acc=10520/10975 (95.85%)
saved best: 95.85%
Epoch 45 [0/84843] Loss: 0.512276
Epoch 45 [35000/84843] Loss: 0.819476
Epoch 45 [70000/84843] Loss: 0.460176
Epoch 45 - Avg Loss: 0.560289 | Train Acc: 88.75%
Val: loss=0.4076, acc=10454/10975 (95.25%)
Epoch 46 [0/84843] Loss: 0.434391
Epoch 46 [35000/84843] Loss: 0.500252
Epoch 46 [70000/84843] Loss: 0.559532
Epoch 46 - Avg Loss: 0.569109 | Train Acc: 88.36%
Val: loss=0.3953, acc=10502/10975 (95.69%)
Epoch 47 [0/84843] Loss: 0.640616
Epoch 47 [35000/84843] Loss: 0.425224
Epoch 47 [70000/84843] Loss: 0.560307
Epoch 47 - Avg Loss: 0.566885 | Train Acc: 88.55%
Val: loss=0.4001, acc=10502/10975 (95.69%)
Epoch 48 [0/84843] Loss: 0.545695
Epoch 48 [35000/84843] Loss: 0.436958
Epoch 48 [70000/84843] Loss: 0.664517
Epoch 48 - Avg Loss: 0.565414 | Train Acc: 88.58%
Val: loss=0.4071, acc=10453/10975 (95.24%)
Epoch 49 [0/84843] Loss: 0.464453
Epoch 49 [35000/84843] Loss: 0.426685
Epoch 49 [70000/84843] Loss: 0.449584
Epoch 49 - Avg Loss: 0.567547 | Train Acc: 88.44%
Val: loss=0.3918, acc=10520/10975 (95.85%)
Epoch 50 [0/84843] Loss: 0.691162
Epoch 50 [35000/84843] Loss: 0.516275
Epoch 50 [70000/84843] Loss: 0.446471
Epoch 50 - Avg Loss: 0.564562 | Train Acc: 88.54%
Val: loss=0.4101, acc=10449/10975 (95.21%)
Epoch 51 [0/84843] Loss: 0.529562
Epoch 51 [35000/84843] Loss: 0.569753
Epoch 51 [70000/84843] Loss: 0.695597
Epoch 51 - Avg Loss: 0.562745 | Train Acc: 88.66%
Val: loss=0.4047, acc=10454/10975 (95.25%)
Epoch 52 [0/84843] Loss: 0.772905
Epoch 52 [35000/84843] Loss: 0.444441
Epoch 52 [70000/84843] Loss: 0.550601
Epoch 52 - Avg Loss: 0.562423 | Train Acc: 88.70%
Val: loss=0.3952, acc=10509/10975 (95.75%)
Epoch 53 [0/84843] Loss: 0.845756
Epoch 53 [35000/84843] Loss: 0.569233
Epoch 53 [70000/84843] Loss: 0.428492
Epoch 53 - Avg Loss: 0.561787 | Train Acc: 88.73%
Val: loss=0.4094, acc=10443/10975 (95.15%)
Epoch 54 [0/84843] Loss: 0.540167
Epoch 54 [35000/84843] Loss: 0.405328
Epoch 54 [70000/84843] Loss: 0.790589
Epoch 54 - Avg Loss: 0.560125 | Train Acc: 88.75%
Val: loss=0.4085, acc=10445/10975 (95.17%)
Epoch 55 [0/84843] Loss: 0.619508
Epoch 55 [35000/84843] Loss: 0.691340
Epoch 55 [70000/84843] Loss: 0.533398
Epoch 55 - Avg Loss: 0.558872 | Train Acc: 88.84%
Val: loss=0.4204, acc=10374/10975 (94.52%)
Epoch 56 [0/84843] Loss: 0.496196
Epoch 56 [35000/84843] Loss: 0.409197
Epoch 56 [70000/84843] Loss: 0.398322
Epoch 56 - Avg Loss: 0.559037 | Train Acc: 88.82%
Val: loss=0.4126, acc=10446/10975 (95.18%)
Epoch 57 [0/84843] Loss: 0.753586
Epoch 57 [35000/84843] Loss: 0.642777
Epoch 57 [70000/84843] Loss: 0.554514
Epoch 57 - Avg Loss: 0.562644 | Train Acc: 88.62%
Val: loss=0.3925, acc=10527/10975 (95.92%)
saved best: 95.92%
Epoch 58 [0/84843] Loss: 0.488409
Epoch 58 [35000/84843] Loss: 0.471523
Epoch 58 [70000/84843] Loss: 0.646302
Epoch 58 - Avg Loss: 0.561662 | Train Acc: 88.72%
Val: loss=0.3964, acc=10514/10975 (95.80%)
Epoch 59 [0/84843] Loss: 0.641253
Epoch 59 [35000/84843] Loss: 0.582826
Epoch 59 [70000/84843] Loss: 0.569538
Epoch 59 - Avg Loss: 0.553028 | Train Acc: 89.07%
Val: loss=0.3942, acc=10523/10975 (95.88%)
Epoch 60 [0/84843] Loss: 0.534022
Epoch 60 [35000/84843] Loss: 0.781731
Epoch 60 [70000/84843] Loss: 0.514235
Epoch 60 - Avg Loss: 0.551402 | Train Acc: 89.20%
Val: loss=0.3930, acc=10524/10975 (95.89%)
Epoch 61 [0/84843] Loss: 0.432587
Epoch 61 [35000/84843] Loss: 0.424744
Epoch 61 [70000/84843] Loss: 0.398019
Epoch 61 - Avg Loss: 0.555494 | Train Acc: 88.96%
Val: loss=0.3966, acc=10501/10975 (95.68%)
Epoch 62 [0/84843] Loss: 0.354067
Epoch 62 [35000/84843] Loss: 0.444396
Epoch 62 [70000/84843] Loss: 0.490567
Epoch 62 - Avg Loss: 0.555910 | Train Acc: 88.87%
Val: loss=0.3922, acc=10511/10975 (95.77%)
Epoch 63 [0/84843] Loss: 0.491612
Epoch 63 [35000/84843] Loss: 0.465055
Epoch 63 [70000/84843] Loss: 0.438440
Epoch 63 - Avg Loss: 0.557173 | Train Acc: 88.86%
Val: loss=0.3903, acc=10520/10975 (95.85%)
Epoch 64 [0/84843] Loss: 0.469469
Epoch 64 [35000/84843] Loss: 0.394166
Epoch 64 [70000/84843] Loss: 0.472644
Epoch 64 - Avg Loss: 0.552631 | Train Acc: 89.04%
Val: loss=0.3907, acc=10524/10975 (95.89%)
Epoch 65 [0/84843] Loss: 0.650764
Epoch 65 [35000/84843] Loss: 0.570822
Epoch 65 [70000/84843] Loss: 0.541244
Epoch 65 - Avg Loss: 0.552790 | Train Acc: 89.11%
Val: loss=0.3882, acc=10541/10975 (96.05%)
saved best: 96.05%
Epoch 66 [0/84843] Loss: 0.611162
Epoch 66 [35000/84843] Loss: 0.430486
Epoch 66 [70000/84843] Loss: 0.478931
Epoch 66 - Avg Loss: 0.551616 | Train Acc: 89.08%
Val: loss=0.4102, acc=10429/10975 (95.03%)
Epoch 67 [0/84843] Loss: 0.533102
Epoch 67 [35000/84843] Loss: 0.468020
Epoch 67 [70000/84843] Loss: 0.472139
Epoch 67 - Avg Loss: 0.550313 | Train Acc: 89.15%
Val: loss=0.3945, acc=10511/10975 (95.77%)
Epoch 68 [0/84843] Loss: 0.426702
Epoch 68 [35000/84843] Loss: 0.431865
Epoch 68 [70000/84843] Loss: 0.505061
Epoch 68 - Avg Loss: 0.551923 | Train Acc: 89.09%
Val: loss=0.4160, acc=10389/10975 (94.66%)
Epoch 69 [0/84843] Loss: 0.550894
Epoch 69 [35000/84843] Loss: 0.557364
Epoch 69 [70000/84843] Loss: 0.558390
Epoch 69 - Avg Loss: 0.543983 | Train Acc: 89.34%
Val: loss=0.4080, acc=10451/10975 (95.23%)
Epoch 70 [0/84843] Loss: 0.471605
Epoch 70 [35000/84843] Loss: 0.609092
Epoch 70 [70000/84843] Loss: 0.401372
Epoch 70 - Avg Loss: 0.549537 | Train Acc: 89.14%
Val: loss=0.3870, acc=10534/10975 (95.98%)
Epoch 71 [0/84843] Loss: 0.444870
Epoch 71 [35000/84843] Loss: 0.645246
Epoch 71 [70000/84843] Loss: 0.471327
Epoch 71 - Avg Loss: 0.547573 | Train Acc: 89.24%
Val: loss=0.3953, acc=10507/10975 (95.74%)
Epoch 72 [0/84843] Loss: 0.475705
Epoch 72 [35000/84843] Loss: 0.512435
Epoch 72 [70000/84843] Loss: 0.832248
Epoch 72 - Avg Loss: 0.547936 | Train Acc: 89.13%
Val: loss=0.3912, acc=10490/10975 (95.58%)
Epoch 73 [0/84843] Loss: 0.409945
Epoch 73 [35000/84843] Loss: 0.465582
Epoch 73 [70000/84843] Loss: 0.640563
Epoch 73 - Avg Loss: 0.551304 | Train Acc: 89.07%
Val: loss=0.3862, acc=10547/10975 (96.10%)
saved best: 96.10%
Epoch 74 [0/84843] Loss: 0.503223
Epoch 74 [35000/84843] Loss: 0.374100
Epoch 74 [70000/84843] Loss: 0.487029
Epoch 74 - Avg Loss: 0.553123 | Train Acc: 88.93%
Val: loss=0.3938, acc=10507/10975 (95.74%)
Epoch 75 [0/84843] Loss: 0.393572
Epoch 75 [35000/84843] Loss: 0.582889
Epoch 75 [70000/84843] Loss: 0.482348
Epoch 75 - Avg Loss: 0.546464 | Train Acc: 89.27%
Val: loss=0.3956, acc=10505/10975 (95.72%)
Epoch 76 [0/84843] Loss: 0.573604
Epoch 76 [35000/84843] Loss: 0.594640
Epoch 76 [70000/84843] Loss: 0.535021
Epoch 76 - Avg Loss: 0.549416 | Train Acc: 89.20%
Val: loss=0.3995, acc=10493/10975 (95.61%)
Epoch 77 [0/84843] Loss: 0.451612
Epoch 77 [35000/84843] Loss: 0.413864
Epoch 77 [70000/84843] Loss: 0.742016
Epoch 77 - Avg Loss: 0.546568 | Train Acc: 89.26%
Val: loss=0.3887, acc=10535/10975 (95.99%)
Epoch 78 [0/84843] Loss: 0.668419
Epoch 78 [35000/84843] Loss: 1.012855
Epoch 78 [70000/84843] Loss: 0.490297
Epoch 78 - Avg Loss: 0.550306 | Train Acc: 89.13%
Val: loss=0.3839, acc=10533/10975 (95.97%)
Epoch 79 [0/84843] Loss: 0.504625
Epoch 79 [35000/84843] Loss: 0.577914
Epoch 79 [70000/84843] Loss: 0.625564
Epoch 79 - Avg Loss: 0.551104 | Train Acc: 89.02%
Val: loss=0.3869, acc=10545/10975 (96.08%)
Epoch 80 [0/84843] Loss: 0.829622
Epoch 80 [35000/84843] Loss: 0.445632
Epoch 80 [70000/84843] Loss: 0.388315
Epoch 80 - Avg Loss: 0.550485 | Train Acc: 89.10%
Val: loss=0.3900, acc=10524/10975 (95.89%)
Epoch 81 [0/84843] Loss: 0.511276
Epoch 81 [35000/84843] Loss: 0.391265
Epoch 81 [70000/84843] Loss: 0.582237
Epoch 81 - Avg Loss: 0.548987 | Train Acc: 89.08%
Val: loss=0.3880, acc=10536/10975 (96.00%)
Epoch 82 [0/84843] Loss: 0.518022
Epoch 82 [35000/84843] Loss: 0.586780
Epoch 82 [70000/84843] Loss: 0.531350
Epoch 82 - Avg Loss: 0.545857 | Train Acc: 89.24%
Val: loss=0.3906, acc=10523/10975 (95.88%)
Epoch 83 [0/84843] Loss: 0.738514
Epoch 83 [35000/84843] Loss: 0.632950
Epoch 83 [70000/84843] Loss: 0.609568
Epoch 83 - Avg Loss: 0.540113 | Train Acc: 89.53%
Val: loss=0.3942, acc=10496/10975 (95.64%)
Epoch 84 [0/84843] Loss: 0.414217
Epoch 84 [35000/84843] Loss: 0.413675
Epoch 84 [70000/84843] Loss: 0.549742
Epoch 84 - Avg Loss: 0.542201 | Train Acc: 89.29%
Val: loss=0.3795, acc=10581/10975 (96.41%)
saved best: 96.41%
Epoch 85 [0/84843] Loss: 0.455498
Epoch 85 [35000/84843] Loss: 0.647439
Epoch 85 [70000/84843] Loss: 0.548986
Epoch 85 - Avg Loss: 0.546270 | Train Acc: 89.29%
Val: loss=0.3892, acc=10533/10975 (95.97%)
Epoch 86 [0/84843] Loss: 0.431923
Epoch 86 [35000/84843] Loss: 0.576099
Epoch 86 [70000/84843] Loss: 0.593461
Epoch 86 - Avg Loss: 0.543174 | Train Acc: 89.37%
Val: loss=0.3943, acc=10531/10975 (95.95%)
Epoch 87 [0/84843] Loss: 0.529902
Epoch 87 [35000/84843] Loss: 0.426825
Epoch 87 [70000/84843] Loss: 0.625103
Epoch 87 - Avg Loss: 0.541339 | Train Acc: 89.37%
Val: loss=0.3862, acc=10537/10975 (96.01%)
Epoch 88 [0/84843] Loss: 0.675978
Epoch 88 [35000/84843] Loss: 0.450670
Epoch 88 [70000/84843] Loss: 0.624341
Epoch 88 - Avg Loss: 0.546097 | Train Acc: 89.28%
Val: loss=0.3945, acc=10501/10975 (95.68%)
Epoch 89 [0/84843] Loss: 0.562905
Epoch 89 [35000/84843] Loss: 0.333694
Epoch 89 [70000/84843] Loss: 0.444943
Epoch 89 - Avg Loss: 0.542761 | Train Acc: 89.36%
Val: loss=0.3937, acc=10496/10975 (95.64%)
Epoch 90 [0/84843] Loss: 0.574207
Epoch 90 [35000/84843] Loss: 0.376890
Epoch 90 [70000/84843] Loss: 0.439832
Epoch 90 - Avg Loss: 0.543283 | Train Acc: 89.38%
Val: loss=0.3855, acc=10536/10975 (96.00%)
Epoch 91 [0/84843] Loss: 0.428215
Epoch 91 [35000/84843] Loss: 0.667799
Epoch 91 [70000/84843] Loss: 0.532146
Epoch 91 - Avg Loss: 0.542998 | Train Acc: 89.37%
Val: loss=0.3924, acc=10541/10975 (96.05%)
Epoch 92 [0/84843] Loss: 0.554605
Epoch 92 [35000/84843] Loss: 0.570384
Epoch 92 [70000/84843] Loss: 0.416579
Epoch 92 - Avg Loss: 0.543813 | Train Acc: 89.38%
Val: loss=0.3952, acc=10486/10975 (95.54%)
Epoch 93 [0/84843] Loss: 0.687910
Epoch 93 [35000/84843] Loss: 0.447620
Epoch 93 [70000/84843] Loss: 0.497574
Epoch 93 - Avg Loss: 0.542126 | Train Acc: 89.42%
Val: loss=0.3822, acc=10571/10975 (96.32%)
Epoch 94 [0/84843] Loss: 0.570362
Epoch 94 [35000/84843] Loss: 0.425041
Epoch 94 [70000/84843] Loss: 0.737690
Epoch 94 - Avg Loss: 0.535030 | Train Acc: 89.78%
Val: loss=0.3843, acc=10543/10975 (96.06%)
Epoch 95 [0/84843] Loss: 0.568050
Epoch 95 [35000/84843] Loss: 0.513958
Epoch 95 [70000/84843] Loss: 0.418541
Epoch 95 - Avg Loss: 0.536164 | Train Acc: 89.62%
Val: loss=0.3794, acc=10561/10975 (96.23%)
Epoch 96 [0/84843] Loss: 0.470991
Epoch 96 [35000/84843] Loss: 0.764374
Epoch 96 [70000/84843] Loss: 0.824269
Epoch 96 - Avg Loss: 0.538310 | Train Acc: 89.52%
Val: loss=0.3979, acc=10490/10975 (95.58%)
Epoch 97 [0/84843] Loss: 0.398685
Epoch 97 [35000/84843] Loss: 0.463988
Epoch 97 [70000/84843] Loss: 0.793508
Epoch 97 - Avg Loss: 0.539915 | Train Acc: 89.54%
Val: loss=0.4040, acc=10464/10975 (95.34%)
Epoch 98 [0/84843] Loss: 0.447515
Epoch 98 [35000/84843] Loss: 0.558917
Epoch 98 [70000/84843] Loss: 0.483020
Epoch 98 - Avg Loss: 0.540168 | Train Acc: 89.46%
Val: loss=0.3902, acc=10499/10975 (95.66%)
Epoch 99 [0/84843] Loss: 0.353003
Epoch 99 [35000/84843] Loss: 0.387370
Epoch 99 [70000/84843] Loss: 0.538716
Epoch 99 - Avg Loss: 0.537813 | Train Acc: 89.61%
Val: loss=0.3767, acc=10569/10975 (96.30%)
Epoch 100 [0/84843] Loss: 0.711429
Epoch 100 [35000/84843] Loss: 0.548672
Epoch 100 [70000/84843] Loss: 0.506046
Epoch 100 - Avg Loss: 0.540088 | Train Acc: 89.40%
Val: loss=0.3849, acc=10539/10975 (96.03%)
Epoch 101 [0/84843] Loss: 0.464558
Epoch 101 [35000/84843] Loss: 0.396067
Epoch 101 [70000/84843] Loss: 0.904867
Epoch 101 - Avg Loss: 0.538780 | Train Acc: 89.56%
Val: loss=0.3813, acc=10567/10975 (96.28%)
Epoch 102 [0/84843] Loss: 0.838858
Epoch 102 [35000/84843] Loss: 0.523744
Epoch 102 [70000/84843] Loss: 0.421001
Epoch 102 - Avg Loss: 0.543927 | Train Acc: 89.43%
Val: loss=0.3795, acc=10564/10975 (96.26%)
Epoch 103 [0/84843] Loss: 0.800428
Epoch 103 [35000/84843] Loss: 0.390021
Epoch 103 [70000/84843] Loss: 0.399950
Epoch 103 - Avg Loss: 0.534087 | Train Acc: 89.74%
Val: loss=0.3873, acc=10533/10975 (95.97%)
Epoch 104 [0/84843] Loss: 0.470863
Epoch 104 [35000/84843] Loss: 0.634427
Epoch 104 [70000/84843] Loss: 0.476851
Epoch 104 - Avg Loss: 0.540088 | Train Acc: 89.41%
Val: loss=0.3872, acc=10536/10975 (96.00%)
Epoch 105 [0/84843] Loss: 0.445853
Epoch 105 [35000/84843] Loss: 0.468027
Epoch 105 [70000/84843] Loss: 0.361437
Epoch 105 - Avg Loss: 0.527982 | Train Acc: 89.92%
Val: loss=0.3887, acc=10536/10975 (96.00%)
Epoch 106 [0/84843] Loss: 0.424371
Epoch 106 [35000/84843] Loss: 0.370252
Epoch 106 [70000/84843] Loss: 0.557237
Epoch 106 - Avg Loss: 0.540830 | Train Acc: 89.40%
Val: loss=0.3849, acc=10548/10975 (96.11%)
Epoch 107 [0/84843] Loss: 0.578227
Epoch 107 [35000/84843] Loss: 0.524772
Epoch 107 [70000/84843] Loss: 0.627222
Epoch 107 - Avg Loss: 0.531731 | Train Acc: 89.79%
Val: loss=0.3748, acc=10575/10975 (96.36%)
Epoch 108 [0/84843] Loss: 0.465413
Epoch 108 [35000/84843] Loss: 0.629846
Epoch 108 [70000/84843] Loss: 0.597064
Epoch 108 - Avg Loss: 0.542104 | Train Acc: 89.32%
Val: loss=0.3774, acc=10558/10975 (96.20%)
Epoch 109 [0/84843] Loss: 0.548411
Epoch 109 [35000/84843] Loss: 0.667525
Epoch 109 [70000/84843] Loss: 0.524875
Epoch 109 - Avg Loss: 0.533611 | Train Acc: 89.73%
Val: loss=0.3990, acc=10471/10975 (95.41%)
Epoch 110 [0/84843] Loss: 0.436413
Epoch 110 [35000/84843] Loss: 0.469141
Epoch 110 [70000/84843] Loss: 0.700616
Epoch 110 - Avg Loss: 0.534787 | Train Acc: 89.65%
Val: loss=0.3807, acc=10550/10975 (96.13%)
Epoch 111 [0/84843] Loss: 0.435549
Epoch 111 [35000/84843] Loss: 0.411867
Epoch 111 [70000/84843] Loss: 0.471187
Epoch 111 - Avg Loss: 0.530477 | Train Acc: 89.85%
Val: loss=0.3815, acc=10558/10975 (96.20%)
Epoch 112 [0/84843] Loss: 0.418672
Epoch 112 [35000/84843] Loss: 0.585336
Epoch 112 [70000/84843] Loss: 0.954363
Epoch 112 - Avg Loss: 0.533232 | Train Acc: 89.63%
Val: loss=0.3857, acc=10534/10975 (95.98%)
Epoch 113 [0/84843] Loss: 0.639107
Epoch 113 [35000/84843] Loss: 0.380987
Epoch 113 [70000/84843] Loss: 0.378418
Epoch 113 - Avg Loss: 0.541345 | Train Acc: 89.47%
Val: loss=0.3959, acc=10489/10975 (95.57%)
Epoch 114 [0/84843] Loss: 0.615843
Epoch 114 [35000/84843] Loss: 0.679682
Epoch 114 [70000/84843] Loss: 0.522025
Epoch 114 - Avg Loss: 0.532151 | Train Acc: 89.79%
Val: loss=0.3847, acc=10530/10975 (95.95%)
Epoch 115 [0/84843] Loss: 0.299855
Epoch 115 [35000/84843] Loss: 0.526607
Epoch 115 [70000/84843] Loss: 0.581226
Epoch 115 - Avg Loss: 0.528280 | Train Acc: 89.87%
Val: loss=0.3758, acc=10560/10975 (96.22%)
Epoch 116 [0/84843] Loss: 0.364434
Epoch 116 [35000/84843] Loss: 0.517991
Epoch 116 [70000/84843] Loss: 0.571161
Epoch 116 - Avg Loss: 0.523641 | Train Acc: 90.04%
Val: loss=0.3768, acc=10574/10975 (96.35%)
Epoch 117 [0/84843] Loss: 0.704012
Epoch 117 [35000/84843] Loss: 0.457526
Epoch 117 [70000/84843] Loss: 0.497518
Epoch 117 - Avg Loss: 0.534318 | Train Acc: 89.67%
Val: loss=0.3753, acc=10580/10975 (96.40%)
Epoch 118 [0/84843] Loss: 0.347212
Epoch 118 [35000/84843] Loss: 0.672063
Epoch 118 [70000/84843] Loss: 0.377982
Epoch 118 - Avg Loss: 0.535165 | Train Acc: 89.58%
Val: loss=0.3730, acc=10585/10975 (96.45%)
saved best: 96.45%
Epoch 119 [0/84843] Loss: 0.610632
Epoch 119 [35000/84843] Loss: 0.544617
Epoch 119 [70000/84843] Loss: 0.502338
Epoch 119 - Avg Loss: 0.528869 | Train Acc: 89.90%
Val: loss=0.3724, acc=10597/10975 (96.56%)
saved best: 96.56%
Epoch 120 [0/84843] Loss: 0.486576
Epoch 120 [35000/84843] Loss: 0.441614
Epoch 120 [70000/84843] Loss: 0.515923
Epoch 120 - Avg Loss: 0.531212 | Train Acc: 89.82%
Val: loss=0.3736, acc=10585/10975 (96.45%)
Epoch 121 [0/84843] Loss: 0.456599
Epoch 121 [35000/84843] Loss: 0.528495
Epoch 121 [70000/84843] Loss: 0.339241
Epoch 121 - Avg Loss: 0.531667 | Train Acc: 89.81%
Val: loss=0.3785, acc=10569/10975 (96.30%)
Epoch 122 [0/84843] Loss: 0.680251
Epoch 122 [35000/84843] Loss: 0.662843
Epoch 122 [70000/84843] Loss: 0.580465
Epoch 122 - Avg Loss: 0.528658 | Train Acc: 89.94%
Val: loss=0.3804, acc=10568/10975 (96.29%)
Epoch 123 [0/84843] Loss: 0.372741
Epoch 123 [35000/84843] Loss: 0.461551
Epoch 123 [70000/84843] Loss: 0.785655
Epoch 123 - Avg Loss: 0.526914 | Train Acc: 89.92%
Val: loss=0.3741, acc=10582/10975 (96.42%)
Epoch 124 [0/84843] Loss: 0.440273
Epoch 124 [35000/84843] Loss: 0.671051
Epoch 124 [70000/84843] Loss: 0.604572
Epoch 124 - Avg Loss: 0.524195 | Train Acc: 90.12%
Val: loss=0.3771, acc=10566/10975 (96.27%)
Epoch 125 [0/84843] Loss: 0.583996
Epoch 125 [35000/84843] Loss: 0.824161
Epoch 125 [70000/84843] Loss: 0.624132
Epoch 125 - Avg Loss: 0.533048 | Train Acc: 89.66%
Val: loss=0.3770, acc=10572/10975 (96.33%)
Epoch 126 [0/84843] Loss: 0.497486
Epoch 126 [35000/84843] Loss: 0.806017
Epoch 126 [70000/84843] Loss: 0.462397
Epoch 126 - Avg Loss: 0.523398 | Train Acc: 90.26%
Val: loss=0.3840, acc=10537/10975 (96.01%)
Epoch 127 [0/84843] Loss: 0.645439
Epoch 127 [35000/84843] Loss: 0.586796
Epoch 127 [70000/84843] Loss: 0.552283
Epoch 127 - Avg Loss: 0.527851 | Train Acc: 89.90%
Val: loss=0.3778, acc=10556/10975 (96.18%)
Epoch 128 [0/84843] Loss: 0.348750
Epoch 128 [35000/84843] Loss: 0.360236
Epoch 128 [70000/84843] Loss: 0.520905
Epoch 128 - Avg Loss: 0.527389 | Train Acc: 89.95%
Val: loss=0.3736, acc=10570/10975 (96.31%)
Epoch 129 [0/84843] Loss: 0.424915
Epoch 129 [35000/84843] Loss: 0.634129
Epoch 129 [70000/84843] Loss: 0.554462
Epoch 129 - Avg Loss: 0.528178 | Train Acc: 89.97%
Val: loss=0.3798, acc=10571/10975 (96.32%)
Epoch 130 [0/84843] Loss: 0.365221
Epoch 130 [35000/84843] Loss: 0.365373
Epoch 130 [70000/84843] Loss: 0.390769
Epoch 130 - Avg Loss: 0.523846 | Train Acc: 90.17%
Val: loss=0.3787, acc=10569/10975 (96.30%)
Epoch 131 [0/84843] Loss: 0.434479
Epoch 131 [35000/84843] Loss: 0.490264
Epoch 131 [70000/84843] Loss: 0.400872
Epoch 131 - Avg Loss: 0.526974 | Train Acc: 89.93%
Val: loss=0.3820, acc=10554/10975 (96.16%)
Epoch 132 [0/84843] Loss: 0.498495
Epoch 132 [35000/84843] Loss: 0.450263
Epoch 132 [70000/84843] Loss: 0.980214
Epoch 132 - Avg Loss: 0.522356 | Train Acc: 90.22%
Val: loss=0.3841, acc=10539/10975 (96.03%)
Epoch 133 [0/84843] Loss: 0.540418
Epoch 133 [35000/84843] Loss: 0.521913
Epoch 133 [70000/84843] Loss: 0.417254
Epoch 133 - Avg Loss: 0.524120 | Train Acc: 90.04%
Val: loss=0.3823, acc=10543/10975 (96.06%)
Epoch 134 [0/84843] Loss: 0.536090
Epoch 134 [35000/84843] Loss: 0.503212
Epoch 134 [70000/84843] Loss: 0.537328
Epoch 134 - Avg Loss: 0.524159 | Train Acc: 90.02%
Val: loss=0.3777, acc=10554/10975 (96.16%)
Epoch 135 [0/84843] Loss: 0.381168
Epoch 135 [35000/84843] Loss: 0.465693
Epoch 135 [70000/84843] Loss: 0.408293
Epoch 135 - Avg Loss: 0.527450 | Train Acc: 90.03%
Val: loss=0.3715, acc=10577/10975 (96.37%)
Epoch 136 [0/84843] Loss: 0.525999
Epoch 136 [35000/84843] Loss: 0.554007
Epoch 136 [70000/84843] Loss: 0.373857
Epoch 136 - Avg Loss: 0.528167 | Train Acc: 89.84%
Val: loss=0.3897, acc=10539/10975 (96.03%)
Epoch 137 [0/84843] Loss: 0.508672
Epoch 137 [35000/84843] Loss: 0.495813
Epoch 137 [70000/84843] Loss: 0.491929
Epoch 137 - Avg Loss: 0.526887 | Train Acc: 90.09%
Val: loss=0.3821, acc=10543/10975 (96.06%)
Epoch 138 [0/84843] Loss: 0.349968
Epoch 138 [35000/84843] Loss: 0.650814
Epoch 138 [70000/84843] Loss: 0.565218
Epoch 138 - Avg Loss: 0.526901 | Train Acc: 90.00%
Val: loss=0.3705, acc=10592/10975 (96.51%)
Epoch 139 [0/84843] Loss: 0.449731
Epoch 139 [35000/84843] Loss: 0.402582
Epoch 139 [70000/84843] Loss: 0.437692
Epoch 139 - Avg Loss: 0.526970 | Train Acc: 90.02%
Val: loss=0.3674, acc=10601/10975 (96.59%)
saved best: 96.59%
Epoch 140 [0/84843] Loss: 0.570557
Epoch 140 [35000/84843] Loss: 0.552574
Epoch 140 [70000/84843] Loss: 0.791446
Epoch 140 - Avg Loss: 0.531596 | Train Acc: 89.69%
Val: loss=0.3678, acc=10605/10975 (96.63%)
saved best: 96.63%
Epoch 141 [0/84843] Loss: 0.654449
Epoch 141 [35000/84843] Loss: 0.411808
Epoch 141 [70000/84843] Loss: 0.548833
Epoch 141 - Avg Loss: 0.521418 | Train Acc: 90.08%
Val: loss=0.3688, acc=10582/10975 (96.42%)
Epoch 142 [0/84843] Loss: 0.390801
Epoch 142 [35000/84843] Loss: 0.447771
Epoch 142 [70000/84843] Loss: 0.650210
Epoch 142 - Avg Loss: 0.526444 | Train Acc: 89.91%
Val: loss=0.3765, acc=10562/10975 (96.24%)
Epoch 143 [0/84843] Loss: 0.437836
Epoch 143 [35000/84843] Loss: 0.425932
Epoch 143 [70000/84843] Loss: 0.462453
Epoch 143 - Avg Loss: 0.531592 | Train Acc: 89.74%
Val: loss=0.3779, acc=10566/10975 (96.27%)
Epoch 144 [0/84843] Loss: 0.506760
Epoch 144 [35000/84843] Loss: 0.758226
Epoch 144 [70000/84843] Loss: 0.433137
Epoch 144 - Avg Loss: 0.523053 | Train Acc: 90.15%
Val: loss=0.3791, acc=10544/10975 (96.07%)
Epoch 145 [0/84843] Loss: 0.574378
Epoch 145 [35000/84843] Loss: 0.847251
Epoch 145 [70000/84843] Loss: 0.690741
Epoch 145 - Avg Loss: 0.523249 | Train Acc: 90.09%
Val: loss=0.3748, acc=10585/10975 (96.45%)
Epoch 146 [0/84843] Loss: 0.423810
Epoch 146 [35000/84843] Loss: 0.534870
Epoch 146 [70000/84843] Loss: 0.687598
Epoch 146 - Avg Loss: 0.519982 | Train Acc: 90.25%
Val: loss=0.3735, acc=10565/10975 (96.26%)
Epoch 147 [0/84843] Loss: 0.484647
Epoch 147 [35000/84843] Loss: 0.486547
Epoch 147 [70000/84843] Loss: 0.707613
Epoch 147 - Avg Loss: 0.518144 | Train Acc: 90.38%
Val: loss=0.3711, acc=10591/10975 (96.50%)
Epoch 148 [0/84843] Loss: 0.706626
Epoch 148 [35000/84843] Loss: 0.383733
Epoch 148 [70000/84843] Loss: 0.513542
Epoch 148 - Avg Loss: 0.520346 | Train Acc: 90.35%
Val: loss=0.3746, acc=10562/10975 (96.24%)
Epoch 149 [0/84843] Loss: 0.507758
Epoch 149 [35000/84843] Loss: 0.526447
Epoch 149 [70000/84843] Loss: 0.764822
Epoch 149 - Avg Loss: 0.523965 | Train Acc: 89.96%
Val: loss=0.3753, acc=10566/10975 (96.27%)
Epoch 150 [0/84843] Loss: 0.696524
Epoch 150 [35000/84843] Loss: 0.317203
Epoch 150 [70000/84843] Loss: 0.606189
Epoch 150 - Avg Loss: 0.521118 | Train Acc: 90.14%
Val: loss=0.3700, acc=10586/10975 (96.46%)
Epoch 151 [0/84843] Loss: 0.442530
Epoch 151 [35000/84843] Loss: 0.602473
Epoch 151 [70000/84843] Loss: 0.471871
Epoch 151 - Avg Loss: 0.526884 | Train Acc: 89.91%
Val: loss=0.3734, acc=10582/10975 (96.42%)
Epoch 152 [0/84843] Loss: 0.417686
Epoch 152 [35000/84843] Loss: 0.573020
Epoch 152 [70000/84843] Loss: 0.329421
Epoch 152 - Avg Loss: 0.520541 | Train Acc: 90.26%
Val: loss=0.3739, acc=10574/10975 (96.35%)
Epoch 153 [0/84843] Loss: 0.540033
Epoch 153 [35000/84843] Loss: 0.501830
Epoch 153 [70000/84843] Loss: 0.501049
Epoch 153 - Avg Loss: 0.520676 | Train Acc: 90.21%
Val: loss=0.3696, acc=10591/10975 (96.50%)
Epoch 154 [0/84843] Loss: 0.400819
Epoch 154 [35000/84843] Loss: 0.434700
Epoch 154 [70000/84843] Loss: 0.568709
Epoch 154 - Avg Loss: 0.518051 | Train Acc: 90.37%
Val: loss=0.3676, acc=10589/10975 (96.48%)
Epoch 155 [0/84843] Loss: 0.348955
Epoch 155 [35000/84843] Loss: 0.407307
Epoch 155 [70000/84843] Loss: 0.526999
Epoch 155 - Avg Loss: 0.523815 | Train Acc: 90.08%
Val: loss=0.3801, acc=10557/10975 (96.19%)
Epoch 156 [0/84843] Loss: 0.579251
Epoch 156 [35000/84843] Loss: 0.412912
Epoch 156 [70000/84843] Loss: 0.454152
Epoch 156 - Avg Loss: 0.520996 | Train Acc: 90.15%
Val: loss=0.3766, acc=10571/10975 (96.32%)
Epoch 157 [0/84843] Loss: 0.378136
Epoch 157 [35000/84843] Loss: 0.444584
Epoch 157 [70000/84843] Loss: 0.734370
Epoch 157 - Avg Loss: 0.515894 | Train Acc: 90.33%
Val: loss=0.3699, acc=10605/10975 (96.63%)
Epoch 158 [0/84843] Loss: 0.735761
Epoch 158 [35000/84843] Loss: 0.448900
Epoch 158 [70000/84843] Loss: 0.398391
Epoch 158 - Avg Loss: 0.516582 | Train Acc: 90.40%
Val: loss=0.3741, acc=10583/10975 (96.43%)
Epoch 159 [0/84843] Loss: 0.605381
Epoch 159 [35000/84843] Loss: 0.328956
Epoch 159 [70000/84843] Loss: 0.438214
Epoch 159 - Avg Loss: 0.518911 | Train Acc: 90.23%
Val: loss=0.3738, acc=10580/10975 (96.40%)
Epoch 160 [0/84843] Loss: 0.703104
Epoch 160 [35000/84843] Loss: 0.431450
Epoch 160 [70000/84843] Loss: 0.494971
Epoch 160 - Avg Loss: 0.525148 | Train Acc: 90.09%
Val: loss=0.3822, acc=10535/10975 (95.99%)
Epoch 161 [0/84843] Loss: 0.520431
Epoch 161 [35000/84843] Loss: 0.674224
Epoch 161 [70000/84843] Loss: 0.338191
Epoch 161 - Avg Loss: 0.514216 | Train Acc: 90.43%
Val: loss=0.3695, acc=10585/10975 (96.45%)
Epoch 162 [0/84843] Loss: 0.500174
Epoch 162 [35000/84843] Loss: 0.464401
Epoch 162 [70000/84843] Loss: 0.449674
Epoch 162 - Avg Loss: 0.512246 | Train Acc: 90.48%
Val: loss=0.3698, acc=10622/10975 (96.78%)
saved best: 96.78%
Epoch 163 [0/84843] Loss: 0.565576
Epoch 163 [35000/84843] Loss: 0.388321
Epoch 163 [70000/84843] Loss: 0.397274
Epoch 163 - Avg Loss: 0.516544 | Train Acc: 90.34%
Val: loss=0.3751, acc=10582/10975 (96.42%)
Epoch 164 [0/84843] Loss: 0.641190
Epoch 164 [35000/84843] Loss: 0.792310
Epoch 164 [70000/84843] Loss: 0.333261
Epoch 164 - Avg Loss: 0.520292 | Train Acc: 90.22%
Val: loss=0.3756, acc=10579/10975 (96.39%)
Epoch 165 [0/84843] Loss: 0.395404
Epoch 165 [35000/84843] Loss: 0.673790
Epoch 165 [70000/84843] Loss: 0.639731
Epoch 165 - Avg Loss: 0.517478 | Train Acc: 90.40%
Val: loss=0.3721, acc=10600/10975 (96.58%)
Epoch 166 [0/84843] Loss: 0.504040
Epoch 166 [35000/84843] Loss: 0.480300
Epoch 166 [70000/84843] Loss: 0.643337
Epoch 166 - Avg Loss: 0.521296 | Train Acc: 90.05%
Val: loss=0.3721, acc=10596/10975 (96.55%)
Epoch 167 [0/84843] Loss: 0.317575
Epoch 167 [35000/84843] Loss: 0.487804
Epoch 167 [70000/84843] Loss: 0.464918
Epoch 167 - Avg Loss: 0.516365 | Train Acc: 90.39%
Val: loss=0.3859, acc=10533/10975 (95.97%)
Epoch 168 [0/84843] Loss: 0.469649
Epoch 168 [35000/84843] Loss: 0.617726
Epoch 168 [70000/84843] Loss: 0.740294
Epoch 168 - Avg Loss: 0.510360 | Train Acc: 90.62%
Val: loss=0.3784, acc=10576/10975 (96.36%)
Epoch 169 [0/84843] Loss: 0.709664
Epoch 169 [35000/84843] Loss: 0.604429
Epoch 169 [70000/84843] Loss: 0.609964
Epoch 169 - Avg Loss: 0.517592 | Train Acc: 90.30%
Val: loss=0.3711, acc=10601/10975 (96.59%)
Epoch 170 [0/84843] Loss: 0.335758
Epoch 170 [35000/84843] Loss: 0.360196
Epoch 170 [70000/84843] Loss: 0.423975
Epoch 170 - Avg Loss: 0.517758 | Train Acc: 90.33%
Val: loss=0.3742, acc=10581/10975 (96.41%)
Epoch 171 [0/84843] Loss: 0.781850
Epoch 171 [35000/84843] Loss: 0.521070
Epoch 171 [70000/84843] Loss: 0.512222
Epoch 171 - Avg Loss: 0.516494 | Train Acc: 90.43%
Val: loss=0.3748, acc=10587/10975 (96.46%)
Epoch 172 [0/84843] Loss: 0.674959
Epoch 172 [35000/84843] Loss: 0.613881
Epoch 172 [70000/84843] Loss: 0.397363
Epoch 172 - Avg Loss: 0.518910 | Train Acc: 90.27%
Val: loss=0.3775, acc=10586/10975 (96.46%)
Epoch 173 [0/84843] Loss: 0.781516
Epoch 173 [35000/84843] Loss: 0.383476
Epoch 173 [70000/84843] Loss: 0.485428
Epoch 173 - Avg Loss: 0.514062 | Train Acc: 90.43%
Val: loss=0.3730, acc=10580/10975 (96.40%)
Epoch 174 [0/84843] Loss: 0.448227
Epoch 174 [35000/84843] Loss: 0.449730
Epoch 174 [70000/84843] Loss: 0.418957
Epoch 174 - Avg Loss: 0.509712 | Train Acc: 90.69%
Val: loss=0.3682, acc=10617/10975 (96.74%)
Epoch 175 [0/84843] Loss: 0.522478
Epoch 175 [35000/84843] Loss: 0.351603
Epoch 175 [70000/84843] Loss: 0.418732
Epoch 175 - Avg Loss: 0.507719 | Train Acc: 90.63%
Val: loss=0.3695, acc=10611/10975 (96.68%)
Epoch 176 [0/84843] Loss: 0.653889
Epoch 176 [35000/84843] Loss: 0.381366
Epoch 176 [70000/84843] Loss: 0.446341
Epoch 176 - Avg Loss: 0.513293 | Train Acc: 90.48%
Val: loss=0.3654, acc=10618/10975 (96.75%)
Epoch 177 [0/84843] Loss: 0.376612
Epoch 177 [35000/84843] Loss: 0.418267
Epoch 177 [70000/84843] Loss: 0.473249
Epoch 177 - Avg Loss: 0.517727 | Train Acc: 90.33%
Val: loss=0.3733, acc=10578/10975 (96.38%)
Epoch 178 [0/84843] Loss: 0.492597
Epoch 178 [35000/84843] Loss: 0.479706
Epoch 178 [70000/84843] Loss: 0.786529
Epoch 178 - Avg Loss: 0.512986 | Train Acc: 90.46%
Val: loss=0.3648, acc=10621/10975 (96.77%)
Epoch 179 [0/84843] Loss: 0.553746
Epoch 179 [35000/84843] Loss: 0.583935
Epoch 179 [70000/84843] Loss: 0.645071
Epoch 179 - Avg Loss: 0.515397 | Train Acc: 90.36%
Val: loss=0.3748, acc=10566/10975 (96.27%)
Epoch 180 [0/84843] Loss: 0.464806
Epoch 180 [35000/84843] Loss: 0.538424
Epoch 180 [70000/84843] Loss: 0.530393
Epoch 180 - Avg Loss: 0.505255 | Train Acc: 90.80%
Val: loss=0.3685, acc=10601/10975 (96.59%)
Epoch 181 [0/84843] Loss: 0.489069
Epoch 181 [35000/84843] Loss: 0.413792
Epoch 181 [70000/84843] Loss: 0.420583
Epoch 181 - Avg Loss: 0.515049 | Train Acc: 90.45%
Val: loss=0.3709, acc=10600/10975 (96.58%)
Epoch 182 [0/84843] Loss: 0.307066
Epoch 182 [35000/84843] Loss: 0.410010
Epoch 182 [70000/84843] Loss: 0.323724
Epoch 182 - Avg Loss: 0.506815 | Train Acc: 90.79%
Val: loss=0.3722, acc=10592/10975 (96.51%)
Epoch 183 [0/84843] Loss: 0.549399
Epoch 183 [35000/84843] Loss: 0.444048
Epoch 183 [70000/84843] Loss: 0.512179
Epoch 183 - Avg Loss: 0.512898 | Train Acc: 90.46%
Val: loss=0.3892, acc=10532/10975 (95.96%)
Epoch 184 [0/84843] Loss: 0.421763
Epoch 184 [35000/84843] Loss: 0.615675
Epoch 184 [70000/84843] Loss: 0.691067
Epoch 184 - Avg Loss: 0.515608 | Train Acc: 90.40%
Val: loss=0.3723, acc=10592/10975 (96.51%)
Epoch 185 [0/84843] Loss: 0.766591
Epoch 185 [35000/84843] Loss: 0.496663
Epoch 185 [70000/84843] Loss: 0.482060
Epoch 185 - Avg Loss: 0.511768 | Train Acc: 90.55%
Val: loss=0.3636, acc=10614/10975 (96.71%)
Epoch 186 [0/84843] Loss: 0.470068
Epoch 186 [35000/84843] Loss: 0.645472
Epoch 186 [70000/84843] Loss: 0.501119
Epoch 186 - Avg Loss: 0.508377 | Train Acc: 90.68%
Val: loss=0.3706, acc=10586/10975 (96.46%)
Epoch 187 [0/84843] Loss: 0.596506
Epoch 187 [35000/84843] Loss: 0.450324
Epoch 187 [70000/84843] Loss: 0.368059
Epoch 187 - Avg Loss: 0.510911 | Train Acc: 90.52%
Val: loss=0.3724, acc=10601/10975 (96.59%)
Epoch 188 [0/84843] Loss: 0.345558
Epoch 188 [35000/84843] Loss: 0.452896
Epoch 188 [70000/84843] Loss: 0.585738
Epoch 188 - Avg Loss: 0.512607 | Train Acc: 90.50%
Val: loss=0.3680, acc=10622/10975 (96.78%)
Epoch 189 [0/84843] Loss: 0.420641
Epoch 189 [35000/84843] Loss: 0.503160
Epoch 189 [70000/84843] Loss: 0.465366
Epoch 189 - Avg Loss: 0.507451 | Train Acc: 90.79%
Val: loss=0.3619, acc=10618/10975 (96.75%)
Epoch 190 [0/84843] Loss: 0.516626
Epoch 190 [35000/84843] Loss: 0.591976
Epoch 190 [70000/84843] Loss: 0.528914
Epoch 190 - Avg Loss: 0.510293 | Train Acc: 90.61%
Val: loss=0.3691, acc=10592/10975 (96.51%)
Epoch 191 [0/84843] Loss: 0.431121
Epoch 191 [35000/84843] Loss: 0.378768
Epoch 191 [70000/84843] Loss: 0.599968
Epoch 191 - Avg Loss: 0.515630 | Train Acc: 90.27%
Val: loss=0.3612, acc=10629/10975 (96.85%)
saved best: 96.85%
Epoch 192 [0/84843] Loss: 0.499832
Epoch 192 [35000/84843] Loss: 0.683046
Epoch 192 [70000/84843] Loss: 0.468927
Epoch 192 - Avg Loss: 0.507977 | Train Acc: 90.64%
Val: loss=0.3744, acc=10587/10975 (96.46%)
Epoch 193 [0/84843] Loss: 0.786285
Epoch 193 [35000/84843] Loss: 0.584105
Epoch 193 [70000/84843] Loss: 0.484489
Epoch 193 - Avg Loss: 0.510446 | Train Acc: 90.59%
Val: loss=0.3697, acc=10586/10975 (96.46%)
Epoch 194 [0/84843] Loss: 0.566035
Epoch 194 [35000/84843] Loss: 0.423885
Epoch 194 [70000/84843] Loss: 0.593877
Epoch 194 - Avg Loss: 0.508761 | Train Acc: 90.67%
Val: loss=0.3642, acc=10622/10975 (96.78%)
Epoch 195 [0/84843] Loss: 0.317607
Epoch 195 [35000/84843] Loss: 0.461816
Epoch 195 [70000/84843] Loss: 0.422629
Epoch 195 - Avg Loss: 0.511298 | Train Acc: 90.52%
Val: loss=0.3674, acc=10607/10975 (96.65%)
Epoch 196 [0/84843] Loss: 0.515504
Epoch 196 [35000/84843] Loss: 0.410633
Epoch 196 [70000/84843] Loss: 0.519608
Epoch 196 - Avg Loss: 0.508580 | Train Acc: 90.66%
Val: loss=0.3670, acc=10598/10975 (96.56%)
Epoch 197 [0/84843] Loss: 0.521625
Epoch 197 [35000/84843] Loss: 0.777757
Epoch 197 [70000/84843] Loss: 0.472671
Epoch 197 - Avg Loss: 0.507989 | Train Acc: 90.63%
Val: loss=0.3583, acc=10631/10975 (96.87%)
saved best: 96.87%
Epoch 198 [0/84843] Loss: 0.429017
Epoch 198 [35000/84843] Loss: 0.388575
Epoch 198 [70000/84843] Loss: 0.657346
Epoch 198 - Avg Loss: 0.503988 | Train Acc: 90.86%
Val: loss=0.3695, acc=10585/10975 (96.45%)
Epoch 199 [0/84843] Loss: 0.403180
Epoch 199 [35000/84843] Loss: 0.546175
Epoch 199 [70000/84843] Loss: 0.374153
Epoch 199 - Avg Loss: 0.507228 | Train Acc: 90.75%
Val: loss=0.3676, acc=10601/10975 (96.59%)
Epoch 200 [0/84843] Loss: 0.454788
Epoch 200 [35000/84843] Loss: 0.780250
Epoch 200 [70000/84843] Loss: 0.421957
Epoch 200 - Avg Loss: 0.506188 | Train Acc: 90.74%
Val: loss=0.3643, acc=10612/10975 (96.69%)
Epoch 201 [0/84843] Loss: 0.675627
Epoch 201 [35000/84843] Loss: 0.464912
Epoch 201 [70000/84843] Loss: 0.318337
Epoch 201 - Avg Loss: 0.510792 | Train Acc: 90.53%
Val: loss=0.3639, acc=10626/10975 (96.82%)
Epoch 202 [0/84843] Loss: 0.727381
Epoch 202 [35000/84843] Loss: 0.349554
Epoch 202 [70000/84843] Loss: 0.565991
Epoch 202 - Avg Loss: 0.509627 | Train Acc: 90.64%
Val: loss=0.3579, acc=10643/10975 (96.97%)
saved best: 96.97%
Epoch 203 [0/84843] Loss: 0.404957
Epoch 203 [35000/84843] Loss: 0.513761
Epoch 203 [70000/84843] Loss: 0.687383
Epoch 203 - Avg Loss: 0.504956 | Train Acc: 90.82%
Val: loss=0.3595, acc=10638/10975 (96.93%)
Epoch 204 [0/84843] Loss: 0.404315
Epoch 204 [35000/84843] Loss: 0.384204
Epoch 204 [70000/84843] Loss: 0.472022
Epoch 204 - Avg Loss: 0.500737 | Train Acc: 90.99%
Val: loss=0.3664, acc=10591/10975 (96.50%)
Epoch 205 [0/84843] Loss: 0.813776
Epoch 205 [35000/84843] Loss: 0.465258
Epoch 205 [70000/84843] Loss: 0.559637
Epoch 205 - Avg Loss: 0.502122 | Train Acc: 90.83%
Val: loss=0.3697, acc=10602/10975 (96.60%)
Epoch 206 [0/84843] Loss: 0.647611
Epoch 206 [35000/84843] Loss: 0.561207
Epoch 206 [70000/84843] Loss: 0.796269
Epoch 206 - Avg Loss: 0.505809 | Train Acc: 90.81%
Val: loss=0.3651, acc=10619/10975 (96.76%)
Epoch 207 [0/84843] Loss: 0.302604
Epoch 207 [35000/84843] Loss: 0.488917
Epoch 207 [70000/84843] Loss: 0.511319
Epoch 207 - Avg Loss: 0.508548 | Train Acc: 90.76%
Val: loss=0.3570, acc=10646/10975 (97.00%)
saved best: 97.00%
Epoch 208 [0/84843] Loss: 0.768693
Epoch 208 [35000/84843] Loss: 0.672072
Epoch 208 [70000/84843] Loss: 0.516439
Epoch 208 - Avg Loss: 0.503678 | Train Acc: 90.81%
Val: loss=0.3677, acc=10608/10975 (96.66%)
Epoch 209 [0/84843] Loss: 0.314053
Epoch 209 [35000/84843] Loss: 0.394617
Epoch 209 [70000/84843] Loss: 0.481643
Epoch 209 - Avg Loss: 0.506271 | Train Acc: 90.74%
Val: loss=0.3640, acc=10611/10975 (96.68%)
Epoch 210 [0/84843] Loss: 0.601535
Epoch 210 [35000/84843] Loss: 0.524006
Epoch 210 [70000/84843] Loss: 0.430570
Epoch 210 - Avg Loss: 0.507623 | Train Acc: 90.69%
Val: loss=0.3617, acc=10625/10975 (96.81%)
Epoch 211 [0/84843] Loss: 0.859815
Epoch 211 [35000/84843] Loss: 0.622429
Epoch 211 [70000/84843] Loss: 0.384195
Epoch 211 - Avg Loss: 0.505095 | Train Acc: 90.85%
Val: loss=0.3609, acc=10640/10975 (96.95%)
Epoch 212 [0/84843] Loss: 0.472345
Epoch 212 [35000/84843] Loss: 0.576837
Epoch 212 [70000/84843] Loss: 0.668721
Epoch 212 - Avg Loss: 0.503479 | Train Acc: 90.82%
Val: loss=0.3590, acc=10636/10975 (96.91%)
Epoch 213 [0/84843] Loss: 0.504470
Epoch 213 [35000/84843] Loss: 0.440345
Epoch 213 [70000/84843] Loss: 0.517634
Epoch 213 - Avg Loss: 0.503333 | Train Acc: 90.89%
Val: loss=0.3601, acc=10640/10975 (96.95%)
Epoch 214 [0/84843] Loss: 0.501302
Epoch 214 [35000/84843] Loss: 0.503686
Epoch 214 [70000/84843] Loss: 0.466334
Epoch 214 - Avg Loss: 0.503043 | Train Acc: 90.87%
Val: loss=0.3632, acc=10628/10975 (96.84%)
Epoch 215 [0/84843] Loss: 0.327155
Epoch 215 [35000/84843] Loss: 0.422739
Epoch 215 [70000/84843] Loss: 0.505720
Epoch 215 - Avg Loss: 0.505404 | Train Acc: 90.74%
Val: loss=0.3651, acc=10629/10975 (96.85%)
Epoch 216 [0/84843] Loss: 0.553596
Epoch 216 [35000/84843] Loss: 0.544854
Epoch 216 [70000/84843] Loss: 0.650241
Epoch 216 - Avg Loss: 0.503312 | Train Acc: 90.92%
Val: loss=0.3650, acc=10612/10975 (96.69%)
Epoch 217 [0/84843] Loss: 0.628307
Epoch 217 [35000/84843] Loss: 0.474816
Epoch 217 [70000/84843] Loss: 0.525440
Epoch 217 - Avg Loss: 0.504957 | Train Acc: 90.75%
Val: loss=0.3641, acc=10624/10975 (96.80%)
Epoch 218 [0/84843] Loss: 0.762534
Epoch 218 [35000/84843] Loss: 0.389529
Epoch 218 [70000/84843] Loss: 0.383351
Epoch 218 - Avg Loss: 0.499444 | Train Acc: 90.95%
Val: loss=0.3580, acc=10635/10975 (96.90%)
Epoch 219 [0/84843] Loss: 0.421089
Epoch 219 [35000/84843] Loss: 0.337178
Epoch 219 [70000/84843] Loss: 0.458027
Epoch 219 - Avg Loss: 0.501094 | Train Acc: 90.99%
Val: loss=0.3672, acc=10595/10975 (96.54%)
Epoch 220 [0/84843] Loss: 0.720366
Epoch 220 [35000/84843] Loss: 0.426846
Epoch 220 [70000/84843] Loss: 0.632774
Epoch 220 - Avg Loss: 0.504295 | Train Acc: 90.85%
Val: loss=0.3639, acc=10634/10975 (96.89%)
Epoch 221 [0/84843] Loss: 0.505405
Epoch 221 [35000/84843] Loss: 0.395422
Epoch 221 [70000/84843] Loss: 0.382426
Epoch 221 - Avg Loss: 0.506413 | Train Acc: 90.78%
Val: loss=0.3584, acc=10637/10975 (96.92%)
Epoch 222 [0/84843] Loss: 0.702400
Epoch 222 [35000/84843] Loss: 0.749550
Epoch 222 [70000/84843] Loss: 0.389629
Epoch 222 - Avg Loss: 0.501068 | Train Acc: 90.93%
Val: loss=0.3597, acc=10638/10975 (96.93%)
Epoch 223 [0/84843] Loss: 0.758455
Epoch 223 [35000/84843] Loss: 0.631362
Epoch 223 [70000/84843] Loss: 0.405774
Epoch 223 - Avg Loss: 0.496217 | Train Acc: 91.17%
Val: loss=0.3659, acc=10612/10975 (96.69%)
Epoch 224 [0/84843] Loss: 0.580942
Epoch 224 [35000/84843] Loss: 0.410107
Epoch 224 [70000/84843] Loss: 0.416310
Epoch 224 - Avg Loss: 0.498881 | Train Acc: 91.01%
Val: loss=0.3606, acc=10621/10975 (96.77%)
Epoch 225 [0/84843] Loss: 0.427072
Epoch 225 [35000/84843] Loss: 0.736911
Epoch 225 [70000/84843] Loss: 0.417212
Epoch 225 - Avg Loss: 0.501005 | Train Acc: 90.95%
Val: loss=0.3646, acc=10614/10975 (96.71%)
Epoch 226 [0/84843] Loss: 0.449558
Epoch 226 [35000/84843] Loss: 0.600322
Epoch 226 [70000/84843] Loss: 0.510563
Epoch 226 - Avg Loss: 0.500776 | Train Acc: 90.95%
Val: loss=0.3600, acc=10645/10975 (96.99%)
Epoch 227 [0/84843] Loss: 0.489872
Epoch 227 [35000/84843] Loss: 0.373333
Epoch 227 [70000/84843] Loss: 0.748186
Epoch 227 - Avg Loss: 0.501692 | Train Acc: 90.92%
Val: loss=0.3675, acc=10606/10975 (96.64%)
Epoch 228 [0/84843] Loss: 0.310857
Epoch 228 [35000/84843] Loss: 0.391317
Epoch 228 [70000/84843] Loss: 0.510111
Epoch 228 - Avg Loss: 0.501285 | Train Acc: 90.94%
Val: loss=0.3570, acc=10647/10975 (97.01%)
saved best: 97.01%
Epoch 229 [0/84843] Loss: 0.425076
Epoch 229 [35000/84843] Loss: 0.491513
Epoch 229 [70000/84843] Loss: 0.625679
Epoch 229 - Avg Loss: 0.498826 | Train Acc: 91.02%
Val: loss=0.3583, acc=10635/10975 (96.90%)
Epoch 230 [0/84843] Loss: 0.690355
Epoch 230 [35000/84843] Loss: 0.415852
Epoch 230 [70000/84843] Loss: 0.586923
Epoch 230 - Avg Loss: 0.498152 | Train Acc: 91.04%
Val: loss=0.3582, acc=10646/10975 (97.00%)
Epoch 231 [0/84843] Loss: 0.430274
Epoch 231 [35000/84843] Loss: 0.686666
Epoch 231 [70000/84843] Loss: 0.388090
Epoch 231 - Avg Loss: 0.498380 | Train Acc: 91.07%
Val: loss=0.3611, acc=10638/10975 (96.93%)
Epoch 232 [0/84843] Loss: 0.406634
Epoch 232 [35000/84843] Loss: 0.789992
Epoch 232 [70000/84843] Loss: 0.676761
Epoch 232 - Avg Loss: 0.498667 | Train Acc: 91.09%
Val: loss=0.3653, acc=10593/10975 (96.52%)
Epoch 233 [0/84843] Loss: 0.735352
Epoch 233 [35000/84843] Loss: 0.415645
Epoch 233 [70000/84843] Loss: 0.803267
Epoch 233 - Avg Loss: 0.508581 | Train Acc: 90.65%
Val: loss=0.3622, acc=10624/10975 (96.80%)
Epoch 234 [0/84843] Loss: 0.585895
Epoch 234 [35000/84843] Loss: 0.589251
Epoch 234 [70000/84843] Loss: 0.326783
Epoch 234 - Avg Loss: 0.503280 | Train Acc: 90.79%
Val: loss=0.3593, acc=10644/10975 (96.98%)
Epoch 235 [0/84843] Loss: 0.490794
Epoch 235 [35000/84843] Loss: 0.529601
Epoch 235 [70000/84843] Loss: 0.565109
Epoch 235 - Avg Loss: 0.502512 | Train Acc: 90.89%
Val: loss=0.3662, acc=10614/10975 (96.71%)
Epoch 236 [0/84843] Loss: 0.452623
Epoch 236 [35000/84843] Loss: 0.457884
Epoch 236 [70000/84843] Loss: 0.618472
Epoch 236 - Avg Loss: 0.497883 | Train Acc: 91.07%
Val: loss=0.3614, acc=10631/10975 (96.87%)
Epoch 237 [0/84843] Loss: 0.577635
Epoch 237 [35000/84843] Loss: 0.431478
Epoch 237 [70000/84843] Loss: 0.502363
Epoch 237 - Avg Loss: 0.499719 | Train Acc: 90.97%
Val: loss=0.3666, acc=10601/10975 (96.59%)
Epoch 238 [0/84843] Loss: 0.414555
Epoch 238 [35000/84843] Loss: 0.475890
Epoch 238 [70000/84843] Loss: 0.458020
Epoch 238 - Avg Loss: 0.498418 | Train Acc: 91.06%
Val: loss=0.3592, acc=10640/10975 (96.95%)
Epoch 239 [0/84843] Loss: 0.540615
Epoch 239 [35000/84843] Loss: 0.397794
Epoch 239 [70000/84843] Loss: 0.360380
Epoch 239 - Avg Loss: 0.499786 | Train Acc: 90.94%
Val: loss=0.3571, acc=10644/10975 (96.98%)
Epoch 240 [0/84843] Loss: 0.379589
Epoch 240 [35000/84843] Loss: 0.591381
Epoch 240 [70000/84843] Loss: 0.414582
Epoch 240 - Avg Loss: 0.500640 | Train Acc: 90.92%
Val: loss=0.3635, acc=10612/10975 (96.69%)
Epoch 241 [0/84843] Loss: 0.602298
Epoch 241 [35000/84843] Loss: 0.457187
Epoch 241 [70000/84843] Loss: 0.384600
Epoch 241 - Avg Loss: 0.494507 | Train Acc: 91.16%
Val: loss=0.3618, acc=10623/10975 (96.79%)
Epoch 242 [0/84843] Loss: 0.365600
Epoch 242 [35000/84843] Loss: 0.469162
Epoch 242 [70000/84843] Loss: 0.515774
Epoch 242 - Avg Loss: 0.495704 | Train Acc: 91.15%
Val: loss=0.3678, acc=10605/10975 (96.63%)
Epoch 243 [0/84843] Loss: 0.557886
Epoch 243 [35000/84843] Loss: 0.490548
Epoch 243 [70000/84843] Loss: 0.417332
Epoch 243 - Avg Loss: 0.497040 | Train Acc: 90.98%
Val: loss=0.3608, acc=10626/10975 (96.82%)
Epoch 244 [0/84843] Loss: 0.429980
Epoch 244 [35000/84843] Loss: 0.409703
Epoch 244 [70000/84843] Loss: 0.639426
Epoch 244 - Avg Loss: 0.494358 | Train Acc: 91.30%
Val: loss=0.3647, acc=10607/10975 (96.65%)
Epoch 245 [0/84843] Loss: 0.453701
Epoch 245 [35000/84843] Loss: 0.405361
Epoch 245 [70000/84843] Loss: 0.504826
Epoch 245 - Avg Loss: 0.498484 | Train Acc: 91.10%
Val: loss=0.3596, acc=10622/10975 (96.78%)
Epoch 246 [0/84843] Loss: 0.608615
Epoch 246 [35000/84843] Loss: 0.366451
Epoch 246 [70000/84843] Loss: 0.633634
Epoch 246 - Avg Loss: 0.497835 | Train Acc: 91.05%
Val: loss=0.3573, acc=10652/10975 (97.06%)
saved best: 97.06%
Epoch 247 [0/84843] Loss: 0.478082
Epoch 247 [35000/84843] Loss: 0.799378
Epoch 247 [70000/84843] Loss: 0.479299
Epoch 247 - Avg Loss: 0.492463 | Train Acc: 91.30%
Val: loss=0.3638, acc=10630/10975 (96.86%)
Epoch 248 [0/84843] Loss: 0.363022
Epoch 248 [35000/84843] Loss: 0.472916
Epoch 248 [70000/84843] Loss: 0.311468
Epoch 248 - Avg Loss: 0.496097 | Train Acc: 91.17%
Val: loss=0.3569, acc=10637/10975 (96.92%)
Epoch 249 [0/84843] Loss: 0.574001
Epoch 249 [35000/84843] Loss: 0.588507
Epoch 249 [70000/84843] Loss: 0.410357
Epoch 249 - Avg Loss: 0.494783 | Train Acc: 91.16%
Val: loss=0.3652, acc=10599/10975 (96.57%)
Epoch 250 [0/84843] Loss: 0.784694
Epoch 250 [35000/84843] Loss: 0.339797
Epoch 250 [70000/84843] Loss: 0.569046
Epoch 250 - Avg Loss: 0.502919 | Train Acc: 90.88%
Val: loss=0.3550, acc=10655/10975 (97.08%)
saved best: 97.08%
Epoch 251 [0/84843] Loss: 0.436817
Epoch 251 [35000/84843] Loss: 0.479599
Epoch 251 [70000/84843] Loss: 0.438088
Epoch 251 - Avg Loss: 0.494643 | Train Acc: 91.23%
Val: loss=0.3611, acc=10623/10975 (96.79%)
Epoch 252 [0/84843] Loss: 0.333876
Epoch 252 [35000/84843] Loss: 0.455234
Epoch 252 [70000/84843] Loss: 0.462482
Epoch 252 - Avg Loss: 0.497194 | Train Acc: 91.08%
Val: loss=0.3579, acc=10641/10975 (96.96%)
Epoch 253 [0/84843] Loss: 0.637877
Epoch 253 [35000/84843] Loss: 0.448419
Epoch 253 [70000/84843] Loss: 0.406900
Epoch 253 - Avg Loss: 0.499486 | Train Acc: 90.99%
Val: loss=0.3589, acc=10636/10975 (96.91%)
Epoch 254 [0/84843] Loss: 0.506482
Epoch 254 [35000/84843] Loss: 0.731805
Epoch 254 [70000/84843] Loss: 0.728734
Epoch 254 - Avg Loss: 0.498930 | Train Acc: 90.88%
Val: loss=0.3601, acc=10625/10975 (96.81%)
Epoch 255 [0/84843] Loss: 0.811457
Epoch 255 [35000/84843] Loss: 0.491043
Epoch 255 [70000/84843] Loss: 0.502478
Epoch 255 - Avg Loss: 0.492129 | Train Acc: 91.37%
Val: loss=0.3575, acc=10649/10975 (97.03%)
Epoch 256 [0/84843] Loss: 0.384030
Epoch 256 [35000/84843] Loss: 0.548400
Epoch 256 [70000/84843] Loss: 0.423817
Epoch 256 - Avg Loss: 0.496415 | Train Acc: 91.06%
Val: loss=0.3668, acc=10606/10975 (96.64%)
Epoch 257 [0/84843] Loss: 0.889267
Epoch 257 [35000/84843] Loss: 0.335469
Epoch 257 [70000/84843] Loss: 0.325046
Epoch 257 - Avg Loss: 0.495340 | Train Acc: 91.20%
Val: loss=0.3598, acc=10630/10975 (96.86%)
Epoch 258 [0/84843] Loss: 0.683348
Epoch 258 [35000/84843] Loss: 0.482551
Epoch 258 [70000/84843] Loss: 0.334320
Epoch 258 - Avg Loss: 0.490549 | Train Acc: 91.35%
Val: loss=0.3569, acc=10643/10975 (96.97%)
Epoch 259 [0/84843] Loss: 0.452214
Epoch 259 [35000/84843] Loss: 0.365389
Epoch 259 [70000/84843] Loss: 0.684954
Epoch 259 - Avg Loss: 0.494816 | Train Acc: 91.26%
Val: loss=0.3584, acc=10631/10975 (96.87%)
Epoch 260 [0/84843] Loss: 0.372841
Epoch 260 [35000/84843] Loss: 0.392037
Epoch 260 [70000/84843] Loss: 0.574980
Epoch 260 - Avg Loss: 0.492656 | Train Acc: 91.25%
Val: loss=0.3588, acc=10638/10975 (96.93%)
Epoch 261 [0/84843] Loss: 0.378321
Epoch 261 [35000/84843] Loss: 0.390902
Epoch 261 [70000/84843] Loss: 0.410177
Epoch 261 - Avg Loss: 0.487366 | Train Acc: 91.52%
Val: loss=0.3579, acc=10654/10975 (97.08%)
Epoch 262 [0/84843] Loss: 0.890348
Epoch 262 [35000/84843] Loss: 0.408190
Epoch 262 [70000/84843] Loss: 0.672782
Epoch 262 - Avg Loss: 0.489540 | Train Acc: 91.44%
Val: loss=0.3555, acc=10656/10975 (97.09%)
saved best: 97.09%
Epoch 263 [0/84843] Loss: 0.428729
Epoch 263 [35000/84843] Loss: 0.505770
Epoch 263 [70000/84843] Loss: 0.406696
Epoch 263 - Avg Loss: 0.492504 | Train Acc: 91.30%
Val: loss=0.3573, acc=10653/10975 (97.07%)
Epoch 264 [0/84843] Loss: 0.453391
Epoch 264 [35000/84843] Loss: 0.391500
Epoch 264 [70000/84843] Loss: 0.412351
Epoch 264 - Avg Loss: 0.489252 | Train Acc: 91.33%
Val: loss=0.3589, acc=10640/10975 (96.95%)
Epoch 265 [0/84843] Loss: 0.409612
Epoch 265 [35000/84843] Loss: 0.470602
Epoch 265 [70000/84843] Loss: 0.749453
Epoch 265 - Avg Loss: 0.496686 | Train Acc: 91.02%
Val: loss=0.3546, acc=10654/10975 (97.08%)
Epoch 266 [0/84843] Loss: 0.680434
Epoch 266 [35000/84843] Loss: 0.631964
Epoch 266 [70000/84843] Loss: 0.712957
Epoch 266 - Avg Loss: 0.493471 | Train Acc: 91.23%
Val: loss=0.3610, acc=10640/10975 (96.95%)
Epoch 267 [0/84843] Loss: 0.452797
Epoch 267 [35000/84843] Loss: 0.417444
Epoch 267 [70000/84843] Loss: 0.557362
Epoch 267 - Avg Loss: 0.495002 | Train Acc: 91.17%
Val: loss=0.3572, acc=10651/10975 (97.05%)
Epoch 268 [0/84843] Loss: 0.377652
Epoch 268 [35000/84843] Loss: 0.505352
Epoch 268 [70000/84843] Loss: 0.413006
Epoch 268 - Avg Loss: 0.493159 | Train Acc: 91.29%
Val: loss=0.3595, acc=10644/10975 (96.98%)
Epoch 269 [0/84843] Loss: 0.621381
Epoch 269 [35000/84843] Loss: 0.544722
Epoch 269 [70000/84843] Loss: 0.429065
Epoch 269 - Avg Loss: 0.491863 | Train Acc: 91.28%
Val: loss=0.3593, acc=10642/10975 (96.97%)
Epoch 270 [0/84843] Loss: 0.424456
Epoch 270 [35000/84843] Loss: 0.396615
Epoch 270 [70000/84843] Loss: 0.518438
Epoch 270 - Avg Loss: 0.490846 | Train Acc: 91.30%
Val: loss=0.3552, acc=10661/10975 (97.14%)
saved best: 97.14%
Epoch 271 [0/84843] Loss: 0.553448
Epoch 271 [35000/84843] Loss: 0.441073
Epoch 271 [70000/84843] Loss: 0.569908
Epoch 271 - Avg Loss: 0.491887 | Train Acc: 91.27%
Val: loss=0.3568, acc=10654/10975 (97.08%)
Epoch 272 [0/84843] Loss: 0.804969
Epoch 272 [35000/84843] Loss: 0.374587
Epoch 272 [70000/84843] Loss: 0.332744
Epoch 272 - Avg Loss: 0.490568 | Train Acc: 91.26%
Val: loss=0.3581, acc=10638/10975 (96.93%)
Epoch 273 [0/84843] Loss: 0.632953
Epoch 273 [35000/84843] Loss: 0.498560
Epoch 273 [70000/84843] Loss: 0.493060
Epoch 273 - Avg Loss: 0.491492 | Train Acc: 91.31%
Val: loss=0.3559, acc=10646/10975 (97.00%)
Epoch 274 [0/84843] Loss: 0.641556
Epoch 274 [35000/84843] Loss: 0.532411
Epoch 274 [70000/84843] Loss: 0.568615
Epoch 274 - Avg Loss: 0.494294 | Train Acc: 91.20%
Val: loss=0.3564, acc=10653/10975 (97.07%)
Epoch 275 [0/84843] Loss: 0.485682
Epoch 275 [35000/84843] Loss: 0.392832
Epoch 275 [70000/84843] Loss: 0.451181
Epoch 275 - Avg Loss: 0.488984 | Train Acc: 91.41%
Val: loss=0.3603, acc=10641/10975 (96.96%)
Epoch 276 [0/84843] Loss: 0.632848
Epoch 276 [35000/84843] Loss: 0.302716
Epoch 276 [70000/84843] Loss: 0.391573
Epoch 276 - Avg Loss: 0.490618 | Train Acc: 91.35%
Val: loss=0.3575, acc=10648/10975 (97.02%)
Epoch 277 [0/84843] Loss: 0.511212
Epoch 277 [35000/84843] Loss: 0.439027
Epoch 277 [70000/84843] Loss: 0.425956
Epoch 277 - Avg Loss: 0.493786 | Train Acc: 91.21%
Val: loss=0.3612, acc=10628/10975 (96.84%)
Epoch 278 [0/84843] Loss: 0.480201
Epoch 278 [35000/84843] Loss: 0.532223
Epoch 278 [70000/84843] Loss: 0.494440
Epoch 278 - Avg Loss: 0.490371 | Train Acc: 91.38%
Val: loss=0.3575, acc=10642/10975 (96.97%)
Epoch 279 [0/84843] Loss: 0.460812
Epoch 279 [35000/84843] Loss: 0.490049
Epoch 279 [70000/84843] Loss: 0.333447
Epoch 279 - Avg Loss: 0.496452 | Train Acc: 91.10%
Val: loss=0.3543, acc=10665/10975 (97.18%)
saved best: 97.18%
Epoch 280 [0/84843] Loss: 0.570619
Epoch 280 [35000/84843] Loss: 0.643366
Epoch 280 [70000/84843] Loss: 0.559102
Epoch 280 - Avg Loss: 0.485461 | Train Acc: 91.49%
Val: loss=0.3523, acc=10675/10975 (97.27%)
saved best: 97.27%
Epoch 281 [0/84843] Loss: 0.637511
Epoch 281 [35000/84843] Loss: 0.421247
Epoch 281 [70000/84843] Loss: 0.396314
Epoch 281 - Avg Loss: 0.494032 | Train Acc: 91.18%
Val: loss=0.3500, acc=10669/10975 (97.21%)
Epoch 282 [0/84843] Loss: 0.368897
Epoch 282 [35000/84843] Loss: 0.437665
Epoch 282 [70000/84843] Loss: 0.477417
Epoch 282 - Avg Loss: 0.490020 | Train Acc: 91.32%
Val: loss=0.3570, acc=10649/10975 (97.03%)
Epoch 283 [0/84843] Loss: 0.399185
Epoch 283 [35000/84843] Loss: 0.467303
Epoch 283 [70000/84843] Loss: 0.530200
Epoch 283 - Avg Loss: 0.492129 | Train Acc: 91.29%
Val: loss=0.3603, acc=10648/10975 (97.02%)
Epoch 284 [0/84843] Loss: 0.724585
Epoch 284 [35000/84843] Loss: 0.461155
Epoch 284 [70000/84843] Loss: 0.656741
Epoch 284 - Avg Loss: 0.490585 | Train Acc: 91.27%
Val: loss=0.3572, acc=10658/10975 (97.11%)
Epoch 285 [0/84843] Loss: 0.343533
Epoch 285 [35000/84843] Loss: 0.475065
Epoch 285 [70000/84843] Loss: 0.484263
Epoch 285 - Avg Loss: 0.487255 | Train Acc: 91.45%
Val: loss=0.3599, acc=10641/10975 (96.96%)
Epoch 286 [0/84843] Loss: 0.579133
Epoch 286 [35000/84843] Loss: 0.668433
Epoch 286 [70000/84843] Loss: 0.872097
Epoch 286 - Avg Loss: 0.488243 | Train Acc: 91.41%
Val: loss=0.3534, acc=10675/10975 (97.27%)
Epoch 287 [0/84843] Loss: 0.588277
Epoch 287 [35000/84843] Loss: 0.332631
Epoch 287 [70000/84843] Loss: 0.647210
Epoch 287 - Avg Loss: 0.487751 | Train Acc: 91.36%
Val: loss=0.3568, acc=10658/10975 (97.11%)
Epoch 288 [0/84843] Loss: 0.848037
Epoch 288 [35000/84843] Loss: 0.609761
Epoch 288 [70000/84843] Loss: 0.454962
Epoch 288 - Avg Loss: 0.489342 | Train Acc: 91.31%
Val: loss=0.3510, acc=10671/10975 (97.23%)
Epoch 289 [0/84843] Loss: 0.387316
Epoch 289 [35000/84843] Loss: 0.310130
Epoch 289 [70000/84843] Loss: 0.537077
Epoch 289 - Avg Loss: 0.490874 | Train Acc: 91.33%
Val: loss=0.3522, acc=10673/10975 (97.25%)
Epoch 290 [0/84843] Loss: 0.402626
Epoch 290 [35000/84843] Loss: 0.497472
Epoch 290 [70000/84843] Loss: 0.364204
Epoch 290 - Avg Loss: 0.485278 | Train Acc: 91.48%
Val: loss=0.3571, acc=10639/10975 (96.94%)
Epoch 291 [0/84843] Loss: 0.703418
Epoch 291 [35000/84843] Loss: 0.416485
Epoch 291 [70000/84843] Loss: 0.539042
Epoch 291 - Avg Loss: 0.493725 | Train Acc: 91.24%
Val: loss=0.3555, acc=10649/10975 (97.03%)
Epoch 292 [0/84843] Loss: 0.360479
Epoch 292 [35000/84843] Loss: 0.364812
Epoch 292 [70000/84843] Loss: 0.415547
Epoch 292 - Avg Loss: 0.482659 | Train Acc: 91.59%
Val: loss=0.3528, acc=10660/10975 (97.13%)
Epoch 293 [0/84843] Loss: 0.338635
Epoch 293 [35000/84843] Loss: 0.411347
Epoch 293 [70000/84843] Loss: 0.587185
Epoch 293 - Avg Loss: 0.485255 | Train Acc: 91.51%
Val: loss=0.3552, acc=10645/10975 (96.99%)
Epoch 294 [0/84843] Loss: 0.443184
Epoch 294 [35000/84843] Loss: 0.416375
Epoch 294 [70000/84843] Loss: 0.470665
Epoch 294 - Avg Loss: 0.484684 | Train Acc: 91.56%
Val: loss=0.3545, acc=10650/10975 (97.04%)
Epoch 295 [0/84843] Loss: 0.590800
Epoch 295 [35000/84843] Loss: 0.586953
Epoch 295 [70000/84843] Loss: 0.513242
Epoch 295 - Avg Loss: 0.487228 | Train Acc: 91.45%
Val: loss=0.3564, acc=10652/10975 (97.06%)
Epoch 296 [0/84843] Loss: 0.405996
Epoch 296 [35000/84843] Loss: 0.445903
Epoch 296 [70000/84843] Loss: 0.417697
Epoch 296 - Avg Loss: 0.487483 | Train Acc: 91.40%
Val: loss=0.3569, acc=10643/10975 (96.97%)
Epoch 297 [0/84843] Loss: 0.610330
Epoch 297 [35000/84843] Loss: 0.437038
Epoch 297 [70000/84843] Loss: 0.467017
Epoch 297 - Avg Loss: 0.489450 | Train Acc: 91.30%
Val: loss=0.3591, acc=10634/10975 (96.89%)
Epoch 298 [0/84843] Loss: 0.564310
Epoch 298 [35000/84843] Loss: 0.360459
Epoch 298 [70000/84843] Loss: 0.400543
Epoch 298 - Avg Loss: 0.489832 | Train Acc: 91.41%
Val: loss=0.3532, acc=10649/10975 (97.03%)
Epoch 299 [0/84843] Loss: 0.527994
Epoch 299 [35000/84843] Loss: 0.481772
Epoch 299 [70000/84843] Loss: 0.412682
Epoch 299 - Avg Loss: 0.490232 | Train Acc: 91.32%
Val: loss=0.3552, acc=10636/10975 (96.91%)
Epoch 300 [0/84843] Loss: 0.546736
Epoch 300 [35000/84843] Loss: 0.475607
Epoch 300 [70000/84843] Loss: 0.527485
Epoch 300 - Avg Loss: 0.485505 | Train Acc: 91.51%
Val: loss=0.3537, acc=10651/10975 (97.05%)
Epoch 301 [0/84843] Loss: 0.554126
Epoch 301 [35000/84843] Loss: 0.510961
Epoch 301 [70000/84843] Loss: 0.635509
Epoch 301 - Avg Loss: 0.483684 | Train Acc: 91.58%
Val: loss=0.3524, acc=10659/10975 (97.12%)
Epoch 302 [0/84843] Loss: 0.702463
Epoch 302 [35000/84843] Loss: 0.548620
Epoch 302 [70000/84843] Loss: 0.444333
Epoch 302 - Avg Loss: 0.486778 | Train Acc: 91.50%
Val: loss=0.3537, acc=10662/10975 (97.15%)
Epoch 303 [0/84843] Loss: 0.468220
Epoch 303 [35000/84843] Loss: 0.564539
Epoch 303 [70000/84843] Loss: 0.758051
Epoch 303 - Avg Loss: 0.487518 | Train Acc: 91.43%
Val: loss=0.3562, acc=10644/10975 (96.98%)
Epoch 304 [0/84843] Loss: 0.574873
Epoch 304 [35000/84843] Loss: 0.379704
Epoch 304 [70000/84843] Loss: 0.681068
Epoch 304 - Avg Loss: 0.492381 | Train Acc: 91.29%
Val: loss=0.3534, acc=10661/10975 (97.14%)
Epoch 305 [0/84843] Loss: 0.371814
Epoch 305 [35000/84843] Loss: 0.595502
Epoch 305 [70000/84843] Loss: 0.763465
Epoch 305 - Avg Loss: 0.484203 | Train Acc: 91.65%
Val: loss=0.3543, acc=10656/10975 (97.09%)
Epoch 306 [0/84843] Loss: 0.595890
Epoch 306 [35000/84843] Loss: 0.476039
Epoch 306 [70000/84843] Loss: 0.374027
Epoch 306 - Avg Loss: 0.487495 | Train Acc: 91.53%
Val: loss=0.3564, acc=10652/10975 (97.06%)
Epoch 307 [0/84843] Loss: 0.445345
Epoch 307 [35000/84843] Loss: 0.457791
Epoch 307 [70000/84843] Loss: 0.649267
Epoch 307 - Avg Loss: 0.478270 | Train Acc: 91.81%
Val: loss=0.3545, acc=10664/10975 (97.17%)
Epoch 308 [0/84843] Loss: 0.381673
Epoch 308 [35000/84843] Loss: 0.381222
Epoch 308 [70000/84843] Loss: 0.385907
Epoch 308 - Avg Loss: 0.488028 | Train Acc: 91.46%
Val: loss=0.3553, acc=10652/10975 (97.06%)
Epoch 309 [0/84843] Loss: 0.340370
Epoch 309 [35000/84843] Loss: 0.405515
Epoch 309 [70000/84843] Loss: 0.410560
Epoch 309 - Avg Loss: 0.481930 | Train Acc: 91.65%
Val: loss=0.3543, acc=10645/10975 (96.99%)
Epoch 310 [0/84843] Loss: 0.453468
Epoch 310 [35000/84843] Loss: 0.425778
Epoch 310 [70000/84843] Loss: 0.535267
Epoch 310 - Avg Loss: 0.487383 | Train Acc: 91.39%
Val: loss=0.3555, acc=10656/10975 (97.09%)
Epoch 311 [0/84843] Loss: 0.491419
Epoch 311 [35000/84843] Loss: 0.334041
Epoch 311 [70000/84843] Loss: 0.594127
Epoch 311 - Avg Loss: 0.481939 | Train Acc: 91.70%
Val: loss=0.3528, acc=10659/10975 (97.12%)
Epoch 312 [0/84843] Loss: 0.478430
Epoch 312 [35000/84843] Loss: 0.774456
Epoch 312 [70000/84843] Loss: 0.381635
Epoch 312 - Avg Loss: 0.484945 | Train Acc: 91.58%
Val: loss=0.3517, acc=10675/10975 (97.27%)
Epoch 313 [0/84843] Loss: 0.438636
Epoch 313 [35000/84843] Loss: 0.540299
Epoch 313 [70000/84843] Loss: 0.486376
Epoch 313 - Avg Loss: 0.482819 | Train Acc: 91.63%
Val: loss=0.3563, acc=10658/10975 (97.11%)
Epoch 314 [0/84843] Loss: 0.553010
Epoch 314 [35000/84843] Loss: 0.431669
Epoch 314 [70000/84843] Loss: 0.359448
Epoch 314 - Avg Loss: 0.485212 | Train Acc: 91.54%
Val: loss=0.3524, acc=10673/10975 (97.25%)
Epoch 315 [0/84843] Loss: 0.425303
Epoch 315 [35000/84843] Loss: 0.358137
Epoch 315 [70000/84843] Loss: 0.535179
Epoch 315 - Avg Loss: 0.485678 | Train Acc: 91.50%
Val: loss=0.3550, acc=10654/10975 (97.08%)
Epoch 316 [0/84843] Loss: 0.405734
Epoch 316 [35000/84843] Loss: 0.415401
Epoch 316 [70000/84843] Loss: 0.413454
Epoch 316 - Avg Loss: 0.490213 | Train Acc: 91.27%
Val: loss=0.3519, acc=10660/10975 (97.13%)
Epoch 317 [0/84843] Loss: 0.443088
Epoch 317 [35000/84843] Loss: 0.427297
Epoch 317 [70000/84843] Loss: 0.418355
Epoch 317 - Avg Loss: 0.484908 | Train Acc: 91.49%
Val: loss=0.3554, acc=10654/10975 (97.08%)
Epoch 318 [0/84843] Loss: 0.723805
Epoch 318 [35000/84843] Loss: 0.482024
Epoch 318 [70000/84843] Loss: 0.582381
Epoch 318 - Avg Loss: 0.481398 | Train Acc: 91.67%
Val: loss=0.3535, acc=10662/10975 (97.15%)
Epoch 319 [0/84843] Loss: 0.514808
Epoch 319 [35000/84843] Loss: 0.548633
Epoch 319 [70000/84843] Loss: 0.522844
Epoch 319 - Avg Loss: 0.476752 | Train Acc: 91.88%
Val: loss=0.3549, acc=10650/10975 (97.04%)
Epoch 320 [0/84843] Loss: 0.362226
Epoch 320 [35000/84843] Loss: 0.470892
Epoch 320 [70000/84843] Loss: 0.372538
Epoch 320 - Avg Loss: 0.481847 | Train Acc: 91.68%
Val: loss=0.3542, acc=10666/10975 (97.18%)
Epoch 321 [0/84843] Loss: 0.493992
Epoch 321 [35000/84843] Loss: 0.530159
Epoch 321 [70000/84843] Loss: 0.611310
Epoch 321 - Avg Loss: 0.483625 | Train Acc: 91.60%
Val: loss=0.3525, acc=10658/10975 (97.11%)
Epoch 322 [0/84843] Loss: 0.564467
Epoch 322 [35000/84843] Loss: 0.698585
Epoch 322 [70000/84843] Loss: 0.396876
Epoch 322 - Avg Loss: 0.482356 | Train Acc: 91.64%
Val: loss=0.3527, acc=10667/10975 (97.19%)
Epoch 323 [0/84843] Loss: 0.467189
Epoch 323 [35000/84843] Loss: 0.473323
Epoch 323 [70000/84843] Loss: 0.414532
Epoch 323 - Avg Loss: 0.482870 | Train Acc: 91.67%
Val: loss=0.3502, acc=10666/10975 (97.18%)
Epoch 324 [0/84843] Loss: 0.620972
Epoch 324 [35000/84843] Loss: 0.638629
Epoch 324 [70000/84843] Loss: 0.355817
Epoch 324 - Avg Loss: 0.479856 | Train Acc: 91.63%
Val: loss=0.3526, acc=10666/10975 (97.18%)
Epoch 325 [0/84843] Loss: 0.336211
Epoch 325 [35000/84843] Loss: 0.416428
Epoch 325 [70000/84843] Loss: 0.657024
Epoch 325 - Avg Loss: 0.474997 | Train Acc: 91.93%
Val: loss=0.3530, acc=10666/10975 (97.18%)
Epoch 326 [0/84843] Loss: 0.479837
Epoch 326 [35000/84843] Loss: 0.815364
Epoch 326 [70000/84843] Loss: 0.435519
Epoch 326 - Avg Loss: 0.479977 | Train Acc: 91.82%
Val: loss=0.3523, acc=10671/10975 (97.23%)
Epoch 327 [0/84843] Loss: 0.427906
Epoch 327 [35000/84843] Loss: 0.474362
Epoch 327 [70000/84843] Loss: 0.553287
Epoch 327 - Avg Loss: 0.480279 | Train Acc: 91.75%
Val: loss=0.3516, acc=10654/10975 (97.08%)
Epoch 328 [0/84843] Loss: 0.375545
Epoch 328 [35000/84843] Loss: 0.332861
Epoch 328 [70000/84843] Loss: 0.325498
Epoch 328 - Avg Loss: 0.484908 | Train Acc: 91.57%
Val: loss=0.3512, acc=10674/10975 (97.26%)
Epoch 329 [0/84843] Loss: 0.350041
Epoch 329 [35000/84843] Loss: 0.385433
Epoch 329 [70000/84843] Loss: 0.547339
Epoch 329 - Avg Loss: 0.491023 | Train Acc: 91.26%
Val: loss=0.3543, acc=10666/10975 (97.18%)
Epoch 330 [0/84843] Loss: 0.397547
Epoch 330 [35000/84843] Loss: 0.507573
Epoch 330 [70000/84843] Loss: 0.523202
Epoch 330 - Avg Loss: 0.484134 | Train Acc: 91.63%
Val: loss=0.3531, acc=10667/10975 (97.19%)
Epoch 331 [0/84843] Loss: 0.304155
Epoch 331 [35000/84843] Loss: 0.382680
Epoch 331 [70000/84843] Loss: 0.459186
Epoch 331 - Avg Loss: 0.480448 | Train Acc: 91.71%
Val: loss=0.3548, acc=10655/10975 (97.08%)
Epoch 332 [0/84843] Loss: 0.646716
Epoch 332 [35000/84843] Loss: 0.334359
Epoch 332 [70000/84843] Loss: 0.503037
Epoch 332 - Avg Loss: 0.475982 | Train Acc: 92.02%
Val: loss=0.3503, acc=10663/10975 (97.16%)
Epoch 333 [0/84843] Loss: 0.481081
Epoch 333 [35000/84843] Loss: 0.586000
Epoch 333 [70000/84843] Loss: 0.393990
Epoch 333 - Avg Loss: 0.486860 | Train Acc: 91.48%
Val: loss=0.3510, acc=10668/10975 (97.20%)
Epoch 334 [0/84843] Loss: 0.348198
Epoch 334 [35000/84843] Loss: 0.439883
Epoch 334 [70000/84843] Loss: 0.491624
Epoch 334 - Avg Loss: 0.483053 | Train Acc: 91.58%
Val: loss=0.3533, acc=10658/10975 (97.11%)
Epoch 335 [0/84843] Loss: 0.556152
Epoch 335 [35000/84843] Loss: 0.465837
Epoch 335 [70000/84843] Loss: 0.594636
Epoch 335 - Avg Loss: 0.482795 | Train Acc: 91.63%
Val: loss=0.3506, acc=10668/10975 (97.20%)
Epoch 336 [0/84843] Loss: 0.405824
Epoch 336 [35000/84843] Loss: 0.702094
Epoch 336 [70000/84843] Loss: 0.434329
Epoch 336 - Avg Loss: 0.483071 | Train Acc: 91.67%
Val: loss=0.3520, acc=10663/10975 (97.16%)
Epoch 337 [0/84843] Loss: 0.467443
Epoch 337 [35000/84843] Loss: 0.409024
Epoch 337 [70000/84843] Loss: 0.335837
Epoch 337 - Avg Loss: 0.485446 | Train Acc: 91.54%
Val: loss=0.3528, acc=10659/10975 (97.12%)
Epoch 338 [0/84843] Loss: 0.516445
Epoch 338 [35000/84843] Loss: 0.615798
Epoch 338 [70000/84843] Loss: 0.374511
Epoch 338 - Avg Loss: 0.476168 | Train Acc: 91.91%
Val: loss=0.3490, acc=10678/10975 (97.29%)
saved best: 97.29%
Epoch 339 [0/84843] Loss: 0.559306
Epoch 339 [35000/84843] Loss: 0.324927
Epoch 339 [70000/84843] Loss: 0.759115
Epoch 339 - Avg Loss: 0.480576 | Train Acc: 91.66%
Val: loss=0.3516, acc=10661/10975 (97.14%)
Epoch 340 [0/84843] Loss: 0.430273
Epoch 340 [35000/84843] Loss: 0.473752
Epoch 340 [70000/84843] Loss: 0.370609
Epoch 340 - Avg Loss: 0.483008 | Train Acc: 91.69%
Val: loss=0.3511, acc=10667/10975 (97.19%)
Epoch 341 [0/84843] Loss: 0.496268
Epoch 341 [35000/84843] Loss: 0.418443
Epoch 341 [70000/84843] Loss: 0.402934
Epoch 341 - Avg Loss: 0.480664 | Train Acc: 91.78%
Val: loss=0.3502, acc=10675/10975 (97.27%)
Epoch 342 [0/84843] Loss: 0.475623
Epoch 342 [35000/84843] Loss: 0.594252
Epoch 342 [70000/84843] Loss: 0.337614
Epoch 342 - Avg Loss: 0.483682 | Train Acc: 91.55%
Val: loss=0.3512, acc=10663/10975 (97.16%)
Epoch 343 [0/84843] Loss: 0.444226
Epoch 343 [35000/84843] Loss: 0.414495
Epoch 343 [70000/84843] Loss: 0.333551
Epoch 343 - Avg Loss: 0.479864 | Train Acc: 91.69%
Val: loss=0.3512, acc=10669/10975 (97.21%)
Epoch 344 [0/84843] Loss: 0.309755
Epoch 344 [35000/84843] Loss: 0.641627
Epoch 344 [70000/84843] Loss: 0.549478
Epoch 344 - Avg Loss: 0.482833 | Train Acc: 91.63%
Val: loss=0.3526, acc=10660/10975 (97.13%)
Epoch 345 [0/84843] Loss: 0.361879
Epoch 345 [35000/84843] Loss: 0.467131
Epoch 345 [70000/84843] Loss: 0.463113
Epoch 345 - Avg Loss: 0.477989 | Train Acc: 91.83%
Val: loss=0.3508, acc=10669/10975 (97.21%)
Epoch 346 [0/84843] Loss: 0.438498
Epoch 346 [35000/84843] Loss: 0.483907
Epoch 346 [70000/84843] Loss: 0.392992
Epoch 346 - Avg Loss: 0.482182 | Train Acc: 91.72%
Val: loss=0.3532, acc=10659/10975 (97.12%)
Epoch 347 [0/84843] Loss: 0.412140
Epoch 347 [35000/84843] Loss: 0.368265
Epoch 347 [70000/84843] Loss: 0.341495
Epoch 347 - Avg Loss: 0.479199 | Train Acc: 91.77%
Val: loss=0.3502, acc=10672/10975 (97.24%)
Epoch 348 [0/84843] Loss: 0.470879
Epoch 348 [35000/84843] Loss: 0.414092
Epoch 348 [70000/84843] Loss: 0.402845
Epoch 348 - Avg Loss: 0.481069 | Train Acc: 91.75%
Val: loss=0.3507, acc=10675/10975 (97.27%)
Epoch 349 [0/84843] Loss: 0.474273
Epoch 349 [35000/84843] Loss: 0.384952
Epoch 349 [70000/84843] Loss: 0.513926
Epoch 349 - Avg Loss: 0.487244 | Train Acc: 91.38%
Val: loss=0.3509, acc=10670/10975 (97.22%)
Epoch 350 [0/84843] Loss: 0.480292
Epoch 350 [35000/84843] Loss: 0.673829
Epoch 350 [70000/84843] Loss: 0.456714
Epoch 350 - Avg Loss: 0.477232 | Train Acc: 91.84%
Val: loss=0.3501, acc=10676/10975 (97.28%)
Epoch 351 [0/84843] Loss: 0.376575
Epoch 351 [35000/84843] Loss: 0.352833
Epoch 351 [70000/84843] Loss: 0.870515
Epoch 351 - Avg Loss: 0.482915 | Train Acc: 91.58%
Val: loss=0.3526, acc=10661/10975 (97.14%)
Epoch 352 [0/84843] Loss: 0.431385
Epoch 352 [35000/84843] Loss: 0.412666
Epoch 352 [70000/84843] Loss: 0.314420
Epoch 352 - Avg Loss: 0.478550 | Train Acc: 91.77%
Val: loss=0.3500, acc=10677/10975 (97.28%)
Epoch 353 [0/84843] Loss: 0.397091
Epoch 353 [35000/84843] Loss: 0.589532
Epoch 353 [70000/84843] Loss: 0.407883
Epoch 353 - Avg Loss: 0.481932 | Train Acc: 91.64%
Val: loss=0.3503, acc=10675/10975 (97.27%)
Epoch 354 [0/84843] Loss: 0.545464
Epoch 354 [35000/84843] Loss: 0.301804
Epoch 354 [70000/84843] Loss: 0.521446
Epoch 354 - Avg Loss: 0.479060 | Train Acc: 91.79%
Val: loss=0.3496, acc=10675/10975 (97.27%)
Epoch 355 [0/84843] Loss: 0.411766
Epoch 355 [35000/84843] Loss: 0.421295
Epoch 355 [70000/84843] Loss: 0.393394
Epoch 355 - Avg Loss: 0.473244 | Train Acc: 91.97%
Val: loss=0.3501, acc=10671/10975 (97.23%)
Epoch 356 [0/84843] Loss: 0.627273
Epoch 356 [35000/84843] Loss: 0.305678
Epoch 356 [70000/84843] Loss: 0.402591
Epoch 356 - Avg Loss: 0.480158 | Train Acc: 91.73%
Val: loss=0.3496, acc=10676/10975 (97.28%)
Epoch 357 [0/84843] Loss: 0.412652
Epoch 357 [35000/84843] Loss: 0.469515
Epoch 357 [70000/84843] Loss: 0.690753
Epoch 357 - Avg Loss: 0.480094 | Train Acc: 91.65%
Val: loss=0.3514, acc=10652/10975 (97.06%)
Epoch 358 [0/84843] Loss: 0.434543
Epoch 358 [35000/84843] Loss: 0.315827
Epoch 358 [70000/84843] Loss: 0.589119
Epoch 358 - Avg Loss: 0.475799 | Train Acc: 91.96%
Val: loss=0.3520, acc=10660/10975 (97.13%)
Epoch 359 [0/84843] Loss: 0.807608
Epoch 359 [35000/84843] Loss: 0.675722
Epoch 359 [70000/84843] Loss: 0.387698
Epoch 359 - Avg Loss: 0.476710 | Train Acc: 91.87%
Val: loss=0.3515, acc=10663/10975 (97.16%)
Epoch 360 [0/84843] Loss: 0.378430
Epoch 360 [35000/84843] Loss: 0.616114
Epoch 360 [70000/84843] Loss: 0.483099
Epoch 360 - Avg Loss: 0.478019 | Train Acc: 91.76%
Val: loss=0.3506, acc=10667/10975 (97.19%)
Epoch 361 [0/84843] Loss: 0.529590
Epoch 361 [35000/84843] Loss: 0.519044
Epoch 361 [70000/84843] Loss: 0.569112
Epoch 361 - Avg Loss: 0.478931 | Train Acc: 91.78%
Val: loss=0.3511, acc=10666/10975 (97.18%)
Epoch 362 [0/84843] Loss: 0.616808
Epoch 362 [35000/84843] Loss: 0.389507
Epoch 362 [70000/84843] Loss: 0.509919
Epoch 362 - Avg Loss: 0.478414 | Train Acc: 91.75%
Val: loss=0.3513, acc=10663/10975 (97.16%)
Epoch 363 [0/84843] Loss: 0.480953
Epoch 363 [35000/84843] Loss: 0.397469
Epoch 363 [70000/84843] Loss: 0.625675
Epoch 363 - Avg Loss: 0.478721 | Train Acc: 91.82%
Val: loss=0.3507, acc=10677/10975 (97.28%)
Epoch 364 [0/84843] Loss: 0.575397
Epoch 364 [35000/84843] Loss: 0.503127
Epoch 364 [70000/84843] Loss: 0.655460
Epoch 364 - Avg Loss: 0.483598 | Train Acc: 91.51%
Val: loss=0.3505, acc=10677/10975 (97.28%)
Epoch 365 [0/84843] Loss: 0.517403
Epoch 365 [35000/84843] Loss: 0.534246
Epoch 365 [70000/84843] Loss: 0.535712
Epoch 365 - Avg Loss: 0.480078 | Train Acc: 91.74%
Val: loss=0.3505, acc=10675/10975 (97.27%)
Epoch 366 [0/84843] Loss: 0.379946
Epoch 366 [35000/84843] Loss: 0.470627
Epoch 366 [70000/84843] Loss: 0.403296
Epoch 366 - Avg Loss: 0.481222 | Train Acc: 91.72%
Val: loss=0.3506, acc=10673/10975 (97.25%)
Epoch 367 [0/84843] Loss: 0.473614
Epoch 367 [35000/84843] Loss: 0.593221
Epoch 367 [70000/84843] Loss: 0.376549
Epoch 367 - Avg Loss: 0.480810 | Train Acc: 91.70%
Val: loss=0.3494, acc=10673/10975 (97.25%)
Epoch 368 [0/84843] Loss: 0.502914
Epoch 368 [35000/84843] Loss: 0.330875
Epoch 368 [70000/84843] Loss: 0.420241
Epoch 368 - Avg Loss: 0.481966 | Train Acc: 91.73%
Val: loss=0.3490, acc=10678/10975 (97.29%)
Epoch 369 [0/84843] Loss: 0.407459
Epoch 369 [35000/84843] Loss: 0.751650
Epoch 369 [70000/84843] Loss: 0.340928
Epoch 369 - Avg Loss: 0.484498 | Train Acc: 91.54%
Val: loss=0.3499, acc=10680/10975 (97.31%)
saved best: 97.31%
Epoch 370 [0/84843] Loss: 0.518664
Epoch 370 [35000/84843] Loss: 0.485701
Epoch 370 [70000/84843] Loss: 0.467863
Epoch 370 - Avg Loss: 0.477396 | Train Acc: 91.87%
Val: loss=0.3491, acc=10680/10975 (97.31%)
Epoch 371 [0/84843] Loss: 0.299299
Epoch 371 [35000/84843] Loss: 0.504648
Epoch 371 [70000/84843] Loss: 0.414184
Epoch 371 - Avg Loss: 0.479905 | Train Acc: 91.77%
Val: loss=0.3522, acc=10671/10975 (97.23%)
Epoch 372 [0/84843] Loss: 0.419417
Epoch 372 [35000/84843] Loss: 0.498455
Epoch 372 [70000/84843] Loss: 0.417164
Epoch 372 - Avg Loss: 0.480854 | Train Acc: 91.71%
Val: loss=0.3508, acc=10676/10975 (97.28%)
Epoch 373 [0/84843] Loss: 0.389074
Epoch 373 [35000/84843] Loss: 0.612775
Epoch 373 [70000/84843] Loss: 0.613753
Epoch 373 - Avg Loss: 0.480535 | Train Acc: 91.74%
Val: loss=0.3497, acc=10684/10975 (97.35%)
saved best: 97.35%
Epoch 374 [0/84843] Loss: 0.514601
Epoch 374 [35000/84843] Loss: 0.385581
Epoch 374 [70000/84843] Loss: 0.642721
Epoch 374 - Avg Loss: 0.476414 | Train Acc: 91.84%
Val: loss=0.3497, acc=10681/10975 (97.32%)
Epoch 375 [0/84843] Loss: 0.435457
Epoch 375 [35000/84843] Loss: 0.335115
Epoch 375 [70000/84843] Loss: 0.306371
Epoch 375 - Avg Loss: 0.482629 | Train Acc: 91.61%
Val: loss=0.3508, acc=10676/10975 (97.28%)
Epoch 376 [0/84843] Loss: 0.591347
Epoch 376 [35000/84843] Loss: 0.431949
Epoch 376 [70000/84843] Loss: 0.446194
Epoch 376 - Avg Loss: 0.474525 | Train Acc: 91.93%
Val: loss=0.3504, acc=10673/10975 (97.25%)
Epoch 377 [0/84843] Loss: 0.393911
Epoch 377 [35000/84843] Loss: 0.604505
Epoch 377 [70000/84843] Loss: 0.566936
Epoch 377 - Avg Loss: 0.479528 | Train Acc: 91.79%
Val: loss=0.3507, acc=10675/10975 (97.27%)
Epoch 378 [0/84843] Loss: 0.456783
Epoch 378 [35000/84843] Loss: 0.357673
Epoch 378 [70000/84843] Loss: 0.521365
Epoch 378 - Avg Loss: 0.477945 | Train Acc: 91.79%
Val: loss=0.3507, acc=10673/10975 (97.25%)
Epoch 379 [0/84843] Loss: 0.629972
Epoch 379 [35000/84843] Loss: 0.425278
Epoch 379 [70000/84843] Loss: 0.472469
Epoch 379 - Avg Loss: 0.472736 | Train Acc: 92.08%
Val: loss=0.3522, acc=10669/10975 (97.21%)
Epoch 380 [0/84843] Loss: 0.834307
Epoch 380 [35000/84843] Loss: 0.367764
Epoch 380 [70000/84843] Loss: 0.375057
Epoch 380 - Avg Loss: 0.483485 | Train Acc: 91.54%
Val: loss=0.3493, acc=10685/10975 (97.36%)
saved best: 97.36%
Epoch 381 [0/84843] Loss: 0.511988
Epoch 381 [35000/84843] Loss: 0.447512
Epoch 381 [70000/84843] Loss: 0.605547
Epoch 381 - Avg Loss: 0.476757 | Train Acc: 91.83%
Val: loss=0.3506, acc=10676/10975 (97.28%)
Epoch 382 [0/84843] Loss: 0.499939
Epoch 382 [35000/84843] Loss: 0.576985
Epoch 382 [70000/84843] Loss: 0.434425
Epoch 382 - Avg Loss: 0.481444 | Train Acc: 91.69%
Val: loss=0.3500, acc=10679/10975 (97.30%)
Epoch 383 [0/84843] Loss: 0.622239
Epoch 383 [35000/84843] Loss: 0.368944
Epoch 383 [70000/84843] Loss: 0.436289
Epoch 383 - Avg Loss: 0.484629 | Train Acc: 91.65%
Val: loss=0.3508, acc=10680/10975 (97.31%)
Epoch 384 [0/84843] Loss: 0.520430
Epoch 384 [35000/84843] Loss: 0.655683
Epoch 384 [70000/84843] Loss: 0.514305
Epoch 384 - Avg Loss: 0.475896 | Train Acc: 91.94%
Val: loss=0.3503, acc=10673/10975 (97.25%)
Epoch 385 [0/84843] Loss: 0.505518
Epoch 385 [35000/84843] Loss: 0.410310
Epoch 385 [70000/84843] Loss: 0.393794
Epoch 385 - Avg Loss: 0.480574 | Train Acc: 91.74%
Val: loss=0.3492, acc=10684/10975 (97.35%)
Epoch 386 [0/84843] Loss: 0.463639
Epoch 386 [35000/84843] Loss: 0.302174
Epoch 386 [70000/84843] Loss: 0.899010
Epoch 386 - Avg Loss: 0.476899 | Train Acc: 91.90%
Val: loss=0.3499, acc=10681/10975 (97.32%)
Epoch 387 [0/84843] Loss: 0.412998
Epoch 387 [35000/84843] Loss: 0.599155
Epoch 387 [70000/84843] Loss: 0.580225
Epoch 387 - Avg Loss: 0.475634 | Train Acc: 91.94%
Val: loss=0.3503, acc=10678/10975 (97.29%)
Epoch 388 [0/84843] Loss: 0.350490
Epoch 388 [35000/84843] Loss: 0.759386
Epoch 388 [70000/84843] Loss: 0.351385
Epoch 388 - Avg Loss: 0.478271 | Train Acc: 91.84%
Val: loss=0.3490, acc=10682/10975 (97.33%)
Epoch 389 [0/84843] Loss: 0.398966
Epoch 389 [35000/84843] Loss: 0.493965
Epoch 389 [70000/84843] Loss: 0.299893
Epoch 389 - Avg Loss: 0.473631 | Train Acc: 92.04%
Val: loss=0.3504, acc=10675/10975 (97.27%)
Epoch 390 [0/84843] Loss: 0.620520
Epoch 390 [35000/84843] Loss: 0.383227
Epoch 390 [70000/84843] Loss: 0.365788
Epoch 390 - Avg Loss: 0.478839 | Train Acc: 91.76%
Val: loss=0.3504, acc=10675/10975 (97.27%)
Epoch 391 [0/84843] Loss: 0.359818
Epoch 391 [35000/84843] Loss: 0.373948
Epoch 391 [70000/84843] Loss: 0.507272
Epoch 391 - Avg Loss: 0.471821 | Train Acc: 92.03%
Val: loss=0.3491, acc=10681/10975 (97.32%)
Epoch 392 [0/84843] Loss: 0.717265
Epoch 392 [35000/84843] Loss: 0.497930
Epoch 392 [70000/84843] Loss: 0.354082
Epoch 392 - Avg Loss: 0.479773 | Train Acc: 91.77%
Val: loss=0.3505, acc=10677/10975 (97.28%)
Epoch 393 [0/84843] Loss: 0.317218
Epoch 393 [35000/84843] Loss: 0.391348
Epoch 393 [70000/84843] Loss: 0.694493
Epoch 393 - Avg Loss: 0.478947 | Train Acc: 91.78%
Val: loss=0.3501, acc=10677/10975 (97.28%)
Epoch 394 [0/84843] Loss: 0.494786
Epoch 394 [35000/84843] Loss: 0.352109
Epoch 394 [70000/84843] Loss: 0.474051
Epoch 394 - Avg Loss: 0.480411 | Train Acc: 91.79%
Val: loss=0.3515, acc=10673/10975 (97.25%)
Epoch 395 [0/84843] Loss: 0.396126
Epoch 395 [35000/84843] Loss: 0.312440
Epoch 395 [70000/84843] Loss: 0.356938
Epoch 395 - Avg Loss: 0.472766 | Train Acc: 91.99%
Val: loss=0.3516, acc=10675/10975 (97.27%)
Epoch 396 [0/84843] Loss: 0.700670
Epoch 396 [35000/84843] Loss: 0.302389
Epoch 396 [70000/84843] Loss: 0.760704
Epoch 396 - Avg Loss: 0.478397 | Train Acc: 91.84%
Val: loss=0.3507, acc=10675/10975 (97.27%)
Epoch 397 [0/84843] Loss: 0.463256
Epoch 397 [35000/84843] Loss: 0.425336
Epoch 397 [70000/84843] Loss: 0.709566
Epoch 397 - Avg Loss: 0.479846 | Train Acc: 91.71%
Val: loss=0.3501, acc=10678/10975 (97.29%)
Epoch 398 [0/84843] Loss: 0.469664
Epoch 398 [35000/84843] Loss: 0.396184
Epoch 398 [70000/84843] Loss: 0.821893
Epoch 398 - Avg Loss: 0.474131 | Train Acc: 91.94%
Val: loss=0.3512, acc=10676/10975 (97.28%)
Epoch 399 [0/84843] Loss: 0.308726
Epoch 399 [35000/84843] Loss: 0.279525
Epoch 399 [70000/84843] Loss: 0.402860
Epoch 399 - Avg Loss: 0.476255 | Train Acc: 91.91%
Val: loss=0.3513, acc=10671/10975 (97.23%)
Epoch 400 [0/84843] Loss: 0.661175
Epoch 400 [35000/84843] Loss: 0.413516
Epoch 400 [70000/84843] Loss: 0.315094
Epoch 400 - Avg Loss: 0.484560 | Train Acc: 91.54%
Val: loss=0.3497, acc=10678/10975 (97.29%)
Test: loss=0.3507, acc=11762/12101 (97.20%)
Saved plot to /scratch/work/lainem31/PTQ_project/keyword_spotting/plots/17565258/train_val_24_mels_delta_17565258_8.png
