Running feature config: 24_mels_delta (task 5)
SpecAugment freq_mask=16 time_mask=35
Device: cuda
Feature config: 24_mels_delta -> {'n_mels': 24, 'use_delta': True, 'use_delta_delta': False}
SpecAugment: True freq_mask=16 time_mask=35
GPU Name: Tesla V100-PCIE-32GB
GPU Memory: 34.07 GB
Total model parameters: 47,628
Epoch 1 [0/84843] Loss: 2.380993
Epoch 1 [35000/84843] Loss: 1.197986
Epoch 1 [70000/84843] Loss: 1.391386
Epoch 1 - Avg Loss: 1.297601 | Train Acc: 65.77%
Val: loss=0.9080, acc=8383/10975 (76.38%)
saved best: 76.38%
Epoch 2 [0/84843] Loss: 1.197679
Epoch 2 [35000/84843] Loss: 0.608090
Epoch 2 [70000/84843] Loss: 1.212135
Epoch 2 - Avg Loss: 0.898119 | Train Acc: 75.92%
Val: loss=0.6279, acc=9547/10975 (86.99%)
saved best: 86.99%
Epoch 3 [0/84843] Loss: 0.598302
Epoch 3 [35000/84843] Loss: 0.648654
Epoch 3 [70000/84843] Loss: 0.853588
Epoch 3 - Avg Loss: 0.787217 | Train Acc: 80.14%
Val: loss=0.5639, acc=9848/10975 (89.73%)
saved best: 89.73%
Epoch 4 [0/84843] Loss: 0.848529
Epoch 4 [35000/84843] Loss: 0.726063
Epoch 4 [70000/84843] Loss: 0.790946
Epoch 4 - Avg Loss: 0.727136 | Train Acc: 82.39%
Val: loss=0.5155, acc=10052/10975 (91.59%)
saved best: 91.59%
Epoch 5 [0/84843] Loss: 0.760372
Epoch 5 [35000/84843] Loss: 0.714196
Epoch 5 [70000/84843] Loss: 0.847867
Epoch 5 - Avg Loss: 0.710642 | Train Acc: 83.16%
Val: loss=0.4976, acc=10098/10975 (92.01%)
saved best: 92.01%
Epoch 6 [0/84843] Loss: 0.600767
Epoch 6 [35000/84843] Loss: 0.949482
Epoch 6 [70000/84843] Loss: 0.647615
Epoch 6 - Avg Loss: 0.690058 | Train Acc: 83.93%
Val: loss=0.4900, acc=10173/10975 (92.69%)
saved best: 92.69%
Epoch 7 [0/84843] Loss: 0.473522
Epoch 7 [35000/84843] Loss: 0.798807
Epoch 7 [70000/84843] Loss: 0.550521
Epoch 7 - Avg Loss: 0.666001 | Train Acc: 84.79%
Val: loss=0.4802, acc=10184/10975 (92.79%)
saved best: 92.79%
Epoch 8 [0/84843] Loss: 0.623250
Epoch 8 [35000/84843] Loss: 0.436719
Epoch 8 [70000/84843] Loss: 0.591956
Epoch 8 - Avg Loss: 0.661334 | Train Acc: 84.93%
Val: loss=0.4777, acc=10181/10975 (92.77%)
Epoch 9 [0/84843] Loss: 0.678970
Epoch 9 [35000/84843] Loss: 0.720448
Epoch 9 [70000/84843] Loss: 0.706726
Epoch 9 - Avg Loss: 0.652844 | Train Acc: 85.33%
Val: loss=0.4480, acc=10298/10975 (93.83%)
saved best: 93.83%
Epoch 10 [0/84843] Loss: 0.508359
Epoch 10 [35000/84843] Loss: 0.565691
Epoch 10 [70000/84843] Loss: 0.503870
Epoch 10 - Avg Loss: 0.640734 | Train Acc: 85.73%
Val: loss=0.4668, acc=10219/10975 (93.11%)
Epoch 11 [0/84843] Loss: 0.507636
Epoch 11 [35000/84843] Loss: 0.467874
Epoch 11 [70000/84843] Loss: 0.618655
Epoch 11 - Avg Loss: 0.638808 | Train Acc: 85.83%
Val: loss=0.4696, acc=10206/10975 (92.99%)
Epoch 12 [0/84843] Loss: 0.737678
Epoch 12 [35000/84843] Loss: 0.483924
Epoch 12 [70000/84843] Loss: 0.586577
Epoch 12 - Avg Loss: 0.628421 | Train Acc: 86.22%
Val: loss=0.4414, acc=10317/10975 (94.00%)
saved best: 94.00%
Epoch 13 [0/84843] Loss: 0.790826
Epoch 13 [35000/84843] Loss: 0.599961
Epoch 13 [70000/84843] Loss: 0.640557
Epoch 13 - Avg Loss: 0.613685 | Train Acc: 86.79%
Val: loss=0.4456, acc=10328/10975 (94.10%)
saved best: 94.10%
Epoch 14 [0/84843] Loss: 0.580828
Epoch 14 [35000/84843] Loss: 0.605962
Epoch 14 [70000/84843] Loss: 0.423194
Epoch 14 - Avg Loss: 0.627580 | Train Acc: 86.18%
Val: loss=0.4625, acc=10213/10975 (93.06%)
Epoch 15 [0/84843] Loss: 0.606281
Epoch 15 [35000/84843] Loss: 0.583330
Epoch 15 [70000/84843] Loss: 0.957685
Epoch 15 - Avg Loss: 0.615439 | Train Acc: 86.78%
Val: loss=0.4457, acc=10293/10975 (93.79%)
Epoch 16 [0/84843] Loss: 0.897561
Epoch 16 [35000/84843] Loss: 0.636166
Epoch 16 [70000/84843] Loss: 0.692198
Epoch 16 - Avg Loss: 0.612230 | Train Acc: 86.78%
Val: loss=0.4198, acc=10416/10975 (94.91%)
saved best: 94.91%
Epoch 17 [0/84843] Loss: 0.418946
Epoch 17 [35000/84843] Loss: 0.554956
Epoch 17 [70000/84843] Loss: 0.372315
Epoch 17 - Avg Loss: 0.607332 | Train Acc: 87.03%
Val: loss=0.4512, acc=10272/10975 (93.59%)
Epoch 18 [0/84843] Loss: 0.633170
Epoch 18 [35000/84843] Loss: 0.516455
Epoch 18 [70000/84843] Loss: 0.783827
Epoch 18 - Avg Loss: 0.606999 | Train Acc: 87.06%
Val: loss=0.4435, acc=10319/10975 (94.02%)
Epoch 19 [0/84843] Loss: 0.723050
Epoch 19 [35000/84843] Loss: 0.493043
Epoch 19 [70000/84843] Loss: 0.800165
Epoch 19 - Avg Loss: 0.603820 | Train Acc: 87.15%
Val: loss=0.4266, acc=10383/10975 (94.61%)
Epoch 20 [0/84843] Loss: 0.795463
Epoch 20 [35000/84843] Loss: 0.972138
Epoch 20 [70000/84843] Loss: 0.688027
Epoch 20 - Avg Loss: 0.600956 | Train Acc: 87.34%
Val: loss=0.4532, acc=10272/10975 (93.59%)
Epoch 21 [0/84843] Loss: 0.645035
Epoch 21 [35000/84843] Loss: 0.566925
Epoch 21 [70000/84843] Loss: 0.667041
Epoch 21 - Avg Loss: 0.598594 | Train Acc: 87.29%
Val: loss=0.4214, acc=10399/10975 (94.75%)
Epoch 22 [0/84843] Loss: 0.744768
Epoch 22 [35000/84843] Loss: 0.437634
Epoch 22 [70000/84843] Loss: 0.659427
Epoch 22 - Avg Loss: 0.594133 | Train Acc: 87.35%
Val: loss=0.4106, acc=10434/10975 (95.07%)
saved best: 95.07%
Epoch 23 [0/84843] Loss: 0.688794
Epoch 23 [35000/84843] Loss: 0.477773
Epoch 23 [70000/84843] Loss: 0.510777
Epoch 23 - Avg Loss: 0.587348 | Train Acc: 87.68%
Val: loss=0.4100, acc=10450/10975 (95.22%)
saved best: 95.22%
Epoch 24 [0/84843] Loss: 0.379727
Epoch 24 [35000/84843] Loss: 0.547867
Epoch 24 [70000/84843] Loss: 0.661705
Epoch 24 - Avg Loss: 0.596054 | Train Acc: 87.40%
Val: loss=0.4352, acc=10351/10975 (94.31%)
Epoch 25 [0/84843] Loss: 0.603480
Epoch 25 [35000/84843] Loss: 0.362648
Epoch 25 [70000/84843] Loss: 0.725141
Epoch 25 - Avg Loss: 0.587297 | Train Acc: 87.78%
Val: loss=0.4329, acc=10341/10975 (94.22%)
Epoch 26 [0/84843] Loss: 0.567737
Epoch 26 [35000/84843] Loss: 0.612573
Epoch 26 [70000/84843] Loss: 0.462001
Epoch 26 - Avg Loss: 0.588887 | Train Acc: 87.63%
Val: loss=0.4273, acc=10378/10975 (94.56%)
Epoch 27 [0/84843] Loss: 0.520488
Epoch 27 [35000/84843] Loss: 0.551806
Epoch 27 [70000/84843] Loss: 0.505519
Epoch 27 - Avg Loss: 0.581744 | Train Acc: 87.90%
Val: loss=0.4006, acc=10480/10975 (95.49%)
saved best: 95.49%
Epoch 28 [0/84843] Loss: 0.532649
Epoch 28 [35000/84843] Loss: 0.670413
Epoch 28 [70000/84843] Loss: 0.526548
Epoch 28 - Avg Loss: 0.588863 | Train Acc: 87.62%
Val: loss=0.4186, acc=10413/10975 (94.88%)
Epoch 29 [0/84843] Loss: 0.701355
Epoch 29 [35000/84843] Loss: 0.761657
Epoch 29 [70000/84843] Loss: 0.402613
Epoch 29 - Avg Loss: 0.583734 | Train Acc: 87.85%
Val: loss=0.4226, acc=10406/10975 (94.82%)
Epoch 30 [0/84843] Loss: 0.384359
Epoch 30 [35000/84843] Loss: 0.339089
Epoch 30 [70000/84843] Loss: 0.434152
Epoch 30 - Avg Loss: 0.578999 | Train Acc: 88.08%
Val: loss=0.4126, acc=10440/10975 (95.13%)
Epoch 31 [0/84843] Loss: 0.581551
Epoch 31 [35000/84843] Loss: 0.560311
Epoch 31 [70000/84843] Loss: 0.787761
Epoch 31 - Avg Loss: 0.578402 | Train Acc: 87.98%
Val: loss=0.4159, acc=10425/10975 (94.99%)
Epoch 32 [0/84843] Loss: 0.569483
Epoch 32 [35000/84843] Loss: 0.482119
Epoch 32 [70000/84843] Loss: 0.364925
Epoch 32 - Avg Loss: 0.575887 | Train Acc: 88.03%
Val: loss=0.3961, acc=10503/10975 (95.70%)
saved best: 95.70%
Epoch 33 [0/84843] Loss: 0.771687
Epoch 33 [35000/84843] Loss: 0.460814
Epoch 33 [70000/84843] Loss: 0.667609
Epoch 33 - Avg Loss: 0.574046 | Train Acc: 88.21%
Val: loss=0.4051, acc=10438/10975 (95.11%)
Epoch 34 [0/84843] Loss: 0.556427
Epoch 34 [35000/84843] Loss: 0.518864
Epoch 34 [70000/84843] Loss: 0.570780
Epoch 34 - Avg Loss: 0.574172 | Train Acc: 88.22%
Val: loss=0.4155, acc=10407/10975 (94.82%)
Epoch 35 [0/84843] Loss: 0.542238
Epoch 35 [35000/84843] Loss: 0.417142
Epoch 35 [70000/84843] Loss: 0.495103
Epoch 35 - Avg Loss: 0.574128 | Train Acc: 88.15%
Val: loss=0.4293, acc=10382/10975 (94.60%)
Epoch 36 [0/84843] Loss: 0.667908
Epoch 36 [35000/84843] Loss: 0.491963
Epoch 36 [70000/84843] Loss: 0.554549
Epoch 36 - Avg Loss: 0.570103 | Train Acc: 88.33%
Val: loss=0.3937, acc=10500/10975 (95.67%)
Epoch 37 [0/84843] Loss: 0.370838
Epoch 37 [35000/84843] Loss: 0.673731
Epoch 37 [70000/84843] Loss: 0.591164
Epoch 37 - Avg Loss: 0.567499 | Train Acc: 88.43%
Val: loss=0.4004, acc=10473/10975 (95.43%)
Epoch 38 [0/84843] Loss: 0.707925
Epoch 38 [35000/84843] Loss: 0.692044
Epoch 38 [70000/84843] Loss: 0.484870
Epoch 38 - Avg Loss: 0.576486 | Train Acc: 88.08%
Val: loss=0.4192, acc=10410/10975 (94.85%)
Epoch 39 [0/84843] Loss: 0.850659
Epoch 39 [35000/84843] Loss: 0.644906
Epoch 39 [70000/84843] Loss: 0.386617
Epoch 39 - Avg Loss: 0.567959 | Train Acc: 88.52%
Val: loss=0.4107, acc=10426/10975 (95.00%)
Epoch 40 [0/84843] Loss: 0.407406
Epoch 40 [35000/84843] Loss: 0.424714
Epoch 40 [70000/84843] Loss: 0.506356
Epoch 40 - Avg Loss: 0.569356 | Train Acc: 88.33%
Val: loss=0.4063, acc=10443/10975 (95.15%)
Epoch 41 [0/84843] Loss: 0.692597
Epoch 41 [35000/84843] Loss: 0.644194
Epoch 41 [70000/84843] Loss: 0.746726
Epoch 41 - Avg Loss: 0.572414 | Train Acc: 88.32%
Val: loss=0.3957, acc=10470/10975 (95.40%)
Epoch 42 [0/84843] Loss: 0.479648
Epoch 42 [35000/84843] Loss: 0.524712
Epoch 42 [70000/84843] Loss: 0.516991
Epoch 42 - Avg Loss: 0.575713 | Train Acc: 88.16%
Val: loss=0.4049, acc=10459/10975 (95.30%)
Epoch 43 [0/84843] Loss: 0.483497
Epoch 43 [35000/84843] Loss: 0.448335
Epoch 43 [70000/84843] Loss: 0.509662
Epoch 43 - Avg Loss: 0.562112 | Train Acc: 88.74%
Val: loss=0.3942, acc=10502/10975 (95.69%)
Epoch 44 [0/84843] Loss: 0.437807
Epoch 44 [35000/84843] Loss: 0.640882
Epoch 44 [70000/84843] Loss: 0.595942
Epoch 44 - Avg Loss: 0.559795 | Train Acc: 88.71%
Val: loss=0.3983, acc=10471/10975 (95.41%)
Epoch 45 [0/84843] Loss: 0.762423
Epoch 45 [35000/84843] Loss: 0.517883
Epoch 45 [70000/84843] Loss: 0.459295
Epoch 45 - Avg Loss: 0.563331 | Train Acc: 88.65%
Val: loss=0.3922, acc=10506/10975 (95.73%)
saved best: 95.73%
Epoch 46 [0/84843] Loss: 0.472662
Epoch 46 [35000/84843] Loss: 0.467845
Epoch 46 [70000/84843] Loss: 0.610370
Epoch 46 - Avg Loss: 0.565729 | Train Acc: 88.59%
Val: loss=0.3973, acc=10494/10975 (95.62%)
Epoch 47 [0/84843] Loss: 0.694113
Epoch 47 [35000/84843] Loss: 0.576772
Epoch 47 [70000/84843] Loss: 0.621734
Epoch 47 - Avg Loss: 0.565252 | Train Acc: 88.53%
Val: loss=0.4035, acc=10465/10975 (95.35%)
Epoch 48 [0/84843] Loss: 0.487976
Epoch 48 [35000/84843] Loss: 0.527930
Epoch 48 [70000/84843] Loss: 0.623628
Epoch 48 - Avg Loss: 0.555786 | Train Acc: 88.89%
Val: loss=0.4125, acc=10439/10975 (95.12%)
Epoch 49 [0/84843] Loss: 0.838437
Epoch 49 [35000/84843] Loss: 0.454684
Epoch 49 [70000/84843] Loss: 0.513548
Epoch 49 - Avg Loss: 0.561424 | Train Acc: 88.64%
Val: loss=0.4056, acc=10432/10975 (95.05%)
Epoch 50 [0/84843] Loss: 0.486410
Epoch 50 [35000/84843] Loss: 0.474787
Epoch 50 [70000/84843] Loss: 0.812131
Epoch 50 - Avg Loss: 0.555149 | Train Acc: 88.80%
Val: loss=0.4016, acc=10464/10975 (95.34%)
Epoch 51 [0/84843] Loss: 0.635238
Epoch 51 [35000/84843] Loss: 1.002614
Epoch 51 [70000/84843] Loss: 0.668220
Epoch 51 - Avg Loss: 0.562554 | Train Acc: 88.69%
Val: loss=0.3965, acc=10497/10975 (95.64%)
Epoch 52 [0/84843] Loss: 0.450725
Epoch 52 [35000/84843] Loss: 0.433430
Epoch 52 [70000/84843] Loss: 0.439899
Epoch 52 - Avg Loss: 0.563941 | Train Acc: 88.51%
Val: loss=0.3945, acc=10509/10975 (95.75%)
saved best: 95.75%
Epoch 53 [0/84843] Loss: 0.552044
Epoch 53 [35000/84843] Loss: 0.462758
Epoch 53 [70000/84843] Loss: 0.420698
Epoch 53 - Avg Loss: 0.557068 | Train Acc: 88.88%
Val: loss=0.3912, acc=10520/10975 (95.85%)
saved best: 95.85%
Epoch 54 [0/84843] Loss: 0.989439
Epoch 54 [35000/84843] Loss: 0.604376
Epoch 54 [70000/84843] Loss: 0.530160
Epoch 54 - Avg Loss: 0.559052 | Train Acc: 88.77%
Val: loss=0.3979, acc=10482/10975 (95.51%)
Epoch 55 [0/84843] Loss: 0.503009
Epoch 55 [35000/84843] Loss: 0.795025
Epoch 55 [70000/84843] Loss: 0.609244
Epoch 55 - Avg Loss: 0.550483 | Train Acc: 89.16%
Val: loss=0.3819, acc=10551/10975 (96.14%)
saved best: 96.14%
Epoch 56 [0/84843] Loss: 0.620564
Epoch 56 [35000/84843] Loss: 0.370417
Epoch 56 [70000/84843] Loss: 0.520342
Epoch 56 - Avg Loss: 0.557851 | Train Acc: 88.83%
Val: loss=0.4021, acc=10460/10975 (95.31%)
Epoch 57 [0/84843] Loss: 0.454023
Epoch 57 [35000/84843] Loss: 0.540790
Epoch 57 [70000/84843] Loss: 0.528137
Epoch 57 - Avg Loss: 0.553870 | Train Acc: 88.98%
Val: loss=0.3831, acc=10549/10975 (96.12%)
Epoch 58 [0/84843] Loss: 0.613288
Epoch 58 [35000/84843] Loss: 0.498242
Epoch 58 [70000/84843] Loss: 0.513768
Epoch 58 - Avg Loss: 0.551060 | Train Acc: 89.08%
Val: loss=0.3853, acc=10532/10975 (95.96%)
Epoch 59 [0/84843] Loss: 0.390886
Epoch 59 [35000/84843] Loss: 0.495901
Epoch 59 [70000/84843] Loss: 0.438850
Epoch 59 - Avg Loss: 0.552634 | Train Acc: 89.05%
Val: loss=0.3818, acc=10542/10975 (96.05%)
Epoch 60 [0/84843] Loss: 0.481516
Epoch 60 [35000/84843] Loss: 0.347853
Epoch 60 [70000/84843] Loss: 0.666692
Epoch 60 - Avg Loss: 0.550429 | Train Acc: 89.09%
Val: loss=0.3935, acc=10498/10975 (95.65%)
Epoch 61 [0/84843] Loss: 0.557996
Epoch 61 [35000/84843] Loss: 0.538805
Epoch 61 [70000/84843] Loss: 0.638246
Epoch 61 - Avg Loss: 0.552189 | Train Acc: 89.11%
Val: loss=0.3946, acc=10494/10975 (95.62%)
Epoch 62 [0/84843] Loss: 0.855316
Epoch 62 [35000/84843] Loss: 0.452589
Epoch 62 [70000/84843] Loss: 0.628547
Epoch 62 - Avg Loss: 0.543432 | Train Acc: 89.42%
Val: loss=0.3902, acc=10529/10975 (95.94%)
Epoch 63 [0/84843] Loss: 0.604679
Epoch 63 [35000/84843] Loss: 0.762404
Epoch 63 [70000/84843] Loss: 0.478728
Epoch 63 - Avg Loss: 0.552693 | Train Acc: 88.96%
Val: loss=0.3930, acc=10490/10975 (95.58%)
Epoch 64 [0/84843] Loss: 0.456281
Epoch 64 [35000/84843] Loss: 0.570862
Epoch 64 [70000/84843] Loss: 0.447584
Epoch 64 - Avg Loss: 0.546859 | Train Acc: 89.26%
Val: loss=0.3862, acc=10537/10975 (96.01%)
Epoch 65 [0/84843] Loss: 0.586010
Epoch 65 [35000/84843] Loss: 0.671109
Epoch 65 [70000/84843] Loss: 0.371924
Epoch 65 - Avg Loss: 0.551427 | Train Acc: 89.13%
Val: loss=0.3875, acc=10518/10975 (95.84%)
Epoch 66 [0/84843] Loss: 0.731282
Epoch 66 [35000/84843] Loss: 0.581455
Epoch 66 [70000/84843] Loss: 0.665291
Epoch 66 - Avg Loss: 0.553121 | Train Acc: 88.96%
Val: loss=0.4001, acc=10470/10975 (95.40%)
Epoch 67 [0/84843] Loss: 0.427549
Epoch 67 [35000/84843] Loss: 0.695099
Epoch 67 [70000/84843] Loss: 0.659943
Epoch 67 - Avg Loss: 0.550500 | Train Acc: 89.09%
Val: loss=0.3882, acc=10534/10975 (95.98%)
Epoch 68 [0/84843] Loss: 0.399296
Epoch 68 [35000/84843] Loss: 0.381954
Epoch 68 [70000/84843] Loss: 0.588566
Epoch 68 - Avg Loss: 0.549534 | Train Acc: 89.14%
Val: loss=0.3962, acc=10490/10975 (95.58%)
Epoch 69 [0/84843] Loss: 0.541602
Epoch 69 [35000/84843] Loss: 0.581628
Epoch 69 [70000/84843] Loss: 0.413366
Epoch 69 - Avg Loss: 0.547035 | Train Acc: 89.21%
Val: loss=0.3887, acc=10529/10975 (95.94%)
Epoch 70 [0/84843] Loss: 0.506978
Epoch 70 [35000/84843] Loss: 0.452005
Epoch 70 [70000/84843] Loss: 0.531915
Epoch 70 - Avg Loss: 0.544911 | Train Acc: 89.37%
Val: loss=0.3868, acc=10515/10975 (95.81%)
Epoch 71 [0/84843] Loss: 0.613808
Epoch 71 [35000/84843] Loss: 0.508373
Epoch 71 [70000/84843] Loss: 0.535759
Epoch 71 - Avg Loss: 0.543991 | Train Acc: 89.36%
Val: loss=0.3824, acc=10552/10975 (96.15%)
saved best: 96.15%
Epoch 72 [0/84843] Loss: 0.454028
Epoch 72 [35000/84843] Loss: 0.935889
Epoch 72 [70000/84843] Loss: 0.775140
Epoch 72 - Avg Loss: 0.544387 | Train Acc: 89.31%
Val: loss=0.3914, acc=10508/10975 (95.74%)
Epoch 73 [0/84843] Loss: 0.423172
Epoch 73 [35000/84843] Loss: 0.552565
Epoch 73 [70000/84843] Loss: 0.509960
Epoch 73 - Avg Loss: 0.547545 | Train Acc: 89.11%
Val: loss=0.3927, acc=10488/10975 (95.56%)
Epoch 74 [0/84843] Loss: 0.381216
Epoch 74 [35000/84843] Loss: 0.554651
Epoch 74 [70000/84843] Loss: 0.707224
Epoch 74 - Avg Loss: 0.549914 | Train Acc: 89.11%
Val: loss=0.3937, acc=10509/10975 (95.75%)
Epoch 75 [0/84843] Loss: 0.607617
Epoch 75 [35000/84843] Loss: 0.354516
Epoch 75 [70000/84843] Loss: 0.418815
Epoch 75 - Avg Loss: 0.543521 | Train Acc: 89.35%
Val: loss=0.3868, acc=10534/10975 (95.98%)
Epoch 76 [0/84843] Loss: 0.618280
Epoch 76 [35000/84843] Loss: 0.579284
Epoch 76 [70000/84843] Loss: 0.344078
Epoch 76 - Avg Loss: 0.541987 | Train Acc: 89.41%
Val: loss=0.3786, acc=10559/10975 (96.21%)
saved best: 96.21%
Epoch 77 [0/84843] Loss: 0.576034
Epoch 77 [35000/84843] Loss: 0.655538
Epoch 77 [70000/84843] Loss: 0.731328
Epoch 77 - Avg Loss: 0.541477 | Train Acc: 89.43%
Val: loss=0.3889, acc=10542/10975 (96.05%)
Epoch 78 [0/84843] Loss: 0.560774
Epoch 78 [35000/84843] Loss: 0.632183
Epoch 78 [70000/84843] Loss: 0.582898
Epoch 78 - Avg Loss: 0.546978 | Train Acc: 89.13%
Val: loss=0.3803, acc=10555/10975 (96.17%)
Epoch 79 [0/84843] Loss: 0.420606
Epoch 79 [35000/84843] Loss: 0.549997
Epoch 79 [70000/84843] Loss: 0.485875
Epoch 79 - Avg Loss: 0.543106 | Train Acc: 89.32%
Val: loss=0.3786, acc=10569/10975 (96.30%)
saved best: 96.30%
Epoch 80 [0/84843] Loss: 0.565683
Epoch 80 [35000/84843] Loss: 0.457452
Epoch 80 [70000/84843] Loss: 0.812542
Epoch 80 - Avg Loss: 0.541549 | Train Acc: 89.44%
Val: loss=0.3846, acc=10545/10975 (96.08%)
Epoch 81 [0/84843] Loss: 0.308209
Epoch 81 [35000/84843] Loss: 0.862629
Epoch 81 [70000/84843] Loss: 0.810382
Epoch 81 - Avg Loss: 0.543194 | Train Acc: 89.38%
Val: loss=0.3828, acc=10556/10975 (96.18%)
Epoch 82 [0/84843] Loss: 0.878329
Epoch 82 [35000/84843] Loss: 0.377976
Epoch 82 [70000/84843] Loss: 0.343307
Epoch 82 - Avg Loss: 0.540229 | Train Acc: 89.47%
Val: loss=0.3779, acc=10550/10975 (96.13%)
Epoch 83 [0/84843] Loss: 0.522503
Epoch 83 [35000/84843] Loss: 0.366335
Epoch 83 [70000/84843] Loss: 0.437803
Epoch 83 - Avg Loss: 0.546745 | Train Acc: 89.27%
Val: loss=0.3811, acc=10541/10975 (96.05%)
Epoch 84 [0/84843] Loss: 0.421440
Epoch 84 [35000/84843] Loss: 0.608988
Epoch 84 [70000/84843] Loss: 0.671123
Epoch 84 - Avg Loss: 0.537201 | Train Acc: 89.56%
Val: loss=0.3747, acc=10590/10975 (96.49%)
saved best: 96.49%
Epoch 85 [0/84843] Loss: 0.708344
Epoch 85 [35000/84843] Loss: 0.498151
Epoch 85 [70000/84843] Loss: 0.328319
Epoch 85 - Avg Loss: 0.544891 | Train Acc: 89.27%
Val: loss=0.3755, acc=10557/10975 (96.19%)
Epoch 86 [0/84843] Loss: 0.496977
Epoch 86 [35000/84843] Loss: 0.595593
Epoch 86 [70000/84843] Loss: 0.494510
Epoch 86 - Avg Loss: 0.539460 | Train Acc: 89.50%
Val: loss=0.3893, acc=10530/10975 (95.95%)
Epoch 87 [0/84843] Loss: 0.558456
Epoch 87 [35000/84843] Loss: 0.415944
Epoch 87 [70000/84843] Loss: 0.503872
Epoch 87 - Avg Loss: 0.536795 | Train Acc: 89.54%
Val: loss=0.3793, acc=10555/10975 (96.17%)
Epoch 88 [0/84843] Loss: 0.452451
Epoch 88 [35000/84843] Loss: 0.437712
Epoch 88 [70000/84843] Loss: 0.824233
Epoch 88 - Avg Loss: 0.540392 | Train Acc: 89.47%
Val: loss=0.3900, acc=10512/10975 (95.78%)
Epoch 89 [0/84843] Loss: 0.459277
Epoch 89 [35000/84843] Loss: 0.498560
Epoch 89 [70000/84843] Loss: 0.521502
Epoch 89 - Avg Loss: 0.538423 | Train Acc: 89.57%
Val: loss=0.3796, acc=10550/10975 (96.13%)
Epoch 90 [0/84843] Loss: 0.482590
Epoch 90 [35000/84843] Loss: 0.647021
Epoch 90 [70000/84843] Loss: 0.356993
Epoch 90 - Avg Loss: 0.536257 | Train Acc: 89.60%
Val: loss=0.3835, acc=10538/10975 (96.02%)
Epoch 91 [0/84843] Loss: 0.415884
Epoch 91 [35000/84843] Loss: 0.506365
Epoch 91 [70000/84843] Loss: 0.588702
Epoch 91 - Avg Loss: 0.538694 | Train Acc: 89.49%
Val: loss=0.3818, acc=10531/10975 (95.95%)
Epoch 92 [0/84843] Loss: 0.522440
Epoch 92 [35000/84843] Loss: 0.606542
Epoch 92 [70000/84843] Loss: 0.490558
Epoch 92 - Avg Loss: 0.531782 | Train Acc: 89.76%
Val: loss=0.3764, acc=10559/10975 (96.21%)
Epoch 93 [0/84843] Loss: 0.494763
Epoch 93 [35000/84843] Loss: 0.347602
Epoch 93 [70000/84843] Loss: 0.752642
Epoch 93 - Avg Loss: 0.528868 | Train Acc: 89.90%
Val: loss=0.3757, acc=10565/10975 (96.26%)
Epoch 94 [0/84843] Loss: 0.425193
Epoch 94 [35000/84843] Loss: 0.373225
Epoch 94 [70000/84843] Loss: 0.415199
Epoch 94 - Avg Loss: 0.530968 | Train Acc: 89.76%
Val: loss=0.3857, acc=10533/10975 (95.97%)
Epoch 95 [0/84843] Loss: 0.472472
Epoch 95 [35000/84843] Loss: 0.523653
Epoch 95 [70000/84843] Loss: 0.457278
Epoch 95 - Avg Loss: 0.536166 | Train Acc: 89.54%
Val: loss=0.3855, acc=10536/10975 (96.00%)
Epoch 96 [0/84843] Loss: 0.460080
Epoch 96 [35000/84843] Loss: 0.364467
Epoch 96 [70000/84843] Loss: 0.515932
Epoch 96 - Avg Loss: 0.532748 | Train Acc: 89.75%
Val: loss=0.3783, acc=10536/10975 (96.00%)
Epoch 97 [0/84843] Loss: 0.383284
Epoch 97 [35000/84843] Loss: 0.609935
Epoch 97 [70000/84843] Loss: 0.703763
Epoch 97 - Avg Loss: 0.537749 | Train Acc: 89.51%
Val: loss=0.3791, acc=10550/10975 (96.13%)
Epoch 98 [0/84843] Loss: 0.351580
Epoch 98 [35000/84843] Loss: 0.747445
Epoch 98 [70000/84843] Loss: 0.356634
Epoch 98 - Avg Loss: 0.533733 | Train Acc: 89.65%
Val: loss=0.3730, acc=10573/10975 (96.34%)
Epoch 99 [0/84843] Loss: 0.581642
Epoch 99 [35000/84843] Loss: 0.607539
Epoch 99 [70000/84843] Loss: 0.690764
Epoch 99 - Avg Loss: 0.536405 | Train Acc: 89.54%
Val: loss=0.3801, acc=10551/10975 (96.14%)
Epoch 100 [0/84843] Loss: 0.408318
Epoch 100 [35000/84843] Loss: 0.454031
Epoch 100 [70000/84843] Loss: 0.489522
Epoch 100 - Avg Loss: 0.533846 | Train Acc: 89.62%
Val: loss=0.3950, acc=10483/10975 (95.52%)
Epoch 101 [0/84843] Loss: 0.616473
Epoch 101 [35000/84843] Loss: 0.363678
Epoch 101 [70000/84843] Loss: 0.576916
Epoch 101 - Avg Loss: 0.533126 | Train Acc: 89.78%
Val: loss=0.3721, acc=10585/10975 (96.45%)
Epoch 102 [0/84843] Loss: 0.679372
Epoch 102 [35000/84843] Loss: 0.462301
Epoch 102 [70000/84843] Loss: 0.579677
Epoch 102 - Avg Loss: 0.533938 | Train Acc: 89.68%
Val: loss=0.3794, acc=10544/10975 (96.07%)
Epoch 103 [0/84843] Loss: 0.625109
Epoch 103 [35000/84843] Loss: 0.490606
Epoch 103 [70000/84843] Loss: 0.511324
Epoch 103 - Avg Loss: 0.531963 | Train Acc: 89.78%
Val: loss=0.3720, acc=10564/10975 (96.26%)
Epoch 104 [0/84843] Loss: 0.534960
Epoch 104 [35000/84843] Loss: 0.430746
Epoch 104 [70000/84843] Loss: 0.467949
Epoch 104 - Avg Loss: 0.530444 | Train Acc: 89.86%
Val: loss=0.3856, acc=10536/10975 (96.00%)
Epoch 105 [0/84843] Loss: 0.570057
Epoch 105 [35000/84843] Loss: 0.450927
Epoch 105 [70000/84843] Loss: 0.843168
Epoch 105 - Avg Loss: 0.536400 | Train Acc: 89.61%
Val: loss=0.3753, acc=10577/10975 (96.37%)
Epoch 106 [0/84843] Loss: 0.536568
Epoch 106 [35000/84843] Loss: 0.658346
Epoch 106 [70000/84843] Loss: 0.365200
Epoch 106 - Avg Loss: 0.526287 | Train Acc: 90.01%
Val: loss=0.3831, acc=10534/10975 (95.98%)
Epoch 107 [0/84843] Loss: 0.480346
Epoch 107 [35000/84843] Loss: 0.367348
Epoch 107 [70000/84843] Loss: 0.443138
Epoch 107 - Avg Loss: 0.527046 | Train Acc: 89.91%
Val: loss=0.3796, acc=10547/10975 (96.10%)
Epoch 108 [0/84843] Loss: 0.592092
Epoch 108 [35000/84843] Loss: 0.731035
Epoch 108 [70000/84843] Loss: 0.374946
Epoch 108 - Avg Loss: 0.531551 | Train Acc: 89.79%
Val: loss=0.3727, acc=10580/10975 (96.40%)
Epoch 109 [0/84843] Loss: 0.379784
Epoch 109 [35000/84843] Loss: 0.393218
Epoch 109 [70000/84843] Loss: 0.361155
Epoch 109 - Avg Loss: 0.525719 | Train Acc: 89.91%
Val: loss=0.3768, acc=10568/10975 (96.29%)
Epoch 110 [0/84843] Loss: 0.729967
Epoch 110 [35000/84843] Loss: 0.588983
Epoch 110 [70000/84843] Loss: 0.573838
Epoch 110 - Avg Loss: 0.528738 | Train Acc: 89.80%
Val: loss=0.3774, acc=10556/10975 (96.18%)
Epoch 111 [0/84843] Loss: 0.413055
Epoch 111 [35000/84843] Loss: 0.582892
Epoch 111 [70000/84843] Loss: 0.410916
Epoch 111 - Avg Loss: 0.532505 | Train Acc: 89.72%
Val: loss=0.3749, acc=10570/10975 (96.31%)
Epoch 112 [0/84843] Loss: 0.404901
Epoch 112 [35000/84843] Loss: 0.524677
Epoch 112 [70000/84843] Loss: 0.583090
Epoch 112 - Avg Loss: 0.524379 | Train Acc: 90.06%
Val: loss=0.3758, acc=10564/10975 (96.26%)
Epoch 113 [0/84843] Loss: 0.543703
Epoch 113 [35000/84843] Loss: 0.486622
Epoch 113 [70000/84843] Loss: 0.683339
Epoch 113 - Avg Loss: 0.532043 | Train Acc: 89.65%
Val: loss=0.3785, acc=10560/10975 (96.22%)
Epoch 114 [0/84843] Loss: 0.528306
Epoch 114 [35000/84843] Loss: 0.513420
Epoch 114 [70000/84843] Loss: 0.547945
Epoch 114 - Avg Loss: 0.533154 | Train Acc: 89.74%
Val: loss=0.3786, acc=10557/10975 (96.19%)
Epoch 115 [0/84843] Loss: 0.411172
Epoch 115 [35000/84843] Loss: 0.537006
Epoch 115 [70000/84843] Loss: 0.489353
Epoch 115 - Avg Loss: 0.526830 | Train Acc: 89.98%
Val: loss=0.3819, acc=10545/10975 (96.08%)
Epoch 116 [0/84843] Loss: 0.436008
Epoch 116 [35000/84843] Loss: 0.554244
Epoch 116 [70000/84843] Loss: 0.687925
Epoch 116 - Avg Loss: 0.532949 | Train Acc: 89.67%
Val: loss=0.3721, acc=10589/10975 (96.48%)
Epoch 117 [0/84843] Loss: 0.792976
Epoch 117 [35000/84843] Loss: 0.457020
Epoch 117 [70000/84843] Loss: 0.400671
Epoch 117 - Avg Loss: 0.521138 | Train Acc: 90.29%
Val: loss=0.3776, acc=10548/10975 (96.11%)
Epoch 118 [0/84843] Loss: 0.460370
Epoch 118 [35000/84843] Loss: 0.517271
Epoch 118 [70000/84843] Loss: 0.445801
Epoch 118 - Avg Loss: 0.531134 | Train Acc: 89.76%
Val: loss=0.3766, acc=10570/10975 (96.31%)
Epoch 119 [0/84843] Loss: 0.450767
Epoch 119 [35000/84843] Loss: 0.634669
Epoch 119 [70000/84843] Loss: 0.572143
Epoch 119 - Avg Loss: 0.524803 | Train Acc: 89.97%
Val: loss=0.3837, acc=10525/10975 (95.90%)
Epoch 120 [0/84843] Loss: 0.474906
Epoch 120 [35000/84843] Loss: 0.623317
Epoch 120 [70000/84843] Loss: 0.402054
Epoch 120 - Avg Loss: 0.529207 | Train Acc: 89.90%
Val: loss=0.3805, acc=10546/10975 (96.09%)
Epoch 121 [0/84843] Loss: 0.411589
Epoch 121 [35000/84843] Loss: 0.576275
Epoch 121 [70000/84843] Loss: 0.594345
Epoch 121 - Avg Loss: 0.525871 | Train Acc: 89.94%
Val: loss=0.3753, acc=10571/10975 (96.32%)
Epoch 122 [0/84843] Loss: 0.613910
Epoch 122 [35000/84843] Loss: 0.695231
Epoch 122 [70000/84843] Loss: 0.506242
Epoch 122 - Avg Loss: 0.525435 | Train Acc: 89.94%
Val: loss=0.3712, acc=10581/10975 (96.41%)
Epoch 123 [0/84843] Loss: 0.872178
Epoch 123 [35000/84843] Loss: 0.777823
Epoch 123 [70000/84843] Loss: 0.568945
Epoch 123 - Avg Loss: 0.521418 | Train Acc: 90.18%
Val: loss=0.3741, acc=10575/10975 (96.36%)
Epoch 124 [0/84843] Loss: 0.467910
Epoch 124 [35000/84843] Loss: 0.542127
Epoch 124 [70000/84843] Loss: 0.480281
Epoch 124 - Avg Loss: 0.523198 | Train Acc: 90.09%
Val: loss=0.3718, acc=10589/10975 (96.48%)
Epoch 125 [0/84843] Loss: 0.429450
Epoch 125 [35000/84843] Loss: 0.505670
Epoch 125 [70000/84843] Loss: 0.597600
Epoch 125 - Avg Loss: 0.527042 | Train Acc: 89.95%
Val: loss=0.3866, acc=10500/10975 (95.67%)
Epoch 126 [0/84843] Loss: 0.402757
Epoch 126 [35000/84843] Loss: 0.373469
Epoch 126 [70000/84843] Loss: 0.747046
Epoch 126 - Avg Loss: 0.523717 | Train Acc: 90.01%
Val: loss=0.3757, acc=10540/10975 (96.04%)
Epoch 127 [0/84843] Loss: 0.571052
Epoch 127 [35000/84843] Loss: 0.464071
Epoch 127 [70000/84843] Loss: 0.374708
Epoch 127 - Avg Loss: 0.524264 | Train Acc: 90.03%
Val: loss=0.3851, acc=10526/10975 (95.91%)
Epoch 128 [0/84843] Loss: 0.575619
Epoch 128 [35000/84843] Loss: 0.515976
Epoch 128 [70000/84843] Loss: 0.346015
Epoch 128 - Avg Loss: 0.524346 | Train Acc: 90.01%
Val: loss=0.3757, acc=10570/10975 (96.31%)
Epoch 129 [0/84843] Loss: 0.536770
Epoch 129 [35000/84843] Loss: 0.845505
Epoch 129 [70000/84843] Loss: 0.375425
Epoch 129 - Avg Loss: 0.518636 | Train Acc: 90.26%
Val: loss=0.3761, acc=10581/10975 (96.41%)
Epoch 130 [0/84843] Loss: 0.659606
Epoch 130 [35000/84843] Loss: 0.395132
Epoch 130 [70000/84843] Loss: 0.480109
Epoch 130 - Avg Loss: 0.522647 | Train Acc: 90.16%
Val: loss=0.3843, acc=10544/10975 (96.07%)
Epoch 131 [0/84843] Loss: 0.572576
Epoch 131 [35000/84843] Loss: 0.706107
Epoch 131 [70000/84843] Loss: 0.881645
Epoch 131 - Avg Loss: 0.524665 | Train Acc: 89.99%
Val: loss=0.3627, acc=10617/10975 (96.74%)
saved best: 96.74%
Epoch 132 [0/84843] Loss: 0.370018
Epoch 132 [35000/84843] Loss: 0.481845
Epoch 132 [70000/84843] Loss: 0.530668
Epoch 132 - Avg Loss: 0.522016 | Train Acc: 90.07%
Val: loss=0.3716, acc=10575/10975 (96.36%)
Epoch 133 [0/84843] Loss: 0.342187
Epoch 133 [35000/84843] Loss: 0.753234
Epoch 133 [70000/84843] Loss: 0.459154
Epoch 133 - Avg Loss: 0.526514 | Train Acc: 90.01%
Val: loss=0.3681, acc=10583/10975 (96.43%)
Epoch 134 [0/84843] Loss: 0.354847
Epoch 134 [35000/84843] Loss: 0.700272
Epoch 134 [70000/84843] Loss: 0.527790
Epoch 134 - Avg Loss: 0.522696 | Train Acc: 90.07%
Val: loss=0.3718, acc=10575/10975 (96.36%)
Epoch 135 [0/84843] Loss: 0.557616
Epoch 135 [35000/84843] Loss: 0.562523
Epoch 135 [70000/84843] Loss: 0.397230
Epoch 135 - Avg Loss: 0.513835 | Train Acc: 90.44%
Val: loss=0.3747, acc=10554/10975 (96.16%)
Epoch 136 [0/84843] Loss: 0.379428
Epoch 136 [35000/84843] Loss: 0.393011
Epoch 136 [70000/84843] Loss: 0.658663
Epoch 136 - Avg Loss: 0.522247 | Train Acc: 90.18%
Val: loss=0.3753, acc=10583/10975 (96.43%)
Epoch 137 [0/84843] Loss: 0.502747
Epoch 137 [35000/84843] Loss: 0.618495
Epoch 137 [70000/84843] Loss: 0.569251
Epoch 137 - Avg Loss: 0.520255 | Train Acc: 90.27%
Val: loss=0.3758, acc=10556/10975 (96.18%)
Epoch 138 [0/84843] Loss: 0.481821
Epoch 138 [35000/84843] Loss: 0.678675
Epoch 138 [70000/84843] Loss: 0.512437
Epoch 138 - Avg Loss: 0.517953 | Train Acc: 90.31%
Val: loss=0.3811, acc=10539/10975 (96.03%)
Epoch 139 [0/84843] Loss: 0.594138
Epoch 139 [35000/84843] Loss: 0.454979
Epoch 139 [70000/84843] Loss: 0.538723
Epoch 139 - Avg Loss: 0.513861 | Train Acc: 90.42%
Val: loss=0.3698, acc=10581/10975 (96.41%)
Epoch 140 [0/84843] Loss: 0.412507
Epoch 140 [35000/84843] Loss: 0.763233
Epoch 140 [70000/84843] Loss: 0.570090
Epoch 140 - Avg Loss: 0.524119 | Train Acc: 90.02%
Val: loss=0.3643, acc=10601/10975 (96.59%)
Epoch 141 [0/84843] Loss: 0.540694
Epoch 141 [35000/84843] Loss: 0.364372
Epoch 141 [70000/84843] Loss: 0.362833
Epoch 141 - Avg Loss: 0.520529 | Train Acc: 90.16%
Val: loss=0.3896, acc=10493/10975 (95.61%)
Epoch 142 [0/84843] Loss: 0.473234
Epoch 142 [35000/84843] Loss: 0.367368
Epoch 142 [70000/84843] Loss: 0.486833
Epoch 142 - Avg Loss: 0.520879 | Train Acc: 90.19%
Val: loss=0.3761, acc=10560/10975 (96.22%)
Epoch 143 [0/84843] Loss: 0.410535
Epoch 143 [35000/84843] Loss: 0.580565
Epoch 143 [70000/84843] Loss: 0.423171
Epoch 143 - Avg Loss: 0.513230 | Train Acc: 90.45%
Val: loss=0.3671, acc=10581/10975 (96.41%)
Epoch 144 [0/84843] Loss: 0.461496
Epoch 144 [35000/84843] Loss: 0.640334
Epoch 144 [70000/84843] Loss: 0.839674
Epoch 144 - Avg Loss: 0.516170 | Train Acc: 90.30%
Val: loss=0.3840, acc=10545/10975 (96.08%)
Epoch 145 [0/84843] Loss: 0.423367
Epoch 145 [35000/84843] Loss: 0.399436
Epoch 145 [70000/84843] Loss: 0.633258
Epoch 145 - Avg Loss: 0.513004 | Train Acc: 90.46%
Val: loss=0.3679, acc=10584/10975 (96.44%)
Epoch 146 [0/84843] Loss: 0.445014
Epoch 146 [35000/84843] Loss: 0.512439
Epoch 146 [70000/84843] Loss: 0.409782
Epoch 146 - Avg Loss: 0.518373 | Train Acc: 90.25%
Val: loss=0.3740, acc=10547/10975 (96.10%)
Epoch 147 [0/84843] Loss: 0.471166
Epoch 147 [35000/84843] Loss: 0.398743
Epoch 147 [70000/84843] Loss: 0.612397
Epoch 147 - Avg Loss: 0.516386 | Train Acc: 90.36%
Val: loss=0.3697, acc=10587/10975 (96.46%)
Epoch 148 [0/84843] Loss: 0.439778
Epoch 148 [35000/84843] Loss: 0.400169
Epoch 148 [70000/84843] Loss: 0.678233
Epoch 148 - Avg Loss: 0.516483 | Train Acc: 90.35%
Val: loss=0.3709, acc=10603/10975 (96.61%)
Epoch 149 [0/84843] Loss: 0.567943
Epoch 149 [35000/84843] Loss: 0.522227
Epoch 149 [70000/84843] Loss: 0.365320
Epoch 149 - Avg Loss: 0.516971 | Train Acc: 90.20%
Val: loss=0.3687, acc=10584/10975 (96.44%)
Epoch 150 [0/84843] Loss: 0.368070
Epoch 150 [35000/84843] Loss: 0.442764
Epoch 150 [70000/84843] Loss: 0.405713
Epoch 150 - Avg Loss: 0.514022 | Train Acc: 90.38%
Val: loss=0.3744, acc=10575/10975 (96.36%)
Epoch 151 [0/84843] Loss: 0.488018
Epoch 151 [35000/84843] Loss: 0.658921
Epoch 151 [70000/84843] Loss: 0.464651
Epoch 151 - Avg Loss: 0.515374 | Train Acc: 90.49%
Val: loss=0.3705, acc=10572/10975 (96.33%)
Epoch 152 [0/84843] Loss: 0.472256
Epoch 152 [35000/84843] Loss: 0.530379
Epoch 152 [70000/84843] Loss: 0.731320
Epoch 152 - Avg Loss: 0.517932 | Train Acc: 90.25%
Val: loss=0.3699, acc=10590/10975 (96.49%)
Epoch 153 [0/84843] Loss: 0.381416
Epoch 153 [35000/84843] Loss: 0.593755
Epoch 153 [70000/84843] Loss: 0.516976
Epoch 153 - Avg Loss: 0.519480 | Train Acc: 90.27%
Val: loss=0.3744, acc=10571/10975 (96.32%)
Epoch 154 [0/84843] Loss: 0.343696
Epoch 154 [35000/84843] Loss: 0.506807
Epoch 154 [70000/84843] Loss: 0.620104
Epoch 154 - Avg Loss: 0.518327 | Train Acc: 90.33%
Val: loss=0.3811, acc=10522/10975 (95.87%)
Epoch 155 [0/84843] Loss: 0.409322
Epoch 155 [35000/84843] Loss: 0.476278
Epoch 155 [70000/84843] Loss: 0.347124
Epoch 155 - Avg Loss: 0.512670 | Train Acc: 90.50%
Val: loss=0.3677, acc=10602/10975 (96.60%)
Epoch 156 [0/84843] Loss: 0.547177
Epoch 156 [35000/84843] Loss: 0.460028
Epoch 156 [70000/84843] Loss: 0.481941
Epoch 156 - Avg Loss: 0.513889 | Train Acc: 90.41%
Val: loss=0.3666, acc=10597/10975 (96.56%)
Epoch 157 [0/84843] Loss: 0.467981
Epoch 157 [35000/84843] Loss: 0.321690
Epoch 157 [70000/84843] Loss: 0.539248
Epoch 157 - Avg Loss: 0.516575 | Train Acc: 90.30%
Val: loss=0.3648, acc=10605/10975 (96.63%)
Epoch 158 [0/84843] Loss: 0.460338
Epoch 158 [35000/84843] Loss: 0.439179
Epoch 158 [70000/84843] Loss: 0.518004
Epoch 158 - Avg Loss: 0.510701 | Train Acc: 90.54%
Val: loss=0.3736, acc=10563/10975 (96.25%)
Epoch 159 [0/84843] Loss: 0.442368
Epoch 159 [35000/84843] Loss: 0.575713
Epoch 159 [70000/84843] Loss: 0.423685
Epoch 159 - Avg Loss: 0.513996 | Train Acc: 90.44%
Val: loss=0.3695, acc=10572/10975 (96.33%)
Epoch 160 [0/84843] Loss: 0.598859
Epoch 160 [35000/84843] Loss: 0.497930
Epoch 160 [70000/84843] Loss: 0.380242
Epoch 160 - Avg Loss: 0.516005 | Train Acc: 90.38%
Val: loss=0.3737, acc=10590/10975 (96.49%)
Epoch 161 [0/84843] Loss: 0.636303
Epoch 161 [35000/84843] Loss: 0.514582
Epoch 161 [70000/84843] Loss: 0.510142
Epoch 161 - Avg Loss: 0.515675 | Train Acc: 90.34%
Val: loss=0.3763, acc=10540/10975 (96.04%)
Epoch 162 [0/84843] Loss: 0.408767
Epoch 162 [35000/84843] Loss: 0.638389
Epoch 162 [70000/84843] Loss: 0.824171
Epoch 162 - Avg Loss: 0.517404 | Train Acc: 90.21%
Val: loss=0.3714, acc=10585/10975 (96.45%)
Epoch 163 [0/84843] Loss: 0.506579
Epoch 163 [35000/84843] Loss: 0.630999
Epoch 163 [70000/84843] Loss: 0.467840
Epoch 163 - Avg Loss: 0.509242 | Train Acc: 90.55%
Val: loss=0.3763, acc=10564/10975 (96.26%)
Epoch 164 [0/84843] Loss: 0.414472
Epoch 164 [35000/84843] Loss: 0.450802
Epoch 164 [70000/84843] Loss: 0.464042
Epoch 164 - Avg Loss: 0.510255 | Train Acc: 90.62%
Val: loss=0.3667, acc=10598/10975 (96.56%)
Epoch 165 [0/84843] Loss: 0.521238
Epoch 165 [35000/84843] Loss: 1.002246
Epoch 165 [70000/84843] Loss: 0.495304
Epoch 165 - Avg Loss: 0.509649 | Train Acc: 90.65%
Val: loss=0.3704, acc=10590/10975 (96.49%)
Epoch 166 [0/84843] Loss: 0.633025
Epoch 166 [35000/84843] Loss: 0.373225
Epoch 166 [70000/84843] Loss: 0.525120
Epoch 166 - Avg Loss: 0.514102 | Train Acc: 90.47%
Val: loss=0.3635, acc=10600/10975 (96.58%)
Epoch 167 [0/84843] Loss: 0.414469
Epoch 167 [35000/84843] Loss: 0.406617
Epoch 167 [70000/84843] Loss: 0.389054
Epoch 167 - Avg Loss: 0.511753 | Train Acc: 90.51%
Val: loss=0.3728, acc=10595/10975 (96.54%)
Epoch 168 [0/84843] Loss: 0.428719
Epoch 168 [35000/84843] Loss: 0.498944
Epoch 168 [70000/84843] Loss: 0.637679
Epoch 168 - Avg Loss: 0.510415 | Train Acc: 90.57%
Val: loss=0.3620, acc=10620/10975 (96.77%)
saved best: 96.77%
Epoch 169 [0/84843] Loss: 0.700167
Epoch 169 [35000/84843] Loss: 0.545688
Epoch 169 [70000/84843] Loss: 0.688884
Epoch 169 - Avg Loss: 0.507752 | Train Acc: 90.62%
Val: loss=0.3715, acc=10590/10975 (96.49%)
Epoch 170 [0/84843] Loss: 0.546539
Epoch 170 [35000/84843] Loss: 0.360917
Epoch 170 [70000/84843] Loss: 0.796753
Epoch 170 - Avg Loss: 0.511799 | Train Acc: 90.57%
Val: loss=0.3675, acc=10594/10975 (96.53%)
Epoch 171 [0/84843] Loss: 0.470428
Epoch 171 [35000/84843] Loss: 0.745762
Epoch 171 [70000/84843] Loss: 0.306911
Epoch 171 - Avg Loss: 0.500411 | Train Acc: 90.92%
Val: loss=0.3666, acc=10586/10975 (96.46%)
Epoch 172 [0/84843] Loss: 0.433221
Epoch 172 [35000/84843] Loss: 0.536542
Epoch 172 [70000/84843] Loss: 0.487997
Epoch 172 - Avg Loss: 0.504444 | Train Acc: 90.85%
Val: loss=0.3706, acc=10576/10975 (96.36%)
Epoch 173 [0/84843] Loss: 0.416637
Epoch 173 [35000/84843] Loss: 0.445103
Epoch 173 [70000/84843] Loss: 0.363484
Epoch 173 - Avg Loss: 0.507432 | Train Acc: 90.63%
Val: loss=0.3671, acc=10594/10975 (96.53%)
Epoch 174 [0/84843] Loss: 0.457392
Epoch 174 [35000/84843] Loss: 0.309896
Epoch 174 [70000/84843] Loss: 0.333304
Epoch 174 - Avg Loss: 0.506629 | Train Acc: 90.69%
Val: loss=0.3681, acc=10600/10975 (96.58%)
Epoch 175 [0/84843] Loss: 0.430538
Epoch 175 [35000/84843] Loss: 0.818486
Epoch 175 [70000/84843] Loss: 0.482357
Epoch 175 - Avg Loss: 0.514386 | Train Acc: 90.39%
Val: loss=0.3746, acc=10569/10975 (96.30%)
Epoch 176 [0/84843] Loss: 0.607593
Epoch 176 [35000/84843] Loss: 0.941023
Epoch 176 [70000/84843] Loss: 0.587319
Epoch 176 - Avg Loss: 0.517070 | Train Acc: 90.32%
Val: loss=0.3709, acc=10579/10975 (96.39%)
Epoch 177 [0/84843] Loss: 0.670807
Epoch 177 [35000/84843] Loss: 0.669525
Epoch 177 [70000/84843] Loss: 0.404675
Epoch 177 - Avg Loss: 0.513233 | Train Acc: 90.42%
Val: loss=0.3751, acc=10565/10975 (96.26%)
Epoch 178 [0/84843] Loss: 0.352065
Epoch 178 [35000/84843] Loss: 0.499201
Epoch 178 [70000/84843] Loss: 0.431164
Epoch 178 - Avg Loss: 0.508003 | Train Acc: 90.60%
Val: loss=0.3645, acc=10592/10975 (96.51%)
Epoch 179 [0/84843] Loss: 0.539706
Epoch 179 [35000/84843] Loss: 0.639255
Epoch 179 [70000/84843] Loss: 0.514570
Epoch 179 - Avg Loss: 0.513015 | Train Acc: 90.43%
Val: loss=0.3605, acc=10624/10975 (96.80%)
saved best: 96.80%
Epoch 180 [0/84843] Loss: 0.376764
Epoch 180 [35000/84843] Loss: 0.638121
Epoch 180 [70000/84843] Loss: 0.616037
Epoch 180 - Avg Loss: 0.511237 | Train Acc: 90.50%
Val: loss=0.3624, acc=10614/10975 (96.71%)
Epoch 181 [0/84843] Loss: 0.560309
Epoch 181 [35000/84843] Loss: 0.490194
Epoch 181 [70000/84843] Loss: 0.589761
Epoch 181 - Avg Loss: 0.503133 | Train Acc: 90.85%
Val: loss=0.3558, acc=10638/10975 (96.93%)
saved best: 96.93%
Epoch 182 [0/84843] Loss: 0.387158
Epoch 182 [35000/84843] Loss: 0.353736
Epoch 182 [70000/84843] Loss: 0.861839
Epoch 182 - Avg Loss: 0.508647 | Train Acc: 90.64%
Val: loss=0.3636, acc=10610/10975 (96.67%)
Epoch 183 [0/84843] Loss: 0.381252
Epoch 183 [35000/84843] Loss: 0.560937
Epoch 183 [70000/84843] Loss: 0.474835
Epoch 183 - Avg Loss: 0.509625 | Train Acc: 90.59%
Val: loss=0.3681, acc=10575/10975 (96.36%)
Epoch 184 [0/84843] Loss: 0.444400
Epoch 184 [35000/84843] Loss: 0.350378
Epoch 184 [70000/84843] Loss: 0.449789
Epoch 184 - Avg Loss: 0.506325 | Train Acc: 90.64%
Val: loss=0.3649, acc=10597/10975 (96.56%)
Epoch 185 [0/84843] Loss: 0.575877
Epoch 185 [35000/84843] Loss: 0.358286
Epoch 185 [70000/84843] Loss: 0.920439
Epoch 185 - Avg Loss: 0.505818 | Train Acc: 90.77%
Val: loss=0.3592, acc=10640/10975 (96.95%)
saved best: 96.95%
Epoch 186 [0/84843] Loss: 0.428341
Epoch 186 [35000/84843] Loss: 0.387800
Epoch 186 [70000/84843] Loss: 0.698189
Epoch 186 - Avg Loss: 0.504444 | Train Acc: 90.74%
Val: loss=0.3634, acc=10612/10975 (96.69%)
Epoch 187 [0/84843] Loss: 0.574432
Epoch 187 [35000/84843] Loss: 0.491726
Epoch 187 [70000/84843] Loss: 0.366353
Epoch 187 - Avg Loss: 0.507158 | Train Acc: 90.62%
Val: loss=0.3647, acc=10602/10975 (96.60%)
Epoch 188 [0/84843] Loss: 0.593924
Epoch 188 [35000/84843] Loss: 0.455525
Epoch 188 [70000/84843] Loss: 0.386074
Epoch 188 - Avg Loss: 0.506100 | Train Acc: 90.71%
Val: loss=0.3671, acc=10597/10975 (96.56%)
Epoch 189 [0/84843] Loss: 0.598529
Epoch 189 [35000/84843] Loss: 0.476359
Epoch 189 [70000/84843] Loss: 0.702313
Epoch 189 - Avg Loss: 0.510486 | Train Acc: 90.59%
Val: loss=0.3693, acc=10581/10975 (96.41%)
Epoch 190 [0/84843] Loss: 0.477802
Epoch 190 [35000/84843] Loss: 0.694187
Epoch 190 [70000/84843] Loss: 0.719616
Epoch 190 - Avg Loss: 0.500114 | Train Acc: 90.90%
Val: loss=0.3589, acc=10636/10975 (96.91%)
Epoch 191 [0/84843] Loss: 0.611565
Epoch 191 [35000/84843] Loss: 0.403470
Epoch 191 [70000/84843] Loss: 0.395460
Epoch 191 - Avg Loss: 0.504659 | Train Acc: 90.75%
Val: loss=0.3648, acc=10604/10975 (96.62%)
Epoch 192 [0/84843] Loss: 0.476140
Epoch 192 [35000/84843] Loss: 0.378359
Epoch 192 [70000/84843] Loss: 0.602807
Epoch 192 - Avg Loss: 0.504919 | Train Acc: 90.68%
Val: loss=0.3628, acc=10599/10975 (96.57%)
Epoch 193 [0/84843] Loss: 0.383982
Epoch 193 [35000/84843] Loss: 0.425231
Epoch 193 [70000/84843] Loss: 0.415981
Epoch 193 - Avg Loss: 0.502124 | Train Acc: 90.88%
Val: loss=0.3627, acc=10617/10975 (96.74%)
Epoch 194 [0/84843] Loss: 0.489609
Epoch 194 [35000/84843] Loss: 0.394337
Epoch 194 [70000/84843] Loss: 0.380822
Epoch 194 - Avg Loss: 0.499644 | Train Acc: 90.97%
Val: loss=0.3613, acc=10629/10975 (96.85%)
Epoch 195 [0/84843] Loss: 0.408281
Epoch 195 [35000/84843] Loss: 0.376143
Epoch 195 [70000/84843] Loss: 0.571653
Epoch 195 - Avg Loss: 0.502295 | Train Acc: 90.87%
Val: loss=0.3652, acc=10599/10975 (96.57%)
Epoch 196 [0/84843] Loss: 0.535290
Epoch 196 [35000/84843] Loss: 0.433398
Epoch 196 [70000/84843] Loss: 0.790005
Epoch 196 - Avg Loss: 0.506566 | Train Acc: 90.77%
Val: loss=0.3667, acc=10610/10975 (96.67%)
Epoch 197 [0/84843] Loss: 0.463059
Epoch 197 [35000/84843] Loss: 0.572600
Epoch 197 [70000/84843] Loss: 0.563620
Epoch 197 - Avg Loss: 0.506212 | Train Acc: 90.73%
Val: loss=0.3570, acc=10640/10975 (96.95%)
Epoch 198 [0/84843] Loss: 0.539844
Epoch 198 [35000/84843] Loss: 0.782737
Epoch 198 [70000/84843] Loss: 0.541675
Epoch 198 - Avg Loss: 0.500680 | Train Acc: 90.99%
Val: loss=0.3669, acc=10604/10975 (96.62%)
Epoch 199 [0/84843] Loss: 0.470775
Epoch 199 [35000/84843] Loss: 0.380315
Epoch 199 [70000/84843] Loss: 0.438784
Epoch 199 - Avg Loss: 0.502801 | Train Acc: 90.89%
Val: loss=0.3625, acc=10609/10975 (96.67%)
Epoch 200 [0/84843] Loss: 0.435796
Epoch 200 [35000/84843] Loss: 0.653757
Epoch 200 [70000/84843] Loss: 0.533352
Epoch 200 - Avg Loss: 0.503786 | Train Acc: 90.82%
Val: loss=0.3620, acc=10618/10975 (96.75%)
Epoch 201 [0/84843] Loss: 0.391690
Epoch 201 [35000/84843] Loss: 0.287849
Epoch 201 [70000/84843] Loss: 0.370733
Epoch 201 - Avg Loss: 0.508114 | Train Acc: 90.62%
Val: loss=0.3615, acc=10616/10975 (96.73%)
Epoch 202 [0/84843] Loss: 0.386150
Epoch 202 [35000/84843] Loss: 0.532619
Epoch 202 [70000/84843] Loss: 0.545460
Epoch 202 - Avg Loss: 0.503972 | Train Acc: 90.79%
Val: loss=0.3588, acc=10625/10975 (96.81%)
Epoch 203 [0/84843] Loss: 0.747856
Epoch 203 [35000/84843] Loss: 0.449637
Epoch 203 [70000/84843] Loss: 0.589759
Epoch 203 - Avg Loss: 0.500758 | Train Acc: 90.98%
Val: loss=0.3637, acc=10601/10975 (96.59%)
Epoch 204 [0/84843] Loss: 0.434178
Epoch 204 [35000/84843] Loss: 0.725328
Epoch 204 [70000/84843] Loss: 0.582547
Epoch 204 - Avg Loss: 0.498944 | Train Acc: 91.05%
Val: loss=0.3650, acc=10604/10975 (96.62%)
Epoch 205 [0/84843] Loss: 0.433103
Epoch 205 [35000/84843] Loss: 0.376785
Epoch 205 [70000/84843] Loss: 0.558417
Epoch 205 - Avg Loss: 0.500662 | Train Acc: 90.96%
Val: loss=0.3599, acc=10629/10975 (96.85%)
Epoch 206 [0/84843] Loss: 0.375543
Epoch 206 [35000/84843] Loss: 0.313713
Epoch 206 [70000/84843] Loss: 0.557790
Epoch 206 - Avg Loss: 0.501939 | Train Acc: 90.90%
Val: loss=0.3654, acc=10611/10975 (96.68%)
Epoch 207 [0/84843] Loss: 0.364875
Epoch 207 [35000/84843] Loss: 0.380595
Epoch 207 [70000/84843] Loss: 0.656823
Epoch 207 - Avg Loss: 0.505994 | Train Acc: 90.75%
Val: loss=0.3626, acc=10612/10975 (96.69%)
Epoch 208 [0/84843] Loss: 0.460704
Epoch 208 [35000/84843] Loss: 0.496125
Epoch 208 [70000/84843] Loss: 0.351897
Epoch 208 - Avg Loss: 0.496253 | Train Acc: 91.05%
Val: loss=0.3669, acc=10597/10975 (96.56%)
Epoch 209 [0/84843] Loss: 0.692810
Epoch 209 [35000/84843] Loss: 0.550781
Epoch 209 [70000/84843] Loss: 0.432054
Epoch 209 - Avg Loss: 0.501925 | Train Acc: 90.81%
Val: loss=0.3604, acc=10613/10975 (96.70%)
Epoch 210 [0/84843] Loss: 0.502902
Epoch 210 [35000/84843] Loss: 0.451327
Epoch 210 [70000/84843] Loss: 0.501946
Epoch 210 - Avg Loss: 0.500245 | Train Acc: 90.93%
Val: loss=0.3625, acc=10614/10975 (96.71%)
Epoch 211 [0/84843] Loss: 0.448968
Epoch 211 [35000/84843] Loss: 0.508566
Epoch 211 [70000/84843] Loss: 0.721746
Epoch 211 - Avg Loss: 0.498631 | Train Acc: 91.04%
Val: loss=0.3583, acc=10622/10975 (96.78%)
Epoch 212 [0/84843] Loss: 0.373261
Epoch 212 [35000/84843] Loss: 0.500565
Epoch 212 [70000/84843] Loss: 0.445861
Epoch 212 - Avg Loss: 0.499195 | Train Acc: 91.00%
Val: loss=0.3670, acc=10603/10975 (96.61%)
Epoch 213 [0/84843] Loss: 0.433246
Epoch 213 [35000/84843] Loss: 0.621952
Epoch 213 [70000/84843] Loss: 0.612171
Epoch 213 - Avg Loss: 0.498780 | Train Acc: 90.88%
Val: loss=0.3598, acc=10629/10975 (96.85%)
Epoch 214 [0/84843] Loss: 0.525231
Epoch 214 [35000/84843] Loss: 0.800601
Epoch 214 [70000/84843] Loss: 0.408990
Epoch 214 - Avg Loss: 0.497029 | Train Acc: 91.08%
Val: loss=0.3632, acc=10609/10975 (96.67%)
Epoch 215 [0/84843] Loss: 0.628582
Epoch 215 [35000/84843] Loss: 0.469405
Epoch 215 [70000/84843] Loss: 0.351180
Epoch 215 - Avg Loss: 0.496136 | Train Acc: 91.20%
Val: loss=0.3604, acc=10620/10975 (96.77%)
Epoch 216 [0/84843] Loss: 0.710544
Epoch 216 [35000/84843] Loss: 0.535555
Epoch 216 [70000/84843] Loss: 0.388671
Epoch 216 - Avg Loss: 0.508312 | Train Acc: 90.56%
Val: loss=0.3650, acc=10603/10975 (96.61%)
Epoch 217 [0/84843] Loss: 0.449520
Epoch 217 [35000/84843] Loss: 0.410239
Epoch 217 [70000/84843] Loss: 0.354079
Epoch 217 - Avg Loss: 0.498120 | Train Acc: 90.97%
Val: loss=0.3636, acc=10602/10975 (96.60%)
Epoch 218 [0/84843] Loss: 0.639927
Epoch 218 [35000/84843] Loss: 0.366403
Epoch 218 [70000/84843] Loss: 0.743452
Epoch 218 - Avg Loss: 0.496621 | Train Acc: 91.07%
Val: loss=0.3729, acc=10561/10975 (96.23%)
Epoch 219 [0/84843] Loss: 0.468492
Epoch 219 [35000/84843] Loss: 0.457066
Epoch 219 [70000/84843] Loss: 0.411657
Epoch 219 - Avg Loss: 0.496348 | Train Acc: 91.17%
Val: loss=0.3618, acc=10612/10975 (96.69%)
Epoch 220 [0/84843] Loss: 0.471942
Epoch 220 [35000/84843] Loss: 0.762217
Epoch 220 [70000/84843] Loss: 0.352523
Epoch 220 - Avg Loss: 0.499869 | Train Acc: 90.95%
Val: loss=0.3571, acc=10630/10975 (96.86%)
Epoch 221 [0/84843] Loss: 0.495424
Epoch 221 [35000/84843] Loss: 0.538411
Epoch 221 [70000/84843] Loss: 0.410681
Epoch 221 - Avg Loss: 0.495523 | Train Acc: 91.12%
Val: loss=0.3564, acc=10621/10975 (96.77%)
Epoch 222 [0/84843] Loss: 0.369001
Epoch 222 [35000/84843] Loss: 0.386020
Epoch 222 [70000/84843] Loss: 0.462058
Epoch 222 - Avg Loss: 0.496711 | Train Acc: 91.14%
Val: loss=0.3610, acc=10622/10975 (96.78%)
Epoch 223 [0/84843] Loss: 0.380033
Epoch 223 [35000/84843] Loss: 0.391576
Epoch 223 [70000/84843] Loss: 0.417083
Epoch 223 - Avg Loss: 0.492998 | Train Acc: 91.22%
Val: loss=0.3572, acc=10643/10975 (96.97%)
saved best: 96.97%
Epoch 224 [0/84843] Loss: 0.409566
Epoch 224 [35000/84843] Loss: 0.537612
Epoch 224 [70000/84843] Loss: 0.569291
Epoch 224 - Avg Loss: 0.497216 | Train Acc: 91.10%
Val: loss=0.3596, acc=10633/10975 (96.88%)
Epoch 225 [0/84843] Loss: 0.638128
Epoch 225 [35000/84843] Loss: 0.356994
Epoch 225 [70000/84843] Loss: 0.457731
Epoch 225 - Avg Loss: 0.495816 | Train Acc: 91.11%
Val: loss=0.3704, acc=10598/10975 (96.56%)
Epoch 226 [0/84843] Loss: 0.392953
Epoch 226 [35000/84843] Loss: 0.637512
Epoch 226 [70000/84843] Loss: 0.744762
Epoch 226 - Avg Loss: 0.498594 | Train Acc: 91.04%
Val: loss=0.3586, acc=10636/10975 (96.91%)
Epoch 227 [0/84843] Loss: 0.372924
Epoch 227 [35000/84843] Loss: 0.690643
Epoch 227 [70000/84843] Loss: 0.572659
Epoch 227 - Avg Loss: 0.500296 | Train Acc: 91.02%
Val: loss=0.3610, acc=10622/10975 (96.78%)
Epoch 228 [0/84843] Loss: 0.458931
Epoch 228 [35000/84843] Loss: 0.518890
Epoch 228 [70000/84843] Loss: 0.488429
Epoch 228 - Avg Loss: 0.494434 | Train Acc: 91.24%
Val: loss=0.3582, acc=10623/10975 (96.79%)
Epoch 229 [0/84843] Loss: 0.772964
Epoch 229 [35000/84843] Loss: 0.484158
Epoch 229 [70000/84843] Loss: 0.525999
Epoch 229 - Avg Loss: 0.494729 | Train Acc: 91.23%
Val: loss=0.3591, acc=10625/10975 (96.81%)
Epoch 230 [0/84843] Loss: 0.473765
Epoch 230 [35000/84843] Loss: 0.425427
Epoch 230 [70000/84843] Loss: 0.440091
Epoch 230 - Avg Loss: 0.499443 | Train Acc: 90.93%
Val: loss=0.3564, acc=10651/10975 (97.05%)
saved best: 97.05%
Epoch 231 [0/84843] Loss: 0.466071
Epoch 231 [35000/84843] Loss: 0.637586
Epoch 231 [70000/84843] Loss: 0.416427
Epoch 231 - Avg Loss: 0.501195 | Train Acc: 90.94%
Val: loss=0.3698, acc=10572/10975 (96.33%)
Epoch 232 [0/84843] Loss: 0.695210
Epoch 232 [35000/84843] Loss: 0.339980
Epoch 232 [70000/84843] Loss: 0.449374
Epoch 232 - Avg Loss: 0.498692 | Train Acc: 91.01%
Val: loss=0.3615, acc=10623/10975 (96.79%)
Epoch 233 [0/84843] Loss: 0.497232
Epoch 233 [35000/84843] Loss: 0.378220
Epoch 233 [70000/84843] Loss: 0.401085
Epoch 233 - Avg Loss: 0.494131 | Train Acc: 91.12%
Val: loss=0.3584, acc=10632/10975 (96.87%)
Epoch 234 [0/84843] Loss: 0.564772
Epoch 234 [35000/84843] Loss: 0.583071
Epoch 234 [70000/84843] Loss: 0.396362
Epoch 234 - Avg Loss: 0.492038 | Train Acc: 91.23%
Val: loss=0.3592, acc=10624/10975 (96.80%)
Epoch 235 [0/84843] Loss: 0.295270
Epoch 235 [35000/84843] Loss: 0.299148
Epoch 235 [70000/84843] Loss: 0.576966
Epoch 235 - Avg Loss: 0.493131 | Train Acc: 91.23%
Val: loss=0.3551, acc=10639/10975 (96.94%)
Epoch 236 [0/84843] Loss: 0.555075
Epoch 236 [35000/84843] Loss: 0.487134
Epoch 236 [70000/84843] Loss: 0.745355
Epoch 236 - Avg Loss: 0.495378 | Train Acc: 91.10%
Val: loss=0.3598, acc=10618/10975 (96.75%)
Epoch 237 [0/84843] Loss: 0.355404
Epoch 237 [35000/84843] Loss: 0.366632
Epoch 237 [70000/84843] Loss: 0.547490
Epoch 237 - Avg Loss: 0.491020 | Train Acc: 91.29%
Val: loss=0.3584, acc=10641/10975 (96.96%)
Epoch 238 [0/84843] Loss: 0.448864
Epoch 238 [35000/84843] Loss: 0.502763
Epoch 238 [70000/84843] Loss: 0.392963
Epoch 238 - Avg Loss: 0.494424 | Train Acc: 91.12%
Val: loss=0.3579, acc=10639/10975 (96.94%)
Epoch 239 [0/84843] Loss: 0.370928
Epoch 239 [35000/84843] Loss: 0.418679
Epoch 239 [70000/84843] Loss: 0.992926
Epoch 239 - Avg Loss: 0.492272 | Train Acc: 91.22%
Val: loss=0.3560, acc=10629/10975 (96.85%)
Epoch 240 [0/84843] Loss: 0.556789
Epoch 240 [35000/84843] Loss: 0.376600
Epoch 240 [70000/84843] Loss: 0.455908
Epoch 240 - Avg Loss: 0.492756 | Train Acc: 91.15%
Val: loss=0.3588, acc=10641/10975 (96.96%)
Epoch 241 [0/84843] Loss: 0.339958
Epoch 241 [35000/84843] Loss: 0.373597
Epoch 241 [70000/84843] Loss: 0.583022
Epoch 241 - Avg Loss: 0.489254 | Train Acc: 91.36%
Val: loss=0.3664, acc=10606/10975 (96.64%)
Epoch 242 [0/84843] Loss: 0.402913
Epoch 242 [35000/84843] Loss: 0.442740
Epoch 242 [70000/84843] Loss: 0.449706
Epoch 242 - Avg Loss: 0.493863 | Train Acc: 91.27%
Val: loss=0.3593, acc=10628/10975 (96.84%)
Epoch 243 [0/84843] Loss: 0.492316
Epoch 243 [35000/84843] Loss: 0.617992
Epoch 243 [70000/84843] Loss: 0.569197
Epoch 243 - Avg Loss: 0.494688 | Train Acc: 91.09%
Val: loss=0.3578, acc=10619/10975 (96.76%)
Epoch 244 [0/84843] Loss: 0.635593
Epoch 244 [35000/84843] Loss: 0.672903
Epoch 244 [70000/84843] Loss: 0.689593
Epoch 244 - Avg Loss: 0.493198 | Train Acc: 91.16%
Val: loss=0.3560, acc=10655/10975 (97.08%)
saved best: 97.08%
Epoch 245 [0/84843] Loss: 0.430029
Epoch 245 [35000/84843] Loss: 0.545258
Epoch 245 [70000/84843] Loss: 0.534986
Epoch 245 - Avg Loss: 0.496005 | Train Acc: 91.09%
Val: loss=0.3563, acc=10637/10975 (96.92%)
Epoch 246 [0/84843] Loss: 0.466790
Epoch 246 [35000/84843] Loss: 0.392129
Epoch 246 [70000/84843] Loss: 0.622365
Epoch 246 - Avg Loss: 0.493844 | Train Acc: 91.16%
Val: loss=0.3606, acc=10638/10975 (96.93%)
Epoch 247 [0/84843] Loss: 0.421455
Epoch 247 [35000/84843] Loss: 0.357980
Epoch 247 [70000/84843] Loss: 0.559683
Epoch 247 - Avg Loss: 0.493090 | Train Acc: 91.16%
Val: loss=0.3634, acc=10604/10975 (96.62%)
Epoch 248 [0/84843] Loss: 0.378668
Epoch 248 [35000/84843] Loss: 0.706599
Epoch 248 [70000/84843] Loss: 0.353350
Epoch 248 - Avg Loss: 0.488138 | Train Acc: 91.43%
Val: loss=0.3624, acc=10615/10975 (96.72%)
Epoch 249 [0/84843] Loss: 0.785172
Epoch 249 [35000/84843] Loss: 0.325002
Epoch 249 [70000/84843] Loss: 0.658029
Epoch 249 - Avg Loss: 0.489851 | Train Acc: 91.34%
Val: loss=0.3584, acc=10630/10975 (96.86%)
Epoch 250 [0/84843] Loss: 0.440715
Epoch 250 [35000/84843] Loss: 0.714206
Epoch 250 [70000/84843] Loss: 0.530427
Epoch 250 - Avg Loss: 0.486745 | Train Acc: 91.50%
Val: loss=0.3543, acc=10643/10975 (96.97%)
Epoch 251 [0/84843] Loss: 0.322526
Epoch 251 [35000/84843] Loss: 0.676804
Epoch 251 [70000/84843] Loss: 0.440825
Epoch 251 - Avg Loss: 0.486263 | Train Acc: 91.47%
Val: loss=0.3548, acc=10646/10975 (97.00%)
Epoch 252 [0/84843] Loss: 0.504609
Epoch 252 [35000/84843] Loss: 0.887741
Epoch 252 [70000/84843] Loss: 0.536821
Epoch 252 - Avg Loss: 0.484197 | Train Acc: 91.58%
Val: loss=0.3704, acc=10586/10975 (96.46%)
Epoch 253 [0/84843] Loss: 0.417537
Epoch 253 [35000/84843] Loss: 0.322762
Epoch 253 [70000/84843] Loss: 0.411568
Epoch 253 - Avg Loss: 0.486810 | Train Acc: 91.47%
Val: loss=0.3571, acc=10648/10975 (97.02%)
Epoch 254 [0/84843] Loss: 0.432508
Epoch 254 [35000/84843] Loss: 0.596067
Epoch 254 [70000/84843] Loss: 0.593655
Epoch 254 - Avg Loss: 0.490469 | Train Acc: 91.28%
Val: loss=0.3600, acc=10619/10975 (96.76%)
Epoch 255 [0/84843] Loss: 0.331129
Epoch 255 [35000/84843] Loss: 0.402243
Epoch 255 [70000/84843] Loss: 0.506225
Epoch 255 - Avg Loss: 0.482177 | Train Acc: 91.61%
Val: loss=0.3543, acc=10642/10975 (96.97%)
Epoch 256 [0/84843] Loss: 0.509788
Epoch 256 [35000/84843] Loss: 0.801228
Epoch 256 [70000/84843] Loss: 0.416731
Epoch 256 - Avg Loss: 0.486193 | Train Acc: 91.47%
Val: loss=0.3584, acc=10625/10975 (96.81%)
Epoch 257 [0/84843] Loss: 0.414818
Epoch 257 [35000/84843] Loss: 0.440800
Epoch 257 [70000/84843] Loss: 0.640204
Epoch 257 - Avg Loss: 0.493913 | Train Acc: 91.25%
Val: loss=0.3547, acc=10654/10975 (97.08%)
Epoch 258 [0/84843] Loss: 0.429414
Epoch 258 [35000/84843] Loss: 0.454269
Epoch 258 [70000/84843] Loss: 0.462074
Epoch 258 - Avg Loss: 0.486146 | Train Acc: 91.38%
Val: loss=0.3545, acc=10641/10975 (96.96%)
Epoch 259 [0/84843] Loss: 0.302868
Epoch 259 [35000/84843] Loss: 0.687887
Epoch 259 [70000/84843] Loss: 0.432554
Epoch 259 - Avg Loss: 0.492764 | Train Acc: 91.31%
Val: loss=0.3561, acc=10635/10975 (96.90%)
Epoch 260 [0/84843] Loss: 0.280797
Epoch 260 [35000/84843] Loss: 0.337816
Epoch 260 [70000/84843] Loss: 0.484054
Epoch 260 - Avg Loss: 0.488641 | Train Acc: 91.31%
Val: loss=0.3524, acc=10656/10975 (97.09%)
saved best: 97.09%
Epoch 261 [0/84843] Loss: 0.494489
Epoch 261 [35000/84843] Loss: 0.378982
Epoch 261 [70000/84843] Loss: 0.540842
Epoch 261 - Avg Loss: 0.495027 | Train Acc: 91.18%
Val: loss=0.3544, acc=10654/10975 (97.08%)
Epoch 262 [0/84843] Loss: 0.452338
Epoch 262 [35000/84843] Loss: 0.718545
Epoch 262 [70000/84843] Loss: 0.377686
Epoch 262 - Avg Loss: 0.492501 | Train Acc: 91.20%
Val: loss=0.3511, acc=10656/10975 (97.09%)
Epoch 263 [0/84843] Loss: 0.312692
Epoch 263 [35000/84843] Loss: 0.607735
Epoch 263 [70000/84843] Loss: 0.457161
Epoch 263 - Avg Loss: 0.489019 | Train Acc: 91.32%
Val: loss=0.3571, acc=10640/10975 (96.95%)
Epoch 264 [0/84843] Loss: 0.357865
Epoch 264 [35000/84843] Loss: 0.449872
Epoch 264 [70000/84843] Loss: 0.530289
Epoch 264 - Avg Loss: 0.483956 | Train Acc: 91.53%
Val: loss=0.3586, acc=10633/10975 (96.88%)
Epoch 265 [0/84843] Loss: 0.342692
Epoch 265 [35000/84843] Loss: 0.541866
Epoch 265 [70000/84843] Loss: 0.741434
Epoch 265 - Avg Loss: 0.488319 | Train Acc: 91.43%
Val: loss=0.3532, acc=10647/10975 (97.01%)
Epoch 266 [0/84843] Loss: 0.547938
Epoch 266 [35000/84843] Loss: 0.466218
Epoch 266 [70000/84843] Loss: 0.483521
Epoch 266 - Avg Loss: 0.484524 | Train Acc: 91.57%
Val: loss=0.3581, acc=10629/10975 (96.85%)
Epoch 267 [0/84843] Loss: 0.353207
Epoch 267 [35000/84843] Loss: 0.382444
Epoch 267 [70000/84843] Loss: 0.393097
Epoch 267 - Avg Loss: 0.487850 | Train Acc: 91.37%
Val: loss=0.3531, acc=10653/10975 (97.07%)
Epoch 268 [0/84843] Loss: 0.673606
Epoch 268 [35000/84843] Loss: 0.517944
Epoch 268 [70000/84843] Loss: 0.411447
Epoch 268 - Avg Loss: 0.486549 | Train Acc: 91.46%
Val: loss=0.3506, acc=10654/10975 (97.08%)
Epoch 269 [0/84843] Loss: 0.488881
Epoch 269 [35000/84843] Loss: 0.612167
Epoch 269 [70000/84843] Loss: 0.359201
Epoch 269 - Avg Loss: 0.482551 | Train Acc: 91.71%
Val: loss=0.3570, acc=10644/10975 (96.98%)
Epoch 270 [0/84843] Loss: 0.474739
Epoch 270 [35000/84843] Loss: 0.661867
Epoch 270 [70000/84843] Loss: 0.380370
Epoch 270 - Avg Loss: 0.490975 | Train Acc: 91.28%
Val: loss=0.3503, acc=10664/10975 (97.17%)
saved best: 97.17%
Epoch 271 [0/84843] Loss: 0.433282
Epoch 271 [35000/84843] Loss: 0.554146
Epoch 271 [70000/84843] Loss: 0.349122
Epoch 271 - Avg Loss: 0.484926 | Train Acc: 91.52%
Val: loss=0.3550, acc=10634/10975 (96.89%)
Epoch 272 [0/84843] Loss: 0.336740
Epoch 272 [35000/84843] Loss: 0.524626
Epoch 272 [70000/84843] Loss: 0.405573
Epoch 272 - Avg Loss: 0.485909 | Train Acc: 91.43%
Val: loss=0.3526, acc=10647/10975 (97.01%)
Epoch 273 [0/84843] Loss: 0.673036
Epoch 273 [35000/84843] Loss: 0.390269
Epoch 273 [70000/84843] Loss: 0.537861
Epoch 273 - Avg Loss: 0.484335 | Train Acc: 91.55%
Val: loss=0.3541, acc=10662/10975 (97.15%)
Epoch 274 [0/84843] Loss: 0.475403
Epoch 274 [35000/84843] Loss: 0.400877
Epoch 274 [70000/84843] Loss: 0.385507
Epoch 274 - Avg Loss: 0.489875 | Train Acc: 91.28%
Val: loss=0.3513, acc=10653/10975 (97.07%)
Epoch 275 [0/84843] Loss: 0.435953
Epoch 275 [35000/84843] Loss: 0.378916
Epoch 275 [70000/84843] Loss: 0.348852
Epoch 275 - Avg Loss: 0.485880 | Train Acc: 91.50%
Val: loss=0.3531, acc=10652/10975 (97.06%)
Epoch 276 [0/84843] Loss: 0.484352
Epoch 276 [35000/84843] Loss: 0.398302
Epoch 276 [70000/84843] Loss: 0.417621
Epoch 276 - Avg Loss: 0.484220 | Train Acc: 91.53%
Val: loss=0.3513, acc=10663/10975 (97.16%)
Epoch 277 [0/84843] Loss: 0.498651
Epoch 277 [35000/84843] Loss: 0.495790
Epoch 277 [70000/84843] Loss: 0.439262
Epoch 277 - Avg Loss: 0.486089 | Train Acc: 91.44%
Val: loss=0.3531, acc=10643/10975 (96.97%)
Epoch 278 [0/84843] Loss: 0.667981
Epoch 278 [35000/84843] Loss: 0.484038
Epoch 278 [70000/84843] Loss: 0.557629
Epoch 278 - Avg Loss: 0.484899 | Train Acc: 91.60%
Val: loss=0.3540, acc=10652/10975 (97.06%)
Epoch 279 [0/84843] Loss: 0.586672
Epoch 279 [35000/84843] Loss: 0.432585
Epoch 279 [70000/84843] Loss: 0.302466
Epoch 279 - Avg Loss: 0.487257 | Train Acc: 91.37%
Val: loss=0.3548, acc=10632/10975 (96.87%)
Epoch 280 [0/84843] Loss: 0.696217
Epoch 280 [35000/84843] Loss: 0.381100
Epoch 280 [70000/84843] Loss: 0.451836
Epoch 280 - Avg Loss: 0.482385 | Train Acc: 91.62%
Val: loss=0.3536, acc=10665/10975 (97.18%)
saved best: 97.18%
Epoch 281 [0/84843] Loss: 0.380194
Epoch 281 [35000/84843] Loss: 0.723928
Epoch 281 [70000/84843] Loss: 0.431627
Epoch 281 - Avg Loss: 0.486064 | Train Acc: 91.44%
Val: loss=0.3535, acc=10660/10975 (97.13%)
Epoch 282 [0/84843] Loss: 0.459422
Epoch 282 [35000/84843] Loss: 0.538364
Epoch 282 [70000/84843] Loss: 0.348014
Epoch 282 - Avg Loss: 0.484074 | Train Acc: 91.56%
Val: loss=0.3536, acc=10647/10975 (97.01%)
Epoch 283 [0/84843] Loss: 0.542452
Epoch 283 [35000/84843] Loss: 0.381814
Epoch 283 [70000/84843] Loss: 0.632593
Epoch 283 - Avg Loss: 0.487400 | Train Acc: 91.46%
Val: loss=0.3534, acc=10657/10975 (97.10%)
Epoch 284 [0/84843] Loss: 0.335122
Epoch 284 [35000/84843] Loss: 0.601514
Epoch 284 [70000/84843] Loss: 0.557474
Epoch 284 - Avg Loss: 0.478525 | Train Acc: 91.75%
Val: loss=0.3502, acc=10672/10975 (97.24%)
saved best: 97.24%
Epoch 285 [0/84843] Loss: 0.336354
Epoch 285 [35000/84843] Loss: 0.443168
Epoch 285 [70000/84843] Loss: 0.448872
Epoch 285 - Avg Loss: 0.484960 | Train Acc: 91.56%
Val: loss=0.3510, acc=10675/10975 (97.27%)
saved best: 97.27%
Epoch 286 [0/84843] Loss: 0.837864
Epoch 286 [35000/84843] Loss: 0.524533
Epoch 286 [70000/84843] Loss: 0.666476
Epoch 286 - Avg Loss: 0.485443 | Train Acc: 91.53%
Val: loss=0.3501, acc=10672/10975 (97.24%)
Epoch 287 [0/84843] Loss: 0.483803
Epoch 287 [35000/84843] Loss: 0.789340
Epoch 287 [70000/84843] Loss: 0.456935
Epoch 287 - Avg Loss: 0.486446 | Train Acc: 91.48%
Val: loss=0.3501, acc=10665/10975 (97.18%)
Epoch 288 [0/84843] Loss: 0.524101
Epoch 288 [35000/84843] Loss: 0.351409
Epoch 288 [70000/84843] Loss: 0.604456
Epoch 288 - Avg Loss: 0.488193 | Train Acc: 91.34%
Val: loss=0.3495, acc=10673/10975 (97.25%)
Epoch 289 [0/84843] Loss: 0.345004
Epoch 289 [35000/84843] Loss: 0.360743
Epoch 289 [70000/84843] Loss: 0.505697
Epoch 289 - Avg Loss: 0.483339 | Train Acc: 91.58%
Val: loss=0.3496, acc=10658/10975 (97.11%)
Epoch 290 [0/84843] Loss: 0.394412
Epoch 290 [35000/84843] Loss: 0.695764
Epoch 290 [70000/84843] Loss: 0.404299
Epoch 290 - Avg Loss: 0.482735 | Train Acc: 91.52%
Val: loss=0.3544, acc=10641/10975 (96.96%)
Epoch 291 [0/84843] Loss: 0.358209
Epoch 291 [35000/84843] Loss: 0.684426
Epoch 291 [70000/84843] Loss: 0.598643
Epoch 291 - Avg Loss: 0.483707 | Train Acc: 91.60%
Val: loss=0.3573, acc=10638/10975 (96.93%)
Epoch 292 [0/84843] Loss: 0.507178
Epoch 292 [35000/84843] Loss: 0.460513
Epoch 292 [70000/84843] Loss: 0.657055
Epoch 292 - Avg Loss: 0.486755 | Train Acc: 91.41%
Val: loss=0.3526, acc=10649/10975 (97.03%)
Epoch 293 [0/84843] Loss: 0.681924
Epoch 293 [35000/84843] Loss: 0.458344
Epoch 293 [70000/84843] Loss: 0.355720
Epoch 293 - Avg Loss: 0.479845 | Train Acc: 91.75%
Val: loss=0.3518, acc=10646/10975 (97.00%)
Epoch 294 [0/84843] Loss: 0.637489
Epoch 294 [35000/84843] Loss: 0.412653
Epoch 294 [70000/84843] Loss: 0.465904
Epoch 294 - Avg Loss: 0.487826 | Train Acc: 91.35%
Val: loss=0.3515, acc=10652/10975 (97.06%)
Epoch 295 [0/84843] Loss: 0.411409
Epoch 295 [35000/84843] Loss: 0.393844
Epoch 295 [70000/84843] Loss: 0.716950
Epoch 295 - Avg Loss: 0.481666 | Train Acc: 91.65%
Val: loss=0.3517, acc=10659/10975 (97.12%)
Epoch 296 [0/84843] Loss: 0.308366
Epoch 296 [35000/84843] Loss: 0.365500
Epoch 296 [70000/84843] Loss: 0.458019
Epoch 296 - Avg Loss: 0.482735 | Train Acc: 91.65%
Val: loss=0.3523, acc=10660/10975 (97.13%)
Epoch 297 [0/84843] Loss: 0.417225
Epoch 297 [35000/84843] Loss: 0.596688
Epoch 297 [70000/84843] Loss: 0.451860
Epoch 297 - Avg Loss: 0.481310 | Train Acc: 91.68%
Val: loss=0.3525, acc=10666/10975 (97.18%)
Epoch 298 [0/84843] Loss: 0.458051
Epoch 298 [35000/84843] Loss: 0.388971
Epoch 298 [70000/84843] Loss: 0.628329
Epoch 298 - Avg Loss: 0.481117 | Train Acc: 91.70%
Val: loss=0.3562, acc=10647/10975 (97.01%)
Epoch 299 [0/84843] Loss: 0.440010
Epoch 299 [35000/84843] Loss: 0.598597
Epoch 299 [70000/84843] Loss: 0.290384
Epoch 299 - Avg Loss: 0.486315 | Train Acc: 91.47%
Val: loss=0.3549, acc=10653/10975 (97.07%)
Epoch 300 [0/84843] Loss: 0.424173
Epoch 300 [35000/84843] Loss: 0.304957
Epoch 300 [70000/84843] Loss: 0.607837
Epoch 300 - Avg Loss: 0.485143 | Train Acc: 91.52%
Val: loss=0.3510, acc=10660/10975 (97.13%)
Epoch 301 [0/84843] Loss: 0.449505
Epoch 301 [35000/84843] Loss: 0.525893
Epoch 301 [70000/84843] Loss: 0.390202
Epoch 301 - Avg Loss: 0.479912 | Train Acc: 91.83%
Val: loss=0.3521, acc=10657/10975 (97.10%)
Epoch 302 [0/84843] Loss: 0.335521
Epoch 302 [35000/84843] Loss: 0.332860
Epoch 302 [70000/84843] Loss: 0.691355
Epoch 302 - Avg Loss: 0.479586 | Train Acc: 91.72%
Val: loss=0.3508, acc=10657/10975 (97.10%)
Epoch 303 [0/84843] Loss: 0.639260
Epoch 303 [35000/84843] Loss: 0.417296
Epoch 303 [70000/84843] Loss: 0.331770
Epoch 303 - Avg Loss: 0.478249 | Train Acc: 91.79%
Val: loss=0.3516, acc=10663/10975 (97.16%)
Epoch 304 [0/84843] Loss: 0.369608
Epoch 304 [35000/84843] Loss: 0.449125
Epoch 304 [70000/84843] Loss: 0.768257
Epoch 304 - Avg Loss: 0.480244 | Train Acc: 91.70%
Val: loss=0.3517, acc=10656/10975 (97.09%)
Epoch 305 [0/84843] Loss: 0.351726
Epoch 305 [35000/84843] Loss: 0.796806
Epoch 305 [70000/84843] Loss: 0.514379
Epoch 305 - Avg Loss: 0.481401 | Train Acc: 91.70%
Val: loss=0.3512, acc=10659/10975 (97.12%)
Epoch 306 [0/84843] Loss: 0.497787
Epoch 306 [35000/84843] Loss: 0.391255
Epoch 306 [70000/84843] Loss: 0.581746
Epoch 306 - Avg Loss: 0.481092 | Train Acc: 91.64%
Val: loss=0.3516, acc=10654/10975 (97.08%)
Epoch 307 [0/84843] Loss: 0.403064
Epoch 307 [35000/84843] Loss: 0.659476
Epoch 307 [70000/84843] Loss: 0.400093
Epoch 307 - Avg Loss: 0.480223 | Train Acc: 91.78%
Val: loss=0.3536, acc=10645/10975 (96.99%)
Epoch 308 [0/84843] Loss: 0.591371
Epoch 308 [35000/84843] Loss: 0.543339
Epoch 308 [70000/84843] Loss: 0.448108
Epoch 308 - Avg Loss: 0.476825 | Train Acc: 91.85%
Val: loss=0.3505, acc=10666/10975 (97.18%)
Epoch 309 [0/84843] Loss: 0.364644
Epoch 309 [35000/84843] Loss: 0.338443
Epoch 309 [70000/84843] Loss: 0.842607
Epoch 309 - Avg Loss: 0.489458 | Train Acc: 91.30%
Val: loss=0.3511, acc=10662/10975 (97.15%)
Epoch 310 [0/84843] Loss: 0.389231
Epoch 310 [35000/84843] Loss: 0.411861
Epoch 310 [70000/84843] Loss: 0.316544
Epoch 310 - Avg Loss: 0.483242 | Train Acc: 91.58%
Val: loss=0.3543, acc=10642/10975 (96.97%)
Epoch 311 [0/84843] Loss: 0.363420
Epoch 311 [35000/84843] Loss: 0.439068
Epoch 311 [70000/84843] Loss: 0.483126
Epoch 311 - Avg Loss: 0.483841 | Train Acc: 91.60%
Val: loss=0.3498, acc=10660/10975 (97.13%)
Epoch 312 [0/84843] Loss: 0.565408
Epoch 312 [35000/84843] Loss: 0.319123
Epoch 312 [70000/84843] Loss: 0.407487
Epoch 312 - Avg Loss: 0.483394 | Train Acc: 91.57%
Val: loss=0.3527, acc=10656/10975 (97.09%)
Epoch 313 [0/84843] Loss: 0.527431
Epoch 313 [35000/84843] Loss: 0.658329
Epoch 313 [70000/84843] Loss: 0.334834
Epoch 313 - Avg Loss: 0.477694 | Train Acc: 91.84%
Val: loss=0.3516, acc=10659/10975 (97.12%)
Epoch 314 [0/84843] Loss: 0.396548
Epoch 314 [35000/84843] Loss: 0.417988
Epoch 314 [70000/84843] Loss: 0.580955
Epoch 314 - Avg Loss: 0.481014 | Train Acc: 91.64%
Val: loss=0.3511, acc=10659/10975 (97.12%)
Epoch 315 [0/84843] Loss: 0.585481
Epoch 315 [35000/84843] Loss: 0.413824
Epoch 315 [70000/84843] Loss: 0.342845
Epoch 315 - Avg Loss: 0.476463 | Train Acc: 91.79%
Val: loss=0.3509, acc=10659/10975 (97.12%)
Epoch 316 [0/84843] Loss: 0.600011
Epoch 316 [35000/84843] Loss: 0.361406
Epoch 316 [70000/84843] Loss: 0.452957
Epoch 316 - Avg Loss: 0.477446 | Train Acc: 91.80%
Val: loss=0.3502, acc=10663/10975 (97.16%)
Epoch 317 [0/84843] Loss: 0.515427
Epoch 317 [35000/84843] Loss: 0.447288
Epoch 317 [70000/84843] Loss: 0.442459
Epoch 317 - Avg Loss: 0.484935 | Train Acc: 91.53%
Val: loss=0.3513, acc=10660/10975 (97.13%)
Epoch 318 [0/84843] Loss: 0.442690
Epoch 318 [35000/84843] Loss: 0.321633
Epoch 318 [70000/84843] Loss: 0.470159
Epoch 318 - Avg Loss: 0.477809 | Train Acc: 91.74%
Val: loss=0.3489, acc=10663/10975 (97.16%)
Epoch 319 [0/84843] Loss: 0.491049
Epoch 319 [35000/84843] Loss: 0.546959
Epoch 319 [70000/84843] Loss: 0.392361
Epoch 319 - Avg Loss: 0.478219 | Train Acc: 91.74%
Val: loss=0.3502, acc=10663/10975 (97.16%)
Epoch 320 [0/84843] Loss: 0.422175
Epoch 320 [35000/84843] Loss: 0.371392
Epoch 320 [70000/84843] Loss: 0.727464
Epoch 320 - Avg Loss: 0.477172 | Train Acc: 91.91%
Val: loss=0.3506, acc=10654/10975 (97.08%)
Epoch 321 [0/84843] Loss: 0.358243
Epoch 321 [35000/84843] Loss: 0.367386
Epoch 321 [70000/84843] Loss: 0.355494
Epoch 321 - Avg Loss: 0.480533 | Train Acc: 91.66%
Val: loss=0.3512, acc=10661/10975 (97.14%)
Epoch 322 [0/84843] Loss: 0.590531
Epoch 322 [35000/84843] Loss: 0.505045
Epoch 322 [70000/84843] Loss: 0.516571
Epoch 322 - Avg Loss: 0.476890 | Train Acc: 91.87%
Val: loss=0.3499, acc=10668/10975 (97.20%)
Epoch 323 [0/84843] Loss: 0.579244
Epoch 323 [35000/84843] Loss: 0.577699
Epoch 323 [70000/84843] Loss: 0.505283
Epoch 323 - Avg Loss: 0.473464 | Train Acc: 91.98%
Val: loss=0.3501, acc=10661/10975 (97.14%)
Epoch 324 [0/84843] Loss: 0.523203
Epoch 324 [35000/84843] Loss: 0.525962
Epoch 324 [70000/84843] Loss: 0.720291
Epoch 324 - Avg Loss: 0.480410 | Train Acc: 91.65%
Val: loss=0.3531, acc=10649/10975 (97.03%)
Epoch 325 [0/84843] Loss: 0.360139
Epoch 325 [35000/84843] Loss: 0.436824
Epoch 325 [70000/84843] Loss: 0.593047
Epoch 325 - Avg Loss: 0.477393 | Train Acc: 91.76%
Val: loss=0.3488, acc=10665/10975 (97.18%)
Epoch 326 [0/84843] Loss: 0.505558
Epoch 326 [35000/84843] Loss: 0.574717
Epoch 326 [70000/84843] Loss: 0.569874
Epoch 326 - Avg Loss: 0.475317 | Train Acc: 91.92%
Val: loss=0.3489, acc=10662/10975 (97.15%)
Epoch 327 [0/84843] Loss: 0.571719
Epoch 327 [35000/84843] Loss: 0.339497
Epoch 327 [70000/84843] Loss: 0.532926
Epoch 327 - Avg Loss: 0.480050 | Train Acc: 91.69%
Val: loss=0.3513, acc=10667/10975 (97.19%)
Epoch 328 [0/84843] Loss: 0.519343
Epoch 328 [35000/84843] Loss: 0.549130
Epoch 328 [70000/84843] Loss: 0.689847
Epoch 328 - Avg Loss: 0.480821 | Train Acc: 91.65%
Val: loss=0.3514, acc=10644/10975 (96.98%)
Epoch 329 [0/84843] Loss: 0.426678
Epoch 329 [35000/84843] Loss: 0.703798
Epoch 329 [70000/84843] Loss: 0.643490
Epoch 329 - Avg Loss: 0.476641 | Train Acc: 91.81%
Val: loss=0.3506, acc=10669/10975 (97.21%)
Epoch 330 [0/84843] Loss: 0.348684
Epoch 330 [35000/84843] Loss: 0.325255
Epoch 330 [70000/84843] Loss: 0.409593
Epoch 330 - Avg Loss: 0.473321 | Train Acc: 91.98%
Val: loss=0.3499, acc=10654/10975 (97.08%)
Epoch 331 [0/84843] Loss: 0.320806
Epoch 331 [35000/84843] Loss: 0.405528
Epoch 331 [70000/84843] Loss: 0.411660
Epoch 331 - Avg Loss: 0.479291 | Train Acc: 91.77%
Val: loss=0.3484, acc=10667/10975 (97.19%)
Epoch 332 [0/84843] Loss: 0.307212
Epoch 332 [35000/84843] Loss: 0.445945
Epoch 332 [70000/84843] Loss: 0.443838
Epoch 332 - Avg Loss: 0.482632 | Train Acc: 91.61%
Val: loss=0.3506, acc=10672/10975 (97.24%)
Epoch 333 [0/84843] Loss: 0.625161
Epoch 333 [35000/84843] Loss: 0.428814
Epoch 333 [70000/84843] Loss: 0.420011
Epoch 333 - Avg Loss: 0.476787 | Train Acc: 91.83%
Val: loss=0.3474, acc=10684/10975 (97.35%)
saved best: 97.35%
Epoch 334 [0/84843] Loss: 0.691093
Epoch 334 [35000/84843] Loss: 0.385034
Epoch 334 [70000/84843] Loss: 0.631229
Epoch 334 - Avg Loss: 0.478868 | Train Acc: 91.69%
Val: loss=0.3487, acc=10668/10975 (97.20%)
Epoch 335 [0/84843] Loss: 0.812891
Epoch 335 [35000/84843] Loss: 0.406142
Epoch 335 [70000/84843] Loss: 0.341136
Epoch 335 - Avg Loss: 0.475739 | Train Acc: 91.83%
Val: loss=0.3492, acc=10665/10975 (97.18%)
Epoch 336 [0/84843] Loss: 0.582511
Epoch 336 [35000/84843] Loss: 0.683590
Epoch 336 [70000/84843] Loss: 0.452512
Epoch 336 - Avg Loss: 0.472327 | Train Acc: 92.01%
Val: loss=0.3491, acc=10674/10975 (97.26%)
Epoch 337 [0/84843] Loss: 0.407961
Epoch 337 [35000/84843] Loss: 0.429928
Epoch 337 [70000/84843] Loss: 0.466155
Epoch 337 - Avg Loss: 0.474039 | Train Acc: 91.97%
Val: loss=0.3484, acc=10663/10975 (97.16%)
Epoch 338 [0/84843] Loss: 0.623528
Epoch 338 [35000/84843] Loss: 0.334970
Epoch 338 [70000/84843] Loss: 0.529368
Epoch 338 - Avg Loss: 0.480737 | Train Acc: 91.66%
Val: loss=0.3482, acc=10660/10975 (97.13%)
Epoch 339 [0/84843] Loss: 0.505476
Epoch 339 [35000/84843] Loss: 0.436637
Epoch 339 [70000/84843] Loss: 0.389192
Epoch 339 - Avg Loss: 0.484482 | Train Acc: 91.60%
Val: loss=0.3505, acc=10666/10975 (97.18%)
Epoch 340 [0/84843] Loss: 0.663605
Epoch 340 [35000/84843] Loss: 0.474571
Epoch 340 [70000/84843] Loss: 0.514991
Epoch 340 - Avg Loss: 0.474900 | Train Acc: 91.92%
Val: loss=0.3503, acc=10656/10975 (97.09%)
Epoch 341 [0/84843] Loss: 0.365843
Epoch 341 [35000/84843] Loss: 0.664529
Epoch 341 [70000/84843] Loss: 0.492562
Epoch 341 - Avg Loss: 0.476484 | Train Acc: 91.80%
Val: loss=0.3481, acc=10669/10975 (97.21%)
Epoch 342 [0/84843] Loss: 0.338378
Epoch 342 [35000/84843] Loss: 0.527462
Epoch 342 [70000/84843] Loss: 0.336238
Epoch 342 - Avg Loss: 0.478569 | Train Acc: 91.78%
Val: loss=0.3480, acc=10670/10975 (97.22%)
Epoch 343 [0/84843] Loss: 0.425929
Epoch 343 [35000/84843] Loss: 0.538054
Epoch 343 [70000/84843] Loss: 0.717595
Epoch 343 - Avg Loss: 0.477143 | Train Acc: 91.84%
Val: loss=0.3486, acc=10666/10975 (97.18%)
Epoch 344 [0/84843] Loss: 0.566193
Epoch 344 [35000/84843] Loss: 0.569944
Epoch 344 [70000/84843] Loss: 0.392640
Epoch 344 - Avg Loss: 0.481881 | Train Acc: 91.69%
Val: loss=0.3472, acc=10665/10975 (97.18%)
Epoch 345 [0/84843] Loss: 0.444469
Epoch 345 [35000/84843] Loss: 0.546766
Epoch 345 [70000/84843] Loss: 0.333519
Epoch 345 - Avg Loss: 0.479170 | Train Acc: 91.76%
Val: loss=0.3511, acc=10659/10975 (97.12%)
Epoch 346 [0/84843] Loss: 0.433237
Epoch 346 [35000/84843] Loss: 0.331938
Epoch 346 [70000/84843] Loss: 0.577608
Epoch 346 - Avg Loss: 0.476784 | Train Acc: 91.87%
Val: loss=0.3490, acc=10670/10975 (97.22%)
Epoch 347 [0/84843] Loss: 0.530349
Epoch 347 [35000/84843] Loss: 0.672013
Epoch 347 [70000/84843] Loss: 0.715398
Epoch 347 - Avg Loss: 0.474539 | Train Acc: 91.99%
Val: loss=0.3492, acc=10667/10975 (97.19%)
Epoch 348 [0/84843] Loss: 0.595633
Epoch 348 [35000/84843] Loss: 0.824684
Epoch 348 [70000/84843] Loss: 0.404973
Epoch 348 - Avg Loss: 0.474158 | Train Acc: 92.03%
Val: loss=0.3485, acc=10669/10975 (97.21%)
Epoch 349 [0/84843] Loss: 0.367244
Epoch 349 [35000/84843] Loss: 0.528586
Epoch 349 [70000/84843] Loss: 0.525298
Epoch 349 - Avg Loss: 0.481467 | Train Acc: 91.63%
Val: loss=0.3476, acc=10664/10975 (97.17%)
Epoch 350 [0/84843] Loss: 0.440205
Epoch 350 [35000/84843] Loss: 0.544568
Epoch 350 [70000/84843] Loss: 0.451356
Epoch 350 - Avg Loss: 0.472785 | Train Acc: 92.03%
Val: loss=0.3476, acc=10663/10975 (97.16%)
Epoch 351 [0/84843] Loss: 0.427318
Epoch 351 [35000/84843] Loss: 0.495242
Epoch 351 [70000/84843] Loss: 0.377801
Epoch 351 - Avg Loss: 0.481918 | Train Acc: 91.71%
Val: loss=0.3492, acc=10662/10975 (97.15%)
Epoch 352 [0/84843] Loss: 0.339350
Epoch 352 [35000/84843] Loss: 0.376164
Epoch 352 [70000/84843] Loss: 0.438085
Epoch 352 - Avg Loss: 0.473755 | Train Acc: 91.97%
Val: loss=0.3486, acc=10660/10975 (97.13%)
Epoch 353 [0/84843] Loss: 0.471068
Epoch 353 [35000/84843] Loss: 1.125285
Epoch 353 [70000/84843] Loss: 0.460416
Epoch 353 - Avg Loss: 0.475764 | Train Acc: 91.90%
Val: loss=0.3495, acc=10660/10975 (97.13%)
Epoch 354 [0/84843] Loss: 0.463758
Epoch 354 [35000/84843] Loss: 0.573259
Epoch 354 [70000/84843] Loss: 0.497825
Epoch 354 - Avg Loss: 0.476593 | Train Acc: 91.85%
Val: loss=0.3475, acc=10667/10975 (97.19%)
Epoch 355 [0/84843] Loss: 0.555647
Epoch 355 [35000/84843] Loss: 0.510139
Epoch 355 [70000/84843] Loss: 0.675647
Epoch 355 - Avg Loss: 0.476030 | Train Acc: 91.82%
Val: loss=0.3475, acc=10671/10975 (97.23%)
Epoch 356 [0/84843] Loss: 0.350272
Epoch 356 [35000/84843] Loss: 0.388687
Epoch 356 [70000/84843] Loss: 0.388308
Epoch 356 - Avg Loss: 0.477665 | Train Acc: 91.72%
Val: loss=0.3480, acc=10672/10975 (97.24%)
Epoch 357 [0/84843] Loss: 0.465256
Epoch 357 [35000/84843] Loss: 0.321069
Epoch 357 [70000/84843] Loss: 0.643184
Epoch 357 - Avg Loss: 0.474848 | Train Acc: 91.91%
Val: loss=0.3474, acc=10666/10975 (97.18%)
Epoch 358 [0/84843] Loss: 0.466870
Epoch 358 [35000/84843] Loss: 0.450576
Epoch 358 [70000/84843] Loss: 0.662933
Epoch 358 - Avg Loss: 0.474223 | Train Acc: 91.99%
Val: loss=0.3457, acc=10680/10975 (97.31%)
Epoch 359 [0/84843] Loss: 0.348182
Epoch 359 [35000/84843] Loss: 0.402660
Epoch 359 [70000/84843] Loss: 0.520206
Epoch 359 - Avg Loss: 0.475673 | Train Acc: 91.86%
Val: loss=0.3455, acc=10679/10975 (97.30%)
Epoch 360 [0/84843] Loss: 0.518284
Epoch 360 [35000/84843] Loss: 0.341395
Epoch 360 [70000/84843] Loss: 0.547025
Epoch 360 - Avg Loss: 0.474705 | Train Acc: 91.91%
Val: loss=0.3476, acc=10670/10975 (97.22%)
Epoch 361 [0/84843] Loss: 0.364661
Epoch 361 [35000/84843] Loss: 0.300462
Epoch 361 [70000/84843] Loss: 0.435337
Epoch 361 - Avg Loss: 0.481159 | Train Acc: 91.61%
Val: loss=0.3502, acc=10657/10975 (97.10%)
Epoch 362 [0/84843] Loss: 0.313168
Epoch 362 [35000/84843] Loss: 0.410435
Epoch 362 [70000/84843] Loss: 0.350288
Epoch 362 - Avg Loss: 0.478018 | Train Acc: 91.74%
Val: loss=0.3468, acc=10666/10975 (97.18%)
Epoch 363 [0/84843] Loss: 0.407927
Epoch 363 [35000/84843] Loss: 0.542597
Epoch 363 [70000/84843] Loss: 0.493657
Epoch 363 - Avg Loss: 0.473708 | Train Acc: 91.88%
Val: loss=0.3477, acc=10667/10975 (97.19%)
Epoch 364 [0/84843] Loss: 0.349812
Epoch 364 [35000/84843] Loss: 0.561843
Epoch 364 [70000/84843] Loss: 0.495385
Epoch 364 - Avg Loss: 0.474593 | Train Acc: 91.92%
Val: loss=0.3480, acc=10671/10975 (97.23%)
Epoch 365 [0/84843] Loss: 0.515253
Epoch 365 [35000/84843] Loss: 0.528849
Epoch 365 [70000/84843] Loss: 0.459702
Epoch 365 - Avg Loss: 0.472803 | Train Acc: 91.97%
Val: loss=0.3467, acc=10670/10975 (97.22%)
Epoch 366 [0/84843] Loss: 0.343862
Epoch 366 [35000/84843] Loss: 0.452316
Epoch 366 [70000/84843] Loss: 0.389163
Epoch 366 - Avg Loss: 0.476303 | Train Acc: 91.79%
Val: loss=0.3485, acc=10665/10975 (97.18%)
Epoch 367 [0/84843] Loss: 0.420201
Epoch 367 [35000/84843] Loss: 0.343240
Epoch 367 [70000/84843] Loss: 0.525575
Epoch 367 - Avg Loss: 0.477053 | Train Acc: 91.83%
Val: loss=0.3483, acc=10671/10975 (97.23%)
Epoch 368 [0/84843] Loss: 0.431555
Epoch 368 [35000/84843] Loss: 0.457046
Epoch 368 [70000/84843] Loss: 0.874835
Epoch 368 - Avg Loss: 0.475223 | Train Acc: 91.94%
Val: loss=0.3479, acc=10673/10975 (97.25%)
Epoch 369 [0/84843] Loss: 0.567190
Epoch 369 [35000/84843] Loss: 0.339633
Epoch 369 [70000/84843] Loss: 0.436918
Epoch 369 - Avg Loss: 0.476041 | Train Acc: 91.84%
Val: loss=0.3461, acc=10678/10975 (97.29%)
Epoch 370 [0/84843] Loss: 0.350140
Epoch 370 [35000/84843] Loss: 0.419496
Epoch 370 [70000/84843] Loss: 0.394312
Epoch 370 - Avg Loss: 0.476792 | Train Acc: 91.81%
Val: loss=0.3467, acc=10676/10975 (97.28%)
Epoch 371 [0/84843] Loss: 0.404014
Epoch 371 [35000/84843] Loss: 0.441338
Epoch 371 [70000/84843] Loss: 0.364283
Epoch 371 - Avg Loss: 0.467769 | Train Acc: 92.10%
Val: loss=0.3488, acc=10677/10975 (97.28%)
Epoch 372 [0/84843] Loss: 0.445959
Epoch 372 [35000/84843] Loss: 0.523095
Epoch 372 [70000/84843] Loss: 0.410518
Epoch 372 - Avg Loss: 0.478483 | Train Acc: 91.76%
Val: loss=0.3471, acc=10680/10975 (97.31%)
Epoch 373 [0/84843] Loss: 0.414458
Epoch 373 [35000/84843] Loss: 0.367270
Epoch 373 [70000/84843] Loss: 0.502769
Epoch 373 - Avg Loss: 0.471004 | Train Acc: 91.93%
Val: loss=0.3468, acc=10684/10975 (97.35%)
Epoch 374 [0/84843] Loss: 0.746324
Epoch 374 [35000/84843] Loss: 0.370649
Epoch 374 [70000/84843] Loss: 0.555317
Epoch 374 - Avg Loss: 0.476960 | Train Acc: 91.89%
Val: loss=0.3474, acc=10673/10975 (97.25%)
Epoch 375 [0/84843] Loss: 0.361109
Epoch 375 [35000/84843] Loss: 0.333055
Epoch 375 [70000/84843] Loss: 0.430077
Epoch 375 - Avg Loss: 0.471202 | Train Acc: 92.13%
Val: loss=0.3480, acc=10677/10975 (97.28%)
Epoch 376 [0/84843] Loss: 0.390041
Epoch 376 [35000/84843] Loss: 0.620819
Epoch 376 [70000/84843] Loss: 0.379548
Epoch 376 - Avg Loss: 0.472124 | Train Acc: 92.08%
Val: loss=0.3466, acc=10681/10975 (97.32%)
Epoch 377 [0/84843] Loss: 0.354581
Epoch 377 [35000/84843] Loss: 0.426173
Epoch 377 [70000/84843] Loss: 0.386529
Epoch 377 - Avg Loss: 0.479824 | Train Acc: 91.63%
Val: loss=0.3472, acc=10671/10975 (97.23%)
Epoch 378 [0/84843] Loss: 0.641425
Epoch 378 [35000/84843] Loss: 0.469596
Epoch 378 [70000/84843] Loss: 0.413522
Epoch 378 - Avg Loss: 0.477584 | Train Acc: 91.80%
Val: loss=0.3471, acc=10675/10975 (97.27%)
Epoch 379 [0/84843] Loss: 0.372525
Epoch 379 [35000/84843] Loss: 0.445961
Epoch 379 [70000/84843] Loss: 0.369296
Epoch 379 - Avg Loss: 0.474853 | Train Acc: 91.89%
Val: loss=0.3478, acc=10676/10975 (97.28%)
Epoch 380 [0/84843] Loss: 0.500682
Epoch 380 [35000/84843] Loss: 0.415169
Epoch 380 [70000/84843] Loss: 0.485794
Epoch 380 - Avg Loss: 0.479310 | Train Acc: 91.76%
Val: loss=0.3472, acc=10674/10975 (97.26%)
Epoch 381 [0/84843] Loss: 0.323860
Epoch 381 [35000/84843] Loss: 0.822812
Epoch 381 [70000/84843] Loss: 0.442270
Epoch 381 - Avg Loss: 0.470613 | Train Acc: 92.02%
Val: loss=0.3477, acc=10677/10975 (97.28%)
Epoch 382 [0/84843] Loss: 0.456292
Epoch 382 [35000/84843] Loss: 0.457903
Epoch 382 [70000/84843] Loss: 0.652815
Epoch 382 - Avg Loss: 0.477742 | Train Acc: 91.80%
Val: loss=0.3472, acc=10678/10975 (97.29%)
Epoch 383 [0/84843] Loss: 0.409009
Epoch 383 [35000/84843] Loss: 0.444829
Epoch 383 [70000/84843] Loss: 0.491854
Epoch 383 - Avg Loss: 0.471439 | Train Acc: 92.01%
Val: loss=0.3482, acc=10673/10975 (97.25%)
Epoch 384 [0/84843] Loss: 0.655199
Epoch 384 [35000/84843] Loss: 0.716649
Epoch 384 [70000/84843] Loss: 0.440379
Epoch 384 - Avg Loss: 0.478539 | Train Acc: 91.76%
Val: loss=0.3462, acc=10681/10975 (97.32%)
Epoch 385 [0/84843] Loss: 0.494852
Epoch 385 [35000/84843] Loss: 0.501002
Epoch 385 [70000/84843] Loss: 0.502994
Epoch 385 - Avg Loss: 0.475966 | Train Acc: 91.79%
Val: loss=0.3489, acc=10670/10975 (97.22%)
Epoch 386 [0/84843] Loss: 0.422131
Epoch 386 [35000/84843] Loss: 0.588493
Epoch 386 [70000/84843] Loss: 0.446557
Epoch 386 - Avg Loss: 0.471186 | Train Acc: 91.99%
Val: loss=0.3482, acc=10670/10975 (97.22%)
Epoch 387 [0/84843] Loss: 0.327413
Epoch 387 [35000/84843] Loss: 0.352441
Epoch 387 [70000/84843] Loss: 0.460752
Epoch 387 - Avg Loss: 0.477676 | Train Acc: 91.78%
Val: loss=0.3486, acc=10670/10975 (97.22%)
Epoch 388 [0/84843] Loss: 0.489758
Epoch 388 [35000/84843] Loss: 0.353519
Epoch 388 [70000/84843] Loss: 0.303089
Epoch 388 - Avg Loss: 0.477271 | Train Acc: 91.83%
Val: loss=0.3471, acc=10671/10975 (97.23%)
Epoch 389 [0/84843] Loss: 0.424186
Epoch 389 [35000/84843] Loss: 0.480333
Epoch 389 [70000/84843] Loss: 0.591667
Epoch 389 - Avg Loss: 0.473403 | Train Acc: 92.00%
Val: loss=0.3476, acc=10679/10975 (97.30%)
Epoch 390 [0/84843] Loss: 0.527972
Epoch 390 [35000/84843] Loss: 0.464435
Epoch 390 [70000/84843] Loss: 0.526488
Epoch 390 - Avg Loss: 0.475569 | Train Acc: 91.83%
Val: loss=0.3476, acc=10676/10975 (97.28%)
Epoch 391 [0/84843] Loss: 0.433287
Epoch 391 [35000/84843] Loss: 0.309438
Epoch 391 [70000/84843] Loss: 0.350238
Epoch 391 - Avg Loss: 0.473606 | Train Acc: 92.01%
Val: loss=0.3489, acc=10671/10975 (97.23%)
Epoch 392 [0/84843] Loss: 0.409390
Epoch 392 [35000/84843] Loss: 0.309948
Epoch 392 [70000/84843] Loss: 0.398183
Epoch 392 - Avg Loss: 0.473442 | Train Acc: 91.90%
Val: loss=0.3469, acc=10680/10975 (97.31%)
Epoch 393 [0/84843] Loss: 0.388270
Epoch 393 [35000/84843] Loss: 0.484429
Epoch 393 [70000/84843] Loss: 0.328812
Epoch 393 - Avg Loss: 0.475296 | Train Acc: 91.92%
Val: loss=0.3469, acc=10678/10975 (97.29%)
Epoch 394 [0/84843] Loss: 0.443992
Epoch 394 [35000/84843] Loss: 0.695527
Epoch 394 [70000/84843] Loss: 0.338214
Epoch 394 - Avg Loss: 0.474146 | Train Acc: 91.91%
Val: loss=0.3477, acc=10674/10975 (97.26%)
Epoch 395 [0/84843] Loss: 0.400658
Epoch 395 [35000/84843] Loss: 0.414059
Epoch 395 [70000/84843] Loss: 0.359395
Epoch 395 - Avg Loss: 0.471145 | Train Acc: 92.08%
Val: loss=0.3470, acc=10679/10975 (97.30%)
Epoch 396 [0/84843] Loss: 0.507508
Epoch 396 [35000/84843] Loss: 0.422301
Epoch 396 [70000/84843] Loss: 0.422605
Epoch 396 - Avg Loss: 0.478347 | Train Acc: 91.71%
Val: loss=0.3475, acc=10677/10975 (97.28%)
Epoch 397 [0/84843] Loss: 0.472777
Epoch 397 [35000/84843] Loss: 0.456653
Epoch 397 [70000/84843] Loss: 0.504425
Epoch 397 - Avg Loss: 0.469313 | Train Acc: 92.13%
Val: loss=0.3474, acc=10676/10975 (97.28%)
Epoch 398 [0/84843] Loss: 0.353230
Epoch 398 [35000/84843] Loss: 0.463853
Epoch 398 [70000/84843] Loss: 0.809609
Epoch 398 - Avg Loss: 0.473953 | Train Acc: 92.01%
Val: loss=0.3469, acc=10676/10975 (97.28%)
Epoch 399 [0/84843] Loss: 0.465078
Epoch 399 [35000/84843] Loss: 0.385426
Epoch 399 [70000/84843] Loss: 0.536843
Epoch 399 - Avg Loss: 0.472633 | Train Acc: 92.01%
Val: loss=0.3473, acc=10678/10975 (97.29%)
Epoch 400 [0/84843] Loss: 0.775441
Epoch 400 [35000/84843] Loss: 0.403131
Epoch 400 [70000/84843] Loss: 0.567914
Epoch 400 - Avg Loss: 0.473372 | Train Acc: 91.98%
Val: loss=0.3485, acc=10671/10975 (97.23%)
Test: loss=0.3517, acc=11759/12101 (97.17%)
Saved plot to /scratch/work/lainem31/PTQ_project/keyword_spotting/plots/17565258/train_val_24_mels_delta_17565258_5.png
