Running feature config: 24_mels_delta (task 7)
SpecAugment freq_mask=20 time_mask=25
Device: cuda
Feature config: 24_mels_delta -> {'n_mels': 24, 'use_delta': True, 'use_delta_delta': False}
SpecAugment: True freq_mask=20 time_mask=25
GPU Name: Tesla V100-PCIE-32GB
GPU Memory: 34.07 GB
Total model parameters: 47,628
Epoch 1 [0/84843] Loss: 2.577125
Epoch 1 [35000/84843] Loss: 1.434848
Epoch 1 [70000/84843] Loss: 1.093196
Epoch 1 - Avg Loss: 1.272273 | Train Acc: 66.51%
Val: loss=0.9613, acc=8067/10975 (73.50%)
saved best: 73.50%
Epoch 2 [0/84843] Loss: 1.411719
Epoch 2 [35000/84843] Loss: 0.805732
Epoch 2 [70000/84843] Loss: 0.776869
Epoch 2 - Avg Loss: 0.844927 | Train Acc: 77.90%
Val: loss=0.6288, acc=9543/10975 (86.95%)
saved best: 86.95%
Epoch 3 [0/84843] Loss: 0.658396
Epoch 3 [35000/84843] Loss: 0.743232
Epoch 3 [70000/84843] Loss: 0.581097
Epoch 3 - Avg Loss: 0.731573 | Train Acc: 82.34%
Val: loss=0.5241, acc=10007/10975 (91.18%)
saved best: 91.18%
Epoch 4 [0/84843] Loss: 0.703431
Epoch 4 [35000/84843] Loss: 0.581209
Epoch 4 [70000/84843] Loss: 0.557937
Epoch 4 - Avg Loss: 0.686492 | Train Acc: 83.88%
Val: loss=0.5158, acc=10045/10975 (91.53%)
saved best: 91.53%
Epoch 5 [0/84843] Loss: 0.638453
Epoch 5 [35000/84843] Loss: 0.669754
Epoch 5 [70000/84843] Loss: 0.553081
Epoch 5 - Avg Loss: 0.655575 | Train Acc: 85.15%
Val: loss=0.5061, acc=10097/10975 (92.00%)
saved best: 92.00%
Epoch 6 [0/84843] Loss: 0.633672
Epoch 6 [35000/84843] Loss: 0.553451
Epoch 6 [70000/84843] Loss: 0.486292
Epoch 6 - Avg Loss: 0.639739 | Train Acc: 85.81%
Val: loss=0.4802, acc=10188/10975 (92.83%)
saved best: 92.83%
Epoch 7 [0/84843] Loss: 0.552218
Epoch 7 [35000/84843] Loss: 0.879689
Epoch 7 [70000/84843] Loss: 0.451414
Epoch 7 - Avg Loss: 0.622509 | Train Acc: 86.43%
Val: loss=0.5008, acc=10103/10975 (92.05%)
Epoch 8 [0/84843] Loss: 0.784711
Epoch 8 [35000/84843] Loss: 0.610076
Epoch 8 [70000/84843] Loss: 0.735038
Epoch 8 - Avg Loss: 0.610651 | Train Acc: 86.87%
Val: loss=0.4845, acc=10164/10975 (92.61%)
Epoch 9 [0/84843] Loss: 0.406701
Epoch 9 [35000/84843] Loss: 0.562822
Epoch 9 [70000/84843] Loss: 0.634764
Epoch 9 - Avg Loss: 0.597605 | Train Acc: 87.44%
Val: loss=0.4722, acc=10229/10975 (93.20%)
saved best: 93.20%
Epoch 10 [0/84843] Loss: 0.696006
Epoch 10 [35000/84843] Loss: 0.662621
Epoch 10 [70000/84843] Loss: 0.917979
Epoch 10 - Avg Loss: 0.598716 | Train Acc: 87.42%
Val: loss=0.4435, acc=10297/10975 (93.82%)
saved best: 93.82%
Epoch 11 [0/84843] Loss: 0.621186
Epoch 11 [35000/84843] Loss: 0.502542
Epoch 11 [70000/84843] Loss: 0.650799
Epoch 11 - Avg Loss: 0.591715 | Train Acc: 87.54%
Val: loss=0.4384, acc=10343/10975 (94.24%)
saved best: 94.24%
Epoch 12 [0/84843] Loss: 0.762238
Epoch 12 [35000/84843] Loss: 0.818601
Epoch 12 [70000/84843] Loss: 0.524228
Epoch 12 - Avg Loss: 0.582885 | Train Acc: 87.96%
Val: loss=0.4582, acc=10275/10975 (93.62%)
Epoch 13 [0/84843] Loss: 0.428032
Epoch 13 [35000/84843] Loss: 0.440728
Epoch 13 [70000/84843] Loss: 0.389227
Epoch 13 - Avg Loss: 0.582094 | Train Acc: 87.90%
Val: loss=0.4508, acc=10277/10975 (93.64%)
Epoch 14 [0/84843] Loss: 0.498908
Epoch 14 [35000/84843] Loss: 0.569758
Epoch 14 [70000/84843] Loss: 0.533432
Epoch 14 - Avg Loss: 0.576378 | Train Acc: 88.23%
Val: loss=0.4543, acc=10269/10975 (93.57%)
Epoch 15 [0/84843] Loss: 0.524210
Epoch 15 [35000/84843] Loss: 0.737358
Epoch 15 [70000/84843] Loss: 0.473808
Epoch 15 - Avg Loss: 0.567401 | Train Acc: 88.48%
Val: loss=0.4181, acc=10410/10975 (94.85%)
saved best: 94.85%
Epoch 16 [0/84843] Loss: 0.587771
Epoch 16 [35000/84843] Loss: 0.643939
Epoch 16 [70000/84843] Loss: 0.608459
Epoch 16 - Avg Loss: 0.566410 | Train Acc: 88.62%
Val: loss=0.4636, acc=10224/10975 (93.16%)
Epoch 17 [0/84843] Loss: 0.456180
Epoch 17 [35000/84843] Loss: 0.645052
Epoch 17 [70000/84843] Loss: 0.439316
Epoch 17 - Avg Loss: 0.559315 | Train Acc: 88.84%
Val: loss=0.4232, acc=10392/10975 (94.69%)
Epoch 18 [0/84843] Loss: 0.597365
Epoch 18 [35000/84843] Loss: 0.485384
Epoch 18 [70000/84843] Loss: 0.536991
Epoch 18 - Avg Loss: 0.560268 | Train Acc: 88.81%
Val: loss=0.4426, acc=10290/10975 (93.76%)
Epoch 19 [0/84843] Loss: 0.595101
Epoch 19 [35000/84843] Loss: 0.628139
Epoch 19 [70000/84843] Loss: 0.453114
Epoch 19 - Avg Loss: 0.558182 | Train Acc: 88.87%
Val: loss=0.4311, acc=10331/10975 (94.13%)
Epoch 20 [0/84843] Loss: 0.532496
Epoch 20 [35000/84843] Loss: 0.480475
Epoch 20 [70000/84843] Loss: 0.385841
Epoch 20 - Avg Loss: 0.552338 | Train Acc: 89.18%
Val: loss=0.4291, acc=10370/10975 (94.49%)
Epoch 21 [0/84843] Loss: 0.412103
Epoch 21 [35000/84843] Loss: 0.405446
Epoch 21 [70000/84843] Loss: 0.672930
Epoch 21 - Avg Loss: 0.550817 | Train Acc: 89.18%
Val: loss=0.4403, acc=10309/10975 (93.93%)
Epoch 22 [0/84843] Loss: 0.573847
Epoch 22 [35000/84843] Loss: 0.369689
Epoch 22 [70000/84843] Loss: 0.570946
Epoch 22 - Avg Loss: 0.544847 | Train Acc: 89.48%
Val: loss=0.4213, acc=10370/10975 (94.49%)
Epoch 23 [0/84843] Loss: 0.664562
Epoch 23 [35000/84843] Loss: 0.656782
Epoch 23 [70000/84843] Loss: 0.630359
Epoch 23 - Avg Loss: 0.548740 | Train Acc: 89.22%
Val: loss=0.4281, acc=10374/10975 (94.52%)
Epoch 24 [0/84843] Loss: 0.440959
Epoch 24 [35000/84843] Loss: 0.643886
Epoch 24 [70000/84843] Loss: 0.674487
Epoch 24 - Avg Loss: 0.545742 | Train Acc: 89.41%
Val: loss=0.4249, acc=10391/10975 (94.68%)
Epoch 25 [0/84843] Loss: 0.643542
Epoch 25 [35000/84843] Loss: 0.508036
Epoch 25 [70000/84843] Loss: 0.695138
Epoch 25 - Avg Loss: 0.542719 | Train Acc: 89.40%
Val: loss=0.4117, acc=10433/10975 (95.06%)
saved best: 95.06%
Epoch 26 [0/84843] Loss: 0.423209
Epoch 26 [35000/84843] Loss: 0.452820
Epoch 26 [70000/84843] Loss: 0.698646
Epoch 26 - Avg Loss: 0.541048 | Train Acc: 89.51%
Val: loss=0.4092, acc=10439/10975 (95.12%)
saved best: 95.12%
Epoch 27 [0/84843] Loss: 0.446732
Epoch 27 [35000/84843] Loss: 0.530269
Epoch 27 [70000/84843] Loss: 0.567974
Epoch 27 - Avg Loss: 0.542644 | Train Acc: 89.40%
Val: loss=0.4017, acc=10453/10975 (95.24%)
saved best: 95.24%
Epoch 28 [0/84843] Loss: 0.803093
Epoch 28 [35000/84843] Loss: 0.447297
Epoch 28 [70000/84843] Loss: 0.567992
Epoch 28 - Avg Loss: 0.538213 | Train Acc: 89.59%
Val: loss=0.4207, acc=10386/10975 (94.63%)
Epoch 29 [0/84843] Loss: 0.446144
Epoch 29 [35000/84843] Loss: 0.671367
Epoch 29 [70000/84843] Loss: 0.448852
Epoch 29 - Avg Loss: 0.540016 | Train Acc: 89.56%
Val: loss=0.4114, acc=10426/10975 (95.00%)
Epoch 30 [0/84843] Loss: 0.447914
Epoch 30 [35000/84843] Loss: 0.666437
Epoch 30 [70000/84843] Loss: 0.457992
Epoch 30 - Avg Loss: 0.531017 | Train Acc: 89.89%
Val: loss=0.4077, acc=10455/10975 (95.26%)
saved best: 95.26%
Epoch 31 [0/84843] Loss: 0.614841
Epoch 31 [35000/84843] Loss: 0.518955
Epoch 31 [70000/84843] Loss: 0.492212
Epoch 31 - Avg Loss: 0.533907 | Train Acc: 89.78%
Val: loss=0.4050, acc=10443/10975 (95.15%)
Epoch 32 [0/84843] Loss: 0.532062
Epoch 32 [35000/84843] Loss: 0.448193
Epoch 32 [70000/84843] Loss: 0.635422
Epoch 32 - Avg Loss: 0.531376 | Train Acc: 89.87%
Val: loss=0.4010, acc=10469/10975 (95.39%)
saved best: 95.39%
Epoch 33 [0/84843] Loss: 0.434263
Epoch 33 [35000/84843] Loss: 0.427869
Epoch 33 [70000/84843] Loss: 0.536368
Epoch 33 - Avg Loss: 0.533071 | Train Acc: 89.95%
Val: loss=0.4126, acc=10422/10975 (94.96%)
Epoch 34 [0/84843] Loss: 0.444757
Epoch 34 [35000/84843] Loss: 0.510540
Epoch 34 [70000/84843] Loss: 0.480290
Epoch 34 - Avg Loss: 0.532542 | Train Acc: 89.75%
Val: loss=0.4095, acc=10420/10975 (94.94%)
Epoch 35 [0/84843] Loss: 0.486323
Epoch 35 [35000/84843] Loss: 0.500602
Epoch 35 [70000/84843] Loss: 0.725213
Epoch 35 - Avg Loss: 0.530345 | Train Acc: 89.91%
Val: loss=0.4060, acc=10447/10975 (95.19%)
Epoch 36 [0/84843] Loss: 0.700468
Epoch 36 [35000/84843] Loss: 0.422230
Epoch 36 [70000/84843] Loss: 0.661468
Epoch 36 - Avg Loss: 0.528807 | Train Acc: 89.95%
Val: loss=0.4270, acc=10367/10975 (94.46%)
Epoch 37 [0/84843] Loss: 0.585126
Epoch 37 [35000/84843] Loss: 0.486388
Epoch 37 [70000/84843] Loss: 0.556753
Epoch 37 - Avg Loss: 0.530917 | Train Acc: 89.87%
Val: loss=0.4003, acc=10476/10975 (95.45%)
saved best: 95.45%
Epoch 38 [0/84843] Loss: 0.532662
Epoch 38 [35000/84843] Loss: 0.610208
Epoch 38 [70000/84843] Loss: 0.407808
Epoch 38 - Avg Loss: 0.526978 | Train Acc: 90.11%
Val: loss=0.4225, acc=10369/10975 (94.48%)
Epoch 39 [0/84843] Loss: 0.460007
Epoch 39 [35000/84843] Loss: 0.537034
Epoch 39 [70000/84843] Loss: 0.495617
Epoch 39 - Avg Loss: 0.527076 | Train Acc: 90.03%
Val: loss=0.3996, acc=10479/10975 (95.48%)
saved best: 95.48%
Epoch 40 [0/84843] Loss: 0.404837
Epoch 40 [35000/84843] Loss: 0.398755
Epoch 40 [70000/84843] Loss: 0.509682
Epoch 40 - Avg Loss: 0.526963 | Train Acc: 90.00%
Val: loss=0.4170, acc=10405/10975 (94.81%)
Epoch 41 [0/84843] Loss: 0.718445
Epoch 41 [35000/84843] Loss: 0.455591
Epoch 41 [70000/84843] Loss: 0.513696
Epoch 41 - Avg Loss: 0.520462 | Train Acc: 90.32%
Val: loss=0.3867, acc=10511/10975 (95.77%)
saved best: 95.77%
Epoch 42 [0/84843] Loss: 0.476489
Epoch 42 [35000/84843] Loss: 0.438085
Epoch 42 [70000/84843] Loss: 0.520924
Epoch 42 - Avg Loss: 0.521495 | Train Acc: 90.16%
Val: loss=0.4003, acc=10454/10975 (95.25%)
Epoch 43 [0/84843] Loss: 0.461055
Epoch 43 [35000/84843] Loss: 0.972078
Epoch 43 [70000/84843] Loss: 0.476303
Epoch 43 - Avg Loss: 0.523427 | Train Acc: 90.09%
Val: loss=0.4124, acc=10421/10975 (94.95%)
Epoch 44 [0/84843] Loss: 0.553455
Epoch 44 [35000/84843] Loss: 0.493880
Epoch 44 [70000/84843] Loss: 0.600601
Epoch 44 - Avg Loss: 0.519176 | Train Acc: 90.27%
Val: loss=0.3992, acc=10457/10975 (95.28%)
Epoch 45 [0/84843] Loss: 0.605656
Epoch 45 [35000/84843] Loss: 0.604158
Epoch 45 [70000/84843] Loss: 0.486783
Epoch 45 - Avg Loss: 0.522729 | Train Acc: 90.14%
Val: loss=0.4077, acc=10434/10975 (95.07%)
Epoch 46 [0/84843] Loss: 0.552743
Epoch 46 [35000/84843] Loss: 0.497576
Epoch 46 [70000/84843] Loss: 0.594313
Epoch 46 - Avg Loss: 0.517546 | Train Acc: 90.47%
Val: loss=0.3913, acc=10489/10975 (95.57%)
Epoch 47 [0/84843] Loss: 0.572712
Epoch 47 [35000/84843] Loss: 0.421847
Epoch 47 [70000/84843] Loss: 0.459411
Epoch 47 - Avg Loss: 0.518348 | Train Acc: 90.44%
Val: loss=0.4114, acc=10417/10975 (94.92%)
Epoch 48 [0/84843] Loss: 0.454034
Epoch 48 [35000/84843] Loss: 0.394669
Epoch 48 [70000/84843] Loss: 0.548653
Epoch 48 - Avg Loss: 0.518199 | Train Acc: 90.44%
Val: loss=0.3949, acc=10471/10975 (95.41%)
Epoch 49 [0/84843] Loss: 0.534912
Epoch 49 [35000/84843] Loss: 0.524861
Epoch 49 [70000/84843] Loss: 0.445346
Epoch 49 - Avg Loss: 0.515392 | Train Acc: 90.49%
Val: loss=0.4058, acc=10455/10975 (95.26%)
Epoch 50 [0/84843] Loss: 0.545210
Epoch 50 [35000/84843] Loss: 0.387115
Epoch 50 [70000/84843] Loss: 0.443675
Epoch 50 - Avg Loss: 0.514556 | Train Acc: 90.52%
Val: loss=0.3964, acc=10465/10975 (95.35%)
Epoch 51 [0/84843] Loss: 0.515097
Epoch 51 [35000/84843] Loss: 0.432233
Epoch 51 [70000/84843] Loss: 0.527390
Epoch 51 - Avg Loss: 0.515056 | Train Acc: 90.51%
Val: loss=0.3885, acc=10506/10975 (95.73%)
Epoch 52 [0/84843] Loss: 0.413192
Epoch 52 [35000/84843] Loss: 0.368504
Epoch 52 [70000/84843] Loss: 0.380441
Epoch 52 - Avg Loss: 0.516185 | Train Acc: 90.39%
Val: loss=0.3831, acc=10509/10975 (95.75%)
Epoch 53 [0/84843] Loss: 0.389800
Epoch 53 [35000/84843] Loss: 0.415014
Epoch 53 [70000/84843] Loss: 0.552156
Epoch 53 - Avg Loss: 0.509736 | Train Acc: 90.76%
Val: loss=0.3967, acc=10501/10975 (95.68%)
Epoch 54 [0/84843] Loss: 0.568725
Epoch 54 [35000/84843] Loss: 0.338511
Epoch 54 [70000/84843] Loss: 0.357635
Epoch 54 - Avg Loss: 0.511882 | Train Acc: 90.62%
Val: loss=0.3984, acc=10480/10975 (95.49%)
Epoch 55 [0/84843] Loss: 0.449484
Epoch 55 [35000/84843] Loss: 0.437376
Epoch 55 [70000/84843] Loss: 0.931547
Epoch 55 - Avg Loss: 0.511488 | Train Acc: 90.58%
Val: loss=0.3910, acc=10502/10975 (95.69%)
Epoch 56 [0/84843] Loss: 0.540368
Epoch 56 [35000/84843] Loss: 0.691723
Epoch 56 [70000/84843] Loss: 0.634420
Epoch 56 - Avg Loss: 0.515986 | Train Acc: 90.43%
Val: loss=0.4033, acc=10458/10975 (95.29%)
Epoch 57 [0/84843] Loss: 0.451144
Epoch 57 [35000/84843] Loss: 0.471951
Epoch 57 [70000/84843] Loss: 0.374589
Epoch 57 - Avg Loss: 0.513331 | Train Acc: 90.52%
Val: loss=0.3897, acc=10524/10975 (95.89%)
saved best: 95.89%
Epoch 58 [0/84843] Loss: 0.535314
Epoch 58 [35000/84843] Loss: 0.489962
Epoch 58 [70000/84843] Loss: 0.598447
Epoch 58 - Avg Loss: 0.512340 | Train Acc: 90.57%
Val: loss=0.3958, acc=10500/10975 (95.67%)
Epoch 59 [0/84843] Loss: 0.467533
Epoch 59 [35000/84843] Loss: 0.515412
Epoch 59 [70000/84843] Loss: 0.580660
Epoch 59 - Avg Loss: 0.514125 | Train Acc: 90.56%
Val: loss=0.4006, acc=10449/10975 (95.21%)
Epoch 60 [0/84843] Loss: 0.482782
Epoch 60 [35000/84843] Loss: 0.751383
Epoch 60 [70000/84843] Loss: 0.536958
Epoch 60 - Avg Loss: 0.513343 | Train Acc: 90.49%
Val: loss=0.4015, acc=10456/10975 (95.27%)
Epoch 61 [0/84843] Loss: 0.432154
Epoch 61 [35000/84843] Loss: 0.371279
Epoch 61 [70000/84843] Loss: 0.401290
Epoch 61 - Avg Loss: 0.512263 | Train Acc: 90.60%
Val: loss=0.4062, acc=10441/10975 (95.13%)
Epoch 62 [0/84843] Loss: 0.445162
Epoch 62 [35000/84843] Loss: 0.589950
Epoch 62 [70000/84843] Loss: 0.402416
Epoch 62 - Avg Loss: 0.506190 | Train Acc: 90.86%
Val: loss=0.4058, acc=10432/10975 (95.05%)
Epoch 63 [0/84843] Loss: 0.426939
Epoch 63 [35000/84843] Loss: 0.498672
Epoch 63 [70000/84843] Loss: 0.462769
Epoch 63 - Avg Loss: 0.508089 | Train Acc: 90.78%
Val: loss=0.4048, acc=10454/10975 (95.25%)
Epoch 64 [0/84843] Loss: 0.473006
Epoch 64 [35000/84843] Loss: 0.506014
Epoch 64 [70000/84843] Loss: 0.484382
Epoch 64 - Avg Loss: 0.510010 | Train Acc: 90.72%
Val: loss=0.3927, acc=10504/10975 (95.71%)
Epoch 65 [0/84843] Loss: 0.548847
Epoch 65 [35000/84843] Loss: 0.565417
Epoch 65 [70000/84843] Loss: 0.459426
Epoch 65 - Avg Loss: 0.509083 | Train Acc: 90.67%
Val: loss=0.3910, acc=10508/10975 (95.74%)
Epoch 66 [0/84843] Loss: 0.468322
Epoch 66 [35000/84843] Loss: 0.361518
Epoch 66 [70000/84843] Loss: 0.457981
Epoch 66 - Avg Loss: 0.508599 | Train Acc: 90.73%
Val: loss=0.3955, acc=10473/10975 (95.43%)
Epoch 67 [0/84843] Loss: 0.576047
Epoch 67 [35000/84843] Loss: 0.394312
Epoch 67 [70000/84843] Loss: 0.475563
Epoch 67 - Avg Loss: 0.508636 | Train Acc: 90.77%
Val: loss=0.3965, acc=10488/10975 (95.56%)
Epoch 68 [0/84843] Loss: 0.450421
Epoch 68 [35000/84843] Loss: 0.589899
Epoch 68 [70000/84843] Loss: 0.549055
Epoch 68 - Avg Loss: 0.505885 | Train Acc: 90.89%
Val: loss=0.3978, acc=10501/10975 (95.68%)
Epoch 69 [0/84843] Loss: 0.480034
Epoch 69 [35000/84843] Loss: 0.433139
Epoch 69 [70000/84843] Loss: 0.350051
Epoch 69 - Avg Loss: 0.502710 | Train Acc: 90.99%
Val: loss=0.3943, acc=10478/10975 (95.47%)
Epoch 70 [0/84843] Loss: 0.761903
Epoch 70 [35000/84843] Loss: 0.441901
Epoch 70 [70000/84843] Loss: 0.648393
Epoch 70 - Avg Loss: 0.506930 | Train Acc: 90.80%
Val: loss=0.3959, acc=10474/10975 (95.44%)
Epoch 71 [0/84843] Loss: 0.534637
Epoch 71 [35000/84843] Loss: 0.474430
Epoch 71 [70000/84843] Loss: 0.567187
Epoch 71 - Avg Loss: 0.501415 | Train Acc: 91.03%
Val: loss=0.3896, acc=10510/10975 (95.76%)
Epoch 72 [0/84843] Loss: 0.480882
Epoch 72 [35000/84843] Loss: 0.387693
Epoch 72 [70000/84843] Loss: 0.448775
Epoch 72 - Avg Loss: 0.503209 | Train Acc: 90.91%
Val: loss=0.3893, acc=10529/10975 (95.94%)
saved best: 95.94%
Epoch 73 [0/84843] Loss: 0.473976
Epoch 73 [35000/84843] Loss: 0.531657
Epoch 73 [70000/84843] Loss: 0.359725
Epoch 73 - Avg Loss: 0.502214 | Train Acc: 90.94%
Val: loss=0.3921, acc=10504/10975 (95.71%)
Epoch 74 [0/84843] Loss: 0.760677
Epoch 74 [35000/84843] Loss: 0.442608
Epoch 74 [70000/84843] Loss: 0.563048
Epoch 74 - Avg Loss: 0.501196 | Train Acc: 91.03%
Val: loss=0.4029, acc=10466/10975 (95.36%)
Epoch 75 [0/84843] Loss: 0.729748
Epoch 75 [35000/84843] Loss: 0.404744
Epoch 75 [70000/84843] Loss: 0.516646
Epoch 75 - Avg Loss: 0.503710 | Train Acc: 90.84%
Val: loss=0.3774, acc=10561/10975 (96.23%)
saved best: 96.23%
Epoch 76 [0/84843] Loss: 0.516662
Epoch 76 [35000/84843] Loss: 0.807668
Epoch 76 [70000/84843] Loss: 0.374153
Epoch 76 - Avg Loss: 0.499385 | Train Acc: 91.12%
Val: loss=0.3859, acc=10503/10975 (95.70%)
Epoch 77 [0/84843] Loss: 0.392508
Epoch 77 [35000/84843] Loss: 0.446676
Epoch 77 [70000/84843] Loss: 0.450405
Epoch 77 - Avg Loss: 0.500368 | Train Acc: 91.01%
Val: loss=0.3851, acc=10527/10975 (95.92%)
Epoch 78 [0/84843] Loss: 0.468659
Epoch 78 [35000/84843] Loss: 0.402516
Epoch 78 [70000/84843] Loss: 0.661303
Epoch 78 - Avg Loss: 0.497545 | Train Acc: 91.18%
Val: loss=0.3858, acc=10513/10975 (95.79%)
Epoch 79 [0/84843] Loss: 0.494977
Epoch 79 [35000/84843] Loss: 0.479570
Epoch 79 [70000/84843] Loss: 0.406316
Epoch 79 - Avg Loss: 0.501904 | Train Acc: 90.94%
Val: loss=0.3848, acc=10500/10975 (95.67%)
Epoch 80 [0/84843] Loss: 0.330578
Epoch 80 [35000/84843] Loss: 0.685778
Epoch 80 [70000/84843] Loss: 0.621430
Epoch 80 - Avg Loss: 0.501029 | Train Acc: 91.01%
Val: loss=0.3840, acc=10540/10975 (96.04%)
Epoch 81 [0/84843] Loss: 0.870349
Epoch 81 [35000/84843] Loss: 0.441055
Epoch 81 [70000/84843] Loss: 0.456866
Epoch 81 - Avg Loss: 0.498200 | Train Acc: 91.09%
Val: loss=0.3789, acc=10557/10975 (96.19%)
Epoch 82 [0/84843] Loss: 0.685215
Epoch 82 [35000/84843] Loss: 0.324839
Epoch 82 [70000/84843] Loss: 0.633533
Epoch 82 - Avg Loss: 0.499273 | Train Acc: 91.04%
Val: loss=0.3838, acc=10524/10975 (95.89%)
Epoch 83 [0/84843] Loss: 0.444128
Epoch 83 [35000/84843] Loss: 0.530498
Epoch 83 [70000/84843] Loss: 0.469872
Epoch 83 - Avg Loss: 0.497877 | Train Acc: 91.13%
Val: loss=0.3800, acc=10530/10975 (95.95%)
Epoch 84 [0/84843] Loss: 0.491626
Epoch 84 [35000/84843] Loss: 0.604279
Epoch 84 [70000/84843] Loss: 0.524116
Epoch 84 - Avg Loss: 0.495232 | Train Acc: 91.30%
Val: loss=0.3820, acc=10538/10975 (96.02%)
Epoch 85 [0/84843] Loss: 0.472326
Epoch 85 [35000/84843] Loss: 0.464164
Epoch 85 [70000/84843] Loss: 0.684712
Epoch 85 - Avg Loss: 0.500753 | Train Acc: 90.98%
Val: loss=0.3855, acc=10521/10975 (95.86%)
Epoch 86 [0/84843] Loss: 0.555096
Epoch 86 [35000/84843] Loss: 0.440487
Epoch 86 [70000/84843] Loss: 0.472064
Epoch 86 - Avg Loss: 0.496621 | Train Acc: 91.16%
Val: loss=0.3780, acc=10561/10975 (96.23%)
Epoch 87 [0/84843] Loss: 0.365387
Epoch 87 [35000/84843] Loss: 0.428754
Epoch 87 [70000/84843] Loss: 0.592536
Epoch 87 - Avg Loss: 0.496753 | Train Acc: 91.15%
Val: loss=0.3843, acc=10519/10975 (95.85%)
Epoch 88 [0/84843] Loss: 0.630919
Epoch 88 [35000/84843] Loss: 0.582213
Epoch 88 [70000/84843] Loss: 0.406038
Epoch 88 - Avg Loss: 0.493542 | Train Acc: 91.35%
Val: loss=0.3792, acc=10540/10975 (96.04%)
Epoch 89 [0/84843] Loss: 0.380712
Epoch 89 [35000/84843] Loss: 0.628991
Epoch 89 [70000/84843] Loss: 0.483453
Epoch 89 - Avg Loss: 0.491283 | Train Acc: 91.38%
Val: loss=0.3896, acc=10500/10975 (95.67%)
Epoch 90 [0/84843] Loss: 0.618627
Epoch 90 [35000/84843] Loss: 0.380411
Epoch 90 [70000/84843] Loss: 0.477084
Epoch 90 - Avg Loss: 0.490482 | Train Acc: 91.43%
Val: loss=0.3810, acc=10540/10975 (96.04%)
Epoch 91 [0/84843] Loss: 0.488306
Epoch 91 [35000/84843] Loss: 0.478975
Epoch 91 [70000/84843] Loss: 0.495595
Epoch 91 - Avg Loss: 0.496867 | Train Acc: 91.16%
Val: loss=0.3952, acc=10474/10975 (95.44%)
Epoch 92 [0/84843] Loss: 0.684156
Epoch 92 [35000/84843] Loss: 0.559670
Epoch 92 [70000/84843] Loss: 0.620348
Epoch 92 - Avg Loss: 0.499075 | Train Acc: 91.05%
Val: loss=0.3774, acc=10556/10975 (96.18%)
Epoch 93 [0/84843] Loss: 0.469032
Epoch 93 [35000/84843] Loss: 0.392206
Epoch 93 [70000/84843] Loss: 0.411261
Epoch 93 - Avg Loss: 0.495292 | Train Acc: 91.19%
Val: loss=0.3830, acc=10541/10975 (96.05%)
Epoch 94 [0/84843] Loss: 0.392451
Epoch 94 [35000/84843] Loss: 0.382482
Epoch 94 [70000/84843] Loss: 0.373453
Epoch 94 - Avg Loss: 0.494068 | Train Acc: 91.28%
Val: loss=0.3715, acc=10574/10975 (96.35%)
saved best: 96.35%
Epoch 95 [0/84843] Loss: 0.668256
Epoch 95 [35000/84843] Loss: 0.446239
Epoch 95 [70000/84843] Loss: 0.526200
Epoch 95 - Avg Loss: 0.495523 | Train Acc: 91.21%
Val: loss=0.3817, acc=10505/10975 (95.72%)
Epoch 96 [0/84843] Loss: 0.502123
Epoch 96 [35000/84843] Loss: 0.365274
Epoch 96 [70000/84843] Loss: 0.382439
Epoch 96 - Avg Loss: 0.490603 | Train Acc: 91.42%
Val: loss=0.3737, acc=10568/10975 (96.29%)
Epoch 97 [0/84843] Loss: 0.590370
Epoch 97 [35000/84843] Loss: 0.405248
Epoch 97 [70000/84843] Loss: 0.689644
Epoch 97 - Avg Loss: 0.492946 | Train Acc: 91.22%
Val: loss=0.3801, acc=10569/10975 (96.30%)
Epoch 98 [0/84843] Loss: 0.543604
Epoch 98 [35000/84843] Loss: 0.523782
Epoch 98 [70000/84843] Loss: 0.536599
Epoch 98 - Avg Loss: 0.493550 | Train Acc: 91.33%
Val: loss=0.3891, acc=10511/10975 (95.77%)
Epoch 99 [0/84843] Loss: 0.487837
Epoch 99 [35000/84843] Loss: 0.563629
Epoch 99 [70000/84843] Loss: 0.373341
Epoch 99 - Avg Loss: 0.494185 | Train Acc: 91.28%
Val: loss=0.3877, acc=10505/10975 (95.72%)
Epoch 100 [0/84843] Loss: 0.471046
Epoch 100 [35000/84843] Loss: 0.631713
Epoch 100 [70000/84843] Loss: 0.623765
Epoch 100 - Avg Loss: 0.487997 | Train Acc: 91.50%
Val: loss=0.3766, acc=10542/10975 (96.05%)
Epoch 101 [0/84843] Loss: 0.489579
Epoch 101 [35000/84843] Loss: 0.469694
Epoch 101 [70000/84843] Loss: 0.398284
Epoch 101 - Avg Loss: 0.490089 | Train Acc: 91.45%
Val: loss=0.3787, acc=10560/10975 (96.22%)
Epoch 102 [0/84843] Loss: 0.411074
Epoch 102 [35000/84843] Loss: 0.475370
Epoch 102 [70000/84843] Loss: 0.479553
Epoch 102 - Avg Loss: 0.491693 | Train Acc: 91.44%
Val: loss=0.3847, acc=10523/10975 (95.88%)
Epoch 103 [0/84843] Loss: 0.598519
Epoch 103 [35000/84843] Loss: 0.405015
Epoch 103 [70000/84843] Loss: 0.631902
Epoch 103 - Avg Loss: 0.488648 | Train Acc: 91.48%
Val: loss=0.3764, acc=10558/10975 (96.20%)
Epoch 104 [0/84843] Loss: 0.628328
Epoch 104 [35000/84843] Loss: 0.405317
Epoch 104 [70000/84843] Loss: 0.593750
Epoch 104 - Avg Loss: 0.487065 | Train Acc: 91.48%
Val: loss=0.3873, acc=10518/10975 (95.84%)
Epoch 105 [0/84843] Loss: 0.490938
Epoch 105 [35000/84843] Loss: 0.354685
Epoch 105 [70000/84843] Loss: 0.464638
Epoch 105 - Avg Loss: 0.490128 | Train Acc: 91.43%
Val: loss=0.3868, acc=10523/10975 (95.88%)
Epoch 106 [0/84843] Loss: 0.611380
Epoch 106 [35000/84843] Loss: 0.558771
Epoch 106 [70000/84843] Loss: 0.502865
Epoch 106 - Avg Loss: 0.488892 | Train Acc: 91.48%
Val: loss=0.3720, acc=10585/10975 (96.45%)
saved best: 96.45%
Epoch 107 [0/84843] Loss: 0.396079
Epoch 107 [35000/84843] Loss: 0.398439
Epoch 107 [70000/84843] Loss: 0.445181
Epoch 107 - Avg Loss: 0.485918 | Train Acc: 91.65%
Val: loss=0.3891, acc=10509/10975 (95.75%)
Epoch 108 [0/84843] Loss: 0.413491
Epoch 108 [35000/84843] Loss: 0.586730
Epoch 108 [70000/84843] Loss: 0.399973
Epoch 108 - Avg Loss: 0.486131 | Train Acc: 91.56%
Val: loss=0.3929, acc=10473/10975 (95.43%)
Epoch 109 [0/84843] Loss: 0.391549
Epoch 109 [35000/84843] Loss: 0.518017
Epoch 109 [70000/84843] Loss: 0.597097
Epoch 109 - Avg Loss: 0.489910 | Train Acc: 91.38%
Val: loss=0.3818, acc=10541/10975 (96.05%)
Epoch 110 [0/84843] Loss: 0.541869
Epoch 110 [35000/84843] Loss: 0.387140
Epoch 110 [70000/84843] Loss: 0.586125
Epoch 110 - Avg Loss: 0.490463 | Train Acc: 91.40%
Val: loss=0.3801, acc=10540/10975 (96.04%)
Epoch 111 [0/84843] Loss: 0.421985
Epoch 111 [35000/84843] Loss: 0.478081
Epoch 111 [70000/84843] Loss: 0.360632
Epoch 111 - Avg Loss: 0.489307 | Train Acc: 91.43%
Val: loss=0.3740, acc=10559/10975 (96.21%)
Epoch 112 [0/84843] Loss: 0.351602
Epoch 112 [35000/84843] Loss: 0.456435
Epoch 112 [70000/84843] Loss: 0.487712
Epoch 112 - Avg Loss: 0.488835 | Train Acc: 91.42%
Val: loss=0.3802, acc=10553/10975 (96.15%)
Epoch 113 [0/84843] Loss: 0.557251
Epoch 113 [35000/84843] Loss: 0.495843
Epoch 113 [70000/84843] Loss: 0.461821
Epoch 113 - Avg Loss: 0.487418 | Train Acc: 91.46%
Val: loss=0.3890, acc=10507/10975 (95.74%)
Epoch 114 [0/84843] Loss: 0.494730
Epoch 114 [35000/84843] Loss: 0.528736
Epoch 114 [70000/84843] Loss: 0.451771
Epoch 114 - Avg Loss: 0.484352 | Train Acc: 91.54%
Val: loss=0.3738, acc=10586/10975 (96.46%)
saved best: 96.46%
Epoch 115 [0/84843] Loss: 0.456514
Epoch 115 [35000/84843] Loss: 0.408355
Epoch 115 [70000/84843] Loss: 0.695938
Epoch 115 - Avg Loss: 0.485380 | Train Acc: 91.56%
Val: loss=0.3712, acc=10586/10975 (96.46%)
Epoch 116 [0/84843] Loss: 0.386535
Epoch 116 [35000/84843] Loss: 0.371793
Epoch 116 [70000/84843] Loss: 0.395702
Epoch 116 - Avg Loss: 0.484197 | Train Acc: 91.70%
Val: loss=0.3696, acc=10585/10975 (96.45%)
Epoch 117 [0/84843] Loss: 0.377491
Epoch 117 [35000/84843] Loss: 0.420360
Epoch 117 [70000/84843] Loss: 0.552249
Epoch 117 - Avg Loss: 0.485663 | Train Acc: 91.60%
Val: loss=0.3806, acc=10544/10975 (96.07%)
Epoch 118 [0/84843] Loss: 0.349426
Epoch 118 [35000/84843] Loss: 0.396411
Epoch 118 [70000/84843] Loss: 0.434970
Epoch 118 - Avg Loss: 0.487789 | Train Acc: 91.47%
Val: loss=0.3808, acc=10539/10975 (96.03%)
Epoch 119 [0/84843] Loss: 0.508842
Epoch 119 [35000/84843] Loss: 0.441639
Epoch 119 [70000/84843] Loss: 0.688933
Epoch 119 - Avg Loss: 0.483858 | Train Acc: 91.63%
Val: loss=0.3692, acc=10586/10975 (96.46%)
Epoch 120 [0/84843] Loss: 0.678530
Epoch 120 [35000/84843] Loss: 0.492957
Epoch 120 [70000/84843] Loss: 0.432066
Epoch 120 - Avg Loss: 0.481307 | Train Acc: 91.71%
Val: loss=0.3793, acc=10526/10975 (95.91%)
Epoch 121 [0/84843] Loss: 0.365731
Epoch 121 [35000/84843] Loss: 0.501540
Epoch 121 [70000/84843] Loss: 0.689185
Epoch 121 - Avg Loss: 0.482952 | Train Acc: 91.65%
Val: loss=0.3784, acc=10546/10975 (96.09%)
Epoch 122 [0/84843] Loss: 0.915230
Epoch 122 [35000/84843] Loss: 0.349940
Epoch 122 [70000/84843] Loss: 0.599088
Epoch 122 - Avg Loss: 0.480936 | Train Acc: 91.76%
Val: loss=0.4006, acc=10462/10975 (95.33%)
Epoch 123 [0/84843] Loss: 0.644625
Epoch 123 [35000/84843] Loss: 0.529179
Epoch 123 [70000/84843] Loss: 0.452049
Epoch 123 - Avg Loss: 0.481188 | Train Acc: 91.74%
Val: loss=0.3657, acc=10609/10975 (96.67%)
saved best: 96.67%
Epoch 124 [0/84843] Loss: 0.357025
Epoch 124 [35000/84843] Loss: 0.297421
Epoch 124 [70000/84843] Loss: 0.715678
Epoch 124 - Avg Loss: 0.483520 | Train Acc: 91.66%
Val: loss=0.3831, acc=10521/10975 (95.86%)
Epoch 125 [0/84843] Loss: 0.529869
Epoch 125 [35000/84843] Loss: 0.335120
Epoch 125 [70000/84843] Loss: 0.506302
Epoch 125 - Avg Loss: 0.480316 | Train Acc: 91.79%
Val: loss=0.3827, acc=10533/10975 (95.97%)
Epoch 126 [0/84843] Loss: 0.437093
Epoch 126 [35000/84843] Loss: 0.331280
Epoch 126 [70000/84843] Loss: 0.484899
Epoch 126 - Avg Loss: 0.482735 | Train Acc: 91.65%
Val: loss=0.3728, acc=10570/10975 (96.31%)
Epoch 127 [0/84843] Loss: 0.393409
Epoch 127 [35000/84843] Loss: 0.424480
Epoch 127 [70000/84843] Loss: 0.420273
Epoch 127 - Avg Loss: 0.485223 | Train Acc: 91.57%
Val: loss=0.3815, acc=10539/10975 (96.03%)
Epoch 128 [0/84843] Loss: 0.500012
Epoch 128 [35000/84843] Loss: 0.573576
Epoch 128 [70000/84843] Loss: 0.626128
Epoch 128 - Avg Loss: 0.480156 | Train Acc: 91.85%
Val: loss=0.3741, acc=10568/10975 (96.29%)
Epoch 129 [0/84843] Loss: 0.370426
Epoch 129 [35000/84843] Loss: 0.375232
Epoch 129 [70000/84843] Loss: 0.582434
Epoch 129 - Avg Loss: 0.478904 | Train Acc: 91.83%
Val: loss=0.3713, acc=10577/10975 (96.37%)
Epoch 130 [0/84843] Loss: 0.727825
Epoch 130 [35000/84843] Loss: 0.371104
Epoch 130 [70000/84843] Loss: 0.635486
Epoch 130 - Avg Loss: 0.482269 | Train Acc: 91.70%
Val: loss=0.3684, acc=10572/10975 (96.33%)
Epoch 131 [0/84843] Loss: 0.426363
Epoch 131 [35000/84843] Loss: 0.427207
Epoch 131 [70000/84843] Loss: 0.398751
Epoch 131 - Avg Loss: 0.482506 | Train Acc: 91.63%
Val: loss=0.3792, acc=10534/10975 (95.98%)
Epoch 132 [0/84843] Loss: 0.462939
Epoch 132 [35000/84843] Loss: 0.321368
Epoch 132 [70000/84843] Loss: 0.389870
Epoch 132 - Avg Loss: 0.479190 | Train Acc: 91.87%
Val: loss=0.3717, acc=10576/10975 (96.36%)
Epoch 133 [0/84843] Loss: 0.605632
Epoch 133 [35000/84843] Loss: 0.599755
Epoch 133 [70000/84843] Loss: 0.398995
Epoch 133 - Avg Loss: 0.478731 | Train Acc: 91.83%
Val: loss=0.3775, acc=10550/10975 (96.13%)
Epoch 134 [0/84843] Loss: 0.412425
Epoch 134 [35000/84843] Loss: 0.502559
Epoch 134 [70000/84843] Loss: 0.532443
Epoch 134 - Avg Loss: 0.481612 | Train Acc: 91.70%
Val: loss=0.3712, acc=10571/10975 (96.32%)
Epoch 135 [0/84843] Loss: 0.751444
Epoch 135 [35000/84843] Loss: 0.375831
Epoch 135 [70000/84843] Loss: 0.419346
Epoch 135 - Avg Loss: 0.484097 | Train Acc: 91.68%
Val: loss=0.3686, acc=10574/10975 (96.35%)
Epoch 136 [0/84843] Loss: 0.595122
Epoch 136 [35000/84843] Loss: 0.439599
Epoch 136 [70000/84843] Loss: 0.505187
Epoch 136 - Avg Loss: 0.474396 | Train Acc: 92.05%
Val: loss=0.3748, acc=10563/10975 (96.25%)
Epoch 137 [0/84843] Loss: 0.317469
Epoch 137 [35000/84843] Loss: 0.686591
Epoch 137 [70000/84843] Loss: 0.412585
Epoch 137 - Avg Loss: 0.478463 | Train Acc: 91.86%
Val: loss=0.3700, acc=10582/10975 (96.42%)
Epoch 138 [0/84843] Loss: 0.428792
Epoch 138 [35000/84843] Loss: 0.518883
Epoch 138 [70000/84843] Loss: 0.546991
Epoch 138 - Avg Loss: 0.482770 | Train Acc: 91.67%
Val: loss=0.3810, acc=10530/10975 (95.95%)
Epoch 139 [0/84843] Loss: 0.442621
Epoch 139 [35000/84843] Loss: 0.421991
Epoch 139 [70000/84843] Loss: 0.852470
Epoch 139 - Avg Loss: 0.475333 | Train Acc: 91.94%
Val: loss=0.3775, acc=10515/10975 (95.81%)
Epoch 140 [0/84843] Loss: 0.377636
Epoch 140 [35000/84843] Loss: 0.468529
Epoch 140 [70000/84843] Loss: 0.498220
Epoch 140 - Avg Loss: 0.478486 | Train Acc: 91.89%
Val: loss=0.3662, acc=10590/10975 (96.49%)
Epoch 141 [0/84843] Loss: 0.446056
Epoch 141 [35000/84843] Loss: 0.407307
Epoch 141 [70000/84843] Loss: 0.536481
Epoch 141 - Avg Loss: 0.479526 | Train Acc: 91.84%
Val: loss=0.3611, acc=10622/10975 (96.78%)
saved best: 96.78%
Epoch 142 [0/84843] Loss: 0.491650
Epoch 142 [35000/84843] Loss: 0.454016
Epoch 142 [70000/84843] Loss: 0.540930
Epoch 142 - Avg Loss: 0.474947 | Train Acc: 92.00%
Val: loss=0.3664, acc=10593/10975 (96.52%)
Epoch 143 [0/84843] Loss: 0.702461
Epoch 143 [35000/84843] Loss: 0.429906
Epoch 143 [70000/84843] Loss: 0.551579
Epoch 143 - Avg Loss: 0.480137 | Train Acc: 91.80%
Val: loss=0.3628, acc=10611/10975 (96.68%)
Epoch 144 [0/84843] Loss: 0.555973
Epoch 144 [35000/84843] Loss: 0.403772
Epoch 144 [70000/84843] Loss: 0.494564
Epoch 144 - Avg Loss: 0.477588 | Train Acc: 91.91%
Val: loss=0.3780, acc=10533/10975 (95.97%)
Epoch 145 [0/84843] Loss: 0.308619
Epoch 145 [35000/84843] Loss: 0.547488
Epoch 145 [70000/84843] Loss: 0.317457
Epoch 145 - Avg Loss: 0.479257 | Train Acc: 91.87%
Val: loss=0.3708, acc=10584/10975 (96.44%)
Epoch 146 [0/84843] Loss: 0.355573
Epoch 146 [35000/84843] Loss: 0.584724
Epoch 146 [70000/84843] Loss: 0.541784
Epoch 146 - Avg Loss: 0.478225 | Train Acc: 91.81%
Val: loss=0.3667, acc=10600/10975 (96.58%)
Epoch 147 [0/84843] Loss: 0.428472
Epoch 147 [35000/84843] Loss: 0.583173
Epoch 147 [70000/84843] Loss: 0.516608
Epoch 147 - Avg Loss: 0.473295 | Train Acc: 92.04%
Val: loss=0.3632, acc=10603/10975 (96.61%)
Epoch 148 [0/84843] Loss: 0.507159
Epoch 148 [35000/84843] Loss: 0.689926
Epoch 148 [70000/84843] Loss: 0.424306
Epoch 148 - Avg Loss: 0.475724 | Train Acc: 91.94%
Val: loss=0.3739, acc=10568/10975 (96.29%)
Epoch 149 [0/84843] Loss: 0.432375
Epoch 149 [35000/84843] Loss: 0.383000
Epoch 149 [70000/84843] Loss: 0.512394
Epoch 149 - Avg Loss: 0.472771 | Train Acc: 92.12%
Val: loss=0.3674, acc=10585/10975 (96.45%)
Epoch 150 [0/84843] Loss: 0.517866
Epoch 150 [35000/84843] Loss: 0.577141
Epoch 150 [70000/84843] Loss: 0.419850
Epoch 150 - Avg Loss: 0.474786 | Train Acc: 91.93%
Val: loss=0.3672, acc=10582/10975 (96.42%)
Epoch 151 [0/84843] Loss: 0.536616
Epoch 151 [35000/84843] Loss: 0.507492
Epoch 151 [70000/84843] Loss: 0.383910
Epoch 151 - Avg Loss: 0.470199 | Train Acc: 92.11%
Val: loss=0.3701, acc=10592/10975 (96.51%)
Epoch 152 [0/84843] Loss: 0.490526
Epoch 152 [35000/84843] Loss: 0.551313
Epoch 152 [70000/84843] Loss: 0.686151
Epoch 152 - Avg Loss: 0.474820 | Train Acc: 92.02%
Val: loss=0.3806, acc=10539/10975 (96.03%)
Epoch 153 [0/84843] Loss: 0.460803
Epoch 153 [35000/84843] Loss: 0.358471
Epoch 153 [70000/84843] Loss: 0.513518
Epoch 153 - Avg Loss: 0.472035 | Train Acc: 92.11%
Val: loss=0.3711, acc=10583/10975 (96.43%)
Epoch 154 [0/84843] Loss: 0.532050
Epoch 154 [35000/84843] Loss: 0.452295
Epoch 154 [70000/84843] Loss: 0.625272
Epoch 154 - Avg Loss: 0.471120 | Train Acc: 92.10%
Val: loss=0.3746, acc=10551/10975 (96.14%)
Epoch 155 [0/84843] Loss: 0.447490
Epoch 155 [35000/84843] Loss: 0.383556
Epoch 155 [70000/84843] Loss: 0.557568
Epoch 155 - Avg Loss: 0.475920 | Train Acc: 91.97%
Val: loss=0.3615, acc=10615/10975 (96.72%)
Epoch 156 [0/84843] Loss: 0.343176
Epoch 156 [35000/84843] Loss: 0.453303
Epoch 156 [70000/84843] Loss: 0.730971
Epoch 156 - Avg Loss: 0.474777 | Train Acc: 92.03%
Val: loss=0.3688, acc=10605/10975 (96.63%)
Epoch 157 [0/84843] Loss: 0.479321
Epoch 157 [35000/84843] Loss: 0.414771
Epoch 157 [70000/84843] Loss: 0.429975
Epoch 157 - Avg Loss: 0.473782 | Train Acc: 92.03%
Val: loss=0.3610, acc=10634/10975 (96.89%)
saved best: 96.89%
Epoch 158 [0/84843] Loss: 0.520180
Epoch 158 [35000/84843] Loss: 0.542950
Epoch 158 [70000/84843] Loss: 0.475534
Epoch 158 - Avg Loss: 0.470928 | Train Acc: 92.20%
Val: loss=0.3773, acc=10543/10975 (96.06%)
Epoch 159 [0/84843] Loss: 0.356178
Epoch 159 [35000/84843] Loss: 0.370275
Epoch 159 [70000/84843] Loss: 0.364272
Epoch 159 - Avg Loss: 0.473243 | Train Acc: 92.04%
Val: loss=0.3654, acc=10602/10975 (96.60%)
Epoch 160 [0/84843] Loss: 0.458420
Epoch 160 [35000/84843] Loss: 0.423971
Epoch 160 [70000/84843] Loss: 0.429043
Epoch 160 - Avg Loss: 0.472308 | Train Acc: 92.13%
Val: loss=0.3686, acc=10591/10975 (96.50%)
Epoch 161 [0/84843] Loss: 0.363376
Epoch 161 [35000/84843] Loss: 0.472444
Epoch 161 [70000/84843] Loss: 0.387262
Epoch 161 - Avg Loss: 0.471833 | Train Acc: 92.17%
Val: loss=0.3726, acc=10569/10975 (96.30%)
Epoch 162 [0/84843] Loss: 0.503680
Epoch 162 [35000/84843] Loss: 0.486945
Epoch 162 [70000/84843] Loss: 0.449433
Epoch 162 - Avg Loss: 0.471534 | Train Acc: 92.09%
Val: loss=0.3652, acc=10583/10975 (96.43%)
Epoch 163 [0/84843] Loss: 0.522880
Epoch 163 [35000/84843] Loss: 0.399712
Epoch 163 [70000/84843] Loss: 0.624846
Epoch 163 - Avg Loss: 0.474681 | Train Acc: 91.97%
Val: loss=0.3685, acc=10571/10975 (96.32%)
Epoch 164 [0/84843] Loss: 0.641901
Epoch 164 [35000/84843] Loss: 0.477895
Epoch 164 [70000/84843] Loss: 0.522050
Epoch 164 - Avg Loss: 0.470238 | Train Acc: 92.21%
Val: loss=0.3674, acc=10585/10975 (96.45%)
Epoch 165 [0/84843] Loss: 0.427065
Epoch 165 [35000/84843] Loss: 0.700519
Epoch 165 [70000/84843] Loss: 0.472630
Epoch 165 - Avg Loss: 0.469489 | Train Acc: 92.14%
Val: loss=0.3672, acc=10598/10975 (96.56%)
Epoch 166 [0/84843] Loss: 0.373820
Epoch 166 [35000/84843] Loss: 0.568413
Epoch 166 [70000/84843] Loss: 0.363284
Epoch 166 - Avg Loss: 0.473532 | Train Acc: 92.05%
Val: loss=0.3669, acc=10599/10975 (96.57%)
Epoch 167 [0/84843] Loss: 0.436430
Epoch 167 [35000/84843] Loss: 0.412340
Epoch 167 [70000/84843] Loss: 0.728297
Epoch 167 - Avg Loss: 0.471107 | Train Acc: 92.15%
Val: loss=0.3704, acc=10562/10975 (96.24%)
Epoch 168 [0/84843] Loss: 0.364891
Epoch 168 [35000/84843] Loss: 0.413032
Epoch 168 [70000/84843] Loss: 0.415576
Epoch 168 - Avg Loss: 0.471470 | Train Acc: 92.13%
Val: loss=0.3694, acc=10580/10975 (96.40%)
Epoch 169 [0/84843] Loss: 0.424896
Epoch 169 [35000/84843] Loss: 0.470505
Epoch 169 [70000/84843] Loss: 0.436374
Epoch 169 - Avg Loss: 0.468755 | Train Acc: 92.26%
Val: loss=0.3706, acc=10572/10975 (96.33%)
Epoch 170 [0/84843] Loss: 0.406060
Epoch 170 [35000/84843] Loss: 0.498595
Epoch 170 [70000/84843] Loss: 0.471523
Epoch 170 - Avg Loss: 0.465197 | Train Acc: 92.32%
Val: loss=0.3785, acc=10525/10975 (95.90%)
Epoch 171 [0/84843] Loss: 0.276566
Epoch 171 [35000/84843] Loss: 0.505639
Epoch 171 [70000/84843] Loss: 0.401916
Epoch 171 - Avg Loss: 0.468270 | Train Acc: 92.25%
Val: loss=0.3670, acc=10579/10975 (96.39%)
Epoch 172 [0/84843] Loss: 0.459760
Epoch 172 [35000/84843] Loss: 0.426447
Epoch 172 [70000/84843] Loss: 0.485081
Epoch 172 - Avg Loss: 0.466421 | Train Acc: 92.28%
Val: loss=0.3761, acc=10569/10975 (96.30%)
Epoch 173 [0/84843] Loss: 0.433702
Epoch 173 [35000/84843] Loss: 0.458606
Epoch 173 [70000/84843] Loss: 0.365238
Epoch 173 - Avg Loss: 0.466878 | Train Acc: 92.30%
Val: loss=0.3647, acc=10613/10975 (96.70%)
Epoch 174 [0/84843] Loss: 0.316746
Epoch 174 [35000/84843] Loss: 0.363999
Epoch 174 [70000/84843] Loss: 0.585940
Epoch 174 - Avg Loss: 0.470192 | Train Acc: 92.17%
Val: loss=0.3604, acc=10612/10975 (96.69%)
Epoch 175 [0/84843] Loss: 0.445605
Epoch 175 [35000/84843] Loss: 0.576184
Epoch 175 [70000/84843] Loss: 0.568411
Epoch 175 - Avg Loss: 0.465771 | Train Acc: 92.38%
Val: loss=0.3701, acc=10566/10975 (96.27%)
Epoch 176 [0/84843] Loss: 0.404561
Epoch 176 [35000/84843] Loss: 0.517312
Epoch 176 [70000/84843] Loss: 0.390989
Epoch 176 - Avg Loss: 0.465933 | Train Acc: 92.33%
Val: loss=0.3833, acc=10507/10975 (95.74%)
Epoch 177 [0/84843] Loss: 0.519796
Epoch 177 [35000/84843] Loss: 0.379742
Epoch 177 [70000/84843] Loss: 0.428214
Epoch 177 - Avg Loss: 0.470259 | Train Acc: 92.17%
Val: loss=0.3672, acc=10594/10975 (96.53%)
Epoch 178 [0/84843] Loss: 0.598641
Epoch 178 [35000/84843] Loss: 0.453682
Epoch 178 [70000/84843] Loss: 0.429429
Epoch 178 - Avg Loss: 0.465825 | Train Acc: 92.41%
Val: loss=0.3620, acc=10628/10975 (96.84%)
Epoch 179 [0/84843] Loss: 0.455612
Epoch 179 [35000/84843] Loss: 0.571739
Epoch 179 [70000/84843] Loss: 0.376642
Epoch 179 - Avg Loss: 0.466308 | Train Acc: 92.31%
Val: loss=0.3640, acc=10611/10975 (96.68%)
Epoch 180 [0/84843] Loss: 0.463656
Epoch 180 [35000/84843] Loss: 0.429340
Epoch 180 [70000/84843] Loss: 0.447082
Epoch 180 - Avg Loss: 0.462165 | Train Acc: 92.53%
Val: loss=0.3663, acc=10600/10975 (96.58%)
Epoch 181 [0/84843] Loss: 0.449069
Epoch 181 [35000/84843] Loss: 0.517428
Epoch 181 [70000/84843] Loss: 0.427448
Epoch 181 - Avg Loss: 0.467651 | Train Acc: 92.31%
Val: loss=0.3691, acc=10571/10975 (96.32%)
Epoch 182 [0/84843] Loss: 0.414825
Epoch 182 [35000/84843] Loss: 0.506895
Epoch 182 [70000/84843] Loss: 0.519909
Epoch 182 - Avg Loss: 0.467866 | Train Acc: 92.27%
Val: loss=0.3666, acc=10573/10975 (96.34%)
Epoch 183 [0/84843] Loss: 0.401430
Epoch 183 [35000/84843] Loss: 0.602515
Epoch 183 [70000/84843] Loss: 0.328238
Epoch 183 - Avg Loss: 0.462480 | Train Acc: 92.50%
Val: loss=0.3605, acc=10615/10975 (96.72%)
Epoch 184 [0/84843] Loss: 0.392800
Epoch 184 [35000/84843] Loss: 0.338620
Epoch 184 [70000/84843] Loss: 0.400802
Epoch 184 - Avg Loss: 0.466322 | Train Acc: 92.34%
Val: loss=0.3639, acc=10585/10975 (96.45%)
Epoch 185 [0/84843] Loss: 0.461211
Epoch 185 [35000/84843] Loss: 0.358267
Epoch 185 [70000/84843] Loss: 0.345362
Epoch 185 - Avg Loss: 0.459771 | Train Acc: 92.67%
Val: loss=0.3621, acc=10615/10975 (96.72%)
Epoch 186 [0/84843] Loss: 0.447019
Epoch 186 [35000/84843] Loss: 0.509825
Epoch 186 [70000/84843] Loss: 0.404730
Epoch 186 - Avg Loss: 0.464283 | Train Acc: 92.47%
Val: loss=0.3615, acc=10607/10975 (96.65%)
Epoch 187 [0/84843] Loss: 0.645290
Epoch 187 [35000/84843] Loss: 0.395643
Epoch 187 [70000/84843] Loss: 0.692721
Epoch 187 - Avg Loss: 0.461529 | Train Acc: 92.52%
Val: loss=0.3720, acc=10559/10975 (96.21%)
Epoch 188 [0/84843] Loss: 0.499663
Epoch 188 [35000/84843] Loss: 0.523277
Epoch 188 [70000/84843] Loss: 0.589948
Epoch 188 - Avg Loss: 0.462916 | Train Acc: 92.45%
Val: loss=0.3699, acc=10600/10975 (96.58%)
Epoch 189 [0/84843] Loss: 0.460270
Epoch 189 [35000/84843] Loss: 0.394454
Epoch 189 [70000/84843] Loss: 0.389090
Epoch 189 - Avg Loss: 0.466799 | Train Acc: 92.29%
Val: loss=0.3597, acc=10635/10975 (96.90%)
saved best: 96.90%
Epoch 190 [0/84843] Loss: 0.510328
Epoch 190 [35000/84843] Loss: 0.689130
Epoch 190 [70000/84843] Loss: 0.470094
Epoch 190 - Avg Loss: 0.464293 | Train Acc: 92.35%
Val: loss=0.3603, acc=10608/10975 (96.66%)
Epoch 191 [0/84843] Loss: 0.449514
Epoch 191 [35000/84843] Loss: 0.426939
Epoch 191 [70000/84843] Loss: 0.395970
Epoch 191 - Avg Loss: 0.464604 | Train Acc: 92.45%
Val: loss=0.3761, acc=10535/10975 (95.99%)
Epoch 192 [0/84843] Loss: 0.678622
Epoch 192 [35000/84843] Loss: 0.343122
Epoch 192 [70000/84843] Loss: 0.558787
Epoch 192 - Avg Loss: 0.463899 | Train Acc: 92.46%
Val: loss=0.3664, acc=10585/10975 (96.45%)
Epoch 193 [0/84843] Loss: 0.359501
Epoch 193 [35000/84843] Loss: 0.600461
Epoch 193 [70000/84843] Loss: 0.372728
Epoch 193 - Avg Loss: 0.463042 | Train Acc: 92.43%
Val: loss=0.3689, acc=10588/10975 (96.47%)
Epoch 194 [0/84843] Loss: 0.498691
Epoch 194 [35000/84843] Loss: 0.458785
Epoch 194 [70000/84843] Loss: 0.643186
Epoch 194 - Avg Loss: 0.466079 | Train Acc: 92.38%
Val: loss=0.3610, acc=10611/10975 (96.68%)
Epoch 195 [0/84843] Loss: 0.461972
Epoch 195 [35000/84843] Loss: 0.444694
Epoch 195 [70000/84843] Loss: 0.528778
Epoch 195 - Avg Loss: 0.463266 | Train Acc: 92.36%
Val: loss=0.3642, acc=10609/10975 (96.67%)
Epoch 196 [0/84843] Loss: 0.407036
Epoch 196 [35000/84843] Loss: 0.457670
Epoch 196 [70000/84843] Loss: 0.350457
Epoch 196 - Avg Loss: 0.459617 | Train Acc: 92.54%
Val: loss=0.3628, acc=10603/10975 (96.61%)
Epoch 197 [0/84843] Loss: 0.410298
Epoch 197 [35000/84843] Loss: 0.580593
Epoch 197 [70000/84843] Loss: 0.533957
Epoch 197 - Avg Loss: 0.463497 | Train Acc: 92.47%
Val: loss=0.3723, acc=10559/10975 (96.21%)
Epoch 198 [0/84843] Loss: 0.506144
Epoch 198 [35000/84843] Loss: 0.548528
Epoch 198 [70000/84843] Loss: 0.458857
Epoch 198 - Avg Loss: 0.464590 | Train Acc: 92.34%
Val: loss=0.3674, acc=10593/10975 (96.52%)
Epoch 199 [0/84843] Loss: 0.368429
Epoch 199 [35000/84843] Loss: 0.511419
Epoch 199 [70000/84843] Loss: 0.481195
Epoch 199 - Avg Loss: 0.463153 | Train Acc: 92.44%
Val: loss=0.3573, acc=10633/10975 (96.88%)
Epoch 200 [0/84843] Loss: 0.424211
Epoch 200 [35000/84843] Loss: 0.389274
Epoch 200 [70000/84843] Loss: 0.556443
Epoch 200 - Avg Loss: 0.457397 | Train Acc: 92.71%
Val: loss=0.3624, acc=10605/10975 (96.63%)
Epoch 201 [0/84843] Loss: 0.420583
Epoch 201 [35000/84843] Loss: 0.490170
Epoch 201 [70000/84843] Loss: 0.415166
Epoch 201 - Avg Loss: 0.462111 | Train Acc: 92.44%
Val: loss=0.3614, acc=10608/10975 (96.66%)
Epoch 202 [0/84843] Loss: 0.509673
Epoch 202 [35000/84843] Loss: 0.575823
Epoch 202 [70000/84843] Loss: 0.433806
Epoch 202 - Avg Loss: 0.460632 | Train Acc: 92.52%
Val: loss=0.3623, acc=10608/10975 (96.66%)
Epoch 203 [0/84843] Loss: 0.433291
Epoch 203 [35000/84843] Loss: 0.346379
Epoch 203 [70000/84843] Loss: 0.349885
Epoch 203 - Avg Loss: 0.463059 | Train Acc: 92.43%
Val: loss=0.3619, acc=10605/10975 (96.63%)
Epoch 204 [0/84843] Loss: 0.366617
Epoch 204 [35000/84843] Loss: 0.522031
Epoch 204 [70000/84843] Loss: 0.486229
Epoch 204 - Avg Loss: 0.465601 | Train Acc: 92.34%
Val: loss=0.3589, acc=10619/10975 (96.76%)
Epoch 205 [0/84843] Loss: 0.502523
Epoch 205 [35000/84843] Loss: 0.576873
Epoch 205 [70000/84843] Loss: 0.353952
Epoch 205 - Avg Loss: 0.458507 | Train Acc: 92.64%
Val: loss=0.3612, acc=10614/10975 (96.71%)
Epoch 206 [0/84843] Loss: 0.478681
Epoch 206 [35000/84843] Loss: 0.403516
Epoch 206 [70000/84843] Loss: 0.499612
Epoch 206 - Avg Loss: 0.460729 | Train Acc: 92.52%
Val: loss=0.3671, acc=10585/10975 (96.45%)
Epoch 207 [0/84843] Loss: 0.423513
Epoch 207 [35000/84843] Loss: 0.640701
Epoch 207 [70000/84843] Loss: 0.536506
Epoch 207 - Avg Loss: 0.460114 | Train Acc: 92.53%
Val: loss=0.3579, acc=10622/10975 (96.78%)
Epoch 208 [0/84843] Loss: 0.376375
Epoch 208 [35000/84843] Loss: 0.530051
Epoch 208 [70000/84843] Loss: 0.620254
Epoch 208 - Avg Loss: 0.457754 | Train Acc: 92.61%
Val: loss=0.3587, acc=10618/10975 (96.75%)
Epoch 209 [0/84843] Loss: 0.315283
Epoch 209 [35000/84843] Loss: 0.449632
Epoch 209 [70000/84843] Loss: 0.340619
Epoch 209 - Avg Loss: 0.457649 | Train Acc: 92.70%
Val: loss=0.3726, acc=10552/10975 (96.15%)
Epoch 210 [0/84843] Loss: 0.375215
Epoch 210 [35000/84843] Loss: 0.512903
Epoch 210 [70000/84843] Loss: 0.528592
Epoch 210 - Avg Loss: 0.463750 | Train Acc: 92.43%
Val: loss=0.3639, acc=10606/10975 (96.64%)
Epoch 211 [0/84843] Loss: 0.427461
Epoch 211 [35000/84843] Loss: 0.509330
Epoch 211 [70000/84843] Loss: 0.461726
Epoch 211 - Avg Loss: 0.456887 | Train Acc: 92.68%
Val: loss=0.3681, acc=10583/10975 (96.43%)
Epoch 212 [0/84843] Loss: 0.537937
Epoch 212 [35000/84843] Loss: 0.440632
Epoch 212 [70000/84843] Loss: 0.326845
Epoch 212 - Avg Loss: 0.457371 | Train Acc: 92.59%
Val: loss=0.3673, acc=10599/10975 (96.57%)
Epoch 213 [0/84843] Loss: 0.467913
Epoch 213 [35000/84843] Loss: 0.336043
Epoch 213 [70000/84843] Loss: 0.430439
Epoch 213 - Avg Loss: 0.455998 | Train Acc: 92.68%
Val: loss=0.3584, acc=10626/10975 (96.82%)
Epoch 214 [0/84843] Loss: 0.549474
Epoch 214 [35000/84843] Loss: 0.554227
Epoch 214 [70000/84843] Loss: 0.527796
Epoch 214 - Avg Loss: 0.457182 | Train Acc: 92.70%
Val: loss=0.3611, acc=10619/10975 (96.76%)
Epoch 215 [0/84843] Loss: 0.481489
Epoch 215 [35000/84843] Loss: 0.439305
Epoch 215 [70000/84843] Loss: 0.484122
Epoch 215 - Avg Loss: 0.457865 | Train Acc: 92.64%
Val: loss=0.3686, acc=10581/10975 (96.41%)
Epoch 216 [0/84843] Loss: 0.584086
Epoch 216 [35000/84843] Loss: 0.433202
Epoch 216 [70000/84843] Loss: 0.359205
Epoch 216 - Avg Loss: 0.459497 | Train Acc: 92.59%
Val: loss=0.3592, acc=10619/10975 (96.76%)
Epoch 217 [0/84843] Loss: 0.558750
Epoch 217 [35000/84843] Loss: 0.582231
Epoch 217 [70000/84843] Loss: 0.545103
Epoch 217 - Avg Loss: 0.458105 | Train Acc: 92.62%
Val: loss=0.3594, acc=10619/10975 (96.76%)
Epoch 218 [0/84843] Loss: 0.495966
Epoch 218 [35000/84843] Loss: 0.337591
Epoch 218 [70000/84843] Loss: 0.429779
Epoch 218 - Avg Loss: 0.460117 | Train Acc: 92.55%
Val: loss=0.3657, acc=10581/10975 (96.41%)
Epoch 219 [0/84843] Loss: 0.364740
Epoch 219 [35000/84843] Loss: 0.474675
Epoch 219 [70000/84843] Loss: 0.418380
Epoch 219 - Avg Loss: 0.454250 | Train Acc: 92.73%
Val: loss=0.3579, acc=10617/10975 (96.74%)
Epoch 220 [0/84843] Loss: 0.520559
Epoch 220 [35000/84843] Loss: 0.410335
Epoch 220 [70000/84843] Loss: 0.354800
Epoch 220 - Avg Loss: 0.458153 | Train Acc: 92.68%
Val: loss=0.3596, acc=10634/10975 (96.89%)
Epoch 221 [0/84843] Loss: 0.468071
Epoch 221 [35000/84843] Loss: 0.439353
Epoch 221 [70000/84843] Loss: 0.449643
Epoch 221 - Avg Loss: 0.459620 | Train Acc: 92.57%
Val: loss=0.3598, acc=10626/10975 (96.82%)
Epoch 222 [0/84843] Loss: 0.507420
Epoch 222 [35000/84843] Loss: 0.414338
Epoch 222 [70000/84843] Loss: 0.446865
Epoch 222 - Avg Loss: 0.450762 | Train Acc: 92.92%
Val: loss=0.3622, acc=10605/10975 (96.63%)
Epoch 223 [0/84843] Loss: 0.435008
Epoch 223 [35000/84843] Loss: 0.448215
Epoch 223 [70000/84843] Loss: 0.523073
Epoch 223 - Avg Loss: 0.456959 | Train Acc: 92.68%
Val: loss=0.3620, acc=10620/10975 (96.77%)
Epoch 224 [0/84843] Loss: 0.338893
Epoch 224 [35000/84843] Loss: 0.382847
Epoch 224 [70000/84843] Loss: 0.401255
Epoch 224 - Avg Loss: 0.452251 | Train Acc: 92.87%
Val: loss=0.3589, acc=10627/10975 (96.83%)
Epoch 225 [0/84843] Loss: 0.408456
Epoch 225 [35000/84843] Loss: 0.416548
Epoch 225 [70000/84843] Loss: 0.385849
Epoch 225 - Avg Loss: 0.458871 | Train Acc: 92.52%
Val: loss=0.3567, acc=10639/10975 (96.94%)
saved best: 96.94%
Epoch 226 [0/84843] Loss: 0.370366
Epoch 226 [35000/84843] Loss: 0.535887
Epoch 226 [70000/84843] Loss: 0.598761
Epoch 226 - Avg Loss: 0.457402 | Train Acc: 92.61%
Val: loss=0.3594, acc=10613/10975 (96.70%)
Epoch 227 [0/84843] Loss: 0.386374
Epoch 227 [35000/84843] Loss: 0.430412
Epoch 227 [70000/84843] Loss: 0.327484
Epoch 227 - Avg Loss: 0.451954 | Train Acc: 92.81%
Val: loss=0.3577, acc=10630/10975 (96.86%)
Epoch 228 [0/84843] Loss: 0.372278
Epoch 228 [35000/84843] Loss: 0.321824
Epoch 228 [70000/84843] Loss: 0.360156
Epoch 228 - Avg Loss: 0.453929 | Train Acc: 92.86%
Val: loss=0.3544, acc=10633/10975 (96.88%)
Epoch 229 [0/84843] Loss: 0.507166
Epoch 229 [35000/84843] Loss: 0.541434
Epoch 229 [70000/84843] Loss: 0.386147
Epoch 229 - Avg Loss: 0.454764 | Train Acc: 92.83%
Val: loss=0.3575, acc=10629/10975 (96.85%)
Epoch 230 [0/84843] Loss: 0.459729
Epoch 230 [35000/84843] Loss: 0.499158
Epoch 230 [70000/84843] Loss: 0.540904
Epoch 230 - Avg Loss: 0.458553 | Train Acc: 92.60%
Val: loss=0.3643, acc=10599/10975 (96.57%)
Epoch 231 [0/84843] Loss: 0.623980
Epoch 231 [35000/84843] Loss: 0.410190
Epoch 231 [70000/84843] Loss: 0.412244
Epoch 231 - Avg Loss: 0.454063 | Train Acc: 92.75%
Val: loss=0.3554, acc=10635/10975 (96.90%)
Epoch 232 [0/84843] Loss: 0.325692
Epoch 232 [35000/84843] Loss: 0.364284
Epoch 232 [70000/84843] Loss: 0.456890
Epoch 232 - Avg Loss: 0.449294 | Train Acc: 93.03%
Val: loss=0.3577, acc=10624/10975 (96.80%)
Epoch 233 [0/84843] Loss: 0.406674
Epoch 233 [35000/84843] Loss: 0.444965
Epoch 233 [70000/84843] Loss: 0.458202
Epoch 233 - Avg Loss: 0.453709 | Train Acc: 92.82%
Val: loss=0.3553, acc=10646/10975 (97.00%)
saved best: 97.00%
Epoch 234 [0/84843] Loss: 0.472373
Epoch 234 [35000/84843] Loss: 0.609432
Epoch 234 [70000/84843] Loss: 0.296225
Epoch 234 - Avg Loss: 0.454696 | Train Acc: 92.83%
Val: loss=0.3595, acc=10610/10975 (96.67%)
Epoch 235 [0/84843] Loss: 0.407279
Epoch 235 [35000/84843] Loss: 0.519160
Epoch 235 [70000/84843] Loss: 0.357582
Epoch 235 - Avg Loss: 0.453560 | Train Acc: 92.75%
Val: loss=0.3550, acc=10616/10975 (96.73%)
Epoch 236 [0/84843] Loss: 0.438959
Epoch 236 [35000/84843] Loss: 0.451627
Epoch 236 [70000/84843] Loss: 0.581260
Epoch 236 - Avg Loss: 0.452822 | Train Acc: 92.85%
Val: loss=0.3572, acc=10638/10975 (96.93%)
Epoch 237 [0/84843] Loss: 0.348276
Epoch 237 [35000/84843] Loss: 0.529048
Epoch 237 [70000/84843] Loss: 0.352512
Epoch 237 - Avg Loss: 0.450327 | Train Acc: 92.92%
Val: loss=0.3674, acc=10592/10975 (96.51%)
Epoch 238 [0/84843] Loss: 0.608328
Epoch 238 [35000/84843] Loss: 0.427903
Epoch 238 [70000/84843] Loss: 0.455390
Epoch 238 - Avg Loss: 0.452693 | Train Acc: 92.84%
Val: loss=0.3606, acc=10595/10975 (96.54%)
Epoch 239 [0/84843] Loss: 0.434008
Epoch 239 [35000/84843] Loss: 0.442498
Epoch 239 [70000/84843] Loss: 0.501204
Epoch 239 - Avg Loss: 0.452323 | Train Acc: 92.88%
Val: loss=0.3623, acc=10606/10975 (96.64%)
Epoch 240 [0/84843] Loss: 0.363709
Epoch 240 [35000/84843] Loss: 0.486163
Epoch 240 [70000/84843] Loss: 0.546677
Epoch 240 - Avg Loss: 0.450270 | Train Acc: 92.92%
Val: loss=0.3588, acc=10628/10975 (96.84%)
Epoch 241 [0/84843] Loss: 0.460250
Epoch 241 [35000/84843] Loss: 0.398730
Epoch 241 [70000/84843] Loss: 0.320949
Epoch 241 - Avg Loss: 0.448179 | Train Acc: 92.99%
Val: loss=0.3622, acc=10614/10975 (96.71%)
Epoch 242 [0/84843] Loss: 0.461811
Epoch 242 [35000/84843] Loss: 0.396673
Epoch 242 [70000/84843] Loss: 0.414920
Epoch 242 - Avg Loss: 0.452942 | Train Acc: 92.83%
Val: loss=0.3598, acc=10612/10975 (96.69%)
Epoch 243 [0/84843] Loss: 0.663682
Epoch 243 [35000/84843] Loss: 0.373500
Epoch 243 [70000/84843] Loss: 0.406290
Epoch 243 - Avg Loss: 0.453823 | Train Acc: 92.78%
Val: loss=0.3558, acc=10619/10975 (96.76%)
Epoch 244 [0/84843] Loss: 0.366730
Epoch 244 [35000/84843] Loss: 0.345939
Epoch 244 [70000/84843] Loss: 0.321573
Epoch 244 - Avg Loss: 0.454581 | Train Acc: 92.75%
Val: loss=0.3547, acc=10633/10975 (96.88%)
Epoch 245 [0/84843] Loss: 0.555050
Epoch 245 [35000/84843] Loss: 0.536945
Epoch 245 [70000/84843] Loss: 0.461462
Epoch 245 - Avg Loss: 0.447885 | Train Acc: 93.01%
Val: loss=0.3611, acc=10612/10975 (96.69%)
Epoch 246 [0/84843] Loss: 0.479419
Epoch 246 [35000/84843] Loss: 0.371161
Epoch 246 [70000/84843] Loss: 0.455411
Epoch 246 - Avg Loss: 0.448030 | Train Acc: 92.97%
Val: loss=0.3548, acc=10626/10975 (96.82%)
Epoch 247 [0/84843] Loss: 0.411326
Epoch 247 [35000/84843] Loss: 0.386144
Epoch 247 [70000/84843] Loss: 0.473853
Epoch 247 - Avg Loss: 0.450305 | Train Acc: 92.93%
Val: loss=0.3602, acc=10619/10975 (96.76%)
Epoch 248 [0/84843] Loss: 0.337677
Epoch 248 [35000/84843] Loss: 0.500759
Epoch 248 [70000/84843] Loss: 0.425206
Epoch 248 - Avg Loss: 0.452702 | Train Acc: 92.86%
Val: loss=0.3587, acc=10617/10975 (96.74%)
Epoch 249 [0/84843] Loss: 0.338927
Epoch 249 [35000/84843] Loss: 0.541655
Epoch 249 [70000/84843] Loss: 0.386832
Epoch 249 - Avg Loss: 0.448552 | Train Acc: 92.91%
Val: loss=0.3599, acc=10617/10975 (96.74%)
Epoch 250 [0/84843] Loss: 0.426068
Epoch 250 [35000/84843] Loss: 0.368850
Epoch 250 [70000/84843] Loss: 0.408901
Epoch 250 - Avg Loss: 0.447209 | Train Acc: 93.09%
Val: loss=0.3512, acc=10645/10975 (96.99%)
Epoch 251 [0/84843] Loss: 0.412530
Epoch 251 [35000/84843] Loss: 0.407920
Epoch 251 [70000/84843] Loss: 0.344087
Epoch 251 - Avg Loss: 0.453208 | Train Acc: 92.78%
Val: loss=0.3531, acc=10637/10975 (96.92%)
Epoch 252 [0/84843] Loss: 0.492671
Epoch 252 [35000/84843] Loss: 0.491272
Epoch 252 [70000/84843] Loss: 0.691044
Epoch 252 - Avg Loss: 0.452219 | Train Acc: 92.86%
Val: loss=0.3525, acc=10649/10975 (97.03%)
saved best: 97.03%
Epoch 253 [0/84843] Loss: 0.392849
Epoch 253 [35000/84843] Loss: 0.502319
Epoch 253 [70000/84843] Loss: 0.374216
Epoch 253 - Avg Loss: 0.453057 | Train Acc: 92.82%
Val: loss=0.3566, acc=10628/10975 (96.84%)
Epoch 254 [0/84843] Loss: 0.343811
Epoch 254 [35000/84843] Loss: 0.374637
Epoch 254 [70000/84843] Loss: 0.467087
Epoch 254 - Avg Loss: 0.448139 | Train Acc: 93.04%
Val: loss=0.3535, acc=10645/10975 (96.99%)
Epoch 255 [0/84843] Loss: 0.294727
Epoch 255 [35000/84843] Loss: 0.488204
Epoch 255 [70000/84843] Loss: 0.498069
Epoch 255 - Avg Loss: 0.445831 | Train Acc: 93.07%
Val: loss=0.3537, acc=10652/10975 (97.06%)
saved best: 97.06%
Epoch 256 [0/84843] Loss: 0.383900
Epoch 256 [35000/84843] Loss: 0.521156
Epoch 256 [70000/84843] Loss: 0.367331
Epoch 256 - Avg Loss: 0.447724 | Train Acc: 92.97%
Val: loss=0.3543, acc=10660/10975 (97.13%)
saved best: 97.13%
Epoch 257 [0/84843] Loss: 0.522503
Epoch 257 [35000/84843] Loss: 0.571848
Epoch 257 [70000/84843] Loss: 0.448474
Epoch 257 - Avg Loss: 0.449786 | Train Acc: 92.86%
Val: loss=0.3586, acc=10620/10975 (96.77%)
Epoch 258 [0/84843] Loss: 0.491950
Epoch 258 [35000/84843] Loss: 0.378593
Epoch 258 [70000/84843] Loss: 0.512148
Epoch 258 - Avg Loss: 0.452994 | Train Acc: 92.74%
Val: loss=0.3585, acc=10628/10975 (96.84%)
Epoch 259 [0/84843] Loss: 0.457249
Epoch 259 [35000/84843] Loss: 0.468321
Epoch 259 [70000/84843] Loss: 0.366407
Epoch 259 - Avg Loss: 0.448358 | Train Acc: 92.98%
Val: loss=0.3567, acc=10645/10975 (96.99%)
Epoch 260 [0/84843] Loss: 0.473433
Epoch 260 [35000/84843] Loss: 0.543926
Epoch 260 [70000/84843] Loss: 0.440854
Epoch 260 - Avg Loss: 0.443419 | Train Acc: 93.20%
Val: loss=0.3556, acc=10644/10975 (96.98%)
Epoch 261 [0/84843] Loss: 0.385444
Epoch 261 [35000/84843] Loss: 0.577121
Epoch 261 [70000/84843] Loss: 0.439004
Epoch 261 - Avg Loss: 0.450276 | Train Acc: 92.93%
Val: loss=0.3564, acc=10641/10975 (96.96%)
Epoch 262 [0/84843] Loss: 0.326238
Epoch 262 [35000/84843] Loss: 0.394091
Epoch 262 [70000/84843] Loss: 0.431493
Epoch 262 - Avg Loss: 0.442999 | Train Acc: 93.13%
Val: loss=0.3535, acc=10648/10975 (97.02%)
Epoch 263 [0/84843] Loss: 0.443059
Epoch 263 [35000/84843] Loss: 0.488618
Epoch 263 [70000/84843] Loss: 0.353323
Epoch 263 - Avg Loss: 0.444933 | Train Acc: 93.17%
Val: loss=0.3542, acc=10638/10975 (96.93%)
Epoch 264 [0/84843] Loss: 0.366782
Epoch 264 [35000/84843] Loss: 0.370313
Epoch 264 [70000/84843] Loss: 0.492305
Epoch 264 - Avg Loss: 0.443600 | Train Acc: 93.20%
Val: loss=0.3576, acc=10630/10975 (96.86%)
Epoch 265 [0/84843] Loss: 0.654973
Epoch 265 [35000/84843] Loss: 0.501234
Epoch 265 [70000/84843] Loss: 0.408069
Epoch 265 - Avg Loss: 0.444954 | Train Acc: 93.08%
Val: loss=0.3546, acc=10634/10975 (96.89%)
Epoch 266 [0/84843] Loss: 0.438638
Epoch 266 [35000/84843] Loss: 0.537934
Epoch 266 [70000/84843] Loss: 0.422837
Epoch 266 - Avg Loss: 0.443800 | Train Acc: 93.19%
Val: loss=0.3551, acc=10635/10975 (96.90%)
Epoch 267 [0/84843] Loss: 0.432595
Epoch 267 [35000/84843] Loss: 0.321082
Epoch 267 [70000/84843] Loss: 0.351859
Epoch 267 - Avg Loss: 0.449213 | Train Acc: 93.00%
Val: loss=0.3595, acc=10618/10975 (96.75%)
Epoch 268 [0/84843] Loss: 0.339638
Epoch 268 [35000/84843] Loss: 0.359788
Epoch 268 [70000/84843] Loss: 0.435219
Epoch 268 - Avg Loss: 0.449277 | Train Acc: 92.98%
Val: loss=0.3528, acc=10647/10975 (97.01%)
Epoch 269 [0/84843] Loss: 0.440597
Epoch 269 [35000/84843] Loss: 0.332554
Epoch 269 [70000/84843] Loss: 0.707771
Epoch 269 - Avg Loss: 0.446962 | Train Acc: 93.03%
Val: loss=0.3537, acc=10643/10975 (96.97%)
Epoch 270 [0/84843] Loss: 0.517703
Epoch 270 [35000/84843] Loss: 0.357278
Epoch 270 [70000/84843] Loss: 0.521159
Epoch 270 - Avg Loss: 0.447495 | Train Acc: 92.97%
Val: loss=0.3528, acc=10651/10975 (97.05%)
Epoch 271 [0/84843] Loss: 0.546268
Epoch 271 [35000/84843] Loss: 0.380986
Epoch 271 [70000/84843] Loss: 0.315676
Epoch 271 - Avg Loss: 0.444762 | Train Acc: 93.21%
Val: loss=0.3535, acc=10643/10975 (96.97%)
Epoch 272 [0/84843] Loss: 0.607088
Epoch 272 [35000/84843] Loss: 0.326461
Epoch 272 [70000/84843] Loss: 0.645687
Epoch 272 - Avg Loss: 0.449036 | Train Acc: 93.04%
Val: loss=0.3579, acc=10621/10975 (96.77%)
Epoch 273 [0/84843] Loss: 0.370291
Epoch 273 [35000/84843] Loss: 0.395398
Epoch 273 [70000/84843] Loss: 0.364512
Epoch 273 - Avg Loss: 0.447925 | Train Acc: 92.97%
Val: loss=0.3557, acc=10645/10975 (96.99%)
Epoch 274 [0/84843] Loss: 0.501136
Epoch 274 [35000/84843] Loss: 0.410447
Epoch 274 [70000/84843] Loss: 0.450828
Epoch 274 - Avg Loss: 0.446134 | Train Acc: 93.03%
Val: loss=0.3549, acc=10654/10975 (97.08%)
Epoch 275 [0/84843] Loss: 0.482361
Epoch 275 [35000/84843] Loss: 0.315725
Epoch 275 [70000/84843] Loss: 0.437133
Epoch 275 - Avg Loss: 0.445484 | Train Acc: 93.11%
Val: loss=0.3482, acc=10676/10975 (97.28%)
saved best: 97.28%
Epoch 276 [0/84843] Loss: 0.438200
Epoch 276 [35000/84843] Loss: 0.518201
Epoch 276 [70000/84843] Loss: 0.373349
Epoch 276 - Avg Loss: 0.445273 | Train Acc: 93.08%
Val: loss=0.3528, acc=10650/10975 (97.04%)
Epoch 277 [0/84843] Loss: 0.332066
Epoch 277 [35000/84843] Loss: 0.450089
Epoch 277 [70000/84843] Loss: 0.440183
Epoch 277 - Avg Loss: 0.445355 | Train Acc: 93.06%
Val: loss=0.3494, acc=10665/10975 (97.18%)
Epoch 278 [0/84843] Loss: 0.418713
Epoch 278 [35000/84843] Loss: 0.580621
Epoch 278 [70000/84843] Loss: 0.548824
Epoch 278 - Avg Loss: 0.445266 | Train Acc: 93.10%
Val: loss=0.3547, acc=10646/10975 (97.00%)
Epoch 279 [0/84843] Loss: 0.651359
Epoch 279 [35000/84843] Loss: 0.523738
Epoch 279 [70000/84843] Loss: 0.430997
Epoch 279 - Avg Loss: 0.446261 | Train Acc: 93.07%
Val: loss=0.3531, acc=10641/10975 (96.96%)
Epoch 280 [0/84843] Loss: 0.580390
Epoch 280 [35000/84843] Loss: 0.407120
Epoch 280 [70000/84843] Loss: 0.742337
Epoch 280 - Avg Loss: 0.444302 | Train Acc: 93.12%
Val: loss=0.3524, acc=10658/10975 (97.11%)
Epoch 281 [0/84843] Loss: 0.402194
Epoch 281 [35000/84843] Loss: 0.470175
Epoch 281 [70000/84843] Loss: 0.401851
Epoch 281 - Avg Loss: 0.447720 | Train Acc: 93.06%
Val: loss=0.3548, acc=10637/10975 (96.92%)
Epoch 282 [0/84843] Loss: 0.507868
Epoch 282 [35000/84843] Loss: 0.307359
Epoch 282 [70000/84843] Loss: 0.412983
Epoch 282 - Avg Loss: 0.444864 | Train Acc: 93.11%
Val: loss=0.3565, acc=10634/10975 (96.89%)
Epoch 283 [0/84843] Loss: 0.368753
Epoch 283 [35000/84843] Loss: 0.401134
Epoch 283 [70000/84843] Loss: 0.489624
Epoch 283 - Avg Loss: 0.445315 | Train Acc: 93.15%
Val: loss=0.3565, acc=10629/10975 (96.85%)
Epoch 284 [0/84843] Loss: 0.440934
Epoch 284 [35000/84843] Loss: 0.356395
Epoch 284 [70000/84843] Loss: 0.620264
Epoch 284 - Avg Loss: 0.443627 | Train Acc: 93.15%
Val: loss=0.3545, acc=10645/10975 (96.99%)
Epoch 285 [0/84843] Loss: 0.409743
Epoch 285 [35000/84843] Loss: 0.362274
Epoch 285 [70000/84843] Loss: 0.397930
Epoch 285 - Avg Loss: 0.440165 | Train Acc: 93.41%
Val: loss=0.3539, acc=10640/10975 (96.95%)
Epoch 286 [0/84843] Loss: 0.401560
Epoch 286 [35000/84843] Loss: 0.445987
Epoch 286 [70000/84843] Loss: 0.287662
Epoch 286 - Avg Loss: 0.443644 | Train Acc: 93.21%
Val: loss=0.3531, acc=10652/10975 (97.06%)
Epoch 287 [0/84843] Loss: 0.386866
Epoch 287 [35000/84843] Loss: 0.431510
Epoch 287 [70000/84843] Loss: 0.386759
Epoch 287 - Avg Loss: 0.440540 | Train Acc: 93.28%
Val: loss=0.3537, acc=10648/10975 (97.02%)
Epoch 288 [0/84843] Loss: 0.411202
Epoch 288 [35000/84843] Loss: 0.619505
Epoch 288 [70000/84843] Loss: 0.465144
Epoch 288 - Avg Loss: 0.442047 | Train Acc: 93.22%
Val: loss=0.3531, acc=10652/10975 (97.06%)
Epoch 289 [0/84843] Loss: 0.459077
Epoch 289 [35000/84843] Loss: 0.436886
Epoch 289 [70000/84843] Loss: 0.406666
Epoch 289 - Avg Loss: 0.445543 | Train Acc: 93.15%
Val: loss=0.3529, acc=10640/10975 (96.95%)
Epoch 290 [0/84843] Loss: 0.302036
Epoch 290 [35000/84843] Loss: 0.433065
Epoch 290 [70000/84843] Loss: 0.334144
Epoch 290 - Avg Loss: 0.445676 | Train Acc: 93.14%
Val: loss=0.3536, acc=10649/10975 (97.03%)
Epoch 291 [0/84843] Loss: 0.409284
Epoch 291 [35000/84843] Loss: 0.364183
Epoch 291 [70000/84843] Loss: 0.422925
Epoch 291 - Avg Loss: 0.442773 | Train Acc: 93.24%
Val: loss=0.3518, acc=10654/10975 (97.08%)
Epoch 292 [0/84843] Loss: 0.361624
Epoch 292 [35000/84843] Loss: 0.393002
Epoch 292 [70000/84843] Loss: 0.378445
Epoch 292 - Avg Loss: 0.440536 | Train Acc: 93.33%
Val: loss=0.3558, acc=10642/10975 (96.97%)
Epoch 293 [0/84843] Loss: 0.376069
Epoch 293 [35000/84843] Loss: 0.783189
Epoch 293 [70000/84843] Loss: 0.346718
Epoch 293 - Avg Loss: 0.442973 | Train Acc: 93.22%
Val: loss=0.3520, acc=10650/10975 (97.04%)
Epoch 294 [0/84843] Loss: 0.407855
Epoch 294 [35000/84843] Loss: 0.398656
Epoch 294 [70000/84843] Loss: 0.362701
Epoch 294 - Avg Loss: 0.442420 | Train Acc: 93.27%
Val: loss=0.3530, acc=10643/10975 (96.97%)
Epoch 295 [0/84843] Loss: 0.307092
Epoch 295 [35000/84843] Loss: 0.484749
Epoch 295 [70000/84843] Loss: 0.428126
Epoch 295 - Avg Loss: 0.444052 | Train Acc: 93.22%
Val: loss=0.3513, acc=10662/10975 (97.15%)
Epoch 296 [0/84843] Loss: 0.369955
Epoch 296 [35000/84843] Loss: 0.404001
Epoch 296 [70000/84843] Loss: 0.354905
Epoch 296 - Avg Loss: 0.439342 | Train Acc: 93.33%
Val: loss=0.3510, acc=10641/10975 (96.96%)
Epoch 297 [0/84843] Loss: 0.397045
Epoch 297 [35000/84843] Loss: 0.310678
Epoch 297 [70000/84843] Loss: 0.404636
Epoch 297 - Avg Loss: 0.441832 | Train Acc: 93.24%
Val: loss=0.3489, acc=10671/10975 (97.23%)
Epoch 298 [0/84843] Loss: 0.489313
Epoch 298 [35000/84843] Loss: 0.550194
Epoch 298 [70000/84843] Loss: 0.507438
Epoch 298 - Avg Loss: 0.443235 | Train Acc: 93.19%
Val: loss=0.3510, acc=10656/10975 (97.09%)
Epoch 299 [0/84843] Loss: 0.339848
Epoch 299 [35000/84843] Loss: 0.584149
Epoch 299 [70000/84843] Loss: 0.495700
Epoch 299 - Avg Loss: 0.442503 | Train Acc: 93.20%
Val: loss=0.3504, acc=10661/10975 (97.14%)
Epoch 300 [0/84843] Loss: 0.610986
Epoch 300 [35000/84843] Loss: 0.389589
Epoch 300 [70000/84843] Loss: 0.478028
Epoch 300 - Avg Loss: 0.445599 | Train Acc: 93.15%
Val: loss=0.3506, acc=10662/10975 (97.15%)
Epoch 301 [0/84843] Loss: 0.377740
Epoch 301 [35000/84843] Loss: 0.404006
Epoch 301 [70000/84843] Loss: 0.446282
Epoch 301 - Avg Loss: 0.441099 | Train Acc: 93.21%
Val: loss=0.3511, acc=10660/10975 (97.13%)
Epoch 302 [0/84843] Loss: 0.428388
Epoch 302 [35000/84843] Loss: 0.322894
Epoch 302 [70000/84843] Loss: 0.398084
Epoch 302 - Avg Loss: 0.440407 | Train Acc: 93.30%
Val: loss=0.3520, acc=10641/10975 (96.96%)
Epoch 303 [0/84843] Loss: 0.388277
Epoch 303 [35000/84843] Loss: 0.395977
Epoch 303 [70000/84843] Loss: 0.390225
Epoch 303 - Avg Loss: 0.439637 | Train Acc: 93.35%
Val: loss=0.3503, acc=10664/10975 (97.17%)
Epoch 304 [0/84843] Loss: 0.509650
Epoch 304 [35000/84843] Loss: 0.304798
Epoch 304 [70000/84843] Loss: 0.510511
Epoch 304 - Avg Loss: 0.438114 | Train Acc: 93.33%
Val: loss=0.3506, acc=10660/10975 (97.13%)
Epoch 305 [0/84843] Loss: 0.489496
Epoch 305 [35000/84843] Loss: 0.590221
Epoch 305 [70000/84843] Loss: 0.437537
Epoch 305 - Avg Loss: 0.438407 | Train Acc: 93.40%
Val: loss=0.3538, acc=10648/10975 (97.02%)
Epoch 306 [0/84843] Loss: 0.412735
Epoch 306 [35000/84843] Loss: 0.388225
Epoch 306 [70000/84843] Loss: 0.431773
Epoch 306 - Avg Loss: 0.438519 | Train Acc: 93.42%
Val: loss=0.3501, acc=10650/10975 (97.04%)
Epoch 307 [0/84843] Loss: 0.346067
Epoch 307 [35000/84843] Loss: 0.466206
Epoch 307 [70000/84843] Loss: 0.358284
Epoch 307 - Avg Loss: 0.438808 | Train Acc: 93.41%
Val: loss=0.3508, acc=10664/10975 (97.17%)
Epoch 308 [0/84843] Loss: 0.420731
Epoch 308 [35000/84843] Loss: 0.445929
Epoch 308 [70000/84843] Loss: 0.502709
Epoch 308 - Avg Loss: 0.439111 | Train Acc: 93.35%
Val: loss=0.3517, acc=10647/10975 (97.01%)
Epoch 309 [0/84843] Loss: 0.338069
Epoch 309 [35000/84843] Loss: 0.378813
Epoch 309 [70000/84843] Loss: 0.444468
Epoch 309 - Avg Loss: 0.438629 | Train Acc: 93.41%
Val: loss=0.3532, acc=10648/10975 (97.02%)
Epoch 310 [0/84843] Loss: 0.468615
Epoch 310 [35000/84843] Loss: 0.433184
Epoch 310 [70000/84843] Loss: 0.378620
Epoch 310 - Avg Loss: 0.440593 | Train Acc: 93.32%
Val: loss=0.3510, acc=10654/10975 (97.08%)
Epoch 311 [0/84843] Loss: 0.467887
Epoch 311 [35000/84843] Loss: 0.407103
Epoch 311 [70000/84843] Loss: 0.537423
Epoch 311 - Avg Loss: 0.442491 | Train Acc: 93.18%
Val: loss=0.3511, acc=10667/10975 (97.19%)
Epoch 312 [0/84843] Loss: 0.558216
Epoch 312 [35000/84843] Loss: 0.407171
Epoch 312 [70000/84843] Loss: 0.429040
Epoch 312 - Avg Loss: 0.439476 | Train Acc: 93.42%
Val: loss=0.3489, acc=10671/10975 (97.23%)
Epoch 313 [0/84843] Loss: 0.378695
Epoch 313 [35000/84843] Loss: 0.636328
Epoch 313 [70000/84843] Loss: 0.526285
Epoch 313 - Avg Loss: 0.442013 | Train Acc: 93.20%
Val: loss=0.3515, acc=10656/10975 (97.09%)
Epoch 314 [0/84843] Loss: 0.561272
Epoch 314 [35000/84843] Loss: 0.345136
Epoch 314 [70000/84843] Loss: 0.360420
Epoch 314 - Avg Loss: 0.441476 | Train Acc: 93.26%
Val: loss=0.3503, acc=10665/10975 (97.18%)
Epoch 315 [0/84843] Loss: 0.497372
Epoch 315 [35000/84843] Loss: 0.551814
Epoch 315 [70000/84843] Loss: 0.416813
Epoch 315 - Avg Loss: 0.434821 | Train Acc: 93.52%
Val: loss=0.3482, acc=10670/10975 (97.22%)
Epoch 316 [0/84843] Loss: 0.401409
Epoch 316 [35000/84843] Loss: 0.452064
Epoch 316 [70000/84843] Loss: 0.428357
Epoch 316 - Avg Loss: 0.444138 | Train Acc: 93.09%
Val: loss=0.3481, acc=10670/10975 (97.22%)
Epoch 317 [0/84843] Loss: 0.412270
Epoch 317 [35000/84843] Loss: 0.486349
Epoch 317 [70000/84843] Loss: 0.338622
Epoch 317 - Avg Loss: 0.439888 | Train Acc: 93.38%
Val: loss=0.3495, acc=10662/10975 (97.15%)
Epoch 318 [0/84843] Loss: 0.560871
Epoch 318 [35000/84843] Loss: 0.529305
Epoch 318 [70000/84843] Loss: 0.451867
Epoch 318 - Avg Loss: 0.434625 | Train Acc: 93.56%
Val: loss=0.3492, acc=10668/10975 (97.20%)
Epoch 319 [0/84843] Loss: 0.386107
Epoch 319 [35000/84843] Loss: 0.552156
Epoch 319 [70000/84843] Loss: 0.487855
Epoch 319 - Avg Loss: 0.439284 | Train Acc: 93.35%
Val: loss=0.3509, acc=10662/10975 (97.15%)
Epoch 320 [0/84843] Loss: 0.374985
Epoch 320 [35000/84843] Loss: 0.466143
Epoch 320 [70000/84843] Loss: 0.316851
Epoch 320 - Avg Loss: 0.438739 | Train Acc: 93.39%
Val: loss=0.3522, acc=10650/10975 (97.04%)
Epoch 321 [0/84843] Loss: 0.427182
Epoch 321 [35000/84843] Loss: 0.600735
Epoch 321 [70000/84843] Loss: 0.417935
Epoch 321 - Avg Loss: 0.435631 | Train Acc: 93.54%
Val: loss=0.3463, acc=10683/10975 (97.34%)
saved best: 97.34%
Epoch 322 [0/84843] Loss: 0.406774
Epoch 322 [35000/84843] Loss: 0.565550
Epoch 322 [70000/84843] Loss: 0.674557
Epoch 322 - Avg Loss: 0.439270 | Train Acc: 93.40%
Val: loss=0.3514, acc=10658/10975 (97.11%)
Epoch 323 [0/84843] Loss: 0.387591
Epoch 323 [35000/84843] Loss: 0.354777
Epoch 323 [70000/84843] Loss: 0.459895
Epoch 323 - Avg Loss: 0.438844 | Train Acc: 93.40%
Val: loss=0.3489, acc=10665/10975 (97.18%)
Epoch 324 [0/84843] Loss: 0.430230
Epoch 324 [35000/84843] Loss: 0.304501
Epoch 324 [70000/84843] Loss: 0.891317
Epoch 324 - Avg Loss: 0.440033 | Train Acc: 93.29%
Val: loss=0.3503, acc=10664/10975 (97.17%)
Epoch 325 [0/84843] Loss: 0.474799
Epoch 325 [35000/84843] Loss: 0.335526
Epoch 325 [70000/84843] Loss: 0.614246
Epoch 325 - Avg Loss: 0.439257 | Train Acc: 93.39%
Val: loss=0.3486, acc=10672/10975 (97.24%)
Epoch 326 [0/84843] Loss: 0.345148
Epoch 326 [35000/84843] Loss: 0.451387
Epoch 326 [70000/84843] Loss: 0.453365
Epoch 326 - Avg Loss: 0.439645 | Train Acc: 93.29%
Val: loss=0.3503, acc=10658/10975 (97.11%)
Epoch 327 [0/84843] Loss: 0.706110
Epoch 327 [35000/84843] Loss: 0.375277
Epoch 327 [70000/84843] Loss: 0.391299
Epoch 327 - Avg Loss: 0.438304 | Train Acc: 93.31%
Val: loss=0.3505, acc=10658/10975 (97.11%)
Epoch 328 [0/84843] Loss: 0.324014
Epoch 328 [35000/84843] Loss: 0.495246
Epoch 328 [70000/84843] Loss: 0.424940
Epoch 328 - Avg Loss: 0.438392 | Train Acc: 93.36%
Val: loss=0.3488, acc=10665/10975 (97.18%)
Epoch 329 [0/84843] Loss: 0.418185
Epoch 329 [35000/84843] Loss: 0.447883
Epoch 329 [70000/84843] Loss: 0.344003
Epoch 329 - Avg Loss: 0.435769 | Train Acc: 93.44%
Val: loss=0.3490, acc=10670/10975 (97.22%)
Epoch 330 [0/84843] Loss: 0.465641
Epoch 330 [35000/84843] Loss: 0.383987
Epoch 330 [70000/84843] Loss: 0.351887
Epoch 330 - Avg Loss: 0.433528 | Train Acc: 93.58%
Val: loss=0.3503, acc=10664/10975 (97.17%)
Epoch 331 [0/84843] Loss: 0.501174
Epoch 331 [35000/84843] Loss: 0.383795
Epoch 331 [70000/84843] Loss: 0.527674
Epoch 331 - Avg Loss: 0.436970 | Train Acc: 93.48%
Val: loss=0.3484, acc=10675/10975 (97.27%)
Epoch 332 [0/84843] Loss: 0.319112
Epoch 332 [35000/84843] Loss: 0.335279
Epoch 332 [70000/84843] Loss: 0.348788
Epoch 332 - Avg Loss: 0.437777 | Train Acc: 93.44%
Val: loss=0.3494, acc=10655/10975 (97.08%)
Epoch 333 [0/84843] Loss: 0.535707
Epoch 333 [35000/84843] Loss: 0.310148
Epoch 333 [70000/84843] Loss: 0.379674
Epoch 333 - Avg Loss: 0.436565 | Train Acc: 93.37%
Val: loss=0.3484, acc=10662/10975 (97.15%)
Epoch 334 [0/84843] Loss: 0.347492
Epoch 334 [35000/84843] Loss: 0.775194
Epoch 334 [70000/84843] Loss: 0.423961
Epoch 334 - Avg Loss: 0.435796 | Train Acc: 93.53%
Val: loss=0.3488, acc=10665/10975 (97.18%)
Epoch 335 [0/84843] Loss: 0.356442
Epoch 335 [35000/84843] Loss: 0.363552
Epoch 335 [70000/84843] Loss: 0.449216
Epoch 335 - Avg Loss: 0.437541 | Train Acc: 93.39%
Val: loss=0.3498, acc=10659/10975 (97.12%)
Epoch 336 [0/84843] Loss: 0.500140
Epoch 336 [35000/84843] Loss: 0.406010
Epoch 336 [70000/84843] Loss: 0.385264
Epoch 336 - Avg Loss: 0.434222 | Train Acc: 93.57%
Val: loss=0.3490, acc=10667/10975 (97.19%)
Epoch 337 [0/84843] Loss: 0.445482
Epoch 337 [35000/84843] Loss: 0.406364
Epoch 337 [70000/84843] Loss: 0.311381
Epoch 337 - Avg Loss: 0.437824 | Train Acc: 93.45%
Val: loss=0.3468, acc=10674/10975 (97.26%)
Epoch 338 [0/84843] Loss: 0.423389
Epoch 338 [35000/84843] Loss: 0.328273
Epoch 338 [70000/84843] Loss: 0.420506
Epoch 338 - Avg Loss: 0.435418 | Train Acc: 93.55%
Val: loss=0.3492, acc=10665/10975 (97.18%)
Epoch 339 [0/84843] Loss: 0.587082
Epoch 339 [35000/84843] Loss: 0.369920
Epoch 339 [70000/84843] Loss: 0.547743
Epoch 339 - Avg Loss: 0.440610 | Train Acc: 93.22%
Val: loss=0.3470, acc=10678/10975 (97.29%)
Epoch 340 [0/84843] Loss: 0.459640
Epoch 340 [35000/84843] Loss: 0.467347
Epoch 340 [70000/84843] Loss: 0.346999
Epoch 340 - Avg Loss: 0.438281 | Train Acc: 93.38%
Val: loss=0.3483, acc=10663/10975 (97.16%)
Epoch 341 [0/84843] Loss: 0.677889
Epoch 341 [35000/84843] Loss: 0.361194
Epoch 341 [70000/84843] Loss: 0.338948
Epoch 341 - Avg Loss: 0.437573 | Train Acc: 93.42%
Val: loss=0.3489, acc=10658/10975 (97.11%)
Epoch 342 [0/84843] Loss: 0.641632
Epoch 342 [35000/84843] Loss: 0.384174
Epoch 342 [70000/84843] Loss: 0.471120
Epoch 342 - Avg Loss: 0.438690 | Train Acc: 93.31%
Val: loss=0.3483, acc=10667/10975 (97.19%)
Epoch 343 [0/84843] Loss: 0.484404
Epoch 343 [35000/84843] Loss: 0.384181
Epoch 343 [70000/84843] Loss: 0.426052
Epoch 343 - Avg Loss: 0.439221 | Train Acc: 93.33%
Val: loss=0.3498, acc=10646/10975 (97.00%)
Epoch 344 [0/84843] Loss: 0.508640
Epoch 344 [35000/84843] Loss: 0.349923
Epoch 344 [70000/84843] Loss: 0.415258
Epoch 344 - Avg Loss: 0.432975 | Train Acc: 93.57%
Val: loss=0.3480, acc=10657/10975 (97.10%)
Epoch 345 [0/84843] Loss: 0.411451
Epoch 345 [35000/84843] Loss: 0.310207
Epoch 345 [70000/84843] Loss: 0.506889
Epoch 345 - Avg Loss: 0.436013 | Train Acc: 93.49%
Val: loss=0.3487, acc=10660/10975 (97.13%)
Epoch 346 [0/84843] Loss: 0.295796
Epoch 346 [35000/84843] Loss: 0.447016
Epoch 346 [70000/84843] Loss: 0.481835
Epoch 346 - Avg Loss: 0.435566 | Train Acc: 93.55%
Val: loss=0.3504, acc=10656/10975 (97.09%)
Epoch 347 [0/84843] Loss: 0.578102
Epoch 347 [35000/84843] Loss: 0.444423
Epoch 347 [70000/84843] Loss: 0.349095
Epoch 347 - Avg Loss: 0.432227 | Train Acc: 93.66%
Val: loss=0.3494, acc=10662/10975 (97.15%)
Epoch 348 [0/84843] Loss: 0.415397
Epoch 348 [35000/84843] Loss: 0.385204
Epoch 348 [70000/84843] Loss: 0.291261
Epoch 348 - Avg Loss: 0.433302 | Train Acc: 93.62%
Val: loss=0.3503, acc=10661/10975 (97.14%)
Epoch 349 [0/84843] Loss: 0.455479
Epoch 349 [35000/84843] Loss: 0.399823
Epoch 349 [70000/84843] Loss: 0.384567
Epoch 349 - Avg Loss: 0.433458 | Train Acc: 93.59%
Val: loss=0.3508, acc=10648/10975 (97.02%)
Epoch 350 [0/84843] Loss: 0.386407
Epoch 350 [35000/84843] Loss: 0.378666
Epoch 350 [70000/84843] Loss: 0.423188
Epoch 350 - Avg Loss: 0.435135 | Train Acc: 93.49%
Val: loss=0.3471, acc=10671/10975 (97.23%)
Epoch 351 [0/84843] Loss: 0.345916
Epoch 351 [35000/84843] Loss: 0.578478
Epoch 351 [70000/84843] Loss: 0.675661
Epoch 351 - Avg Loss: 0.434228 | Train Acc: 93.65%
Val: loss=0.3487, acc=10670/10975 (97.22%)
Epoch 352 [0/84843] Loss: 0.335759
Epoch 352 [35000/84843] Loss: 0.447809
Epoch 352 [70000/84843] Loss: 0.501650
Epoch 352 - Avg Loss: 0.434885 | Train Acc: 93.44%
Val: loss=0.3483, acc=10665/10975 (97.18%)
Epoch 353 [0/84843] Loss: 0.364843
Epoch 353 [35000/84843] Loss: 0.423546
Epoch 353 [70000/84843] Loss: 0.401136
Epoch 353 - Avg Loss: 0.435326 | Train Acc: 93.51%
Val: loss=0.3501, acc=10657/10975 (97.10%)
Epoch 354 [0/84843] Loss: 0.509205
Epoch 354 [35000/84843] Loss: 0.467688
Epoch 354 [70000/84843] Loss: 0.408253
Epoch 354 - Avg Loss: 0.437076 | Train Acc: 93.36%
Val: loss=0.3491, acc=10663/10975 (97.16%)
Epoch 355 [0/84843] Loss: 0.817330
Epoch 355 [35000/84843] Loss: 0.448361
Epoch 355 [70000/84843] Loss: 0.396024
Epoch 355 - Avg Loss: 0.436006 | Train Acc: 93.43%
Val: loss=0.3497, acc=10659/10975 (97.12%)
Epoch 356 [0/84843] Loss: 0.558857
Epoch 356 [35000/84843] Loss: 0.308950
Epoch 356 [70000/84843] Loss: 0.383770
Epoch 356 - Avg Loss: 0.435324 | Train Acc: 93.52%
Val: loss=0.3484, acc=10661/10975 (97.14%)
Epoch 357 [0/84843] Loss: 0.385765
Epoch 357 [35000/84843] Loss: 0.450574
Epoch 357 [70000/84843] Loss: 0.383636
Epoch 357 - Avg Loss: 0.436923 | Train Acc: 93.48%
Val: loss=0.3493, acc=10658/10975 (97.11%)
Epoch 358 [0/84843] Loss: 0.349202
Epoch 358 [35000/84843] Loss: 0.484062
Epoch 358 [70000/84843] Loss: 0.519474
Epoch 358 - Avg Loss: 0.434948 | Train Acc: 93.56%
Val: loss=0.3490, acc=10663/10975 (97.16%)
Epoch 359 [0/84843] Loss: 0.504603
Epoch 359 [35000/84843] Loss: 0.390381
Epoch 359 [70000/84843] Loss: 0.319193
Epoch 359 - Avg Loss: 0.435196 | Train Acc: 93.49%
Val: loss=0.3487, acc=10663/10975 (97.16%)
Epoch 360 [0/84843] Loss: 0.419688
Epoch 360 [35000/84843] Loss: 0.595244
Epoch 360 [70000/84843] Loss: 0.565206
Epoch 360 - Avg Loss: 0.433990 | Train Acc: 93.57%
Val: loss=0.3484, acc=10662/10975 (97.15%)
Epoch 361 [0/84843] Loss: 0.450254
Epoch 361 [35000/84843] Loss: 0.467315
Epoch 361 [70000/84843] Loss: 0.439172
Epoch 361 - Avg Loss: 0.432382 | Train Acc: 93.57%
Val: loss=0.3486, acc=10659/10975 (97.12%)
Epoch 362 [0/84843] Loss: 0.431217
Epoch 362 [35000/84843] Loss: 0.510171
Epoch 362 [70000/84843] Loss: 0.401591
Epoch 362 - Avg Loss: 0.432233 | Train Acc: 93.71%
Val: loss=0.3485, acc=10663/10975 (97.16%)
Epoch 363 [0/84843] Loss: 0.401783
Epoch 363 [35000/84843] Loss: 0.474188
Epoch 363 [70000/84843] Loss: 0.312415
Epoch 363 - Avg Loss: 0.434634 | Train Acc: 93.59%
Val: loss=0.3472, acc=10670/10975 (97.22%)
Epoch 364 [0/84843] Loss: 0.378586
Epoch 364 [35000/84843] Loss: 0.381068
Epoch 364 [70000/84843] Loss: 0.363335
Epoch 364 - Avg Loss: 0.438620 | Train Acc: 93.42%
Val: loss=0.3489, acc=10667/10975 (97.19%)
Epoch 365 [0/84843] Loss: 0.506899
Epoch 365 [35000/84843] Loss: 0.499265
Epoch 365 [70000/84843] Loss: 0.479918
Epoch 365 - Avg Loss: 0.434724 | Train Acc: 93.53%
Val: loss=0.3485, acc=10667/10975 (97.19%)
Epoch 366 [0/84843] Loss: 0.413445
Epoch 366 [35000/84843] Loss: 0.320792
Epoch 366 [70000/84843] Loss: 0.311837
Epoch 366 - Avg Loss: 0.438312 | Train Acc: 93.36%
Val: loss=0.3480, acc=10664/10975 (97.17%)
Epoch 367 [0/84843] Loss: 0.351948
Epoch 367 [35000/84843] Loss: 0.551477
Epoch 367 [70000/84843] Loss: 0.474859
Epoch 367 - Avg Loss: 0.433970 | Train Acc: 93.52%
Val: loss=0.3479, acc=10664/10975 (97.17%)
Epoch 368 [0/84843] Loss: 0.727004
Epoch 368 [35000/84843] Loss: 0.610574
Epoch 368 [70000/84843] Loss: 0.534147
Epoch 368 - Avg Loss: 0.432456 | Train Acc: 93.65%
Val: loss=0.3481, acc=10662/10975 (97.15%)
Epoch 369 [0/84843] Loss: 0.375622
Epoch 369 [35000/84843] Loss: 0.443569
Epoch 369 [70000/84843] Loss: 0.312114
Epoch 369 - Avg Loss: 0.435927 | Train Acc: 93.41%
Val: loss=0.3479, acc=10662/10975 (97.15%)
Epoch 370 [0/84843] Loss: 0.412802
Epoch 370 [35000/84843] Loss: 0.530024
Epoch 370 [70000/84843] Loss: 0.638472
Epoch 370 - Avg Loss: 0.435461 | Train Acc: 93.44%
Val: loss=0.3470, acc=10669/10975 (97.21%)
Epoch 371 [0/84843] Loss: 0.360742
Epoch 371 [35000/84843] Loss: 0.430677
Epoch 371 [70000/84843] Loss: 0.416009
Epoch 371 - Avg Loss: 0.438321 | Train Acc: 93.38%
Val: loss=0.3478, acc=10660/10975 (97.13%)
Epoch 372 [0/84843] Loss: 0.445237
Epoch 372 [35000/84843] Loss: 0.367773
Epoch 372 [70000/84843] Loss: 0.386214
Epoch 372 - Avg Loss: 0.432398 | Train Acc: 93.68%
Val: loss=0.3487, acc=10662/10975 (97.15%)
Epoch 373 [0/84843] Loss: 0.372249
Epoch 373 [35000/84843] Loss: 0.296462
Epoch 373 [70000/84843] Loss: 0.383907
Epoch 373 - Avg Loss: 0.431706 | Train Acc: 93.72%
Val: loss=0.3479, acc=10663/10975 (97.16%)
Epoch 374 [0/84843] Loss: 0.375708
Epoch 374 [35000/84843] Loss: 0.380254
Epoch 374 [70000/84843] Loss: 0.364350
Epoch 374 - Avg Loss: 0.437005 | Train Acc: 93.38%
Val: loss=0.3476, acc=10672/10975 (97.24%)
Epoch 375 [0/84843] Loss: 0.347137
Epoch 375 [35000/84843] Loss: 0.428811
Epoch 375 [70000/84843] Loss: 0.435238
Epoch 375 - Avg Loss: 0.436495 | Train Acc: 93.47%
Val: loss=0.3485, acc=10659/10975 (97.12%)
Epoch 376 [0/84843] Loss: 0.392506
Epoch 376 [35000/84843] Loss: 0.428884
Epoch 376 [70000/84843] Loss: 0.428249
Epoch 376 - Avg Loss: 0.437463 | Train Acc: 93.37%
Val: loss=0.3480, acc=10661/10975 (97.14%)
Epoch 377 [0/84843] Loss: 0.395571
Epoch 377 [35000/84843] Loss: 0.317301
Epoch 377 [70000/84843] Loss: 0.337637
Epoch 377 - Avg Loss: 0.432882 | Train Acc: 93.60%
Val: loss=0.3473, acc=10667/10975 (97.19%)
Epoch 378 [0/84843] Loss: 0.395621
Epoch 378 [35000/84843] Loss: 0.498338
Epoch 378 [70000/84843] Loss: 0.502505
Epoch 378 - Avg Loss: 0.433732 | Train Acc: 93.67%
Val: loss=0.3467, acc=10666/10975 (97.18%)
Epoch 379 [0/84843] Loss: 0.418239
Epoch 379 [35000/84843] Loss: 0.607600
Epoch 379 [70000/84843] Loss: 0.398860
Epoch 379 - Avg Loss: 0.430409 | Train Acc: 93.67%
Val: loss=0.3475, acc=10666/10975 (97.18%)
Epoch 380 [0/84843] Loss: 0.446038
Epoch 380 [35000/84843] Loss: 0.375585
Epoch 380 [70000/84843] Loss: 0.396332
Epoch 380 - Avg Loss: 0.436172 | Train Acc: 93.47%
Val: loss=0.3473, acc=10668/10975 (97.20%)
Epoch 381 [0/84843] Loss: 0.389645
Epoch 381 [35000/84843] Loss: 0.370791
Epoch 381 [70000/84843] Loss: 0.490401
Epoch 381 - Avg Loss: 0.435329 | Train Acc: 93.49%
Val: loss=0.3477, acc=10666/10975 (97.18%)
Epoch 382 [0/84843] Loss: 0.321343
Epoch 382 [35000/84843] Loss: 0.351521
Epoch 382 [70000/84843] Loss: 0.379159
Epoch 382 - Avg Loss: 0.435484 | Train Acc: 93.48%
Val: loss=0.3476, acc=10660/10975 (97.13%)
Epoch 383 [0/84843] Loss: 0.357479
Epoch 383 [35000/84843] Loss: 0.530229
Epoch 383 [70000/84843] Loss: 0.387070
Epoch 383 - Avg Loss: 0.432356 | Train Acc: 93.56%
Val: loss=0.3465, acc=10671/10975 (97.23%)
Epoch 384 [0/84843] Loss: 0.467433
Epoch 384 [35000/84843] Loss: 0.639627
Epoch 384 [70000/84843] Loss: 0.401134
Epoch 384 - Avg Loss: 0.433199 | Train Acc: 93.56%
Val: loss=0.3477, acc=10665/10975 (97.18%)
Epoch 385 [0/84843] Loss: 0.443823
Epoch 385 [35000/84843] Loss: 0.441152
Epoch 385 [70000/84843] Loss: 0.653243
Epoch 385 - Avg Loss: 0.434706 | Train Acc: 93.49%
Val: loss=0.3466, acc=10669/10975 (97.21%)
Epoch 386 [0/84843] Loss: 0.470802
Epoch 386 [35000/84843] Loss: 0.334947
Epoch 386 [70000/84843] Loss: 0.318550
Epoch 386 - Avg Loss: 0.434095 | Train Acc: 93.56%
Val: loss=0.3466, acc=10667/10975 (97.19%)
Epoch 387 [0/84843] Loss: 0.579095
Epoch 387 [35000/84843] Loss: 0.437549
Epoch 387 [70000/84843] Loss: 0.479819
Epoch 387 - Avg Loss: 0.436589 | Train Acc: 93.44%
Val: loss=0.3478, acc=10657/10975 (97.10%)
Epoch 388 [0/84843] Loss: 0.631052
Epoch 388 [35000/84843] Loss: 0.464302
Epoch 388 [70000/84843] Loss: 0.401865
Epoch 388 - Avg Loss: 0.433617 | Train Acc: 93.48%
Val: loss=0.3490, acc=10657/10975 (97.10%)
Epoch 389 [0/84843] Loss: 0.413339
Epoch 389 [35000/84843] Loss: 0.471320
Epoch 389 [70000/84843] Loss: 0.326370
Epoch 389 - Avg Loss: 0.430773 | Train Acc: 93.67%
Val: loss=0.3471, acc=10666/10975 (97.18%)
Epoch 390 [0/84843] Loss: 0.364905
Epoch 390 [35000/84843] Loss: 0.364403
Epoch 390 [70000/84843] Loss: 0.841021
Epoch 390 - Avg Loss: 0.426532 | Train Acc: 93.84%
Val: loss=0.3475, acc=10662/10975 (97.15%)
Epoch 391 [0/84843] Loss: 0.543177
Epoch 391 [35000/84843] Loss: 0.612434
Epoch 391 [70000/84843] Loss: 0.361500
Epoch 391 - Avg Loss: 0.432844 | Train Acc: 93.61%
Val: loss=0.3487, acc=10656/10975 (97.09%)
Epoch 392 [0/84843] Loss: 0.432272
Epoch 392 [35000/84843] Loss: 0.374700
Epoch 392 [70000/84843] Loss: 0.649071
Epoch 392 - Avg Loss: 0.435591 | Train Acc: 93.42%
Val: loss=0.3480, acc=10658/10975 (97.11%)
Epoch 393 [0/84843] Loss: 0.379595
Epoch 393 [35000/84843] Loss: 0.398165
Epoch 393 [70000/84843] Loss: 0.439283
Epoch 393 - Avg Loss: 0.432499 | Train Acc: 93.63%
Val: loss=0.3483, acc=10658/10975 (97.11%)
Epoch 394 [0/84843] Loss: 0.500406
Epoch 394 [35000/84843] Loss: 0.349339
Epoch 394 [70000/84843] Loss: 0.376527
Epoch 394 - Avg Loss: 0.434028 | Train Acc: 93.48%
Val: loss=0.3470, acc=10665/10975 (97.18%)
Epoch 395 [0/84843] Loss: 0.641745
Epoch 395 [35000/84843] Loss: 0.642636
Epoch 395 [70000/84843] Loss: 0.533708
Epoch 395 - Avg Loss: 0.434582 | Train Acc: 93.51%
Val: loss=0.3455, acc=10672/10975 (97.24%)
Epoch 396 [0/84843] Loss: 0.382860
Epoch 396 [35000/84843] Loss: 0.622756
Epoch 396 [70000/84843] Loss: 0.354037
Epoch 396 - Avg Loss: 0.433133 | Train Acc: 93.58%
Val: loss=0.3470, acc=10665/10975 (97.18%)
Epoch 397 [0/84843] Loss: 0.424987
Epoch 397 [35000/84843] Loss: 0.422771
Epoch 397 [70000/84843] Loss: 0.519739
Epoch 397 - Avg Loss: 0.435522 | Train Acc: 93.41%
Val: loss=0.3480, acc=10660/10975 (97.13%)
Epoch 398 [0/84843] Loss: 0.316346
Epoch 398 [35000/84843] Loss: 0.632810
Epoch 398 [70000/84843] Loss: 0.372056
Epoch 398 - Avg Loss: 0.436481 | Train Acc: 93.42%
Val: loss=0.3471, acc=10663/10975 (97.16%)
Epoch 399 [0/84843] Loss: 0.412513
Epoch 399 [35000/84843] Loss: 0.338686
Epoch 399 [70000/84843] Loss: 0.436282
Epoch 399 - Avg Loss: 0.435076 | Train Acc: 93.48%
Val: loss=0.3480, acc=10660/10975 (97.13%)
Epoch 400 [0/84843] Loss: 0.361054
Epoch 400 [35000/84843] Loss: 0.384119
Epoch 400 [70000/84843] Loss: 0.446866
Epoch 400 - Avg Loss: 0.437215 | Train Acc: 93.41%
Val: loss=0.3473, acc=10665/10975 (97.18%)
Test: loss=0.3498, acc=11769/12101 (97.26%)
Saved plot to /scratch/work/lainem31/PTQ_project/keyword_spotting/plots/17565258/train_val_24_mels_delta_17565258_7.png
