Running feature config: 24_mels_delta (task 0)
SpecAugment freq_mask=12 time_mask=15
Device: cuda
Feature config: 24_mels_delta -> {'n_mels': 24, 'use_delta': True, 'use_delta_delta': False}
SpecAugment: True freq_mask=12 time_mask=15
GPU Name: Tesla V100-PCIE-32GB
GPU Memory: 34.07 GB
Total model parameters: 47,628
Epoch 1 [0/84843] Loss: 2.497862
Epoch 1 [35000/84843] Loss: 1.056529
Epoch 1 [70000/84843] Loss: 0.855426
Epoch 1 - Avg Loss: 1.141141 | Train Acc: 69.47%
Val: loss=0.6955, acc=9279/10975 (84.55%)
saved best: 84.55%
Epoch 2 [0/84843] Loss: 0.902245
Epoch 2 [35000/84843] Loss: 0.862509
Epoch 2 [70000/84843] Loss: 0.665002
Epoch 2 - Avg Loss: 0.733817 | Train Acc: 82.08%
Val: loss=0.5559, acc=9849/10975 (89.74%)
saved best: 89.74%
Epoch 3 [0/84843] Loss: 0.651104
Epoch 3 [35000/84843] Loss: 0.500888
Epoch 3 [70000/84843] Loss: 0.635562
Epoch 3 - Avg Loss: 0.643956 | Train Acc: 85.51%
Val: loss=0.5032, acc=10063/10975 (91.69%)
saved best: 91.69%
Epoch 4 [0/84843] Loss: 0.680678
Epoch 4 [35000/84843] Loss: 0.546570
Epoch 4 [70000/84843] Loss: 0.492955
Epoch 4 - Avg Loss: 0.603153 | Train Acc: 87.25%
Val: loss=0.4793, acc=10160/10975 (92.57%)
saved best: 92.57%
Epoch 5 [0/84843] Loss: 0.379292
Epoch 5 [35000/84843] Loss: 0.596321
Epoch 5 [70000/84843] Loss: 0.481434
Epoch 5 - Avg Loss: 0.580767 | Train Acc: 88.06%
Val: loss=0.4847, acc=10132/10975 (92.32%)
Epoch 6 [0/84843] Loss: 0.481970
Epoch 6 [35000/84843] Loss: 0.622190
Epoch 6 [70000/84843] Loss: 0.719923
Epoch 6 - Avg Loss: 0.560533 | Train Acc: 88.85%
Val: loss=0.4652, acc=10223/10975 (93.15%)
saved best: 93.15%
Epoch 7 [0/84843] Loss: 0.379915
Epoch 7 [35000/84843] Loss: 0.616723
Epoch 7 [70000/84843] Loss: 0.601879
Epoch 7 - Avg Loss: 0.550126 | Train Acc: 89.34%
Val: loss=0.4743, acc=10169/10975 (92.66%)
Epoch 8 [0/84843] Loss: 0.520884
Epoch 8 [35000/84843] Loss: 0.582018
Epoch 8 [70000/84843] Loss: 0.646659
Epoch 8 - Avg Loss: 0.539384 | Train Acc: 89.78%
Val: loss=0.4624, acc=10232/10975 (93.23%)
saved best: 93.23%
Epoch 9 [0/84843] Loss: 0.489371
Epoch 9 [35000/84843] Loss: 0.516998
Epoch 9 [70000/84843] Loss: 0.327181
Epoch 9 - Avg Loss: 0.532258 | Train Acc: 90.02%
Val: loss=0.4306, acc=10358/10975 (94.38%)
saved best: 94.38%
Epoch 10 [0/84843] Loss: 0.434767
Epoch 10 [35000/84843] Loss: 0.451504
Epoch 10 [70000/84843] Loss: 0.490159
Epoch 10 - Avg Loss: 0.525077 | Train Acc: 90.12%
Val: loss=0.4370, acc=10334/10975 (94.16%)
Epoch 11 [0/84843] Loss: 0.591535
Epoch 11 [35000/84843] Loss: 0.551881
Epoch 11 [70000/84843] Loss: 0.428966
Epoch 11 - Avg Loss: 0.519039 | Train Acc: 90.54%
Val: loss=0.4229, acc=10394/10975 (94.71%)
saved best: 94.71%
Epoch 12 [0/84843] Loss: 0.526828
Epoch 12 [35000/84843] Loss: 0.401181
Epoch 12 [70000/84843] Loss: 0.406466
Epoch 12 - Avg Loss: 0.514848 | Train Acc: 90.55%
Val: loss=0.4375, acc=10307/10975 (93.91%)
Epoch 13 [0/84843] Loss: 0.451302
Epoch 13 [35000/84843] Loss: 0.608032
Epoch 13 [70000/84843] Loss: 0.456515
Epoch 13 - Avg Loss: 0.509717 | Train Acc: 90.74%
Val: loss=0.4383, acc=10328/10975 (94.10%)
Epoch 14 [0/84843] Loss: 0.373828
Epoch 14 [35000/84843] Loss: 0.461820
Epoch 14 [70000/84843] Loss: 0.557106
Epoch 14 - Avg Loss: 0.508681 | Train Acc: 90.90%
Val: loss=0.4296, acc=10330/10975 (94.12%)
Epoch 15 [0/84843] Loss: 0.525529
Epoch 15 [35000/84843] Loss: 0.586424
Epoch 15 [70000/84843] Loss: 0.562174
Epoch 15 - Avg Loss: 0.501360 | Train Acc: 91.16%
Val: loss=0.4125, acc=10408/10975 (94.83%)
saved best: 94.83%
Epoch 16 [0/84843] Loss: 0.611153
Epoch 16 [35000/84843] Loss: 0.535052
Epoch 16 [70000/84843] Loss: 0.353759
Epoch 16 - Avg Loss: 0.498585 | Train Acc: 91.22%
Val: loss=0.4008, acc=10474/10975 (95.44%)
saved best: 95.44%
Epoch 17 [0/84843] Loss: 0.673895
Epoch 17 [35000/84843] Loss: 0.337095
Epoch 17 [70000/84843] Loss: 0.452888
Epoch 17 - Avg Loss: 0.498865 | Train Acc: 91.25%
Val: loss=0.4008, acc=10474/10975 (95.44%)
Epoch 18 [0/84843] Loss: 0.532503
Epoch 18 [35000/84843] Loss: 0.654185
Epoch 18 [70000/84843] Loss: 0.558951
Epoch 18 - Avg Loss: 0.493446 | Train Acc: 91.46%
Val: loss=0.4098, acc=10441/10975 (95.13%)
Epoch 19 [0/84843] Loss: 0.360759
Epoch 19 [35000/84843] Loss: 0.501021
Epoch 19 [70000/84843] Loss: 0.469453
Epoch 19 - Avg Loss: 0.486135 | Train Acc: 91.76%
Val: loss=0.4063, acc=10449/10975 (95.21%)
Epoch 20 [0/84843] Loss: 0.641965
Epoch 20 [35000/84843] Loss: 0.485218
Epoch 20 [70000/84843] Loss: 0.527352
Epoch 20 - Avg Loss: 0.490212 | Train Acc: 91.61%
Val: loss=0.4036, acc=10452/10975 (95.23%)
Epoch 21 [0/84843] Loss: 0.505114
Epoch 21 [35000/84843] Loss: 0.551804
Epoch 21 [70000/84843] Loss: 0.712664
Epoch 21 - Avg Loss: 0.491564 | Train Acc: 91.53%
Val: loss=0.4033, acc=10471/10975 (95.41%)
Epoch 22 [0/84843] Loss: 0.778629
Epoch 22 [35000/84843] Loss: 0.575778
Epoch 22 [70000/84843] Loss: 0.407297
Epoch 22 - Avg Loss: 0.487373 | Train Acc: 91.73%
Val: loss=0.4132, acc=10416/10975 (94.91%)
Epoch 23 [0/84843] Loss: 0.622127
Epoch 23 [35000/84843] Loss: 0.446416
Epoch 23 [70000/84843] Loss: 0.448798
Epoch 23 - Avg Loss: 0.481062 | Train Acc: 91.94%
Val: loss=0.3979, acc=10454/10975 (95.25%)
Epoch 24 [0/84843] Loss: 0.473704
Epoch 24 [35000/84843] Loss: 0.431875
Epoch 24 [70000/84843] Loss: 0.490096
Epoch 24 - Avg Loss: 0.480971 | Train Acc: 91.97%
Val: loss=0.3971, acc=10493/10975 (95.61%)
saved best: 95.61%
Epoch 25 [0/84843] Loss: 0.669372
Epoch 25 [35000/84843] Loss: 0.416607
Epoch 25 [70000/84843] Loss: 0.467535
Epoch 25 - Avg Loss: 0.480951 | Train Acc: 91.94%
Val: loss=0.3913, acc=10501/10975 (95.68%)
saved best: 95.68%
Epoch 26 [0/84843] Loss: 0.552349
Epoch 26 [35000/84843] Loss: 0.461319
Epoch 26 [70000/84843] Loss: 0.479870
Epoch 26 - Avg Loss: 0.476223 | Train Acc: 92.13%
Val: loss=0.3892, acc=10522/10975 (95.87%)
saved best: 95.87%
Epoch 27 [0/84843] Loss: 0.456243
Epoch 27 [35000/84843] Loss: 0.442277
Epoch 27 [70000/84843] Loss: 0.508855
Epoch 27 - Avg Loss: 0.474924 | Train Acc: 92.13%
Val: loss=0.3960, acc=10489/10975 (95.57%)
Epoch 28 [0/84843] Loss: 0.401934
Epoch 28 [35000/84843] Loss: 0.543268
Epoch 28 [70000/84843] Loss: 0.346039
Epoch 28 - Avg Loss: 0.476285 | Train Acc: 92.13%
Val: loss=0.3936, acc=10492/10975 (95.60%)
Epoch 29 [0/84843] Loss: 0.367406
Epoch 29 [35000/84843] Loss: 0.525385
Epoch 29 [70000/84843] Loss: 0.342053
Epoch 29 - Avg Loss: 0.475538 | Train Acc: 92.07%
Val: loss=0.3853, acc=10531/10975 (95.95%)
saved best: 95.95%
Epoch 30 [0/84843] Loss: 0.453720
Epoch 30 [35000/84843] Loss: 0.568649
Epoch 30 [70000/84843] Loss: 0.445278
Epoch 30 - Avg Loss: 0.472146 | Train Acc: 92.27%
Val: loss=0.3874, acc=10519/10975 (95.85%)
Epoch 31 [0/84843] Loss: 0.465050
Epoch 31 [35000/84843] Loss: 0.429339
Epoch 31 [70000/84843] Loss: 0.547302
Epoch 31 - Avg Loss: 0.471132 | Train Acc: 92.30%
Val: loss=0.3943, acc=10511/10975 (95.77%)
Epoch 32 [0/84843] Loss: 0.326688
Epoch 32 [35000/84843] Loss: 0.388239
Epoch 32 [70000/84843] Loss: 0.443022
Epoch 32 - Avg Loss: 0.473281 | Train Acc: 92.22%
Val: loss=0.3876, acc=10525/10975 (95.90%)
Epoch 33 [0/84843] Loss: 0.457357
Epoch 33 [35000/84843] Loss: 0.444942
Epoch 33 [70000/84843] Loss: 0.484825
Epoch 33 - Avg Loss: 0.470717 | Train Acc: 92.33%
Val: loss=0.3939, acc=10492/10975 (95.60%)
Epoch 34 [0/84843] Loss: 0.395330
Epoch 34 [35000/84843] Loss: 0.460838
Epoch 34 [70000/84843] Loss: 0.343867
Epoch 34 - Avg Loss: 0.467152 | Train Acc: 92.44%
Val: loss=0.3968, acc=10478/10975 (95.47%)
Epoch 35 [0/84843] Loss: 0.503530
Epoch 35 [35000/84843] Loss: 0.452255
Epoch 35 [70000/84843] Loss: 0.375327
Epoch 35 - Avg Loss: 0.468857 | Train Acc: 92.37%
Val: loss=0.3857, acc=10531/10975 (95.95%)
Epoch 36 [0/84843] Loss: 0.477587
Epoch 36 [35000/84843] Loss: 0.574944
Epoch 36 [70000/84843] Loss: 0.450864
Epoch 36 - Avg Loss: 0.471115 | Train Acc: 92.28%
Val: loss=0.3905, acc=10505/10975 (95.72%)
Epoch 37 [0/84843] Loss: 0.350842
Epoch 37 [35000/84843] Loss: 0.360097
Epoch 37 [70000/84843] Loss: 0.365047
Epoch 37 - Avg Loss: 0.466332 | Train Acc: 92.46%
Val: loss=0.3839, acc=10549/10975 (96.12%)
saved best: 96.12%
Epoch 38 [0/84843] Loss: 0.548247
Epoch 38 [35000/84843] Loss: 0.508431
Epoch 38 [70000/84843] Loss: 0.429057
Epoch 38 - Avg Loss: 0.469325 | Train Acc: 92.29%
Val: loss=0.3896, acc=10487/10975 (95.55%)
Epoch 39 [0/84843] Loss: 0.549640
Epoch 39 [35000/84843] Loss: 0.448826
Epoch 39 [70000/84843] Loss: 0.463208
Epoch 39 - Avg Loss: 0.463847 | Train Acc: 92.59%
Val: loss=0.3851, acc=10530/10975 (95.95%)
Epoch 40 [0/84843] Loss: 0.696037
Epoch 40 [35000/84843] Loss: 0.458993
Epoch 40 [70000/84843] Loss: 0.516114
Epoch 40 - Avg Loss: 0.467438 | Train Acc: 92.50%
Val: loss=0.3942, acc=10495/10975 (95.63%)
Epoch 41 [0/84843] Loss: 0.426936
Epoch 41 [35000/84843] Loss: 0.514527
Epoch 41 [70000/84843] Loss: 0.351206
Epoch 41 - Avg Loss: 0.463193 | Train Acc: 92.64%
Val: loss=0.3799, acc=10551/10975 (96.14%)
saved best: 96.14%
Epoch 42 [0/84843] Loss: 0.350906
Epoch 42 [35000/84843] Loss: 0.453378
Epoch 42 [70000/84843] Loss: 0.492542
Epoch 42 - Avg Loss: 0.462951 | Train Acc: 92.65%
Val: loss=0.3802, acc=10551/10975 (96.14%)
Epoch 43 [0/84843] Loss: 0.419213
Epoch 43 [35000/84843] Loss: 0.446749
Epoch 43 [70000/84843] Loss: 0.378209
Epoch 43 - Avg Loss: 0.464065 | Train Acc: 92.61%
Val: loss=0.3831, acc=10530/10975 (95.95%)
Epoch 44 [0/84843] Loss: 0.432082
Epoch 44 [35000/84843] Loss: 0.464805
Epoch 44 [70000/84843] Loss: 0.698288
Epoch 44 - Avg Loss: 0.462517 | Train Acc: 92.63%
Val: loss=0.3802, acc=10540/10975 (96.04%)
Epoch 45 [0/84843] Loss: 0.393782
Epoch 45 [35000/84843] Loss: 0.424124
Epoch 45 [70000/84843] Loss: 0.460332
Epoch 45 - Avg Loss: 0.463396 | Train Acc: 92.61%
Val: loss=0.3795, acc=10565/10975 (96.26%)
saved best: 96.26%
Epoch 46 [0/84843] Loss: 0.348755
Epoch 46 [35000/84843] Loss: 0.346798
Epoch 46 [70000/84843] Loss: 0.429176
Epoch 46 - Avg Loss: 0.458379 | Train Acc: 92.75%
Val: loss=0.3736, acc=10575/10975 (96.36%)
saved best: 96.36%
Epoch 47 [0/84843] Loss: 0.299581
Epoch 47 [35000/84843] Loss: 0.649147
Epoch 47 [70000/84843] Loss: 0.460966
Epoch 47 - Avg Loss: 0.464256 | Train Acc: 92.59%
Val: loss=0.3780, acc=10555/10975 (96.17%)
Epoch 48 [0/84843] Loss: 0.441635
Epoch 48 [35000/84843] Loss: 0.425986
Epoch 48 [70000/84843] Loss: 0.406165
Epoch 48 - Avg Loss: 0.461190 | Train Acc: 92.61%
Val: loss=0.3850, acc=10533/10975 (95.97%)
Epoch 49 [0/84843] Loss: 0.573909
Epoch 49 [35000/84843] Loss: 0.439019
Epoch 49 [70000/84843] Loss: 0.372286
Epoch 49 - Avg Loss: 0.459006 | Train Acc: 92.81%
Val: loss=0.4101, acc=10431/10975 (95.04%)
Epoch 50 [0/84843] Loss: 0.398116
Epoch 50 [35000/84843] Loss: 0.379524
Epoch 50 [70000/84843] Loss: 0.386966
Epoch 50 - Avg Loss: 0.456784 | Train Acc: 92.76%
Val: loss=0.3734, acc=10577/10975 (96.37%)
saved best: 96.37%
Epoch 51 [0/84843] Loss: 0.417269
Epoch 51 [35000/84843] Loss: 0.547320
Epoch 51 [70000/84843] Loss: 0.402389
Epoch 51 - Avg Loss: 0.456027 | Train Acc: 92.82%
Val: loss=0.3768, acc=10553/10975 (96.15%)
Epoch 52 [0/84843] Loss: 0.500577
Epoch 52 [35000/84843] Loss: 0.399493
Epoch 52 [70000/84843] Loss: 0.570506
Epoch 52 - Avg Loss: 0.455773 | Train Acc: 92.89%
Val: loss=0.3905, acc=10508/10975 (95.74%)
Epoch 53 [0/84843] Loss: 0.430529
Epoch 53 [35000/84843] Loss: 0.455598
Epoch 53 [70000/84843] Loss: 0.327548
Epoch 53 - Avg Loss: 0.453016 | Train Acc: 92.95%
Val: loss=0.3760, acc=10571/10975 (96.32%)
Epoch 54 [0/84843] Loss: 0.677733
Epoch 54 [35000/84843] Loss: 0.577262
Epoch 54 [70000/84843] Loss: 0.399549
Epoch 54 - Avg Loss: 0.455803 | Train Acc: 92.84%
Val: loss=0.3792, acc=10552/10975 (96.15%)
Epoch 55 [0/84843] Loss: 0.497232
Epoch 55 [35000/84843] Loss: 0.314273
Epoch 55 [70000/84843] Loss: 0.377700
Epoch 55 - Avg Loss: 0.454237 | Train Acc: 92.94%
Val: loss=0.3863, acc=10534/10975 (95.98%)
Epoch 56 [0/84843] Loss: 0.430689
Epoch 56 [35000/84843] Loss: 0.366541
Epoch 56 [70000/84843] Loss: 0.471154
Epoch 56 - Avg Loss: 0.454051 | Train Acc: 92.95%
Val: loss=0.3758, acc=10561/10975 (96.23%)
Epoch 57 [0/84843] Loss: 0.481364
Epoch 57 [35000/84843] Loss: 0.413186
Epoch 57 [70000/84843] Loss: 0.373451
Epoch 57 - Avg Loss: 0.453678 | Train Acc: 92.98%
Val: loss=0.3750, acc=10565/10975 (96.26%)
Epoch 58 [0/84843] Loss: 0.403203
Epoch 58 [35000/84843] Loss: 0.428175
Epoch 58 [70000/84843] Loss: 0.477199
Epoch 58 - Avg Loss: 0.454056 | Train Acc: 92.94%
Val: loss=0.3781, acc=10551/10975 (96.14%)
Epoch 59 [0/84843] Loss: 0.392541
Epoch 59 [35000/84843] Loss: 0.443367
Epoch 59 [70000/84843] Loss: 0.396430
Epoch 59 - Avg Loss: 0.454353 | Train Acc: 92.90%
Val: loss=0.3799, acc=10553/10975 (96.15%)
Epoch 60 [0/84843] Loss: 0.430326
Epoch 60 [35000/84843] Loss: 0.429044
Epoch 60 [70000/84843] Loss: 0.390019
Epoch 60 - Avg Loss: 0.450795 | Train Acc: 93.01%
Val: loss=0.3756, acc=10565/10975 (96.26%)
Epoch 61 [0/84843] Loss: 0.480561
Epoch 61 [35000/84843] Loss: 0.379394
Epoch 61 [70000/84843] Loss: 0.514269
Epoch 61 - Avg Loss: 0.451164 | Train Acc: 93.03%
Val: loss=0.3961, acc=10471/10975 (95.41%)
Epoch 62 [0/84843] Loss: 0.362715
Epoch 62 [35000/84843] Loss: 0.380658
Epoch 62 [70000/84843] Loss: 0.340855
Epoch 62 - Avg Loss: 0.451119 | Train Acc: 93.05%
Val: loss=0.3723, acc=10569/10975 (96.30%)
Epoch 63 [0/84843] Loss: 0.424819
Epoch 63 [35000/84843] Loss: 0.481795
Epoch 63 [70000/84843] Loss: 0.495814
Epoch 63 - Avg Loss: 0.450834 | Train Acc: 93.02%
Val: loss=0.3887, acc=10511/10975 (95.77%)
Epoch 64 [0/84843] Loss: 0.465174
Epoch 64 [35000/84843] Loss: 0.449656
Epoch 64 [70000/84843] Loss: 0.489637
Epoch 64 - Avg Loss: 0.449591 | Train Acc: 93.09%
Val: loss=0.3767, acc=10563/10975 (96.25%)
Epoch 65 [0/84843] Loss: 0.465619
Epoch 65 [35000/84843] Loss: 0.404665
Epoch 65 [70000/84843] Loss: 0.371678
Epoch 65 - Avg Loss: 0.448752 | Train Acc: 93.09%
Val: loss=0.3788, acc=10559/10975 (96.21%)
Epoch 66 [0/84843] Loss: 0.476561
Epoch 66 [35000/84843] Loss: 0.376343
Epoch 66 [70000/84843] Loss: 0.413929
Epoch 66 - Avg Loss: 0.449928 | Train Acc: 93.01%
Val: loss=0.3707, acc=10580/10975 (96.40%)
saved best: 96.40%
Epoch 67 [0/84843] Loss: 0.413686
Epoch 67 [35000/84843] Loss: 0.447997
Epoch 67 [70000/84843] Loss: 0.588058
Epoch 67 - Avg Loss: 0.451608 | Train Acc: 92.93%
Val: loss=0.3901, acc=10512/10975 (95.78%)
Epoch 68 [0/84843] Loss: 0.455755
Epoch 68 [35000/84843] Loss: 0.442654
Epoch 68 [70000/84843] Loss: 0.387547
Epoch 68 - Avg Loss: 0.449564 | Train Acc: 93.09%
Val: loss=0.3825, acc=10529/10975 (95.94%)
Epoch 69 [0/84843] Loss: 0.422841
Epoch 69 [35000/84843] Loss: 0.530045
Epoch 69 [70000/84843] Loss: 0.536644
Epoch 69 - Avg Loss: 0.447698 | Train Acc: 93.20%
Val: loss=0.3701, acc=10596/10975 (96.55%)
saved best: 96.55%
Epoch 70 [0/84843] Loss: 0.380632
Epoch 70 [35000/84843] Loss: 0.473393
Epoch 70 [70000/84843] Loss: 0.430715
Epoch 70 - Avg Loss: 0.446618 | Train Acc: 93.20%
Val: loss=0.3790, acc=10566/10975 (96.27%)
Epoch 71 [0/84843] Loss: 0.344881
Epoch 71 [35000/84843] Loss: 0.420845
Epoch 71 [70000/84843] Loss: 0.387409
Epoch 71 - Avg Loss: 0.444604 | Train Acc: 93.29%
Val: loss=0.3830, acc=10538/10975 (96.02%)
Epoch 72 [0/84843] Loss: 0.500870
Epoch 72 [35000/84843] Loss: 0.359151
Epoch 72 [70000/84843] Loss: 0.416133
Epoch 72 - Avg Loss: 0.449273 | Train Acc: 93.17%
Val: loss=0.3699, acc=10598/10975 (96.56%)
saved best: 96.56%
Epoch 73 [0/84843] Loss: 0.444675
Epoch 73 [35000/84843] Loss: 0.469617
Epoch 73 [70000/84843] Loss: 0.460562
Epoch 73 - Avg Loss: 0.449345 | Train Acc: 93.10%
Val: loss=0.3804, acc=10529/10975 (95.94%)
Epoch 74 [0/84843] Loss: 0.407883
Epoch 74 [35000/84843] Loss: 0.416821
Epoch 74 [70000/84843] Loss: 0.454019
Epoch 74 - Avg Loss: 0.445870 | Train Acc: 93.31%
Val: loss=0.3691, acc=10592/10975 (96.51%)
Epoch 75 [0/84843] Loss: 0.418758
Epoch 75 [35000/84843] Loss: 0.517406
Epoch 75 [70000/84843] Loss: 0.446295
Epoch 75 - Avg Loss: 0.446242 | Train Acc: 93.22%
Val: loss=0.3856, acc=10530/10975 (95.95%)
Epoch 76 [0/84843] Loss: 0.420464
Epoch 76 [35000/84843] Loss: 0.468301
Epoch 76 [70000/84843] Loss: 0.434891
Epoch 76 - Avg Loss: 0.445731 | Train Acc: 93.21%
Val: loss=0.3755, acc=10573/10975 (96.34%)
Epoch 77 [0/84843] Loss: 0.403028
Epoch 77 [35000/84843] Loss: 0.577416
Epoch 77 [70000/84843] Loss: 0.501530
Epoch 77 - Avg Loss: 0.446068 | Train Acc: 93.19%
Val: loss=0.3713, acc=10589/10975 (96.48%)
Epoch 78 [0/84843] Loss: 0.466815
Epoch 78 [35000/84843] Loss: 0.420111
Epoch 78 [70000/84843] Loss: 0.505625
Epoch 78 - Avg Loss: 0.443277 | Train Acc: 93.30%
Val: loss=0.3740, acc=10567/10975 (96.28%)
Epoch 79 [0/84843] Loss: 0.434595
Epoch 79 [35000/84843] Loss: 0.475441
Epoch 79 [70000/84843] Loss: 0.437917
Epoch 79 - Avg Loss: 0.443924 | Train Acc: 93.35%
Val: loss=0.3701, acc=10582/10975 (96.42%)
Epoch 80 [0/84843] Loss: 0.414822
Epoch 80 [35000/84843] Loss: 0.438829
Epoch 80 [70000/84843] Loss: 0.419891
Epoch 80 - Avg Loss: 0.442447 | Train Acc: 93.33%
Val: loss=0.3721, acc=10604/10975 (96.62%)
saved best: 96.62%
Epoch 81 [0/84843] Loss: 0.439590
Epoch 81 [35000/84843] Loss: 0.360948
Epoch 81 [70000/84843] Loss: 0.459975
Epoch 81 - Avg Loss: 0.442474 | Train Acc: 93.34%
Val: loss=0.3704, acc=10584/10975 (96.44%)
Epoch 82 [0/84843] Loss: 0.360898
Epoch 82 [35000/84843] Loss: 0.442458
Epoch 82 [70000/84843] Loss: 0.383765
Epoch 82 - Avg Loss: 0.442227 | Train Acc: 93.40%
Val: loss=0.3689, acc=10574/10975 (96.35%)
Epoch 83 [0/84843] Loss: 0.392675
Epoch 83 [35000/84843] Loss: 0.396827
Epoch 83 [70000/84843] Loss: 0.397176
Epoch 83 - Avg Loss: 0.444516 | Train Acc: 93.28%
Val: loss=0.3850, acc=10517/10975 (95.83%)
Epoch 84 [0/84843] Loss: 0.369410
Epoch 84 [35000/84843] Loss: 0.386451
Epoch 84 [70000/84843] Loss: 0.336370
Epoch 84 - Avg Loss: 0.442546 | Train Acc: 93.35%
Val: loss=0.3678, acc=10586/10975 (96.46%)
Epoch 85 [0/84843] Loss: 0.365920
Epoch 85 [35000/84843] Loss: 0.288749
Epoch 85 [70000/84843] Loss: 0.456537
Epoch 85 - Avg Loss: 0.441567 | Train Acc: 93.40%
Val: loss=0.3716, acc=10578/10975 (96.38%)
Epoch 86 [0/84843] Loss: 0.564593
Epoch 86 [35000/84843] Loss: 0.405223
Epoch 86 [70000/84843] Loss: 0.387932
Epoch 86 - Avg Loss: 0.442739 | Train Acc: 93.42%
Val: loss=0.3800, acc=10537/10975 (96.01%)
Epoch 87 [0/84843] Loss: 0.397791
Epoch 87 [35000/84843] Loss: 0.447922
Epoch 87 [70000/84843] Loss: 0.471164
Epoch 87 - Avg Loss: 0.442105 | Train Acc: 93.34%
Val: loss=0.3776, acc=10562/10975 (96.24%)
Epoch 88 [0/84843] Loss: 0.346725
Epoch 88 [35000/84843] Loss: 0.484034
Epoch 88 [70000/84843] Loss: 0.406928
Epoch 88 - Avg Loss: 0.440003 | Train Acc: 93.52%
Val: loss=0.3678, acc=10596/10975 (96.55%)
Epoch 89 [0/84843] Loss: 0.548702
Epoch 89 [35000/84843] Loss: 0.430896
Epoch 89 [70000/84843] Loss: 0.386568
Epoch 89 - Avg Loss: 0.440530 | Train Acc: 93.37%
Val: loss=0.3819, acc=10523/10975 (95.88%)
Epoch 90 [0/84843] Loss: 0.446884
Epoch 90 [35000/84843] Loss: 0.520974
Epoch 90 [70000/84843] Loss: 0.470046
Epoch 90 - Avg Loss: 0.441457 | Train Acc: 93.39%
Val: loss=0.3769, acc=10557/10975 (96.19%)
Epoch 91 [0/84843] Loss: 0.399214
Epoch 91 [35000/84843] Loss: 0.393083
Epoch 91 [70000/84843] Loss: 0.505060
Epoch 91 - Avg Loss: 0.439280 | Train Acc: 93.42%
Val: loss=0.3689, acc=10597/10975 (96.56%)
Epoch 92 [0/84843] Loss: 0.325887
Epoch 92 [35000/84843] Loss: 0.452605
Epoch 92 [70000/84843] Loss: 0.415018
Epoch 92 - Avg Loss: 0.437437 | Train Acc: 93.56%
Val: loss=0.3636, acc=10614/10975 (96.71%)
saved best: 96.71%
Epoch 93 [0/84843] Loss: 0.464070
Epoch 93 [35000/84843] Loss: 0.438724
Epoch 93 [70000/84843] Loss: 0.530879
Epoch 93 - Avg Loss: 0.441771 | Train Acc: 93.36%
Val: loss=0.3718, acc=10581/10975 (96.41%)
Epoch 94 [0/84843] Loss: 0.356545
Epoch 94 [35000/84843] Loss: 0.413693
Epoch 94 [70000/84843] Loss: 0.419188
Epoch 94 - Avg Loss: 0.438432 | Train Acc: 93.53%
Val: loss=0.3720, acc=10584/10975 (96.44%)
Epoch 95 [0/84843] Loss: 0.460821
Epoch 95 [35000/84843] Loss: 0.362614
Epoch 95 [70000/84843] Loss: 0.375944
Epoch 95 - Avg Loss: 0.439533 | Train Acc: 93.56%
Val: loss=0.3782, acc=10537/10975 (96.01%)
Epoch 96 [0/84843] Loss: 0.409339
Epoch 96 [35000/84843] Loss: 0.629846
Epoch 96 [70000/84843] Loss: 0.356287
Epoch 96 - Avg Loss: 0.436298 | Train Acc: 93.57%
Val: loss=0.3695, acc=10576/10975 (96.36%)
Epoch 97 [0/84843] Loss: 0.484613
Epoch 97 [35000/84843] Loss: 0.546133
Epoch 97 [70000/84843] Loss: 0.400220
Epoch 97 - Avg Loss: 0.437000 | Train Acc: 93.59%
Val: loss=0.3672, acc=10596/10975 (96.55%)
Epoch 98 [0/84843] Loss: 0.514050
Epoch 98 [35000/84843] Loss: 0.537693
Epoch 98 [70000/84843] Loss: 0.443459
Epoch 98 - Avg Loss: 0.439838 | Train Acc: 93.47%
Val: loss=0.3674, acc=10613/10975 (96.70%)
Epoch 99 [0/84843] Loss: 0.375703
Epoch 99 [35000/84843] Loss: 0.447802
Epoch 99 [70000/84843] Loss: 0.298691
Epoch 99 - Avg Loss: 0.440325 | Train Acc: 93.49%
Val: loss=0.3697, acc=10588/10975 (96.47%)
Epoch 100 [0/84843] Loss: 0.377466
Epoch 100 [35000/84843] Loss: 0.371957
Epoch 100 [70000/84843] Loss: 0.385790
Epoch 100 - Avg Loss: 0.439155 | Train Acc: 93.46%
Val: loss=0.3685, acc=10608/10975 (96.66%)
Epoch 101 [0/84843] Loss: 0.412504
Epoch 101 [35000/84843] Loss: 0.468592
Epoch 101 [70000/84843] Loss: 0.313277
Epoch 101 - Avg Loss: 0.436590 | Train Acc: 93.57%
Val: loss=0.3622, acc=10613/10975 (96.70%)
Epoch 102 [0/84843] Loss: 0.405626
Epoch 102 [35000/84843] Loss: 0.426740
Epoch 102 [70000/84843] Loss: 0.396113
Epoch 102 - Avg Loss: 0.436238 | Train Acc: 93.55%
Val: loss=0.3714, acc=10582/10975 (96.42%)
Epoch 103 [0/84843] Loss: 0.452904
Epoch 103 [35000/84843] Loss: 0.413491
Epoch 103 [70000/84843] Loss: 0.428917
Epoch 103 - Avg Loss: 0.435445 | Train Acc: 93.65%
Val: loss=0.3691, acc=10598/10975 (96.56%)
Epoch 104 [0/84843] Loss: 0.399712
Epoch 104 [35000/84843] Loss: 0.372701
Epoch 104 [70000/84843] Loss: 0.445847
Epoch 104 - Avg Loss: 0.437305 | Train Acc: 93.53%
Val: loss=0.3770, acc=10552/10975 (96.15%)
Epoch 105 [0/84843] Loss: 0.461699
Epoch 105 [35000/84843] Loss: 0.484968
Epoch 105 [70000/84843] Loss: 0.378607
Epoch 105 - Avg Loss: 0.435359 | Train Acc: 93.58%
Val: loss=0.3683, acc=10592/10975 (96.51%)
Epoch 106 [0/84843] Loss: 0.457724
Epoch 106 [35000/84843] Loss: 0.338307
Epoch 106 [70000/84843] Loss: 0.433363
Epoch 106 - Avg Loss: 0.437447 | Train Acc: 93.58%
Val: loss=0.3659, acc=10602/10975 (96.60%)
Epoch 107 [0/84843] Loss: 0.436643
Epoch 107 [35000/84843] Loss: 0.627810
Epoch 107 [70000/84843] Loss: 0.439956
Epoch 107 - Avg Loss: 0.432849 | Train Acc: 93.71%
Val: loss=0.3699, acc=10585/10975 (96.45%)
Epoch 108 [0/84843] Loss: 0.414378
Epoch 108 [35000/84843] Loss: 0.486658
Epoch 108 [70000/84843] Loss: 0.418839
Epoch 108 - Avg Loss: 0.438225 | Train Acc: 93.51%
Val: loss=0.3676, acc=10602/10975 (96.60%)
Epoch 109 [0/84843] Loss: 0.474447
Epoch 109 [35000/84843] Loss: 0.356561
Epoch 109 [70000/84843] Loss: 0.408962
Epoch 109 - Avg Loss: 0.433779 | Train Acc: 93.63%
Val: loss=0.3637, acc=10610/10975 (96.67%)
Epoch 110 [0/84843] Loss: 0.361426
Epoch 110 [35000/84843] Loss: 0.433050
Epoch 110 [70000/84843] Loss: 0.386464
Epoch 110 - Avg Loss: 0.430794 | Train Acc: 93.80%
Val: loss=0.3675, acc=10593/10975 (96.52%)
Epoch 111 [0/84843] Loss: 0.439591
Epoch 111 [35000/84843] Loss: 0.637780
Epoch 111 [70000/84843] Loss: 0.421927
Epoch 111 - Avg Loss: 0.432395 | Train Acc: 93.76%
Val: loss=0.3630, acc=10611/10975 (96.68%)
Epoch 112 [0/84843] Loss: 0.550227
Epoch 112 [35000/84843] Loss: 0.393406
Epoch 112 [70000/84843] Loss: 0.342445
Epoch 112 - Avg Loss: 0.432974 | Train Acc: 93.72%
Val: loss=0.3701, acc=10591/10975 (96.50%)
Epoch 113 [0/84843] Loss: 0.467030
Epoch 113 [35000/84843] Loss: 0.365861
Epoch 113 [70000/84843] Loss: 0.379843
Epoch 113 - Avg Loss: 0.432924 | Train Acc: 93.74%
Val: loss=0.3688, acc=10599/10975 (96.57%)
Epoch 114 [0/84843] Loss: 0.352927
Epoch 114 [35000/84843] Loss: 0.410378
Epoch 114 [70000/84843] Loss: 0.384170
Epoch 114 - Avg Loss: 0.431347 | Train Acc: 93.77%
Val: loss=0.3666, acc=10594/10975 (96.53%)
Epoch 115 [0/84843] Loss: 0.569241
Epoch 115 [35000/84843] Loss: 0.380602
Epoch 115 [70000/84843] Loss: 0.418577
Epoch 115 - Avg Loss: 0.431726 | Train Acc: 93.81%
Val: loss=0.3649, acc=10605/10975 (96.63%)
Epoch 116 [0/84843] Loss: 0.428345
Epoch 116 [35000/84843] Loss: 0.482361
Epoch 116 [70000/84843] Loss: 0.395862
Epoch 116 - Avg Loss: 0.434177 | Train Acc: 93.73%
Val: loss=0.3717, acc=10576/10975 (96.36%)
Epoch 117 [0/84843] Loss: 0.537097
Epoch 117 [35000/84843] Loss: 0.395132
Epoch 117 [70000/84843] Loss: 0.497995
Epoch 117 - Avg Loss: 0.432441 | Train Acc: 93.70%
Val: loss=0.3746, acc=10565/10975 (96.26%)
Epoch 118 [0/84843] Loss: 0.332355
Epoch 118 [35000/84843] Loss: 0.471701
Epoch 118 [70000/84843] Loss: 0.597538
Epoch 118 - Avg Loss: 0.430739 | Train Acc: 93.83%
Val: loss=0.3646, acc=10603/10975 (96.61%)
Epoch 119 [0/84843] Loss: 0.326062
Epoch 119 [35000/84843] Loss: 0.588330
Epoch 119 [70000/84843] Loss: 0.378267
Epoch 119 - Avg Loss: 0.431750 | Train Acc: 93.82%
Val: loss=0.3648, acc=10604/10975 (96.62%)
Epoch 120 [0/84843] Loss: 0.384942
Epoch 120 [35000/84843] Loss: 0.406458
Epoch 120 [70000/84843] Loss: 0.481820
Epoch 120 - Avg Loss: 0.427223 | Train Acc: 93.99%
Val: loss=0.3711, acc=10597/10975 (96.56%)
Epoch 121 [0/84843] Loss: 0.382022
Epoch 121 [35000/84843] Loss: 0.419476
Epoch 121 [70000/84843] Loss: 0.345995
Epoch 121 - Avg Loss: 0.432814 | Train Acc: 93.70%
Val: loss=0.3721, acc=10580/10975 (96.40%)
Epoch 122 [0/84843] Loss: 0.367491
Epoch 122 [35000/84843] Loss: 0.457013
Epoch 122 [70000/84843] Loss: 0.377849
Epoch 122 - Avg Loss: 0.430159 | Train Acc: 93.82%
Val: loss=0.3642, acc=10582/10975 (96.42%)
Epoch 123 [0/84843] Loss: 0.385124
Epoch 123 [35000/84843] Loss: 0.321912
Epoch 123 [70000/84843] Loss: 0.637384
Epoch 123 - Avg Loss: 0.430477 | Train Acc: 93.85%
Val: loss=0.3661, acc=10595/10975 (96.54%)
Epoch 124 [0/84843] Loss: 0.471780
Epoch 124 [35000/84843] Loss: 0.350724
Epoch 124 [70000/84843] Loss: 0.446376
Epoch 124 - Avg Loss: 0.428923 | Train Acc: 93.87%
Val: loss=0.3651, acc=10596/10975 (96.55%)
Epoch 125 [0/84843] Loss: 0.364444
Epoch 125 [35000/84843] Loss: 0.375168
Epoch 125 [70000/84843] Loss: 0.453185
Epoch 125 - Avg Loss: 0.429502 | Train Acc: 93.81%
Val: loss=0.3620, acc=10596/10975 (96.55%)
Epoch 126 [0/84843] Loss: 0.392524
Epoch 126 [35000/84843] Loss: 0.344738
Epoch 126 [70000/84843] Loss: 0.472905
Epoch 126 - Avg Loss: 0.430284 | Train Acc: 93.82%
Val: loss=0.3644, acc=10608/10975 (96.66%)
Epoch 127 [0/84843] Loss: 0.492591
Epoch 127 [35000/84843] Loss: 0.427353
Epoch 127 [70000/84843] Loss: 0.480258
Epoch 127 - Avg Loss: 0.432583 | Train Acc: 93.70%
Val: loss=0.3589, acc=10625/10975 (96.81%)
saved best: 96.81%
Epoch 128 [0/84843] Loss: 0.469228
Epoch 128 [35000/84843] Loss: 0.378999
Epoch 128 [70000/84843] Loss: 0.429483
Epoch 128 - Avg Loss: 0.428421 | Train Acc: 93.96%
Val: loss=0.3637, acc=10614/10975 (96.71%)
Epoch 129 [0/84843] Loss: 0.431146
Epoch 129 [35000/84843] Loss: 0.486951
Epoch 129 [70000/84843] Loss: 0.558437
Epoch 129 - Avg Loss: 0.432006 | Train Acc: 93.75%
Val: loss=0.3637, acc=10613/10975 (96.70%)
Epoch 130 [0/84843] Loss: 0.491281
Epoch 130 [35000/84843] Loss: 0.412757
Epoch 130 [70000/84843] Loss: 0.326399
Epoch 130 - Avg Loss: 0.427066 | Train Acc: 93.96%
Val: loss=0.3703, acc=10584/10975 (96.44%)
Epoch 131 [0/84843] Loss: 0.464505
Epoch 131 [35000/84843] Loss: 0.362613
Epoch 131 [70000/84843] Loss: 0.445875
Epoch 131 - Avg Loss: 0.429077 | Train Acc: 93.92%
Val: loss=0.3598, acc=10621/10975 (96.77%)
Epoch 132 [0/84843] Loss: 0.469874
Epoch 132 [35000/84843] Loss: 0.411507
Epoch 132 [70000/84843] Loss: 0.487254
Epoch 132 - Avg Loss: 0.428014 | Train Acc: 93.91%
Val: loss=0.3730, acc=10575/10975 (96.36%)
Epoch 133 [0/84843] Loss: 0.376947
Epoch 133 [35000/84843] Loss: 0.373039
Epoch 133 [70000/84843] Loss: 0.503999
Epoch 133 - Avg Loss: 0.427031 | Train Acc: 94.01%
Val: loss=0.3815, acc=10546/10975 (96.09%)
Epoch 134 [0/84843] Loss: 0.443781
Epoch 134 [35000/84843] Loss: 0.353682
Epoch 134 [70000/84843] Loss: 0.549153
Epoch 134 - Avg Loss: 0.428928 | Train Acc: 93.86%
Val: loss=0.3604, acc=10621/10975 (96.77%)
Epoch 135 [0/84843] Loss: 0.403315
Epoch 135 [35000/84843] Loss: 0.525129
Epoch 135 [70000/84843] Loss: 0.396312
Epoch 135 - Avg Loss: 0.426553 | Train Acc: 93.95%
Val: loss=0.3618, acc=10610/10975 (96.67%)
Epoch 136 [0/84843] Loss: 0.394617
Epoch 136 [35000/84843] Loss: 0.588887
Epoch 136 [70000/84843] Loss: 0.490095
Epoch 136 - Avg Loss: 0.428462 | Train Acc: 93.89%
Val: loss=0.3629, acc=10616/10975 (96.73%)
Epoch 137 [0/84843] Loss: 0.382181
Epoch 137 [35000/84843] Loss: 0.394505
Epoch 137 [70000/84843] Loss: 0.619843
Epoch 137 - Avg Loss: 0.428951 | Train Acc: 93.89%
Val: loss=0.3650, acc=10612/10975 (96.69%)
Epoch 138 [0/84843] Loss: 0.393534
Epoch 138 [35000/84843] Loss: 0.658639
Epoch 138 [70000/84843] Loss: 0.452891
Epoch 138 - Avg Loss: 0.427215 | Train Acc: 93.92%
Val: loss=0.3668, acc=10582/10975 (96.42%)
Epoch 139 [0/84843] Loss: 0.393275
Epoch 139 [35000/84843] Loss: 0.472870
Epoch 139 [70000/84843] Loss: 0.414783
Epoch 139 - Avg Loss: 0.426480 | Train Acc: 94.02%
Val: loss=0.3677, acc=10576/10975 (96.36%)
Epoch 140 [0/84843] Loss: 0.460089
Epoch 140 [35000/84843] Loss: 0.419480
Epoch 140 [70000/84843] Loss: 0.569020
Epoch 140 - Avg Loss: 0.426097 | Train Acc: 93.97%
Val: loss=0.3606, acc=10618/10975 (96.75%)
Epoch 141 [0/84843] Loss: 0.391148
Epoch 141 [35000/84843] Loss: 0.415172
Epoch 141 [70000/84843] Loss: 0.412893
Epoch 141 - Avg Loss: 0.425317 | Train Acc: 94.03%
Val: loss=0.3673, acc=10588/10975 (96.47%)
Epoch 142 [0/84843] Loss: 0.388520
Epoch 142 [35000/84843] Loss: 0.372721
Epoch 142 [70000/84843] Loss: 0.407341
Epoch 142 - Avg Loss: 0.426439 | Train Acc: 93.96%
Val: loss=0.3581, acc=10599/10975 (96.57%)
Epoch 143 [0/84843] Loss: 0.408011
Epoch 143 [35000/84843] Loss: 0.512434
Epoch 143 [70000/84843] Loss: 0.346992
Epoch 143 - Avg Loss: 0.423780 | Train Acc: 94.01%
Val: loss=0.3592, acc=10628/10975 (96.84%)
saved best: 96.84%
Epoch 144 [0/84843] Loss: 0.525478
Epoch 144 [35000/84843] Loss: 0.449393
Epoch 144 [70000/84843] Loss: 0.542948
Epoch 144 - Avg Loss: 0.422061 | Train Acc: 94.10%
Val: loss=0.3563, acc=10630/10975 (96.86%)
saved best: 96.86%
Epoch 145 [0/84843] Loss: 0.376771
Epoch 145 [35000/84843] Loss: 0.498469
Epoch 145 [70000/84843] Loss: 0.409791
Epoch 145 - Avg Loss: 0.426022 | Train Acc: 94.03%
Val: loss=0.3660, acc=10603/10975 (96.61%)
Epoch 146 [0/84843] Loss: 0.389442
Epoch 146 [35000/84843] Loss: 0.398791
Epoch 146 [70000/84843] Loss: 0.385010
Epoch 146 - Avg Loss: 0.425061 | Train Acc: 94.02%
Val: loss=0.3637, acc=10607/10975 (96.65%)
Epoch 147 [0/84843] Loss: 0.348789
Epoch 147 [35000/84843] Loss: 0.340072
Epoch 147 [70000/84843] Loss: 0.420551
Epoch 147 - Avg Loss: 0.426152 | Train Acc: 93.97%
Val: loss=0.3563, acc=10625/10975 (96.81%)
Epoch 148 [0/84843] Loss: 0.360803
Epoch 148 [35000/84843] Loss: 0.402510
Epoch 148 [70000/84843] Loss: 0.386446
Epoch 148 - Avg Loss: 0.423607 | Train Acc: 94.04%
Val: loss=0.3755, acc=10575/10975 (96.36%)
Epoch 149 [0/84843] Loss: 0.458170
Epoch 149 [35000/84843] Loss: 0.453786
Epoch 149 [70000/84843] Loss: 0.424424
Epoch 149 - Avg Loss: 0.425930 | Train Acc: 93.94%
Val: loss=0.3569, acc=10626/10975 (96.82%)
Epoch 150 [0/84843] Loss: 0.445420
Epoch 150 [35000/84843] Loss: 0.553313
Epoch 150 [70000/84843] Loss: 0.366051
Epoch 150 - Avg Loss: 0.424326 | Train Acc: 94.07%
Val: loss=0.3648, acc=10599/10975 (96.57%)
Epoch 151 [0/84843] Loss: 0.422791
Epoch 151 [35000/84843] Loss: 0.311365
Epoch 151 [70000/84843] Loss: 0.405249
Epoch 151 - Avg Loss: 0.421620 | Train Acc: 94.11%
Val: loss=0.3601, acc=10615/10975 (96.72%)
Epoch 152 [0/84843] Loss: 0.474249
Epoch 152 [35000/84843] Loss: 0.351284
Epoch 152 [70000/84843] Loss: 0.375611
Epoch 152 - Avg Loss: 0.427302 | Train Acc: 93.90%
Val: loss=0.3585, acc=10628/10975 (96.84%)
Epoch 153 [0/84843] Loss: 0.426018
Epoch 153 [35000/84843] Loss: 0.331083
Epoch 153 [70000/84843] Loss: 0.400259
Epoch 153 - Avg Loss: 0.422195 | Train Acc: 94.07%
Val: loss=0.3600, acc=10623/10975 (96.79%)
Epoch 154 [0/84843] Loss: 0.468837
Epoch 154 [35000/84843] Loss: 0.487965
Epoch 154 [70000/84843] Loss: 0.334289
Epoch 154 - Avg Loss: 0.423809 | Train Acc: 94.07%
Val: loss=0.3572, acc=10620/10975 (96.77%)
Epoch 155 [0/84843] Loss: 0.521572
Epoch 155 [35000/84843] Loss: 0.424719
Epoch 155 [70000/84843] Loss: 0.392341
Epoch 155 - Avg Loss: 0.420986 | Train Acc: 94.18%
Val: loss=0.3611, acc=10620/10975 (96.77%)
Epoch 156 [0/84843] Loss: 0.471151
Epoch 156 [35000/84843] Loss: 0.398621
Epoch 156 [70000/84843] Loss: 0.514852
Epoch 156 - Avg Loss: 0.423104 | Train Acc: 94.15%
Val: loss=0.3591, acc=10609/10975 (96.67%)
Epoch 157 [0/84843] Loss: 0.400366
Epoch 157 [35000/84843] Loss: 0.417222
Epoch 157 [70000/84843] Loss: 0.427424
Epoch 157 - Avg Loss: 0.421677 | Train Acc: 94.09%
Val: loss=0.3606, acc=10612/10975 (96.69%)
Epoch 158 [0/84843] Loss: 0.315360
Epoch 158 [35000/84843] Loss: 0.335957
Epoch 158 [70000/84843] Loss: 0.506647
Epoch 158 - Avg Loss: 0.421687 | Train Acc: 94.16%
Val: loss=0.3680, acc=10598/10975 (96.56%)
Epoch 159 [0/84843] Loss: 0.453023
Epoch 159 [35000/84843] Loss: 0.357866
Epoch 159 [70000/84843] Loss: 0.461796
Epoch 159 - Avg Loss: 0.421459 | Train Acc: 94.14%
Val: loss=0.3629, acc=10598/10975 (96.56%)
Epoch 160 [0/84843] Loss: 0.379175
Epoch 160 [35000/84843] Loss: 0.406332
Epoch 160 [70000/84843] Loss: 0.347496
Epoch 160 - Avg Loss: 0.419725 | Train Acc: 94.22%
Val: loss=0.3708, acc=10568/10975 (96.29%)
Epoch 161 [0/84843] Loss: 0.379210
Epoch 161 [35000/84843] Loss: 0.368972
Epoch 161 [70000/84843] Loss: 0.329484
Epoch 161 - Avg Loss: 0.420521 | Train Acc: 94.16%
Val: loss=0.3573, acc=10617/10975 (96.74%)
Epoch 162 [0/84843] Loss: 0.465588
Epoch 162 [35000/84843] Loss: 0.457121
Epoch 162 [70000/84843] Loss: 0.378249
Epoch 162 - Avg Loss: 0.420122 | Train Acc: 94.23%
Val: loss=0.3632, acc=10611/10975 (96.68%)
Epoch 163 [0/84843] Loss: 0.365472
Epoch 163 [35000/84843] Loss: 0.404735
Epoch 163 [70000/84843] Loss: 0.404820
Epoch 163 - Avg Loss: 0.422785 | Train Acc: 94.13%
Val: loss=0.3618, acc=10607/10975 (96.65%)
Epoch 164 [0/84843] Loss: 0.416337
Epoch 164 [35000/84843] Loss: 0.503942
Epoch 164 [70000/84843] Loss: 0.473975
Epoch 164 - Avg Loss: 0.420313 | Train Acc: 94.11%
Val: loss=0.3565, acc=10620/10975 (96.77%)
Epoch 165 [0/84843] Loss: 0.656644
Epoch 165 [35000/84843] Loss: 0.511847
Epoch 165 [70000/84843] Loss: 0.408028
Epoch 165 - Avg Loss: 0.422253 | Train Acc: 94.11%
Val: loss=0.3623, acc=10612/10975 (96.69%)
Epoch 166 [0/84843] Loss: 0.471469
Epoch 166 [35000/84843] Loss: 0.437741
Epoch 166 [70000/84843] Loss: 0.383627
Epoch 166 - Avg Loss: 0.422417 | Train Acc: 94.03%
Val: loss=0.3598, acc=10611/10975 (96.68%)
Epoch 167 [0/84843] Loss: 0.366071
Epoch 167 [35000/84843] Loss: 0.440950
Epoch 167 [70000/84843] Loss: 0.391222
Epoch 167 - Avg Loss: 0.419461 | Train Acc: 94.27%
Val: loss=0.3676, acc=10593/10975 (96.52%)
Epoch 168 [0/84843] Loss: 0.497831
Epoch 168 [35000/84843] Loss: 0.487509
Epoch 168 [70000/84843] Loss: 0.410184
Epoch 168 - Avg Loss: 0.420258 | Train Acc: 94.21%
Val: loss=0.3606, acc=10602/10975 (96.60%)
Epoch 169 [0/84843] Loss: 0.343749
Epoch 169 [35000/84843] Loss: 0.620898
Epoch 169 [70000/84843] Loss: 0.484299
Epoch 169 - Avg Loss: 0.419438 | Train Acc: 94.17%
Val: loss=0.3590, acc=10616/10975 (96.73%)
Epoch 170 [0/84843] Loss: 0.339587
Epoch 170 [35000/84843] Loss: 0.457065
Epoch 170 [70000/84843] Loss: 0.579864
Epoch 170 - Avg Loss: 0.418438 | Train Acc: 94.28%
Val: loss=0.3572, acc=10635/10975 (96.90%)
saved best: 96.90%
Epoch 171 [0/84843] Loss: 0.372858
Epoch 171 [35000/84843] Loss: 0.496775
Epoch 171 [70000/84843] Loss: 0.442233
Epoch 171 - Avg Loss: 0.416219 | Train Acc: 94.38%
Val: loss=0.3595, acc=10624/10975 (96.80%)
Epoch 172 [0/84843] Loss: 0.436388
Epoch 172 [35000/84843] Loss: 0.427713
Epoch 172 [70000/84843] Loss: 0.360641
Epoch 172 - Avg Loss: 0.416756 | Train Acc: 94.31%
Val: loss=0.3582, acc=10628/10975 (96.84%)
Epoch 173 [0/84843] Loss: 0.348258
Epoch 173 [35000/84843] Loss: 0.414242
Epoch 173 [70000/84843] Loss: 0.367346
Epoch 173 - Avg Loss: 0.419060 | Train Acc: 94.26%
Val: loss=0.3553, acc=10621/10975 (96.77%)
Epoch 174 [0/84843] Loss: 0.513181
Epoch 174 [35000/84843] Loss: 0.368599
Epoch 174 [70000/84843] Loss: 0.347268
Epoch 174 - Avg Loss: 0.416675 | Train Acc: 94.41%
Val: loss=0.3607, acc=10618/10975 (96.75%)
Epoch 175 [0/84843] Loss: 0.349854
Epoch 175 [35000/84843] Loss: 0.501972
Epoch 175 [70000/84843] Loss: 0.462753
Epoch 175 - Avg Loss: 0.416570 | Train Acc: 94.24%
Val: loss=0.3549, acc=10631/10975 (96.87%)
Epoch 176 [0/84843] Loss: 0.449775
Epoch 176 [35000/84843] Loss: 0.462323
Epoch 176 [70000/84843] Loss: 0.398112
Epoch 176 - Avg Loss: 0.418346 | Train Acc: 94.21%
Val: loss=0.3520, acc=10651/10975 (97.05%)
saved best: 97.05%
Epoch 177 [0/84843] Loss: 0.347900
Epoch 177 [35000/84843] Loss: 0.394244
Epoch 177 [70000/84843] Loss: 0.673909
Epoch 177 - Avg Loss: 0.418542 | Train Acc: 94.26%
Val: loss=0.3581, acc=10639/10975 (96.94%)
Epoch 178 [0/84843] Loss: 0.412789
Epoch 178 [35000/84843] Loss: 0.338353
Epoch 178 [70000/84843] Loss: 0.473468
Epoch 178 - Avg Loss: 0.416420 | Train Acc: 94.39%
Val: loss=0.3550, acc=10626/10975 (96.82%)
Epoch 179 [0/84843] Loss: 0.353125
Epoch 179 [35000/84843] Loss: 0.432994
Epoch 179 [70000/84843] Loss: 0.396244
Epoch 179 - Avg Loss: 0.415210 | Train Acc: 94.38%
Val: loss=0.3618, acc=10604/10975 (96.62%)
Epoch 180 [0/84843] Loss: 0.367442
Epoch 180 [35000/84843] Loss: 0.361843
Epoch 180 [70000/84843] Loss: 0.427663
Epoch 180 - Avg Loss: 0.417850 | Train Acc: 94.30%
Val: loss=0.3594, acc=10625/10975 (96.81%)
Epoch 181 [0/84843] Loss: 0.519822
Epoch 181 [35000/84843] Loss: 0.322064
Epoch 181 [70000/84843] Loss: 0.354625
Epoch 181 - Avg Loss: 0.416615 | Train Acc: 94.27%
Val: loss=0.3579, acc=10634/10975 (96.89%)
Epoch 182 [0/84843] Loss: 0.466551
Epoch 182 [35000/84843] Loss: 0.342087
Epoch 182 [70000/84843] Loss: 0.360620
Epoch 182 - Avg Loss: 0.415872 | Train Acc: 94.34%
Val: loss=0.3561, acc=10625/10975 (96.81%)
Epoch 183 [0/84843] Loss: 0.406415
Epoch 183 [35000/84843] Loss: 0.407798
Epoch 183 [70000/84843] Loss: 0.339111
Epoch 183 - Avg Loss: 0.414311 | Train Acc: 94.41%
Val: loss=0.3530, acc=10641/10975 (96.96%)
Epoch 184 [0/84843] Loss: 0.411426
Epoch 184 [35000/84843] Loss: 0.379616
Epoch 184 [70000/84843] Loss: 0.341338
Epoch 184 - Avg Loss: 0.415553 | Train Acc: 94.42%
Val: loss=0.3544, acc=10642/10975 (96.97%)
Epoch 185 [0/84843] Loss: 0.586702
Epoch 185 [35000/84843] Loss: 0.506198
Epoch 185 [70000/84843] Loss: 0.378335
Epoch 185 - Avg Loss: 0.411365 | Train Acc: 94.51%
Val: loss=0.3577, acc=10627/10975 (96.83%)
Epoch 186 [0/84843] Loss: 0.487111
Epoch 186 [35000/84843] Loss: 0.381481
Epoch 186 [70000/84843] Loss: 0.498973
Epoch 186 - Avg Loss: 0.413904 | Train Acc: 94.44%
Val: loss=0.3580, acc=10612/10975 (96.69%)
Epoch 187 [0/84843] Loss: 0.369011
Epoch 187 [35000/84843] Loss: 0.500292
Epoch 187 [70000/84843] Loss: 0.423396
Epoch 187 - Avg Loss: 0.414463 | Train Acc: 94.38%
Val: loss=0.3546, acc=10634/10975 (96.89%)
Epoch 188 [0/84843] Loss: 0.497109
Epoch 188 [35000/84843] Loss: 0.431512
Epoch 188 [70000/84843] Loss: 0.389874
Epoch 188 - Avg Loss: 0.413708 | Train Acc: 94.41%
Val: loss=0.3575, acc=10629/10975 (96.85%)
Epoch 189 [0/84843] Loss: 0.370123
Epoch 189 [35000/84843] Loss: 0.410384
Epoch 189 [70000/84843] Loss: 0.358673
Epoch 189 - Avg Loss: 0.413209 | Train Acc: 94.41%
Val: loss=0.3546, acc=10632/10975 (96.87%)
Epoch 190 [0/84843] Loss: 0.446747
Epoch 190 [35000/84843] Loss: 0.495142
Epoch 190 [70000/84843] Loss: 0.447590
Epoch 190 - Avg Loss: 0.415116 | Train Acc: 94.48%
Val: loss=0.3526, acc=10625/10975 (96.81%)
Epoch 191 [0/84843] Loss: 0.447205
Epoch 191 [35000/84843] Loss: 0.479451
Epoch 191 [70000/84843] Loss: 0.341870
Epoch 191 - Avg Loss: 0.412059 | Train Acc: 94.50%
Val: loss=0.3532, acc=10637/10975 (96.92%)
Epoch 192 [0/84843] Loss: 0.386147
Epoch 192 [35000/84843] Loss: 0.362086
Epoch 192 [70000/84843] Loss: 0.407823
Epoch 192 - Avg Loss: 0.416327 | Train Acc: 94.32%
Val: loss=0.3618, acc=10598/10975 (96.56%)
Epoch 193 [0/84843] Loss: 0.513221
Epoch 193 [35000/84843] Loss: 0.381987
Epoch 193 [70000/84843] Loss: 0.322991
Epoch 193 - Avg Loss: 0.413390 | Train Acc: 94.47%
Val: loss=0.3572, acc=10625/10975 (96.81%)
Epoch 194 [0/84843] Loss: 0.392781
Epoch 194 [35000/84843] Loss: 0.363489
Epoch 194 [70000/84843] Loss: 0.420290
Epoch 194 - Avg Loss: 0.415171 | Train Acc: 94.40%
Val: loss=0.3567, acc=10634/10975 (96.89%)
Epoch 195 [0/84843] Loss: 0.333345
Epoch 195 [35000/84843] Loss: 0.564511
Epoch 195 [70000/84843] Loss: 0.482437
Epoch 195 - Avg Loss: 0.412584 | Train Acc: 94.53%
Val: loss=0.3562, acc=10628/10975 (96.84%)
Epoch 196 [0/84843] Loss: 0.428916
Epoch 196 [35000/84843] Loss: 0.365815
Epoch 196 [70000/84843] Loss: 0.377519
Epoch 196 - Avg Loss: 0.412297 | Train Acc: 94.48%
Val: loss=0.3525, acc=10651/10975 (97.05%)
Epoch 197 [0/84843] Loss: 0.479850
Epoch 197 [35000/84843] Loss: 0.351395
Epoch 197 [70000/84843] Loss: 0.439279
Epoch 197 - Avg Loss: 0.411056 | Train Acc: 94.59%
Val: loss=0.3561, acc=10634/10975 (96.89%)
Epoch 198 [0/84843] Loss: 0.363725
Epoch 198 [35000/84843] Loss: 0.384851
Epoch 198 [70000/84843] Loss: 0.441864
Epoch 198 - Avg Loss: 0.409375 | Train Acc: 94.60%
Val: loss=0.3575, acc=10628/10975 (96.84%)
Epoch 199 [0/84843] Loss: 0.591789
Epoch 199 [35000/84843] Loss: 0.461665
Epoch 199 [70000/84843] Loss: 0.402471
Epoch 199 - Avg Loss: 0.412462 | Train Acc: 94.51%
Val: loss=0.3546, acc=10646/10975 (97.00%)
Epoch 200 [0/84843] Loss: 0.472921
Epoch 200 [35000/84843] Loss: 0.395909
Epoch 200 [70000/84843] Loss: 0.412092
Epoch 200 - Avg Loss: 0.412444 | Train Acc: 94.53%
Val: loss=0.3483, acc=10657/10975 (97.10%)
saved best: 97.10%
Epoch 201 [0/84843] Loss: 0.319934
Epoch 201 [35000/84843] Loss: 0.356487
Epoch 201 [70000/84843] Loss: 0.343671
Epoch 201 - Avg Loss: 0.412748 | Train Acc: 94.47%
Val: loss=0.3493, acc=10657/10975 (97.10%)
Epoch 202 [0/84843] Loss: 0.377289
Epoch 202 [35000/84843] Loss: 0.381980
Epoch 202 [70000/84843] Loss: 0.450604
Epoch 202 - Avg Loss: 0.415381 | Train Acc: 94.38%
Val: loss=0.3522, acc=10649/10975 (97.03%)
Epoch 203 [0/84843] Loss: 0.340223
Epoch 203 [35000/84843] Loss: 0.408905
Epoch 203 [70000/84843] Loss: 0.489481
Epoch 203 - Avg Loss: 0.408114 | Train Acc: 94.62%
Val: loss=0.3538, acc=10631/10975 (96.87%)
Epoch 204 [0/84843] Loss: 0.445778
Epoch 204 [35000/84843] Loss: 0.560300
Epoch 204 [70000/84843] Loss: 0.459435
Epoch 204 - Avg Loss: 0.411106 | Train Acc: 94.50%
Val: loss=0.3504, acc=10656/10975 (97.09%)
Epoch 205 [0/84843] Loss: 0.380698
Epoch 205 [35000/84843] Loss: 0.450531
Epoch 205 [70000/84843] Loss: 0.408627
Epoch 205 - Avg Loss: 0.413236 | Train Acc: 94.47%
Val: loss=0.3563, acc=10622/10975 (96.78%)
Epoch 206 [0/84843] Loss: 0.348777
Epoch 206 [35000/84843] Loss: 0.461596
Epoch 206 [70000/84843] Loss: 0.394816
Epoch 206 - Avg Loss: 0.409344 | Train Acc: 94.62%
Val: loss=0.3503, acc=10655/10975 (97.08%)
Epoch 207 [0/84843] Loss: 0.407728
Epoch 207 [35000/84843] Loss: 0.408944
Epoch 207 [70000/84843] Loss: 0.536581
Epoch 207 - Avg Loss: 0.410117 | Train Acc: 94.54%
Val: loss=0.3545, acc=10626/10975 (96.82%)
Epoch 208 [0/84843] Loss: 0.464613
Epoch 208 [35000/84843] Loss: 0.440574
Epoch 208 [70000/84843] Loss: 0.383164
Epoch 208 - Avg Loss: 0.412184 | Train Acc: 94.51%
Val: loss=0.3539, acc=10636/10975 (96.91%)
Epoch 209 [0/84843] Loss: 0.401896
Epoch 209 [35000/84843] Loss: 0.469373
Epoch 209 [70000/84843] Loss: 0.316552
Epoch 209 - Avg Loss: 0.410256 | Train Acc: 94.60%
Val: loss=0.3533, acc=10636/10975 (96.91%)
Epoch 210 [0/84843] Loss: 0.520719
Epoch 210 [35000/84843] Loss: 0.375696
Epoch 210 [70000/84843] Loss: 0.379892
Epoch 210 - Avg Loss: 0.410754 | Train Acc: 94.59%
Val: loss=0.3464, acc=10671/10975 (97.23%)
saved best: 97.23%
Epoch 211 [0/84843] Loss: 0.416097
Epoch 211 [35000/84843] Loss: 0.518582
Epoch 211 [70000/84843] Loss: 0.552545
Epoch 211 - Avg Loss: 0.409121 | Train Acc: 94.61%
Val: loss=0.3608, acc=10620/10975 (96.77%)
Epoch 212 [0/84843] Loss: 0.512786
Epoch 212 [35000/84843] Loss: 0.330428
Epoch 212 [70000/84843] Loss: 0.404255
Epoch 212 - Avg Loss: 0.407407 | Train Acc: 94.69%
Val: loss=0.3601, acc=10607/10975 (96.65%)
Epoch 213 [0/84843] Loss: 0.354673
Epoch 213 [35000/84843] Loss: 0.512164
Epoch 213 [70000/84843] Loss: 0.519977
Epoch 213 - Avg Loss: 0.411393 | Train Acc: 94.56%
Val: loss=0.3499, acc=10661/10975 (97.14%)
Epoch 214 [0/84843] Loss: 0.438325
Epoch 214 [35000/84843] Loss: 0.320519
Epoch 214 [70000/84843] Loss: 0.435369
Epoch 214 - Avg Loss: 0.410671 | Train Acc: 94.57%
Val: loss=0.3564, acc=10644/10975 (96.98%)
Epoch 215 [0/84843] Loss: 0.444847
Epoch 215 [35000/84843] Loss: 0.438324
Epoch 215 [70000/84843] Loss: 0.287092
Epoch 215 - Avg Loss: 0.409957 | Train Acc: 94.63%
Val: loss=0.3464, acc=10674/10975 (97.26%)
saved best: 97.26%
Epoch 216 [0/84843] Loss: 0.370910
Epoch 216 [35000/84843] Loss: 0.443279
Epoch 216 [70000/84843] Loss: 0.383627
Epoch 216 - Avg Loss: 0.408129 | Train Acc: 94.63%
Val: loss=0.3501, acc=10655/10975 (97.08%)
Epoch 217 [0/84843] Loss: 0.308733
Epoch 217 [35000/84843] Loss: 0.340670
Epoch 217 [70000/84843] Loss: 0.331488
Epoch 217 - Avg Loss: 0.407975 | Train Acc: 94.66%
Val: loss=0.3534, acc=10649/10975 (97.03%)
Epoch 218 [0/84843] Loss: 0.467584
Epoch 218 [35000/84843] Loss: 0.487470
Epoch 218 [70000/84843] Loss: 0.463002
Epoch 218 - Avg Loss: 0.410571 | Train Acc: 94.55%
Val: loss=0.3510, acc=10646/10975 (97.00%)
Epoch 219 [0/84843] Loss: 0.422952
Epoch 219 [35000/84843] Loss: 0.551139
Epoch 219 [70000/84843] Loss: 0.381419
Epoch 219 - Avg Loss: 0.404684 | Train Acc: 94.79%
Val: loss=0.3509, acc=10665/10975 (97.18%)
Epoch 220 [0/84843] Loss: 0.486933
Epoch 220 [35000/84843] Loss: 0.383232
Epoch 220 [70000/84843] Loss: 0.398142
Epoch 220 - Avg Loss: 0.408453 | Train Acc: 94.63%
Val: loss=0.3486, acc=10668/10975 (97.20%)
Epoch 221 [0/84843] Loss: 0.475370
Epoch 221 [35000/84843] Loss: 0.367950
Epoch 221 [70000/84843] Loss: 0.379155
Epoch 221 - Avg Loss: 0.408413 | Train Acc: 94.73%
Val: loss=0.3521, acc=10645/10975 (96.99%)
Epoch 222 [0/84843] Loss: 0.354669
Epoch 222 [35000/84843] Loss: 0.436979
Epoch 222 [70000/84843] Loss: 0.414151
Epoch 222 - Avg Loss: 0.407739 | Train Acc: 94.61%
Val: loss=0.3537, acc=10645/10975 (96.99%)
Epoch 223 [0/84843] Loss: 0.439588
Epoch 223 [35000/84843] Loss: 0.340985
Epoch 223 [70000/84843] Loss: 0.360896
Epoch 223 - Avg Loss: 0.407519 | Train Acc: 94.69%
Val: loss=0.3517, acc=10651/10975 (97.05%)
Epoch 224 [0/84843] Loss: 0.330054
Epoch 224 [35000/84843] Loss: 0.423096
Epoch 224 [70000/84843] Loss: 0.296825
Epoch 224 - Avg Loss: 0.406171 | Train Acc: 94.77%
Val: loss=0.3515, acc=10640/10975 (96.95%)
Epoch 225 [0/84843] Loss: 0.430192
Epoch 225 [35000/84843] Loss: 0.336606
Epoch 225 [70000/84843] Loss: 0.439004
Epoch 225 - Avg Loss: 0.407704 | Train Acc: 94.67%
Val: loss=0.3490, acc=10665/10975 (97.18%)
Epoch 226 [0/84843] Loss: 0.347356
Epoch 226 [35000/84843] Loss: 0.418045
Epoch 226 [70000/84843] Loss: 0.492654
Epoch 226 - Avg Loss: 0.407487 | Train Acc: 94.74%
Val: loss=0.3520, acc=10650/10975 (97.04%)
Epoch 227 [0/84843] Loss: 0.339213
Epoch 227 [35000/84843] Loss: 0.390799
Epoch 227 [70000/84843] Loss: 0.378946
Epoch 227 - Avg Loss: 0.409693 | Train Acc: 94.62%
Val: loss=0.3480, acc=10660/10975 (97.13%)
Epoch 228 [0/84843] Loss: 0.395511
Epoch 228 [35000/84843] Loss: 0.425001
Epoch 228 [70000/84843] Loss: 0.392263
Epoch 228 - Avg Loss: 0.405328 | Train Acc: 94.81%
Val: loss=0.3521, acc=10653/10975 (97.07%)
Epoch 229 [0/84843] Loss: 0.496008
Epoch 229 [35000/84843] Loss: 0.349481
Epoch 229 [70000/84843] Loss: 0.421761
Epoch 229 - Avg Loss: 0.404792 | Train Acc: 94.78%
Val: loss=0.3520, acc=10638/10975 (96.93%)
Epoch 230 [0/84843] Loss: 0.505124
Epoch 230 [35000/84843] Loss: 0.579603
Epoch 230 [70000/84843] Loss: 0.504685
Epoch 230 - Avg Loss: 0.408319 | Train Acc: 94.59%
Val: loss=0.3510, acc=10663/10975 (97.16%)
Epoch 231 [0/84843] Loss: 0.313723
Epoch 231 [35000/84843] Loss: 0.444210
Epoch 231 [70000/84843] Loss: 0.345859
Epoch 231 - Avg Loss: 0.405100 | Train Acc: 94.82%
Val: loss=0.3514, acc=10642/10975 (96.97%)
Epoch 232 [0/84843] Loss: 0.368718
Epoch 232 [35000/84843] Loss: 0.390882
Epoch 232 [70000/84843] Loss: 0.478427
Epoch 232 - Avg Loss: 0.408168 | Train Acc: 94.67%
Val: loss=0.3537, acc=10638/10975 (96.93%)
Epoch 233 [0/84843] Loss: 0.475112
Epoch 233 [35000/84843] Loss: 0.404242
Epoch 233 [70000/84843] Loss: 0.435224
Epoch 233 - Avg Loss: 0.405352 | Train Acc: 94.75%
Val: loss=0.3509, acc=10647/10975 (97.01%)
Epoch 234 [0/84843] Loss: 0.575971
Epoch 234 [35000/84843] Loss: 0.378352
Epoch 234 [70000/84843] Loss: 0.443741
Epoch 234 - Avg Loss: 0.406048 | Train Acc: 94.70%
Val: loss=0.3513, acc=10656/10975 (97.09%)
Epoch 235 [0/84843] Loss: 0.311733
Epoch 235 [35000/84843] Loss: 0.467282
Epoch 235 [70000/84843] Loss: 0.414764
Epoch 235 - Avg Loss: 0.406370 | Train Acc: 94.75%
Val: loss=0.3532, acc=10655/10975 (97.08%)
Epoch 236 [0/84843] Loss: 0.435903
Epoch 236 [35000/84843] Loss: 0.393584
Epoch 236 [70000/84843] Loss: 0.390880
Epoch 236 - Avg Loss: 0.405453 | Train Acc: 94.74%
Val: loss=0.3504, acc=10659/10975 (97.12%)
Epoch 237 [0/84843] Loss: 0.467434
Epoch 237 [35000/84843] Loss: 0.441583
Epoch 237 [70000/84843] Loss: 0.551706
Epoch 237 - Avg Loss: 0.403258 | Train Acc: 94.89%
Val: loss=0.3471, acc=10670/10975 (97.22%)
Epoch 238 [0/84843] Loss: 0.372771
Epoch 238 [35000/84843] Loss: 0.422361
Epoch 238 [70000/84843] Loss: 0.418870
Epoch 238 - Avg Loss: 0.404942 | Train Acc: 94.79%
Val: loss=0.3479, acc=10660/10975 (97.13%)
Epoch 239 [0/84843] Loss: 0.680964
Epoch 239 [35000/84843] Loss: 0.481153
Epoch 239 [70000/84843] Loss: 0.352419
Epoch 239 - Avg Loss: 0.405263 | Train Acc: 94.77%
Val: loss=0.3503, acc=10654/10975 (97.08%)
Epoch 240 [0/84843] Loss: 0.487268
Epoch 240 [35000/84843] Loss: 0.337067
Epoch 240 [70000/84843] Loss: 0.449857
Epoch 240 - Avg Loss: 0.403484 | Train Acc: 94.82%
Val: loss=0.3500, acc=10658/10975 (97.11%)
Epoch 241 [0/84843] Loss: 0.394139
Epoch 241 [35000/84843] Loss: 0.482288
Epoch 241 [70000/84843] Loss: 0.345338
Epoch 241 - Avg Loss: 0.401973 | Train Acc: 94.88%
Val: loss=0.3473, acc=10656/10975 (97.09%)
Epoch 242 [0/84843] Loss: 0.420497
Epoch 242 [35000/84843] Loss: 0.433479
Epoch 242 [70000/84843] Loss: 0.466803
Epoch 242 - Avg Loss: 0.404742 | Train Acc: 94.74%
Val: loss=0.3511, acc=10658/10975 (97.11%)
Epoch 243 [0/84843] Loss: 0.537491
Epoch 243 [35000/84843] Loss: 0.426450
Epoch 243 [70000/84843] Loss: 0.332556
Epoch 243 - Avg Loss: 0.402566 | Train Acc: 94.88%
Val: loss=0.3497, acc=10659/10975 (97.12%)
Epoch 244 [0/84843] Loss: 0.337159
Epoch 244 [35000/84843] Loss: 0.458539
Epoch 244 [70000/84843] Loss: 0.429572
Epoch 244 - Avg Loss: 0.403471 | Train Acc: 94.81%
Val: loss=0.3472, acc=10686/10975 (97.37%)
saved best: 97.37%
Epoch 245 [0/84843] Loss: 0.389154
Epoch 245 [35000/84843] Loss: 0.474481
Epoch 245 [70000/84843] Loss: 0.517947
Epoch 245 - Avg Loss: 0.404716 | Train Acc: 94.79%
Val: loss=0.3508, acc=10661/10975 (97.14%)
Epoch 246 [0/84843] Loss: 0.399935
Epoch 246 [35000/84843] Loss: 0.376283
Epoch 246 [70000/84843] Loss: 0.431473
Epoch 246 - Avg Loss: 0.402773 | Train Acc: 94.83%
Val: loss=0.3460, acc=10681/10975 (97.32%)
Epoch 247 [0/84843] Loss: 0.555433
Epoch 247 [35000/84843] Loss: 0.345366
Epoch 247 [70000/84843] Loss: 0.377053
Epoch 247 - Avg Loss: 0.404567 | Train Acc: 94.80%
Val: loss=0.3465, acc=10669/10975 (97.21%)
Epoch 248 [0/84843] Loss: 0.392388
Epoch 248 [35000/84843] Loss: 0.442824
Epoch 248 [70000/84843] Loss: 0.324380
Epoch 248 - Avg Loss: 0.406282 | Train Acc: 94.76%
Val: loss=0.3510, acc=10662/10975 (97.15%)
Epoch 249 [0/84843] Loss: 0.405015
Epoch 249 [35000/84843] Loss: 0.496986
Epoch 249 [70000/84843] Loss: 0.381093
Epoch 249 - Avg Loss: 0.402889 | Train Acc: 94.83%
Val: loss=0.3488, acc=10663/10975 (97.16%)
Epoch 250 [0/84843] Loss: 0.482370
Epoch 250 [35000/84843] Loss: 0.314234
Epoch 250 [70000/84843] Loss: 0.640069
Epoch 250 - Avg Loss: 0.401791 | Train Acc: 94.94%
Val: loss=0.3494, acc=10663/10975 (97.16%)
Epoch 251 [0/84843] Loss: 0.337840
Epoch 251 [35000/84843] Loss: 0.300802
Epoch 251 [70000/84843] Loss: 0.504503
Epoch 251 - Avg Loss: 0.404303 | Train Acc: 94.79%
Val: loss=0.3501, acc=10661/10975 (97.14%)
Epoch 252 [0/84843] Loss: 0.329164
Epoch 252 [35000/84843] Loss: 0.420874
Epoch 252 [70000/84843] Loss: 0.402955
Epoch 252 - Avg Loss: 0.399351 | Train Acc: 95.04%
Val: loss=0.3460, acc=10680/10975 (97.31%)
Epoch 253 [0/84843] Loss: 0.514276
Epoch 253 [35000/84843] Loss: 0.354750
Epoch 253 [70000/84843] Loss: 0.401139
Epoch 253 - Avg Loss: 0.403126 | Train Acc: 94.82%
Val: loss=0.3483, acc=10649/10975 (97.03%)
Epoch 254 [0/84843] Loss: 0.400859
Epoch 254 [35000/84843] Loss: 0.551733
Epoch 254 [70000/84843] Loss: 0.319151
Epoch 254 - Avg Loss: 0.400420 | Train Acc: 94.95%
Val: loss=0.3465, acc=10672/10975 (97.24%)
Epoch 255 [0/84843] Loss: 0.457330
Epoch 255 [35000/84843] Loss: 0.307533
Epoch 255 [70000/84843] Loss: 0.387005
Epoch 255 - Avg Loss: 0.399395 | Train Acc: 94.95%
Val: loss=0.3462, acc=10681/10975 (97.32%)
Epoch 256 [0/84843] Loss: 0.331369
Epoch 256 [35000/84843] Loss: 0.544559
Epoch 256 [70000/84843] Loss: 0.401234
Epoch 256 - Avg Loss: 0.398885 | Train Acc: 94.99%
Val: loss=0.3479, acc=10670/10975 (97.22%)
Epoch 257 [0/84843] Loss: 0.314648
Epoch 257 [35000/84843] Loss: 0.471470
Epoch 257 [70000/84843] Loss: 0.404744
Epoch 257 - Avg Loss: 0.400594 | Train Acc: 94.98%
Val: loss=0.3463, acc=10683/10975 (97.34%)
Epoch 258 [0/84843] Loss: 0.303932
Epoch 258 [35000/84843] Loss: 0.473982
Epoch 258 [70000/84843] Loss: 0.459673
Epoch 258 - Avg Loss: 0.402102 | Train Acc: 94.86%
Val: loss=0.3497, acc=10670/10975 (97.22%)
Epoch 259 [0/84843] Loss: 0.344328
Epoch 259 [35000/84843] Loss: 0.428414
Epoch 259 [70000/84843] Loss: 0.333266
Epoch 259 - Avg Loss: 0.400446 | Train Acc: 94.98%
Val: loss=0.3469, acc=10684/10975 (97.35%)
Epoch 260 [0/84843] Loss: 0.491468
Epoch 260 [35000/84843] Loss: 0.321646
Epoch 260 [70000/84843] Loss: 0.335300
Epoch 260 - Avg Loss: 0.403684 | Train Acc: 94.83%
Val: loss=0.3474, acc=10672/10975 (97.24%)
Epoch 261 [0/84843] Loss: 0.365740
Epoch 261 [35000/84843] Loss: 0.353678
Epoch 261 [70000/84843] Loss: 0.317568
Epoch 261 - Avg Loss: 0.400856 | Train Acc: 94.90%
Val: loss=0.3488, acc=10659/10975 (97.12%)
Epoch 262 [0/84843] Loss: 0.513730
Epoch 262 [35000/84843] Loss: 0.416255
Epoch 262 [70000/84843] Loss: 0.323439
Epoch 262 - Avg Loss: 0.401410 | Train Acc: 94.89%
Val: loss=0.3449, acc=10687/10975 (97.38%)
saved best: 97.38%
Epoch 263 [0/84843] Loss: 0.467387
Epoch 263 [35000/84843] Loss: 0.384640
Epoch 263 [70000/84843] Loss: 0.414882
Epoch 263 - Avg Loss: 0.399635 | Train Acc: 94.99%
Val: loss=0.3456, acc=10684/10975 (97.35%)
Epoch 264 [0/84843] Loss: 0.412082
Epoch 264 [35000/84843] Loss: 0.311342
Epoch 264 [70000/84843] Loss: 0.337027
Epoch 264 - Avg Loss: 0.398605 | Train Acc: 94.98%
Val: loss=0.3448, acc=10672/10975 (97.24%)
Epoch 265 [0/84843] Loss: 0.364793
Epoch 265 [35000/84843] Loss: 0.439755
Epoch 265 [70000/84843] Loss: 0.330414
Epoch 265 - Avg Loss: 0.401044 | Train Acc: 94.96%
Val: loss=0.3442, acc=10675/10975 (97.27%)
Epoch 266 [0/84843] Loss: 0.439409
Epoch 266 [35000/84843] Loss: 0.351106
Epoch 266 [70000/84843] Loss: 0.345115
Epoch 266 - Avg Loss: 0.401676 | Train Acc: 94.94%
Val: loss=0.3429, acc=10685/10975 (97.36%)
Epoch 267 [0/84843] Loss: 0.318853
Epoch 267 [35000/84843] Loss: 0.307420
Epoch 267 [70000/84843] Loss: 0.323105
Epoch 267 - Avg Loss: 0.400021 | Train Acc: 95.01%
Val: loss=0.3452, acc=10682/10975 (97.33%)
Epoch 268 [0/84843] Loss: 0.311862
Epoch 268 [35000/84843] Loss: 0.348093
Epoch 268 [70000/84843] Loss: 0.432195
Epoch 268 - Avg Loss: 0.399233 | Train Acc: 95.04%
Val: loss=0.3449, acc=10677/10975 (97.28%)
Epoch 269 [0/84843] Loss: 0.364092
Epoch 269 [35000/84843] Loss: 0.406982
Epoch 269 [70000/84843] Loss: 0.430977
Epoch 269 - Avg Loss: 0.399017 | Train Acc: 95.00%
Val: loss=0.3483, acc=10668/10975 (97.20%)
Epoch 270 [0/84843] Loss: 0.430855
Epoch 270 [35000/84843] Loss: 0.332018
Epoch 270 [70000/84843] Loss: 0.501054
Epoch 270 - Avg Loss: 0.398001 | Train Acc: 95.05%
Val: loss=0.3433, acc=10685/10975 (97.36%)
Epoch 271 [0/84843] Loss: 0.388505
Epoch 271 [35000/84843] Loss: 0.350756
Epoch 271 [70000/84843] Loss: 0.362111
Epoch 271 - Avg Loss: 0.399936 | Train Acc: 94.97%
Val: loss=0.3442, acc=10683/10975 (97.34%)
Epoch 272 [0/84843] Loss: 0.342915
Epoch 272 [35000/84843] Loss: 0.362778
Epoch 272 [70000/84843] Loss: 0.337640
Epoch 272 - Avg Loss: 0.398552 | Train Acc: 94.96%
Val: loss=0.3454, acc=10670/10975 (97.22%)
Epoch 273 [0/84843] Loss: 0.410523
Epoch 273 [35000/84843] Loss: 0.432938
Epoch 273 [70000/84843] Loss: 0.316584
Epoch 273 - Avg Loss: 0.397713 | Train Acc: 95.06%
Val: loss=0.3456, acc=10676/10975 (97.28%)
Epoch 274 [0/84843] Loss: 0.523476
Epoch 274 [35000/84843] Loss: 0.326090
Epoch 274 [70000/84843] Loss: 0.307165
Epoch 274 - Avg Loss: 0.395537 | Train Acc: 95.17%
Val: loss=0.3440, acc=10679/10975 (97.30%)
Epoch 275 [0/84843] Loss: 0.388147
Epoch 275 [35000/84843] Loss: 0.309382
Epoch 275 [70000/84843] Loss: 0.322470
Epoch 275 - Avg Loss: 0.394615 | Train Acc: 95.15%
Val: loss=0.3462, acc=10676/10975 (97.28%)
Epoch 276 [0/84843] Loss: 0.311001
Epoch 276 [35000/84843] Loss: 0.472469
Epoch 276 [70000/84843] Loss: 0.365600
Epoch 276 - Avg Loss: 0.400852 | Train Acc: 94.95%
Val: loss=0.3453, acc=10679/10975 (97.30%)
Epoch 277 [0/84843] Loss: 0.322380
Epoch 277 [35000/84843] Loss: 0.299873
Epoch 277 [70000/84843] Loss: 0.419432
Epoch 277 - Avg Loss: 0.395533 | Train Acc: 95.15%
Val: loss=0.3463, acc=10672/10975 (97.24%)
Epoch 278 [0/84843] Loss: 0.525326
Epoch 278 [35000/84843] Loss: 0.452025
Epoch 278 [70000/84843] Loss: 0.435987
Epoch 278 - Avg Loss: 0.399622 | Train Acc: 94.97%
Val: loss=0.3501, acc=10658/10975 (97.11%)
Epoch 279 [0/84843] Loss: 0.416754
Epoch 279 [35000/84843] Loss: 0.382426
Epoch 279 [70000/84843] Loss: 0.318285
Epoch 279 - Avg Loss: 0.396393 | Train Acc: 95.17%
Val: loss=0.3460, acc=10670/10975 (97.22%)
Epoch 280 [0/84843] Loss: 0.477054
Epoch 280 [35000/84843] Loss: 0.324136
Epoch 280 [70000/84843] Loss: 0.413030
Epoch 280 - Avg Loss: 0.395370 | Train Acc: 95.13%
Val: loss=0.3435, acc=10687/10975 (97.38%)
Epoch 281 [0/84843] Loss: 0.486582
Epoch 281 [35000/84843] Loss: 0.374485
Epoch 281 [70000/84843] Loss: 0.358599
Epoch 281 - Avg Loss: 0.398322 | Train Acc: 95.03%
Val: loss=0.3458, acc=10669/10975 (97.21%)
Epoch 282 [0/84843] Loss: 0.327833
Epoch 282 [35000/84843] Loss: 0.397713
Epoch 282 [70000/84843] Loss: 0.372987
Epoch 282 - Avg Loss: 0.394063 | Train Acc: 95.20%
Val: loss=0.3485, acc=10673/10975 (97.25%)
Epoch 283 [0/84843] Loss: 0.481927
Epoch 283 [35000/84843] Loss: 0.446542
Epoch 283 [70000/84843] Loss: 0.429496
Epoch 283 - Avg Loss: 0.396588 | Train Acc: 95.11%
Val: loss=0.3435, acc=10682/10975 (97.33%)
Epoch 284 [0/84843] Loss: 0.362946
Epoch 284 [35000/84843] Loss: 0.401323
Epoch 284 [70000/84843] Loss: 0.413274
Epoch 284 - Avg Loss: 0.397635 | Train Acc: 95.06%
Val: loss=0.3447, acc=10678/10975 (97.29%)
Epoch 285 [0/84843] Loss: 0.388394
Epoch 285 [35000/84843] Loss: 0.367531
Epoch 285 [70000/84843] Loss: 0.428843
Epoch 285 - Avg Loss: 0.396881 | Train Acc: 95.02%
Val: loss=0.3447, acc=10678/10975 (97.29%)
Epoch 286 [0/84843] Loss: 0.440842
Epoch 286 [35000/84843] Loss: 0.383155
Epoch 286 [70000/84843] Loss: 0.313633
Epoch 286 - Avg Loss: 0.396434 | Train Acc: 95.01%
Val: loss=0.3437, acc=10681/10975 (97.32%)
Epoch 287 [0/84843] Loss: 0.360323
Epoch 287 [35000/84843] Loss: 0.512802
Epoch 287 [70000/84843] Loss: 0.505899
Epoch 287 - Avg Loss: 0.397794 | Train Acc: 95.02%
Val: loss=0.3482, acc=10673/10975 (97.25%)
Epoch 288 [0/84843] Loss: 0.385339
Epoch 288 [35000/84843] Loss: 0.509369
Epoch 288 [70000/84843] Loss: 0.409613
Epoch 288 - Avg Loss: 0.397239 | Train Acc: 95.10%
Val: loss=0.3437, acc=10679/10975 (97.30%)
Epoch 289 [0/84843] Loss: 0.376056
Epoch 289 [35000/84843] Loss: 0.411257
Epoch 289 [70000/84843] Loss: 0.368424
Epoch 289 - Avg Loss: 0.396659 | Train Acc: 95.09%
Val: loss=0.3435, acc=10690/10975 (97.40%)
saved best: 97.40%
Epoch 290 [0/84843] Loss: 0.406807
Epoch 290 [35000/84843] Loss: 0.352841
Epoch 290 [70000/84843] Loss: 0.334323
Epoch 290 - Avg Loss: 0.396482 | Train Acc: 95.08%
Val: loss=0.3419, acc=10689/10975 (97.39%)
Epoch 291 [0/84843] Loss: 0.339223
Epoch 291 [35000/84843] Loss: 0.419571
Epoch 291 [70000/84843] Loss: 0.312607
Epoch 291 - Avg Loss: 0.391844 | Train Acc: 95.24%
Val: loss=0.3453, acc=10673/10975 (97.25%)
Epoch 292 [0/84843] Loss: 0.434048
Epoch 292 [35000/84843] Loss: 0.357914
Epoch 292 [70000/84843] Loss: 0.482320
Epoch 292 - Avg Loss: 0.397376 | Train Acc: 95.05%
Val: loss=0.3426, acc=10688/10975 (97.38%)
Epoch 293 [0/84843] Loss: 0.351009
Epoch 293 [35000/84843] Loss: 0.403262
Epoch 293 [70000/84843] Loss: 0.432118
Epoch 293 - Avg Loss: 0.397045 | Train Acc: 95.08%
Val: loss=0.3419, acc=10693/10975 (97.43%)
saved best: 97.43%
Epoch 294 [0/84843] Loss: 0.371702
Epoch 294 [35000/84843] Loss: 0.370454
Epoch 294 [70000/84843] Loss: 0.435553
Epoch 294 - Avg Loss: 0.394859 | Train Acc: 95.15%
Val: loss=0.3435, acc=10687/10975 (97.38%)
Epoch 295 [0/84843] Loss: 0.387429
Epoch 295 [35000/84843] Loss: 0.395400
Epoch 295 [70000/84843] Loss: 0.470986
Epoch 295 - Avg Loss: 0.391991 | Train Acc: 95.24%
Val: loss=0.3428, acc=10686/10975 (97.37%)
Epoch 296 [0/84843] Loss: 0.318374
Epoch 296 [35000/84843] Loss: 0.513227
Epoch 296 [70000/84843] Loss: 0.455144
Epoch 296 - Avg Loss: 0.398496 | Train Acc: 95.09%
Val: loss=0.3418, acc=10690/10975 (97.40%)
Epoch 297 [0/84843] Loss: 0.471950
Epoch 297 [35000/84843] Loss: 0.455018
Epoch 297 [70000/84843] Loss: 0.379621
Epoch 297 - Avg Loss: 0.395312 | Train Acc: 95.24%
Val: loss=0.3412, acc=10701/10975 (97.50%)
saved best: 97.50%
Epoch 298 [0/84843] Loss: 0.332440
Epoch 298 [35000/84843] Loss: 0.378323
Epoch 298 [70000/84843] Loss: 0.443778
Epoch 298 - Avg Loss: 0.394314 | Train Acc: 95.16%
Val: loss=0.3428, acc=10686/10975 (97.37%)
Epoch 299 [0/84843] Loss: 0.503436
Epoch 299 [35000/84843] Loss: 0.315547
Epoch 299 [70000/84843] Loss: 0.298684
Epoch 299 - Avg Loss: 0.395536 | Train Acc: 95.14%
Val: loss=0.3444, acc=10675/10975 (97.27%)
Epoch 300 [0/84843] Loss: 0.358323
Epoch 300 [35000/84843] Loss: 0.454965
Epoch 300 [70000/84843] Loss: 0.372086
Epoch 300 - Avg Loss: 0.396039 | Train Acc: 95.09%
Val: loss=0.3425, acc=10680/10975 (97.31%)
Epoch 301 [0/84843] Loss: 0.406894
Epoch 301 [35000/84843] Loss: 0.422479
Epoch 301 [70000/84843] Loss: 0.362712
Epoch 301 - Avg Loss: 0.394591 | Train Acc: 95.17%
Val: loss=0.3434, acc=10684/10975 (97.35%)
Epoch 302 [0/84843] Loss: 0.322707
Epoch 302 [35000/84843] Loss: 0.363356
Epoch 302 [70000/84843] Loss: 0.432570
Epoch 302 - Avg Loss: 0.394096 | Train Acc: 95.21%
Val: loss=0.3469, acc=10668/10975 (97.20%)
Epoch 303 [0/84843] Loss: 0.397684
Epoch 303 [35000/84843] Loss: 0.308398
Epoch 303 [70000/84843] Loss: 0.389222
Epoch 303 - Avg Loss: 0.393202 | Train Acc: 95.21%
Val: loss=0.3448, acc=10676/10975 (97.28%)
Epoch 304 [0/84843] Loss: 0.474551
Epoch 304 [35000/84843] Loss: 0.379340
Epoch 304 [70000/84843] Loss: 0.408586
Epoch 304 - Avg Loss: 0.396234 | Train Acc: 95.11%
Val: loss=0.3411, acc=10690/10975 (97.40%)
Epoch 305 [0/84843] Loss: 0.424594
Epoch 305 [35000/84843] Loss: 0.456914
Epoch 305 [70000/84843] Loss: 0.340107
Epoch 305 - Avg Loss: 0.391855 | Train Acc: 95.29%
Val: loss=0.3422, acc=10697/10975 (97.47%)
Epoch 306 [0/84843] Loss: 0.477796
Epoch 306 [35000/84843] Loss: 0.374165
Epoch 306 [70000/84843] Loss: 0.330924
Epoch 306 - Avg Loss: 0.393949 | Train Acc: 95.25%
Val: loss=0.3421, acc=10693/10975 (97.43%)
Epoch 307 [0/84843] Loss: 0.406848
Epoch 307 [35000/84843] Loss: 0.321844
Epoch 307 [70000/84843] Loss: 0.304658
Epoch 307 - Avg Loss: 0.391461 | Train Acc: 95.27%
Val: loss=0.3422, acc=10689/10975 (97.39%)
Epoch 308 [0/84843] Loss: 0.321425
Epoch 308 [35000/84843] Loss: 0.364691
Epoch 308 [70000/84843] Loss: 0.304168
Epoch 308 - Avg Loss: 0.394773 | Train Acc: 95.16%
Val: loss=0.3442, acc=10682/10975 (97.33%)
Epoch 309 [0/84843] Loss: 0.369879
Epoch 309 [35000/84843] Loss: 0.321051
Epoch 309 [70000/84843] Loss: 0.419750
Epoch 309 - Avg Loss: 0.393739 | Train Acc: 95.29%
Val: loss=0.3449, acc=10676/10975 (97.28%)
Epoch 310 [0/84843] Loss: 0.471735
Epoch 310 [35000/84843] Loss: 0.428263
Epoch 310 [70000/84843] Loss: 0.341661
Epoch 310 - Avg Loss: 0.393847 | Train Acc: 95.20%
Val: loss=0.3435, acc=10687/10975 (97.38%)
Epoch 311 [0/84843] Loss: 0.380107
Epoch 311 [35000/84843] Loss: 0.393203
Epoch 311 [70000/84843] Loss: 0.319734
Epoch 311 - Avg Loss: 0.397658 | Train Acc: 94.98%
Val: loss=0.3406, acc=10699/10975 (97.49%)
Epoch 312 [0/84843] Loss: 0.414318
Epoch 312 [35000/84843] Loss: 0.379398
Epoch 312 [70000/84843] Loss: 0.306510
Epoch 312 - Avg Loss: 0.393233 | Train Acc: 95.25%
Val: loss=0.3424, acc=10700/10975 (97.49%)
Epoch 313 [0/84843] Loss: 0.445800
Epoch 313 [35000/84843] Loss: 0.423733
Epoch 313 [70000/84843] Loss: 0.424506
Epoch 313 - Avg Loss: 0.393215 | Train Acc: 95.21%
Val: loss=0.3407, acc=10691/10975 (97.41%)
Epoch 314 [0/84843] Loss: 0.291897
Epoch 314 [35000/84843] Loss: 0.322670
Epoch 314 [70000/84843] Loss: 0.430959
Epoch 314 - Avg Loss: 0.390901 | Train Acc: 95.29%
Val: loss=0.3428, acc=10685/10975 (97.36%)
Epoch 315 [0/84843] Loss: 0.351287
Epoch 315 [35000/84843] Loss: 0.347247
Epoch 315 [70000/84843] Loss: 0.494359
Epoch 315 - Avg Loss: 0.393142 | Train Acc: 95.22%
Val: loss=0.3410, acc=10695/10975 (97.45%)
Epoch 316 [0/84843] Loss: 0.371605
Epoch 316 [35000/84843] Loss: 0.351589
Epoch 316 [70000/84843] Loss: 0.394608
Epoch 316 - Avg Loss: 0.391432 | Train Acc: 95.30%
Val: loss=0.3439, acc=10701/10975 (97.50%)
Epoch 317 [0/84843] Loss: 0.385738
Epoch 317 [35000/84843] Loss: 0.326055
Epoch 317 [70000/84843] Loss: 0.388244
Epoch 317 - Avg Loss: 0.393459 | Train Acc: 95.19%
Val: loss=0.3437, acc=10680/10975 (97.31%)
Epoch 318 [0/84843] Loss: 0.398484
Epoch 318 [35000/84843] Loss: 0.401887
Epoch 318 [70000/84843] Loss: 0.337622
Epoch 318 - Avg Loss: 0.391784 | Train Acc: 95.25%
Val: loss=0.3398, acc=10699/10975 (97.49%)
Epoch 319 [0/84843] Loss: 0.394531
Epoch 319 [35000/84843] Loss: 0.331813
Epoch 319 [70000/84843] Loss: 0.553337
Epoch 319 - Avg Loss: 0.391053 | Train Acc: 95.30%
Val: loss=0.3412, acc=10690/10975 (97.40%)
Epoch 320 [0/84843] Loss: 0.463407
Epoch 320 [35000/84843] Loss: 0.375999
Epoch 320 [70000/84843] Loss: 0.315807
Epoch 320 - Avg Loss: 0.391023 | Train Acc: 95.26%
Val: loss=0.3407, acc=10705/10975 (97.54%)
saved best: 97.54%
Epoch 321 [0/84843] Loss: 0.366521
Epoch 321 [35000/84843] Loss: 0.405422
Epoch 321 [70000/84843] Loss: 0.468757
Epoch 321 - Avg Loss: 0.390654 | Train Acc: 95.27%
Val: loss=0.3432, acc=10692/10975 (97.42%)
Epoch 322 [0/84843] Loss: 0.379236
Epoch 322 [35000/84843] Loss: 0.359468
Epoch 322 [70000/84843] Loss: 0.394452
Epoch 322 - Avg Loss: 0.393033 | Train Acc: 95.21%
Val: loss=0.3418, acc=10706/10975 (97.55%)
saved best: 97.55%
Epoch 323 [0/84843] Loss: 0.388240
Epoch 323 [35000/84843] Loss: 0.517237
Epoch 323 [70000/84843] Loss: 0.374532
Epoch 323 - Avg Loss: 0.391277 | Train Acc: 95.30%
Val: loss=0.3423, acc=10694/10975 (97.44%)
Epoch 324 [0/84843] Loss: 0.345047
Epoch 324 [35000/84843] Loss: 0.349089
Epoch 324 [70000/84843] Loss: 0.346176
Epoch 324 - Avg Loss: 0.391880 | Train Acc: 95.28%
Val: loss=0.3426, acc=10693/10975 (97.43%)
Epoch 325 [0/84843] Loss: 0.343656
Epoch 325 [35000/84843] Loss: 0.392307
Epoch 325 [70000/84843] Loss: 0.402699
Epoch 325 - Avg Loss: 0.390531 | Train Acc: 95.37%
Val: loss=0.3399, acc=10700/10975 (97.49%)
Epoch 326 [0/84843] Loss: 0.358003
Epoch 326 [35000/84843] Loss: 0.377355
Epoch 326 [70000/84843] Loss: 0.447773
Epoch 326 - Avg Loss: 0.391031 | Train Acc: 95.27%
Val: loss=0.3420, acc=10693/10975 (97.43%)
Epoch 327 [0/84843] Loss: 0.497260
Epoch 327 [35000/84843] Loss: 0.489444
Epoch 327 [70000/84843] Loss: 0.372856
Epoch 327 - Avg Loss: 0.392497 | Train Acc: 95.27%
Val: loss=0.3422, acc=10689/10975 (97.39%)
Epoch 328 [0/84843] Loss: 0.334749
Epoch 328 [35000/84843] Loss: 0.336712
Epoch 328 [70000/84843] Loss: 0.306135
Epoch 328 - Avg Loss: 0.391003 | Train Acc: 95.34%
Val: loss=0.3414, acc=10700/10975 (97.49%)
Epoch 329 [0/84843] Loss: 0.364030
Epoch 329 [35000/84843] Loss: 0.399001
Epoch 329 [70000/84843] Loss: 0.310999
Epoch 329 - Avg Loss: 0.393917 | Train Acc: 95.21%
Val: loss=0.3399, acc=10698/10975 (97.48%)
Epoch 330 [0/84843] Loss: 0.372989
Epoch 330 [35000/84843] Loss: 0.383422
Epoch 330 [70000/84843] Loss: 0.433242
Epoch 330 - Avg Loss: 0.391322 | Train Acc: 95.33%
Val: loss=0.3403, acc=10697/10975 (97.47%)
Epoch 331 [0/84843] Loss: 0.405190
Epoch 331 [35000/84843] Loss: 0.377839
Epoch 331 [70000/84843] Loss: 0.382913
Epoch 331 - Avg Loss: 0.390354 | Train Acc: 95.34%
Val: loss=0.3402, acc=10689/10975 (97.39%)
Epoch 332 [0/84843] Loss: 0.377317
Epoch 332 [35000/84843] Loss: 0.366438
Epoch 332 [70000/84843] Loss: 0.399542
Epoch 332 - Avg Loss: 0.391323 | Train Acc: 95.29%
Val: loss=0.3399, acc=10704/10975 (97.53%)
Epoch 333 [0/84843] Loss: 0.390024
Epoch 333 [35000/84843] Loss: 0.532002
Epoch 333 [70000/84843] Loss: 0.353974
Epoch 333 - Avg Loss: 0.390076 | Train Acc: 95.34%
Val: loss=0.3385, acc=10704/10975 (97.53%)
Epoch 334 [0/84843] Loss: 0.439600
Epoch 334 [35000/84843] Loss: 0.469415
Epoch 334 [70000/84843] Loss: 0.475489
Epoch 334 - Avg Loss: 0.390867 | Train Acc: 95.37%
Val: loss=0.3393, acc=10701/10975 (97.50%)
Epoch 335 [0/84843] Loss: 0.333210
Epoch 335 [35000/84843] Loss: 0.394680
Epoch 335 [70000/84843] Loss: 0.419869
Epoch 335 - Avg Loss: 0.392992 | Train Acc: 95.22%
Val: loss=0.3395, acc=10704/10975 (97.53%)
Epoch 336 [0/84843] Loss: 0.335397
Epoch 336 [35000/84843] Loss: 0.367430
Epoch 336 [70000/84843] Loss: 0.355602
Epoch 336 - Avg Loss: 0.390461 | Train Acc: 95.37%
Val: loss=0.3391, acc=10713/10975 (97.61%)
saved best: 97.61%
Epoch 337 [0/84843] Loss: 0.600790
Epoch 337 [35000/84843] Loss: 0.312392
Epoch 337 [70000/84843] Loss: 0.444990
Epoch 337 - Avg Loss: 0.388866 | Train Acc: 95.44%
Val: loss=0.3397, acc=10708/10975 (97.57%)
Epoch 338 [0/84843] Loss: 0.345423
Epoch 338 [35000/84843] Loss: 0.353802
Epoch 338 [70000/84843] Loss: 0.373835
Epoch 338 - Avg Loss: 0.388550 | Train Acc: 95.41%
Val: loss=0.3418, acc=10699/10975 (97.49%)
Epoch 339 [0/84843] Loss: 0.392725
Epoch 339 [35000/84843] Loss: 0.310677
Epoch 339 [70000/84843] Loss: 0.474437
Epoch 339 - Avg Loss: 0.388955 | Train Acc: 95.34%
Val: loss=0.3417, acc=10697/10975 (97.47%)
Epoch 340 [0/84843] Loss: 0.467765
Epoch 340 [35000/84843] Loss: 0.418101
Epoch 340 [70000/84843] Loss: 0.275743
Epoch 340 - Avg Loss: 0.389289 | Train Acc: 95.30%
Val: loss=0.3413, acc=10695/10975 (97.45%)
Epoch 341 [0/84843] Loss: 0.312566
Epoch 341 [35000/84843] Loss: 0.453088
Epoch 341 [70000/84843] Loss: 0.308944
Epoch 341 - Avg Loss: 0.391026 | Train Acc: 95.29%
Val: loss=0.3408, acc=10703/10975 (97.52%)
Epoch 342 [0/84843] Loss: 0.347796
Epoch 342 [35000/84843] Loss: 0.420869
Epoch 342 [70000/84843] Loss: 0.430656
Epoch 342 - Avg Loss: 0.393885 | Train Acc: 95.21%
Val: loss=0.3396, acc=10709/10975 (97.58%)
Epoch 343 [0/84843] Loss: 0.398572
Epoch 343 [35000/84843] Loss: 0.373552
Epoch 343 [70000/84843] Loss: 0.421017
Epoch 343 - Avg Loss: 0.391261 | Train Acc: 95.29%
Val: loss=0.3410, acc=10698/10975 (97.48%)
Epoch 344 [0/84843] Loss: 0.357222
Epoch 344 [35000/84843] Loss: 0.350317
Epoch 344 [70000/84843] Loss: 0.410720
Epoch 344 - Avg Loss: 0.386610 | Train Acc: 95.47%
Val: loss=0.3391, acc=10701/10975 (97.50%)
Epoch 345 [0/84843] Loss: 0.418874
Epoch 345 [35000/84843] Loss: 0.324655
Epoch 345 [70000/84843] Loss: 0.304488
Epoch 345 - Avg Loss: 0.391349 | Train Acc: 95.23%
Val: loss=0.3405, acc=10701/10975 (97.50%)
Epoch 346 [0/84843] Loss: 0.379508
Epoch 346 [35000/84843] Loss: 0.379802
Epoch 346 [70000/84843] Loss: 0.322233
Epoch 346 - Avg Loss: 0.391203 | Train Acc: 95.28%
Val: loss=0.3405, acc=10704/10975 (97.53%)
Epoch 347 [0/84843] Loss: 0.328323
Epoch 347 [35000/84843] Loss: 0.342197
Epoch 347 [70000/84843] Loss: 0.427763
Epoch 347 - Avg Loss: 0.391248 | Train Acc: 95.30%
Val: loss=0.3406, acc=10707/10975 (97.56%)
Epoch 348 [0/84843] Loss: 0.375280
Epoch 348 [35000/84843] Loss: 0.365170
Epoch 348 [70000/84843] Loss: 0.501638
Epoch 348 - Avg Loss: 0.389709 | Train Acc: 95.29%
Val: loss=0.3402, acc=10702/10975 (97.51%)
Epoch 349 [0/84843] Loss: 0.438145
Epoch 349 [35000/84843] Loss: 0.313308
Epoch 349 [70000/84843] Loss: 0.423426
Epoch 349 - Avg Loss: 0.391920 | Train Acc: 95.27%
Val: loss=0.3407, acc=10694/10975 (97.44%)
Epoch 350 [0/84843] Loss: 0.367100
Epoch 350 [35000/84843] Loss: 0.464484
Epoch 350 [70000/84843] Loss: 0.357500
Epoch 350 - Avg Loss: 0.386841 | Train Acc: 95.50%
Val: loss=0.3407, acc=10698/10975 (97.48%)
Epoch 351 [0/84843] Loss: 0.329886
Epoch 351 [35000/84843] Loss: 0.408396
Epoch 351 [70000/84843] Loss: 0.344931
Epoch 351 - Avg Loss: 0.391050 | Train Acc: 95.31%
Val: loss=0.3405, acc=10706/10975 (97.55%)
Epoch 352 [0/84843] Loss: 0.429736
Epoch 352 [35000/84843] Loss: 0.425281
Epoch 352 [70000/84843] Loss: 0.382892
Epoch 352 - Avg Loss: 0.392596 | Train Acc: 95.26%
Val: loss=0.3406, acc=10702/10975 (97.51%)
Epoch 353 [0/84843] Loss: 0.307490
Epoch 353 [35000/84843] Loss: 0.430752
Epoch 353 [70000/84843] Loss: 0.386119
Epoch 353 - Avg Loss: 0.387060 | Train Acc: 95.47%
Val: loss=0.3408, acc=10703/10975 (97.52%)
Epoch 354 [0/84843] Loss: 0.406452
Epoch 354 [35000/84843] Loss: 0.420289
Epoch 354 [70000/84843] Loss: 0.390822
Epoch 354 - Avg Loss: 0.388618 | Train Acc: 95.36%
Val: loss=0.3411, acc=10700/10975 (97.49%)
Epoch 355 [0/84843] Loss: 0.660733
Epoch 355 [35000/84843] Loss: 0.443281
Epoch 355 [70000/84843] Loss: 0.362027
Epoch 355 - Avg Loss: 0.389339 | Train Acc: 95.39%
Val: loss=0.3409, acc=10715/10975 (97.63%)
saved best: 97.63%
Epoch 356 [0/84843] Loss: 0.428566
Epoch 356 [35000/84843] Loss: 0.357668
Epoch 356 [70000/84843] Loss: 0.451900
Epoch 356 - Avg Loss: 0.388518 | Train Acc: 95.45%
Val: loss=0.3402, acc=10711/10975 (97.59%)
Epoch 357 [0/84843] Loss: 0.417812
Epoch 357 [35000/84843] Loss: 0.380788
Epoch 357 [70000/84843] Loss: 0.348856
Epoch 357 - Avg Loss: 0.391462 | Train Acc: 95.26%
Val: loss=0.3395, acc=10705/10975 (97.54%)
Epoch 358 [0/84843] Loss: 0.532584
Epoch 358 [35000/84843] Loss: 0.345230
Epoch 358 [70000/84843] Loss: 0.436936
Epoch 358 - Avg Loss: 0.389197 | Train Acc: 95.30%
Val: loss=0.3405, acc=10704/10975 (97.53%)
Epoch 359 [0/84843] Loss: 0.340230
Epoch 359 [35000/84843] Loss: 0.355572
Epoch 359 [70000/84843] Loss: 0.436691
Epoch 359 - Avg Loss: 0.388624 | Train Acc: 95.42%
Val: loss=0.3395, acc=10709/10975 (97.58%)
Epoch 360 [0/84843] Loss: 0.382562
Epoch 360 [35000/84843] Loss: 0.395048
Epoch 360 [70000/84843] Loss: 0.448831
Epoch 360 - Avg Loss: 0.390348 | Train Acc: 95.33%
Val: loss=0.3400, acc=10695/10975 (97.45%)
Epoch 361 [0/84843] Loss: 0.341220
Epoch 361 [35000/84843] Loss: 0.398286
Epoch 361 [70000/84843] Loss: 0.365306
Epoch 361 - Avg Loss: 0.391243 | Train Acc: 95.29%
Val: loss=0.3400, acc=10706/10975 (97.55%)
Epoch 362 [0/84843] Loss: 0.343531
Epoch 362 [35000/84843] Loss: 0.389041
Epoch 362 [70000/84843] Loss: 0.415356
Epoch 362 - Avg Loss: 0.388485 | Train Acc: 95.41%
Val: loss=0.3399, acc=10704/10975 (97.53%)
Epoch 363 [0/84843] Loss: 0.342367
Epoch 363 [35000/84843] Loss: 0.474645
Epoch 363 [70000/84843] Loss: 0.330313
Epoch 363 - Avg Loss: 0.389463 | Train Acc: 95.38%
Val: loss=0.3401, acc=10707/10975 (97.56%)
Epoch 364 [0/84843] Loss: 0.320898
Epoch 364 [35000/84843] Loss: 0.380844
Epoch 364 [70000/84843] Loss: 0.319061
Epoch 364 - Avg Loss: 0.387102 | Train Acc: 95.44%
Val: loss=0.3410, acc=10698/10975 (97.48%)
Epoch 365 [0/84843] Loss: 0.393086
Epoch 365 [35000/84843] Loss: 0.341958
Epoch 365 [70000/84843] Loss: 0.400322
Epoch 365 - Avg Loss: 0.388838 | Train Acc: 95.34%
Val: loss=0.3394, acc=10712/10975 (97.60%)
Epoch 366 [0/84843] Loss: 0.329315
Epoch 366 [35000/84843] Loss: 0.286356
Epoch 366 [70000/84843] Loss: 0.365689
Epoch 366 - Avg Loss: 0.388413 | Train Acc: 95.47%
Val: loss=0.3394, acc=10712/10975 (97.60%)
Epoch 367 [0/84843] Loss: 0.395853
Epoch 367 [35000/84843] Loss: 0.386005
Epoch 367 [70000/84843] Loss: 0.282115
Epoch 367 - Avg Loss: 0.388976 | Train Acc: 95.37%
Val: loss=0.3407, acc=10703/10975 (97.52%)
Epoch 368 [0/84843] Loss: 0.447587
Epoch 368 [35000/84843] Loss: 0.365482
Epoch 368 [70000/84843] Loss: 0.318065
Epoch 368 - Avg Loss: 0.388933 | Train Acc: 95.34%
Val: loss=0.3399, acc=10700/10975 (97.49%)
Epoch 369 [0/84843] Loss: 0.362523
Epoch 369 [35000/84843] Loss: 0.473018
Epoch 369 [70000/84843] Loss: 0.402833
Epoch 369 - Avg Loss: 0.388305 | Train Acc: 95.42%
Val: loss=0.3407, acc=10696/10975 (97.46%)
Epoch 370 [0/84843] Loss: 0.694733
Epoch 370 [35000/84843] Loss: 0.388460
Epoch 370 [70000/84843] Loss: 0.415703
Epoch 370 - Avg Loss: 0.389044 | Train Acc: 95.34%
Val: loss=0.3393, acc=10707/10975 (97.56%)
Epoch 371 [0/84843] Loss: 0.327721
Epoch 371 [35000/84843] Loss: 0.430975
Epoch 371 [70000/84843] Loss: 0.318053
Epoch 371 - Avg Loss: 0.388308 | Train Acc: 95.44%
Val: loss=0.3404, acc=10704/10975 (97.53%)
Epoch 372 [0/84843] Loss: 0.387021
Epoch 372 [35000/84843] Loss: 0.435626
Epoch 372 [70000/84843] Loss: 0.298657
Epoch 372 - Avg Loss: 0.389799 | Train Acc: 95.28%
Val: loss=0.3396, acc=10699/10975 (97.49%)
Epoch 373 [0/84843] Loss: 0.284182
Epoch 373 [35000/84843] Loss: 0.372798
Epoch 373 [70000/84843] Loss: 0.474139
Epoch 373 - Avg Loss: 0.390131 | Train Acc: 95.33%
Val: loss=0.3393, acc=10707/10975 (97.56%)
Epoch 374 [0/84843] Loss: 0.312034
Epoch 374 [35000/84843] Loss: 0.615985
Epoch 374 [70000/84843] Loss: 0.386206
Epoch 374 - Avg Loss: 0.391241 | Train Acc: 95.31%
Val: loss=0.3401, acc=10709/10975 (97.58%)
Epoch 375 [0/84843] Loss: 0.317059
Epoch 375 [35000/84843] Loss: 0.346509
Epoch 375 [70000/84843] Loss: 0.384999
Epoch 375 - Avg Loss: 0.386497 | Train Acc: 95.52%
Val: loss=0.3396, acc=10705/10975 (97.54%)
Epoch 376 [0/84843] Loss: 0.376972
Epoch 376 [35000/84843] Loss: 0.428289
Epoch 376 [70000/84843] Loss: 0.306910
Epoch 376 - Avg Loss: 0.384827 | Train Acc: 95.49%
Val: loss=0.3404, acc=10706/10975 (97.55%)
Epoch 377 [0/84843] Loss: 0.352524
Epoch 377 [35000/84843] Loss: 0.349705
Epoch 377 [70000/84843] Loss: 0.351087
Epoch 377 - Avg Loss: 0.385580 | Train Acc: 95.48%
Val: loss=0.3402, acc=10703/10975 (97.52%)
Epoch 378 [0/84843] Loss: 0.388425
Epoch 378 [35000/84843] Loss: 0.339554
Epoch 378 [70000/84843] Loss: 0.443200
Epoch 378 - Avg Loss: 0.390225 | Train Acc: 95.32%
Val: loss=0.3405, acc=10699/10975 (97.49%)
Epoch 379 [0/84843] Loss: 0.367774
Epoch 379 [35000/84843] Loss: 0.584993
Epoch 379 [70000/84843] Loss: 0.389811
Epoch 379 - Avg Loss: 0.391197 | Train Acc: 95.29%
Val: loss=0.3395, acc=10713/10975 (97.61%)
Epoch 380 [0/84843] Loss: 0.343184
Epoch 380 [35000/84843] Loss: 0.392399
Epoch 380 [70000/84843] Loss: 0.481661
Epoch 380 - Avg Loss: 0.388914 | Train Acc: 95.43%
Val: loss=0.3397, acc=10710/10975 (97.59%)
Epoch 381 [0/84843] Loss: 0.389146
Epoch 381 [35000/84843] Loss: 0.285405
Epoch 381 [70000/84843] Loss: 0.424262
Epoch 381 - Avg Loss: 0.389228 | Train Acc: 95.41%
Val: loss=0.3398, acc=10705/10975 (97.54%)
Epoch 382 [0/84843] Loss: 0.410986
Epoch 382 [35000/84843] Loss: 0.344732
Epoch 382 [70000/84843] Loss: 0.333016
Epoch 382 - Avg Loss: 0.391024 | Train Acc: 95.35%
Val: loss=0.3403, acc=10701/10975 (97.50%)
Epoch 383 [0/84843] Loss: 0.344240
Epoch 383 [35000/84843] Loss: 0.522884
Epoch 383 [70000/84843] Loss: 0.317073
Epoch 383 - Avg Loss: 0.388060 | Train Acc: 95.45%
Val: loss=0.3401, acc=10705/10975 (97.54%)
Epoch 384 [0/84843] Loss: 0.394631
Epoch 384 [35000/84843] Loss: 0.370442
Epoch 384 [70000/84843] Loss: 0.329413
Epoch 384 - Avg Loss: 0.389323 | Train Acc: 95.37%
Val: loss=0.3395, acc=10706/10975 (97.55%)
Epoch 385 [0/84843] Loss: 0.346104
Epoch 385 [35000/84843] Loss: 0.373232
Epoch 385 [70000/84843] Loss: 0.450289
Epoch 385 - Avg Loss: 0.386546 | Train Acc: 95.52%
Val: loss=0.3403, acc=10703/10975 (97.52%)
Epoch 386 [0/84843] Loss: 0.308544
Epoch 386 [35000/84843] Loss: 0.416608
Epoch 386 [70000/84843] Loss: 0.457264
Epoch 386 - Avg Loss: 0.390287 | Train Acc: 95.30%
Val: loss=0.3395, acc=10710/10975 (97.59%)
Epoch 387 [0/84843] Loss: 0.435614
Epoch 387 [35000/84843] Loss: 0.327335
Epoch 387 [70000/84843] Loss: 0.325364
Epoch 387 - Avg Loss: 0.389039 | Train Acc: 95.39%
Val: loss=0.3397, acc=10707/10975 (97.56%)
Epoch 388 [0/84843] Loss: 0.355408
Epoch 388 [35000/84843] Loss: 0.323709
Epoch 388 [70000/84843] Loss: 0.322912
Epoch 388 - Avg Loss: 0.386611 | Train Acc: 95.49%
Val: loss=0.3392, acc=10706/10975 (97.55%)
Epoch 389 [0/84843] Loss: 0.417003
Epoch 389 [35000/84843] Loss: 0.422565
Epoch 389 [70000/84843] Loss: 0.472468
Epoch 389 - Avg Loss: 0.389651 | Train Acc: 95.35%
Val: loss=0.3394, acc=10708/10975 (97.57%)
Epoch 390 [0/84843] Loss: 0.360987
Epoch 390 [35000/84843] Loss: 0.323485
Epoch 390 [70000/84843] Loss: 0.358934
Epoch 390 - Avg Loss: 0.388901 | Train Acc: 95.38%
Val: loss=0.3399, acc=10705/10975 (97.54%)
Epoch 391 [0/84843] Loss: 0.492052
Epoch 391 [35000/84843] Loss: 0.394348
Epoch 391 [70000/84843] Loss: 0.323443
Epoch 391 - Avg Loss: 0.387385 | Train Acc: 95.46%
Val: loss=0.3392, acc=10710/10975 (97.59%)
Epoch 392 [0/84843] Loss: 0.376061
Epoch 392 [35000/84843] Loss: 0.409673
Epoch 392 [70000/84843] Loss: 0.320903
Epoch 392 - Avg Loss: 0.388958 | Train Acc: 95.39%
Val: loss=0.3392, acc=10708/10975 (97.57%)
Epoch 393 [0/84843] Loss: 0.435148
Epoch 393 [35000/84843] Loss: 0.334293
Epoch 393 [70000/84843] Loss: 0.329081
Epoch 393 - Avg Loss: 0.388024 | Train Acc: 95.42%
Val: loss=0.3392, acc=10708/10975 (97.57%)
Epoch 394 [0/84843] Loss: 0.329634
Epoch 394 [35000/84843] Loss: 0.501330
Epoch 394 [70000/84843] Loss: 0.378961
Epoch 394 - Avg Loss: 0.389371 | Train Acc: 95.34%
Val: loss=0.3398, acc=10705/10975 (97.54%)
Epoch 395 [0/84843] Loss: 0.321331
Epoch 395 [35000/84843] Loss: 0.409016
Epoch 395 [70000/84843] Loss: 0.360690
Epoch 395 - Avg Loss: 0.386997 | Train Acc: 95.49%
Val: loss=0.3398, acc=10705/10975 (97.54%)
Epoch 396 [0/84843] Loss: 0.373192
Epoch 396 [35000/84843] Loss: 0.411105
Epoch 396 [70000/84843] Loss: 0.357023
Epoch 396 - Avg Loss: 0.391692 | Train Acc: 95.28%
Val: loss=0.3399, acc=10705/10975 (97.54%)
Epoch 397 [0/84843] Loss: 0.470265
Epoch 397 [35000/84843] Loss: 0.419124
Epoch 397 [70000/84843] Loss: 0.498178
Epoch 397 - Avg Loss: 0.389335 | Train Acc: 95.38%
Val: loss=0.3394, acc=10708/10975 (97.57%)
Epoch 398 [0/84843] Loss: 0.320387
Epoch 398 [35000/84843] Loss: 0.445577
Epoch 398 [70000/84843] Loss: 0.355370
Epoch 398 - Avg Loss: 0.389252 | Train Acc: 95.35%
Val: loss=0.3400, acc=10706/10975 (97.55%)
Epoch 399 [0/84843] Loss: 0.325754
Epoch 399 [35000/84843] Loss: 0.337146
Epoch 399 [70000/84843] Loss: 0.291077
Epoch 399 - Avg Loss: 0.387250 | Train Acc: 95.51%
Val: loss=0.3394, acc=10708/10975 (97.57%)
Epoch 400 [0/84843] Loss: 0.472410
Epoch 400 [35000/84843] Loss: 0.383475
Epoch 400 [70000/84843] Loss: 0.320039
Epoch 400 - Avg Loss: 0.386260 | Train Acc: 95.49%
Val: loss=0.3396, acc=10709/10975 (97.58%)
Test: loss=0.3586, acc=11733/12101 (96.96%)
Saved plot to /scratch/work/lainem31/PTQ_project/keyword_spotting/plots/17565258/train_val_24_mels_delta_17565258_0.png
