Running feature config: 24_mels_delta (task 6)
SpecAugment freq_mask=20 time_mask=15
Device: cuda
Feature config: 24_mels_delta -> {'n_mels': 24, 'use_delta': True, 'use_delta_delta': False}
SpecAugment: True freq_mask=20 time_mask=15
GPU Name: Tesla V100-PCIE-32GB
GPU Memory: 34.07 GB
Total model parameters: 47,628
Epoch 1 [0/84843] Loss: 2.461810
Epoch 1 [35000/84843] Loss: 1.100010
Epoch 1 [70000/84843] Loss: 1.109456
Epoch 1 - Avg Loss: 1.233001 | Train Acc: 67.27%
Val: loss=0.8030, acc=8715/10975 (79.41%)
saved best: 79.41%
Epoch 2 [0/84843] Loss: 0.733252
Epoch 2 [35000/84843] Loss: 0.716906
Epoch 2 [70000/84843] Loss: 0.836314
Epoch 2 - Avg Loss: 0.794729 | Train Acc: 79.65%
Val: loss=0.5926, acc=9756/10975 (88.89%)
saved best: 88.89%
Epoch 3 [0/84843] Loss: 0.656865
Epoch 3 [35000/84843] Loss: 0.504494
Epoch 3 [70000/84843] Loss: 0.745952
Epoch 3 - Avg Loss: 0.684431 | Train Acc: 84.17%
Val: loss=0.5092, acc=10058/10975 (91.64%)
saved best: 91.64%
Epoch 4 [0/84843] Loss: 0.506718
Epoch 4 [35000/84843] Loss: 0.698339
Epoch 4 [70000/84843] Loss: 0.697943
Epoch 4 - Avg Loss: 0.636785 | Train Acc: 85.82%
Val: loss=0.4847, acc=10152/10975 (92.50%)
saved best: 92.50%
Epoch 5 [0/84843] Loss: 0.568519
Epoch 5 [35000/84843] Loss: 0.602101
Epoch 5 [70000/84843] Loss: 0.703519
Epoch 5 - Avg Loss: 0.607701 | Train Acc: 87.01%
Val: loss=0.4775, acc=10190/10975 (92.85%)
saved best: 92.85%
Epoch 6 [0/84843] Loss: 0.558243
Epoch 6 [35000/84843] Loss: 0.687003
Epoch 6 [70000/84843] Loss: 0.471640
Epoch 6 - Avg Loss: 0.587813 | Train Acc: 87.71%
Val: loss=0.4808, acc=10161/10975 (92.58%)
Epoch 7 [0/84843] Loss: 0.537004
Epoch 7 [35000/84843] Loss: 0.642749
Epoch 7 [70000/84843] Loss: 0.684413
Epoch 7 - Avg Loss: 0.577242 | Train Acc: 88.17%
Val: loss=0.4708, acc=10198/10975 (92.92%)
saved best: 92.92%
Epoch 8 [0/84843] Loss: 0.647550
Epoch 8 [35000/84843] Loss: 0.474547
Epoch 8 [70000/84843] Loss: 0.660628
Epoch 8 - Avg Loss: 0.562880 | Train Acc: 88.75%
Val: loss=0.4442, acc=10324/10975 (94.07%)
saved best: 94.07%
Epoch 9 [0/84843] Loss: 0.419589
Epoch 9 [35000/84843] Loss: 0.519798
Epoch 9 [70000/84843] Loss: 0.558299
Epoch 9 - Avg Loss: 0.557047 | Train Acc: 89.01%
Val: loss=0.4537, acc=10281/10975 (93.68%)
Epoch 10 [0/84843] Loss: 0.581036
Epoch 10 [35000/84843] Loss: 0.708648
Epoch 10 [70000/84843] Loss: 0.519381
Epoch 10 - Avg Loss: 0.550063 | Train Acc: 89.21%
Val: loss=0.4275, acc=10372/10975 (94.51%)
saved best: 94.51%
Epoch 11 [0/84843] Loss: 0.547343
Epoch 11 [35000/84843] Loss: 0.546149
Epoch 11 [70000/84843] Loss: 0.568519
Epoch 11 - Avg Loss: 0.541755 | Train Acc: 89.59%
Val: loss=0.4357, acc=10362/10975 (94.41%)
Epoch 12 [0/84843] Loss: 0.534140
Epoch 12 [35000/84843] Loss: 0.744857
Epoch 12 [70000/84843] Loss: 0.543961
Epoch 12 - Avg Loss: 0.535353 | Train Acc: 89.77%
Val: loss=0.4363, acc=10338/10975 (94.20%)
Epoch 13 [0/84843] Loss: 0.390678
Epoch 13 [35000/84843] Loss: 0.477234
Epoch 13 [70000/84843] Loss: 0.602246
Epoch 13 - Avg Loss: 0.531769 | Train Acc: 89.97%
Val: loss=0.4316, acc=10339/10975 (94.21%)
Epoch 14 [0/84843] Loss: 0.446139
Epoch 14 [35000/84843] Loss: 0.465446
Epoch 14 [70000/84843] Loss: 0.401769
Epoch 14 - Avg Loss: 0.525772 | Train Acc: 90.18%
Val: loss=0.4239, acc=10406/10975 (94.82%)
saved best: 94.82%
Epoch 15 [0/84843] Loss: 0.503590
Epoch 15 [35000/84843] Loss: 0.535469
Epoch 15 [70000/84843] Loss: 0.571973
Epoch 15 - Avg Loss: 0.524447 | Train Acc: 90.29%
Val: loss=0.4028, acc=10480/10975 (95.49%)
saved best: 95.49%
Epoch 16 [0/84843] Loss: 0.360696
Epoch 16 [35000/84843] Loss: 0.381472
Epoch 16 [70000/84843] Loss: 0.596410
Epoch 16 - Avg Loss: 0.516763 | Train Acc: 90.54%
Val: loss=0.4109, acc=10444/10975 (95.16%)
Epoch 17 [0/84843] Loss: 0.416395
Epoch 17 [35000/84843] Loss: 0.530214
Epoch 17 [70000/84843] Loss: 0.369958
Epoch 17 - Avg Loss: 0.520030 | Train Acc: 90.47%
Val: loss=0.4111, acc=10429/10975 (95.03%)
Epoch 18 [0/84843] Loss: 0.358136
Epoch 18 [35000/84843] Loss: 0.450125
Epoch 18 [70000/84843] Loss: 0.391972
Epoch 18 - Avg Loss: 0.513092 | Train Acc: 90.63%
Val: loss=0.4047, acc=10452/10975 (95.23%)
Epoch 19 [0/84843] Loss: 0.477072
Epoch 19 [35000/84843] Loss: 0.486292
Epoch 19 [70000/84843] Loss: 0.347779
Epoch 19 - Avg Loss: 0.506308 | Train Acc: 90.95%
Val: loss=0.4010, acc=10463/10975 (95.33%)
Epoch 20 [0/84843] Loss: 0.407942
Epoch 20 [35000/84843] Loss: 0.564219
Epoch 20 [70000/84843] Loss: 0.448437
Epoch 20 - Avg Loss: 0.507752 | Train Acc: 90.94%
Val: loss=0.4256, acc=10369/10975 (94.48%)
Epoch 21 [0/84843] Loss: 0.518400
Epoch 21 [35000/84843] Loss: 0.442537
Epoch 21 [70000/84843] Loss: 0.513122
Epoch 21 - Avg Loss: 0.507323 | Train Acc: 90.88%
Val: loss=0.4083, acc=10448/10975 (95.20%)
Epoch 22 [0/84843] Loss: 0.497467
Epoch 22 [35000/84843] Loss: 0.613789
Epoch 22 [70000/84843] Loss: 0.466106
Epoch 22 - Avg Loss: 0.499879 | Train Acc: 91.17%
Val: loss=0.4091, acc=10433/10975 (95.06%)
Epoch 23 [0/84843] Loss: 0.565395
Epoch 23 [35000/84843] Loss: 0.518978
Epoch 23 [70000/84843] Loss: 0.528370
Epoch 23 - Avg Loss: 0.500203 | Train Acc: 91.18%
Val: loss=0.3958, acc=10494/10975 (95.62%)
saved best: 95.62%
Epoch 24 [0/84843] Loss: 0.587421
Epoch 24 [35000/84843] Loss: 0.380152
Epoch 24 [70000/84843] Loss: 0.424657
Epoch 24 - Avg Loss: 0.496825 | Train Acc: 91.34%
Val: loss=0.3899, acc=10508/10975 (95.74%)
saved best: 95.74%
Epoch 25 [0/84843] Loss: 0.532750
Epoch 25 [35000/84843] Loss: 0.372484
Epoch 25 [70000/84843] Loss: 0.524121
Epoch 25 - Avg Loss: 0.494718 | Train Acc: 91.43%
Val: loss=0.3939, acc=10499/10975 (95.66%)
Epoch 26 [0/84843] Loss: 0.648598
Epoch 26 [35000/84843] Loss: 0.509751
Epoch 26 [70000/84843] Loss: 0.508466
Epoch 26 - Avg Loss: 0.499013 | Train Acc: 91.15%
Val: loss=0.3951, acc=10470/10975 (95.40%)
Epoch 27 [0/84843] Loss: 0.434371
Epoch 27 [35000/84843] Loss: 0.494782
Epoch 27 [70000/84843] Loss: 0.644904
Epoch 27 - Avg Loss: 0.492339 | Train Acc: 91.52%
Val: loss=0.3923, acc=10521/10975 (95.86%)
saved best: 95.86%
Epoch 28 [0/84843] Loss: 0.550498
Epoch 28 [35000/84843] Loss: 0.458951
Epoch 28 [70000/84843] Loss: 0.454025
Epoch 28 - Avg Loss: 0.495609 | Train Acc: 91.34%
Val: loss=0.3903, acc=10539/10975 (96.03%)
saved best: 96.03%
Epoch 29 [0/84843] Loss: 0.443061
Epoch 29 [35000/84843] Loss: 0.482478
Epoch 29 [70000/84843] Loss: 0.568584
Epoch 29 - Avg Loss: 0.491539 | Train Acc: 91.47%
Val: loss=0.3974, acc=10486/10975 (95.54%)
Epoch 30 [0/84843] Loss: 0.450808
Epoch 30 [35000/84843] Loss: 0.581268
Epoch 30 [70000/84843] Loss: 0.584510
Epoch 30 - Avg Loss: 0.487262 | Train Acc: 91.70%
Val: loss=0.3877, acc=10538/10975 (96.02%)
Epoch 31 [0/84843] Loss: 0.440552
Epoch 31 [35000/84843] Loss: 0.573749
Epoch 31 [70000/84843] Loss: 0.580703
Epoch 31 - Avg Loss: 0.489893 | Train Acc: 91.55%
Val: loss=0.3941, acc=10506/10975 (95.73%)
Epoch 32 [0/84843] Loss: 0.480809
Epoch 32 [35000/84843] Loss: 0.542507
Epoch 32 [70000/84843] Loss: 0.528317
Epoch 32 - Avg Loss: 0.490970 | Train Acc: 91.47%
Val: loss=0.4053, acc=10432/10975 (95.05%)
Epoch 33 [0/84843] Loss: 0.556842
Epoch 33 [35000/84843] Loss: 0.536008
Epoch 33 [70000/84843] Loss: 0.505941
Epoch 33 - Avg Loss: 0.486700 | Train Acc: 91.64%
Val: loss=0.3880, acc=10533/10975 (95.97%)
Epoch 34 [0/84843] Loss: 0.398198
Epoch 34 [35000/84843] Loss: 0.533639
Epoch 34 [70000/84843] Loss: 0.506786
Epoch 34 - Avg Loss: 0.485044 | Train Acc: 91.70%
Val: loss=0.3888, acc=10521/10975 (95.86%)
Epoch 35 [0/84843] Loss: 0.533754
Epoch 35 [35000/84843] Loss: 0.609783
Epoch 35 [70000/84843] Loss: 0.456206
Epoch 35 - Avg Loss: 0.485881 | Train Acc: 91.70%
Val: loss=0.4082, acc=10413/10975 (94.88%)
Epoch 36 [0/84843] Loss: 0.440815
Epoch 36 [35000/84843] Loss: 0.416790
Epoch 36 [70000/84843] Loss: 0.479581
Epoch 36 - Avg Loss: 0.484770 | Train Acc: 91.68%
Val: loss=0.3820, acc=10549/10975 (96.12%)
saved best: 96.12%
Epoch 37 [0/84843] Loss: 0.343594
Epoch 37 [35000/84843] Loss: 0.647085
Epoch 37 [70000/84843] Loss: 0.531005
Epoch 37 - Avg Loss: 0.481392 | Train Acc: 91.86%
Val: loss=0.3878, acc=10515/10975 (95.81%)
Epoch 38 [0/84843] Loss: 0.517246
Epoch 38 [35000/84843] Loss: 0.469266
Epoch 38 [70000/84843] Loss: 0.522805
Epoch 38 - Avg Loss: 0.482124 | Train Acc: 91.76%
Val: loss=0.3822, acc=10533/10975 (95.97%)
Epoch 39 [0/84843] Loss: 0.660668
Epoch 39 [35000/84843] Loss: 0.501237
Epoch 39 [70000/84843] Loss: 0.387126
Epoch 39 - Avg Loss: 0.481062 | Train Acc: 91.79%
Val: loss=0.3980, acc=10478/10975 (95.47%)
Epoch 40 [0/84843] Loss: 0.498792
Epoch 40 [35000/84843] Loss: 0.455506
Epoch 40 [70000/84843] Loss: 0.527263
Epoch 40 - Avg Loss: 0.482891 | Train Acc: 91.79%
Val: loss=0.3888, acc=10507/10975 (95.74%)
Epoch 41 [0/84843] Loss: 0.413681
Epoch 41 [35000/84843] Loss: 0.325390
Epoch 41 [70000/84843] Loss: 0.423716
Epoch 41 - Avg Loss: 0.476548 | Train Acc: 92.13%
Val: loss=0.3763, acc=10578/10975 (96.38%)
saved best: 96.38%
Epoch 42 [0/84843] Loss: 0.535474
Epoch 42 [35000/84843] Loss: 0.659130
Epoch 42 [70000/84843] Loss: 0.424322
Epoch 42 - Avg Loss: 0.476377 | Train Acc: 91.99%
Val: loss=0.3790, acc=10575/10975 (96.36%)
Epoch 43 [0/84843] Loss: 0.433797
Epoch 43 [35000/84843] Loss: 0.412080
Epoch 43 [70000/84843] Loss: 0.583254
Epoch 43 - Avg Loss: 0.476552 | Train Acc: 92.08%
Val: loss=0.3890, acc=10522/10975 (95.87%)
Epoch 44 [0/84843] Loss: 0.535894
Epoch 44 [35000/84843] Loss: 0.531398
Epoch 44 [70000/84843] Loss: 0.407781
Epoch 44 - Avg Loss: 0.476411 | Train Acc: 92.15%
Val: loss=0.3829, acc=10545/10975 (96.08%)
Epoch 45 [0/84843] Loss: 0.415137
Epoch 45 [35000/84843] Loss: 0.509724
Epoch 45 [70000/84843] Loss: 0.490942
Epoch 45 - Avg Loss: 0.473636 | Train Acc: 92.21%
Val: loss=0.3996, acc=10474/10975 (95.44%)
Epoch 46 [0/84843] Loss: 0.498957
Epoch 46 [35000/84843] Loss: 0.422845
Epoch 46 [70000/84843] Loss: 0.466004
Epoch 46 - Avg Loss: 0.475441 | Train Acc: 92.08%
Val: loss=0.3924, acc=10480/10975 (95.49%)
Epoch 47 [0/84843] Loss: 0.485707
Epoch 47 [35000/84843] Loss: 0.481524
Epoch 47 [70000/84843] Loss: 0.436920
Epoch 47 - Avg Loss: 0.470896 | Train Acc: 92.32%
Val: loss=0.3988, acc=10473/10975 (95.43%)
Epoch 48 [0/84843] Loss: 0.583970
Epoch 48 [35000/84843] Loss: 0.724589
Epoch 48 [70000/84843] Loss: 0.449028
Epoch 48 - Avg Loss: 0.470405 | Train Acc: 92.37%
Val: loss=0.3976, acc=10460/10975 (95.31%)
Epoch 49 [0/84843] Loss: 0.433850
Epoch 49 [35000/84843] Loss: 0.522022
Epoch 49 [70000/84843] Loss: 0.669606
Epoch 49 - Avg Loss: 0.471422 | Train Acc: 92.33%
Val: loss=0.3780, acc=10574/10975 (96.35%)
Epoch 50 [0/84843] Loss: 0.463358
Epoch 50 [35000/84843] Loss: 0.382746
Epoch 50 [70000/84843] Loss: 0.683742
Epoch 50 - Avg Loss: 0.471399 | Train Acc: 92.18%
Val: loss=0.3784, acc=10566/10975 (96.27%)
Epoch 51 [0/84843] Loss: 0.441036
Epoch 51 [35000/84843] Loss: 0.485264
Epoch 51 [70000/84843] Loss: 0.492610
Epoch 51 - Avg Loss: 0.468775 | Train Acc: 92.35%
Val: loss=0.3918, acc=10496/10975 (95.64%)
Epoch 52 [0/84843] Loss: 0.389265
Epoch 52 [35000/84843] Loss: 0.450483
Epoch 52 [70000/84843] Loss: 0.486895
Epoch 52 - Avg Loss: 0.473975 | Train Acc: 92.17%
Val: loss=0.3915, acc=10512/10975 (95.78%)
Epoch 53 [0/84843] Loss: 0.397169
Epoch 53 [35000/84843] Loss: 0.500508
Epoch 53 [70000/84843] Loss: 0.477044
Epoch 53 - Avg Loss: 0.468082 | Train Acc: 92.42%
Val: loss=0.3837, acc=10547/10975 (96.10%)
Epoch 54 [0/84843] Loss: 0.423147
Epoch 54 [35000/84843] Loss: 0.529477
Epoch 54 [70000/84843] Loss: 0.517391
Epoch 54 - Avg Loss: 0.470798 | Train Acc: 92.30%
Val: loss=0.3841, acc=10543/10975 (96.06%)
Epoch 55 [0/84843] Loss: 0.643824
Epoch 55 [35000/84843] Loss: 0.493244
Epoch 55 [70000/84843] Loss: 0.451050
Epoch 55 - Avg Loss: 0.466516 | Train Acc: 92.47%
Val: loss=0.3851, acc=10542/10975 (96.05%)
Epoch 56 [0/84843] Loss: 0.333528
Epoch 56 [35000/84843] Loss: 0.462844
Epoch 56 [70000/84843] Loss: 0.446586
Epoch 56 - Avg Loss: 0.467279 | Train Acc: 92.37%
Val: loss=0.3767, acc=10580/10975 (96.40%)
saved best: 96.40%
Epoch 57 [0/84843] Loss: 0.384639
Epoch 57 [35000/84843] Loss: 0.355663
Epoch 57 [70000/84843] Loss: 0.547793
Epoch 57 - Avg Loss: 0.467519 | Train Acc: 92.35%
Val: loss=0.3879, acc=10519/10975 (95.85%)
Epoch 58 [0/84843] Loss: 0.443945
Epoch 58 [35000/84843] Loss: 0.358713
Epoch 58 [70000/84843] Loss: 0.468497
Epoch 58 - Avg Loss: 0.469374 | Train Acc: 92.28%
Val: loss=0.3889, acc=10495/10975 (95.63%)
Epoch 59 [0/84843] Loss: 0.686704
Epoch 59 [35000/84843] Loss: 0.574089
Epoch 59 [70000/84843] Loss: 0.523886
Epoch 59 - Avg Loss: 0.470407 | Train Acc: 92.28%
Val: loss=0.3757, acc=10570/10975 (96.31%)
Epoch 60 [0/84843] Loss: 0.583041
Epoch 60 [35000/84843] Loss: 0.417229
Epoch 60 [70000/84843] Loss: 0.377183
Epoch 60 - Avg Loss: 0.466351 | Train Acc: 92.38%
Val: loss=0.3856, acc=10526/10975 (95.91%)
Epoch 61 [0/84843] Loss: 0.667866
Epoch 61 [35000/84843] Loss: 0.537185
Epoch 61 [70000/84843] Loss: 0.389959
Epoch 61 - Avg Loss: 0.463767 | Train Acc: 92.51%
Val: loss=0.3827, acc=10536/10975 (96.00%)
Epoch 62 [0/84843] Loss: 0.434964
Epoch 62 [35000/84843] Loss: 0.389163
Epoch 62 [70000/84843] Loss: 0.491208
Epoch 62 - Avg Loss: 0.464487 | Train Acc: 92.49%
Val: loss=0.3829, acc=10546/10975 (96.09%)
Epoch 63 [0/84843] Loss: 0.551933
Epoch 63 [35000/84843] Loss: 0.468058
Epoch 63 [70000/84843] Loss: 0.405074
Epoch 63 - Avg Loss: 0.459037 | Train Acc: 92.70%
Val: loss=0.3938, acc=10479/10975 (95.48%)
Epoch 64 [0/84843] Loss: 0.383103
Epoch 64 [35000/84843] Loss: 0.498615
Epoch 64 [70000/84843] Loss: 0.404080
Epoch 64 - Avg Loss: 0.462464 | Train Acc: 92.68%
Val: loss=0.3828, acc=10546/10975 (96.09%)
Epoch 65 [0/84843] Loss: 0.518060
Epoch 65 [35000/84843] Loss: 0.446830
Epoch 65 [70000/84843] Loss: 0.402655
Epoch 65 - Avg Loss: 0.462384 | Train Acc: 92.57%
Val: loss=0.3834, acc=10541/10975 (96.05%)
Epoch 66 [0/84843] Loss: 0.341283
Epoch 66 [35000/84843] Loss: 0.381650
Epoch 66 [70000/84843] Loss: 0.399932
Epoch 66 - Avg Loss: 0.463599 | Train Acc: 92.58%
Val: loss=0.3761, acc=10580/10975 (96.40%)
Epoch 67 [0/84843] Loss: 0.437764
Epoch 67 [35000/84843] Loss: 0.580278
Epoch 67 [70000/84843] Loss: 0.459003
Epoch 67 - Avg Loss: 0.462947 | Train Acc: 92.58%
Val: loss=0.3794, acc=10563/10975 (96.25%)
Epoch 68 [0/84843] Loss: 0.596726
Epoch 68 [35000/84843] Loss: 0.434916
Epoch 68 [70000/84843] Loss: 0.709834
Epoch 68 - Avg Loss: 0.461351 | Train Acc: 92.64%
Val: loss=0.3974, acc=10474/10975 (95.44%)
Epoch 69 [0/84843] Loss: 0.418300
Epoch 69 [35000/84843] Loss: 0.500606
Epoch 69 [70000/84843] Loss: 0.622930
Epoch 69 - Avg Loss: 0.461272 | Train Acc: 92.64%
Val: loss=0.3827, acc=10537/10975 (96.01%)
Epoch 70 [0/84843] Loss: 0.417766
Epoch 70 [35000/84843] Loss: 0.596176
Epoch 70 [70000/84843] Loss: 0.341725
Epoch 70 - Avg Loss: 0.458806 | Train Acc: 92.72%
Val: loss=0.3893, acc=10510/10975 (95.76%)
Epoch 71 [0/84843] Loss: 0.597344
Epoch 71 [35000/84843] Loss: 0.409991
Epoch 71 [70000/84843] Loss: 0.485206
Epoch 71 - Avg Loss: 0.463084 | Train Acc: 92.56%
Val: loss=0.3695, acc=10606/10975 (96.64%)
saved best: 96.64%
Epoch 72 [0/84843] Loss: 0.380554
Epoch 72 [35000/84843] Loss: 0.337806
Epoch 72 [70000/84843] Loss: 0.401776
Epoch 72 - Avg Loss: 0.459475 | Train Acc: 92.69%
Val: loss=0.3802, acc=10561/10975 (96.23%)
Epoch 73 [0/84843] Loss: 0.493253
Epoch 73 [35000/84843] Loss: 0.436692
Epoch 73 [70000/84843] Loss: 0.432666
Epoch 73 - Avg Loss: 0.457162 | Train Acc: 92.83%
Val: loss=0.3760, acc=10565/10975 (96.26%)
Epoch 74 [0/84843] Loss: 0.425230
Epoch 74 [35000/84843] Loss: 0.325341
Epoch 74 [70000/84843] Loss: 0.371343
Epoch 74 - Avg Loss: 0.458037 | Train Acc: 92.83%
Val: loss=0.3773, acc=10556/10975 (96.18%)
Epoch 75 [0/84843] Loss: 0.492581
Epoch 75 [35000/84843] Loss: 0.578199
Epoch 75 [70000/84843] Loss: 0.372001
Epoch 75 - Avg Loss: 0.458547 | Train Acc: 92.72%
Val: loss=0.3754, acc=10564/10975 (96.26%)
Epoch 76 [0/84843] Loss: 0.589989
Epoch 76 [35000/84843] Loss: 0.415766
Epoch 76 [70000/84843] Loss: 0.524492
Epoch 76 - Avg Loss: 0.458071 | Train Acc: 92.73%
Val: loss=0.3758, acc=10574/10975 (96.35%)
Epoch 77 [0/84843] Loss: 0.443991
Epoch 77 [35000/84843] Loss: 0.500528
Epoch 77 [70000/84843] Loss: 0.580732
Epoch 77 - Avg Loss: 0.456013 | Train Acc: 92.78%
Val: loss=0.3737, acc=10572/10975 (96.33%)
Epoch 78 [0/84843] Loss: 0.504913
Epoch 78 [35000/84843] Loss: 0.516639
Epoch 78 [70000/84843] Loss: 0.426944
Epoch 78 - Avg Loss: 0.458596 | Train Acc: 92.70%
Val: loss=0.3776, acc=10566/10975 (96.27%)
Epoch 79 [0/84843] Loss: 0.446963
Epoch 79 [35000/84843] Loss: 0.401276
Epoch 79 [70000/84843] Loss: 0.592242
Epoch 79 - Avg Loss: 0.456353 | Train Acc: 92.81%
Val: loss=0.3728, acc=10557/10975 (96.19%)
Epoch 80 [0/84843] Loss: 0.368098
Epoch 80 [35000/84843] Loss: 0.438991
Epoch 80 [70000/84843] Loss: 0.426835
Epoch 80 - Avg Loss: 0.454888 | Train Acc: 92.80%
Val: loss=0.3795, acc=10561/10975 (96.23%)
Epoch 81 [0/84843] Loss: 0.529956
Epoch 81 [35000/84843] Loss: 0.484337
Epoch 81 [70000/84843] Loss: 0.318178
Epoch 81 - Avg Loss: 0.454606 | Train Acc: 92.85%
Val: loss=0.3913, acc=10502/10975 (95.69%)
Epoch 82 [0/84843] Loss: 0.420596
Epoch 82 [35000/84843] Loss: 0.521959
Epoch 82 [70000/84843] Loss: 0.452738
Epoch 82 - Avg Loss: 0.455063 | Train Acc: 92.85%
Val: loss=0.3713, acc=10585/10975 (96.45%)
Epoch 83 [0/84843] Loss: 0.440953
Epoch 83 [35000/84843] Loss: 0.423655
Epoch 83 [70000/84843] Loss: 0.503102
Epoch 83 - Avg Loss: 0.455305 | Train Acc: 92.93%
Val: loss=0.3746, acc=10575/10975 (96.36%)
Epoch 84 [0/84843] Loss: 0.453693
Epoch 84 [35000/84843] Loss: 0.457326
Epoch 84 [70000/84843] Loss: 0.472201
Epoch 84 - Avg Loss: 0.459028 | Train Acc: 92.67%
Val: loss=0.3782, acc=10564/10975 (96.26%)
Epoch 85 [0/84843] Loss: 0.483731
Epoch 85 [35000/84843] Loss: 0.416701
Epoch 85 [70000/84843] Loss: 0.409330
Epoch 85 - Avg Loss: 0.455287 | Train Acc: 92.82%
Val: loss=0.3684, acc=10597/10975 (96.56%)
Epoch 86 [0/84843] Loss: 0.476945
Epoch 86 [35000/84843] Loss: 0.412962
Epoch 86 [70000/84843] Loss: 0.321608
Epoch 86 - Avg Loss: 0.453878 | Train Acc: 92.85%
Val: loss=0.3667, acc=10593/10975 (96.52%)
Epoch 87 [0/84843] Loss: 0.356102
Epoch 87 [35000/84843] Loss: 0.479214
Epoch 87 [70000/84843] Loss: 0.323890
Epoch 87 - Avg Loss: 0.453849 | Train Acc: 92.94%
Val: loss=0.3763, acc=10564/10975 (96.26%)
Epoch 88 [0/84843] Loss: 0.431686
Epoch 88 [35000/84843] Loss: 0.515489
Epoch 88 [70000/84843] Loss: 0.345714
Epoch 88 - Avg Loss: 0.453334 | Train Acc: 92.94%
Val: loss=0.3875, acc=10505/10975 (95.72%)
Epoch 89 [0/84843] Loss: 0.743665
Epoch 89 [35000/84843] Loss: 0.425889
Epoch 89 [70000/84843] Loss: 0.443276
Epoch 89 - Avg Loss: 0.452516 | Train Acc: 93.01%
Val: loss=0.3859, acc=10523/10975 (95.88%)
Epoch 90 [0/84843] Loss: 0.421604
Epoch 90 [35000/84843] Loss: 0.442024
Epoch 90 [70000/84843] Loss: 0.632667
Epoch 90 - Avg Loss: 0.453225 | Train Acc: 93.02%
Val: loss=0.3741, acc=10557/10975 (96.19%)
Epoch 91 [0/84843] Loss: 0.391697
Epoch 91 [35000/84843] Loss: 0.383821
Epoch 91 [70000/84843] Loss: 0.422196
Epoch 91 - Avg Loss: 0.453447 | Train Acc: 92.95%
Val: loss=0.3826, acc=10518/10975 (95.84%)
Epoch 92 [0/84843] Loss: 0.449327
Epoch 92 [35000/84843] Loss: 0.473635
Epoch 92 [70000/84843] Loss: 0.559336
Epoch 92 - Avg Loss: 0.450623 | Train Acc: 93.02%
Val: loss=0.3733, acc=10559/10975 (96.21%)
Epoch 93 [0/84843] Loss: 0.369399
Epoch 93 [35000/84843] Loss: 0.339804
Epoch 93 [70000/84843] Loss: 0.386506
Epoch 93 - Avg Loss: 0.450222 | Train Acc: 93.11%
Val: loss=0.3710, acc=10589/10975 (96.48%)
Epoch 94 [0/84843] Loss: 0.420267
Epoch 94 [35000/84843] Loss: 0.488530
Epoch 94 [70000/84843] Loss: 0.432056
Epoch 94 - Avg Loss: 0.448780 | Train Acc: 93.19%
Val: loss=0.3736, acc=10581/10975 (96.41%)
Epoch 95 [0/84843] Loss: 0.417981
Epoch 95 [35000/84843] Loss: 0.361377
Epoch 95 [70000/84843] Loss: 0.441923
Epoch 95 - Avg Loss: 0.451728 | Train Acc: 92.97%
Val: loss=0.3685, acc=10597/10975 (96.56%)
Epoch 96 [0/84843] Loss: 0.450693
Epoch 96 [35000/84843] Loss: 0.386733
Epoch 96 [70000/84843] Loss: 0.465524
Epoch 96 - Avg Loss: 0.451619 | Train Acc: 93.02%
Val: loss=0.3664, acc=10625/10975 (96.81%)
saved best: 96.81%
Epoch 97 [0/84843] Loss: 0.362780
Epoch 97 [35000/84843] Loss: 0.439422
Epoch 97 [70000/84843] Loss: 0.292243
Epoch 97 - Avg Loss: 0.449971 | Train Acc: 93.09%
Val: loss=0.3749, acc=10566/10975 (96.27%)
Epoch 98 [0/84843] Loss: 0.422509
Epoch 98 [35000/84843] Loss: 0.366524
Epoch 98 [70000/84843] Loss: 0.446259
Epoch 98 - Avg Loss: 0.447105 | Train Acc: 93.20%
Val: loss=0.3706, acc=10587/10975 (96.46%)
Epoch 99 [0/84843] Loss: 0.481437
Epoch 99 [35000/84843] Loss: 0.469022
Epoch 99 [70000/84843] Loss: 0.354453
Epoch 99 - Avg Loss: 0.449700 | Train Acc: 93.14%
Val: loss=0.3736, acc=10574/10975 (96.35%)
Epoch 100 [0/84843] Loss: 0.589024
Epoch 100 [35000/84843] Loss: 0.427310
Epoch 100 [70000/84843] Loss: 0.380738
Epoch 100 - Avg Loss: 0.448554 | Train Acc: 93.17%
Val: loss=0.3684, acc=10610/10975 (96.67%)
Epoch 101 [0/84843] Loss: 0.350106
Epoch 101 [35000/84843] Loss: 0.347923
Epoch 101 [70000/84843] Loss: 0.319431
Epoch 101 - Avg Loss: 0.446557 | Train Acc: 93.28%
Val: loss=0.3729, acc=10563/10975 (96.25%)
Epoch 102 [0/84843] Loss: 0.562503
Epoch 102 [35000/84843] Loss: 0.402482
Epoch 102 [70000/84843] Loss: 0.516105
Epoch 102 - Avg Loss: 0.452699 | Train Acc: 92.92%
Val: loss=0.3702, acc=10588/10975 (96.47%)
Epoch 103 [0/84843] Loss: 0.402364
Epoch 103 [35000/84843] Loss: 0.694282
Epoch 103 [70000/84843] Loss: 0.437305
Epoch 103 - Avg Loss: 0.443830 | Train Acc: 93.25%
Val: loss=0.3696, acc=10601/10975 (96.59%)
Epoch 104 [0/84843] Loss: 0.616482
Epoch 104 [35000/84843] Loss: 0.422435
Epoch 104 [70000/84843] Loss: 0.418231
Epoch 104 - Avg Loss: 0.448070 | Train Acc: 93.13%
Val: loss=0.3681, acc=10605/10975 (96.63%)
Epoch 105 [0/84843] Loss: 0.420548
Epoch 105 [35000/84843] Loss: 0.431922
Epoch 105 [70000/84843] Loss: 0.383899
Epoch 105 - Avg Loss: 0.446718 | Train Acc: 93.16%
Val: loss=0.3689, acc=10607/10975 (96.65%)
Epoch 106 [0/84843] Loss: 0.471936
Epoch 106 [35000/84843] Loss: 0.446070
Epoch 106 [70000/84843] Loss: 0.604193
Epoch 106 - Avg Loss: 0.447144 | Train Acc: 93.20%
Val: loss=0.3704, acc=10598/10975 (96.56%)
Epoch 107 [0/84843] Loss: 0.381382
Epoch 107 [35000/84843] Loss: 0.452956
Epoch 107 [70000/84843] Loss: 0.459146
Epoch 107 - Avg Loss: 0.447363 | Train Acc: 93.16%
Val: loss=0.3735, acc=10574/10975 (96.35%)
Epoch 108 [0/84843] Loss: 0.485402
Epoch 108 [35000/84843] Loss: 0.647470
Epoch 108 [70000/84843] Loss: 0.366088
Epoch 108 - Avg Loss: 0.447410 | Train Acc: 93.16%
Val: loss=0.3684, acc=10588/10975 (96.47%)
Epoch 109 [0/84843] Loss: 0.472639
Epoch 109 [35000/84843] Loss: 0.422020
Epoch 109 [70000/84843] Loss: 0.612996
Epoch 109 - Avg Loss: 0.447445 | Train Acc: 93.14%
Val: loss=0.3769, acc=10565/10975 (96.26%)
Epoch 110 [0/84843] Loss: 0.504190
Epoch 110 [35000/84843] Loss: 0.443116
Epoch 110 [70000/84843] Loss: 0.474242
Epoch 110 - Avg Loss: 0.445435 | Train Acc: 93.27%
Val: loss=0.3612, acc=10616/10975 (96.73%)
Epoch 111 [0/84843] Loss: 0.509365
Epoch 111 [35000/84843] Loss: 0.597502
Epoch 111 [70000/84843] Loss: 0.546589
Epoch 111 - Avg Loss: 0.444195 | Train Acc: 93.32%
Val: loss=0.3653, acc=10606/10975 (96.64%)
Epoch 112 [0/84843] Loss: 0.515960
Epoch 112 [35000/84843] Loss: 0.641454
Epoch 112 [70000/84843] Loss: 0.466151
Epoch 112 - Avg Loss: 0.445098 | Train Acc: 93.29%
Val: loss=0.3703, acc=10588/10975 (96.47%)
Epoch 113 [0/84843] Loss: 0.381114
Epoch 113 [35000/84843] Loss: 0.452028
Epoch 113 [70000/84843] Loss: 0.426220
Epoch 113 - Avg Loss: 0.445134 | Train Acc: 93.21%
Val: loss=0.3697, acc=10576/10975 (96.36%)
Epoch 114 [0/84843] Loss: 0.422962
Epoch 114 [35000/84843] Loss: 0.451606
Epoch 114 [70000/84843] Loss: 0.374243
Epoch 114 - Avg Loss: 0.444529 | Train Acc: 93.29%
Val: loss=0.3676, acc=10591/10975 (96.50%)
Epoch 115 [0/84843] Loss: 0.441456
Epoch 115 [35000/84843] Loss: 0.441749
Epoch 115 [70000/84843] Loss: 0.434084
Epoch 115 - Avg Loss: 0.445648 | Train Acc: 93.28%
Val: loss=0.3721, acc=10595/10975 (96.54%)
Epoch 116 [0/84843] Loss: 0.429577
Epoch 116 [35000/84843] Loss: 0.440959
Epoch 116 [70000/84843] Loss: 0.555215
Epoch 116 - Avg Loss: 0.444411 | Train Acc: 93.24%
Val: loss=0.3694, acc=10600/10975 (96.58%)
Epoch 117 [0/84843] Loss: 0.407719
Epoch 117 [35000/84843] Loss: 0.341408
Epoch 117 [70000/84843] Loss: 0.403635
Epoch 117 - Avg Loss: 0.443126 | Train Acc: 93.29%
Val: loss=0.3716, acc=10578/10975 (96.38%)
Epoch 118 [0/84843] Loss: 0.339477
Epoch 118 [35000/84843] Loss: 0.519713
Epoch 118 [70000/84843] Loss: 0.453001
Epoch 118 - Avg Loss: 0.443773 | Train Acc: 93.22%
Val: loss=0.3671, acc=10597/10975 (96.56%)
Epoch 119 [0/84843] Loss: 0.382297
Epoch 119 [35000/84843] Loss: 0.359227
Epoch 119 [70000/84843] Loss: 0.454628
Epoch 119 - Avg Loss: 0.445929 | Train Acc: 93.09%
Val: loss=0.3686, acc=10602/10975 (96.60%)
Epoch 120 [0/84843] Loss: 0.527856
Epoch 120 [35000/84843] Loss: 0.468358
Epoch 120 [70000/84843] Loss: 0.429936
Epoch 120 - Avg Loss: 0.441137 | Train Acc: 93.43%
Val: loss=0.3649, acc=10610/10975 (96.67%)
Epoch 121 [0/84843] Loss: 0.507570
Epoch 121 [35000/84843] Loss: 0.482161
Epoch 121 [70000/84843] Loss: 0.493934
Epoch 121 - Avg Loss: 0.442103 | Train Acc: 93.38%
Val: loss=0.3663, acc=10611/10975 (96.68%)
Epoch 122 [0/84843] Loss: 0.603547
Epoch 122 [35000/84843] Loss: 0.591034
Epoch 122 [70000/84843] Loss: 0.404631
Epoch 122 - Avg Loss: 0.441373 | Train Acc: 93.36%
Val: loss=0.3721, acc=10581/10975 (96.41%)
Epoch 123 [0/84843] Loss: 0.436116
Epoch 123 [35000/84843] Loss: 0.513784
Epoch 123 [70000/84843] Loss: 0.374686
Epoch 123 - Avg Loss: 0.441905 | Train Acc: 93.33%
Val: loss=0.3712, acc=10572/10975 (96.33%)
Epoch 124 [0/84843] Loss: 0.441378
Epoch 124 [35000/84843] Loss: 0.364851
Epoch 124 [70000/84843] Loss: 0.377791
Epoch 124 - Avg Loss: 0.441677 | Train Acc: 93.37%
Val: loss=0.3665, acc=10599/10975 (96.57%)
Epoch 125 [0/84843] Loss: 0.422529
Epoch 125 [35000/84843] Loss: 0.460398
Epoch 125 [70000/84843] Loss: 0.502457
Epoch 125 - Avg Loss: 0.439559 | Train Acc: 93.44%
Val: loss=0.3663, acc=10591/10975 (96.50%)
Epoch 126 [0/84843] Loss: 0.446713
Epoch 126 [35000/84843] Loss: 0.338591
Epoch 126 [70000/84843] Loss: 0.372730
Epoch 126 - Avg Loss: 0.442219 | Train Acc: 93.30%
Val: loss=0.3678, acc=10591/10975 (96.50%)
Epoch 127 [0/84843] Loss: 0.400181
Epoch 127 [35000/84843] Loss: 0.509508
Epoch 127 [70000/84843] Loss: 0.609289
Epoch 127 - Avg Loss: 0.440513 | Train Acc: 93.30%
Val: loss=0.3644, acc=10620/10975 (96.77%)
Epoch 128 [0/84843] Loss: 0.421393
Epoch 128 [35000/84843] Loss: 0.421484
Epoch 128 [70000/84843] Loss: 0.368261
Epoch 128 - Avg Loss: 0.437693 | Train Acc: 93.58%
Val: loss=0.3671, acc=10592/10975 (96.51%)
Epoch 129 [0/84843] Loss: 0.495353
Epoch 129 [35000/84843] Loss: 0.376166
Epoch 129 [70000/84843] Loss: 0.523889
Epoch 129 - Avg Loss: 0.440417 | Train Acc: 93.47%
Val: loss=0.3673, acc=10604/10975 (96.62%)
Epoch 130 [0/84843] Loss: 0.455020
Epoch 130 [35000/84843] Loss: 0.402505
Epoch 130 [70000/84843] Loss: 0.544841
Epoch 130 - Avg Loss: 0.442312 | Train Acc: 93.28%
Val: loss=0.3602, acc=10640/10975 (96.95%)
saved best: 96.95%
Epoch 131 [0/84843] Loss: 0.393965
Epoch 131 [35000/84843] Loss: 0.336438
Epoch 131 [70000/84843] Loss: 0.344231
Epoch 131 - Avg Loss: 0.440490 | Train Acc: 93.45%
Val: loss=0.3645, acc=10614/10975 (96.71%)
Epoch 132 [0/84843] Loss: 0.533215
Epoch 132 [35000/84843] Loss: 0.506958
Epoch 132 [70000/84843] Loss: 0.389221
Epoch 132 - Avg Loss: 0.439451 | Train Acc: 93.48%
Val: loss=0.3646, acc=10615/10975 (96.72%)
Epoch 133 [0/84843] Loss: 0.447723
Epoch 133 [35000/84843] Loss: 0.360173
Epoch 133 [70000/84843] Loss: 0.455987
Epoch 133 - Avg Loss: 0.439096 | Train Acc: 93.49%
Val: loss=0.3703, acc=10592/10975 (96.51%)
Epoch 134 [0/84843] Loss: 0.493974
Epoch 134 [35000/84843] Loss: 0.352936
Epoch 134 [70000/84843] Loss: 0.522814
Epoch 134 - Avg Loss: 0.438600 | Train Acc: 93.48%
Val: loss=0.3719, acc=10578/10975 (96.38%)
Epoch 135 [0/84843] Loss: 0.382671
Epoch 135 [35000/84843] Loss: 0.580416
Epoch 135 [70000/84843] Loss: 0.487059
Epoch 135 - Avg Loss: 0.440271 | Train Acc: 93.45%
Val: loss=0.3811, acc=10555/10975 (96.17%)
Epoch 136 [0/84843] Loss: 0.670588
Epoch 136 [35000/84843] Loss: 0.319592
Epoch 136 [70000/84843] Loss: 0.429171
Epoch 136 - Avg Loss: 0.438963 | Train Acc: 93.48%
Val: loss=0.3708, acc=10587/10975 (96.46%)
Epoch 137 [0/84843] Loss: 0.409624
Epoch 137 [35000/84843] Loss: 0.384175
Epoch 137 [70000/84843] Loss: 0.357892
Epoch 137 - Avg Loss: 0.436907 | Train Acc: 93.54%
Val: loss=0.3653, acc=10620/10975 (96.77%)
Epoch 138 [0/84843] Loss: 0.336101
Epoch 138 [35000/84843] Loss: 0.378404
Epoch 138 [70000/84843] Loss: 0.320926
Epoch 138 - Avg Loss: 0.435020 | Train Acc: 93.65%
Val: loss=0.3622, acc=10618/10975 (96.75%)
Epoch 139 [0/84843] Loss: 0.621900
Epoch 139 [35000/84843] Loss: 0.393657
Epoch 139 [70000/84843] Loss: 0.449288
Epoch 139 - Avg Loss: 0.436697 | Train Acc: 93.59%
Val: loss=0.3757, acc=10572/10975 (96.33%)
Epoch 140 [0/84843] Loss: 0.484833
Epoch 140 [35000/84843] Loss: 0.464299
Epoch 140 [70000/84843] Loss: 0.391733
Epoch 140 - Avg Loss: 0.437560 | Train Acc: 93.47%
Val: loss=0.3605, acc=10631/10975 (96.87%)
Epoch 141 [0/84843] Loss: 0.474139
Epoch 141 [35000/84843] Loss: 0.488321
Epoch 141 [70000/84843] Loss: 0.413337
Epoch 141 - Avg Loss: 0.436168 | Train Acc: 93.56%
Val: loss=0.3673, acc=10612/10975 (96.69%)
Epoch 142 [0/84843] Loss: 0.352322
Epoch 142 [35000/84843] Loss: 0.549808
Epoch 142 [70000/84843] Loss: 0.392588
Epoch 142 - Avg Loss: 0.437664 | Train Acc: 93.56%
Val: loss=0.3628, acc=10620/10975 (96.77%)
Epoch 143 [0/84843] Loss: 0.444321
Epoch 143 [35000/84843] Loss: 0.436050
Epoch 143 [70000/84843] Loss: 0.393724
Epoch 143 - Avg Loss: 0.438815 | Train Acc: 93.45%
Val: loss=0.3581, acc=10624/10975 (96.80%)
Epoch 144 [0/84843] Loss: 0.523614
Epoch 144 [35000/84843] Loss: 0.426739
Epoch 144 [70000/84843] Loss: 0.462066
Epoch 144 - Avg Loss: 0.436797 | Train Acc: 93.52%
Val: loss=0.3707, acc=10581/10975 (96.41%)
Epoch 145 [0/84843] Loss: 0.421954
Epoch 145 [35000/84843] Loss: 0.331221
Epoch 145 [70000/84843] Loss: 0.409683
Epoch 145 - Avg Loss: 0.436553 | Train Acc: 93.59%
Val: loss=0.3669, acc=10582/10975 (96.42%)
Epoch 146 [0/84843] Loss: 0.417380
Epoch 146 [35000/84843] Loss: 0.437058
Epoch 146 [70000/84843] Loss: 0.576709
Epoch 146 - Avg Loss: 0.439962 | Train Acc: 93.42%
Val: loss=0.3730, acc=10556/10975 (96.18%)
Epoch 147 [0/84843] Loss: 0.362402
Epoch 147 [35000/84843] Loss: 0.462648
Epoch 147 [70000/84843] Loss: 0.382350
Epoch 147 - Avg Loss: 0.436558 | Train Acc: 93.58%
Val: loss=0.3647, acc=10611/10975 (96.68%)
Epoch 148 [0/84843] Loss: 0.303128
Epoch 148 [35000/84843] Loss: 0.589530
Epoch 148 [70000/84843] Loss: 0.364283
Epoch 148 - Avg Loss: 0.433725 | Train Acc: 93.67%
Val: loss=0.3663, acc=10618/10975 (96.75%)
Epoch 149 [0/84843] Loss: 0.374576
Epoch 149 [35000/84843] Loss: 0.629321
Epoch 149 [70000/84843] Loss: 0.409999
Epoch 149 - Avg Loss: 0.436945 | Train Acc: 93.59%
Val: loss=0.3646, acc=10604/10975 (96.62%)
Epoch 150 [0/84843] Loss: 0.459008
Epoch 150 [35000/84843] Loss: 0.413617
Epoch 150 [70000/84843] Loss: 0.403114
Epoch 150 - Avg Loss: 0.432069 | Train Acc: 93.74%
Val: loss=0.3730, acc=10581/10975 (96.41%)
Epoch 151 [0/84843] Loss: 0.378540
Epoch 151 [35000/84843] Loss: 0.351788
Epoch 151 [70000/84843] Loss: 0.339393
Epoch 151 - Avg Loss: 0.433066 | Train Acc: 93.68%
Val: loss=0.3638, acc=10606/10975 (96.64%)
Epoch 152 [0/84843] Loss: 0.357965
Epoch 152 [35000/84843] Loss: 0.390927
Epoch 152 [70000/84843] Loss: 0.437590
Epoch 152 - Avg Loss: 0.434669 | Train Acc: 93.58%
Val: loss=0.3667, acc=10604/10975 (96.62%)
Epoch 153 [0/84843] Loss: 0.433292
Epoch 153 [35000/84843] Loss: 0.385724
Epoch 153 [70000/84843] Loss: 0.419806
Epoch 153 - Avg Loss: 0.434556 | Train Acc: 93.64%
Val: loss=0.3643, acc=10592/10975 (96.51%)
Epoch 154 [0/84843] Loss: 0.553584
Epoch 154 [35000/84843] Loss: 0.496823
Epoch 154 [70000/84843] Loss: 0.452038
Epoch 154 - Avg Loss: 0.434912 | Train Acc: 93.52%
Val: loss=0.3661, acc=10599/10975 (96.57%)
Epoch 155 [0/84843] Loss: 0.342344
Epoch 155 [35000/84843] Loss: 0.403105
Epoch 155 [70000/84843] Loss: 0.550034
Epoch 155 - Avg Loss: 0.435123 | Train Acc: 93.65%
Val: loss=0.3648, acc=10602/10975 (96.60%)
Epoch 156 [0/84843] Loss: 0.494539
Epoch 156 [35000/84843] Loss: 0.381051
Epoch 156 [70000/84843] Loss: 0.417297
Epoch 156 - Avg Loss: 0.433258 | Train Acc: 93.67%
Val: loss=0.3618, acc=10611/10975 (96.68%)
Epoch 157 [0/84843] Loss: 0.467222
Epoch 157 [35000/84843] Loss: 0.424767
Epoch 157 [70000/84843] Loss: 0.694427
Epoch 157 - Avg Loss: 0.434060 | Train Acc: 93.65%
Val: loss=0.3595, acc=10609/10975 (96.67%)
Epoch 158 [0/84843] Loss: 0.413838
Epoch 158 [35000/84843] Loss: 0.409179
Epoch 158 [70000/84843] Loss: 0.498091
Epoch 158 - Avg Loss: 0.432977 | Train Acc: 93.68%
Val: loss=0.3682, acc=10605/10975 (96.63%)
Epoch 159 [0/84843] Loss: 0.505741
Epoch 159 [35000/84843] Loss: 0.481334
Epoch 159 [70000/84843] Loss: 0.391981
Epoch 159 - Avg Loss: 0.431421 | Train Acc: 93.85%
Val: loss=0.3633, acc=10609/10975 (96.67%)
Epoch 160 [0/84843] Loss: 0.405327
Epoch 160 [35000/84843] Loss: 0.464482
Epoch 160 [70000/84843] Loss: 0.488827
Epoch 160 - Avg Loss: 0.431187 | Train Acc: 93.71%
Val: loss=0.3661, acc=10590/10975 (96.49%)
Epoch 161 [0/84843] Loss: 0.552852
Epoch 161 [35000/84843] Loss: 0.379166
Epoch 161 [70000/84843] Loss: 0.452732
Epoch 161 - Avg Loss: 0.431337 | Train Acc: 93.69%
Val: loss=0.3635, acc=10612/10975 (96.69%)
Epoch 162 [0/84843] Loss: 0.436098
Epoch 162 [35000/84843] Loss: 0.512845
Epoch 162 [70000/84843] Loss: 0.308126
Epoch 162 - Avg Loss: 0.430883 | Train Acc: 93.79%
Val: loss=0.3658, acc=10597/10975 (96.56%)
Epoch 163 [0/84843] Loss: 0.397648
Epoch 163 [35000/84843] Loss: 0.502970
Epoch 163 [70000/84843] Loss: 0.412997
Epoch 163 - Avg Loss: 0.429328 | Train Acc: 93.83%
Val: loss=0.3584, acc=10631/10975 (96.87%)
Epoch 164 [0/84843] Loss: 0.444498
Epoch 164 [35000/84843] Loss: 0.424726
Epoch 164 [70000/84843] Loss: 0.447081
Epoch 164 - Avg Loss: 0.433685 | Train Acc: 93.67%
Val: loss=0.3695, acc=10584/10975 (96.44%)
Epoch 165 [0/84843] Loss: 0.414472
Epoch 165 [35000/84843] Loss: 0.444580
Epoch 165 [70000/84843] Loss: 0.410755
Epoch 165 - Avg Loss: 0.432021 | Train Acc: 93.77%
Val: loss=0.3642, acc=10609/10975 (96.67%)
Epoch 166 [0/84843] Loss: 0.419998
Epoch 166 [35000/84843] Loss: 0.663478
Epoch 166 [70000/84843] Loss: 0.379036
Epoch 166 - Avg Loss: 0.429684 | Train Acc: 93.82%
Val: loss=0.3636, acc=10587/10975 (96.46%)
Epoch 167 [0/84843] Loss: 0.434556
Epoch 167 [35000/84843] Loss: 0.430396
Epoch 167 [70000/84843] Loss: 0.374718
Epoch 167 - Avg Loss: 0.428500 | Train Acc: 93.87%
Val: loss=0.3642, acc=10604/10975 (96.62%)
Epoch 168 [0/84843] Loss: 0.413861
Epoch 168 [35000/84843] Loss: 0.423071
Epoch 168 [70000/84843] Loss: 0.368122
Epoch 168 - Avg Loss: 0.428844 | Train Acc: 93.80%
Val: loss=0.3613, acc=10638/10975 (96.93%)
Epoch 169 [0/84843] Loss: 0.567540
Epoch 169 [35000/84843] Loss: 0.390737
Epoch 169 [70000/84843] Loss: 0.561399
Epoch 169 - Avg Loss: 0.429399 | Train Acc: 93.88%
Val: loss=0.3635, acc=10622/10975 (96.78%)
Epoch 170 [0/84843] Loss: 0.349854
Epoch 170 [35000/84843] Loss: 0.365993
Epoch 170 [70000/84843] Loss: 0.515617
Epoch 170 - Avg Loss: 0.429474 | Train Acc: 93.81%
Val: loss=0.3600, acc=10628/10975 (96.84%)
Epoch 171 [0/84843] Loss: 0.408764
Epoch 171 [35000/84843] Loss: 0.320088
Epoch 171 [70000/84843] Loss: 0.415718
Epoch 171 - Avg Loss: 0.427308 | Train Acc: 93.86%
Val: loss=0.3627, acc=10611/10975 (96.68%)
Epoch 172 [0/84843] Loss: 0.308180
Epoch 172 [35000/84843] Loss: 0.410010
Epoch 172 [70000/84843] Loss: 0.437284
Epoch 172 - Avg Loss: 0.431564 | Train Acc: 93.82%
Val: loss=0.3666, acc=10601/10975 (96.59%)
Epoch 173 [0/84843] Loss: 0.423464
Epoch 173 [35000/84843] Loss: 0.337370
Epoch 173 [70000/84843] Loss: 0.475406
Epoch 173 - Avg Loss: 0.426821 | Train Acc: 93.92%
Val: loss=0.3567, acc=10642/10975 (96.97%)
saved best: 96.97%
Epoch 174 [0/84843] Loss: 0.432714
Epoch 174 [35000/84843] Loss: 0.485259
Epoch 174 [70000/84843] Loss: 0.473726
Epoch 174 - Avg Loss: 0.430392 | Train Acc: 93.83%
Val: loss=0.3647, acc=10615/10975 (96.72%)
Epoch 175 [0/84843] Loss: 0.430263
Epoch 175 [35000/84843] Loss: 0.397433
Epoch 175 [70000/84843] Loss: 0.764484
Epoch 175 - Avg Loss: 0.428371 | Train Acc: 93.88%
Val: loss=0.3596, acc=10622/10975 (96.78%)
Epoch 176 [0/84843] Loss: 0.345001
Epoch 176 [35000/84843] Loss: 0.492149
Epoch 176 [70000/84843] Loss: 0.440978
Epoch 176 - Avg Loss: 0.429243 | Train Acc: 93.81%
Val: loss=0.3648, acc=10609/10975 (96.67%)
Epoch 177 [0/84843] Loss: 0.379542
Epoch 177 [35000/84843] Loss: 0.380098
Epoch 177 [70000/84843] Loss: 0.442832
Epoch 177 - Avg Loss: 0.425331 | Train Acc: 93.92%
Val: loss=0.3659, acc=10618/10975 (96.75%)
Epoch 178 [0/84843] Loss: 0.445593
Epoch 178 [35000/84843] Loss: 0.433845
Epoch 178 [70000/84843] Loss: 0.482278
Epoch 178 - Avg Loss: 0.425542 | Train Acc: 93.92%
Val: loss=0.3611, acc=10621/10975 (96.77%)
Epoch 179 [0/84843] Loss: 0.310436
Epoch 179 [35000/84843] Loss: 0.371912
Epoch 179 [70000/84843] Loss: 0.429592
Epoch 179 - Avg Loss: 0.424241 | Train Acc: 94.05%
Val: loss=0.3589, acc=10625/10975 (96.81%)
Epoch 180 [0/84843] Loss: 0.442605
Epoch 180 [35000/84843] Loss: 0.476607
Epoch 180 [70000/84843] Loss: 0.451661
Epoch 180 - Avg Loss: 0.426953 | Train Acc: 93.83%
Val: loss=0.3594, acc=10638/10975 (96.93%)
Epoch 181 [0/84843] Loss: 0.525142
Epoch 181 [35000/84843] Loss: 0.353271
Epoch 181 [70000/84843] Loss: 0.514527
Epoch 181 - Avg Loss: 0.427601 | Train Acc: 93.89%
Val: loss=0.3655, acc=10602/10975 (96.60%)
Epoch 182 [0/84843] Loss: 0.345247
Epoch 182 [35000/84843] Loss: 0.518490
Epoch 182 [70000/84843] Loss: 0.403633
Epoch 182 - Avg Loss: 0.426728 | Train Acc: 94.00%
Val: loss=0.3566, acc=10639/10975 (96.94%)
Epoch 183 [0/84843] Loss: 0.358149
Epoch 183 [35000/84843] Loss: 0.537760
Epoch 183 [70000/84843] Loss: 0.492064
Epoch 183 - Avg Loss: 0.429284 | Train Acc: 93.80%
Val: loss=0.3584, acc=10636/10975 (96.91%)
Epoch 184 [0/84843] Loss: 0.391158
Epoch 184 [35000/84843] Loss: 0.427297
Epoch 184 [70000/84843] Loss: 0.405234
Epoch 184 - Avg Loss: 0.425745 | Train Acc: 94.02%
Val: loss=0.3623, acc=10624/10975 (96.80%)
Epoch 185 [0/84843] Loss: 0.462064
Epoch 185 [35000/84843] Loss: 0.443974
Epoch 185 [70000/84843] Loss: 0.334898
Epoch 185 - Avg Loss: 0.425719 | Train Acc: 93.98%
Val: loss=0.3665, acc=10607/10975 (96.65%)
Epoch 186 [0/84843] Loss: 0.315107
Epoch 186 [35000/84843] Loss: 0.380925
Epoch 186 [70000/84843] Loss: 0.308361
Epoch 186 - Avg Loss: 0.425012 | Train Acc: 93.96%
Val: loss=0.3587, acc=10621/10975 (96.77%)
Epoch 187 [0/84843] Loss: 0.391082
Epoch 187 [35000/84843] Loss: 0.398723
Epoch 187 [70000/84843] Loss: 0.330284
Epoch 187 - Avg Loss: 0.427978 | Train Acc: 93.83%
Val: loss=0.3607, acc=10617/10975 (96.74%)
Epoch 188 [0/84843] Loss: 0.416616
Epoch 188 [35000/84843] Loss: 0.449212
Epoch 188 [70000/84843] Loss: 0.507096
Epoch 188 - Avg Loss: 0.423257 | Train Acc: 94.08%
Val: loss=0.3577, acc=10632/10975 (96.87%)
Epoch 189 [0/84843] Loss: 0.337736
Epoch 189 [35000/84843] Loss: 0.480013
Epoch 189 [70000/84843] Loss: 0.353646
Epoch 189 - Avg Loss: 0.427374 | Train Acc: 93.96%
Val: loss=0.3593, acc=10623/10975 (96.79%)
Epoch 190 [0/84843] Loss: 0.457893
Epoch 190 [35000/84843] Loss: 0.429580
Epoch 190 [70000/84843] Loss: 0.555152
Epoch 190 - Avg Loss: 0.425179 | Train Acc: 93.96%
Val: loss=0.3655, acc=10598/10975 (96.56%)
Epoch 191 [0/84843] Loss: 0.367397
Epoch 191 [35000/84843] Loss: 0.455135
Epoch 191 [70000/84843] Loss: 0.342031
Epoch 191 - Avg Loss: 0.425143 | Train Acc: 94.01%
Val: loss=0.3631, acc=10603/10975 (96.61%)
Epoch 192 [0/84843] Loss: 0.331869
Epoch 192 [35000/84843] Loss: 0.528202
Epoch 192 [70000/84843] Loss: 0.486730
Epoch 192 - Avg Loss: 0.424923 | Train Acc: 94.00%
Val: loss=0.3617, acc=10618/10975 (96.75%)
Epoch 193 [0/84843] Loss: 0.384007
Epoch 193 [35000/84843] Loss: 0.388642
Epoch 193 [70000/84843] Loss: 0.349481
Epoch 193 - Avg Loss: 0.425198 | Train Acc: 93.94%
Val: loss=0.3638, acc=10619/10975 (96.76%)
Epoch 194 [0/84843] Loss: 0.510698
Epoch 194 [35000/84843] Loss: 0.469205
Epoch 194 [70000/84843] Loss: 0.395779
Epoch 194 - Avg Loss: 0.423164 | Train Acc: 94.12%
Val: loss=0.3573, acc=10634/10975 (96.89%)
Epoch 195 [0/84843] Loss: 0.388166
Epoch 195 [35000/84843] Loss: 0.499186
Epoch 195 [70000/84843] Loss: 0.428034
Epoch 195 - Avg Loss: 0.423801 | Train Acc: 94.06%
Val: loss=0.3618, acc=10609/10975 (96.67%)
Epoch 196 [0/84843] Loss: 0.472672
Epoch 196 [35000/84843] Loss: 0.485207
Epoch 196 [70000/84843] Loss: 0.389751
Epoch 196 - Avg Loss: 0.423110 | Train Acc: 94.05%
Val: loss=0.3624, acc=10621/10975 (96.77%)
Epoch 197 [0/84843] Loss: 0.333879
Epoch 197 [35000/84843] Loss: 0.336874
Epoch 197 [70000/84843] Loss: 0.400396
Epoch 197 - Avg Loss: 0.421492 | Train Acc: 94.09%
Val: loss=0.3601, acc=10605/10975 (96.63%)
Epoch 198 [0/84843] Loss: 0.477834
Epoch 198 [35000/84843] Loss: 0.342300
Epoch 198 [70000/84843] Loss: 0.453145
Epoch 198 - Avg Loss: 0.420887 | Train Acc: 94.19%
Val: loss=0.3623, acc=10614/10975 (96.71%)
Epoch 199 [0/84843] Loss: 0.527086
Epoch 199 [35000/84843] Loss: 0.339349
Epoch 199 [70000/84843] Loss: 0.498229
Epoch 199 - Avg Loss: 0.421334 | Train Acc: 94.18%
Val: loss=0.3633, acc=10609/10975 (96.67%)
Epoch 200 [0/84843] Loss: 0.336148
Epoch 200 [35000/84843] Loss: 0.461607
Epoch 200 [70000/84843] Loss: 0.469585
Epoch 200 - Avg Loss: 0.424284 | Train Acc: 94.06%
Val: loss=0.3606, acc=10639/10975 (96.94%)
Epoch 201 [0/84843] Loss: 0.351379
Epoch 201 [35000/84843] Loss: 0.443553
Epoch 201 [70000/84843] Loss: 0.478128
Epoch 201 - Avg Loss: 0.424805 | Train Acc: 93.95%
Val: loss=0.3548, acc=10650/10975 (97.04%)
saved best: 97.04%
Epoch 202 [0/84843] Loss: 0.522671
Epoch 202 [35000/84843] Loss: 0.427024
Epoch 202 [70000/84843] Loss: 0.307339
Epoch 202 - Avg Loss: 0.423524 | Train Acc: 94.03%
Val: loss=0.3675, acc=10598/10975 (96.56%)
Epoch 203 [0/84843] Loss: 0.384568
Epoch 203 [35000/84843] Loss: 0.445467
Epoch 203 [70000/84843] Loss: 0.308762
Epoch 203 - Avg Loss: 0.421338 | Train Acc: 94.14%
Val: loss=0.3558, acc=10640/10975 (96.95%)
Epoch 204 [0/84843] Loss: 0.451445
Epoch 204 [35000/84843] Loss: 0.504550
Epoch 204 [70000/84843] Loss: 0.331836
Epoch 204 - Avg Loss: 0.420246 | Train Acc: 94.14%
Val: loss=0.3525, acc=10645/10975 (96.99%)
Epoch 205 [0/84843] Loss: 0.315676
Epoch 205 [35000/84843] Loss: 0.336132
Epoch 205 [70000/84843] Loss: 0.517108
Epoch 205 - Avg Loss: 0.418396 | Train Acc: 94.29%
Val: loss=0.3605, acc=10630/10975 (96.86%)
Epoch 206 [0/84843] Loss: 0.406937
Epoch 206 [35000/84843] Loss: 0.317352
Epoch 206 [70000/84843] Loss: 0.504721
Epoch 206 - Avg Loss: 0.423677 | Train Acc: 94.05%
Val: loss=0.3643, acc=10593/10975 (96.52%)
Epoch 207 [0/84843] Loss: 0.361271
Epoch 207 [35000/84843] Loss: 0.432500
Epoch 207 [70000/84843] Loss: 0.514112
Epoch 207 - Avg Loss: 0.420098 | Train Acc: 94.19%
Val: loss=0.3590, acc=10640/10975 (96.95%)
Epoch 208 [0/84843] Loss: 0.482193
Epoch 208 [35000/84843] Loss: 0.421712
Epoch 208 [70000/84843] Loss: 0.403717
Epoch 208 - Avg Loss: 0.420118 | Train Acc: 94.18%
Val: loss=0.3623, acc=10619/10975 (96.76%)
Epoch 209 [0/84843] Loss: 0.505996
Epoch 209 [35000/84843] Loss: 0.361943
Epoch 209 [70000/84843] Loss: 0.298969
Epoch 209 - Avg Loss: 0.421342 | Train Acc: 94.15%
Val: loss=0.3546, acc=10648/10975 (97.02%)
Epoch 210 [0/84843] Loss: 0.336738
Epoch 210 [35000/84843] Loss: 0.480631
Epoch 210 [70000/84843] Loss: 0.326950
Epoch 210 - Avg Loss: 0.422099 | Train Acc: 94.08%
Val: loss=0.3569, acc=10633/10975 (96.88%)
Epoch 211 [0/84843] Loss: 0.430964
Epoch 211 [35000/84843] Loss: 0.388793
Epoch 211 [70000/84843] Loss: 0.401172
Epoch 211 - Avg Loss: 0.421098 | Train Acc: 94.14%
Val: loss=0.3555, acc=10645/10975 (96.99%)
Epoch 212 [0/84843] Loss: 0.364294
Epoch 212 [35000/84843] Loss: 0.344935
Epoch 212 [70000/84843] Loss: 0.374771
Epoch 212 - Avg Loss: 0.419640 | Train Acc: 94.21%
Val: loss=0.3623, acc=10630/10975 (96.86%)
Epoch 213 [0/84843] Loss: 0.383279
Epoch 213 [35000/84843] Loss: 0.432572
Epoch 213 [70000/84843] Loss: 0.372358
Epoch 213 - Avg Loss: 0.420860 | Train Acc: 94.18%
Val: loss=0.3659, acc=10599/10975 (96.57%)
Epoch 214 [0/84843] Loss: 0.362498
Epoch 214 [35000/84843] Loss: 0.420458
Epoch 214 [70000/84843] Loss: 0.336621
Epoch 214 - Avg Loss: 0.422441 | Train Acc: 94.12%
Val: loss=0.3645, acc=10603/10975 (96.61%)
Epoch 215 [0/84843] Loss: 0.446227
Epoch 215 [35000/84843] Loss: 0.355928
Epoch 215 [70000/84843] Loss: 0.351659
Epoch 215 - Avg Loss: 0.415965 | Train Acc: 94.32%
Val: loss=0.3638, acc=10606/10975 (96.64%)
Epoch 216 [0/84843] Loss: 0.483863
Epoch 216 [35000/84843] Loss: 0.367848
Epoch 216 [70000/84843] Loss: 0.465184
Epoch 216 - Avg Loss: 0.422037 | Train Acc: 94.15%
Val: loss=0.3594, acc=10625/10975 (96.81%)
Epoch 217 [0/84843] Loss: 0.428790
Epoch 217 [35000/84843] Loss: 0.344655
Epoch 217 [70000/84843] Loss: 0.392677
Epoch 217 - Avg Loss: 0.419400 | Train Acc: 94.20%
Val: loss=0.3583, acc=10638/10975 (96.93%)
Epoch 218 [0/84843] Loss: 0.511382
Epoch 218 [35000/84843] Loss: 0.454516
Epoch 218 [70000/84843] Loss: 0.352522
Epoch 218 - Avg Loss: 0.420529 | Train Acc: 94.16%
Val: loss=0.3529, acc=10652/10975 (97.06%)
saved best: 97.06%
Epoch 219 [0/84843] Loss: 0.349744
Epoch 219 [35000/84843] Loss: 0.404473
Epoch 219 [70000/84843] Loss: 0.326883
Epoch 219 - Avg Loss: 0.419241 | Train Acc: 94.24%
Val: loss=0.3565, acc=10643/10975 (96.97%)
Epoch 220 [0/84843] Loss: 0.385386
Epoch 220 [35000/84843] Loss: 0.325644
Epoch 220 [70000/84843] Loss: 0.509212
Epoch 220 - Avg Loss: 0.417916 | Train Acc: 94.26%
Val: loss=0.3647, acc=10603/10975 (96.61%)
Epoch 221 [0/84843] Loss: 0.319004
Epoch 221 [35000/84843] Loss: 0.521484
Epoch 221 [70000/84843] Loss: 0.387927
Epoch 221 - Avg Loss: 0.420093 | Train Acc: 94.20%
Val: loss=0.3574, acc=10647/10975 (97.01%)
Epoch 222 [0/84843] Loss: 0.405226
Epoch 222 [35000/84843] Loss: 0.408832
Epoch 222 [70000/84843] Loss: 0.379166
Epoch 222 - Avg Loss: 0.418025 | Train Acc: 94.24%
Val: loss=0.3714, acc=10576/10975 (96.36%)
Epoch 223 [0/84843] Loss: 0.362143
Epoch 223 [35000/84843] Loss: 0.301076
Epoch 223 [70000/84843] Loss: 0.518651
Epoch 223 - Avg Loss: 0.417387 | Train Acc: 94.29%
Val: loss=0.3545, acc=10663/10975 (97.16%)
saved best: 97.16%
Epoch 224 [0/84843] Loss: 0.522751
Epoch 224 [35000/84843] Loss: 0.442536
Epoch 224 [70000/84843] Loss: 0.418862
Epoch 224 - Avg Loss: 0.418158 | Train Acc: 94.28%
Val: loss=0.3558, acc=10629/10975 (96.85%)
Epoch 225 [0/84843] Loss: 0.405682
Epoch 225 [35000/84843] Loss: 0.290925
Epoch 225 [70000/84843] Loss: 0.340868
Epoch 225 - Avg Loss: 0.417895 | Train Acc: 94.30%
Val: loss=0.3575, acc=10647/10975 (97.01%)
Epoch 226 [0/84843] Loss: 0.333188
Epoch 226 [35000/84843] Loss: 0.430344
Epoch 226 [70000/84843] Loss: 0.375733
Epoch 226 - Avg Loss: 0.418388 | Train Acc: 94.23%
Val: loss=0.3591, acc=10626/10975 (96.82%)
Epoch 227 [0/84843] Loss: 0.312829
Epoch 227 [35000/84843] Loss: 0.385339
Epoch 227 [70000/84843] Loss: 0.410006
Epoch 227 - Avg Loss: 0.416925 | Train Acc: 94.29%
Val: loss=0.3598, acc=10642/10975 (96.97%)
Epoch 228 [0/84843] Loss: 0.396982
Epoch 228 [35000/84843] Loss: 0.435324
Epoch 228 [70000/84843] Loss: 0.305585
Epoch 228 - Avg Loss: 0.419791 | Train Acc: 94.20%
Val: loss=0.3555, acc=10655/10975 (97.08%)
Epoch 229 [0/84843] Loss: 0.314713
Epoch 229 [35000/84843] Loss: 0.504692
Epoch 229 [70000/84843] Loss: 0.515435
Epoch 229 - Avg Loss: 0.416598 | Train Acc: 94.32%
Val: loss=0.3611, acc=10633/10975 (96.88%)
Epoch 230 [0/84843] Loss: 0.458498
Epoch 230 [35000/84843] Loss: 0.368446
Epoch 230 [70000/84843] Loss: 0.539679
Epoch 230 - Avg Loss: 0.415513 | Train Acc: 94.31%
Val: loss=0.3570, acc=10634/10975 (96.89%)
Epoch 231 [0/84843] Loss: 0.507626
Epoch 231 [35000/84843] Loss: 0.339669
Epoch 231 [70000/84843] Loss: 0.582444
Epoch 231 - Avg Loss: 0.415588 | Train Acc: 94.41%
Val: loss=0.3553, acc=10656/10975 (97.09%)
Epoch 232 [0/84843] Loss: 0.382643
Epoch 232 [35000/84843] Loss: 0.388565
Epoch 232 [70000/84843] Loss: 0.422856
Epoch 232 - Avg Loss: 0.415779 | Train Acc: 94.33%
Val: loss=0.3557, acc=10645/10975 (96.99%)
Epoch 233 [0/84843] Loss: 0.362574
Epoch 233 [35000/84843] Loss: 0.370155
Epoch 233 [70000/84843] Loss: 0.331204
Epoch 233 - Avg Loss: 0.418391 | Train Acc: 94.17%
Val: loss=0.3564, acc=10642/10975 (96.97%)
Epoch 234 [0/84843] Loss: 0.389486
Epoch 234 [35000/84843] Loss: 0.416801
Epoch 234 [70000/84843] Loss: 0.368841
Epoch 234 - Avg Loss: 0.416486 | Train Acc: 94.32%
Val: loss=0.3582, acc=10647/10975 (97.01%)
Epoch 235 [0/84843] Loss: 0.347994
Epoch 235 [35000/84843] Loss: 0.512797
Epoch 235 [70000/84843] Loss: 0.453390
Epoch 235 - Avg Loss: 0.411787 | Train Acc: 94.50%
Val: loss=0.3545, acc=10652/10975 (97.06%)
Epoch 236 [0/84843] Loss: 0.420468
Epoch 236 [35000/84843] Loss: 0.312184
Epoch 236 [70000/84843] Loss: 0.546663
Epoch 236 - Avg Loss: 0.415971 | Train Acc: 94.36%
Val: loss=0.3582, acc=10633/10975 (96.88%)
Epoch 237 [0/84843] Loss: 0.460365
Epoch 237 [35000/84843] Loss: 0.351590
Epoch 237 [70000/84843] Loss: 0.505787
Epoch 237 - Avg Loss: 0.416863 | Train Acc: 94.28%
Val: loss=0.3582, acc=10635/10975 (96.90%)
Epoch 238 [0/84843] Loss: 0.365072
Epoch 238 [35000/84843] Loss: 0.513825
Epoch 238 [70000/84843] Loss: 0.388729
Epoch 238 - Avg Loss: 0.414025 | Train Acc: 94.45%
Val: loss=0.3505, acc=10659/10975 (97.12%)
Epoch 239 [0/84843] Loss: 0.401675
Epoch 239 [35000/84843] Loss: 0.492359
Epoch 239 [70000/84843] Loss: 0.399315
Epoch 239 - Avg Loss: 0.416181 | Train Acc: 94.33%
Val: loss=0.3525, acc=10664/10975 (97.17%)
saved best: 97.17%
Epoch 240 [0/84843] Loss: 0.411826
Epoch 240 [35000/84843] Loss: 0.466286
Epoch 240 [70000/84843] Loss: 0.366908
Epoch 240 - Avg Loss: 0.412987 | Train Acc: 94.42%
Val: loss=0.3523, acc=10655/10975 (97.08%)
Epoch 241 [0/84843] Loss: 0.353615
Epoch 241 [35000/84843] Loss: 0.446306
Epoch 241 [70000/84843] Loss: 0.341090
Epoch 241 - Avg Loss: 0.416070 | Train Acc: 94.39%
Val: loss=0.3546, acc=10659/10975 (97.12%)
Epoch 242 [0/84843] Loss: 0.461293
Epoch 242 [35000/84843] Loss: 0.391213
Epoch 242 [70000/84843] Loss: 0.326184
Epoch 242 - Avg Loss: 0.415505 | Train Acc: 94.30%
Val: loss=0.3525, acc=10660/10975 (97.13%)
Epoch 243 [0/84843] Loss: 0.518826
Epoch 243 [35000/84843] Loss: 0.611801
Epoch 243 [70000/84843] Loss: 0.423384
Epoch 243 - Avg Loss: 0.414626 | Train Acc: 94.37%
Val: loss=0.3521, acc=10673/10975 (97.25%)
saved best: 97.25%
Epoch 244 [0/84843] Loss: 0.438639
Epoch 244 [35000/84843] Loss: 0.487473
Epoch 244 [70000/84843] Loss: 0.353357
Epoch 244 - Avg Loss: 0.413561 | Train Acc: 94.46%
Val: loss=0.3499, acc=10680/10975 (97.31%)
saved best: 97.31%
Epoch 245 [0/84843] Loss: 0.344974
Epoch 245 [35000/84843] Loss: 0.365621
Epoch 245 [70000/84843] Loss: 0.533576
Epoch 245 - Avg Loss: 0.417850 | Train Acc: 94.27%
Val: loss=0.3531, acc=10650/10975 (97.04%)
Epoch 246 [0/84843] Loss: 0.381345
Epoch 246 [35000/84843] Loss: 0.368077
Epoch 246 [70000/84843] Loss: 0.535525
Epoch 246 - Avg Loss: 0.415597 | Train Acc: 94.42%
Val: loss=0.3578, acc=10628/10975 (96.84%)
Epoch 247 [0/84843] Loss: 0.465801
Epoch 247 [35000/84843] Loss: 0.364394
Epoch 247 [70000/84843] Loss: 0.334012
Epoch 247 - Avg Loss: 0.412585 | Train Acc: 94.52%
Val: loss=0.3530, acc=10656/10975 (97.09%)
Epoch 248 [0/84843] Loss: 0.566337
Epoch 248 [35000/84843] Loss: 0.479526
Epoch 248 [70000/84843] Loss: 0.428136
Epoch 248 - Avg Loss: 0.413320 | Train Acc: 94.51%
Val: loss=0.3551, acc=10647/10975 (97.01%)
Epoch 249 [0/84843] Loss: 0.371504
Epoch 249 [35000/84843] Loss: 0.353962
Epoch 249 [70000/84843] Loss: 0.464909
Epoch 249 - Avg Loss: 0.413773 | Train Acc: 94.44%
Val: loss=0.3558, acc=10648/10975 (97.02%)
Epoch 250 [0/84843] Loss: 0.332195
Epoch 250 [35000/84843] Loss: 0.405009
Epoch 250 [70000/84843] Loss: 0.441634
Epoch 250 - Avg Loss: 0.410072 | Train Acc: 94.59%
Val: loss=0.3565, acc=10636/10975 (96.91%)
Epoch 251 [0/84843] Loss: 0.438238
Epoch 251 [35000/84843] Loss: 0.521438
Epoch 251 [70000/84843] Loss: 0.630131
Epoch 251 - Avg Loss: 0.413236 | Train Acc: 94.52%
Val: loss=0.3537, acc=10661/10975 (97.14%)
Epoch 252 [0/84843] Loss: 0.407286
Epoch 252 [35000/84843] Loss: 0.446696
Epoch 252 [70000/84843] Loss: 0.353036
Epoch 252 - Avg Loss: 0.409789 | Train Acc: 94.60%
Val: loss=0.3534, acc=10657/10975 (97.10%)
Epoch 253 [0/84843] Loss: 0.397763
Epoch 253 [35000/84843] Loss: 0.341997
Epoch 253 [70000/84843] Loss: 0.322642
Epoch 253 - Avg Loss: 0.411827 | Train Acc: 94.54%
Val: loss=0.3522, acc=10665/10975 (97.18%)
Epoch 254 [0/84843] Loss: 0.454106
Epoch 254 [35000/84843] Loss: 0.316028
Epoch 254 [70000/84843] Loss: 0.567413
Epoch 254 - Avg Loss: 0.413314 | Train Acc: 94.40%
Val: loss=0.3530, acc=10661/10975 (97.14%)
Epoch 255 [0/84843] Loss: 0.398431
Epoch 255 [35000/84843] Loss: 0.379770
Epoch 255 [70000/84843] Loss: 0.431081
Epoch 255 - Avg Loss: 0.410148 | Train Acc: 94.56%
Val: loss=0.3506, acc=10659/10975 (97.12%)
Epoch 256 [0/84843] Loss: 0.394050
Epoch 256 [35000/84843] Loss: 0.493005
Epoch 256 [70000/84843] Loss: 0.325419
Epoch 256 - Avg Loss: 0.413777 | Train Acc: 94.48%
Val: loss=0.3575, acc=10632/10975 (96.87%)
Epoch 257 [0/84843] Loss: 0.390812
Epoch 257 [35000/84843] Loss: 0.311152
Epoch 257 [70000/84843] Loss: 0.350815
Epoch 257 - Avg Loss: 0.413913 | Train Acc: 94.44%
Val: loss=0.3550, acc=10649/10975 (97.03%)
Epoch 258 [0/84843] Loss: 0.596725
Epoch 258 [35000/84843] Loss: 0.417840
Epoch 258 [70000/84843] Loss: 0.332395
Epoch 258 - Avg Loss: 0.412379 | Train Acc: 94.45%
Val: loss=0.3542, acc=10653/10975 (97.07%)
Epoch 259 [0/84843] Loss: 0.423963
Epoch 259 [35000/84843] Loss: 0.546931
Epoch 259 [70000/84843] Loss: 0.466375
Epoch 259 - Avg Loss: 0.409510 | Train Acc: 94.61%
Val: loss=0.3483, acc=10677/10975 (97.28%)
Epoch 260 [0/84843] Loss: 0.415727
Epoch 260 [35000/84843] Loss: 0.428315
Epoch 260 [70000/84843] Loss: 0.490126
Epoch 260 - Avg Loss: 0.410992 | Train Acc: 94.56%
Val: loss=0.3518, acc=10656/10975 (97.09%)
Epoch 261 [0/84843] Loss: 0.369322
Epoch 261 [35000/84843] Loss: 0.339295
Epoch 261 [70000/84843] Loss: 0.509396
Epoch 261 - Avg Loss: 0.411688 | Train Acc: 94.48%
Val: loss=0.3542, acc=10649/10975 (97.03%)
Epoch 262 [0/84843] Loss: 0.445312
Epoch 262 [35000/84843] Loss: 0.410146
Epoch 262 [70000/84843] Loss: 0.373231
Epoch 262 - Avg Loss: 0.409890 | Train Acc: 94.62%
Val: loss=0.3494, acc=10678/10975 (97.29%)
Epoch 263 [0/84843] Loss: 0.466365
Epoch 263 [35000/84843] Loss: 0.500373
Epoch 263 [70000/84843] Loss: 0.422590
Epoch 263 - Avg Loss: 0.413988 | Train Acc: 94.37%
Val: loss=0.3527, acc=10656/10975 (97.09%)
Epoch 264 [0/84843] Loss: 0.376728
Epoch 264 [35000/84843] Loss: 0.373184
Epoch 264 [70000/84843] Loss: 0.429338
Epoch 264 - Avg Loss: 0.408314 | Train Acc: 94.62%
Val: loss=0.3532, acc=10658/10975 (97.11%)
Epoch 265 [0/84843] Loss: 0.321549
Epoch 265 [35000/84843] Loss: 0.510866
Epoch 265 [70000/84843] Loss: 0.369428
Epoch 265 - Avg Loss: 0.407600 | Train Acc: 94.70%
Val: loss=0.3531, acc=10660/10975 (97.13%)
Epoch 266 [0/84843] Loss: 0.449176
Epoch 266 [35000/84843] Loss: 0.326434
Epoch 266 [70000/84843] Loss: 0.298101
Epoch 266 - Avg Loss: 0.409589 | Train Acc: 94.58%
Val: loss=0.3522, acc=10667/10975 (97.19%)
Epoch 267 [0/84843] Loss: 0.304309
Epoch 267 [35000/84843] Loss: 0.408409
Epoch 267 [70000/84843] Loss: 0.456848
Epoch 267 - Avg Loss: 0.409749 | Train Acc: 94.58%
Val: loss=0.3484, acc=10677/10975 (97.28%)
Epoch 268 [0/84843] Loss: 0.401032
Epoch 268 [35000/84843] Loss: 0.367284
Epoch 268 [70000/84843] Loss: 0.352316
Epoch 268 - Avg Loss: 0.406136 | Train Acc: 94.72%
Val: loss=0.3545, acc=10656/10975 (97.09%)
Epoch 269 [0/84843] Loss: 0.449569
Epoch 269 [35000/84843] Loss: 0.540159
Epoch 269 [70000/84843] Loss: 0.470020
Epoch 269 - Avg Loss: 0.409169 | Train Acc: 94.65%
Val: loss=0.3498, acc=10673/10975 (97.25%)
Epoch 270 [0/84843] Loss: 0.406771
Epoch 270 [35000/84843] Loss: 0.353214
Epoch 270 [70000/84843] Loss: 0.399450
Epoch 270 - Avg Loss: 0.409512 | Train Acc: 94.58%
Val: loss=0.3516, acc=10661/10975 (97.14%)
Epoch 271 [0/84843] Loss: 0.579024
Epoch 271 [35000/84843] Loss: 0.292661
Epoch 271 [70000/84843] Loss: 0.333522
Epoch 271 - Avg Loss: 0.409850 | Train Acc: 94.61%
Val: loss=0.3506, acc=10672/10975 (97.24%)
Epoch 272 [0/84843] Loss: 0.369862
Epoch 272 [35000/84843] Loss: 0.361742
Epoch 272 [70000/84843] Loss: 0.421861
Epoch 272 - Avg Loss: 0.409353 | Train Acc: 94.65%
Val: loss=0.3504, acc=10662/10975 (97.15%)
Epoch 273 [0/84843] Loss: 0.507301
Epoch 273 [35000/84843] Loss: 0.386198
Epoch 273 [70000/84843] Loss: 0.472321
Epoch 273 - Avg Loss: 0.408440 | Train Acc: 94.60%
Val: loss=0.3517, acc=10651/10975 (97.05%)
Epoch 274 [0/84843] Loss: 0.379605
Epoch 274 [35000/84843] Loss: 0.504849
Epoch 274 [70000/84843] Loss: 0.429534
Epoch 274 - Avg Loss: 0.409105 | Train Acc: 94.61%
Val: loss=0.3522, acc=10662/10975 (97.15%)
Epoch 275 [0/84843] Loss: 0.466220
Epoch 275 [35000/84843] Loss: 0.418921
Epoch 275 [70000/84843] Loss: 0.406461
Epoch 275 - Avg Loss: 0.406446 | Train Acc: 94.67%
Val: loss=0.3512, acc=10666/10975 (97.18%)
Epoch 276 [0/84843] Loss: 0.515900
Epoch 276 [35000/84843] Loss: 0.369742
Epoch 276 [70000/84843] Loss: 0.414179
Epoch 276 - Avg Loss: 0.405245 | Train Acc: 94.82%
Val: loss=0.3534, acc=10637/10975 (96.92%)
Epoch 277 [0/84843] Loss: 0.391292
Epoch 277 [35000/84843] Loss: 0.432289
Epoch 277 [70000/84843] Loss: 0.365946
Epoch 277 - Avg Loss: 0.406272 | Train Acc: 94.65%
Val: loss=0.3520, acc=10669/10975 (97.21%)
Epoch 278 [0/84843] Loss: 0.556336
Epoch 278 [35000/84843] Loss: 0.494815
Epoch 278 [70000/84843] Loss: 0.381916
Epoch 278 - Avg Loss: 0.407901 | Train Acc: 94.74%
Val: loss=0.3549, acc=10647/10975 (97.01%)
Epoch 279 [0/84843] Loss: 0.386203
Epoch 279 [35000/84843] Loss: 0.387256
Epoch 279 [70000/84843] Loss: 0.387656
Epoch 279 - Avg Loss: 0.407499 | Train Acc: 94.65%
Val: loss=0.3511, acc=10662/10975 (97.15%)
Epoch 280 [0/84843] Loss: 0.393914
Epoch 280 [35000/84843] Loss: 0.339015
Epoch 280 [70000/84843] Loss: 0.371805
Epoch 280 - Avg Loss: 0.408601 | Train Acc: 94.63%
Val: loss=0.3508, acc=10661/10975 (97.14%)
Epoch 281 [0/84843] Loss: 0.389383
Epoch 281 [35000/84843] Loss: 0.435205
Epoch 281 [70000/84843] Loss: 0.435143
Epoch 281 - Avg Loss: 0.405622 | Train Acc: 94.67%
Val: loss=0.3526, acc=10662/10975 (97.15%)
Epoch 282 [0/84843] Loss: 0.414714
Epoch 282 [35000/84843] Loss: 0.372987
Epoch 282 [70000/84843] Loss: 0.578705
Epoch 282 - Avg Loss: 0.409882 | Train Acc: 94.64%
Val: loss=0.3539, acc=10660/10975 (97.13%)
Epoch 283 [0/84843] Loss: 0.618080
Epoch 283 [35000/84843] Loss: 0.294621
Epoch 283 [70000/84843] Loss: 0.376672
Epoch 283 - Avg Loss: 0.404242 | Train Acc: 94.79%
Val: loss=0.3531, acc=10650/10975 (97.04%)
Epoch 284 [0/84843] Loss: 0.443200
Epoch 284 [35000/84843] Loss: 0.426763
Epoch 284 [70000/84843] Loss: 0.345397
Epoch 284 - Avg Loss: 0.406511 | Train Acc: 94.73%
Val: loss=0.3504, acc=10673/10975 (97.25%)
Epoch 285 [0/84843] Loss: 0.368089
Epoch 285 [35000/84843] Loss: 0.402780
Epoch 285 [70000/84843] Loss: 0.401433
Epoch 285 - Avg Loss: 0.406721 | Train Acc: 94.71%
Val: loss=0.3530, acc=10666/10975 (97.18%)
Epoch 286 [0/84843] Loss: 0.316256
Epoch 286 [35000/84843] Loss: 0.383714
Epoch 286 [70000/84843] Loss: 0.322960
Epoch 286 - Avg Loss: 0.407684 | Train Acc: 94.65%
Val: loss=0.3531, acc=10663/10975 (97.16%)
Epoch 287 [0/84843] Loss: 0.336159
Epoch 287 [35000/84843] Loss: 0.434149
Epoch 287 [70000/84843] Loss: 0.452716
Epoch 287 - Avg Loss: 0.407177 | Train Acc: 94.60%
Val: loss=0.3537, acc=10657/10975 (97.10%)
Epoch 288 [0/84843] Loss: 0.529841
Epoch 288 [35000/84843] Loss: 0.495749
Epoch 288 [70000/84843] Loss: 0.303432
Epoch 288 - Avg Loss: 0.408063 | Train Acc: 94.69%
Val: loss=0.3508, acc=10675/10975 (97.27%)
Epoch 289 [0/84843] Loss: 0.377722
Epoch 289 [35000/84843] Loss: 0.408824
Epoch 289 [70000/84843] Loss: 0.445222
Epoch 289 - Avg Loss: 0.406727 | Train Acc: 94.75%
Val: loss=0.3552, acc=10649/10975 (97.03%)
Epoch 290 [0/84843] Loss: 0.531327
Epoch 290 [35000/84843] Loss: 0.418841
Epoch 290 [70000/84843] Loss: 0.460229
Epoch 290 - Avg Loss: 0.405780 | Train Acc: 94.68%
Val: loss=0.3556, acc=10642/10975 (96.97%)
Epoch 291 [0/84843] Loss: 0.397458
Epoch 291 [35000/84843] Loss: 0.402396
Epoch 291 [70000/84843] Loss: 0.300628
Epoch 291 - Avg Loss: 0.402612 | Train Acc: 94.93%
Val: loss=0.3513, acc=10657/10975 (97.10%)
Epoch 292 [0/84843] Loss: 0.352739
Epoch 292 [35000/84843] Loss: 0.369954
Epoch 292 [70000/84843] Loss: 0.422938
Epoch 292 - Avg Loss: 0.405153 | Train Acc: 94.77%
Val: loss=0.3530, acc=10667/10975 (97.19%)
Epoch 293 [0/84843] Loss: 0.378911
Epoch 293 [35000/84843] Loss: 0.352338
Epoch 293 [70000/84843] Loss: 0.437195
Epoch 293 - Avg Loss: 0.405853 | Train Acc: 94.78%
Val: loss=0.3477, acc=10675/10975 (97.27%)
Epoch 294 [0/84843] Loss: 0.549631
Epoch 294 [35000/84843] Loss: 0.342735
Epoch 294 [70000/84843] Loss: 0.352878
Epoch 294 - Avg Loss: 0.405049 | Train Acc: 94.76%
Val: loss=0.3515, acc=10671/10975 (97.23%)
Epoch 295 [0/84843] Loss: 0.296609
Epoch 295 [35000/84843] Loss: 0.372623
Epoch 295 [70000/84843] Loss: 0.319228
Epoch 295 - Avg Loss: 0.404620 | Train Acc: 94.73%
Val: loss=0.3520, acc=10664/10975 (97.17%)
Epoch 296 [0/84843] Loss: 0.325478
Epoch 296 [35000/84843] Loss: 0.423558
Epoch 296 [70000/84843] Loss: 0.367359
Epoch 296 - Avg Loss: 0.406053 | Train Acc: 94.73%
Val: loss=0.3511, acc=10660/10975 (97.13%)
Epoch 297 [0/84843] Loss: 0.376997
Epoch 297 [35000/84843] Loss: 0.355721
Epoch 297 [70000/84843] Loss: 0.394387
Epoch 297 - Avg Loss: 0.403250 | Train Acc: 94.84%
Val: loss=0.3536, acc=10658/10975 (97.11%)
Epoch 298 [0/84843] Loss: 0.337916
Epoch 298 [35000/84843] Loss: 0.349857
Epoch 298 [70000/84843] Loss: 0.418498
Epoch 298 - Avg Loss: 0.401608 | Train Acc: 94.91%
Val: loss=0.3521, acc=10647/10975 (97.01%)
Epoch 299 [0/84843] Loss: 0.525627
Epoch 299 [35000/84843] Loss: 0.371041
Epoch 299 [70000/84843] Loss: 0.364396
Epoch 299 - Avg Loss: 0.404809 | Train Acc: 94.78%
Val: loss=0.3526, acc=10654/10975 (97.08%)
Epoch 300 [0/84843] Loss: 0.414682
Epoch 300 [35000/84843] Loss: 0.387235
Epoch 300 [70000/84843] Loss: 0.419223
Epoch 300 - Avg Loss: 0.405855 | Train Acc: 94.77%
Val: loss=0.3506, acc=10667/10975 (97.19%)
Epoch 301 [0/84843] Loss: 0.382182
Epoch 301 [35000/84843] Loss: 0.398639
Epoch 301 [70000/84843] Loss: 0.320205
Epoch 301 - Avg Loss: 0.403379 | Train Acc: 94.80%
Val: loss=0.3488, acc=10668/10975 (97.20%)
Epoch 302 [0/84843] Loss: 0.532783
Epoch 302 [35000/84843] Loss: 0.453823
Epoch 302 [70000/84843] Loss: 0.318865
Epoch 302 - Avg Loss: 0.402992 | Train Acc: 94.83%
Val: loss=0.3517, acc=10657/10975 (97.10%)
Epoch 303 [0/84843] Loss: 0.555778
Epoch 303 [35000/84843] Loss: 0.428729
Epoch 303 [70000/84843] Loss: 0.359941
Epoch 303 - Avg Loss: 0.406980 | Train Acc: 94.66%
Val: loss=0.3504, acc=10653/10975 (97.07%)
Epoch 304 [0/84843] Loss: 0.414269
Epoch 304 [35000/84843] Loss: 0.388212
Epoch 304 [70000/84843] Loss: 0.401700
Epoch 304 - Avg Loss: 0.402061 | Train Acc: 94.88%
Val: loss=0.3499, acc=10682/10975 (97.33%)
saved best: 97.33%
Epoch 305 [0/84843] Loss: 0.527144
Epoch 305 [35000/84843] Loss: 0.330293
Epoch 305 [70000/84843] Loss: 0.362815
Epoch 305 - Avg Loss: 0.403143 | Train Acc: 94.89%
Val: loss=0.3507, acc=10672/10975 (97.24%)
Epoch 306 [0/84843] Loss: 0.395973
Epoch 306 [35000/84843] Loss: 0.371083
Epoch 306 [70000/84843] Loss: 0.429524
Epoch 306 - Avg Loss: 0.404207 | Train Acc: 94.80%
Val: loss=0.3496, acc=10678/10975 (97.29%)
Epoch 307 [0/84843] Loss: 0.395770
Epoch 307 [35000/84843] Loss: 0.457446
Epoch 307 [70000/84843] Loss: 0.416035
Epoch 307 - Avg Loss: 0.402350 | Train Acc: 94.92%
Val: loss=0.3479, acc=10688/10975 (97.38%)
saved best: 97.38%
Epoch 308 [0/84843] Loss: 0.332091
Epoch 308 [35000/84843] Loss: 0.468747
Epoch 308 [70000/84843] Loss: 0.379263
Epoch 308 - Avg Loss: 0.404931 | Train Acc: 94.82%
Val: loss=0.3498, acc=10668/10975 (97.20%)
Epoch 309 [0/84843] Loss: 0.499962
Epoch 309 [35000/84843] Loss: 0.304161
Epoch 309 [70000/84843] Loss: 0.367324
Epoch 309 - Avg Loss: 0.402904 | Train Acc: 94.90%
Val: loss=0.3489, acc=10666/10975 (97.18%)
Epoch 310 [0/84843] Loss: 0.341820
Epoch 310 [35000/84843] Loss: 0.364376
Epoch 310 [70000/84843] Loss: 0.471169
Epoch 310 - Avg Loss: 0.402753 | Train Acc: 94.81%
Val: loss=0.3522, acc=10671/10975 (97.23%)
Epoch 311 [0/84843] Loss: 0.436318
Epoch 311 [35000/84843] Loss: 0.329595
Epoch 311 [70000/84843] Loss: 0.386528
Epoch 311 - Avg Loss: 0.402606 | Train Acc: 94.86%
Val: loss=0.3477, acc=10682/10975 (97.33%)
Epoch 312 [0/84843] Loss: 0.431844
Epoch 312 [35000/84843] Loss: 0.437465
Epoch 312 [70000/84843] Loss: 0.405218
Epoch 312 - Avg Loss: 0.400503 | Train Acc: 94.96%
Val: loss=0.3489, acc=10665/10975 (97.18%)
Epoch 313 [0/84843] Loss: 0.511767
Epoch 313 [35000/84843] Loss: 0.336753
Epoch 313 [70000/84843] Loss: 0.474710
Epoch 313 - Avg Loss: 0.401685 | Train Acc: 94.90%
Val: loss=0.3498, acc=10667/10975 (97.19%)
Epoch 314 [0/84843] Loss: 0.325975
Epoch 314 [35000/84843] Loss: 0.350282
Epoch 314 [70000/84843] Loss: 0.432840
Epoch 314 - Avg Loss: 0.400819 | Train Acc: 94.93%
Val: loss=0.3531, acc=10656/10975 (97.09%)
Epoch 315 [0/84843] Loss: 0.376666
Epoch 315 [35000/84843] Loss: 0.382789
Epoch 315 [70000/84843] Loss: 0.340339
Epoch 315 - Avg Loss: 0.402446 | Train Acc: 94.87%
Val: loss=0.3504, acc=10660/10975 (97.13%)
Epoch 316 [0/84843] Loss: 0.468578
Epoch 316 [35000/84843] Loss: 0.451708
Epoch 316 [70000/84843] Loss: 0.362077
Epoch 316 - Avg Loss: 0.406040 | Train Acc: 94.80%
Val: loss=0.3495, acc=10667/10975 (97.19%)
Epoch 317 [0/84843] Loss: 0.359158
Epoch 317 [35000/84843] Loss: 0.567003
Epoch 317 [70000/84843] Loss: 0.315526
Epoch 317 - Avg Loss: 0.403237 | Train Acc: 94.86%
Val: loss=0.3469, acc=10686/10975 (97.37%)
Epoch 318 [0/84843] Loss: 0.424560
Epoch 318 [35000/84843] Loss: 0.349217
Epoch 318 [70000/84843] Loss: 0.342886
Epoch 318 - Avg Loss: 0.398257 | Train Acc: 95.02%
Val: loss=0.3496, acc=10675/10975 (97.27%)
Epoch 319 [0/84843] Loss: 0.601352
Epoch 319 [35000/84843] Loss: 0.445530
Epoch 319 [70000/84843] Loss: 0.310937
Epoch 319 - Avg Loss: 0.401878 | Train Acc: 94.86%
Val: loss=0.3550, acc=10661/10975 (97.14%)
Epoch 320 [0/84843] Loss: 0.339384
Epoch 320 [35000/84843] Loss: 0.471470
Epoch 320 [70000/84843] Loss: 0.381050
Epoch 320 - Avg Loss: 0.403841 | Train Acc: 94.79%
Val: loss=0.3474, acc=10686/10975 (97.37%)
Epoch 321 [0/84843] Loss: 0.324522
Epoch 321 [35000/84843] Loss: 0.451665
Epoch 321 [70000/84843] Loss: 0.410200
Epoch 321 - Avg Loss: 0.401600 | Train Acc: 94.91%
Val: loss=0.3481, acc=10677/10975 (97.28%)
Epoch 322 [0/84843] Loss: 0.408933
Epoch 322 [35000/84843] Loss: 0.371567
Epoch 322 [70000/84843] Loss: 0.496483
Epoch 322 - Avg Loss: 0.400435 | Train Acc: 94.94%
Val: loss=0.3493, acc=10689/10975 (97.39%)
saved best: 97.39%
Epoch 323 [0/84843] Loss: 0.379505
Epoch 323 [35000/84843] Loss: 0.480960
Epoch 323 [70000/84843] Loss: 0.344098
Epoch 323 - Avg Loss: 0.401733 | Train Acc: 94.91%
Val: loss=0.3504, acc=10671/10975 (97.23%)
Epoch 324 [0/84843] Loss: 0.351929
Epoch 324 [35000/84843] Loss: 0.406753
Epoch 324 [70000/84843] Loss: 0.422674
Epoch 324 - Avg Loss: 0.400429 | Train Acc: 95.02%
Val: loss=0.3501, acc=10680/10975 (97.31%)
Epoch 325 [0/84843] Loss: 0.498796
Epoch 325 [35000/84843] Loss: 0.414881
Epoch 325 [70000/84843] Loss: 0.629838
Epoch 325 - Avg Loss: 0.404208 | Train Acc: 94.78%
Val: loss=0.3488, acc=10680/10975 (97.31%)
Epoch 326 [0/84843] Loss: 0.321700
Epoch 326 [35000/84843] Loss: 0.495149
Epoch 326 [70000/84843] Loss: 0.323934
Epoch 326 - Avg Loss: 0.401394 | Train Acc: 94.91%
Val: loss=0.3490, acc=10674/10975 (97.26%)
Epoch 327 [0/84843] Loss: 0.370152
Epoch 327 [35000/84843] Loss: 0.457871
Epoch 327 [70000/84843] Loss: 0.345518
Epoch 327 - Avg Loss: 0.402570 | Train Acc: 94.85%
Val: loss=0.3492, acc=10676/10975 (97.28%)
Epoch 328 [0/84843] Loss: 0.328899
Epoch 328 [35000/84843] Loss: 0.504474
Epoch 328 [70000/84843] Loss: 0.444477
Epoch 328 - Avg Loss: 0.399332 | Train Acc: 94.95%
Val: loss=0.3472, acc=10687/10975 (97.38%)
Epoch 329 [0/84843] Loss: 0.461489
Epoch 329 [35000/84843] Loss: 0.405095
Epoch 329 [70000/84843] Loss: 0.381668
Epoch 329 - Avg Loss: 0.400159 | Train Acc: 94.95%
Val: loss=0.3500, acc=10666/10975 (97.18%)
Epoch 330 [0/84843] Loss: 0.553998
Epoch 330 [35000/84843] Loss: 0.543557
Epoch 330 [70000/84843] Loss: 0.367591
Epoch 330 - Avg Loss: 0.399649 | Train Acc: 95.01%
Val: loss=0.3496, acc=10676/10975 (97.28%)
Epoch 331 [0/84843] Loss: 0.362138
Epoch 331 [35000/84843] Loss: 0.376465
Epoch 331 [70000/84843] Loss: 0.334645
Epoch 331 - Avg Loss: 0.400175 | Train Acc: 95.00%
Val: loss=0.3473, acc=10691/10975 (97.41%)
saved best: 97.41%
Epoch 332 [0/84843] Loss: 0.389547
Epoch 332 [35000/84843] Loss: 0.372172
Epoch 332 [70000/84843] Loss: 0.292801
Epoch 332 - Avg Loss: 0.400711 | Train Acc: 94.89%
Val: loss=0.3480, acc=10688/10975 (97.38%)
Epoch 333 [0/84843] Loss: 0.406370
Epoch 333 [35000/84843] Loss: 0.365737
Epoch 333 [70000/84843] Loss: 0.418127
Epoch 333 - Avg Loss: 0.401051 | Train Acc: 94.91%
Val: loss=0.3478, acc=10685/10975 (97.36%)
Epoch 334 [0/84843] Loss: 0.468076
Epoch 334 [35000/84843] Loss: 0.379043
Epoch 334 [70000/84843] Loss: 0.329386
Epoch 334 - Avg Loss: 0.401546 | Train Acc: 94.86%
Val: loss=0.3474, acc=10682/10975 (97.33%)
Epoch 335 [0/84843] Loss: 0.456943
Epoch 335 [35000/84843] Loss: 0.356633
Epoch 335 [70000/84843] Loss: 0.311487
Epoch 335 - Avg Loss: 0.401258 | Train Acc: 94.95%
Val: loss=0.3512, acc=10665/10975 (97.18%)
Epoch 336 [0/84843] Loss: 0.487781
Epoch 336 [35000/84843] Loss: 0.479968
Epoch 336 [70000/84843] Loss: 0.354286
Epoch 336 - Avg Loss: 0.400573 | Train Acc: 94.97%
Val: loss=0.3488, acc=10670/10975 (97.22%)
Epoch 337 [0/84843] Loss: 0.390133
Epoch 337 [35000/84843] Loss: 0.495992
Epoch 337 [70000/84843] Loss: 0.309611
Epoch 337 - Avg Loss: 0.399949 | Train Acc: 94.98%
Val: loss=0.3480, acc=10680/10975 (97.31%)
Epoch 338 [0/84843] Loss: 0.410161
Epoch 338 [35000/84843] Loss: 0.559600
Epoch 338 [70000/84843] Loss: 0.384098
Epoch 338 - Avg Loss: 0.400492 | Train Acc: 94.87%
Val: loss=0.3485, acc=10680/10975 (97.31%)
Epoch 339 [0/84843] Loss: 0.401184
Epoch 339 [35000/84843] Loss: 0.474746
Epoch 339 [70000/84843] Loss: 0.311784
Epoch 339 - Avg Loss: 0.399648 | Train Acc: 95.00%
Val: loss=0.3475, acc=10679/10975 (97.30%)
Epoch 340 [0/84843] Loss: 0.444311
Epoch 340 [35000/84843] Loss: 0.285934
Epoch 340 [70000/84843] Loss: 0.435394
Epoch 340 - Avg Loss: 0.401719 | Train Acc: 94.95%
Val: loss=0.3485, acc=10674/10975 (97.26%)
Epoch 341 [0/84843] Loss: 0.484798
Epoch 341 [35000/84843] Loss: 0.295706
Epoch 341 [70000/84843] Loss: 0.414804
Epoch 341 - Avg Loss: 0.401471 | Train Acc: 94.90%
Val: loss=0.3475, acc=10681/10975 (97.32%)
Epoch 342 [0/84843] Loss: 0.545944
Epoch 342 [35000/84843] Loss: 0.337587
Epoch 342 [70000/84843] Loss: 0.506140
Epoch 342 - Avg Loss: 0.399666 | Train Acc: 94.92%
Val: loss=0.3473, acc=10680/10975 (97.31%)
Epoch 343 [0/84843] Loss: 0.375411
Epoch 343 [35000/84843] Loss: 0.508145
Epoch 343 [70000/84843] Loss: 0.410587
Epoch 343 - Avg Loss: 0.399308 | Train Acc: 94.92%
Val: loss=0.3502, acc=10675/10975 (97.27%)
Epoch 344 [0/84843] Loss: 0.315778
Epoch 344 [35000/84843] Loss: 0.551707
Epoch 344 [70000/84843] Loss: 0.390114
Epoch 344 - Avg Loss: 0.400855 | Train Acc: 94.90%
Val: loss=0.3482, acc=10683/10975 (97.34%)
Epoch 345 [0/84843] Loss: 0.315416
Epoch 345 [35000/84843] Loss: 0.315270
Epoch 345 [70000/84843] Loss: 0.373419
Epoch 345 - Avg Loss: 0.399916 | Train Acc: 94.95%
Val: loss=0.3479, acc=10677/10975 (97.28%)
Epoch 346 [0/84843] Loss: 0.423253
Epoch 346 [35000/84843] Loss: 0.362499
Epoch 346 [70000/84843] Loss: 0.434597
Epoch 346 - Avg Loss: 0.401078 | Train Acc: 94.91%
Val: loss=0.3474, acc=10686/10975 (97.37%)
Epoch 347 [0/84843] Loss: 0.338456
Epoch 347 [35000/84843] Loss: 0.359860
Epoch 347 [70000/84843] Loss: 0.348294
Epoch 347 - Avg Loss: 0.398502 | Train Acc: 95.03%
Val: loss=0.3503, acc=10671/10975 (97.23%)
Epoch 348 [0/84843] Loss: 0.333289
Epoch 348 [35000/84843] Loss: 0.397758
Epoch 348 [70000/84843] Loss: 0.480834
Epoch 348 - Avg Loss: 0.399246 | Train Acc: 94.96%
Val: loss=0.3482, acc=10678/10975 (97.29%)
Epoch 349 [0/84843] Loss: 0.339613
Epoch 349 [35000/84843] Loss: 0.428242
Epoch 349 [70000/84843] Loss: 0.398211
Epoch 349 - Avg Loss: 0.399932 | Train Acc: 94.97%
Val: loss=0.3484, acc=10676/10975 (97.28%)
Epoch 350 [0/84843] Loss: 0.415095
Epoch 350 [35000/84843] Loss: 0.333269
Epoch 350 [70000/84843] Loss: 0.435890
Epoch 350 - Avg Loss: 0.399887 | Train Acc: 95.01%
Val: loss=0.3482, acc=10674/10975 (97.26%)
Epoch 351 [0/84843] Loss: 0.403338
Epoch 351 [35000/84843] Loss: 0.293763
Epoch 351 [70000/84843] Loss: 0.387602
Epoch 351 - Avg Loss: 0.399052 | Train Acc: 94.95%
Val: loss=0.3480, acc=10676/10975 (97.28%)
Epoch 352 [0/84843] Loss: 0.408390
Epoch 352 [35000/84843] Loss: 0.408384
Epoch 352 [70000/84843] Loss: 0.320607
Epoch 352 - Avg Loss: 0.399048 | Train Acc: 94.94%
Val: loss=0.3473, acc=10677/10975 (97.28%)
Epoch 353 [0/84843] Loss: 0.421335
Epoch 353 [35000/84843] Loss: 0.362535
Epoch 353 [70000/84843] Loss: 0.365729
Epoch 353 - Avg Loss: 0.399328 | Train Acc: 95.01%
Val: loss=0.3480, acc=10680/10975 (97.31%)
Epoch 354 [0/84843] Loss: 0.332354
Epoch 354 [35000/84843] Loss: 0.342210
Epoch 354 [70000/84843] Loss: 0.313299
Epoch 354 - Avg Loss: 0.399711 | Train Acc: 95.03%
Val: loss=0.3489, acc=10675/10975 (97.27%)
Epoch 355 [0/84843] Loss: 0.335363
Epoch 355 [35000/84843] Loss: 0.502875
Epoch 355 [70000/84843] Loss: 0.362520
Epoch 355 - Avg Loss: 0.397950 | Train Acc: 95.08%
Val: loss=0.3485, acc=10671/10975 (97.23%)
Epoch 356 [0/84843] Loss: 0.475012
Epoch 356 [35000/84843] Loss: 0.446322
Epoch 356 [70000/84843] Loss: 0.340270
Epoch 356 - Avg Loss: 0.397646 | Train Acc: 95.10%
Val: loss=0.3462, acc=10686/10975 (97.37%)
Epoch 357 [0/84843] Loss: 0.448918
Epoch 357 [35000/84843] Loss: 0.497882
Epoch 357 [70000/84843] Loss: 0.338152
Epoch 357 - Avg Loss: 0.399269 | Train Acc: 94.99%
Val: loss=0.3484, acc=10679/10975 (97.30%)
Epoch 358 [0/84843] Loss: 0.353406
Epoch 358 [35000/84843] Loss: 0.385754
Epoch 358 [70000/84843] Loss: 0.357972
Epoch 358 - Avg Loss: 0.398562 | Train Acc: 95.00%
Val: loss=0.3482, acc=10678/10975 (97.29%)
Epoch 359 [0/84843] Loss: 0.410829
Epoch 359 [35000/84843] Loss: 0.307970
Epoch 359 [70000/84843] Loss: 0.410115
Epoch 359 - Avg Loss: 0.400649 | Train Acc: 94.94%
Val: loss=0.3498, acc=10668/10975 (97.20%)
Epoch 360 [0/84843] Loss: 0.407472
Epoch 360 [35000/84843] Loss: 0.353650
Epoch 360 [70000/84843] Loss: 0.340888
Epoch 360 - Avg Loss: 0.397086 | Train Acc: 95.07%
Val: loss=0.3481, acc=10676/10975 (97.28%)
Epoch 361 [0/84843] Loss: 0.362286
Epoch 361 [35000/84843] Loss: 0.411203
Epoch 361 [70000/84843] Loss: 0.425366
Epoch 361 - Avg Loss: 0.396725 | Train Acc: 95.10%
Val: loss=0.3479, acc=10680/10975 (97.31%)
Epoch 362 [0/84843] Loss: 0.559692
Epoch 362 [35000/84843] Loss: 0.440950
Epoch 362 [70000/84843] Loss: 0.344628
Epoch 362 - Avg Loss: 0.398862 | Train Acc: 95.01%
Val: loss=0.3484, acc=10677/10975 (97.28%)
Epoch 363 [0/84843] Loss: 0.422324
Epoch 363 [35000/84843] Loss: 0.291846
Epoch 363 [70000/84843] Loss: 0.427925
Epoch 363 - Avg Loss: 0.399128 | Train Acc: 94.99%
Val: loss=0.3485, acc=10675/10975 (97.27%)
Epoch 364 [0/84843] Loss: 0.347289
Epoch 364 [35000/84843] Loss: 0.278019
Epoch 364 [70000/84843] Loss: 0.467119
Epoch 364 - Avg Loss: 0.398535 | Train Acc: 94.99%
Val: loss=0.3456, acc=10684/10975 (97.35%)
Epoch 365 [0/84843] Loss: 0.339909
Epoch 365 [35000/84843] Loss: 0.400587
Epoch 365 [70000/84843] Loss: 0.499575
Epoch 365 - Avg Loss: 0.399811 | Train Acc: 95.01%
Val: loss=0.3460, acc=10688/10975 (97.38%)
Epoch 366 [0/84843] Loss: 0.379527
Epoch 366 [35000/84843] Loss: 0.356580
Epoch 366 [70000/84843] Loss: 0.496539
Epoch 366 - Avg Loss: 0.399661 | Train Acc: 94.94%
Val: loss=0.3481, acc=10675/10975 (97.27%)
Epoch 367 [0/84843] Loss: 0.375021
Epoch 367 [35000/84843] Loss: 0.420750
Epoch 367 [70000/84843] Loss: 0.395477
Epoch 367 - Avg Loss: 0.398734 | Train Acc: 94.98%
Val: loss=0.3482, acc=10677/10975 (97.28%)
Epoch 368 [0/84843] Loss: 0.572145
Epoch 368 [35000/84843] Loss: 0.488830
Epoch 368 [70000/84843] Loss: 0.363259
Epoch 368 - Avg Loss: 0.398990 | Train Acc: 95.02%
Val: loss=0.3472, acc=10683/10975 (97.34%)
Epoch 369 [0/84843] Loss: 0.487996
Epoch 369 [35000/84843] Loss: 0.343328
Epoch 369 [70000/84843] Loss: 0.328900
Epoch 369 - Avg Loss: 0.398872 | Train Acc: 94.95%
Val: loss=0.3474, acc=10678/10975 (97.29%)
Epoch 370 [0/84843] Loss: 0.346127
Epoch 370 [35000/84843] Loss: 0.366652
Epoch 370 [70000/84843] Loss: 0.461833
Epoch 370 - Avg Loss: 0.395431 | Train Acc: 95.21%
Val: loss=0.3477, acc=10678/10975 (97.29%)
Epoch 371 [0/84843] Loss: 0.325636
Epoch 371 [35000/84843] Loss: 0.383040
Epoch 371 [70000/84843] Loss: 0.395473
Epoch 371 - Avg Loss: 0.398512 | Train Acc: 95.05%
Val: loss=0.3486, acc=10674/10975 (97.26%)
Epoch 372 [0/84843] Loss: 0.447498
Epoch 372 [35000/84843] Loss: 0.368700
Epoch 372 [70000/84843] Loss: 0.460957
Epoch 372 - Avg Loss: 0.394611 | Train Acc: 95.16%
Val: loss=0.3484, acc=10671/10975 (97.23%)
Epoch 373 [0/84843] Loss: 0.386031
Epoch 373 [35000/84843] Loss: 0.413965
Epoch 373 [70000/84843] Loss: 0.387366
Epoch 373 - Avg Loss: 0.399485 | Train Acc: 95.00%
Val: loss=0.3473, acc=10679/10975 (97.30%)
Epoch 374 [0/84843] Loss: 0.298969
Epoch 374 [35000/84843] Loss: 0.356341
Epoch 374 [70000/84843] Loss: 0.424047
Epoch 374 - Avg Loss: 0.396318 | Train Acc: 95.10%
Val: loss=0.3467, acc=10679/10975 (97.30%)
Epoch 375 [0/84843] Loss: 0.372251
Epoch 375 [35000/84843] Loss: 0.365610
Epoch 375 [70000/84843] Loss: 0.404355
Epoch 375 - Avg Loss: 0.397694 | Train Acc: 95.11%
Val: loss=0.3487, acc=10678/10975 (97.29%)
Epoch 376 [0/84843] Loss: 0.443710
Epoch 376 [35000/84843] Loss: 0.422449
Epoch 376 [70000/84843] Loss: 0.427407
Epoch 376 - Avg Loss: 0.398180 | Train Acc: 95.02%
Val: loss=0.3473, acc=10680/10975 (97.31%)
Epoch 377 [0/84843] Loss: 0.479950
Epoch 377 [35000/84843] Loss: 0.420484
Epoch 377 [70000/84843] Loss: 0.337532
Epoch 377 - Avg Loss: 0.395368 | Train Acc: 95.04%
Val: loss=0.3478, acc=10679/10975 (97.30%)
Epoch 378 [0/84843] Loss: 0.296527
Epoch 378 [35000/84843] Loss: 0.396975
Epoch 378 [70000/84843] Loss: 0.296029
Epoch 378 - Avg Loss: 0.399921 | Train Acc: 94.96%
Val: loss=0.3485, acc=10675/10975 (97.27%)
Epoch 379 [0/84843] Loss: 0.301298
Epoch 379 [35000/84843] Loss: 0.469396
Epoch 379 [70000/84843] Loss: 0.596263
Epoch 379 - Avg Loss: 0.396624 | Train Acc: 95.15%
Val: loss=0.3478, acc=10676/10975 (97.28%)
Epoch 380 [0/84843] Loss: 0.585179
Epoch 380 [35000/84843] Loss: 0.388405
Epoch 380 [70000/84843] Loss: 0.438297
Epoch 380 - Avg Loss: 0.394890 | Train Acc: 95.18%
Val: loss=0.3479, acc=10680/10975 (97.31%)
Epoch 381 [0/84843] Loss: 0.416716
Epoch 381 [35000/84843] Loss: 0.300492
Epoch 381 [70000/84843] Loss: 0.442186
Epoch 381 - Avg Loss: 0.400223 | Train Acc: 94.95%
Val: loss=0.3474, acc=10683/10975 (97.34%)
Epoch 382 [0/84843] Loss: 0.300490
Epoch 382 [35000/84843] Loss: 0.362567
Epoch 382 [70000/84843] Loss: 0.428968
Epoch 382 - Avg Loss: 0.397755 | Train Acc: 95.05%
Val: loss=0.3477, acc=10675/10975 (97.27%)
Epoch 383 [0/84843] Loss: 0.444316
Epoch 383 [35000/84843] Loss: 0.495004
Epoch 383 [70000/84843] Loss: 0.426257
Epoch 383 - Avg Loss: 0.397774 | Train Acc: 95.01%
Val: loss=0.3468, acc=10676/10975 (97.28%)
Epoch 384 [0/84843] Loss: 0.409957
Epoch 384 [35000/84843] Loss: 0.367365
Epoch 384 [70000/84843] Loss: 0.322913
Epoch 384 - Avg Loss: 0.399612 | Train Acc: 95.04%
Val: loss=0.3468, acc=10679/10975 (97.30%)
Epoch 385 [0/84843] Loss: 0.336814
Epoch 385 [35000/84843] Loss: 0.388410
Epoch 385 [70000/84843] Loss: 0.394643
Epoch 385 - Avg Loss: 0.399026 | Train Acc: 94.99%
Val: loss=0.3469, acc=10682/10975 (97.33%)
Epoch 386 [0/84843] Loss: 0.368887
Epoch 386 [35000/84843] Loss: 0.302867
Epoch 386 [70000/84843] Loss: 0.495448
Epoch 386 - Avg Loss: 0.398173 | Train Acc: 94.99%
Val: loss=0.3463, acc=10681/10975 (97.32%)
Epoch 387 [0/84843] Loss: 0.409356
Epoch 387 [35000/84843] Loss: 0.492116
Epoch 387 [70000/84843] Loss: 0.348063
Epoch 387 - Avg Loss: 0.396472 | Train Acc: 95.09%
Val: loss=0.3473, acc=10679/10975 (97.30%)
Epoch 388 [0/84843] Loss: 0.402503
Epoch 388 [35000/84843] Loss: 0.471551
Epoch 388 [70000/84843] Loss: 0.309289
Epoch 388 - Avg Loss: 0.400202 | Train Acc: 94.95%
Val: loss=0.3468, acc=10679/10975 (97.30%)
Epoch 389 [0/84843] Loss: 0.369300
Epoch 389 [35000/84843] Loss: 0.446253
Epoch 389 [70000/84843] Loss: 0.431546
Epoch 389 - Avg Loss: 0.398215 | Train Acc: 95.05%
Val: loss=0.3474, acc=10676/10975 (97.28%)
Epoch 390 [0/84843] Loss: 0.485651
Epoch 390 [35000/84843] Loss: 0.304776
Epoch 390 [70000/84843] Loss: 0.470412
Epoch 390 - Avg Loss: 0.398870 | Train Acc: 94.98%
Val: loss=0.3482, acc=10675/10975 (97.27%)
Epoch 391 [0/84843] Loss: 0.334691
Epoch 391 [35000/84843] Loss: 0.417924
Epoch 391 [70000/84843] Loss: 0.299764
Epoch 391 - Avg Loss: 0.398079 | Train Acc: 95.00%
Val: loss=0.3467, acc=10680/10975 (97.31%)
Epoch 392 [0/84843] Loss: 0.425271
Epoch 392 [35000/84843] Loss: 0.287450
Epoch 392 [70000/84843] Loss: 0.429865
Epoch 392 - Avg Loss: 0.397367 | Train Acc: 95.05%
Val: loss=0.3469, acc=10678/10975 (97.29%)
Epoch 393 [0/84843] Loss: 0.479481
Epoch 393 [35000/84843] Loss: 0.332247
Epoch 393 [70000/84843] Loss: 0.492188
Epoch 393 - Avg Loss: 0.400040 | Train Acc: 95.00%
Val: loss=0.3468, acc=10679/10975 (97.30%)
Epoch 394 [0/84843] Loss: 0.409665
Epoch 394 [35000/84843] Loss: 0.406369
Epoch 394 [70000/84843] Loss: 0.493493
Epoch 394 - Avg Loss: 0.397590 | Train Acc: 95.06%
Val: loss=0.3466, acc=10677/10975 (97.28%)
Epoch 395 [0/84843] Loss: 0.386501
Epoch 395 [35000/84843] Loss: 0.440019
Epoch 395 [70000/84843] Loss: 0.388674
Epoch 395 - Avg Loss: 0.398804 | Train Acc: 94.94%
Val: loss=0.3465, acc=10681/10975 (97.32%)
Epoch 396 [0/84843] Loss: 0.300353
Epoch 396 [35000/84843] Loss: 0.340099
Epoch 396 [70000/84843] Loss: 0.497277
Epoch 396 - Avg Loss: 0.397170 | Train Acc: 95.12%
Val: loss=0.3469, acc=10679/10975 (97.30%)
Epoch 397 [0/84843] Loss: 0.364642
Epoch 397 [35000/84843] Loss: 0.514225
Epoch 397 [70000/84843] Loss: 0.449005
Epoch 397 - Avg Loss: 0.397560 | Train Acc: 95.02%
Val: loss=0.3466, acc=10680/10975 (97.31%)
Epoch 398 [0/84843] Loss: 0.397455
Epoch 398 [35000/84843] Loss: 0.362518
Epoch 398 [70000/84843] Loss: 0.331399
Epoch 398 - Avg Loss: 0.399036 | Train Acc: 94.98%
Val: loss=0.3464, acc=10680/10975 (97.31%)
Epoch 399 [0/84843] Loss: 0.454844
Epoch 399 [35000/84843] Loss: 0.351037
Epoch 399 [70000/84843] Loss: 0.367317
Epoch 399 - Avg Loss: 0.397350 | Train Acc: 95.10%
Val: loss=0.3468, acc=10680/10975 (97.31%)
Epoch 400 [0/84843] Loss: 0.359101
Epoch 400 [35000/84843] Loss: 0.392620
Epoch 400 [70000/84843] Loss: 0.365776
Epoch 400 - Avg Loss: 0.396500 | Train Acc: 95.06%
Val: loss=0.3473, acc=10678/10975 (97.29%)
Test: loss=0.3518, acc=11758/12101 (97.17%)
Saved plot to /scratch/work/lainem31/PTQ_project/keyword_spotting/plots/17565258/train_val_24_mels_delta_17565258_6.png
