Running feature config: 24_mels_delta (task 6)
SpecAugment freq_mask=20 time_mask=15
Device: cuda
Feature config: 24_mels_delta -> {'n_mels': 24, 'use_delta': True, 'use_delta_delta': False}
SpecAugment: True freq_mask=20 time_mask=15
GPU Name: Tesla V100-PCIE-32GB
GPU Memory: 34.07 GB
Total model parameters: 47,628
Epoch 1 [0/84843] Loss: 2.473957
Epoch 1 [35000/84843] Loss: 1.843662
Epoch 1 [70000/84843] Loss: 1.708066
Epoch 1 - Avg Loss: 1.740625 | Train Acc: 56.28%
Val: loss=1.6069, acc=6250/10975 (56.95%)
saved best: 56.95%
Epoch 2 [0/84843] Loss: 1.529599
Epoch 2 [35000/84843] Loss: 1.680022
Epoch 2 [70000/84843] Loss: 1.721561
Epoch 2 - Avg Loss: 1.548089 | Train Acc: 58.50%
Val: loss=1.4823, acc=6848/10975 (62.40%)
saved best: 62.40%
Epoch 3 [0/84843] Loss: 1.402151
Epoch 3 [35000/84843] Loss: 1.135096
Epoch 3 [70000/84843] Loss: 1.366513
Epoch 3 - Avg Loss: 1.411626 | Train Acc: 64.95%
Val: loss=1.4429, acc=7049/10975 (64.23%)
saved best: 64.23%
Epoch 4 [0/84843] Loss: 1.688262
Epoch 4 [35000/84843] Loss: 1.636420
Epoch 4 [70000/84843] Loss: 1.166922
Epoch 4 - Avg Loss: 1.381810 | Train Acc: 65.68%
Val: loss=1.4074, acc=7084/10975 (64.55%)
saved best: 64.55%
Epoch 5 [0/84843] Loss: 1.037024
Epoch 5 [35000/84843] Loss: 1.424529
Epoch 5 [70000/84843] Loss: 1.284836
Epoch 5 - Avg Loss: 1.357843 | Train Acc: 65.94%
Val: loss=1.3614, acc=7109/10975 (64.77%)
saved best: 64.77%
Epoch 6 [0/84843] Loss: 1.615593
Epoch 6 [35000/84843] Loss: 1.385671
Epoch 6 [70000/84843] Loss: 1.228053
Epoch 6 - Avg Loss: 1.326344 | Train Acc: 66.05%
Val: loss=1.3282, acc=7193/10975 (65.54%)
saved best: 65.54%
Epoch 7 [0/84843] Loss: 1.506961
Epoch 7 [35000/84843] Loss: 1.225749
Epoch 7 [70000/84843] Loss: 1.312131
Epoch 7 - Avg Loss: 1.285566 | Train Acc: 66.60%
Val: loss=1.2833, acc=7156/10975 (65.20%)
Epoch 8 [0/84843] Loss: 1.341974
Epoch 8 [35000/84843] Loss: 1.446619
Epoch 8 [70000/84843] Loss: 1.331204
Epoch 8 - Avg Loss: 1.252720 | Train Acc: 67.29%
Val: loss=1.2564, acc=7182/10975 (65.44%)
Epoch 9 [0/84843] Loss: 1.154978
Epoch 9 [35000/84843] Loss: 1.391273
Epoch 9 [70000/84843] Loss: 1.187202
Epoch 9 - Avg Loss: 1.226742 | Train Acc: 67.62%
Val: loss=1.2053, acc=7267/10975 (66.21%)
saved best: 66.21%
Epoch 10 [0/84843] Loss: 1.291261
Epoch 10 [35000/84843] Loss: 1.172576
Epoch 10 [70000/84843] Loss: 1.518482
Epoch 10 - Avg Loss: 1.200066 | Train Acc: 67.87%
Val: loss=1.1733, acc=7307/10975 (66.58%)
saved best: 66.58%
Epoch 11 [0/84843] Loss: 1.078313
Epoch 11 [35000/84843] Loss: 1.339522
Epoch 11 [70000/84843] Loss: 1.324469
Epoch 11 - Avg Loss: 1.168924 | Train Acc: 68.24%
Val: loss=1.1073, acc=7425/10975 (67.65%)
saved best: 67.65%
Epoch 12 [0/84843] Loss: 1.143143
Epoch 12 [35000/84843] Loss: 1.195940
Epoch 12 [70000/84843] Loss: 1.508241
Epoch 12 - Avg Loss: 1.130226 | Train Acc: 68.84%
Val: loss=1.0450, acc=7645/10975 (69.66%)
saved best: 69.66%
Epoch 13 [0/84843] Loss: 1.162904
Epoch 13 [35000/84843] Loss: 1.278376
Epoch 13 [70000/84843] Loss: 1.119920
Epoch 13 - Avg Loss: 1.090198 | Train Acc: 69.76%
Val: loss=0.9963, acc=7831/10975 (71.35%)
saved best: 71.35%
Epoch 14 [0/84843] Loss: 1.085397
Epoch 14 [35000/84843] Loss: 1.101037
Epoch 14 [70000/84843] Loss: 0.865919
Epoch 14 - Avg Loss: 1.061425 | Train Acc: 70.37%
Val: loss=0.9419, acc=7996/10975 (72.86%)
saved best: 72.86%
Epoch 15 [0/84843] Loss: 1.092711
Epoch 15 [35000/84843] Loss: 0.781559
Epoch 15 [70000/84843] Loss: 1.036701
Epoch 15 - Avg Loss: 1.018372 | Train Acc: 71.19%
Val: loss=0.9070, acc=8167/10975 (74.41%)
saved best: 74.41%
Epoch 16 [0/84843] Loss: 1.117886
Epoch 16 [35000/84843] Loss: 0.986397
Epoch 16 [70000/84843] Loss: 0.795828
Epoch 16 - Avg Loss: 0.988265 | Train Acc: 72.04%
Val: loss=0.8686, acc=8368/10975 (76.25%)
saved best: 76.25%
Epoch 17 [0/84843] Loss: 1.137523
Epoch 17 [35000/84843] Loss: 0.842647
Epoch 17 [70000/84843] Loss: 0.740063
Epoch 17 - Avg Loss: 0.943749 | Train Acc: 73.23%
Val: loss=0.8027, acc=8693/10975 (79.21%)
saved best: 79.21%
Epoch 18 [0/84843] Loss: 0.787973
Epoch 18 [35000/84843] Loss: 0.841004
Epoch 18 [70000/84843] Loss: 0.893608
Epoch 18 - Avg Loss: 0.903228 | Train Acc: 74.74%
Val: loss=0.7582, acc=8934/10975 (81.40%)
saved best: 81.40%
Epoch 19 [0/84843] Loss: 0.977272
Epoch 19 [35000/84843] Loss: 0.969796
Epoch 19 [70000/84843] Loss: 0.797110
Epoch 19 - Avg Loss: 0.881670 | Train Acc: 75.84%
Val: loss=0.7345, acc=9135/10975 (83.23%)
saved best: 83.23%
Epoch 20 [0/84843] Loss: 0.731130
Epoch 20 [35000/84843] Loss: 0.894410
Epoch 20 [70000/84843] Loss: 0.879641
Epoch 20 - Avg Loss: 0.847911 | Train Acc: 77.48%
Val: loss=0.6948, acc=9268/10975 (84.45%)
saved best: 84.45%
Epoch 21 [0/84843] Loss: 0.817644
Epoch 21 [35000/84843] Loss: 0.992312
Epoch 21 [70000/84843] Loss: 0.718643
Epoch 21 - Avg Loss: 0.822289 | Train Acc: 78.62%
Val: loss=0.6632, acc=9477/10975 (86.35%)
saved best: 86.35%
Epoch 22 [0/84843] Loss: 0.977460
Epoch 22 [35000/84843] Loss: 0.695617
Epoch 22 [70000/84843] Loss: 0.724347
Epoch 22 - Avg Loss: 0.796928 | Train Acc: 79.69%
Val: loss=0.6309, acc=9590/10975 (87.38%)
saved best: 87.38%
Epoch 23 [0/84843] Loss: 0.612711
Epoch 23 [35000/84843] Loss: 0.710377
Epoch 23 [70000/84843] Loss: 0.697193
Epoch 23 - Avg Loss: 0.774655 | Train Acc: 80.66%
Val: loss=0.6023, acc=9750/10975 (88.84%)
saved best: 88.84%
Epoch 24 [0/84843] Loss: 0.632488
Epoch 24 [35000/84843] Loss: 0.782802
Epoch 24 [70000/84843] Loss: 0.638510
Epoch 24 - Avg Loss: 0.752393 | Train Acc: 81.47%
Val: loss=0.5976, acc=9745/10975 (88.79%)
Epoch 25 [0/84843] Loss: 0.708736
Epoch 25 [35000/84843] Loss: 0.749837
Epoch 25 [70000/84843] Loss: 0.761896
Epoch 25 - Avg Loss: 0.734453 | Train Acc: 82.30%
Val: loss=0.5730, acc=9862/10975 (89.86%)
saved best: 89.86%
Epoch 26 [0/84843] Loss: 0.562693
Epoch 26 [35000/84843] Loss: 0.686456
Epoch 26 [70000/84843] Loss: 0.678708
Epoch 26 - Avg Loss: 0.716313 | Train Acc: 82.91%
Val: loss=0.5576, acc=9887/10975 (90.09%)
saved best: 90.09%
Epoch 27 [0/84843] Loss: 0.729882
Epoch 27 [35000/84843] Loss: 0.713626
Epoch 27 [70000/84843] Loss: 0.702181
Epoch 27 - Avg Loss: 0.696057 | Train Acc: 83.78%
Val: loss=0.5572, acc=9894/10975 (90.15%)
saved best: 90.15%
Epoch 28 [0/84843] Loss: 0.927239
Epoch 28 [35000/84843] Loss: 0.674244
Epoch 28 [70000/84843] Loss: 0.621770
Epoch 28 - Avg Loss: 0.685259 | Train Acc: 84.01%
Val: loss=0.5352, acc=9976/10975 (90.90%)
saved best: 90.90%
Epoch 29 [0/84843] Loss: 0.511150
Epoch 29 [35000/84843] Loss: 0.699415
Epoch 29 [70000/84843] Loss: 0.746265
Epoch 29 - Avg Loss: 0.673570 | Train Acc: 84.54%
Val: loss=0.5300, acc=10010/10975 (91.21%)
saved best: 91.21%
Epoch 30 [0/84843] Loss: 0.570427
Epoch 30 [35000/84843] Loss: 0.518536
Epoch 30 [70000/84843] Loss: 0.708670
Epoch 30 - Avg Loss: 0.660425 | Train Acc: 85.06%
Val: loss=0.5147, acc=10022/10975 (91.32%)
saved best: 91.32%
Epoch 31 [0/84843] Loss: 0.524113
Epoch 31 [35000/84843] Loss: 0.485932
Epoch 31 [70000/84843] Loss: 0.627778
Epoch 31 - Avg Loss: 0.652389 | Train Acc: 85.42%
Val: loss=0.5083, acc=10060/10975 (91.66%)
saved best: 91.66%
Epoch 32 [0/84843] Loss: 0.843505
Epoch 32 [35000/84843] Loss: 0.554757
Epoch 32 [70000/84843] Loss: 0.714144
Epoch 32 - Avg Loss: 0.640858 | Train Acc: 85.80%
Val: loss=0.5038, acc=10050/10975 (91.57%)
Epoch 33 [0/84843] Loss: 0.760743
Epoch 33 [35000/84843] Loss: 0.751821
Epoch 33 [70000/84843] Loss: 0.742354
Epoch 33 - Avg Loss: 0.635166 | Train Acc: 86.03%
Val: loss=0.4924, acc=10122/10975 (92.23%)
saved best: 92.23%
Epoch 34 [0/84843] Loss: 0.725468
Epoch 34 [35000/84843] Loss: 0.542836
Epoch 34 [70000/84843] Loss: 0.603690
Epoch 34 - Avg Loss: 0.625452 | Train Acc: 86.33%
Val: loss=0.4910, acc=10132/10975 (92.32%)
saved best: 92.32%
Epoch 35 [0/84843] Loss: 0.515051
Epoch 35 [35000/84843] Loss: 0.821828
Epoch 35 [70000/84843] Loss: 0.631771
Epoch 35 - Avg Loss: 0.615083 | Train Acc: 86.82%
Val: loss=0.4882, acc=10129/10975 (92.29%)
Epoch 36 [0/84843] Loss: 0.526356
Epoch 36 [35000/84843] Loss: 0.606878
Epoch 36 [70000/84843] Loss: 0.576763
Epoch 36 - Avg Loss: 0.605966 | Train Acc: 87.18%
Val: loss=0.4794, acc=10189/10975 (92.84%)
saved best: 92.84%
Epoch 37 [0/84843] Loss: 0.542754
Epoch 37 [35000/84843] Loss: 0.510704
Epoch 37 [70000/84843] Loss: 0.785716
Epoch 37 - Avg Loss: 0.594547 | Train Acc: 87.64%
Val: loss=0.4733, acc=10202/10975 (92.96%)
saved best: 92.96%
Epoch 38 [0/84843] Loss: 0.568838
Epoch 38 [35000/84843] Loss: 0.766633
Epoch 38 [70000/84843] Loss: 0.542215
Epoch 38 - Avg Loss: 0.596388 | Train Acc: 87.42%
Val: loss=0.4817, acc=10162/10975 (92.59%)
Epoch 39 [0/84843] Loss: 0.637262
Epoch 39 [35000/84843] Loss: 0.526245
Epoch 39 [70000/84843] Loss: 0.568051
Epoch 39 - Avg Loss: 0.585557 | Train Acc: 87.90%
Val: loss=0.4645, acc=10224/10975 (93.16%)
saved best: 93.16%
Epoch 40 [0/84843] Loss: 0.469995
Epoch 40 [35000/84843] Loss: 0.482531
Epoch 40 [70000/84843] Loss: 0.665902
Epoch 40 - Avg Loss: 0.581414 | Train Acc: 88.08%
Val: loss=0.4623, acc=10225/10975 (93.17%)
saved best: 93.17%
Epoch 41 [0/84843] Loss: 0.838294
Epoch 41 [35000/84843] Loss: 0.593785
Epoch 41 [70000/84843] Loss: 0.625105
Epoch 41 - Avg Loss: 0.579524 | Train Acc: 88.10%
Val: loss=0.4592, acc=10238/10975 (93.28%)
saved best: 93.28%
Epoch 42 [0/84843] Loss: 0.712146
Epoch 42 [35000/84843] Loss: 0.595052
Epoch 42 [70000/84843] Loss: 0.440229
Epoch 42 - Avg Loss: 0.573185 | Train Acc: 88.42%
Val: loss=0.4590, acc=10278/10975 (93.65%)
saved best: 93.65%
Epoch 43 [0/84843] Loss: 0.605031
Epoch 43 [35000/84843] Loss: 0.634723
Epoch 43 [70000/84843] Loss: 0.584346
Epoch 43 - Avg Loss: 0.571557 | Train Acc: 88.48%
Val: loss=0.4534, acc=10284/10975 (93.70%)
saved best: 93.70%
Epoch 44 [0/84843] Loss: 0.665792
Epoch 44 [35000/84843] Loss: 0.669773
Epoch 44 [70000/84843] Loss: 0.627320
Epoch 44 - Avg Loss: 0.562844 | Train Acc: 88.81%
Val: loss=0.4455, acc=10315/10975 (93.99%)
saved best: 93.99%
Epoch 45 [0/84843] Loss: 0.449731
Epoch 45 [35000/84843] Loss: 0.466758
Epoch 45 [70000/84843] Loss: 0.530608
Epoch 45 - Avg Loss: 0.557575 | Train Acc: 89.00%
Val: loss=0.4395, acc=10337/10975 (94.19%)
saved best: 94.19%
Epoch 46 [0/84843] Loss: 0.775747
Epoch 46 [35000/84843] Loss: 0.570498
Epoch 46 [70000/84843] Loss: 0.512132
Epoch 46 - Avg Loss: 0.553768 | Train Acc: 89.14%
Val: loss=0.4335, acc=10367/10975 (94.46%)
saved best: 94.46%
Epoch 47 [0/84843] Loss: 0.637176
Epoch 47 [35000/84843] Loss: 0.605187
Epoch 47 [70000/84843] Loss: 0.455788
Epoch 47 - Avg Loss: 0.548489 | Train Acc: 89.35%
Val: loss=0.4373, acc=10367/10975 (94.46%)
Epoch 48 [0/84843] Loss: 0.586130
Epoch 48 [35000/84843] Loss: 0.467500
Epoch 48 [70000/84843] Loss: 0.491530
Epoch 48 - Avg Loss: 0.546852 | Train Acc: 89.42%
Val: loss=0.4467, acc=10280/10975 (93.67%)
Epoch 49 [0/84843] Loss: 0.413219
Epoch 49 [35000/84843] Loss: 0.485914
Epoch 49 [70000/84843] Loss: 0.353665
Epoch 49 - Avg Loss: 0.544670 | Train Acc: 89.46%
Val: loss=0.4202, acc=10398/10975 (94.74%)
saved best: 94.74%
Epoch 50 [0/84843] Loss: 0.502958
Epoch 50 [35000/84843] Loss: 0.543218
Epoch 50 [70000/84843] Loss: 0.390903
Epoch 50 - Avg Loss: 0.538757 | Train Acc: 89.71%
Val: loss=0.4310, acc=10381/10975 (94.59%)
Epoch 51 [0/84843] Loss: 0.538883
Epoch 51 [35000/84843] Loss: 0.632539
Epoch 51 [70000/84843] Loss: 0.606802
Epoch 51 - Avg Loss: 0.535534 | Train Acc: 89.84%
Val: loss=0.4169, acc=10417/10975 (94.92%)
saved best: 94.92%
Epoch 52 [0/84843] Loss: 0.565360
Epoch 52 [35000/84843] Loss: 0.488125
Epoch 52 [70000/84843] Loss: 0.669512
Epoch 52 - Avg Loss: 0.530004 | Train Acc: 90.05%
Val: loss=0.4304, acc=10378/10975 (94.56%)
Epoch 53 [0/84843] Loss: 0.468910
Epoch 53 [35000/84843] Loss: 0.625835
Epoch 53 [70000/84843] Loss: 0.407618
Epoch 53 - Avg Loss: 0.531115 | Train Acc: 90.00%
Val: loss=0.4333, acc=10354/10975 (94.34%)
Epoch 54 [0/84843] Loss: 0.604270
Epoch 54 [35000/84843] Loss: 0.389290
Epoch 54 [70000/84843] Loss: 0.340410
Epoch 54 - Avg Loss: 0.531128 | Train Acc: 89.91%
Val: loss=0.4249, acc=10379/10975 (94.57%)
Epoch 55 [0/84843] Loss: 0.663151
Epoch 55 [35000/84843] Loss: 0.690231
Epoch 55 [70000/84843] Loss: 0.502631
Epoch 55 - Avg Loss: 0.527313 | Train Acc: 90.14%
Val: loss=0.4178, acc=10401/10975 (94.77%)
Epoch 56 [0/84843] Loss: 0.650127
Epoch 56 [35000/84843] Loss: 0.660553
Epoch 56 [70000/84843] Loss: 0.489322
Epoch 56 - Avg Loss: 0.524971 | Train Acc: 90.19%
Val: loss=0.4266, acc=10383/10975 (94.61%)
Epoch 57 [0/84843] Loss: 0.413822
Epoch 57 [35000/84843] Loss: 0.729175
Epoch 57 [70000/84843] Loss: 0.536417
Epoch 57 - Avg Loss: 0.524738 | Train Acc: 90.26%
Val: loss=0.4225, acc=10394/10975 (94.71%)
Epoch 58 [0/84843] Loss: 0.411771
Epoch 58 [35000/84843] Loss: 0.436306
Epoch 58 [70000/84843] Loss: 0.464724
Epoch 58 - Avg Loss: 0.522033 | Train Acc: 90.29%
Val: loss=0.4378, acc=10345/10975 (94.26%)
Epoch 59 [0/84843] Loss: 0.482979
Epoch 59 [35000/84843] Loss: 0.517386
Epoch 59 [70000/84843] Loss: 0.598767
Epoch 59 - Avg Loss: 0.519513 | Train Acc: 90.43%
Val: loss=0.4113, acc=10432/10975 (95.05%)
saved best: 95.05%
Epoch 60 [0/84843] Loss: 0.634754
Epoch 60 [35000/84843] Loss: 0.535047
Epoch 60 [70000/84843] Loss: 0.418868
Epoch 60 - Avg Loss: 0.513661 | Train Acc: 90.60%
Val: loss=0.4046, acc=10462/10975 (95.33%)
saved best: 95.33%
Epoch 61 [0/84843] Loss: 0.462580
Epoch 61 [35000/84843] Loss: 0.481794
Epoch 61 [70000/84843] Loss: 0.549418
Epoch 61 - Avg Loss: 0.513003 | Train Acc: 90.66%
Val: loss=0.4098, acc=10423/10975 (94.97%)
Epoch 62 [0/84843] Loss: 0.450253
Epoch 62 [35000/84843] Loss: 0.654363
Epoch 62 [70000/84843] Loss: 0.517258
Epoch 62 - Avg Loss: 0.508988 | Train Acc: 90.84%
Val: loss=0.3978, acc=10478/10975 (95.47%)
saved best: 95.47%
Epoch 63 [0/84843] Loss: 0.554013
Epoch 63 [35000/84843] Loss: 0.456656
Epoch 63 [70000/84843] Loss: 0.523681
Epoch 63 - Avg Loss: 0.510446 | Train Acc: 90.82%
Val: loss=0.4179, acc=10389/10975 (94.66%)
Epoch 64 [0/84843] Loss: 0.555098
Epoch 64 [35000/84843] Loss: 0.406365
Epoch 64 [70000/84843] Loss: 0.643583
Epoch 64 - Avg Loss: 0.511250 | Train Acc: 90.81%
Val: loss=0.4060, acc=10450/10975 (95.22%)
Epoch 65 [0/84843] Loss: 0.537615
Epoch 65 [35000/84843] Loss: 0.568977
Epoch 65 [70000/84843] Loss: 0.525645
Epoch 65 - Avg Loss: 0.506374 | Train Acc: 91.04%
Val: loss=0.4187, acc=10400/10975 (94.76%)
Epoch 66 [0/84843] Loss: 0.470500
Epoch 66 [35000/84843] Loss: 0.445968
Epoch 66 [70000/84843] Loss: 0.531911
Epoch 66 - Avg Loss: 0.505707 | Train Acc: 91.00%
Val: loss=0.4064, acc=10442/10975 (95.14%)
Epoch 67 [0/84843] Loss: 0.512819
Epoch 67 [35000/84843] Loss: 0.538642
Epoch 67 [70000/84843] Loss: 0.523657
Epoch 67 - Avg Loss: 0.501827 | Train Acc: 91.06%
Val: loss=0.4048, acc=10432/10975 (95.05%)
Epoch 68 [0/84843] Loss: 0.541622
Epoch 68 [35000/84843] Loss: 0.689593
Epoch 68 [70000/84843] Loss: 0.386337
Epoch 68 - Avg Loss: 0.505717 | Train Acc: 90.97%
Val: loss=0.3979, acc=10481/10975 (95.50%)
saved best: 95.50%
Epoch 69 [0/84843] Loss: 0.476399
Epoch 69 [35000/84843] Loss: 0.415428
Epoch 69 [70000/84843] Loss: 0.483330
Epoch 69 - Avg Loss: 0.499940 | Train Acc: 91.20%
Val: loss=0.4419, acc=10312/10975 (93.96%)
Epoch 70 [0/84843] Loss: 0.472871
Epoch 70 [35000/84843] Loss: 0.386915
Epoch 70 [70000/84843] Loss: 0.469878
Epoch 70 - Avg Loss: 0.500149 | Train Acc: 91.09%
Val: loss=0.4244, acc=10368/10975 (94.47%)
Epoch 71 [0/84843] Loss: 0.449970
Epoch 71 [35000/84843] Loss: 0.462542
Epoch 71 [70000/84843] Loss: 0.506278
Epoch 71 - Avg Loss: 0.499809 | Train Acc: 91.21%
Val: loss=0.4022, acc=10456/10975 (95.27%)
Epoch 72 [0/84843] Loss: 0.591180
Epoch 72 [35000/84843] Loss: 0.478474
Epoch 72 [70000/84843] Loss: 0.628380
Epoch 72 - Avg Loss: 0.496580 | Train Acc: 91.35%
Val: loss=0.3987, acc=10475/10975 (95.44%)
Epoch 73 [0/84843] Loss: 0.399663
Epoch 73 [35000/84843] Loss: 0.554159
Epoch 73 [70000/84843] Loss: 0.502281
Epoch 73 - Avg Loss: 0.494751 | Train Acc: 91.36%
Val: loss=0.3966, acc=10478/10975 (95.47%)
Epoch 74 [0/84843] Loss: 0.503851
Epoch 74 [35000/84843] Loss: 0.478371
Epoch 74 [70000/84843] Loss: 0.624367
Epoch 74 - Avg Loss: 0.493921 | Train Acc: 91.43%
Val: loss=0.4049, acc=10448/10975 (95.20%)
Epoch 75 [0/84843] Loss: 0.488068
Epoch 75 [35000/84843] Loss: 0.478977
Epoch 75 [70000/84843] Loss: 0.605473
Epoch 75 - Avg Loss: 0.491666 | Train Acc: 91.50%
Val: loss=0.3957, acc=10500/10975 (95.67%)
saved best: 95.67%
Epoch 76 [0/84843] Loss: 0.496047
Epoch 76 [35000/84843] Loss: 0.575150
Epoch 76 [70000/84843] Loss: 0.436749
Epoch 76 - Avg Loss: 0.495221 | Train Acc: 91.35%
Val: loss=0.4190, acc=10401/10975 (94.77%)
Epoch 77 [0/84843] Loss: 0.467536
Epoch 77 [35000/84843] Loss: 0.566534
Epoch 77 [70000/84843] Loss: 0.574687
Epoch 77 - Avg Loss: 0.492835 | Train Acc: 91.37%
Val: loss=0.4025, acc=10466/10975 (95.36%)
Epoch 78 [0/84843] Loss: 0.459575
Epoch 78 [35000/84843] Loss: 0.568032
Epoch 78 [70000/84843] Loss: 0.520907
Epoch 78 - Avg Loss: 0.492874 | Train Acc: 91.47%
Val: loss=0.4106, acc=10411/10975 (94.86%)
Epoch 79 [0/84843] Loss: 0.469062
Epoch 79 [35000/84843] Loss: 0.484085
Epoch 79 [70000/84843] Loss: 0.421023
Epoch 79 - Avg Loss: 0.490482 | Train Acc: 91.54%
Val: loss=0.3911, acc=10510/10975 (95.76%)
saved best: 95.76%
Epoch 80 [0/84843] Loss: 0.307138
Epoch 80 [35000/84843] Loss: 0.459822
Epoch 80 [70000/84843] Loss: 0.690716
Epoch 80 - Avg Loss: 0.487226 | Train Acc: 91.59%
Val: loss=0.4052, acc=10430/10975 (95.03%)
Epoch 81 [0/84843] Loss: 0.438273
Epoch 81 [35000/84843] Loss: 0.600383
Epoch 81 [70000/84843] Loss: 0.494084
Epoch 81 - Avg Loss: 0.485033 | Train Acc: 91.68%
Val: loss=0.4016, acc=10465/10975 (95.35%)
Epoch 82 [0/84843] Loss: 0.478421
Epoch 82 [35000/84843] Loss: 0.483835
Epoch 82 [70000/84843] Loss: 0.548624
Epoch 82 - Avg Loss: 0.485601 | Train Acc: 91.65%
Val: loss=0.3942, acc=10478/10975 (95.47%)
Epoch 83 [0/84843] Loss: 0.417156
Epoch 83 [35000/84843] Loss: 0.490770
Epoch 83 [70000/84843] Loss: 0.439920
Epoch 83 - Avg Loss: 0.483500 | Train Acc: 91.71%
Val: loss=0.4083, acc=10428/10975 (95.02%)
Epoch 84 [0/84843] Loss: 0.487551
Epoch 84 [35000/84843] Loss: 0.475472
Epoch 84 [70000/84843] Loss: 0.354497
Epoch 84 - Avg Loss: 0.487320 | Train Acc: 91.68%
Val: loss=0.4140, acc=10402/10975 (94.78%)
Epoch 85 [0/84843] Loss: 0.415654
Epoch 85 [35000/84843] Loss: 0.571804
Epoch 85 [70000/84843] Loss: 0.443172
Epoch 85 - Avg Loss: 0.486881 | Train Acc: 91.62%
Val: loss=0.3975, acc=10472/10975 (95.42%)
Epoch 86 [0/84843] Loss: 0.397273
Epoch 86 [35000/84843] Loss: 0.453277
Epoch 86 [70000/84843] Loss: 0.423520
Epoch 86 - Avg Loss: 0.482192 | Train Acc: 91.85%
Val: loss=0.4130, acc=10394/10975 (94.71%)
Epoch 87 [0/84843] Loss: 0.608988
Epoch 87 [35000/84843] Loss: 0.481505
Epoch 87 [70000/84843] Loss: 0.426983
Epoch 87 - Avg Loss: 0.482776 | Train Acc: 91.79%
Val: loss=0.4028, acc=10446/10975 (95.18%)
Epoch 88 [0/84843] Loss: 0.388918
Epoch 88 [35000/84843] Loss: 0.443629
Epoch 88 [70000/84843] Loss: 0.537505
Epoch 88 - Avg Loss: 0.482009 | Train Acc: 91.80%
Val: loss=0.3950, acc=10483/10975 (95.52%)
Epoch 89 [0/84843] Loss: 0.485747
Epoch 89 [35000/84843] Loss: 0.685496
Epoch 89 [70000/84843] Loss: 0.359693
Epoch 89 - Avg Loss: 0.479473 | Train Acc: 91.83%
Val: loss=0.3852, acc=10523/10975 (95.88%)
saved best: 95.88%
Epoch 90 [0/84843] Loss: 0.481164
Epoch 90 [35000/84843] Loss: 0.400077
Epoch 90 [70000/84843] Loss: 0.450335
Epoch 90 - Avg Loss: 0.482436 | Train Acc: 91.76%
Val: loss=0.3901, acc=10496/10975 (95.64%)
Epoch 91 [0/84843] Loss: 0.410398
Epoch 91 [35000/84843] Loss: 0.461790
Epoch 91 [70000/84843] Loss: 0.490841
Epoch 91 - Avg Loss: 0.479394 | Train Acc: 91.96%
Val: loss=0.3845, acc=10522/10975 (95.87%)
Epoch 92 [0/84843] Loss: 0.658887
Epoch 92 [35000/84843] Loss: 0.649886
Epoch 92 [70000/84843] Loss: 0.549439
Epoch 92 - Avg Loss: 0.481181 | Train Acc: 91.82%
Val: loss=0.3909, acc=10499/10975 (95.66%)
Epoch 93 [0/84843] Loss: 0.580214
Epoch 93 [35000/84843] Loss: 0.423630
Epoch 93 [70000/84843] Loss: 0.715427
Epoch 93 - Avg Loss: 0.477402 | Train Acc: 92.04%
Val: loss=0.3880, acc=10517/10975 (95.83%)
Epoch 94 [0/84843] Loss: 0.466557
Epoch 94 [35000/84843] Loss: 0.551519
Epoch 94 [70000/84843] Loss: 0.446923
Epoch 94 - Avg Loss: 0.478843 | Train Acc: 92.02%
Val: loss=0.3934, acc=10474/10975 (95.44%)
Epoch 95 [0/84843] Loss: 0.479715
Epoch 95 [35000/84843] Loss: 0.470256
Epoch 95 [70000/84843] Loss: 0.355211
Epoch 95 - Avg Loss: 0.476761 | Train Acc: 92.01%
Val: loss=0.3912, acc=10489/10975 (95.57%)
Epoch 96 [0/84843] Loss: 0.446098
Epoch 96 [35000/84843] Loss: 0.461100
Epoch 96 [70000/84843] Loss: 0.393655
Epoch 96 - Avg Loss: 0.474315 | Train Acc: 92.12%
Val: loss=0.3859, acc=10534/10975 (95.98%)
saved best: 95.98%
Epoch 97 [0/84843] Loss: 0.371245
Epoch 97 [35000/84843] Loss: 0.612800
Epoch 97 [70000/84843] Loss: 0.662393
Epoch 97 - Avg Loss: 0.475614 | Train Acc: 92.04%
Val: loss=0.4045, acc=10454/10975 (95.25%)
Epoch 98 [0/84843] Loss: 0.496779
Epoch 98 [35000/84843] Loss: 0.351839
Epoch 98 [70000/84843] Loss: 0.388559
Epoch 98 - Avg Loss: 0.477322 | Train Acc: 92.02%
Val: loss=0.3960, acc=10480/10975 (95.49%)
Epoch 99 [0/84843] Loss: 0.500573
Epoch 99 [35000/84843] Loss: 0.392824
Epoch 99 [70000/84843] Loss: 0.460896
Epoch 99 - Avg Loss: 0.476818 | Train Acc: 92.06%
Val: loss=0.3817, acc=10534/10975 (95.98%)
Epoch 100 [0/84843] Loss: 0.416017
Epoch 100 [35000/84843] Loss: 0.412116
Epoch 100 [70000/84843] Loss: 0.567301
Epoch 100 - Avg Loss: 0.473922 | Train Acc: 92.16%
Val: loss=0.3926, acc=10493/10975 (95.61%)
Epoch 101 [0/84843] Loss: 0.610635
Epoch 101 [35000/84843] Loss: 0.357957
Epoch 101 [70000/84843] Loss: 0.540407
Epoch 101 - Avg Loss: 0.475581 | Train Acc: 92.04%
Val: loss=0.3775, acc=10558/10975 (96.20%)
saved best: 96.20%
Epoch 102 [0/84843] Loss: 0.409340
Epoch 102 [35000/84843] Loss: 0.520862
Epoch 102 [70000/84843] Loss: 0.476459
Epoch 102 - Avg Loss: 0.474550 | Train Acc: 92.13%
Val: loss=0.3818, acc=10531/10975 (95.95%)
Epoch 103 [0/84843] Loss: 0.413440
Epoch 103 [35000/84843] Loss: 0.629962
Epoch 103 [70000/84843] Loss: 0.322270
Epoch 103 - Avg Loss: 0.471391 | Train Acc: 92.16%
Val: loss=0.3804, acc=10558/10975 (96.20%)
Epoch 104 [0/84843] Loss: 0.540265
Epoch 104 [35000/84843] Loss: 0.464251
Epoch 104 [70000/84843] Loss: 0.440528
Epoch 104 - Avg Loss: 0.472909 | Train Acc: 92.22%
Val: loss=0.3822, acc=10523/10975 (95.88%)
Epoch 105 [0/84843] Loss: 0.532663
Epoch 105 [35000/84843] Loss: 0.354956
Epoch 105 [70000/84843] Loss: 0.591839
Epoch 105 - Avg Loss: 0.470903 | Train Acc: 92.22%
Val: loss=0.3797, acc=10554/10975 (96.16%)
Epoch 106 [0/84843] Loss: 0.438345
Epoch 106 [35000/84843] Loss: 0.405005
Epoch 106 [70000/84843] Loss: 0.369630
Epoch 106 - Avg Loss: 0.469199 | Train Acc: 92.38%
Val: loss=0.3806, acc=10539/10975 (96.03%)
Epoch 107 [0/84843] Loss: 0.507746
Epoch 107 [35000/84843] Loss: 0.568419
Epoch 107 [70000/84843] Loss: 0.677749
Epoch 107 - Avg Loss: 0.470200 | Train Acc: 92.25%
Val: loss=0.4136, acc=10414/10975 (94.89%)
Epoch 108 [0/84843] Loss: 0.610498
Epoch 108 [35000/84843] Loss: 0.448338
Epoch 108 [70000/84843] Loss: 0.639226
Epoch 108 - Avg Loss: 0.469495 | Train Acc: 92.29%
Val: loss=0.3812, acc=10541/10975 (96.05%)
Epoch 109 [0/84843] Loss: 0.420188
Epoch 109 [35000/84843] Loss: 0.417799
Epoch 109 [70000/84843] Loss: 0.355826
Epoch 109 - Avg Loss: 0.467907 | Train Acc: 92.37%
Val: loss=0.3926, acc=10505/10975 (95.72%)
Epoch 110 [0/84843] Loss: 0.330541
Epoch 110 [35000/84843] Loss: 0.375017
Epoch 110 [70000/84843] Loss: 0.439269
Epoch 110 - Avg Loss: 0.470737 | Train Acc: 92.31%
Val: loss=0.3680, acc=10596/10975 (96.55%)
saved best: 96.55%
Epoch 111 [0/84843] Loss: 0.451582
Epoch 111 [35000/84843] Loss: 0.450252
Epoch 111 [70000/84843] Loss: 0.432178
Epoch 111 - Avg Loss: 0.468565 | Train Acc: 92.38%
Val: loss=0.3877, acc=10523/10975 (95.88%)
Epoch 112 [0/84843] Loss: 0.432912
Epoch 112 [35000/84843] Loss: 0.623964
Epoch 112 [70000/84843] Loss: 0.540971
Epoch 112 - Avg Loss: 0.470079 | Train Acc: 92.28%
Val: loss=0.3735, acc=10569/10975 (96.30%)
Epoch 113 [0/84843] Loss: 0.384479
Epoch 113 [35000/84843] Loss: 0.481242
Epoch 113 [70000/84843] Loss: 0.455868
Epoch 113 - Avg Loss: 0.467150 | Train Acc: 92.42%
Val: loss=0.3877, acc=10505/10975 (95.72%)
Epoch 114 [0/84843] Loss: 0.440580
Epoch 114 [35000/84843] Loss: 0.525523
Epoch 114 [70000/84843] Loss: 0.421453
Epoch 114 - Avg Loss: 0.466251 | Train Acc: 92.47%
Val: loss=0.3817, acc=10527/10975 (95.92%)
Epoch 115 [0/84843] Loss: 0.611361
Epoch 115 [35000/84843] Loss: 0.362344
Epoch 115 [70000/84843] Loss: 0.664213
Epoch 115 - Avg Loss: 0.467467 | Train Acc: 92.38%
Val: loss=0.3786, acc=10548/10975 (96.11%)
Epoch 116 [0/84843] Loss: 0.482378
Epoch 116 [35000/84843] Loss: 0.483930
Epoch 116 [70000/84843] Loss: 0.387570
Epoch 116 - Avg Loss: 0.468140 | Train Acc: 92.34%
Val: loss=0.3990, acc=10477/10975 (95.46%)
Epoch 117 [0/84843] Loss: 0.400304
Epoch 117 [35000/84843] Loss: 0.505706
Epoch 117 [70000/84843] Loss: 0.525119
Epoch 117 - Avg Loss: 0.466119 | Train Acc: 92.40%
Val: loss=0.3744, acc=10564/10975 (96.26%)
Epoch 118 [0/84843] Loss: 0.435533
Epoch 118 [35000/84843] Loss: 0.572645
Epoch 118 [70000/84843] Loss: 0.484704
Epoch 118 - Avg Loss: 0.465163 | Train Acc: 92.44%
Val: loss=0.3845, acc=10526/10975 (95.91%)
Epoch 119 [0/84843] Loss: 0.465316
Epoch 119 [35000/84843] Loss: 0.429717
Epoch 119 [70000/84843] Loss: 0.405426
Epoch 119 - Avg Loss: 0.468738 | Train Acc: 92.24%
Val: loss=0.3875, acc=10520/10975 (95.85%)
Epoch 120 [0/84843] Loss: 0.575065
Epoch 120 [35000/84843] Loss: 0.345552
Epoch 120 [70000/84843] Loss: 0.479418
Epoch 120 - Avg Loss: 0.465297 | Train Acc: 92.45%
Val: loss=0.3839, acc=10519/10975 (95.85%)
Epoch 121 [0/84843] Loss: 0.434046
Epoch 121 [35000/84843] Loss: 0.439660
Epoch 121 [70000/84843] Loss: 0.372905
Epoch 121 - Avg Loss: 0.463889 | Train Acc: 92.46%
Val: loss=0.3759, acc=10554/10975 (96.16%)
Epoch 122 [0/84843] Loss: 0.476057
Epoch 122 [35000/84843] Loss: 0.471897
Epoch 122 [70000/84843] Loss: 0.400130
Epoch 122 - Avg Loss: 0.466302 | Train Acc: 92.41%
Val: loss=0.3822, acc=10512/10975 (95.78%)
Epoch 123 [0/84843] Loss: 0.414632
Epoch 123 [35000/84843] Loss: 0.365150
Epoch 123 [70000/84843] Loss: 0.467369
Epoch 123 - Avg Loss: 0.465948 | Train Acc: 92.39%
Val: loss=0.3763, acc=10559/10975 (96.21%)
Epoch 124 [0/84843] Loss: 0.568841
Epoch 124 [35000/84843] Loss: 0.498479
Epoch 124 [70000/84843] Loss: 0.661374
Epoch 124 - Avg Loss: 0.462828 | Train Acc: 92.63%
Val: loss=0.3767, acc=10553/10975 (96.15%)
Epoch 125 [0/84843] Loss: 0.419545
Epoch 125 [35000/84843] Loss: 0.434155
Epoch 125 [70000/84843] Loss: 0.465357
Epoch 125 - Avg Loss: 0.464029 | Train Acc: 92.46%
Val: loss=0.3771, acc=10566/10975 (96.27%)
Epoch 126 [0/84843] Loss: 0.711425
Epoch 126 [35000/84843] Loss: 0.482105
Epoch 126 [70000/84843] Loss: 0.478924
Epoch 126 - Avg Loss: 0.459914 | Train Acc: 92.60%
Val: loss=0.3844, acc=10509/10975 (95.75%)
Epoch 127 [0/84843] Loss: 0.482639
Epoch 127 [35000/84843] Loss: 0.456355
Epoch 127 [70000/84843] Loss: 0.576263
Epoch 127 - Avg Loss: 0.463282 | Train Acc: 92.64%
Val: loss=0.3715, acc=10566/10975 (96.27%)
Epoch 128 [0/84843] Loss: 0.394277
Epoch 128 [35000/84843] Loss: 0.556618
Epoch 128 [70000/84843] Loss: 0.462717
Epoch 128 - Avg Loss: 0.459554 | Train Acc: 92.72%
Val: loss=0.3783, acc=10537/10975 (96.01%)
Epoch 129 [0/84843] Loss: 0.509816
Epoch 129 [35000/84843] Loss: 0.576919
Epoch 129 [70000/84843] Loss: 0.409475
Epoch 129 - Avg Loss: 0.463813 | Train Acc: 92.48%
Val: loss=0.3935, acc=10483/10975 (95.52%)
Epoch 130 [0/84843] Loss: 0.438809
Epoch 130 [35000/84843] Loss: 0.443692
Epoch 130 [70000/84843] Loss: 0.459028
Epoch 130 - Avg Loss: 0.459550 | Train Acc: 92.65%
Val: loss=0.3782, acc=10549/10975 (96.12%)
Epoch 131 [0/84843] Loss: 0.386482
Epoch 131 [35000/84843] Loss: 0.540942
Epoch 131 [70000/84843] Loss: 0.368481
Epoch 131 - Avg Loss: 0.458827 | Train Acc: 92.69%
Val: loss=0.3754, acc=10561/10975 (96.23%)
Epoch 132 [0/84843] Loss: 0.410644
Epoch 132 [35000/84843] Loss: 0.474378
Epoch 132 [70000/84843] Loss: 0.450150
Epoch 132 - Avg Loss: 0.459019 | Train Acc: 92.74%
Val: loss=0.3788, acc=10552/10975 (96.15%)
Epoch 133 [0/84843] Loss: 0.443136
Epoch 133 [35000/84843] Loss: 0.553116
Epoch 133 [70000/84843] Loss: 0.635450
Epoch 133 - Avg Loss: 0.459287 | Train Acc: 92.76%
Val: loss=0.3783, acc=10545/10975 (96.08%)
Epoch 134 [0/84843] Loss: 0.507667
Epoch 134 [35000/84843] Loss: 0.405369
Epoch 134 [70000/84843] Loss: 0.387488
Epoch 134 - Avg Loss: 0.459432 | Train Acc: 92.69%
Val: loss=0.3655, acc=10610/10975 (96.67%)
saved best: 96.67%
Epoch 135 [0/84843] Loss: 0.526391
Epoch 135 [35000/84843] Loss: 0.520721
Epoch 135 [70000/84843] Loss: 0.439339
Epoch 135 - Avg Loss: 0.460973 | Train Acc: 92.61%
Val: loss=0.3812, acc=10544/10975 (96.07%)
Epoch 136 [0/84843] Loss: 0.427788
Epoch 136 [35000/84843] Loss: 0.428658
Epoch 136 [70000/84843] Loss: 0.521666
Epoch 136 - Avg Loss: 0.457730 | Train Acc: 92.66%
Val: loss=0.3805, acc=10532/10975 (95.96%)
Epoch 137 [0/84843] Loss: 0.526196
Epoch 137 [35000/84843] Loss: 0.578397
Epoch 137 [70000/84843] Loss: 0.436075
Epoch 137 - Avg Loss: 0.458296 | Train Acc: 92.74%
Val: loss=0.3789, acc=10550/10975 (96.13%)
Epoch 138 [0/84843] Loss: 0.442698
Epoch 138 [35000/84843] Loss: 0.455555
Epoch 138 [70000/84843] Loss: 0.514377
Epoch 138 - Avg Loss: 0.458180 | Train Acc: 92.74%
Val: loss=0.3823, acc=10539/10975 (96.03%)
Epoch 139 [0/84843] Loss: 0.404393
Epoch 139 [35000/84843] Loss: 0.397173
Epoch 139 [70000/84843] Loss: 0.421050
Epoch 139 - Avg Loss: 0.455236 | Train Acc: 92.81%
Val: loss=0.3730, acc=10576/10975 (96.36%)
Epoch 140 [0/84843] Loss: 0.475773
Epoch 140 [35000/84843] Loss: 0.438715
Epoch 140 [70000/84843] Loss: 0.416256
Epoch 140 - Avg Loss: 0.455646 | Train Acc: 92.93%
Val: loss=0.3837, acc=10515/10975 (95.81%)
Epoch 141 [0/84843] Loss: 0.459165
Epoch 141 [35000/84843] Loss: 0.531761
Epoch 141 [70000/84843] Loss: 0.303973
Epoch 141 - Avg Loss: 0.455999 | Train Acc: 92.78%
Val: loss=0.3680, acc=10586/10975 (96.46%)
Epoch 142 [0/84843] Loss: 0.483370
Epoch 142 [35000/84843] Loss: 0.462159
Epoch 142 [70000/84843] Loss: 0.536288
Epoch 142 - Avg Loss: 0.453625 | Train Acc: 92.87%
Val: loss=0.3702, acc=10584/10975 (96.44%)
Epoch 143 [0/84843] Loss: 0.382529
Epoch 143 [35000/84843] Loss: 0.398094
Epoch 143 [70000/84843] Loss: 0.500413
Epoch 143 - Avg Loss: 0.455438 | Train Acc: 92.84%
Val: loss=0.3778, acc=10547/10975 (96.10%)
Epoch 144 [0/84843] Loss: 0.502936
Epoch 144 [35000/84843] Loss: 0.519144
Epoch 144 [70000/84843] Loss: 0.407582
Epoch 144 - Avg Loss: 0.454789 | Train Acc: 92.87%
Val: loss=0.3696, acc=10587/10975 (96.46%)
Epoch 145 [0/84843] Loss: 0.589404
Epoch 145 [35000/84843] Loss: 0.635218
Epoch 145 [70000/84843] Loss: 0.450142
Epoch 145 - Avg Loss: 0.456337 | Train Acc: 92.81%
Val: loss=0.3823, acc=10529/10975 (95.94%)
Epoch 146 [0/84843] Loss: 0.450890
Epoch 146 [35000/84843] Loss: 0.348531
Epoch 146 [70000/84843] Loss: 0.472662
Epoch 146 - Avg Loss: 0.454930 | Train Acc: 92.86%
Val: loss=0.3720, acc=10587/10975 (96.46%)
Epoch 147 [0/84843] Loss: 0.414441
Epoch 147 [35000/84843] Loss: 0.485293
Epoch 147 [70000/84843] Loss: 0.499263
Epoch 147 - Avg Loss: 0.454887 | Train Acc: 92.84%
Val: loss=0.3883, acc=10508/10975 (95.74%)
Epoch 148 [0/84843] Loss: 0.478316
Epoch 148 [35000/84843] Loss: 0.412649
Epoch 148 [70000/84843] Loss: 0.516812
Epoch 148 - Avg Loss: 0.454393 | Train Acc: 92.85%
Val: loss=0.3824, acc=10540/10975 (96.04%)
Epoch 149 [0/84843] Loss: 0.441789
Epoch 149 [35000/84843] Loss: 0.392543
Epoch 149 [70000/84843] Loss: 0.422298
Epoch 149 - Avg Loss: 0.454050 | Train Acc: 92.88%
Val: loss=0.3708, acc=10586/10975 (96.46%)
Epoch 150 [0/84843] Loss: 0.491388
Epoch 150 [35000/84843] Loss: 0.441942
Epoch 150 [70000/84843] Loss: 0.379239
Epoch 150 - Avg Loss: 0.452712 | Train Acc: 92.90%
Val: loss=0.3752, acc=10572/10975 (96.33%)
Epoch 151 [0/84843] Loss: 0.397201
Epoch 151 [35000/84843] Loss: 0.476199
Epoch 151 [70000/84843] Loss: 0.445933
Epoch 151 - Avg Loss: 0.454847 | Train Acc: 92.85%
Val: loss=0.3654, acc=10613/10975 (96.70%)
saved best: 96.70%
Epoch 152 [0/84843] Loss: 0.391227
Epoch 152 [35000/84843] Loss: 0.467928
Epoch 152 [70000/84843] Loss: 0.340284
Epoch 152 - Avg Loss: 0.452971 | Train Acc: 92.86%
Val: loss=0.3822, acc=10541/10975 (96.05%)
Epoch 153 [0/84843] Loss: 0.457660
Epoch 153 [35000/84843] Loss: 0.430457
Epoch 153 [70000/84843] Loss: 0.336537
Epoch 153 - Avg Loss: 0.451711 | Train Acc: 92.97%
Val: loss=0.3901, acc=10487/10975 (95.55%)
Epoch 154 [0/84843] Loss: 0.462326
Epoch 154 [35000/84843] Loss: 0.321908
Epoch 154 [70000/84843] Loss: 0.471443
Epoch 154 - Avg Loss: 0.451412 | Train Acc: 93.02%
Val: loss=0.3729, acc=10576/10975 (96.36%)
Epoch 155 [0/84843] Loss: 0.371447
Epoch 155 [35000/84843] Loss: 0.325698
Epoch 155 [70000/84843] Loss: 0.427649
Epoch 155 - Avg Loss: 0.453399 | Train Acc: 92.84%
Val: loss=0.3792, acc=10546/10975 (96.09%)
Epoch 156 [0/84843] Loss: 0.425956
Epoch 156 [35000/84843] Loss: 0.456361
Epoch 156 [70000/84843] Loss: 0.408972
Epoch 156 - Avg Loss: 0.448305 | Train Acc: 93.11%
Val: loss=0.3841, acc=10536/10975 (96.00%)
Epoch 157 [0/84843] Loss: 0.631115
Epoch 157 [35000/84843] Loss: 0.436466
Epoch 157 [70000/84843] Loss: 0.352593
Epoch 157 - Avg Loss: 0.449861 | Train Acc: 93.04%
Val: loss=0.3689, acc=10568/10975 (96.29%)
Epoch 158 [0/84843] Loss: 0.561508
Epoch 158 [35000/84843] Loss: 0.376164
Epoch 158 [70000/84843] Loss: 0.356874
Epoch 158 - Avg Loss: 0.451993 | Train Acc: 92.95%
Val: loss=0.3746, acc=10553/10975 (96.15%)
Epoch 159 [0/84843] Loss: 0.558126
Epoch 159 [35000/84843] Loss: 0.394165
Epoch 159 [70000/84843] Loss: 0.404221
Epoch 159 - Avg Loss: 0.452541 | Train Acc: 92.95%
Val: loss=0.3725, acc=10559/10975 (96.21%)
Epoch 160 [0/84843] Loss: 0.466205
Epoch 160 [35000/84843] Loss: 0.512443
Epoch 160 [70000/84843] Loss: 0.383305
Epoch 160 - Avg Loss: 0.450631 | Train Acc: 93.06%
Val: loss=0.3679, acc=10601/10975 (96.59%)
Epoch 161 [0/84843] Loss: 0.413135
Epoch 161 [35000/84843] Loss: 0.334194
Epoch 161 [70000/84843] Loss: 0.478133
Epoch 161 - Avg Loss: 0.449800 | Train Acc: 93.02%
Val: loss=0.3708, acc=10578/10975 (96.38%)
Epoch 162 [0/84843] Loss: 0.356909
Epoch 162 [35000/84843] Loss: 0.473177
Epoch 162 [70000/84843] Loss: 0.511324
Epoch 162 - Avg Loss: 0.451205 | Train Acc: 93.00%
Val: loss=0.3673, acc=10598/10975 (96.56%)
Epoch 163 [0/84843] Loss: 0.428686
Epoch 163 [35000/84843] Loss: 0.456901
Epoch 163 [70000/84843] Loss: 0.383186
Epoch 163 - Avg Loss: 0.447105 | Train Acc: 93.14%
Val: loss=0.3827, acc=10522/10975 (95.87%)
Epoch 164 [0/84843] Loss: 0.633109
Epoch 164 [35000/84843] Loss: 0.444801
Epoch 164 [70000/84843] Loss: 0.484580
Epoch 164 - Avg Loss: 0.446726 | Train Acc: 93.15%
Val: loss=0.3713, acc=10570/10975 (96.31%)
Epoch 165 [0/84843] Loss: 0.361434
Epoch 165 [35000/84843] Loss: 0.430668
Epoch 165 [70000/84843] Loss: 0.540605
Epoch 165 - Avg Loss: 0.445353 | Train Acc: 93.17%
Val: loss=0.3687, acc=10589/10975 (96.48%)
Epoch 166 [0/84843] Loss: 0.607584
Epoch 166 [35000/84843] Loss: 0.504589
Epoch 166 [70000/84843] Loss: 0.391142
Epoch 166 - Avg Loss: 0.447588 | Train Acc: 93.13%
Val: loss=0.3750, acc=10564/10975 (96.26%)
Epoch 167 [0/84843] Loss: 0.432983
Epoch 167 [35000/84843] Loss: 0.401582
Epoch 167 [70000/84843] Loss: 0.324136
Epoch 167 - Avg Loss: 0.448674 | Train Acc: 93.07%
Val: loss=0.3744, acc=10579/10975 (96.39%)
Epoch 168 [0/84843] Loss: 0.440423
Epoch 168 [35000/84843] Loss: 0.355726
Epoch 168 [70000/84843] Loss: 0.343108
Epoch 168 - Avg Loss: 0.447876 | Train Acc: 93.18%
Val: loss=0.3786, acc=10553/10975 (96.15%)
Epoch 169 [0/84843] Loss: 0.494080
Epoch 169 [35000/84843] Loss: 0.414187
Epoch 169 [70000/84843] Loss: 0.403742
Epoch 169 - Avg Loss: 0.448109 | Train Acc: 93.08%
Val: loss=0.3662, acc=10589/10975 (96.48%)
Epoch 170 [0/84843] Loss: 0.355296
Epoch 170 [35000/84843] Loss: 0.447451
Epoch 170 [70000/84843] Loss: 0.513503
Epoch 170 - Avg Loss: 0.446291 | Train Acc: 93.12%
Val: loss=0.3653, acc=10603/10975 (96.61%)
Epoch 171 [0/84843] Loss: 0.453935
Epoch 171 [35000/84843] Loss: 0.401558
Epoch 171 [70000/84843] Loss: 0.382423
Epoch 171 - Avg Loss: 0.443546 | Train Acc: 93.36%
Val: loss=0.3760, acc=10560/10975 (96.22%)
Epoch 172 [0/84843] Loss: 0.354577
Epoch 172 [35000/84843] Loss: 0.403816
Epoch 172 [70000/84843] Loss: 0.441749
Epoch 172 - Avg Loss: 0.443953 | Train Acc: 93.19%
Val: loss=0.3795, acc=10553/10975 (96.15%)
Epoch 173 [0/84843] Loss: 0.402694
Epoch 173 [35000/84843] Loss: 0.333612
Epoch 173 [70000/84843] Loss: 0.506625
Epoch 173 - Avg Loss: 0.444722 | Train Acc: 93.26%
Val: loss=0.3741, acc=10581/10975 (96.41%)
Epoch 174 [0/84843] Loss: 0.344004
Epoch 174 [35000/84843] Loss: 0.384413
Epoch 174 [70000/84843] Loss: 0.480580
Epoch 174 - Avg Loss: 0.447618 | Train Acc: 93.15%
Val: loss=0.3684, acc=10602/10975 (96.60%)
Epoch 175 [0/84843] Loss: 0.372106
Epoch 175 [35000/84843] Loss: 0.487392
Epoch 175 [70000/84843] Loss: 0.478280
Epoch 175 - Avg Loss: 0.443575 | Train Acc: 93.20%
Val: loss=0.3772, acc=10547/10975 (96.10%)
Epoch 176 [0/84843] Loss: 0.443297
Epoch 176 [35000/84843] Loss: 0.601494
Epoch 176 [70000/84843] Loss: 0.402910
Epoch 176 - Avg Loss: 0.444299 | Train Acc: 93.23%
Val: loss=0.3747, acc=10581/10975 (96.41%)
Epoch 177 [0/84843] Loss: 0.443731
Epoch 177 [35000/84843] Loss: 0.448843
Epoch 177 [70000/84843] Loss: 0.538269
Epoch 177 - Avg Loss: 0.443660 | Train Acc: 93.30%
Val: loss=0.3749, acc=10549/10975 (96.12%)
Epoch 178 [0/84843] Loss: 0.380926
Epoch 178 [35000/84843] Loss: 0.429831
Epoch 178 [70000/84843] Loss: 0.418793
Epoch 178 - Avg Loss: 0.444504 | Train Acc: 93.25%
Val: loss=0.3739, acc=10570/10975 (96.31%)
Epoch 179 [0/84843] Loss: 0.352250
Epoch 179 [35000/84843] Loss: 0.438197
Epoch 179 [70000/84843] Loss: 0.454406
Epoch 179 - Avg Loss: 0.445865 | Train Acc: 93.08%
Val: loss=0.3711, acc=10569/10975 (96.30%)
Epoch 180 [0/84843] Loss: 0.439347
Epoch 180 [35000/84843] Loss: 0.507372
Epoch 180 [70000/84843] Loss: 0.339954
Epoch 180 - Avg Loss: 0.442937 | Train Acc: 93.30%
Val: loss=0.3691, acc=10591/10975 (96.50%)
Epoch 181 [0/84843] Loss: 0.626796
Epoch 181 [35000/84843] Loss: 0.431599
Epoch 181 [70000/84843] Loss: 0.454158
Epoch 181 - Avg Loss: 0.446010 | Train Acc: 93.22%
Val: loss=0.3674, acc=10585/10975 (96.45%)
Epoch 182 [0/84843] Loss: 0.418861
Epoch 182 [35000/84843] Loss: 0.434678
Epoch 182 [70000/84843] Loss: 0.514478
Epoch 182 - Avg Loss: 0.445770 | Train Acc: 93.17%
Val: loss=0.3751, acc=10547/10975 (96.10%)
Epoch 183 [0/84843] Loss: 0.479784
Epoch 183 [35000/84843] Loss: 0.454645
Epoch 183 [70000/84843] Loss: 0.474959
Epoch 183 - Avg Loss: 0.443859 | Train Acc: 93.33%
Val: loss=0.3685, acc=10582/10975 (96.42%)
Epoch 184 [0/84843] Loss: 0.505699
Epoch 184 [35000/84843] Loss: 0.597979
Epoch 184 [70000/84843] Loss: 0.356295
Epoch 184 - Avg Loss: 0.442731 | Train Acc: 93.29%
Val: loss=0.3729, acc=10576/10975 (96.36%)
Epoch 185 [0/84843] Loss: 0.497351
Epoch 185 [35000/84843] Loss: 0.420401
Epoch 185 [70000/84843] Loss: 0.383339
Epoch 185 - Avg Loss: 0.439381 | Train Acc: 93.48%
Val: loss=0.3646, acc=10596/10975 (96.55%)
Epoch 186 [0/84843] Loss: 0.536302
Epoch 186 [35000/84843] Loss: 0.392888
Epoch 186 [70000/84843] Loss: 0.430121
Epoch 186 - Avg Loss: 0.442677 | Train Acc: 93.27%
Val: loss=0.3710, acc=10575/10975 (96.36%)
Epoch 187 [0/84843] Loss: 0.328670
Epoch 187 [35000/84843] Loss: 0.464588
Epoch 187 [70000/84843] Loss: 0.419931
Epoch 187 - Avg Loss: 0.441884 | Train Acc: 93.37%
Val: loss=0.3690, acc=10586/10975 (96.46%)
Epoch 188 [0/84843] Loss: 0.390111
Epoch 188 [35000/84843] Loss: 0.335444
Epoch 188 [70000/84843] Loss: 0.433980
Epoch 188 - Avg Loss: 0.440730 | Train Acc: 93.39%
Val: loss=0.3609, acc=10618/10975 (96.75%)
saved best: 96.75%
Epoch 189 [0/84843] Loss: 0.373930
Epoch 189 [35000/84843] Loss: 0.503565
Epoch 189 [70000/84843] Loss: 0.397358
Epoch 189 - Avg Loss: 0.440934 | Train Acc: 93.37%
Val: loss=0.3666, acc=10585/10975 (96.45%)
Epoch 190 [0/84843] Loss: 0.370846
Epoch 190 [35000/84843] Loss: 0.357199
Epoch 190 [70000/84843] Loss: 0.403641
Epoch 190 - Avg Loss: 0.439900 | Train Acc: 93.48%
Val: loss=0.3611, acc=10622/10975 (96.78%)
saved best: 96.78%
Epoch 191 [0/84843] Loss: 0.337662
Epoch 191 [35000/84843] Loss: 0.448936
Epoch 191 [70000/84843] Loss: 0.489500
Epoch 191 - Avg Loss: 0.439780 | Train Acc: 93.41%
Val: loss=0.3742, acc=10580/10975 (96.40%)
Epoch 192 [0/84843] Loss: 0.446674
Epoch 192 [35000/84843] Loss: 0.454472
Epoch 192 [70000/84843] Loss: 0.476960
Epoch 192 - Avg Loss: 0.439255 | Train Acc: 93.47%
Val: loss=0.3742, acc=10565/10975 (96.26%)
Epoch 193 [0/84843] Loss: 0.338289
Epoch 193 [35000/84843] Loss: 0.351234
Epoch 193 [70000/84843] Loss: 0.534882
Epoch 193 - Avg Loss: 0.441110 | Train Acc: 93.38%
Val: loss=0.3591, acc=10618/10975 (96.75%)
Epoch 194 [0/84843] Loss: 0.435299
Epoch 194 [35000/84843] Loss: 0.471999
Epoch 194 [70000/84843] Loss: 0.435851
Epoch 194 - Avg Loss: 0.441794 | Train Acc: 93.34%
Val: loss=0.3801, acc=10541/10975 (96.05%)
Epoch 195 [0/84843] Loss: 0.564257
Epoch 195 [35000/84843] Loss: 0.425860
Epoch 195 [70000/84843] Loss: 0.434877
Epoch 195 - Avg Loss: 0.439842 | Train Acc: 93.38%
Val: loss=0.3700, acc=10585/10975 (96.45%)
Epoch 196 [0/84843] Loss: 0.400932
Epoch 196 [35000/84843] Loss: 0.435101
Epoch 196 [70000/84843] Loss: 0.384600
Epoch 196 - Avg Loss: 0.437525 | Train Acc: 93.53%
Val: loss=0.3621, acc=10614/10975 (96.71%)
Epoch 197 [0/84843] Loss: 0.369966
Epoch 197 [35000/84843] Loss: 0.387558
Epoch 197 [70000/84843] Loss: 0.354420
Epoch 197 - Avg Loss: 0.438528 | Train Acc: 93.44%
Val: loss=0.3589, acc=10630/10975 (96.86%)
saved best: 96.86%
Epoch 198 [0/84843] Loss: 0.420927
Epoch 198 [35000/84843] Loss: 0.403605
Epoch 198 [70000/84843] Loss: 0.445144
Epoch 198 - Avg Loss: 0.439927 | Train Acc: 93.52%
Val: loss=0.3592, acc=10612/10975 (96.69%)
Epoch 199 [0/84843] Loss: 0.523892
Epoch 199 [35000/84843] Loss: 0.360928
Epoch 199 [70000/84843] Loss: 0.413953
Epoch 199 - Avg Loss: 0.437868 | Train Acc: 93.56%
Val: loss=0.3636, acc=10610/10975 (96.67%)
Epoch 200 [0/84843] Loss: 0.438779
Epoch 200 [35000/84843] Loss: 0.371346
Epoch 200 [70000/84843] Loss: 0.463521
Epoch 200 - Avg Loss: 0.438631 | Train Acc: 93.49%
Val: loss=0.3698, acc=10585/10975 (96.45%)
Epoch 201 [0/84843] Loss: 0.373660
Epoch 201 [35000/84843] Loss: 0.488369
Epoch 201 [70000/84843] Loss: 0.437014
Epoch 201 - Avg Loss: 0.436185 | Train Acc: 93.50%
Val: loss=0.3682, acc=10594/10975 (96.53%)
Epoch 202 [0/84843] Loss: 0.405384
Epoch 202 [35000/84843] Loss: 0.404117
Epoch 202 [70000/84843] Loss: 0.433866
Epoch 202 - Avg Loss: 0.437651 | Train Acc: 93.57%
Val: loss=0.3644, acc=10598/10975 (96.56%)
Epoch 203 [0/84843] Loss: 0.501894
Epoch 203 [35000/84843] Loss: 0.399467
Epoch 203 [70000/84843] Loss: 0.498655
Epoch 203 - Avg Loss: 0.438549 | Train Acc: 93.48%
Val: loss=0.3656, acc=10595/10975 (96.54%)
Epoch 204 [0/84843] Loss: 0.341754
Epoch 204 [35000/84843] Loss: 0.466804
Epoch 204 [70000/84843] Loss: 0.428680
Epoch 204 - Avg Loss: 0.435037 | Train Acc: 93.61%
Val: loss=0.3612, acc=10627/10975 (96.83%)
Epoch 205 [0/84843] Loss: 0.391806
Epoch 205 [35000/84843] Loss: 0.539467
Epoch 205 [70000/84843] Loss: 0.379221
Epoch 205 - Avg Loss: 0.436810 | Train Acc: 93.54%
Val: loss=0.3657, acc=10592/10975 (96.51%)
Epoch 206 [0/84843] Loss: 0.546138
Epoch 206 [35000/84843] Loss: 0.403479
Epoch 206 [70000/84843] Loss: 0.315440
Epoch 206 - Avg Loss: 0.431955 | Train Acc: 93.78%
Val: loss=0.3589, acc=10613/10975 (96.70%)
Epoch 207 [0/84843] Loss: 0.446495
Epoch 207 [35000/84843] Loss: 0.420513
Epoch 207 [70000/84843] Loss: 0.364626
Epoch 207 - Avg Loss: 0.434401 | Train Acc: 93.63%
Val: loss=0.3577, acc=10638/10975 (96.93%)
saved best: 96.93%
Epoch 208 [0/84843] Loss: 0.362491
Epoch 208 [35000/84843] Loss: 0.375145
Epoch 208 [70000/84843] Loss: 0.397728
Epoch 208 - Avg Loss: 0.435462 | Train Acc: 93.57%
Val: loss=0.3678, acc=10604/10975 (96.62%)
Epoch 209 [0/84843] Loss: 0.470252
Epoch 209 [35000/84843] Loss: 0.418507
Epoch 209 [70000/84843] Loss: 0.477623
Epoch 209 - Avg Loss: 0.436178 | Train Acc: 93.62%
Val: loss=0.3726, acc=10569/10975 (96.30%)
Epoch 210 [0/84843] Loss: 0.452304
Epoch 210 [35000/84843] Loss: 0.394988
Epoch 210 [70000/84843] Loss: 0.397799
Epoch 210 - Avg Loss: 0.437961 | Train Acc: 93.51%
Val: loss=0.3601, acc=10614/10975 (96.71%)
Epoch 211 [0/84843] Loss: 0.476005
Epoch 211 [35000/84843] Loss: 0.597286
Epoch 211 [70000/84843] Loss: 0.469878
Epoch 211 - Avg Loss: 0.434431 | Train Acc: 93.63%
Val: loss=0.3636, acc=10608/10975 (96.66%)
Epoch 212 [0/84843] Loss: 0.613191
Epoch 212 [35000/84843] Loss: 0.479962
Epoch 212 [70000/84843] Loss: 0.535242
Epoch 212 - Avg Loss: 0.435614 | Train Acc: 93.63%
Val: loss=0.3642, acc=10622/10975 (96.78%)
Epoch 213 [0/84843] Loss: 0.540366
Epoch 213 [35000/84843] Loss: 0.446197
Epoch 213 [70000/84843] Loss: 0.495969
Epoch 213 - Avg Loss: 0.430964 | Train Acc: 93.71%
Val: loss=0.3635, acc=10605/10975 (96.63%)
Epoch 214 [0/84843] Loss: 0.504960
Epoch 214 [35000/84843] Loss: 0.419083
Epoch 214 [70000/84843] Loss: 0.387357
Epoch 214 - Avg Loss: 0.430976 | Train Acc: 93.79%
Val: loss=0.3654, acc=10604/10975 (96.62%)
Epoch 215 [0/84843] Loss: 0.661543
Epoch 215 [35000/84843] Loss: 0.451450
Epoch 215 [70000/84843] Loss: 0.400793
Epoch 215 - Avg Loss: 0.432070 | Train Acc: 93.70%
Val: loss=0.3609, acc=10611/10975 (96.68%)
Epoch 216 [0/84843] Loss: 0.381146
Epoch 216 [35000/84843] Loss: 0.368842
Epoch 216 [70000/84843] Loss: 0.424360
Epoch 216 - Avg Loss: 0.433115 | Train Acc: 93.67%
Val: loss=0.3607, acc=10624/10975 (96.80%)
Epoch 217 [0/84843] Loss: 0.418191
Epoch 217 [35000/84843] Loss: 0.573310
Epoch 217 [70000/84843] Loss: 0.483731
Epoch 217 - Avg Loss: 0.432285 | Train Acc: 93.70%
Val: loss=0.3533, acc=10644/10975 (96.98%)
saved best: 96.98%
Epoch 218 [0/84843] Loss: 0.436549
Epoch 218 [35000/84843] Loss: 0.337946
Epoch 218 [70000/84843] Loss: 0.478349
Epoch 218 - Avg Loss: 0.433876 | Train Acc: 93.66%
Val: loss=0.3603, acc=10627/10975 (96.83%)
Epoch 219 [0/84843] Loss: 0.366514
Epoch 219 [35000/84843] Loss: 0.533167
Epoch 219 [70000/84843] Loss: 0.384460
Epoch 219 - Avg Loss: 0.431179 | Train Acc: 93.76%
Val: loss=0.3586, acc=10644/10975 (96.98%)
Epoch 220 [0/84843] Loss: 0.311654
Epoch 220 [35000/84843] Loss: 0.363900
Epoch 220 [70000/84843] Loss: 0.313959
Epoch 220 - Avg Loss: 0.430908 | Train Acc: 93.72%
Val: loss=0.3595, acc=10622/10975 (96.78%)
Epoch 221 [0/84843] Loss: 0.470447
Epoch 221 [35000/84843] Loss: 0.369561
Epoch 221 [70000/84843] Loss: 0.468637
Epoch 221 - Avg Loss: 0.431597 | Train Acc: 93.68%
Val: loss=0.3624, acc=10620/10975 (96.77%)
Epoch 222 [0/84843] Loss: 0.363501
Epoch 222 [35000/84843] Loss: 0.349689
Epoch 222 [70000/84843] Loss: 0.371428
Epoch 222 - Avg Loss: 0.431250 | Train Acc: 93.80%
Val: loss=0.3686, acc=10593/10975 (96.52%)
Epoch 223 [0/84843] Loss: 0.499540
Epoch 223 [35000/84843] Loss: 0.401818
Epoch 223 [70000/84843] Loss: 0.456959
Epoch 223 - Avg Loss: 0.431292 | Train Acc: 93.70%
Val: loss=0.3564, acc=10653/10975 (97.07%)
saved best: 97.07%
Epoch 224 [0/84843] Loss: 0.320063
Epoch 224 [35000/84843] Loss: 0.401804
Epoch 224 [70000/84843] Loss: 0.444988
Epoch 224 - Avg Loss: 0.433283 | Train Acc: 93.67%
Val: loss=0.3627, acc=10614/10975 (96.71%)
Epoch 225 [0/84843] Loss: 0.437665
Epoch 225 [35000/84843] Loss: 0.498318
Epoch 225 [70000/84843] Loss: 0.415849
Epoch 225 - Avg Loss: 0.430390 | Train Acc: 93.79%
Val: loss=0.3607, acc=10613/10975 (96.70%)
Epoch 226 [0/84843] Loss: 0.411596
Epoch 226 [35000/84843] Loss: 0.559724
Epoch 226 [70000/84843] Loss: 0.364510
Epoch 226 - Avg Loss: 0.427787 | Train Acc: 93.89%
Val: loss=0.3567, acc=10642/10975 (96.97%)
Epoch 227 [0/84843] Loss: 0.460172
Epoch 227 [35000/84843] Loss: 0.334209
Epoch 227 [70000/84843] Loss: 0.439515
Epoch 227 - Avg Loss: 0.428572 | Train Acc: 93.81%
Val: loss=0.3607, acc=10601/10975 (96.59%)
Epoch 228 [0/84843] Loss: 0.461159
Epoch 228 [35000/84843] Loss: 0.474151
Epoch 228 [70000/84843] Loss: 0.368816
Epoch 228 - Avg Loss: 0.430540 | Train Acc: 93.82%
Val: loss=0.3576, acc=10620/10975 (96.77%)
Epoch 229 [0/84843] Loss: 0.477515
Epoch 229 [35000/84843] Loss: 0.557408
Epoch 229 [70000/84843] Loss: 0.426787
Epoch 229 - Avg Loss: 0.427184 | Train Acc: 93.91%
Val: loss=0.3637, acc=10610/10975 (96.67%)
Epoch 230 [0/84843] Loss: 0.430545
Epoch 230 [35000/84843] Loss: 0.505406
Epoch 230 [70000/84843] Loss: 0.468748
Epoch 230 - Avg Loss: 0.430546 | Train Acc: 93.78%
Val: loss=0.3562, acc=10627/10975 (96.83%)
Epoch 231 [0/84843] Loss: 0.473762
Epoch 231 [35000/84843] Loss: 0.401099
Epoch 231 [70000/84843] Loss: 0.409711
Epoch 231 - Avg Loss: 0.428922 | Train Acc: 93.82%
Val: loss=0.3609, acc=10611/10975 (96.68%)
Epoch 232 [0/84843] Loss: 0.392062
Epoch 232 [35000/84843] Loss: 0.482744
Epoch 232 [70000/84843] Loss: 0.541128
Epoch 232 - Avg Loss: 0.429735 | Train Acc: 93.80%
Val: loss=0.3679, acc=10606/10975 (96.64%)
Epoch 233 [0/84843] Loss: 0.522333
Epoch 233 [35000/84843] Loss: 0.391436
Epoch 233 [70000/84843] Loss: 0.383699
Epoch 233 - Avg Loss: 0.428878 | Train Acc: 93.78%
Val: loss=0.3620, acc=10606/10975 (96.64%)
Epoch 234 [0/84843] Loss: 0.307671
Epoch 234 [35000/84843] Loss: 0.421488
Epoch 234 [70000/84843] Loss: 0.523798
Epoch 234 - Avg Loss: 0.430825 | Train Acc: 93.77%
Val: loss=0.3597, acc=10636/10975 (96.91%)
Epoch 235 [0/84843] Loss: 0.447740
Epoch 235 [35000/84843] Loss: 0.391114
Epoch 235 [70000/84843] Loss: 0.341341
Epoch 235 - Avg Loss: 0.426857 | Train Acc: 93.87%
Val: loss=0.3582, acc=10631/10975 (96.87%)
Epoch 236 [0/84843] Loss: 0.486224
Epoch 236 [35000/84843] Loss: 0.308172
Epoch 236 [70000/84843] Loss: 0.487509
Epoch 236 - Avg Loss: 0.427287 | Train Acc: 93.84%
Val: loss=0.3537, acc=10643/10975 (96.97%)
Epoch 237 [0/84843] Loss: 0.436029
Epoch 237 [35000/84843] Loss: 0.368198
Epoch 237 [70000/84843] Loss: 0.381609
Epoch 237 - Avg Loss: 0.428948 | Train Acc: 93.83%
Val: loss=0.3552, acc=10639/10975 (96.94%)
Epoch 238 [0/84843] Loss: 0.386205
Epoch 238 [35000/84843] Loss: 0.382542
Epoch 238 [70000/84843] Loss: 0.375241
Epoch 238 - Avg Loss: 0.426149 | Train Acc: 94.04%
Val: loss=0.3543, acc=10655/10975 (97.08%)
saved best: 97.08%
Epoch 239 [0/84843] Loss: 0.450972
Epoch 239 [35000/84843] Loss: 0.446018
Epoch 239 [70000/84843] Loss: 0.395807
Epoch 239 - Avg Loss: 0.425196 | Train Acc: 94.00%
Val: loss=0.3550, acc=10646/10975 (97.00%)
Epoch 240 [0/84843] Loss: 0.440951
Epoch 240 [35000/84843] Loss: 0.329773
Epoch 240 [70000/84843] Loss: 0.347104
Epoch 240 - Avg Loss: 0.425038 | Train Acc: 93.99%
Val: loss=0.3656, acc=10603/10975 (96.61%)
Epoch 241 [0/84843] Loss: 0.407938
Epoch 241 [35000/84843] Loss: 0.341016
Epoch 241 [70000/84843] Loss: 0.396271
Epoch 241 - Avg Loss: 0.424734 | Train Acc: 94.04%
Val: loss=0.3605, acc=10622/10975 (96.78%)
Epoch 242 [0/84843] Loss: 0.482267
Epoch 242 [35000/84843] Loss: 0.486092
Epoch 242 [70000/84843] Loss: 0.500573
Epoch 242 - Avg Loss: 0.423418 | Train Acc: 94.02%
Val: loss=0.3601, acc=10629/10975 (96.85%)
Epoch 243 [0/84843] Loss: 0.373273
Epoch 243 [35000/84843] Loss: 0.436112
Epoch 243 [70000/84843] Loss: 0.497805
Epoch 243 - Avg Loss: 0.425110 | Train Acc: 93.99%
Val: loss=0.3579, acc=10642/10975 (96.97%)
Epoch 244 [0/84843] Loss: 0.460465
Epoch 244 [35000/84843] Loss: 0.337247
Epoch 244 [70000/84843] Loss: 0.444644
Epoch 244 - Avg Loss: 0.422685 | Train Acc: 94.11%
Val: loss=0.3559, acc=10640/10975 (96.95%)
Epoch 245 [0/84843] Loss: 0.316278
Epoch 245 [35000/84843] Loss: 0.387688
Epoch 245 [70000/84843] Loss: 0.427673
Epoch 245 - Avg Loss: 0.423847 | Train Acc: 94.10%
Val: loss=0.3569, acc=10638/10975 (96.93%)
Epoch 246 [0/84843] Loss: 0.349151
Epoch 246 [35000/84843] Loss: 0.310962
Epoch 246 [70000/84843] Loss: 0.422535
Epoch 246 - Avg Loss: 0.424826 | Train Acc: 93.97%
Val: loss=0.3568, acc=10648/10975 (97.02%)
Epoch 247 [0/84843] Loss: 0.385889
Epoch 247 [35000/84843] Loss: 0.426979
Epoch 247 [70000/84843] Loss: 0.359164
Epoch 247 - Avg Loss: 0.422568 | Train Acc: 94.04%
Val: loss=0.3593, acc=10620/10975 (96.77%)
Epoch 248 [0/84843] Loss: 0.454870
Epoch 248 [35000/84843] Loss: 0.445895
Epoch 248 [70000/84843] Loss: 0.354368
Epoch 248 - Avg Loss: 0.424169 | Train Acc: 94.06%
Val: loss=0.3604, acc=10629/10975 (96.85%)
Epoch 249 [0/84843] Loss: 0.488994
Epoch 249 [35000/84843] Loss: 0.389148
Epoch 249 [70000/84843] Loss: 0.522098
Epoch 249 - Avg Loss: 0.422314 | Train Acc: 94.09%
Val: loss=0.3632, acc=10616/10975 (96.73%)
Epoch 250 [0/84843] Loss: 0.439781
Epoch 250 [35000/84843] Loss: 0.349457
Epoch 250 [70000/84843] Loss: 0.415747
Epoch 250 - Avg Loss: 0.422427 | Train Acc: 94.13%
Val: loss=0.3541, acc=10647/10975 (97.01%)
Epoch 251 [0/84843] Loss: 0.330005
Epoch 251 [35000/84843] Loss: 0.315431
Epoch 251 [70000/84843] Loss: 0.422657
Epoch 251 - Avg Loss: 0.423373 | Train Acc: 94.09%
Val: loss=0.3583, acc=10629/10975 (96.85%)
Epoch 252 [0/84843] Loss: 0.366828
Epoch 252 [35000/84843] Loss: 0.548406
Epoch 252 [70000/84843] Loss: 0.384753
Epoch 252 - Avg Loss: 0.422365 | Train Acc: 94.15%
Val: loss=0.3549, acc=10637/10975 (96.92%)
Epoch 253 [0/84843] Loss: 0.353076
Epoch 253 [35000/84843] Loss: 0.358111
Epoch 253 [70000/84843] Loss: 0.420867
Epoch 253 - Avg Loss: 0.423207 | Train Acc: 94.04%
Val: loss=0.3535, acc=10642/10975 (96.97%)
Epoch 254 [0/84843] Loss: 0.423547
Epoch 254 [35000/84843] Loss: 0.434924
Epoch 254 [70000/84843] Loss: 0.331370
Epoch 254 - Avg Loss: 0.418397 | Train Acc: 94.21%
Val: loss=0.3548, acc=10651/10975 (97.05%)
Epoch 255 [0/84843] Loss: 0.328594
Epoch 255 [35000/84843] Loss: 0.407226
Epoch 255 [70000/84843] Loss: 0.386747
Epoch 255 - Avg Loss: 0.418541 | Train Acc: 94.23%
Val: loss=0.3582, acc=10638/10975 (96.93%)
Epoch 256 [0/84843] Loss: 0.486540
Epoch 256 [35000/84843] Loss: 0.474579
Epoch 256 [70000/84843] Loss: 0.465577
Epoch 256 - Avg Loss: 0.420954 | Train Acc: 94.14%
Val: loss=0.3607, acc=10622/10975 (96.78%)
Epoch 257 [0/84843] Loss: 0.510260
Epoch 257 [35000/84843] Loss: 0.388738
Epoch 257 [70000/84843] Loss: 0.377758
Epoch 257 - Avg Loss: 0.420067 | Train Acc: 94.20%
Val: loss=0.3588, acc=10624/10975 (96.80%)
Epoch 258 [0/84843] Loss: 0.362591
Epoch 258 [35000/84843] Loss: 0.371349
Epoch 258 [70000/84843] Loss: 0.446280
Epoch 258 - Avg Loss: 0.421169 | Train Acc: 94.13%
Val: loss=0.3607, acc=10619/10975 (96.76%)
Epoch 259 [0/84843] Loss: 0.514129
Epoch 259 [35000/84843] Loss: 0.384355
Epoch 259 [70000/84843] Loss: 0.427107
Epoch 259 - Avg Loss: 0.418710 | Train Acc: 94.20%
Val: loss=0.3590, acc=10628/10975 (96.84%)
Epoch 260 [0/84843] Loss: 0.391741
Epoch 260 [35000/84843] Loss: 0.613400
Epoch 260 [70000/84843] Loss: 0.346197
Epoch 260 - Avg Loss: 0.420079 | Train Acc: 94.21%
Val: loss=0.3583, acc=10621/10975 (96.77%)
Epoch 261 [0/84843] Loss: 0.381718
Epoch 261 [35000/84843] Loss: 0.442134
Epoch 261 [70000/84843] Loss: 0.425600
Epoch 261 - Avg Loss: 0.419265 | Train Acc: 94.20%
Val: loss=0.3532, acc=10640/10975 (96.95%)
Epoch 262 [0/84843] Loss: 0.381190
Epoch 262 [35000/84843] Loss: 0.373593
Epoch 262 [70000/84843] Loss: 0.346228
Epoch 262 - Avg Loss: 0.416511 | Train Acc: 94.35%
Val: loss=0.3547, acc=10642/10975 (96.97%)
Epoch 263 [0/84843] Loss: 0.325191
Epoch 263 [35000/84843] Loss: 0.358128
Epoch 263 [70000/84843] Loss: 0.427930
Epoch 263 - Avg Loss: 0.418222 | Train Acc: 94.26%
Val: loss=0.3557, acc=10642/10975 (96.97%)
Epoch 264 [0/84843] Loss: 0.363565
Epoch 264 [35000/84843] Loss: 0.361996
Epoch 264 [70000/84843] Loss: 0.331843
Epoch 264 - Avg Loss: 0.417981 | Train Acc: 94.23%
Val: loss=0.3577, acc=10644/10975 (96.98%)
Epoch 265 [0/84843] Loss: 0.508971
Epoch 265 [35000/84843] Loss: 0.621734
Epoch 265 [70000/84843] Loss: 0.517521
Epoch 265 - Avg Loss: 0.419911 | Train Acc: 94.14%
Val: loss=0.3565, acc=10650/10975 (97.04%)
Epoch 266 [0/84843] Loss: 0.565476
Epoch 266 [35000/84843] Loss: 0.453846
Epoch 266 [70000/84843] Loss: 0.396462
Epoch 266 - Avg Loss: 0.419286 | Train Acc: 94.22%
Val: loss=0.3531, acc=10641/10975 (96.96%)
Epoch 267 [0/84843] Loss: 0.407017
Epoch 267 [35000/84843] Loss: 0.442011
Epoch 267 [70000/84843] Loss: 0.468188
Epoch 267 - Avg Loss: 0.416702 | Train Acc: 94.32%
Val: loss=0.3579, acc=10620/10975 (96.77%)
Epoch 268 [0/84843] Loss: 0.492796
Epoch 268 [35000/84843] Loss: 0.373421
Epoch 268 [70000/84843] Loss: 0.373467
Epoch 268 - Avg Loss: 0.419977 | Train Acc: 94.18%
Val: loss=0.3516, acc=10654/10975 (97.08%)
Epoch 269 [0/84843] Loss: 0.368099
Epoch 269 [35000/84843] Loss: 0.364854
Epoch 269 [70000/84843] Loss: 0.423722
Epoch 269 - Avg Loss: 0.416675 | Train Acc: 94.27%
Val: loss=0.3499, acc=10665/10975 (97.18%)
saved best: 97.18%
Epoch 270 [0/84843] Loss: 0.296038
Epoch 270 [35000/84843] Loss: 0.438257
Epoch 270 [70000/84843] Loss: 0.452829
Epoch 270 - Avg Loss: 0.414259 | Train Acc: 94.42%
Val: loss=0.3563, acc=10619/10975 (96.76%)
Epoch 271 [0/84843] Loss: 0.339149
Epoch 271 [35000/84843] Loss: 0.328268
Epoch 271 [70000/84843] Loss: 0.407986
Epoch 271 - Avg Loss: 0.414422 | Train Acc: 94.42%
Val: loss=0.3571, acc=10648/10975 (97.02%)
Epoch 272 [0/84843] Loss: 0.513604
Epoch 272 [35000/84843] Loss: 0.432877
Epoch 272 [70000/84843] Loss: 0.427363
Epoch 272 - Avg Loss: 0.415682 | Train Acc: 94.40%
Val: loss=0.3547, acc=10645/10975 (96.99%)
Epoch 273 [0/84843] Loss: 0.308478
Epoch 273 [35000/84843] Loss: 0.408861
Epoch 273 [70000/84843] Loss: 0.378914
Epoch 273 - Avg Loss: 0.416895 | Train Acc: 94.33%
Val: loss=0.3513, acc=10665/10975 (97.18%)
Epoch 274 [0/84843] Loss: 0.331256
Epoch 274 [35000/84843] Loss: 0.438150
Epoch 274 [70000/84843] Loss: 0.461119
Epoch 274 - Avg Loss: 0.416169 | Train Acc: 94.30%
Val: loss=0.3567, acc=10658/10975 (97.11%)
Epoch 275 [0/84843] Loss: 0.325603
Epoch 275 [35000/84843] Loss: 0.348796
Epoch 275 [70000/84843] Loss: 0.368944
Epoch 275 - Avg Loss: 0.415212 | Train Acc: 94.32%
Val: loss=0.3534, acc=10642/10975 (96.97%)
Epoch 276 [0/84843] Loss: 0.614425
Epoch 276 [35000/84843] Loss: 0.337333
Epoch 276 [70000/84843] Loss: 0.362735
Epoch 276 - Avg Loss: 0.415312 | Train Acc: 94.39%
Val: loss=0.3522, acc=10664/10975 (97.17%)
Epoch 277 [0/84843] Loss: 0.366694
Epoch 277 [35000/84843] Loss: 0.563246
Epoch 277 [70000/84843] Loss: 0.380314
Epoch 277 - Avg Loss: 0.411521 | Train Acc: 94.48%
Val: loss=0.3549, acc=10640/10975 (96.95%)
Epoch 278 [0/84843] Loss: 0.369751
Epoch 278 [35000/84843] Loss: 0.461195
Epoch 278 [70000/84843] Loss: 0.435444
Epoch 278 - Avg Loss: 0.415419 | Train Acc: 94.37%
Val: loss=0.3586, acc=10631/10975 (96.87%)
Epoch 279 [0/84843] Loss: 0.502040
Epoch 279 [35000/84843] Loss: 0.404063
Epoch 279 [70000/84843] Loss: 0.294341
Epoch 279 - Avg Loss: 0.411194 | Train Acc: 94.49%
Val: loss=0.3520, acc=10655/10975 (97.08%)
Epoch 280 [0/84843] Loss: 0.333099
Epoch 280 [35000/84843] Loss: 0.472055
Epoch 280 [70000/84843] Loss: 0.461196
Epoch 280 - Avg Loss: 0.414131 | Train Acc: 94.37%
Val: loss=0.3626, acc=10610/10975 (96.67%)
Epoch 281 [0/84843] Loss: 0.486603
Epoch 281 [35000/84843] Loss: 0.467647
Epoch 281 [70000/84843] Loss: 0.521759
Epoch 281 - Avg Loss: 0.416265 | Train Acc: 94.35%
Val: loss=0.3547, acc=10648/10975 (97.02%)
Epoch 282 [0/84843] Loss: 0.353002
Epoch 282 [35000/84843] Loss: 0.480996
Epoch 282 [70000/84843] Loss: 0.340251
Epoch 282 - Avg Loss: 0.415385 | Train Acc: 94.41%
Val: loss=0.3501, acc=10661/10975 (97.14%)
Epoch 283 [0/84843] Loss: 0.361875
Epoch 283 [35000/84843] Loss: 0.390967
Epoch 283 [70000/84843] Loss: 0.491996
Epoch 283 - Avg Loss: 0.410879 | Train Acc: 94.51%
Val: loss=0.3580, acc=10644/10975 (96.98%)
Epoch 284 [0/84843] Loss: 0.517973
Epoch 284 [35000/84843] Loss: 0.444867
Epoch 284 [70000/84843] Loss: 0.657488
Epoch 284 - Avg Loss: 0.414351 | Train Acc: 94.44%
Val: loss=0.3522, acc=10663/10975 (97.16%)
Epoch 285 [0/84843] Loss: 0.420949
Epoch 285 [35000/84843] Loss: 0.399546
Epoch 285 [70000/84843] Loss: 0.431197
Epoch 285 - Avg Loss: 0.410666 | Train Acc: 94.55%
Val: loss=0.3586, acc=10630/10975 (96.86%)
Epoch 286 [0/84843] Loss: 0.386800
Epoch 286 [35000/84843] Loss: 0.423940
Epoch 286 [70000/84843] Loss: 0.346798
Epoch 286 - Avg Loss: 0.411698 | Train Acc: 94.49%
Val: loss=0.3537, acc=10643/10975 (96.97%)
Epoch 287 [0/84843] Loss: 0.434223
Epoch 287 [35000/84843] Loss: 0.382239
Epoch 287 [70000/84843] Loss: 0.379375
Epoch 287 - Avg Loss: 0.409522 | Train Acc: 94.59%
Val: loss=0.3505, acc=10662/10975 (97.15%)
Epoch 288 [0/84843] Loss: 0.384994
Epoch 288 [35000/84843] Loss: 0.409379
Epoch 288 [70000/84843] Loss: 0.453583
Epoch 288 - Avg Loss: 0.412031 | Train Acc: 94.52%
Val: loss=0.3565, acc=10633/10975 (96.88%)
Epoch 289 [0/84843] Loss: 0.381616
Epoch 289 [35000/84843] Loss: 0.442078
Epoch 289 [70000/84843] Loss: 0.388305
Epoch 289 - Avg Loss: 0.412451 | Train Acc: 94.51%
Val: loss=0.3515, acc=10653/10975 (97.07%)
Epoch 290 [0/84843] Loss: 0.503716
Epoch 290 [35000/84843] Loss: 0.400400
Epoch 290 [70000/84843] Loss: 0.416278
Epoch 290 - Avg Loss: 0.412067 | Train Acc: 94.51%
Val: loss=0.3483, acc=10668/10975 (97.20%)
saved best: 97.20%
Epoch 291 [0/84843] Loss: 0.500043
Epoch 291 [35000/84843] Loss: 0.296270
Epoch 291 [70000/84843] Loss: 0.336201
Epoch 291 - Avg Loss: 0.410143 | Train Acc: 94.58%
Val: loss=0.3538, acc=10660/10975 (97.13%)
Epoch 292 [0/84843] Loss: 0.304049
Epoch 292 [35000/84843] Loss: 0.400278
Epoch 292 [70000/84843] Loss: 0.357657
Epoch 292 - Avg Loss: 0.409555 | Train Acc: 94.63%
Val: loss=0.3549, acc=10655/10975 (97.08%)
Epoch 293 [0/84843] Loss: 0.456525
Epoch 293 [35000/84843] Loss: 0.481780
Epoch 293 [70000/84843] Loss: 0.330359
Epoch 293 - Avg Loss: 0.411081 | Train Acc: 94.52%
Val: loss=0.3541, acc=10650/10975 (97.04%)
Epoch 294 [0/84843] Loss: 0.401382
Epoch 294 [35000/84843] Loss: 0.307771
Epoch 294 [70000/84843] Loss: 0.442194
Epoch 294 - Avg Loss: 0.410616 | Train Acc: 94.66%
Val: loss=0.3510, acc=10655/10975 (97.08%)
Epoch 295 [0/84843] Loss: 0.409576
Epoch 295 [35000/84843] Loss: 0.385047
Epoch 295 [70000/84843] Loss: 0.328305
Epoch 295 - Avg Loss: 0.406625 | Train Acc: 94.74%
Val: loss=0.3535, acc=10655/10975 (97.08%)
Epoch 296 [0/84843] Loss: 0.366614
Epoch 296 [35000/84843] Loss: 0.342673
Epoch 296 [70000/84843] Loss: 0.366755
Epoch 296 - Avg Loss: 0.411636 | Train Acc: 94.50%
Val: loss=0.3533, acc=10646/10975 (97.00%)
Epoch 297 [0/84843] Loss: 0.398694
Epoch 297 [35000/84843] Loss: 0.377796
Epoch 297 [70000/84843] Loss: 0.411808
Epoch 297 - Avg Loss: 0.410796 | Train Acc: 94.49%
Val: loss=0.3489, acc=10664/10975 (97.17%)
Epoch 298 [0/84843] Loss: 0.413773
Epoch 298 [35000/84843] Loss: 0.433901
Epoch 298 [70000/84843] Loss: 0.386971
Epoch 298 - Avg Loss: 0.408214 | Train Acc: 94.63%
Val: loss=0.3506, acc=10678/10975 (97.29%)
saved best: 97.29%
Epoch 299 [0/84843] Loss: 0.293040
Epoch 299 [35000/84843] Loss: 0.408924
Epoch 299 [70000/84843] Loss: 0.414193
Epoch 299 - Avg Loss: 0.409710 | Train Acc: 94.63%
Val: loss=0.3496, acc=10678/10975 (97.29%)
Epoch 300 [0/84843] Loss: 0.426306
Epoch 300 [35000/84843] Loss: 0.454423
Epoch 300 [70000/84843] Loss: 0.394630
Epoch 300 - Avg Loss: 0.408714 | Train Acc: 94.64%
Val: loss=0.3463, acc=10685/10975 (97.36%)
saved best: 97.36%
Epoch 301 [0/84843] Loss: 0.419121
Epoch 301 [35000/84843] Loss: 0.364423
Epoch 301 [70000/84843] Loss: 0.409517
Epoch 301 - Avg Loss: 0.406223 | Train Acc: 94.73%
Val: loss=0.3474, acc=10681/10975 (97.32%)
Epoch 302 [0/84843] Loss: 0.435328
Epoch 302 [35000/84843] Loss: 0.467813
Epoch 302 [70000/84843] Loss: 0.434130
Epoch 302 - Avg Loss: 0.407664 | Train Acc: 94.66%
Val: loss=0.3523, acc=10648/10975 (97.02%)
Epoch 303 [0/84843] Loss: 0.395015
Epoch 303 [35000/84843] Loss: 0.439192
Epoch 303 [70000/84843] Loss: 0.380968
Epoch 303 - Avg Loss: 0.403962 | Train Acc: 94.72%
Val: loss=0.3477, acc=10670/10975 (97.22%)
Epoch 304 [0/84843] Loss: 0.384290
Epoch 304 [35000/84843] Loss: 0.414323
Epoch 304 [70000/84843] Loss: 0.531881
Epoch 304 - Avg Loss: 0.406456 | Train Acc: 94.82%
Val: loss=0.3500, acc=10667/10975 (97.19%)
Epoch 305 [0/84843] Loss: 0.427323
Epoch 305 [35000/84843] Loss: 0.413247
Epoch 305 [70000/84843] Loss: 0.335275
Epoch 305 - Avg Loss: 0.406733 | Train Acc: 94.68%
Val: loss=0.3524, acc=10658/10975 (97.11%)
Epoch 306 [0/84843] Loss: 0.357934
Epoch 306 [35000/84843] Loss: 0.415662
Epoch 306 [70000/84843] Loss: 0.394676
Epoch 306 - Avg Loss: 0.406690 | Train Acc: 94.67%
Val: loss=0.3481, acc=10672/10975 (97.24%)
Epoch 307 [0/84843] Loss: 0.418175
Epoch 307 [35000/84843] Loss: 0.421584
Epoch 307 [70000/84843] Loss: 0.402847
Epoch 307 - Avg Loss: 0.406276 | Train Acc: 94.76%
Val: loss=0.3507, acc=10662/10975 (97.15%)
Epoch 308 [0/84843] Loss: 0.466709
Epoch 308 [35000/84843] Loss: 0.407815
Epoch 308 [70000/84843] Loss: 0.453794
Epoch 308 - Avg Loss: 0.408106 | Train Acc: 94.65%
Val: loss=0.3511, acc=10661/10975 (97.14%)
Epoch 309 [0/84843] Loss: 0.389694
Epoch 309 [35000/84843] Loss: 0.420569
Epoch 309 [70000/84843] Loss: 0.486334
Epoch 309 - Avg Loss: 0.408163 | Train Acc: 94.66%
Val: loss=0.3485, acc=10670/10975 (97.22%)
Epoch 310 [0/84843] Loss: 0.425239
Epoch 310 [35000/84843] Loss: 0.339484
Epoch 310 [70000/84843] Loss: 0.366246
Epoch 310 - Avg Loss: 0.407696 | Train Acc: 94.65%
Val: loss=0.3524, acc=10654/10975 (97.08%)
Epoch 311 [0/84843] Loss: 0.504566
Epoch 311 [35000/84843] Loss: 0.363810
Epoch 311 [70000/84843] Loss: 0.447702
Epoch 311 - Avg Loss: 0.407773 | Train Acc: 94.63%
Val: loss=0.3507, acc=10668/10975 (97.20%)
Epoch 312 [0/84843] Loss: 0.519892
Epoch 312 [35000/84843] Loss: 0.414488
Epoch 312 [70000/84843] Loss: 0.521810
Epoch 312 - Avg Loss: 0.406618 | Train Acc: 94.73%
Val: loss=0.3508, acc=10659/10975 (97.12%)
Epoch 313 [0/84843] Loss: 0.326361
Epoch 313 [35000/84843] Loss: 0.398793
Epoch 313 [70000/84843] Loss: 0.299702
Epoch 313 - Avg Loss: 0.409478 | Train Acc: 94.55%
Val: loss=0.3455, acc=10684/10975 (97.35%)
Epoch 314 [0/84843] Loss: 0.376702
Epoch 314 [35000/84843] Loss: 0.636103
Epoch 314 [70000/84843] Loss: 0.389962
Epoch 314 - Avg Loss: 0.406464 | Train Acc: 94.70%
Val: loss=0.3497, acc=10659/10975 (97.12%)
Epoch 315 [0/84843] Loss: 0.355257
Epoch 315 [35000/84843] Loss: 0.378259
Epoch 315 [70000/84843] Loss: 0.492690
Epoch 315 - Avg Loss: 0.403544 | Train Acc: 94.86%
Val: loss=0.3495, acc=10677/10975 (97.28%)
Epoch 316 [0/84843] Loss: 0.425056
Epoch 316 [35000/84843] Loss: 0.364098
Epoch 316 [70000/84843] Loss: 0.380510
Epoch 316 - Avg Loss: 0.405702 | Train Acc: 94.75%
Val: loss=0.3500, acc=10676/10975 (97.28%)
Epoch 317 [0/84843] Loss: 0.321472
Epoch 317 [35000/84843] Loss: 0.359063
Epoch 317 [70000/84843] Loss: 0.339318
Epoch 317 - Avg Loss: 0.404712 | Train Acc: 94.81%
Val: loss=0.3493, acc=10679/10975 (97.30%)
Epoch 318 [0/84843] Loss: 0.423829
Epoch 318 [35000/84843] Loss: 0.391453
Epoch 318 [70000/84843] Loss: 0.377092
Epoch 318 - Avg Loss: 0.407736 | Train Acc: 94.67%
Val: loss=0.3475, acc=10685/10975 (97.36%)
Epoch 319 [0/84843] Loss: 0.388694
Epoch 319 [35000/84843] Loss: 0.407003
Epoch 319 [70000/84843] Loss: 0.399681
Epoch 319 - Avg Loss: 0.407017 | Train Acc: 94.71%
Val: loss=0.3501, acc=10669/10975 (97.21%)
Epoch 320 [0/84843] Loss: 0.402105
Epoch 320 [35000/84843] Loss: 0.387155
Epoch 320 [70000/84843] Loss: 0.431198
Epoch 320 - Avg Loss: 0.405193 | Train Acc: 94.73%
Val: loss=0.3495, acc=10665/10975 (97.18%)
Epoch 321 [0/84843] Loss: 0.342931
Epoch 321 [35000/84843] Loss: 0.310515
Epoch 321 [70000/84843] Loss: 0.477982
Epoch 321 - Avg Loss: 0.404843 | Train Acc: 94.75%
Val: loss=0.3495, acc=10673/10975 (97.25%)
Epoch 322 [0/84843] Loss: 0.378696
Epoch 322 [35000/84843] Loss: 0.403622
Epoch 322 [70000/84843] Loss: 0.439104
Epoch 322 - Avg Loss: 0.402330 | Train Acc: 94.85%
Val: loss=0.3471, acc=10673/10975 (97.25%)
Epoch 323 [0/84843] Loss: 0.440403
Epoch 323 [35000/84843] Loss: 0.393016
Epoch 323 [70000/84843] Loss: 0.371164
Epoch 323 - Avg Loss: 0.403471 | Train Acc: 94.81%
Val: loss=0.3481, acc=10687/10975 (97.38%)
saved best: 97.38%
Epoch 324 [0/84843] Loss: 0.559843
Epoch 324 [35000/84843] Loss: 0.360906
Epoch 324 [70000/84843] Loss: 0.477765
Epoch 324 - Avg Loss: 0.405058 | Train Acc: 94.78%
Val: loss=0.3460, acc=10683/10975 (97.34%)
Epoch 325 [0/84843] Loss: 0.370385
Epoch 325 [35000/84843] Loss: 0.403699
Epoch 325 [70000/84843] Loss: 0.423027
Epoch 325 - Avg Loss: 0.403666 | Train Acc: 94.81%
Val: loss=0.3516, acc=10662/10975 (97.15%)
Epoch 326 [0/84843] Loss: 0.440621
Epoch 326 [35000/84843] Loss: 0.420807
Epoch 326 [70000/84843] Loss: 0.446985
Epoch 326 - Avg Loss: 0.403264 | Train Acc: 94.79%
Val: loss=0.3478, acc=10673/10975 (97.25%)
Epoch 327 [0/84843] Loss: 0.368814
Epoch 327 [35000/84843] Loss: 0.480502
Epoch 327 [70000/84843] Loss: 0.412371
Epoch 327 - Avg Loss: 0.401525 | Train Acc: 94.92%
Val: loss=0.3495, acc=10677/10975 (97.28%)
Epoch 328 [0/84843] Loss: 0.376832
Epoch 328 [35000/84843] Loss: 0.319820
Epoch 328 [70000/84843] Loss: 0.392906
Epoch 328 - Avg Loss: 0.403258 | Train Acc: 94.81%
Val: loss=0.3492, acc=10682/10975 (97.33%)
Epoch 329 [0/84843] Loss: 0.501300
Epoch 329 [35000/84843] Loss: 0.322551
Epoch 329 [70000/84843] Loss: 0.474574
Epoch 329 - Avg Loss: 0.402704 | Train Acc: 94.80%
Val: loss=0.3472, acc=10673/10975 (97.25%)
Epoch 330 [0/84843] Loss: 0.378259
Epoch 330 [35000/84843] Loss: 0.366174
Epoch 330 [70000/84843] Loss: 0.309222
Epoch 330 - Avg Loss: 0.404071 | Train Acc: 94.77%
Val: loss=0.3446, acc=10690/10975 (97.40%)
saved best: 97.40%
Epoch 331 [0/84843] Loss: 0.327534
Epoch 331 [35000/84843] Loss: 0.303860
Epoch 331 [70000/84843] Loss: 0.376916
Epoch 331 - Avg Loss: 0.402075 | Train Acc: 94.85%
Val: loss=0.3505, acc=10669/10975 (97.21%)
Epoch 332 [0/84843] Loss: 0.374602
Epoch 332 [35000/84843] Loss: 0.313461
Epoch 332 [70000/84843] Loss: 0.290948
Epoch 332 - Avg Loss: 0.399839 | Train Acc: 95.01%
Val: loss=0.3457, acc=10677/10975 (97.28%)
Epoch 333 [0/84843] Loss: 0.432433
Epoch 333 [35000/84843] Loss: 0.450942
Epoch 333 [70000/84843] Loss: 0.480118
Epoch 333 - Avg Loss: 0.403575 | Train Acc: 94.85%
Val: loss=0.3466, acc=10668/10975 (97.20%)
Epoch 334 [0/84843] Loss: 0.409264
Epoch 334 [35000/84843] Loss: 0.457187
Epoch 334 [70000/84843] Loss: 0.371048
Epoch 334 - Avg Loss: 0.400456 | Train Acc: 94.90%
Val: loss=0.3471, acc=10672/10975 (97.24%)
Epoch 335 [0/84843] Loss: 0.376241
Epoch 335 [35000/84843] Loss: 0.441727
Epoch 335 [70000/84843] Loss: 0.392365
Epoch 335 - Avg Loss: 0.398308 | Train Acc: 95.04%
Val: loss=0.3462, acc=10686/10975 (97.37%)
Epoch 336 [0/84843] Loss: 0.370860
Epoch 336 [35000/84843] Loss: 0.376485
Epoch 336 [70000/84843] Loss: 0.350100
Epoch 336 - Avg Loss: 0.400595 | Train Acc: 94.86%
Val: loss=0.3449, acc=10683/10975 (97.34%)
Epoch 337 [0/84843] Loss: 0.434874
Epoch 337 [35000/84843] Loss: 0.396048
Epoch 337 [70000/84843] Loss: 0.316336
Epoch 337 - Avg Loss: 0.399940 | Train Acc: 94.99%
Val: loss=0.3493, acc=10671/10975 (97.23%)
Epoch 338 [0/84843] Loss: 0.502452
Epoch 338 [35000/84843] Loss: 0.547924
Epoch 338 [70000/84843] Loss: 0.410259
Epoch 338 - Avg Loss: 0.402269 | Train Acc: 94.87%
Val: loss=0.3473, acc=10679/10975 (97.30%)
Epoch 339 [0/84843] Loss: 0.327341
Epoch 339 [35000/84843] Loss: 0.401446
Epoch 339 [70000/84843] Loss: 0.313740
Epoch 339 - Avg Loss: 0.399650 | Train Acc: 94.96%
Val: loss=0.3469, acc=10671/10975 (97.23%)
Epoch 340 [0/84843] Loss: 0.447124
Epoch 340 [35000/84843] Loss: 0.476314
Epoch 340 [70000/84843] Loss: 0.450240
Epoch 340 - Avg Loss: 0.399819 | Train Acc: 94.96%
Val: loss=0.3502, acc=10674/10975 (97.26%)
Epoch 341 [0/84843] Loss: 0.431011
Epoch 341 [35000/84843] Loss: 0.369475
Epoch 341 [70000/84843] Loss: 0.483506
Epoch 341 - Avg Loss: 0.402929 | Train Acc: 94.86%
Val: loss=0.3461, acc=10687/10975 (97.38%)
Epoch 342 [0/84843] Loss: 0.364460
Epoch 342 [35000/84843] Loss: 0.341252
Epoch 342 [70000/84843] Loss: 0.495738
Epoch 342 - Avg Loss: 0.399396 | Train Acc: 95.04%
Val: loss=0.3476, acc=10670/10975 (97.22%)
Epoch 343 [0/84843] Loss: 0.430934
Epoch 343 [35000/84843] Loss: 0.459429
Epoch 343 [70000/84843] Loss: 0.387133
Epoch 343 - Avg Loss: 0.399767 | Train Acc: 94.95%
Val: loss=0.3466, acc=10677/10975 (97.28%)
Epoch 344 [0/84843] Loss: 0.356615
Epoch 344 [35000/84843] Loss: 0.455200
Epoch 344 [70000/84843] Loss: 0.537720
Epoch 344 - Avg Loss: 0.401243 | Train Acc: 94.89%
Val: loss=0.3488, acc=10674/10975 (97.26%)
Epoch 345 [0/84843] Loss: 0.464003
Epoch 345 [35000/84843] Loss: 0.360411
Epoch 345 [70000/84843] Loss: 0.451796
Epoch 345 - Avg Loss: 0.397620 | Train Acc: 95.08%
Val: loss=0.3461, acc=10685/10975 (97.36%)
Epoch 346 [0/84843] Loss: 0.394281
Epoch 346 [35000/84843] Loss: 0.395789
Epoch 346 [70000/84843] Loss: 0.530705
Epoch 346 - Avg Loss: 0.400874 | Train Acc: 94.93%
Val: loss=0.3449, acc=10687/10975 (97.38%)
Epoch 347 [0/84843] Loss: 0.369436
Epoch 347 [35000/84843] Loss: 0.480045
Epoch 347 [70000/84843] Loss: 0.524900
Epoch 347 - Avg Loss: 0.399918 | Train Acc: 94.92%
Val: loss=0.3445, acc=10689/10975 (97.39%)
Epoch 348 [0/84843] Loss: 0.516228
Epoch 348 [35000/84843] Loss: 0.390933
Epoch 348 [70000/84843] Loss: 0.366875
Epoch 348 - Avg Loss: 0.401595 | Train Acc: 94.86%
Val: loss=0.3456, acc=10682/10975 (97.33%)
Epoch 349 [0/84843] Loss: 0.413997
Epoch 349 [35000/84843] Loss: 0.491050
Epoch 349 [70000/84843] Loss: 0.385726
Epoch 349 - Avg Loss: 0.399163 | Train Acc: 95.06%
Val: loss=0.3474, acc=10677/10975 (97.28%)
Epoch 350 [0/84843] Loss: 0.359049
Epoch 350 [35000/84843] Loss: 0.313324
Epoch 350 [70000/84843] Loss: 0.359333
Epoch 350 - Avg Loss: 0.401667 | Train Acc: 94.94%
Val: loss=0.3478, acc=10680/10975 (97.31%)
Epoch 351 [0/84843] Loss: 0.331142
Epoch 351 [35000/84843] Loss: 0.379240
Epoch 351 [70000/84843] Loss: 0.376719
Epoch 351 - Avg Loss: 0.399015 | Train Acc: 94.97%
Val: loss=0.3465, acc=10680/10975 (97.31%)
Epoch 352 [0/84843] Loss: 0.345600
Epoch 352 [35000/84843] Loss: 0.405958
Epoch 352 [70000/84843] Loss: 0.432604
Epoch 352 - Avg Loss: 0.397845 | Train Acc: 95.08%
Val: loss=0.3468, acc=10692/10975 (97.42%)
saved best: 97.42%
Epoch 353 [0/84843] Loss: 0.435135
Epoch 353 [35000/84843] Loss: 0.430811
Epoch 353 [70000/84843] Loss: 0.373854
Epoch 353 - Avg Loss: 0.397247 | Train Acc: 95.12%
Val: loss=0.3464, acc=10677/10975 (97.28%)
Epoch 354 [0/84843] Loss: 0.373014
Epoch 354 [35000/84843] Loss: 0.425676
Epoch 354 [70000/84843] Loss: 0.339087
Epoch 354 - Avg Loss: 0.401029 | Train Acc: 94.93%
Val: loss=0.3459, acc=10680/10975 (97.31%)
Epoch 355 [0/84843] Loss: 0.532895
Epoch 355 [35000/84843] Loss: 0.533434
Epoch 355 [70000/84843] Loss: 0.456635
Epoch 355 - Avg Loss: 0.397143 | Train Acc: 95.06%
Val: loss=0.3467, acc=10678/10975 (97.29%)
Epoch 356 [0/84843] Loss: 0.401736
Epoch 356 [35000/84843] Loss: 0.392277
Epoch 356 [70000/84843] Loss: 0.338088
Epoch 356 - Avg Loss: 0.399254 | Train Acc: 95.02%
Val: loss=0.3448, acc=10683/10975 (97.34%)
Epoch 357 [0/84843] Loss: 0.448485
Epoch 357 [35000/84843] Loss: 0.364993
Epoch 357 [70000/84843] Loss: 0.364455
Epoch 357 - Avg Loss: 0.398818 | Train Acc: 94.98%
Val: loss=0.3476, acc=10681/10975 (97.32%)
Epoch 358 [0/84843] Loss: 0.358711
Epoch 358 [35000/84843] Loss: 0.391776
Epoch 358 [70000/84843] Loss: 0.416194
Epoch 358 - Avg Loss: 0.396714 | Train Acc: 95.14%
Val: loss=0.3452, acc=10682/10975 (97.33%)
Epoch 359 [0/84843] Loss: 0.443914
Epoch 359 [35000/84843] Loss: 0.325643
Epoch 359 [70000/84843] Loss: 0.504007
Epoch 359 - Avg Loss: 0.399006 | Train Acc: 95.01%
Val: loss=0.3449, acc=10687/10975 (97.38%)
Epoch 360 [0/84843] Loss: 0.374163
Epoch 360 [35000/84843] Loss: 0.440489
Epoch 360 [70000/84843] Loss: 0.466121
Epoch 360 - Avg Loss: 0.398009 | Train Acc: 95.02%
Val: loss=0.3444, acc=10692/10975 (97.42%)
Epoch 361 [0/84843] Loss: 0.389044
Epoch 361 [35000/84843] Loss: 0.378550
Epoch 361 [70000/84843] Loss: 0.422549
Epoch 361 - Avg Loss: 0.398596 | Train Acc: 95.01%
Val: loss=0.3456, acc=10686/10975 (97.37%)
Epoch 362 [0/84843] Loss: 0.433613
Epoch 362 [35000/84843] Loss: 0.356391
Epoch 362 [70000/84843] Loss: 0.426759
Epoch 362 - Avg Loss: 0.399261 | Train Acc: 94.97%
Val: loss=0.3442, acc=10690/10975 (97.40%)
Epoch 363 [0/84843] Loss: 0.395712
Epoch 363 [35000/84843] Loss: 0.469615
Epoch 363 [70000/84843] Loss: 0.380014
Epoch 363 - Avg Loss: 0.399129 | Train Acc: 94.98%
Val: loss=0.3444, acc=10692/10975 (97.42%)
Epoch 364 [0/84843] Loss: 0.484303
Epoch 364 [35000/84843] Loss: 0.383640
Epoch 364 [70000/84843] Loss: 0.431441
Epoch 364 - Avg Loss: 0.396031 | Train Acc: 95.06%
Val: loss=0.3461, acc=10680/10975 (97.31%)
Epoch 365 [0/84843] Loss: 0.319626
Epoch 365 [35000/84843] Loss: 0.495768
Epoch 365 [70000/84843] Loss: 0.395648
Epoch 365 - Avg Loss: 0.398496 | Train Acc: 94.98%
Val: loss=0.3456, acc=10683/10975 (97.34%)
Epoch 366 [0/84843] Loss: 0.368962
Epoch 366 [35000/84843] Loss: 0.430819
Epoch 366 [70000/84843] Loss: 0.360440
Epoch 366 - Avg Loss: 0.396075 | Train Acc: 95.12%
Val: loss=0.3458, acc=10687/10975 (97.38%)
Epoch 367 [0/84843] Loss: 0.317432
Epoch 367 [35000/84843] Loss: 0.416806
Epoch 367 [70000/84843] Loss: 0.335292
Epoch 367 - Avg Loss: 0.397622 | Train Acc: 95.08%
Val: loss=0.3452, acc=10692/10975 (97.42%)
Epoch 368 [0/84843] Loss: 0.413782
Epoch 368 [35000/84843] Loss: 0.364434
Epoch 368 [70000/84843] Loss: 0.345072
Epoch 368 - Avg Loss: 0.396152 | Train Acc: 95.07%
Val: loss=0.3452, acc=10686/10975 (97.37%)
Epoch 369 [0/84843] Loss: 0.339147
Epoch 369 [35000/84843] Loss: 0.489095
Epoch 369 [70000/84843] Loss: 0.451992
Epoch 369 - Avg Loss: 0.397924 | Train Acc: 94.99%
Val: loss=0.3434, acc=10696/10975 (97.46%)
saved best: 97.46%
Epoch 370 [0/84843] Loss: 0.416979
Epoch 370 [35000/84843] Loss: 0.368791
Epoch 370 [70000/84843] Loss: 0.385907
Epoch 370 - Avg Loss: 0.397445 | Train Acc: 95.07%
Val: loss=0.3443, acc=10696/10975 (97.46%)
Epoch 371 [0/84843] Loss: 0.378711
Epoch 371 [35000/84843] Loss: 0.410020
Epoch 371 [70000/84843] Loss: 0.339169
Epoch 371 - Avg Loss: 0.399650 | Train Acc: 94.92%
Val: loss=0.3445, acc=10698/10975 (97.48%)
saved best: 97.48%
Epoch 372 [0/84843] Loss: 0.326396
Epoch 372 [35000/84843] Loss: 0.376404
Epoch 372 [70000/84843] Loss: 0.362984
Epoch 372 - Avg Loss: 0.397397 | Train Acc: 94.97%
Val: loss=0.3446, acc=10693/10975 (97.43%)
Epoch 373 [0/84843] Loss: 0.349828
Epoch 373 [35000/84843] Loss: 0.401058
Epoch 373 [70000/84843] Loss: 0.391062
Epoch 373 - Avg Loss: 0.397977 | Train Acc: 95.02%
Val: loss=0.3440, acc=10693/10975 (97.43%)
Epoch 374 [0/84843] Loss: 0.318402
Epoch 374 [35000/84843] Loss: 0.344524
Epoch 374 [70000/84843] Loss: 0.404013
Epoch 374 - Avg Loss: 0.397237 | Train Acc: 95.08%
Val: loss=0.3443, acc=10695/10975 (97.45%)
Epoch 375 [0/84843] Loss: 0.400357
Epoch 375 [35000/84843] Loss: 0.325174
Epoch 375 [70000/84843] Loss: 0.409580
Epoch 375 - Avg Loss: 0.395018 | Train Acc: 95.17%
Val: loss=0.3444, acc=10690/10975 (97.40%)
Epoch 376 [0/84843] Loss: 0.416700
Epoch 376 [35000/84843] Loss: 0.519793
Epoch 376 [70000/84843] Loss: 0.319000
Epoch 376 - Avg Loss: 0.398681 | Train Acc: 95.06%
Val: loss=0.3447, acc=10695/10975 (97.45%)
Epoch 377 [0/84843] Loss: 0.293690
Epoch 377 [35000/84843] Loss: 0.461953
Epoch 377 [70000/84843] Loss: 0.410546
Epoch 377 - Avg Loss: 0.395764 | Train Acc: 95.10%
Val: loss=0.3454, acc=10691/10975 (97.41%)
Epoch 378 [0/84843] Loss: 0.429940
Epoch 378 [35000/84843] Loss: 0.472714
Epoch 378 [70000/84843] Loss: 0.353157
Epoch 378 - Avg Loss: 0.395063 | Train Acc: 95.19%
Val: loss=0.3448, acc=10689/10975 (97.39%)
Epoch 379 [0/84843] Loss: 0.378774
Epoch 379 [35000/84843] Loss: 0.284775
Epoch 379 [70000/84843] Loss: 0.298384
Epoch 379 - Avg Loss: 0.397787 | Train Acc: 95.05%
Val: loss=0.3441, acc=10691/10975 (97.41%)
Epoch 380 [0/84843] Loss: 0.346536
Epoch 380 [35000/84843] Loss: 0.308930
Epoch 380 [70000/84843] Loss: 0.491022
Epoch 380 - Avg Loss: 0.397868 | Train Acc: 95.09%
Val: loss=0.3447, acc=10690/10975 (97.40%)
Epoch 381 [0/84843] Loss: 0.414891
Epoch 381 [35000/84843] Loss: 0.372660
Epoch 381 [70000/84843] Loss: 0.355524
Epoch 381 - Avg Loss: 0.397969 | Train Acc: 95.05%
Val: loss=0.3438, acc=10694/10975 (97.44%)
Epoch 382 [0/84843] Loss: 0.358805
Epoch 382 [35000/84843] Loss: 0.342154
Epoch 382 [70000/84843] Loss: 0.333481
Epoch 382 - Avg Loss: 0.393384 | Train Acc: 95.20%
Val: loss=0.3441, acc=10693/10975 (97.43%)
Epoch 383 [0/84843] Loss: 0.384128
Epoch 383 [35000/84843] Loss: 0.400209
Epoch 383 [70000/84843] Loss: 0.402780
Epoch 383 - Avg Loss: 0.397197 | Train Acc: 95.03%
Val: loss=0.3442, acc=10696/10975 (97.46%)
Epoch 384 [0/84843] Loss: 0.435700
Epoch 384 [35000/84843] Loss: 0.325783
Epoch 384 [70000/84843] Loss: 0.410069
Epoch 384 - Avg Loss: 0.397571 | Train Acc: 95.06%
Val: loss=0.3441, acc=10692/10975 (97.42%)
Epoch 385 [0/84843] Loss: 0.381402
Epoch 385 [35000/84843] Loss: 0.422794
Epoch 385 [70000/84843] Loss: 0.397869
Epoch 385 - Avg Loss: 0.397884 | Train Acc: 95.05%
Val: loss=0.3437, acc=10694/10975 (97.44%)
Epoch 386 [0/84843] Loss: 0.411913
Epoch 386 [35000/84843] Loss: 0.353219
Epoch 386 [70000/84843] Loss: 0.311692
Epoch 386 - Avg Loss: 0.397643 | Train Acc: 94.98%
Val: loss=0.3434, acc=10700/10975 (97.49%)
saved best: 97.49%
Epoch 387 [0/84843] Loss: 0.398903
Epoch 387 [35000/84843] Loss: 0.400403
Epoch 387 [70000/84843] Loss: 0.328757
Epoch 387 - Avg Loss: 0.397183 | Train Acc: 95.02%
Val: loss=0.3442, acc=10694/10975 (97.44%)
Epoch 388 [0/84843] Loss: 0.481223
Epoch 388 [35000/84843] Loss: 0.463847
Epoch 388 [70000/84843] Loss: 0.315041
Epoch 388 - Avg Loss: 0.396235 | Train Acc: 95.07%
Val: loss=0.3435, acc=10699/10975 (97.49%)
Epoch 389 [0/84843] Loss: 0.412237
Epoch 389 [35000/84843] Loss: 0.358026
Epoch 389 [70000/84843] Loss: 0.334178
Epoch 389 - Avg Loss: 0.395928 | Train Acc: 95.11%
Val: loss=0.3453, acc=10691/10975 (97.41%)
Epoch 390 [0/84843] Loss: 0.422726
Epoch 390 [35000/84843] Loss: 0.347491
Epoch 390 [70000/84843] Loss: 0.374388
Epoch 390 - Avg Loss: 0.398246 | Train Acc: 95.03%
Val: loss=0.3433, acc=10700/10975 (97.49%)
Epoch 391 [0/84843] Loss: 0.472846
Epoch 391 [35000/84843] Loss: 0.468528
Epoch 391 [70000/84843] Loss: 0.436237
Epoch 391 - Avg Loss: 0.397237 | Train Acc: 95.00%
Val: loss=0.3442, acc=10696/10975 (97.46%)
Epoch 392 [0/84843] Loss: 0.515122
Epoch 392 [35000/84843] Loss: 0.439077
Epoch 392 [70000/84843] Loss: 0.405503
Epoch 392 - Avg Loss: 0.396683 | Train Acc: 95.07%
Val: loss=0.3438, acc=10694/10975 (97.44%)
Epoch 393 [0/84843] Loss: 0.397670
Epoch 393 [35000/84843] Loss: 0.372592
Epoch 393 [70000/84843] Loss: 0.486762
Epoch 393 - Avg Loss: 0.397009 | Train Acc: 95.06%
Val: loss=0.3432, acc=10700/10975 (97.49%)
Epoch 394 [0/84843] Loss: 0.361889
Epoch 394 [35000/84843] Loss: 0.318614
Epoch 394 [70000/84843] Loss: 0.386204
Epoch 394 - Avg Loss: 0.395947 | Train Acc: 95.13%
Val: loss=0.3449, acc=10691/10975 (97.41%)
Epoch 395 [0/84843] Loss: 0.376570
Epoch 395 [35000/84843] Loss: 0.453549
Epoch 395 [70000/84843] Loss: 0.435059
Epoch 395 - Avg Loss: 0.396392 | Train Acc: 95.15%
Val: loss=0.3437, acc=10693/10975 (97.43%)
Epoch 396 [0/84843] Loss: 0.371767
Epoch 396 [35000/84843] Loss: 0.456976
Epoch 396 [70000/84843] Loss: 0.398546
Epoch 396 - Avg Loss: 0.396943 | Train Acc: 95.05%
Val: loss=0.3439, acc=10697/10975 (97.47%)
Epoch 397 [0/84843] Loss: 0.460667
Epoch 397 [35000/84843] Loss: 0.377673
Epoch 397 [70000/84843] Loss: 0.329462
Epoch 397 - Avg Loss: 0.395827 | Train Acc: 95.17%
Val: loss=0.3436, acc=10695/10975 (97.45%)
Epoch 398 [0/84843] Loss: 0.300265
Epoch 398 [35000/84843] Loss: 0.477856
Epoch 398 [70000/84843] Loss: 0.347241
Epoch 398 - Avg Loss: 0.396212 | Train Acc: 95.14%
Val: loss=0.3441, acc=10695/10975 (97.45%)
Epoch 399 [0/84843] Loss: 0.403484
Epoch 399 [35000/84843] Loss: 0.382022
Epoch 399 [70000/84843] Loss: 0.433828
Epoch 399 - Avg Loss: 0.397498 | Train Acc: 95.04%
Val: loss=0.3441, acc=10694/10975 (97.44%)
Epoch 400 [0/84843] Loss: 0.357376
Epoch 400 [35000/84843] Loss: 0.531099
Epoch 400 [70000/84843] Loss: 0.341849
Epoch 400 - Avg Loss: 0.395321 | Train Acc: 95.11%
Val: loss=0.3439, acc=10696/10975 (97.46%)
Test: loss=0.3504, acc=11766/12101 (97.23%)
Saved plot to /scratch/work/lainem31/PTQ_project/keyword_spotting/plots/17536674/train_val_24_mels_delta_17536674_6.png
