Running feature config: 24_mels_delta (task 0)
SpecAugment freq_mask=12 time_mask=15
Device: cuda
Feature config: 24_mels_delta -> {'n_mels': 24, 'use_delta': True, 'use_delta_delta': False}
SpecAugment: True freq_mask=12 time_mask=15
GPU Name: Tesla V100-PCIE-32GB
GPU Memory: 34.07 GB
Total model parameters: 47,628
Epoch 1 [0/84843] Loss: 2.476405
Epoch 1 [35000/84843] Loss: 1.723308
Epoch 1 [70000/84843] Loss: 1.605243
Epoch 1 - Avg Loss: 1.750470 | Train Acc: 54.45%
Val: loss=1.6093, acc=6266/10975 (57.09%)
saved best: 57.09%
Epoch 2 [0/84843] Loss: 1.439132
Epoch 2 [35000/84843] Loss: 1.599882
Epoch 2 [70000/84843] Loss: 1.457671
Epoch 2 - Avg Loss: 1.547711 | Train Acc: 58.89%
Val: loss=1.4820, acc=6910/10975 (62.96%)
saved best: 62.96%
Epoch 3 [0/84843] Loss: 1.694811
Epoch 3 [35000/84843] Loss: 1.334501
Epoch 3 [70000/84843] Loss: 1.456865
Epoch 3 - Avg Loss: 1.404863 | Train Acc: 65.31%
Val: loss=1.4578, acc=7039/10975 (64.14%)
saved best: 64.14%
Epoch 4 [0/84843] Loss: 1.162896
Epoch 4 [35000/84843] Loss: 1.200236
Epoch 4 [70000/84843] Loss: 1.496671
Epoch 4 - Avg Loss: 1.380829 | Train Acc: 65.93%
Val: loss=1.4351, acc=7047/10975 (64.21%)
saved best: 64.21%
Epoch 5 [0/84843] Loss: 1.457361
Epoch 5 [35000/84843] Loss: 1.572702
Epoch 5 [70000/84843] Loss: 1.733963
Epoch 5 - Avg Loss: 1.360540 | Train Acc: 66.08%
Val: loss=1.3769, acc=7112/10975 (64.80%)
saved best: 64.80%
Epoch 6 [0/84843] Loss: 1.102070
Epoch 6 [35000/84843] Loss: 1.187145
Epoch 6 [70000/84843] Loss: 1.328274
Epoch 6 - Avg Loss: 1.323170 | Train Acc: 66.15%
Val: loss=1.3607, acc=7192/10975 (65.53%)
saved best: 65.53%
Epoch 7 [0/84843] Loss: 1.431463
Epoch 7 [35000/84843] Loss: 1.340398
Epoch 7 [70000/84843] Loss: 1.412903
Epoch 7 - Avg Loss: 1.285993 | Train Acc: 66.78%
Val: loss=1.2911, acc=7255/10975 (66.10%)
saved best: 66.10%
Epoch 8 [0/84843] Loss: 1.222129
Epoch 8 [35000/84843] Loss: 1.301969
Epoch 8 [70000/84843] Loss: 0.948768
Epoch 8 - Avg Loss: 1.256898 | Train Acc: 67.19%
Val: loss=1.2839, acc=7205/10975 (65.65%)
Epoch 9 [0/84843] Loss: 1.126286
Epoch 9 [35000/84843] Loss: 1.332397
Epoch 9 [70000/84843] Loss: 1.122667
Epoch 9 - Avg Loss: 1.233535 | Train Acc: 67.54%
Val: loss=1.2363, acc=7265/10975 (66.20%)
saved best: 66.20%
Epoch 10 [0/84843] Loss: 1.419429
Epoch 10 [35000/84843] Loss: 1.148068
Epoch 10 [70000/84843] Loss: 1.219383
Epoch 10 - Avg Loss: 1.212450 | Train Acc: 67.74%
Val: loss=1.1952, acc=7303/10975 (66.54%)
saved best: 66.54%
Epoch 11 [0/84843] Loss: 1.319508
Epoch 11 [35000/84843] Loss: 1.273171
Epoch 11 [70000/84843] Loss: 1.218690
Epoch 11 - Avg Loss: 1.191901 | Train Acc: 67.94%
Val: loss=1.1673, acc=7322/10975 (66.72%)
saved best: 66.72%
Epoch 12 [0/84843] Loss: 1.427296
Epoch 12 [35000/84843] Loss: 1.216442
Epoch 12 [70000/84843] Loss: 1.060920
Epoch 12 - Avg Loss: 1.168661 | Train Acc: 68.30%
Val: loss=1.1205, acc=7431/10975 (67.71%)
saved best: 67.71%
Epoch 13 [0/84843] Loss: 1.451845
Epoch 13 [35000/84843] Loss: 1.212358
Epoch 13 [70000/84843] Loss: 1.126988
Epoch 13 - Avg Loss: 1.143046 | Train Acc: 68.53%
Val: loss=1.1058, acc=7466/10975 (68.03%)
saved best: 68.03%
Epoch 14 [0/84843] Loss: 1.159721
Epoch 14 [35000/84843] Loss: 1.021561
Epoch 14 [70000/84843] Loss: 1.124148
Epoch 14 - Avg Loss: 1.110972 | Train Acc: 69.00%
Val: loss=1.0306, acc=7624/10975 (69.47%)
saved best: 69.47%
Epoch 15 [0/84843] Loss: 1.098871
Epoch 15 [35000/84843] Loss: 1.191092
Epoch 15 [70000/84843] Loss: 0.814832
Epoch 15 - Avg Loss: 1.069035 | Train Acc: 69.73%
Val: loss=1.0057, acc=7596/10975 (69.21%)
Epoch 16 [0/84843] Loss: 1.149889
Epoch 16 [35000/84843] Loss: 0.964618
Epoch 16 [70000/84843] Loss: 0.845092
Epoch 16 - Avg Loss: 1.034140 | Train Acc: 70.59%
Val: loss=0.9180, acc=7912/10975 (72.09%)
saved best: 72.09%
Epoch 17 [0/84843] Loss: 0.911745
Epoch 17 [35000/84843] Loss: 0.790668
Epoch 17 [70000/84843] Loss: 0.934609
Epoch 17 - Avg Loss: 0.989706 | Train Acc: 71.76%
Val: loss=0.8999, acc=8156/10975 (74.31%)
saved best: 74.31%
Epoch 18 [0/84843] Loss: 1.404336
Epoch 18 [35000/84843] Loss: 0.950173
Epoch 18 [70000/84843] Loss: 0.754476
Epoch 18 - Avg Loss: 0.944068 | Train Acc: 73.55%
Val: loss=0.8463, acc=8522/10975 (77.65%)
saved best: 77.65%
Epoch 19 [0/84843] Loss: 0.867555
Epoch 19 [35000/84843] Loss: 0.857531
Epoch 19 [70000/84843] Loss: 0.836889
Epoch 19 - Avg Loss: 0.908047 | Train Acc: 75.18%
Val: loss=0.7828, acc=8792/10975 (80.11%)
saved best: 80.11%
Epoch 20 [0/84843] Loss: 0.769488
Epoch 20 [35000/84843] Loss: 0.746720
Epoch 20 [70000/84843] Loss: 0.988617
Epoch 20 - Avg Loss: 0.865842 | Train Acc: 76.99%
Val: loss=0.7238, acc=9050/10975 (82.46%)
saved best: 82.46%
Epoch 21 [0/84843] Loss: 0.781794
Epoch 21 [35000/84843] Loss: 0.683703
Epoch 21 [70000/84843] Loss: 0.885828
Epoch 21 - Avg Loss: 0.820950 | Train Acc: 79.00%
Val: loss=0.6952, acc=9322/10975 (84.94%)
saved best: 84.94%
Epoch 22 [0/84843] Loss: 0.843838
Epoch 22 [35000/84843] Loss: 0.699459
Epoch 22 [70000/84843] Loss: 0.983224
Epoch 22 - Avg Loss: 0.792719 | Train Acc: 79.99%
Val: loss=0.6714, acc=9391/10975 (85.57%)
saved best: 85.57%
Epoch 23 [0/84843] Loss: 0.844231
Epoch 23 [35000/84843] Loss: 0.654674
Epoch 23 [70000/84843] Loss: 0.657893
Epoch 23 - Avg Loss: 0.759439 | Train Acc: 81.40%
Val: loss=0.6255, acc=9590/10975 (87.38%)
saved best: 87.38%
Epoch 24 [0/84843] Loss: 0.942302
Epoch 24 [35000/84843] Loss: 0.808683
Epoch 24 [70000/84843] Loss: 0.867019
Epoch 24 - Avg Loss: 0.731471 | Train Acc: 82.40%
Val: loss=0.5902, acc=9720/10975 (88.56%)
saved best: 88.56%
Epoch 25 [0/84843] Loss: 0.519444
Epoch 25 [35000/84843] Loss: 0.799687
Epoch 25 [70000/84843] Loss: 0.696975
Epoch 25 - Avg Loss: 0.712341 | Train Acc: 83.17%
Val: loss=0.5571, acc=9864/10975 (89.88%)
saved best: 89.88%
Epoch 26 [0/84843] Loss: 0.625650
Epoch 26 [35000/84843] Loss: 0.722763
Epoch 26 [70000/84843] Loss: 0.715702
Epoch 26 - Avg Loss: 0.694871 | Train Acc: 83.78%
Val: loss=0.5445, acc=9926/10975 (90.44%)
saved best: 90.44%
Epoch 27 [0/84843] Loss: 0.624263
Epoch 27 [35000/84843] Loss: 0.591474
Epoch 27 [70000/84843] Loss: 0.565527
Epoch 27 - Avg Loss: 0.680539 | Train Acc: 84.38%
Val: loss=0.5528, acc=9923/10975 (90.41%)
Epoch 28 [0/84843] Loss: 0.873376
Epoch 28 [35000/84843] Loss: 0.646868
Epoch 28 [70000/84843] Loss: 0.697090
Epoch 28 - Avg Loss: 0.664811 | Train Acc: 84.98%
Val: loss=0.5379, acc=9959/10975 (90.74%)
saved best: 90.74%
Epoch 29 [0/84843] Loss: 0.612752
Epoch 29 [35000/84843] Loss: 0.656731
Epoch 29 [70000/84843] Loss: 0.545827
Epoch 29 - Avg Loss: 0.651186 | Train Acc: 85.52%
Val: loss=0.5204, acc=10049/10975 (91.56%)
saved best: 91.56%
Epoch 30 [0/84843] Loss: 0.528400
Epoch 30 [35000/84843] Loss: 0.610028
Epoch 30 [70000/84843] Loss: 0.573893
Epoch 30 - Avg Loss: 0.640138 | Train Acc: 86.00%
Val: loss=0.5176, acc=10043/10975 (91.51%)
Epoch 31 [0/84843] Loss: 0.738001
Epoch 31 [35000/84843] Loss: 0.597745
Epoch 31 [70000/84843] Loss: 0.549739
Epoch 31 - Avg Loss: 0.630579 | Train Acc: 86.22%
Val: loss=0.5105, acc=10088/10975 (91.92%)
saved best: 91.92%
Epoch 32 [0/84843] Loss: 0.737856
Epoch 32 [35000/84843] Loss: 0.989477
Epoch 32 [70000/84843] Loss: 0.646786
Epoch 32 - Avg Loss: 0.621213 | Train Acc: 86.61%
Val: loss=0.4945, acc=10132/10975 (92.32%)
saved best: 92.32%
Epoch 33 [0/84843] Loss: 0.579143
Epoch 33 [35000/84843] Loss: 0.584855
Epoch 33 [70000/84843] Loss: 0.616307
Epoch 33 - Avg Loss: 0.608090 | Train Acc: 87.22%
Val: loss=0.4856, acc=10152/10975 (92.50%)
saved best: 92.50%
Epoch 34 [0/84843] Loss: 0.579377
Epoch 34 [35000/84843] Loss: 0.655150
Epoch 34 [70000/84843] Loss: 0.408567
Epoch 34 - Avg Loss: 0.600744 | Train Acc: 87.48%
Val: loss=0.4830, acc=10176/10975 (92.72%)
saved best: 92.72%
Epoch 35 [0/84843] Loss: 0.544486
Epoch 35 [35000/84843] Loss: 0.680501
Epoch 35 [70000/84843] Loss: 0.667569
Epoch 35 - Avg Loss: 0.589614 | Train Acc: 87.92%
Val: loss=0.4705, acc=10231/10975 (93.22%)
saved best: 93.22%
Epoch 36 [0/84843] Loss: 0.605350
Epoch 36 [35000/84843] Loss: 0.486804
Epoch 36 [70000/84843] Loss: 0.652075
Epoch 36 - Avg Loss: 0.586516 | Train Acc: 87.93%
Val: loss=0.4635, acc=10231/10975 (93.22%)
Epoch 37 [0/84843] Loss: 0.551303
Epoch 37 [35000/84843] Loss: 0.715001
Epoch 37 [70000/84843] Loss: 0.557080
Epoch 37 - Avg Loss: 0.580998 | Train Acc: 88.28%
Val: loss=0.4727, acc=10208/10975 (93.01%)
Epoch 38 [0/84843] Loss: 0.428151
Epoch 38 [35000/84843] Loss: 0.535137
Epoch 38 [70000/84843] Loss: 0.541285
Epoch 38 - Avg Loss: 0.570833 | Train Acc: 88.46%
Val: loss=0.4737, acc=10189/10975 (92.84%)
Epoch 39 [0/84843] Loss: 0.661546
Epoch 39 [35000/84843] Loss: 0.561750
Epoch 39 [70000/84843] Loss: 0.428411
Epoch 39 - Avg Loss: 0.569893 | Train Acc: 88.59%
Val: loss=0.4777, acc=10135/10975 (92.35%)
Epoch 40 [0/84843] Loss: 0.476275
Epoch 40 [35000/84843] Loss: 0.555140
Epoch 40 [70000/84843] Loss: 0.498223
Epoch 40 - Avg Loss: 0.563532 | Train Acc: 88.79%
Val: loss=0.4735, acc=10168/10975 (92.65%)
Epoch 41 [0/84843] Loss: 0.601268
Epoch 41 [35000/84843] Loss: 0.549902
Epoch 41 [70000/84843] Loss: 0.558796
Epoch 41 - Avg Loss: 0.555542 | Train Acc: 89.07%
Val: loss=0.4557, acc=10257/10975 (93.46%)
saved best: 93.46%
Epoch 42 [0/84843] Loss: 0.650571
Epoch 42 [35000/84843] Loss: 0.587526
Epoch 42 [70000/84843] Loss: 0.555211
Epoch 42 - Avg Loss: 0.551233 | Train Acc: 89.36%
Val: loss=0.4457, acc=10314/10975 (93.98%)
saved best: 93.98%
Epoch 43 [0/84843] Loss: 0.479219
Epoch 43 [35000/84843] Loss: 0.466925
Epoch 43 [70000/84843] Loss: 0.504584
Epoch 43 - Avg Loss: 0.547512 | Train Acc: 89.43%
Val: loss=0.4382, acc=10299/10975 (93.84%)
Epoch 44 [0/84843] Loss: 0.698828
Epoch 44 [35000/84843] Loss: 0.474344
Epoch 44 [70000/84843] Loss: 0.521134
Epoch 44 - Avg Loss: 0.538151 | Train Acc: 89.76%
Val: loss=0.4344, acc=10326/10975 (94.09%)
saved best: 94.09%
Epoch 45 [0/84843] Loss: 0.385236
Epoch 45 [35000/84843] Loss: 0.407231
Epoch 45 [70000/84843] Loss: 0.652464
Epoch 45 - Avg Loss: 0.538823 | Train Acc: 89.80%
Val: loss=0.4349, acc=10337/10975 (94.19%)
saved best: 94.19%
Epoch 46 [0/84843] Loss: 0.569178
Epoch 46 [35000/84843] Loss: 0.611461
Epoch 46 [70000/84843] Loss: 0.762655
Epoch 46 - Avg Loss: 0.536070 | Train Acc: 89.80%
Val: loss=0.4482, acc=10269/10975 (93.57%)
Epoch 47 [0/84843] Loss: 0.416332
Epoch 47 [35000/84843] Loss: 0.405155
Epoch 47 [70000/84843] Loss: 0.399044
Epoch 47 - Avg Loss: 0.528043 | Train Acc: 90.24%
Val: loss=0.4373, acc=10323/10975 (94.06%)
Epoch 48 [0/84843] Loss: 0.369818
Epoch 48 [35000/84843] Loss: 0.492450
Epoch 48 [70000/84843] Loss: 0.515795
Epoch 48 - Avg Loss: 0.527582 | Train Acc: 90.21%
Val: loss=0.4503, acc=10267/10975 (93.55%)
Epoch 49 [0/84843] Loss: 0.668668
Epoch 49 [35000/84843] Loss: 0.437642
Epoch 49 [70000/84843] Loss: 0.458414
Epoch 49 - Avg Loss: 0.520914 | Train Acc: 90.34%
Val: loss=0.4272, acc=10368/10975 (94.47%)
saved best: 94.47%
Epoch 50 [0/84843] Loss: 0.498164
Epoch 50 [35000/84843] Loss: 0.527001
Epoch 50 [70000/84843] Loss: 0.573929
Epoch 50 - Avg Loss: 0.516930 | Train Acc: 90.59%
Val: loss=0.4107, acc=10442/10975 (95.14%)
saved best: 95.14%
Epoch 51 [0/84843] Loss: 0.407344
Epoch 51 [35000/84843] Loss: 0.414259
Epoch 51 [70000/84843] Loss: 0.494433
Epoch 51 - Avg Loss: 0.515728 | Train Acc: 90.54%
Val: loss=0.4168, acc=10400/10975 (94.76%)
Epoch 52 [0/84843] Loss: 0.687337
Epoch 52 [35000/84843] Loss: 0.457568
Epoch 52 [70000/84843] Loss: 0.648687
Epoch 52 - Avg Loss: 0.514445 | Train Acc: 90.57%
Val: loss=0.4176, acc=10393/10975 (94.70%)
Epoch 53 [0/84843] Loss: 0.515128
Epoch 53 [35000/84843] Loss: 0.595330
Epoch 53 [70000/84843] Loss: 0.520997
Epoch 53 - Avg Loss: 0.509685 | Train Acc: 90.94%
Val: loss=0.4196, acc=10391/10975 (94.68%)
Epoch 54 [0/84843] Loss: 0.550209
Epoch 54 [35000/84843] Loss: 0.529040
Epoch 54 [70000/84843] Loss: 0.513732
Epoch 54 - Avg Loss: 0.504632 | Train Acc: 91.14%
Val: loss=0.4395, acc=10301/10975 (93.86%)
Epoch 55 [0/84843] Loss: 0.560634
Epoch 55 [35000/84843] Loss: 0.735639
Epoch 55 [70000/84843] Loss: 0.624973
Epoch 55 - Avg Loss: 0.507032 | Train Acc: 90.89%
Val: loss=0.4038, acc=10441/10975 (95.13%)
Epoch 56 [0/84843] Loss: 0.463061
Epoch 56 [35000/84843] Loss: 0.539586
Epoch 56 [70000/84843] Loss: 0.544499
Epoch 56 - Avg Loss: 0.505598 | Train Acc: 90.95%
Val: loss=0.4097, acc=10425/10975 (94.99%)
Epoch 57 [0/84843] Loss: 0.494577
Epoch 57 [35000/84843] Loss: 0.491773
Epoch 57 [70000/84843] Loss: 0.584038
Epoch 57 - Avg Loss: 0.505163 | Train Acc: 90.97%
Val: loss=0.4286, acc=10334/10975 (94.16%)
Epoch 58 [0/84843] Loss: 0.473702
Epoch 58 [35000/84843] Loss: 0.384647
Epoch 58 [70000/84843] Loss: 0.434845
Epoch 58 - Avg Loss: 0.499552 | Train Acc: 91.18%
Val: loss=0.4062, acc=10428/10975 (95.02%)
Epoch 59 [0/84843] Loss: 0.675155
Epoch 59 [35000/84843] Loss: 0.606473
Epoch 59 [70000/84843] Loss: 0.608983
Epoch 59 - Avg Loss: 0.499750 | Train Acc: 91.26%
Val: loss=0.4109, acc=10415/10975 (94.90%)
Epoch 60 [0/84843] Loss: 0.525604
Epoch 60 [35000/84843] Loss: 0.379826
Epoch 60 [70000/84843] Loss: 0.611820
Epoch 60 - Avg Loss: 0.495825 | Train Acc: 91.45%
Val: loss=0.4145, acc=10399/10975 (94.75%)
Epoch 61 [0/84843] Loss: 0.694040
Epoch 61 [35000/84843] Loss: 0.483623
Epoch 61 [70000/84843] Loss: 0.595186
Epoch 61 - Avg Loss: 0.496608 | Train Acc: 91.33%
Val: loss=0.4159, acc=10400/10975 (94.76%)
Epoch 62 [0/84843] Loss: 0.451516
Epoch 62 [35000/84843] Loss: 0.522103
Epoch 62 [70000/84843] Loss: 0.459227
Epoch 62 - Avg Loss: 0.491033 | Train Acc: 91.52%
Val: loss=0.4014, acc=10456/10975 (95.27%)
saved best: 95.27%
Epoch 63 [0/84843] Loss: 0.490825
Epoch 63 [35000/84843] Loss: 0.601467
Epoch 63 [70000/84843] Loss: 0.469532
Epoch 63 - Avg Loss: 0.488375 | Train Acc: 91.71%
Val: loss=0.4719, acc=10162/10975 (92.59%)
Epoch 64 [0/84843] Loss: 0.783614
Epoch 64 [35000/84843] Loss: 0.404011
Epoch 64 [70000/84843] Loss: 0.500881
Epoch 64 - Avg Loss: 0.489765 | Train Acc: 91.57%
Val: loss=0.4193, acc=10352/10975 (94.32%)
Epoch 65 [0/84843] Loss: 0.487138
Epoch 65 [35000/84843] Loss: 0.533866
Epoch 65 [70000/84843] Loss: 0.506894
Epoch 65 - Avg Loss: 0.487887 | Train Acc: 91.67%
Val: loss=0.3995, acc=10482/10975 (95.51%)
saved best: 95.51%
Epoch 66 [0/84843] Loss: 0.493152
Epoch 66 [35000/84843] Loss: 0.480009
Epoch 66 [70000/84843] Loss: 0.449168
Epoch 66 - Avg Loss: 0.486836 | Train Acc: 91.71%
Val: loss=0.4227, acc=10376/10975 (94.54%)
Epoch 67 [0/84843] Loss: 0.366935
Epoch 67 [35000/84843] Loss: 0.604779
Epoch 67 [70000/84843] Loss: 0.366224
Epoch 67 - Avg Loss: 0.487819 | Train Acc: 91.61%
Val: loss=0.4033, acc=10452/10975 (95.23%)
Epoch 68 [0/84843] Loss: 0.417591
Epoch 68 [35000/84843] Loss: 0.449234
Epoch 68 [70000/84843] Loss: 0.445946
Epoch 68 - Avg Loss: 0.480896 | Train Acc: 91.93%
Val: loss=0.4100, acc=10430/10975 (95.03%)
Epoch 69 [0/84843] Loss: 0.356284
Epoch 69 [35000/84843] Loss: 0.603297
Epoch 69 [70000/84843] Loss: 0.431692
Epoch 69 - Avg Loss: 0.480108 | Train Acc: 91.89%
Val: loss=0.4114, acc=10419/10975 (94.93%)
Epoch 70 [0/84843] Loss: 0.609864
Epoch 70 [35000/84843] Loss: 0.438984
Epoch 70 [70000/84843] Loss: 0.353365
Epoch 70 - Avg Loss: 0.482159 | Train Acc: 91.88%
Val: loss=0.3982, acc=10448/10975 (95.20%)
Epoch 71 [0/84843] Loss: 0.476026
Epoch 71 [35000/84843] Loss: 0.578112
Epoch 71 [70000/84843] Loss: 0.363925
Epoch 71 - Avg Loss: 0.479330 | Train Acc: 91.95%
Val: loss=0.3864, acc=10525/10975 (95.90%)
saved best: 95.90%
Epoch 72 [0/84843] Loss: 0.457436
Epoch 72 [35000/84843] Loss: 0.543246
Epoch 72 [70000/84843] Loss: 0.433866
Epoch 72 - Avg Loss: 0.476790 | Train Acc: 92.13%
Val: loss=0.3999, acc=10464/10975 (95.34%)
Epoch 73 [0/84843] Loss: 0.528631
Epoch 73 [35000/84843] Loss: 0.470181
Epoch 73 [70000/84843] Loss: 0.445986
Epoch 73 - Avg Loss: 0.475317 | Train Acc: 92.11%
Val: loss=0.4037, acc=10455/10975 (95.26%)
Epoch 74 [0/84843] Loss: 0.453734
Epoch 74 [35000/84843] Loss: 0.670082
Epoch 74 [70000/84843] Loss: 0.513120
Epoch 74 - Avg Loss: 0.479337 | Train Acc: 91.99%
Val: loss=0.3927, acc=10500/10975 (95.67%)
Epoch 75 [0/84843] Loss: 0.400025
Epoch 75 [35000/84843] Loss: 0.564637
Epoch 75 [70000/84843] Loss: 0.384955
Epoch 75 - Avg Loss: 0.474274 | Train Acc: 92.16%
Val: loss=0.3986, acc=10472/10975 (95.42%)
Epoch 76 [0/84843] Loss: 0.522380
Epoch 76 [35000/84843] Loss: 0.497562
Epoch 76 [70000/84843] Loss: 0.557246
Epoch 76 - Avg Loss: 0.471174 | Train Acc: 92.28%
Val: loss=0.4207, acc=10390/10975 (94.67%)
Epoch 77 [0/84843] Loss: 0.370223
Epoch 77 [35000/84843] Loss: 0.453340
Epoch 77 [70000/84843] Loss: 0.498601
Epoch 77 - Avg Loss: 0.475963 | Train Acc: 92.11%
Val: loss=0.3902, acc=10493/10975 (95.61%)
Epoch 78 [0/84843] Loss: 0.456001
Epoch 78 [35000/84843] Loss: 0.349090
Epoch 78 [70000/84843] Loss: 0.400506
Epoch 78 - Avg Loss: 0.473206 | Train Acc: 92.17%
Val: loss=0.3905, acc=10513/10975 (95.79%)
Epoch 79 [0/84843] Loss: 0.459185
Epoch 79 [35000/84843] Loss: 0.513732
Epoch 79 [70000/84843] Loss: 0.430893
Epoch 79 - Avg Loss: 0.470356 | Train Acc: 92.36%
Val: loss=0.3923, acc=10503/10975 (95.70%)
Epoch 80 [0/84843] Loss: 0.420231
Epoch 80 [35000/84843] Loss: 0.325119
Epoch 80 [70000/84843] Loss: 0.513070
Epoch 80 - Avg Loss: 0.472070 | Train Acc: 92.21%
Val: loss=0.3952, acc=10469/10975 (95.39%)
Epoch 81 [0/84843] Loss: 0.482820
Epoch 81 [35000/84843] Loss: 0.530675
Epoch 81 [70000/84843] Loss: 0.599930
Epoch 81 - Avg Loss: 0.469468 | Train Acc: 92.34%
Val: loss=0.3954, acc=10472/10975 (95.42%)
Epoch 82 [0/84843] Loss: 0.467450
Epoch 82 [35000/84843] Loss: 0.432790
Epoch 82 [70000/84843] Loss: 0.505602
Epoch 82 - Avg Loss: 0.467803 | Train Acc: 92.45%
Val: loss=0.4065, acc=10431/10975 (95.04%)
Epoch 83 [0/84843] Loss: 0.409103
Epoch 83 [35000/84843] Loss: 0.409957
Epoch 83 [70000/84843] Loss: 0.510596
Epoch 83 - Avg Loss: 0.466928 | Train Acc: 92.46%
Val: loss=0.3872, acc=10512/10975 (95.78%)
Epoch 84 [0/84843] Loss: 0.481019
Epoch 84 [35000/84843] Loss: 0.417248
Epoch 84 [70000/84843] Loss: 0.407056
Epoch 84 - Avg Loss: 0.467775 | Train Acc: 92.40%
Val: loss=0.3833, acc=10521/10975 (95.86%)
Epoch 85 [0/84843] Loss: 0.512682
Epoch 85 [35000/84843] Loss: 0.441519
Epoch 85 [70000/84843] Loss: 0.511034
Epoch 85 - Avg Loss: 0.465461 | Train Acc: 92.50%
Val: loss=0.3827, acc=10535/10975 (95.99%)
saved best: 95.99%
Epoch 86 [0/84843] Loss: 0.457415
Epoch 86 [35000/84843] Loss: 0.466326
Epoch 86 [70000/84843] Loss: 0.467864
Epoch 86 - Avg Loss: 0.465975 | Train Acc: 92.37%
Val: loss=0.3866, acc=10525/10975 (95.90%)
Epoch 87 [0/84843] Loss: 0.557385
Epoch 87 [35000/84843] Loss: 0.445631
Epoch 87 [70000/84843] Loss: 0.389962
Epoch 87 - Avg Loss: 0.467600 | Train Acc: 92.43%
Val: loss=0.4006, acc=10454/10975 (95.25%)
Epoch 88 [0/84843] Loss: 0.431836
Epoch 88 [35000/84843] Loss: 0.461370
Epoch 88 [70000/84843] Loss: 0.529080
Epoch 88 - Avg Loss: 0.464800 | Train Acc: 92.53%
Val: loss=0.3928, acc=10478/10975 (95.47%)
Epoch 89 [0/84843] Loss: 0.430741
Epoch 89 [35000/84843] Loss: 0.509015
Epoch 89 [70000/84843] Loss: 0.532598
Epoch 89 - Avg Loss: 0.462178 | Train Acc: 92.59%
Val: loss=0.4035, acc=10454/10975 (95.25%)
Epoch 90 [0/84843] Loss: 0.440440
Epoch 90 [35000/84843] Loss: 0.439608
Epoch 90 [70000/84843] Loss: 0.678837
Epoch 90 - Avg Loss: 0.464897 | Train Acc: 92.47%
Val: loss=0.3844, acc=10525/10975 (95.90%)
Epoch 91 [0/84843] Loss: 0.452994
Epoch 91 [35000/84843] Loss: 0.503618
Epoch 91 [70000/84843] Loss: 0.546528
Epoch 91 - Avg Loss: 0.463379 | Train Acc: 92.61%
Val: loss=0.3959, acc=10480/10975 (95.49%)
Epoch 92 [0/84843] Loss: 0.571088
Epoch 92 [35000/84843] Loss: 0.599851
Epoch 92 [70000/84843] Loss: 0.402087
Epoch 92 - Avg Loss: 0.461535 | Train Acc: 92.64%
Val: loss=0.3808, acc=10545/10975 (96.08%)
saved best: 96.08%
Epoch 93 [0/84843] Loss: 0.432581
Epoch 93 [35000/84843] Loss: 0.398546
Epoch 93 [70000/84843] Loss: 0.410425
Epoch 93 - Avg Loss: 0.461270 | Train Acc: 92.60%
Val: loss=0.3960, acc=10467/10975 (95.37%)
Epoch 94 [0/84843] Loss: 0.417162
Epoch 94 [35000/84843] Loss: 0.521964
Epoch 94 [70000/84843] Loss: 0.534102
Epoch 94 - Avg Loss: 0.460278 | Train Acc: 92.70%
Val: loss=0.3765, acc=10563/10975 (96.25%)
saved best: 96.25%
Epoch 95 [0/84843] Loss: 0.426902
Epoch 95 [35000/84843] Loss: 0.483793
Epoch 95 [70000/84843] Loss: 0.384283
Epoch 95 - Avg Loss: 0.459759 | Train Acc: 92.74%
Val: loss=0.4067, acc=10425/10975 (94.99%)
Epoch 96 [0/84843] Loss: 0.550568
Epoch 96 [35000/84843] Loss: 0.485172
Epoch 96 [70000/84843] Loss: 0.501475
Epoch 96 - Avg Loss: 0.462351 | Train Acc: 92.59%
Val: loss=0.3754, acc=10539/10975 (96.03%)
Epoch 97 [0/84843] Loss: 0.512963
Epoch 97 [35000/84843] Loss: 0.342851
Epoch 97 [70000/84843] Loss: 0.505223
Epoch 97 - Avg Loss: 0.458492 | Train Acc: 92.77%
Val: loss=0.3772, acc=10537/10975 (96.01%)
Epoch 98 [0/84843] Loss: 0.346224
Epoch 98 [35000/84843] Loss: 0.472938
Epoch 98 [70000/84843] Loss: 0.638324
Epoch 98 - Avg Loss: 0.461892 | Train Acc: 92.57%
Val: loss=0.3789, acc=10545/10975 (96.08%)
Epoch 99 [0/84843] Loss: 0.474132
Epoch 99 [35000/84843] Loss: 0.494479
Epoch 99 [70000/84843] Loss: 0.343375
Epoch 99 - Avg Loss: 0.460163 | Train Acc: 92.66%
Val: loss=0.3733, acc=10560/10975 (96.22%)
Epoch 100 [0/84843] Loss: 0.515466
Epoch 100 [35000/84843] Loss: 0.363967
Epoch 100 [70000/84843] Loss: 0.443204
Epoch 100 - Avg Loss: 0.459069 | Train Acc: 92.68%
Val: loss=0.3981, acc=10460/10975 (95.31%)
Epoch 101 [0/84843] Loss: 0.511170
Epoch 101 [35000/84843] Loss: 0.395916
Epoch 101 [70000/84843] Loss: 0.508541
Epoch 101 - Avg Loss: 0.457875 | Train Acc: 92.71%
Val: loss=0.3978, acc=10471/10975 (95.41%)
Epoch 102 [0/84843] Loss: 0.457197
Epoch 102 [35000/84843] Loss: 0.471622
Epoch 102 [70000/84843] Loss: 0.431564
Epoch 102 - Avg Loss: 0.456742 | Train Acc: 92.83%
Val: loss=0.3797, acc=10527/10975 (95.92%)
Epoch 103 [0/84843] Loss: 0.444621
Epoch 103 [35000/84843] Loss: 0.439833
Epoch 103 [70000/84843] Loss: 0.419512
Epoch 103 - Avg Loss: 0.456682 | Train Acc: 92.80%
Val: loss=0.3770, acc=10541/10975 (96.05%)
Epoch 104 [0/84843] Loss: 0.401512
Epoch 104 [35000/84843] Loss: 0.545519
Epoch 104 [70000/84843] Loss: 0.373914
Epoch 104 - Avg Loss: 0.455184 | Train Acc: 92.89%
Val: loss=0.3739, acc=10540/10975 (96.04%)
Epoch 105 [0/84843] Loss: 0.452599
Epoch 105 [35000/84843] Loss: 0.502544
Epoch 105 [70000/84843] Loss: 0.386342
Epoch 105 - Avg Loss: 0.455896 | Train Acc: 92.83%
Val: loss=0.3761, acc=10561/10975 (96.23%)
Epoch 106 [0/84843] Loss: 0.504352
Epoch 106 [35000/84843] Loss: 0.570753
Epoch 106 [70000/84843] Loss: 0.435332
Epoch 106 - Avg Loss: 0.456038 | Train Acc: 92.87%
Val: loss=0.3919, acc=10479/10975 (95.48%)
Epoch 107 [0/84843] Loss: 0.472451
Epoch 107 [35000/84843] Loss: 0.390853
Epoch 107 [70000/84843] Loss: 0.633965
Epoch 107 - Avg Loss: 0.455363 | Train Acc: 92.85%
Val: loss=0.3942, acc=10473/10975 (95.43%)
Epoch 108 [0/84843] Loss: 0.704183
Epoch 108 [35000/84843] Loss: 0.436294
Epoch 108 [70000/84843] Loss: 0.515371
Epoch 108 - Avg Loss: 0.456200 | Train Acc: 92.75%
Val: loss=0.3683, acc=10599/10975 (96.57%)
saved best: 96.57%
Epoch 109 [0/84843] Loss: 0.515536
Epoch 109 [35000/84843] Loss: 0.413999
Epoch 109 [70000/84843] Loss: 0.626721
Epoch 109 - Avg Loss: 0.454601 | Train Acc: 92.92%
Val: loss=0.3782, acc=10556/10975 (96.18%)
Epoch 110 [0/84843] Loss: 0.517476
Epoch 110 [35000/84843] Loss: 0.475046
Epoch 110 [70000/84843] Loss: 0.617211
Epoch 110 - Avg Loss: 0.455887 | Train Acc: 92.77%
Val: loss=0.3714, acc=10576/10975 (96.36%)
Epoch 111 [0/84843] Loss: 0.541367
Epoch 111 [35000/84843] Loss: 0.343914
Epoch 111 [70000/84843] Loss: 0.500969
Epoch 111 - Avg Loss: 0.453421 | Train Acc: 92.94%
Val: loss=0.3737, acc=10564/10975 (96.26%)
Epoch 112 [0/84843] Loss: 0.398687
Epoch 112 [35000/84843] Loss: 0.412192
Epoch 112 [70000/84843] Loss: 0.415083
Epoch 112 - Avg Loss: 0.454772 | Train Acc: 92.89%
Val: loss=0.3902, acc=10503/10975 (95.70%)
Epoch 113 [0/84843] Loss: 0.484535
Epoch 113 [35000/84843] Loss: 0.323394
Epoch 113 [70000/84843] Loss: 0.357871
Epoch 113 - Avg Loss: 0.454717 | Train Acc: 92.90%
Val: loss=0.3694, acc=10578/10975 (96.38%)
Epoch 114 [0/84843] Loss: 0.535287
Epoch 114 [35000/84843] Loss: 0.528177
Epoch 114 [70000/84843] Loss: 0.442792
Epoch 114 - Avg Loss: 0.450803 | Train Acc: 92.97%
Val: loss=0.3791, acc=10530/10975 (95.95%)
Epoch 115 [0/84843] Loss: 0.444774
Epoch 115 [35000/84843] Loss: 0.472350
Epoch 115 [70000/84843] Loss: 0.509504
Epoch 115 - Avg Loss: 0.453333 | Train Acc: 92.96%
Val: loss=0.3778, acc=10554/10975 (96.16%)
Epoch 116 [0/84843] Loss: 0.421779
Epoch 116 [35000/84843] Loss: 0.432984
Epoch 116 [70000/84843] Loss: 0.438023
Epoch 116 - Avg Loss: 0.450060 | Train Acc: 93.01%
Val: loss=0.3689, acc=10576/10975 (96.36%)
Epoch 117 [0/84843] Loss: 0.549810
Epoch 117 [35000/84843] Loss: 0.416559
Epoch 117 [70000/84843] Loss: 0.474526
Epoch 117 - Avg Loss: 0.452345 | Train Acc: 92.97%
Val: loss=0.3809, acc=10526/10975 (95.91%)
Epoch 118 [0/84843] Loss: 0.481983
Epoch 118 [35000/84843] Loss: 0.458365
Epoch 118 [70000/84843] Loss: 0.411941
Epoch 118 - Avg Loss: 0.451917 | Train Acc: 92.99%
Val: loss=0.3814, acc=10525/10975 (95.90%)
Epoch 119 [0/84843] Loss: 0.422266
Epoch 119 [35000/84843] Loss: 0.483615
Epoch 119 [70000/84843] Loss: 0.440298
Epoch 119 - Avg Loss: 0.451190 | Train Acc: 92.97%
Val: loss=0.3736, acc=10562/10975 (96.24%)
Epoch 120 [0/84843] Loss: 0.500975
Epoch 120 [35000/84843] Loss: 0.500574
Epoch 120 [70000/84843] Loss: 0.362549
Epoch 120 - Avg Loss: 0.450681 | Train Acc: 93.14%
Val: loss=0.3669, acc=10587/10975 (96.46%)
Epoch 121 [0/84843] Loss: 0.423938
Epoch 121 [35000/84843] Loss: 0.653649
Epoch 121 [70000/84843] Loss: 0.490037
Epoch 121 - Avg Loss: 0.450928 | Train Acc: 93.02%
Val: loss=0.3716, acc=10582/10975 (96.42%)
Epoch 122 [0/84843] Loss: 0.535104
Epoch 122 [35000/84843] Loss: 0.415317
Epoch 122 [70000/84843] Loss: 0.322031
Epoch 122 - Avg Loss: 0.448668 | Train Acc: 93.10%
Val: loss=0.3738, acc=10563/10975 (96.25%)
Epoch 123 [0/84843] Loss: 0.365233
Epoch 123 [35000/84843] Loss: 0.407442
Epoch 123 [70000/84843] Loss: 0.578768
Epoch 123 - Avg Loss: 0.448979 | Train Acc: 93.09%
Val: loss=0.3693, acc=10594/10975 (96.53%)
Epoch 124 [0/84843] Loss: 0.476228
Epoch 124 [35000/84843] Loss: 0.456842
Epoch 124 [70000/84843] Loss: 0.409345
Epoch 124 - Avg Loss: 0.450389 | Train Acc: 92.97%
Val: loss=0.3717, acc=10572/10975 (96.33%)
Epoch 125 [0/84843] Loss: 0.335950
Epoch 125 [35000/84843] Loss: 0.369010
Epoch 125 [70000/84843] Loss: 0.526209
Epoch 125 - Avg Loss: 0.448750 | Train Acc: 93.13%
Val: loss=0.3665, acc=10608/10975 (96.66%)
saved best: 96.66%
Epoch 126 [0/84843] Loss: 0.429453
Epoch 126 [35000/84843] Loss: 0.421976
Epoch 126 [70000/84843] Loss: 0.429781
Epoch 126 - Avg Loss: 0.447954 | Train Acc: 93.10%
Val: loss=0.3732, acc=10572/10975 (96.33%)
Epoch 127 [0/84843] Loss: 0.409015
Epoch 127 [35000/84843] Loss: 0.397661
Epoch 127 [70000/84843] Loss: 0.333205
Epoch 127 - Avg Loss: 0.449170 | Train Acc: 93.11%
Val: loss=0.3654, acc=10591/10975 (96.50%)
Epoch 128 [0/84843] Loss: 0.594044
Epoch 128 [35000/84843] Loss: 0.470937
Epoch 128 [70000/84843] Loss: 0.486878
Epoch 128 - Avg Loss: 0.448433 | Train Acc: 93.11%
Val: loss=0.3725, acc=10575/10975 (96.36%)
Epoch 129 [0/84843] Loss: 0.475268
Epoch 129 [35000/84843] Loss: 0.489646
Epoch 129 [70000/84843] Loss: 0.452053
Epoch 129 - Avg Loss: 0.446533 | Train Acc: 93.23%
Val: loss=0.3700, acc=10585/10975 (96.45%)
Epoch 130 [0/84843] Loss: 0.357282
Epoch 130 [35000/84843] Loss: 0.406124
Epoch 130 [70000/84843] Loss: 0.415769
Epoch 130 - Avg Loss: 0.446123 | Train Acc: 93.19%
Val: loss=0.3738, acc=10570/10975 (96.31%)
Epoch 131 [0/84843] Loss: 0.374905
Epoch 131 [35000/84843] Loss: 0.391520
Epoch 131 [70000/84843] Loss: 0.571782
Epoch 131 - Avg Loss: 0.448775 | Train Acc: 93.13%
Val: loss=0.3790, acc=10541/10975 (96.05%)
Epoch 132 [0/84843] Loss: 0.327883
Epoch 132 [35000/84843] Loss: 0.402345
Epoch 132 [70000/84843] Loss: 0.524190
Epoch 132 - Avg Loss: 0.445888 | Train Acc: 93.22%
Val: loss=0.3765, acc=10559/10975 (96.21%)
Epoch 133 [0/84843] Loss: 0.462497
Epoch 133 [35000/84843] Loss: 0.469904
Epoch 133 [70000/84843] Loss: 0.428386
Epoch 133 - Avg Loss: 0.445193 | Train Acc: 93.26%
Val: loss=0.3699, acc=10579/10975 (96.39%)
Epoch 134 [0/84843] Loss: 0.354171
Epoch 134 [35000/84843] Loss: 0.508770
Epoch 134 [70000/84843] Loss: 0.562846
Epoch 134 - Avg Loss: 0.444280 | Train Acc: 93.23%
Val: loss=0.3686, acc=10581/10975 (96.41%)
Epoch 135 [0/84843] Loss: 0.392028
Epoch 135 [35000/84843] Loss: 0.573943
Epoch 135 [70000/84843] Loss: 0.411531
Epoch 135 - Avg Loss: 0.446237 | Train Acc: 93.25%
Val: loss=0.3700, acc=10568/10975 (96.29%)
Epoch 136 [0/84843] Loss: 0.480590
Epoch 136 [35000/84843] Loss: 0.524057
Epoch 136 [70000/84843] Loss: 0.489957
Epoch 136 - Avg Loss: 0.446814 | Train Acc: 93.17%
Val: loss=0.3665, acc=10597/10975 (96.56%)
Epoch 137 [0/84843] Loss: 0.425085
Epoch 137 [35000/84843] Loss: 0.413927
Epoch 137 [70000/84843] Loss: 0.377990
Epoch 137 - Avg Loss: 0.445134 | Train Acc: 93.24%
Val: loss=0.3732, acc=10576/10975 (96.36%)
Epoch 138 [0/84843] Loss: 0.362349
Epoch 138 [35000/84843] Loss: 0.436150
Epoch 138 [70000/84843] Loss: 0.473143
Epoch 138 - Avg Loss: 0.440690 | Train Acc: 93.40%
Val: loss=0.3664, acc=10589/10975 (96.48%)
Epoch 139 [0/84843] Loss: 0.426421
Epoch 139 [35000/84843] Loss: 0.556252
Epoch 139 [70000/84843] Loss: 0.390013
Epoch 139 - Avg Loss: 0.443270 | Train Acc: 93.38%
Val: loss=0.3707, acc=10584/10975 (96.44%)
Epoch 140 [0/84843] Loss: 0.402652
Epoch 140 [35000/84843] Loss: 0.506205
Epoch 140 [70000/84843] Loss: 0.331489
Epoch 140 - Avg Loss: 0.442889 | Train Acc: 93.32%
Val: loss=0.3773, acc=10548/10975 (96.11%)
Epoch 141 [0/84843] Loss: 0.420959
Epoch 141 [35000/84843] Loss: 0.373559
Epoch 141 [70000/84843] Loss: 0.374446
Epoch 141 - Avg Loss: 0.440608 | Train Acc: 93.38%
Val: loss=0.3736, acc=10569/10975 (96.30%)
Epoch 142 [0/84843] Loss: 0.655307
Epoch 142 [35000/84843] Loss: 0.391905
Epoch 142 [70000/84843] Loss: 0.468114
Epoch 142 - Avg Loss: 0.438214 | Train Acc: 93.55%
Val: loss=0.3713, acc=10600/10975 (96.58%)
Epoch 143 [0/84843] Loss: 0.622245
Epoch 143 [35000/84843] Loss: 0.398373
Epoch 143 [70000/84843] Loss: 0.504299
Epoch 143 - Avg Loss: 0.442201 | Train Acc: 93.28%
Val: loss=0.3655, acc=10601/10975 (96.59%)
Epoch 144 [0/84843] Loss: 0.467850
Epoch 144 [35000/84843] Loss: 0.496991
Epoch 144 [70000/84843] Loss: 0.441513
Epoch 144 - Avg Loss: 0.442372 | Train Acc: 93.33%
Val: loss=0.3681, acc=10563/10975 (96.25%)
Epoch 145 [0/84843] Loss: 0.338034
Epoch 145 [35000/84843] Loss: 0.407866
Epoch 145 [70000/84843] Loss: 0.413142
Epoch 145 - Avg Loss: 0.441906 | Train Acc: 93.34%
Val: loss=0.3654, acc=10606/10975 (96.64%)
Epoch 146 [0/84843] Loss: 0.501705
Epoch 146 [35000/84843] Loss: 0.524221
Epoch 146 [70000/84843] Loss: 0.404003
Epoch 146 - Avg Loss: 0.439034 | Train Acc: 93.50%
Val: loss=0.3636, acc=10617/10975 (96.74%)
saved best: 96.74%
Epoch 147 [0/84843] Loss: 0.475952
Epoch 147 [35000/84843] Loss: 0.415430
Epoch 147 [70000/84843] Loss: 0.386646
Epoch 147 - Avg Loss: 0.442246 | Train Acc: 93.30%
Val: loss=0.3637, acc=10609/10975 (96.67%)
Epoch 148 [0/84843] Loss: 0.375619
Epoch 148 [35000/84843] Loss: 0.428504
Epoch 148 [70000/84843] Loss: 0.352858
Epoch 148 - Avg Loss: 0.441425 | Train Acc: 93.39%
Val: loss=0.3655, acc=10584/10975 (96.44%)
Epoch 149 [0/84843] Loss: 0.368596
Epoch 149 [35000/84843] Loss: 0.386233
Epoch 149 [70000/84843] Loss: 0.357363
Epoch 149 - Avg Loss: 0.441808 | Train Acc: 93.30%
Val: loss=0.3723, acc=10578/10975 (96.38%)
Epoch 150 [0/84843] Loss: 0.354714
Epoch 150 [35000/84843] Loss: 0.537284
Epoch 150 [70000/84843] Loss: 0.550048
Epoch 150 - Avg Loss: 0.443082 | Train Acc: 93.35%
Val: loss=0.3649, acc=10608/10975 (96.66%)
Epoch 151 [0/84843] Loss: 0.467768
Epoch 151 [35000/84843] Loss: 0.593384
Epoch 151 [70000/84843] Loss: 0.470810
Epoch 151 - Avg Loss: 0.440028 | Train Acc: 93.42%
Val: loss=0.3612, acc=10613/10975 (96.70%)
Epoch 152 [0/84843] Loss: 0.386850
Epoch 152 [35000/84843] Loss: 0.422788
Epoch 152 [70000/84843] Loss: 0.388560
Epoch 152 - Avg Loss: 0.440235 | Train Acc: 93.35%
Val: loss=0.3594, acc=10641/10975 (96.96%)
saved best: 96.96%
Epoch 153 [0/84843] Loss: 0.372140
Epoch 153 [35000/84843] Loss: 0.403917
Epoch 153 [70000/84843] Loss: 0.440221
Epoch 153 - Avg Loss: 0.440950 | Train Acc: 93.40%
Val: loss=0.3611, acc=10616/10975 (96.73%)
Epoch 154 [0/84843] Loss: 0.477703
Epoch 154 [35000/84843] Loss: 0.410467
Epoch 154 [70000/84843] Loss: 0.549444
Epoch 154 - Avg Loss: 0.437783 | Train Acc: 93.48%
Val: loss=0.3597, acc=10632/10975 (96.87%)
Epoch 155 [0/84843] Loss: 0.449535
Epoch 155 [35000/84843] Loss: 0.447109
Epoch 155 [70000/84843] Loss: 0.379610
Epoch 155 - Avg Loss: 0.435131 | Train Acc: 93.67%
Val: loss=0.3656, acc=10611/10975 (96.68%)
Epoch 156 [0/84843] Loss: 0.617291
Epoch 156 [35000/84843] Loss: 0.491023
Epoch 156 [70000/84843] Loss: 0.393526
Epoch 156 - Avg Loss: 0.440033 | Train Acc: 93.47%
Val: loss=0.3587, acc=10628/10975 (96.84%)
Epoch 157 [0/84843] Loss: 0.435768
Epoch 157 [35000/84843] Loss: 0.450187
Epoch 157 [70000/84843] Loss: 0.443533
Epoch 157 - Avg Loss: 0.438859 | Train Acc: 93.49%
Val: loss=0.3694, acc=10578/10975 (96.38%)
Epoch 158 [0/84843] Loss: 0.374734
Epoch 158 [35000/84843] Loss: 0.442289
Epoch 158 [70000/84843] Loss: 0.496783
Epoch 158 - Avg Loss: 0.441991 | Train Acc: 93.33%
Val: loss=0.3621, acc=10605/10975 (96.63%)
Epoch 159 [0/84843] Loss: 0.514931
Epoch 159 [35000/84843] Loss: 0.462765
Epoch 159 [70000/84843] Loss: 0.531865
Epoch 159 - Avg Loss: 0.441926 | Train Acc: 93.28%
Val: loss=0.3605, acc=10604/10975 (96.62%)
Epoch 160 [0/84843] Loss: 0.425643
Epoch 160 [35000/84843] Loss: 0.357173
Epoch 160 [70000/84843] Loss: 0.568938
Epoch 160 - Avg Loss: 0.436686 | Train Acc: 93.60%
Val: loss=0.3681, acc=10576/10975 (96.36%)
Epoch 161 [0/84843] Loss: 0.315687
Epoch 161 [35000/84843] Loss: 0.377788
Epoch 161 [70000/84843] Loss: 0.650795
Epoch 161 - Avg Loss: 0.434363 | Train Acc: 93.63%
Val: loss=0.3658, acc=10620/10975 (96.77%)
Epoch 162 [0/84843] Loss: 0.338292
Epoch 162 [35000/84843] Loss: 0.432552
Epoch 162 [70000/84843] Loss: 0.407378
Epoch 162 - Avg Loss: 0.433490 | Train Acc: 93.59%
Val: loss=0.3626, acc=10606/10975 (96.64%)
Epoch 163 [0/84843] Loss: 0.348441
Epoch 163 [35000/84843] Loss: 0.440102
Epoch 163 [70000/84843] Loss: 0.422837
Epoch 163 - Avg Loss: 0.436702 | Train Acc: 93.57%
Val: loss=0.3619, acc=10606/10975 (96.64%)
Epoch 164 [0/84843] Loss: 0.513724
Epoch 164 [35000/84843] Loss: 0.460933
Epoch 164 [70000/84843] Loss: 0.599357
Epoch 164 - Avg Loss: 0.436502 | Train Acc: 93.49%
Val: loss=0.3638, acc=10606/10975 (96.64%)
Epoch 165 [0/84843] Loss: 0.326874
Epoch 165 [35000/84843] Loss: 0.460114
Epoch 165 [70000/84843] Loss: 0.293076
Epoch 165 - Avg Loss: 0.436265 | Train Acc: 93.59%
Val: loss=0.3675, acc=10578/10975 (96.38%)
Epoch 166 [0/84843] Loss: 0.542693
Epoch 166 [35000/84843] Loss: 0.371846
Epoch 166 [70000/84843] Loss: 0.534768
Epoch 166 - Avg Loss: 0.434374 | Train Acc: 93.69%
Val: loss=0.3607, acc=10625/10975 (96.81%)
Epoch 167 [0/84843] Loss: 0.446175
Epoch 167 [35000/84843] Loss: 0.577985
Epoch 167 [70000/84843] Loss: 0.469950
Epoch 167 - Avg Loss: 0.433296 | Train Acc: 93.64%
Val: loss=0.3610, acc=10633/10975 (96.88%)
Epoch 168 [0/84843] Loss: 0.574102
Epoch 168 [35000/84843] Loss: 0.419515
Epoch 168 [70000/84843] Loss: 0.498528
Epoch 168 - Avg Loss: 0.436354 | Train Acc: 93.56%
Val: loss=0.3699, acc=10585/10975 (96.45%)
Epoch 169 [0/84843] Loss: 0.430933
Epoch 169 [35000/84843] Loss: 0.302416
Epoch 169 [70000/84843] Loss: 0.424288
Epoch 169 - Avg Loss: 0.434694 | Train Acc: 93.60%
Val: loss=0.3571, acc=10634/10975 (96.89%)
Epoch 170 [0/84843] Loss: 0.399504
Epoch 170 [35000/84843] Loss: 0.505459
Epoch 170 [70000/84843] Loss: 0.439580
Epoch 170 - Avg Loss: 0.434996 | Train Acc: 93.63%
Val: loss=0.3695, acc=10594/10975 (96.53%)
Epoch 171 [0/84843] Loss: 0.477725
Epoch 171 [35000/84843] Loss: 0.417309
Epoch 171 [70000/84843] Loss: 0.416838
Epoch 171 - Avg Loss: 0.434704 | Train Acc: 93.58%
Val: loss=0.3605, acc=10624/10975 (96.80%)
Epoch 172 [0/84843] Loss: 0.453035
Epoch 172 [35000/84843] Loss: 0.437665
Epoch 172 [70000/84843] Loss: 0.456260
Epoch 172 - Avg Loss: 0.434312 | Train Acc: 93.65%
Val: loss=0.3655, acc=10588/10975 (96.47%)
Epoch 173 [0/84843] Loss: 0.490400
Epoch 173 [35000/84843] Loss: 0.376267
Epoch 173 [70000/84843] Loss: 0.401991
Epoch 173 - Avg Loss: 0.432262 | Train Acc: 93.76%
Val: loss=0.3624, acc=10613/10975 (96.70%)
Epoch 174 [0/84843] Loss: 0.378715
Epoch 174 [35000/84843] Loss: 0.402294
Epoch 174 [70000/84843] Loss: 0.422328
Epoch 174 - Avg Loss: 0.433859 | Train Acc: 93.73%
Val: loss=0.3604, acc=10631/10975 (96.87%)
Epoch 175 [0/84843] Loss: 0.476819
Epoch 175 [35000/84843] Loss: 0.405461
Epoch 175 [70000/84843] Loss: 0.324356
Epoch 175 - Avg Loss: 0.433124 | Train Acc: 93.68%
Val: loss=0.3578, acc=10632/10975 (96.87%)
Epoch 176 [0/84843] Loss: 0.468464
Epoch 176 [35000/84843] Loss: 0.433967
Epoch 176 [70000/84843] Loss: 0.502117
Epoch 176 - Avg Loss: 0.432999 | Train Acc: 93.68%
Val: loss=0.3594, acc=10635/10975 (96.90%)
Epoch 177 [0/84843] Loss: 0.380822
Epoch 177 [35000/84843] Loss: 0.498018
Epoch 177 [70000/84843] Loss: 0.442237
Epoch 177 - Avg Loss: 0.435204 | Train Acc: 93.60%
Val: loss=0.3736, acc=10583/10975 (96.43%)
Epoch 178 [0/84843] Loss: 0.392586
Epoch 178 [35000/84843] Loss: 0.514193
Epoch 178 [70000/84843] Loss: 0.400845
Epoch 178 - Avg Loss: 0.433613 | Train Acc: 93.67%
Val: loss=0.3614, acc=10623/10975 (96.79%)
Epoch 179 [0/84843] Loss: 0.421676
Epoch 179 [35000/84843] Loss: 0.516333
Epoch 179 [70000/84843] Loss: 0.397523
Epoch 179 - Avg Loss: 0.430243 | Train Acc: 93.78%
Val: loss=0.3624, acc=10620/10975 (96.77%)
Epoch 180 [0/84843] Loss: 0.358334
Epoch 180 [35000/84843] Loss: 0.473086
Epoch 180 [70000/84843] Loss: 0.367328
Epoch 180 - Avg Loss: 0.430454 | Train Acc: 93.82%
Val: loss=0.3670, acc=10588/10975 (96.47%)
Epoch 181 [0/84843] Loss: 0.379431
Epoch 181 [35000/84843] Loss: 0.468054
Epoch 181 [70000/84843] Loss: 0.422366
Epoch 181 - Avg Loss: 0.431114 | Train Acc: 93.77%
Val: loss=0.3876, acc=10510/10975 (95.76%)
Epoch 182 [0/84843] Loss: 0.520689
Epoch 182 [35000/84843] Loss: 0.487913
Epoch 182 [70000/84843] Loss: 0.556616
Epoch 182 - Avg Loss: 0.427687 | Train Acc: 93.88%
Val: loss=0.3669, acc=10610/10975 (96.67%)
Epoch 183 [0/84843] Loss: 0.377476
Epoch 183 [35000/84843] Loss: 0.508143
Epoch 183 [70000/84843] Loss: 0.557217
Epoch 183 - Avg Loss: 0.427158 | Train Acc: 93.90%
Val: loss=0.3634, acc=10615/10975 (96.72%)
Epoch 184 [0/84843] Loss: 0.492176
Epoch 184 [35000/84843] Loss: 0.488983
Epoch 184 [70000/84843] Loss: 0.451577
Epoch 184 - Avg Loss: 0.428417 | Train Acc: 93.88%
Val: loss=0.3587, acc=10625/10975 (96.81%)
Epoch 185 [0/84843] Loss: 0.563438
Epoch 185 [35000/84843] Loss: 0.375277
Epoch 185 [70000/84843] Loss: 0.410580
Epoch 185 - Avg Loss: 0.431026 | Train Acc: 93.79%
Val: loss=0.3586, acc=10643/10975 (96.97%)
saved best: 96.97%
Epoch 186 [0/84843] Loss: 0.471339
Epoch 186 [35000/84843] Loss: 0.372400
Epoch 186 [70000/84843] Loss: 0.461733
Epoch 186 - Avg Loss: 0.428600 | Train Acc: 93.90%
Val: loss=0.3547, acc=10652/10975 (97.06%)
saved best: 97.06%
Epoch 187 [0/84843] Loss: 0.363231
Epoch 187 [35000/84843] Loss: 0.389757
Epoch 187 [70000/84843] Loss: 0.368389
Epoch 187 - Avg Loss: 0.429313 | Train Acc: 93.89%
Val: loss=0.3677, acc=10580/10975 (96.40%)
Epoch 188 [0/84843] Loss: 0.418865
Epoch 188 [35000/84843] Loss: 0.405793
Epoch 188 [70000/84843] Loss: 0.477922
Epoch 188 - Avg Loss: 0.428301 | Train Acc: 93.86%
Val: loss=0.3659, acc=10603/10975 (96.61%)
Epoch 189 [0/84843] Loss: 0.385213
Epoch 189 [35000/84843] Loss: 0.315042
Epoch 189 [70000/84843] Loss: 0.384257
Epoch 189 - Avg Loss: 0.429496 | Train Acc: 93.81%
Val: loss=0.3576, acc=10635/10975 (96.90%)
Epoch 190 [0/84843] Loss: 0.334825
Epoch 190 [35000/84843] Loss: 0.374209
Epoch 190 [70000/84843] Loss: 0.483112
Epoch 190 - Avg Loss: 0.430370 | Train Acc: 93.68%
Val: loss=0.3703, acc=10577/10975 (96.37%)
Epoch 191 [0/84843] Loss: 0.421470
Epoch 191 [35000/84843] Loss: 0.414029
Epoch 191 [70000/84843] Loss: 0.411744
Epoch 191 - Avg Loss: 0.425696 | Train Acc: 94.00%
Val: loss=0.3577, acc=10643/10975 (96.97%)
Epoch 192 [0/84843] Loss: 0.498395
Epoch 192 [35000/84843] Loss: 0.330672
Epoch 192 [70000/84843] Loss: 0.412481
Epoch 192 - Avg Loss: 0.427573 | Train Acc: 93.86%
Val: loss=0.3647, acc=10605/10975 (96.63%)
Epoch 193 [0/84843] Loss: 0.529512
Epoch 193 [35000/84843] Loss: 0.385520
Epoch 193 [70000/84843] Loss: 0.398606
Epoch 193 - Avg Loss: 0.430429 | Train Acc: 93.79%
Val: loss=0.3667, acc=10592/10975 (96.51%)
Epoch 194 [0/84843] Loss: 0.423442
Epoch 194 [35000/84843] Loss: 0.465708
Epoch 194 [70000/84843] Loss: 0.400854
Epoch 194 - Avg Loss: 0.425944 | Train Acc: 94.02%
Val: loss=0.3585, acc=10628/10975 (96.84%)
Epoch 195 [0/84843] Loss: 0.429171
Epoch 195 [35000/84843] Loss: 0.366502
Epoch 195 [70000/84843] Loss: 0.422840
Epoch 195 - Avg Loss: 0.427347 | Train Acc: 94.00%
Val: loss=0.3704, acc=10560/10975 (96.22%)
Epoch 196 [0/84843] Loss: 0.368435
Epoch 196 [35000/84843] Loss: 0.525587
Epoch 196 [70000/84843] Loss: 0.344551
Epoch 196 - Avg Loss: 0.429368 | Train Acc: 93.82%
Val: loss=0.3637, acc=10626/10975 (96.82%)
Epoch 197 [0/84843] Loss: 0.346763
Epoch 197 [35000/84843] Loss: 0.481311
Epoch 197 [70000/84843] Loss: 0.422009
Epoch 197 - Avg Loss: 0.427424 | Train Acc: 93.89%
Val: loss=0.3633, acc=10616/10975 (96.73%)
Epoch 198 [0/84843] Loss: 0.469610
Epoch 198 [35000/84843] Loss: 0.318939
Epoch 198 [70000/84843] Loss: 0.419581
Epoch 198 - Avg Loss: 0.429077 | Train Acc: 93.93%
Val: loss=0.3566, acc=10642/10975 (96.97%)
Epoch 199 [0/84843] Loss: 0.357270
Epoch 199 [35000/84843] Loss: 0.366352
Epoch 199 [70000/84843] Loss: 0.454420
Epoch 199 - Avg Loss: 0.422583 | Train Acc: 94.05%
Val: loss=0.3586, acc=10629/10975 (96.85%)
Epoch 200 [0/84843] Loss: 0.398298
Epoch 200 [35000/84843] Loss: 0.387895
Epoch 200 [70000/84843] Loss: 0.401971
Epoch 200 - Avg Loss: 0.424166 | Train Acc: 94.01%
Val: loss=0.3641, acc=10608/10975 (96.66%)
Epoch 201 [0/84843] Loss: 0.401495
Epoch 201 [35000/84843] Loss: 0.397131
Epoch 201 [70000/84843] Loss: 0.397931
Epoch 201 - Avg Loss: 0.428588 | Train Acc: 93.87%
Val: loss=0.3594, acc=10632/10975 (96.87%)
Epoch 202 [0/84843] Loss: 0.656461
Epoch 202 [35000/84843] Loss: 0.410544
Epoch 202 [70000/84843] Loss: 0.619807
Epoch 202 - Avg Loss: 0.423756 | Train Acc: 94.05%
Val: loss=0.3567, acc=10631/10975 (96.87%)
Epoch 203 [0/84843] Loss: 0.378186
Epoch 203 [35000/84843] Loss: 0.345912
Epoch 203 [70000/84843] Loss: 0.392850
Epoch 203 - Avg Loss: 0.427120 | Train Acc: 93.87%
Val: loss=0.3544, acc=10659/10975 (97.12%)
saved best: 97.12%
Epoch 204 [0/84843] Loss: 0.423546
Epoch 204 [35000/84843] Loss: 0.604248
Epoch 204 [70000/84843] Loss: 0.660165
Epoch 204 - Avg Loss: 0.423957 | Train Acc: 94.09%
Val: loss=0.3575, acc=10628/10975 (96.84%)
Epoch 205 [0/84843] Loss: 0.364780
Epoch 205 [35000/84843] Loss: 0.605776
Epoch 205 [70000/84843] Loss: 0.412377
Epoch 205 - Avg Loss: 0.425365 | Train Acc: 93.99%
Val: loss=0.3639, acc=10613/10975 (96.70%)
Epoch 206 [0/84843] Loss: 0.421312
Epoch 206 [35000/84843] Loss: 0.371958
Epoch 206 [70000/84843] Loss: 0.431745
Epoch 206 - Avg Loss: 0.424516 | Train Acc: 94.09%
Val: loss=0.3590, acc=10640/10975 (96.95%)
Epoch 207 [0/84843] Loss: 0.486929
Epoch 207 [35000/84843] Loss: 0.342066
Epoch 207 [70000/84843] Loss: 0.438960
Epoch 207 - Avg Loss: 0.425241 | Train Acc: 93.97%
Val: loss=0.3601, acc=10633/10975 (96.88%)
Epoch 208 [0/84843] Loss: 0.396278
Epoch 208 [35000/84843] Loss: 0.430033
Epoch 208 [70000/84843] Loss: 0.526424
Epoch 208 - Avg Loss: 0.423210 | Train Acc: 94.08%
Val: loss=0.3610, acc=10610/10975 (96.67%)
Epoch 209 [0/84843] Loss: 0.459515
Epoch 209 [35000/84843] Loss: 0.368439
Epoch 209 [70000/84843] Loss: 0.448495
Epoch 209 - Avg Loss: 0.425463 | Train Acc: 94.00%
Val: loss=0.3588, acc=10638/10975 (96.93%)
Epoch 210 [0/84843] Loss: 0.336255
Epoch 210 [35000/84843] Loss: 0.409853
Epoch 210 [70000/84843] Loss: 0.420880
Epoch 210 - Avg Loss: 0.423329 | Train Acc: 94.10%
Val: loss=0.3658, acc=10584/10975 (96.44%)
Epoch 211 [0/84843] Loss: 0.385082
Epoch 211 [35000/84843] Loss: 0.472644
Epoch 211 [70000/84843] Loss: 0.408293
Epoch 211 - Avg Loss: 0.424439 | Train Acc: 93.97%
Val: loss=0.3552, acc=10644/10975 (96.98%)
Epoch 212 [0/84843] Loss: 0.422798
Epoch 212 [35000/84843] Loss: 0.490965
Epoch 212 [70000/84843] Loss: 0.483335
Epoch 212 - Avg Loss: 0.424919 | Train Acc: 94.01%
Val: loss=0.3574, acc=10643/10975 (96.97%)
Epoch 213 [0/84843] Loss: 0.487901
Epoch 213 [35000/84843] Loss: 0.354064
Epoch 213 [70000/84843] Loss: 0.399105
Epoch 213 - Avg Loss: 0.421174 | Train Acc: 94.20%
Val: loss=0.3533, acc=10659/10975 (97.12%)
Epoch 214 [0/84843] Loss: 0.412662
Epoch 214 [35000/84843] Loss: 0.418462
Epoch 214 [70000/84843] Loss: 0.367825
Epoch 214 - Avg Loss: 0.421144 | Train Acc: 94.18%
Val: loss=0.3622, acc=10609/10975 (96.67%)
Epoch 215 [0/84843] Loss: 0.439122
Epoch 215 [35000/84843] Loss: 0.325292
Epoch 215 [70000/84843] Loss: 0.344125
Epoch 215 - Avg Loss: 0.417945 | Train Acc: 94.24%
Val: loss=0.3614, acc=10607/10975 (96.65%)
Epoch 216 [0/84843] Loss: 0.512307
Epoch 216 [35000/84843] Loss: 0.435855
Epoch 216 [70000/84843] Loss: 0.393105
Epoch 216 - Avg Loss: 0.425574 | Train Acc: 93.97%
Val: loss=0.3531, acc=10645/10975 (96.99%)
Epoch 217 [0/84843] Loss: 0.446959
Epoch 217 [35000/84843] Loss: 0.324314
Epoch 217 [70000/84843] Loss: 0.457393
Epoch 217 - Avg Loss: 0.418525 | Train Acc: 94.25%
Val: loss=0.3578, acc=10646/10975 (97.00%)
Epoch 218 [0/84843] Loss: 0.376149
Epoch 218 [35000/84843] Loss: 0.499433
Epoch 218 [70000/84843] Loss: 0.458988
Epoch 218 - Avg Loss: 0.420861 | Train Acc: 94.06%
Val: loss=0.3527, acc=10656/10975 (97.09%)
Epoch 219 [0/84843] Loss: 0.377757
Epoch 219 [35000/84843] Loss: 0.373383
Epoch 219 [70000/84843] Loss: 0.591989
Epoch 219 - Avg Loss: 0.422742 | Train Acc: 94.10%
Val: loss=0.3545, acc=10643/10975 (96.97%)
Epoch 220 [0/84843] Loss: 0.370646
Epoch 220 [35000/84843] Loss: 0.439915
Epoch 220 [70000/84843] Loss: 0.485990
Epoch 220 - Avg Loss: 0.421262 | Train Acc: 94.19%
Val: loss=0.3582, acc=10623/10975 (96.79%)
Epoch 221 [0/84843] Loss: 0.399628
Epoch 221 [35000/84843] Loss: 0.421487
Epoch 221 [70000/84843] Loss: 0.398682
Epoch 221 - Avg Loss: 0.420305 | Train Acc: 94.22%
Val: loss=0.3607, acc=10620/10975 (96.77%)
Epoch 222 [0/84843] Loss: 0.363988
Epoch 222 [35000/84843] Loss: 0.413265
Epoch 222 [70000/84843] Loss: 0.315440
Epoch 222 - Avg Loss: 0.418092 | Train Acc: 94.18%
Val: loss=0.3539, acc=10649/10975 (97.03%)
Epoch 223 [0/84843] Loss: 0.363197
Epoch 223 [35000/84843] Loss: 0.393518
Epoch 223 [70000/84843] Loss: 0.420415
Epoch 223 - Avg Loss: 0.418086 | Train Acc: 94.22%
Val: loss=0.3535, acc=10659/10975 (97.12%)
Epoch 224 [0/84843] Loss: 0.401409
Epoch 224 [35000/84843] Loss: 0.568179
Epoch 224 [70000/84843] Loss: 0.391670
Epoch 224 - Avg Loss: 0.420394 | Train Acc: 94.21%
Val: loss=0.3501, acc=10667/10975 (97.19%)
saved best: 97.19%
Epoch 225 [0/84843] Loss: 0.350730
Epoch 225 [35000/84843] Loss: 0.503939
Epoch 225 [70000/84843] Loss: 0.403708
Epoch 225 - Avg Loss: 0.419753 | Train Acc: 94.17%
Val: loss=0.3608, acc=10631/10975 (96.87%)
Epoch 226 [0/84843] Loss: 0.416326
Epoch 226 [35000/84843] Loss: 0.385393
Epoch 226 [70000/84843] Loss: 0.380900
Epoch 226 - Avg Loss: 0.418868 | Train Acc: 94.29%
Val: loss=0.3562, acc=10640/10975 (96.95%)
Epoch 227 [0/84843] Loss: 0.435110
Epoch 227 [35000/84843] Loss: 0.362490
Epoch 227 [70000/84843] Loss: 0.385887
Epoch 227 - Avg Loss: 0.415873 | Train Acc: 94.37%
Val: loss=0.3562, acc=10646/10975 (97.00%)
Epoch 228 [0/84843] Loss: 0.496771
Epoch 228 [35000/84843] Loss: 0.342652
Epoch 228 [70000/84843] Loss: 0.328185
Epoch 228 - Avg Loss: 0.416467 | Train Acc: 94.34%
Val: loss=0.3567, acc=10643/10975 (96.97%)
Epoch 229 [0/84843] Loss: 0.466108
Epoch 229 [35000/84843] Loss: 0.621023
Epoch 229 [70000/84843] Loss: 0.518831
Epoch 229 - Avg Loss: 0.415779 | Train Acc: 94.37%
Val: loss=0.3546, acc=10646/10975 (97.00%)
Epoch 230 [0/84843] Loss: 0.463990
Epoch 230 [35000/84843] Loss: 0.513256
Epoch 230 [70000/84843] Loss: 0.521840
Epoch 230 - Avg Loss: 0.416331 | Train Acc: 94.29%
Val: loss=0.3545, acc=10654/10975 (97.08%)
Epoch 231 [0/84843] Loss: 0.359373
Epoch 231 [35000/84843] Loss: 0.298875
Epoch 231 [70000/84843] Loss: 0.408688
Epoch 231 - Avg Loss: 0.417218 | Train Acc: 94.33%
Val: loss=0.3537, acc=10659/10975 (97.12%)
Epoch 232 [0/84843] Loss: 0.351410
Epoch 232 [35000/84843] Loss: 0.297393
Epoch 232 [70000/84843] Loss: 0.402654
Epoch 232 - Avg Loss: 0.416743 | Train Acc: 94.30%
Val: loss=0.3601, acc=10623/10975 (96.79%)
Epoch 233 [0/84843] Loss: 0.397685
Epoch 233 [35000/84843] Loss: 0.389555
Epoch 233 [70000/84843] Loss: 0.535804
Epoch 233 - Avg Loss: 0.418817 | Train Acc: 94.23%
Val: loss=0.3496, acc=10657/10975 (97.10%)
Epoch 234 [0/84843] Loss: 0.415113
Epoch 234 [35000/84843] Loss: 0.429627
Epoch 234 [70000/84843] Loss: 0.476276
Epoch 234 - Avg Loss: 0.417371 | Train Acc: 94.25%
Val: loss=0.3557, acc=10639/10975 (96.94%)
Epoch 235 [0/84843] Loss: 0.412350
Epoch 235 [35000/84843] Loss: 0.413119
Epoch 235 [70000/84843] Loss: 0.459971
Epoch 235 - Avg Loss: 0.416738 | Train Acc: 94.31%
Val: loss=0.3548, acc=10640/10975 (96.95%)
Epoch 236 [0/84843] Loss: 0.310654
Epoch 236 [35000/84843] Loss: 0.422738
Epoch 236 [70000/84843] Loss: 0.351493
Epoch 236 - Avg Loss: 0.416174 | Train Acc: 94.36%
Val: loss=0.3519, acc=10648/10975 (97.02%)
Epoch 237 [0/84843] Loss: 0.282835
Epoch 237 [35000/84843] Loss: 0.370181
Epoch 237 [70000/84843] Loss: 0.462976
Epoch 237 - Avg Loss: 0.416176 | Train Acc: 94.40%
Val: loss=0.3575, acc=10638/10975 (96.93%)
Epoch 238 [0/84843] Loss: 0.406359
Epoch 238 [35000/84843] Loss: 0.564308
Epoch 238 [70000/84843] Loss: 0.391452
Epoch 238 - Avg Loss: 0.416309 | Train Acc: 94.27%
Val: loss=0.3533, acc=10658/10975 (97.11%)
Epoch 239 [0/84843] Loss: 0.391739
Epoch 239 [35000/84843] Loss: 0.423008
Epoch 239 [70000/84843] Loss: 0.454444
Epoch 239 - Avg Loss: 0.414170 | Train Acc: 94.39%
Val: loss=0.3575, acc=10635/10975 (96.90%)
Epoch 240 [0/84843] Loss: 0.368540
Epoch 240 [35000/84843] Loss: 0.467463
Epoch 240 [70000/84843] Loss: 0.375390
Epoch 240 - Avg Loss: 0.416986 | Train Acc: 94.29%
Val: loss=0.3477, acc=10676/10975 (97.28%)
saved best: 97.28%
Epoch 241 [0/84843] Loss: 0.535858
Epoch 241 [35000/84843] Loss: 0.440820
Epoch 241 [70000/84843] Loss: 0.311062
Epoch 241 - Avg Loss: 0.411382 | Train Acc: 94.59%
Val: loss=0.3514, acc=10672/10975 (97.24%)
Epoch 242 [0/84843] Loss: 0.409865
Epoch 242 [35000/84843] Loss: 0.484140
Epoch 242 [70000/84843] Loss: 0.512901
Epoch 242 - Avg Loss: 0.416314 | Train Acc: 94.33%
Val: loss=0.3528, acc=10648/10975 (97.02%)
Epoch 243 [0/84843] Loss: 0.528708
Epoch 243 [35000/84843] Loss: 0.593045
Epoch 243 [70000/84843] Loss: 0.357021
Epoch 243 - Avg Loss: 0.416838 | Train Acc: 94.24%
Val: loss=0.3580, acc=10614/10975 (96.71%)
Epoch 244 [0/84843] Loss: 0.425241
Epoch 244 [35000/84843] Loss: 0.489674
Epoch 244 [70000/84843] Loss: 0.435055
Epoch 244 - Avg Loss: 0.414752 | Train Acc: 94.40%
Val: loss=0.3457, acc=10678/10975 (97.29%)
saved best: 97.29%
Epoch 245 [0/84843] Loss: 0.351520
Epoch 245 [35000/84843] Loss: 0.363359
Epoch 245 [70000/84843] Loss: 0.424157
Epoch 245 - Avg Loss: 0.414766 | Train Acc: 94.38%
Val: loss=0.3524, acc=10655/10975 (97.08%)
Epoch 246 [0/84843] Loss: 0.491399
Epoch 246 [35000/84843] Loss: 0.404489
Epoch 246 [70000/84843] Loss: 0.419841
Epoch 246 - Avg Loss: 0.413520 | Train Acc: 94.45%
Val: loss=0.3489, acc=10677/10975 (97.28%)
Epoch 247 [0/84843] Loss: 0.413289
Epoch 247 [35000/84843] Loss: 0.413968
Epoch 247 [70000/84843] Loss: 0.330843
Epoch 247 - Avg Loss: 0.412403 | Train Acc: 94.48%
Val: loss=0.3506, acc=10665/10975 (97.18%)
Epoch 248 [0/84843] Loss: 0.420348
Epoch 248 [35000/84843] Loss: 0.427531
Epoch 248 [70000/84843] Loss: 0.392528
Epoch 248 - Avg Loss: 0.411736 | Train Acc: 94.51%
Val: loss=0.3506, acc=10667/10975 (97.19%)
Epoch 249 [0/84843] Loss: 0.437483
Epoch 249 [35000/84843] Loss: 0.461353
Epoch 249 [70000/84843] Loss: 0.506078
Epoch 249 - Avg Loss: 0.412361 | Train Acc: 94.49%
Val: loss=0.3546, acc=10647/10975 (97.01%)
Epoch 250 [0/84843] Loss: 0.372795
Epoch 250 [35000/84843] Loss: 0.437403
Epoch 250 [70000/84843] Loss: 0.533075
Epoch 250 - Avg Loss: 0.410085 | Train Acc: 94.54%
Val: loss=0.3499, acc=10670/10975 (97.22%)
Epoch 251 [0/84843] Loss: 0.319202
Epoch 251 [35000/84843] Loss: 0.453142
Epoch 251 [70000/84843] Loss: 0.401259
Epoch 251 - Avg Loss: 0.414588 | Train Acc: 94.44%
Val: loss=0.3534, acc=10650/10975 (97.04%)
Epoch 252 [0/84843] Loss: 0.360043
Epoch 252 [35000/84843] Loss: 0.404324
Epoch 252 [70000/84843] Loss: 0.480269
Epoch 252 - Avg Loss: 0.413352 | Train Acc: 94.46%
Val: loss=0.3489, acc=10669/10975 (97.21%)
Epoch 253 [0/84843] Loss: 0.439459
Epoch 253 [35000/84843] Loss: 0.551980
Epoch 253 [70000/84843] Loss: 0.314749
Epoch 253 - Avg Loss: 0.409108 | Train Acc: 94.65%
Val: loss=0.3513, acc=10661/10975 (97.14%)
Epoch 254 [0/84843] Loss: 0.329097
Epoch 254 [35000/84843] Loss: 0.444791
Epoch 254 [70000/84843] Loss: 0.401909
Epoch 254 - Avg Loss: 0.410824 | Train Acc: 94.51%
Val: loss=0.3519, acc=10668/10975 (97.20%)
Epoch 255 [0/84843] Loss: 0.572784
Epoch 255 [35000/84843] Loss: 0.382816
Epoch 255 [70000/84843] Loss: 0.324921
Epoch 255 - Avg Loss: 0.410635 | Train Acc: 94.54%
Val: loss=0.3489, acc=10670/10975 (97.22%)
Epoch 256 [0/84843] Loss: 0.337655
Epoch 256 [35000/84843] Loss: 0.313657
Epoch 256 [70000/84843] Loss: 0.295447
Epoch 256 - Avg Loss: 0.409359 | Train Acc: 94.60%
Val: loss=0.3516, acc=10657/10975 (97.10%)
Epoch 257 [0/84843] Loss: 0.415730
Epoch 257 [35000/84843] Loss: 0.359632
Epoch 257 [70000/84843] Loss: 0.319542
Epoch 257 - Avg Loss: 0.409429 | Train Acc: 94.60%
Val: loss=0.3537, acc=10644/10975 (96.98%)
Epoch 258 [0/84843] Loss: 0.425492
Epoch 258 [35000/84843] Loss: 0.374007
Epoch 258 [70000/84843] Loss: 0.387458
Epoch 258 - Avg Loss: 0.408858 | Train Acc: 94.65%
Val: loss=0.3531, acc=10650/10975 (97.04%)
Epoch 259 [0/84843] Loss: 0.367512
Epoch 259 [35000/84843] Loss: 0.395703
Epoch 259 [70000/84843] Loss: 0.409172
Epoch 259 - Avg Loss: 0.408763 | Train Acc: 94.57%
Val: loss=0.3538, acc=10645/10975 (96.99%)
Epoch 260 [0/84843] Loss: 0.494980
Epoch 260 [35000/84843] Loss: 0.427263
Epoch 260 [70000/84843] Loss: 0.379596
Epoch 260 - Avg Loss: 0.407661 | Train Acc: 94.66%
Val: loss=0.3527, acc=10647/10975 (97.01%)
Epoch 261 [0/84843] Loss: 0.388302
Epoch 261 [35000/84843] Loss: 0.393315
Epoch 261 [70000/84843] Loss: 0.339187
Epoch 261 - Avg Loss: 0.407188 | Train Acc: 94.72%
Val: loss=0.3486, acc=10666/10975 (97.18%)
Epoch 262 [0/84843] Loss: 0.402630
Epoch 262 [35000/84843] Loss: 0.372966
Epoch 262 [70000/84843] Loss: 0.629944
Epoch 262 - Avg Loss: 0.408133 | Train Acc: 94.62%
Val: loss=0.3546, acc=10651/10975 (97.05%)
Epoch 263 [0/84843] Loss: 0.367807
Epoch 263 [35000/84843] Loss: 0.392902
Epoch 263 [70000/84843] Loss: 0.348079
Epoch 263 - Avg Loss: 0.407315 | Train Acc: 94.66%
Val: loss=0.3495, acc=10667/10975 (97.19%)
Epoch 264 [0/84843] Loss: 0.362442
Epoch 264 [35000/84843] Loss: 0.342074
Epoch 264 [70000/84843] Loss: 0.476377
Epoch 264 - Avg Loss: 0.406031 | Train Acc: 94.76%
Val: loss=0.3530, acc=10660/10975 (97.13%)
Epoch 265 [0/84843] Loss: 0.521445
Epoch 265 [35000/84843] Loss: 0.342410
Epoch 265 [70000/84843] Loss: 0.313411
Epoch 265 - Avg Loss: 0.407430 | Train Acc: 94.67%
Val: loss=0.3514, acc=10651/10975 (97.05%)
Epoch 266 [0/84843] Loss: 0.440376
Epoch 266 [35000/84843] Loss: 0.367270
Epoch 266 [70000/84843] Loss: 0.395707
Epoch 266 - Avg Loss: 0.405844 | Train Acc: 94.76%
Val: loss=0.3491, acc=10673/10975 (97.25%)
Epoch 267 [0/84843] Loss: 0.483907
Epoch 267 [35000/84843] Loss: 0.316131
Epoch 267 [70000/84843] Loss: 0.535538
Epoch 267 - Avg Loss: 0.405230 | Train Acc: 94.77%
Val: loss=0.3466, acc=10681/10975 (97.32%)
saved best: 97.32%
Epoch 268 [0/84843] Loss: 0.363073
Epoch 268 [35000/84843] Loss: 0.305806
Epoch 268 [70000/84843] Loss: 0.417822
Epoch 268 - Avg Loss: 0.405109 | Train Acc: 94.74%
Val: loss=0.3498, acc=10656/10975 (97.09%)
Epoch 269 [0/84843] Loss: 0.508954
Epoch 269 [35000/84843] Loss: 0.411739
Epoch 269 [70000/84843] Loss: 0.413832
Epoch 269 - Avg Loss: 0.408254 | Train Acc: 94.69%
Val: loss=0.3512, acc=10665/10975 (97.18%)
Epoch 270 [0/84843] Loss: 0.395108
Epoch 270 [35000/84843] Loss: 0.398984
Epoch 270 [70000/84843] Loss: 0.371724
Epoch 270 - Avg Loss: 0.409460 | Train Acc: 94.60%
Val: loss=0.3499, acc=10669/10975 (97.21%)
Epoch 271 [0/84843] Loss: 0.564697
Epoch 271 [35000/84843] Loss: 0.347168
Epoch 271 [70000/84843] Loss: 0.397851
Epoch 271 - Avg Loss: 0.406643 | Train Acc: 94.71%
Val: loss=0.3532, acc=10641/10975 (96.96%)
Epoch 272 [0/84843] Loss: 0.429176
Epoch 272 [35000/84843] Loss: 0.382130
Epoch 272 [70000/84843] Loss: 0.370778
Epoch 272 - Avg Loss: 0.404220 | Train Acc: 94.86%
Val: loss=0.3576, acc=10630/10975 (96.86%)
Epoch 273 [0/84843] Loss: 0.368529
Epoch 273 [35000/84843] Loss: 0.325589
Epoch 273 [70000/84843] Loss: 0.372100
Epoch 273 - Avg Loss: 0.406841 | Train Acc: 94.69%
Val: loss=0.3508, acc=10675/10975 (97.27%)
Epoch 274 [0/84843] Loss: 0.348351
Epoch 274 [35000/84843] Loss: 0.475095
Epoch 274 [70000/84843] Loss: 0.480753
Epoch 274 - Avg Loss: 0.405091 | Train Acc: 94.74%
Val: loss=0.3444, acc=10682/10975 (97.33%)
saved best: 97.33%
Epoch 275 [0/84843] Loss: 0.436226
Epoch 275 [35000/84843] Loss: 0.458367
Epoch 275 [70000/84843] Loss: 0.400409
Epoch 275 - Avg Loss: 0.404709 | Train Acc: 94.81%
Val: loss=0.3485, acc=10668/10975 (97.20%)
Epoch 276 [0/84843] Loss: 0.434332
Epoch 276 [35000/84843] Loss: 0.344964
Epoch 276 [70000/84843] Loss: 0.303403
Epoch 276 - Avg Loss: 0.405008 | Train Acc: 94.80%
Val: loss=0.3447, acc=10685/10975 (97.36%)
saved best: 97.36%
Epoch 277 [0/84843] Loss: 0.422441
Epoch 277 [35000/84843] Loss: 0.492947
Epoch 277 [70000/84843] Loss: 0.457183
Epoch 277 - Avg Loss: 0.404314 | Train Acc: 94.74%
Val: loss=0.3502, acc=10660/10975 (97.13%)
Epoch 278 [0/84843] Loss: 0.386054
Epoch 278 [35000/84843] Loss: 0.440762
Epoch 278 [70000/84843] Loss: 0.371108
Epoch 278 - Avg Loss: 0.404362 | Train Acc: 94.81%
Val: loss=0.3468, acc=10679/10975 (97.30%)
Epoch 279 [0/84843] Loss: 0.353078
Epoch 279 [35000/84843] Loss: 0.421309
Epoch 279 [70000/84843] Loss: 0.390037
Epoch 279 - Avg Loss: 0.404244 | Train Acc: 94.73%
Val: loss=0.3506, acc=10664/10975 (97.17%)
Epoch 280 [0/84843] Loss: 0.325341
Epoch 280 [35000/84843] Loss: 0.317732
Epoch 280 [70000/84843] Loss: 0.382818
Epoch 280 - Avg Loss: 0.404449 | Train Acc: 94.76%
Val: loss=0.3483, acc=10675/10975 (97.27%)
Epoch 281 [0/84843] Loss: 0.439364
Epoch 281 [35000/84843] Loss: 0.390331
Epoch 281 [70000/84843] Loss: 0.581250
Epoch 281 - Avg Loss: 0.403891 | Train Acc: 94.84%
Val: loss=0.3494, acc=10672/10975 (97.24%)
Epoch 282 [0/84843] Loss: 0.297340
Epoch 282 [35000/84843] Loss: 0.317641
Epoch 282 [70000/84843] Loss: 0.410265
Epoch 282 - Avg Loss: 0.402172 | Train Acc: 94.90%
Val: loss=0.3553, acc=10665/10975 (97.18%)
Epoch 283 [0/84843] Loss: 0.310136
Epoch 283 [35000/84843] Loss: 0.502039
Epoch 283 [70000/84843] Loss: 0.385163
Epoch 283 - Avg Loss: 0.405442 | Train Acc: 94.71%
Val: loss=0.3498, acc=10673/10975 (97.25%)
Epoch 284 [0/84843] Loss: 0.357640
Epoch 284 [35000/84843] Loss: 0.395171
Epoch 284 [70000/84843] Loss: 0.424434
Epoch 284 - Avg Loss: 0.400815 | Train Acc: 94.98%
Val: loss=0.3466, acc=10687/10975 (97.38%)
saved best: 97.38%
Epoch 285 [0/84843] Loss: 0.373624
Epoch 285 [35000/84843] Loss: 0.350301
Epoch 285 [70000/84843] Loss: 0.382995
Epoch 285 - Avg Loss: 0.404114 | Train Acc: 94.79%
Val: loss=0.3451, acc=10696/10975 (97.46%)
saved best: 97.46%
Epoch 286 [0/84843] Loss: 0.459135
Epoch 286 [35000/84843] Loss: 0.327204
Epoch 286 [70000/84843] Loss: 0.316666
Epoch 286 - Avg Loss: 0.403754 | Train Acc: 94.80%
Val: loss=0.3472, acc=10678/10975 (97.29%)
Epoch 287 [0/84843] Loss: 0.330902
Epoch 287 [35000/84843] Loss: 0.299576
Epoch 287 [70000/84843] Loss: 0.284290
Epoch 287 - Avg Loss: 0.401093 | Train Acc: 94.92%
Val: loss=0.3467, acc=10677/10975 (97.28%)
Epoch 288 [0/84843] Loss: 0.412545
Epoch 288 [35000/84843] Loss: 0.344881
Epoch 288 [70000/84843] Loss: 0.507819
Epoch 288 - Avg Loss: 0.402885 | Train Acc: 94.87%
Val: loss=0.3452, acc=10687/10975 (97.38%)
Epoch 289 [0/84843] Loss: 0.417163
Epoch 289 [35000/84843] Loss: 0.453963
Epoch 289 [70000/84843] Loss: 0.421568
Epoch 289 - Avg Loss: 0.405064 | Train Acc: 94.76%
Val: loss=0.3472, acc=10680/10975 (97.31%)
Epoch 290 [0/84843] Loss: 0.438888
Epoch 290 [35000/84843] Loss: 0.516019
Epoch 290 [70000/84843] Loss: 0.412045
Epoch 290 - Avg Loss: 0.400324 | Train Acc: 94.89%
Val: loss=0.3454, acc=10682/10975 (97.33%)
Epoch 291 [0/84843] Loss: 0.394405
Epoch 291 [35000/84843] Loss: 0.304669
Epoch 291 [70000/84843] Loss: 0.375551
Epoch 291 - Avg Loss: 0.400473 | Train Acc: 94.94%
Val: loss=0.3471, acc=10672/10975 (97.24%)
Epoch 292 [0/84843] Loss: 0.484541
Epoch 292 [35000/84843] Loss: 0.312454
Epoch 292 [70000/84843] Loss: 0.309325
Epoch 292 - Avg Loss: 0.399866 | Train Acc: 94.93%
Val: loss=0.3494, acc=10674/10975 (97.26%)
Epoch 293 [0/84843] Loss: 0.407047
Epoch 293 [35000/84843] Loss: 0.326376
Epoch 293 [70000/84843] Loss: 0.504402
Epoch 293 - Avg Loss: 0.399695 | Train Acc: 95.00%
Val: loss=0.3470, acc=10677/10975 (97.28%)
Epoch 294 [0/84843] Loss: 0.387902
Epoch 294 [35000/84843] Loss: 0.371604
Epoch 294 [70000/84843] Loss: 0.416561
Epoch 294 - Avg Loss: 0.400936 | Train Acc: 94.98%
Val: loss=0.3476, acc=10686/10975 (97.37%)
Epoch 295 [0/84843] Loss: 0.359220
Epoch 295 [35000/84843] Loss: 0.457565
Epoch 295 [70000/84843] Loss: 0.412815
Epoch 295 - Avg Loss: 0.400355 | Train Acc: 95.00%
Val: loss=0.3461, acc=10682/10975 (97.33%)
Epoch 296 [0/84843] Loss: 0.418248
Epoch 296 [35000/84843] Loss: 0.349254
Epoch 296 [70000/84843] Loss: 0.308368
Epoch 296 - Avg Loss: 0.399576 | Train Acc: 94.98%
Val: loss=0.3463, acc=10685/10975 (97.36%)
Epoch 297 [0/84843] Loss: 0.396497
Epoch 297 [35000/84843] Loss: 0.579440
Epoch 297 [70000/84843] Loss: 0.411014
Epoch 297 - Avg Loss: 0.402232 | Train Acc: 94.81%
Val: loss=0.3465, acc=10671/10975 (97.23%)
Epoch 298 [0/84843] Loss: 0.325402
Epoch 298 [35000/84843] Loss: 0.387640
Epoch 298 [70000/84843] Loss: 0.474950
Epoch 298 - Avg Loss: 0.400443 | Train Acc: 94.98%
Val: loss=0.3452, acc=10686/10975 (97.37%)
Epoch 299 [0/84843] Loss: 0.362133
Epoch 299 [35000/84843] Loss: 0.416220
Epoch 299 [70000/84843] Loss: 0.284900
Epoch 299 - Avg Loss: 0.398657 | Train Acc: 95.10%
Val: loss=0.3442, acc=10673/10975 (97.25%)
Epoch 300 [0/84843] Loss: 0.527073
Epoch 300 [35000/84843] Loss: 0.406796
Epoch 300 [70000/84843] Loss: 0.489879
Epoch 300 - Avg Loss: 0.398314 | Train Acc: 95.06%
Val: loss=0.3473, acc=10668/10975 (97.20%)
Epoch 301 [0/84843] Loss: 0.447104
Epoch 301 [35000/84843] Loss: 0.348467
Epoch 301 [70000/84843] Loss: 0.375655
Epoch 301 - Avg Loss: 0.397130 | Train Acc: 95.12%
Val: loss=0.3435, acc=10693/10975 (97.43%)
Epoch 302 [0/84843] Loss: 0.399342
Epoch 302 [35000/84843] Loss: 0.415370
Epoch 302 [70000/84843] Loss: 0.397881
Epoch 302 - Avg Loss: 0.397445 | Train Acc: 95.08%
Val: loss=0.3450, acc=10691/10975 (97.41%)
Epoch 303 [0/84843] Loss: 0.385605
Epoch 303 [35000/84843] Loss: 0.328600
Epoch 303 [70000/84843] Loss: 0.406582
Epoch 303 - Avg Loss: 0.398100 | Train Acc: 95.08%
Val: loss=0.3455, acc=10681/10975 (97.32%)
Epoch 304 [0/84843] Loss: 0.367571
Epoch 304 [35000/84843] Loss: 0.428564
Epoch 304 [70000/84843] Loss: 0.451721
Epoch 304 - Avg Loss: 0.395674 | Train Acc: 95.10%
Val: loss=0.3467, acc=10681/10975 (97.32%)
Epoch 305 [0/84843] Loss: 0.468311
Epoch 305 [35000/84843] Loss: 0.387809
Epoch 305 [70000/84843] Loss: 0.333157
Epoch 305 - Avg Loss: 0.395953 | Train Acc: 95.07%
Val: loss=0.3442, acc=10691/10975 (97.41%)
Epoch 306 [0/84843] Loss: 0.309482
Epoch 306 [35000/84843] Loss: 0.324006
Epoch 306 [70000/84843] Loss: 0.478919
Epoch 306 - Avg Loss: 0.396788 | Train Acc: 95.12%
Val: loss=0.3503, acc=10674/10975 (97.26%)
Epoch 307 [0/84843] Loss: 0.292406
Epoch 307 [35000/84843] Loss: 0.361200
Epoch 307 [70000/84843] Loss: 0.403650
Epoch 307 - Avg Loss: 0.399644 | Train Acc: 94.99%
Val: loss=0.3476, acc=10673/10975 (97.25%)
Epoch 308 [0/84843] Loss: 0.410262
Epoch 308 [35000/84843] Loss: 0.377671
Epoch 308 [70000/84843] Loss: 0.305605
Epoch 308 - Avg Loss: 0.395467 | Train Acc: 95.11%
Val: loss=0.3421, acc=10698/10975 (97.48%)
saved best: 97.48%
Epoch 309 [0/84843] Loss: 0.290844
Epoch 309 [35000/84843] Loss: 0.364432
Epoch 309 [70000/84843] Loss: 0.312349
Epoch 309 - Avg Loss: 0.396400 | Train Acc: 95.09%
Val: loss=0.3423, acc=10712/10975 (97.60%)
saved best: 97.60%
Epoch 310 [0/84843] Loss: 0.409147
Epoch 310 [35000/84843] Loss: 0.539001
Epoch 310 [70000/84843] Loss: 0.449147
Epoch 310 - Avg Loss: 0.395625 | Train Acc: 95.13%
Val: loss=0.3441, acc=10696/10975 (97.46%)
Epoch 311 [0/84843] Loss: 0.393673
Epoch 311 [35000/84843] Loss: 0.445203
Epoch 311 [70000/84843] Loss: 0.330927
Epoch 311 - Avg Loss: 0.397576 | Train Acc: 95.09%
Val: loss=0.3436, acc=10692/10975 (97.42%)
Epoch 312 [0/84843] Loss: 0.446953
Epoch 312 [35000/84843] Loss: 0.390572
Epoch 312 [70000/84843] Loss: 0.338646
Epoch 312 - Avg Loss: 0.396272 | Train Acc: 95.04%
Val: loss=0.3455, acc=10682/10975 (97.33%)
Epoch 313 [0/84843] Loss: 0.473301
Epoch 313 [35000/84843] Loss: 0.372659
Epoch 313 [70000/84843] Loss: 0.323251
Epoch 313 - Avg Loss: 0.398541 | Train Acc: 95.01%
Val: loss=0.3434, acc=10687/10975 (97.38%)
Epoch 314 [0/84843] Loss: 0.340386
Epoch 314 [35000/84843] Loss: 0.480929
Epoch 314 [70000/84843] Loss: 0.323242
Epoch 314 - Avg Loss: 0.396878 | Train Acc: 95.09%
Val: loss=0.3452, acc=10691/10975 (97.41%)
Epoch 315 [0/84843] Loss: 0.414522
Epoch 315 [35000/84843] Loss: 0.291098
Epoch 315 [70000/84843] Loss: 0.377654
Epoch 315 - Avg Loss: 0.395861 | Train Acc: 95.12%
Val: loss=0.3454, acc=10698/10975 (97.48%)
Epoch 316 [0/84843] Loss: 0.408721
Epoch 316 [35000/84843] Loss: 0.497748
Epoch 316 [70000/84843] Loss: 0.455446
Epoch 316 - Avg Loss: 0.395446 | Train Acc: 95.10%
Val: loss=0.3430, acc=10698/10975 (97.48%)
Epoch 317 [0/84843] Loss: 0.352079
Epoch 317 [35000/84843] Loss: 0.384215
Epoch 317 [70000/84843] Loss: 0.463681
Epoch 317 - Avg Loss: 0.397731 | Train Acc: 95.01%
Val: loss=0.3473, acc=10676/10975 (97.28%)
Epoch 318 [0/84843] Loss: 0.342382
Epoch 318 [35000/84843] Loss: 0.448605
Epoch 318 [70000/84843] Loss: 0.474888
Epoch 318 - Avg Loss: 0.393518 | Train Acc: 95.22%
Val: loss=0.3442, acc=10688/10975 (97.38%)
Epoch 319 [0/84843] Loss: 0.458073
Epoch 319 [35000/84843] Loss: 0.382161
Epoch 319 [70000/84843] Loss: 0.317569
Epoch 319 - Avg Loss: 0.397314 | Train Acc: 95.06%
Val: loss=0.3438, acc=10693/10975 (97.43%)
Epoch 320 [0/84843] Loss: 0.334055
Epoch 320 [35000/84843] Loss: 0.409020
Epoch 320 [70000/84843] Loss: 0.439953
Epoch 320 - Avg Loss: 0.396049 | Train Acc: 95.10%
Val: loss=0.3445, acc=10683/10975 (97.34%)
Epoch 321 [0/84843] Loss: 0.345326
Epoch 321 [35000/84843] Loss: 0.307613
Epoch 321 [70000/84843] Loss: 0.298628
Epoch 321 - Avg Loss: 0.394041 | Train Acc: 95.19%
Val: loss=0.3428, acc=10700/10975 (97.49%)
Epoch 322 [0/84843] Loss: 0.359864
Epoch 322 [35000/84843] Loss: 0.496187
Epoch 322 [70000/84843] Loss: 0.331484
Epoch 322 - Avg Loss: 0.396225 | Train Acc: 95.11%
Val: loss=0.3448, acc=10687/10975 (97.38%)
Epoch 323 [0/84843] Loss: 0.394344
Epoch 323 [35000/84843] Loss: 0.499122
Epoch 323 [70000/84843] Loss: 0.480890
Epoch 323 - Avg Loss: 0.394454 | Train Acc: 95.13%
Val: loss=0.3451, acc=10695/10975 (97.45%)
Epoch 324 [0/84843] Loss: 0.355827
Epoch 324 [35000/84843] Loss: 0.351596
Epoch 324 [70000/84843] Loss: 0.334650
Epoch 324 - Avg Loss: 0.392073 | Train Acc: 95.21%
Val: loss=0.3438, acc=10700/10975 (97.49%)
Epoch 325 [0/84843] Loss: 0.458144
Epoch 325 [35000/84843] Loss: 0.385703
Epoch 325 [70000/84843] Loss: 0.346105
Epoch 325 - Avg Loss: 0.392546 | Train Acc: 95.32%
Val: loss=0.3437, acc=10696/10975 (97.46%)
Epoch 326 [0/84843] Loss: 0.397422
Epoch 326 [35000/84843] Loss: 0.386717
Epoch 326 [70000/84843] Loss: 0.366664
Epoch 326 - Avg Loss: 0.391895 | Train Acc: 95.25%
Val: loss=0.3421, acc=10702/10975 (97.51%)
Epoch 327 [0/84843] Loss: 0.297483
Epoch 327 [35000/84843] Loss: 0.342777
Epoch 327 [70000/84843] Loss: 0.488602
Epoch 327 - Avg Loss: 0.392051 | Train Acc: 95.32%
Val: loss=0.3426, acc=10695/10975 (97.45%)
Epoch 328 [0/84843] Loss: 0.478314
Epoch 328 [35000/84843] Loss: 0.445807
Epoch 328 [70000/84843] Loss: 0.407748
Epoch 328 - Avg Loss: 0.393842 | Train Acc: 95.15%
Val: loss=0.3428, acc=10700/10975 (97.49%)
Epoch 329 [0/84843] Loss: 0.400626
Epoch 329 [35000/84843] Loss: 0.367797
Epoch 329 [70000/84843] Loss: 0.488099
Epoch 329 - Avg Loss: 0.393650 | Train Acc: 95.25%
Val: loss=0.3423, acc=10698/10975 (97.48%)
Epoch 330 [0/84843] Loss: 0.314625
Epoch 330 [35000/84843] Loss: 0.327697
Epoch 330 [70000/84843] Loss: 0.458400
Epoch 330 - Avg Loss: 0.393936 | Train Acc: 95.18%
Val: loss=0.3399, acc=10710/10975 (97.59%)
Epoch 331 [0/84843] Loss: 0.293061
Epoch 331 [35000/84843] Loss: 0.325046
Epoch 331 [70000/84843] Loss: 0.340861
Epoch 331 - Avg Loss: 0.390992 | Train Acc: 95.30%
Val: loss=0.3426, acc=10702/10975 (97.51%)
Epoch 332 [0/84843] Loss: 0.395300
Epoch 332 [35000/84843] Loss: 0.402377
Epoch 332 [70000/84843] Loss: 0.426712
Epoch 332 - Avg Loss: 0.390692 | Train Acc: 95.37%
Val: loss=0.3435, acc=10698/10975 (97.48%)
Epoch 333 [0/84843] Loss: 0.303380
Epoch 333 [35000/84843] Loss: 0.353650
Epoch 333 [70000/84843] Loss: 0.352780
Epoch 333 - Avg Loss: 0.391561 | Train Acc: 95.26%
Val: loss=0.3421, acc=10692/10975 (97.42%)
Epoch 334 [0/84843] Loss: 0.469310
Epoch 334 [35000/84843] Loss: 0.414719
Epoch 334 [70000/84843] Loss: 0.318746
Epoch 334 - Avg Loss: 0.391883 | Train Acc: 95.31%
Val: loss=0.3436, acc=10685/10975 (97.36%)
Epoch 335 [0/84843] Loss: 0.375315
Epoch 335 [35000/84843] Loss: 0.573943
Epoch 335 [70000/84843] Loss: 0.428875
Epoch 335 - Avg Loss: 0.391009 | Train Acc: 95.31%
Val: loss=0.3431, acc=10693/10975 (97.43%)
Epoch 336 [0/84843] Loss: 0.521620
Epoch 336 [35000/84843] Loss: 0.333152
Epoch 336 [70000/84843] Loss: 0.482133
Epoch 336 - Avg Loss: 0.390995 | Train Acc: 95.28%
Val: loss=0.3431, acc=10704/10975 (97.53%)
Epoch 337 [0/84843] Loss: 0.435842
Epoch 337 [35000/84843] Loss: 0.290072
Epoch 337 [70000/84843] Loss: 0.389502
Epoch 337 - Avg Loss: 0.392819 | Train Acc: 95.27%
Val: loss=0.3416, acc=10701/10975 (97.50%)
Epoch 338 [0/84843] Loss: 0.370595
Epoch 338 [35000/84843] Loss: 0.327993
Epoch 338 [70000/84843] Loss: 0.468195
Epoch 338 - Avg Loss: 0.390254 | Train Acc: 95.36%
Val: loss=0.3444, acc=10688/10975 (97.38%)
Epoch 339 [0/84843] Loss: 0.444574
Epoch 339 [35000/84843] Loss: 0.351705
Epoch 339 [70000/84843] Loss: 0.422473
Epoch 339 - Avg Loss: 0.392476 | Train Acc: 95.23%
Val: loss=0.3414, acc=10706/10975 (97.55%)
Epoch 340 [0/84843] Loss: 0.373055
Epoch 340 [35000/84843] Loss: 0.431444
Epoch 340 [70000/84843] Loss: 0.381747
Epoch 340 - Avg Loss: 0.392019 | Train Acc: 95.19%
Val: loss=0.3414, acc=10706/10975 (97.55%)
Epoch 341 [0/84843] Loss: 0.340729
Epoch 341 [35000/84843] Loss: 0.393107
Epoch 341 [70000/84843] Loss: 0.301636
Epoch 341 - Avg Loss: 0.389317 | Train Acc: 95.37%
Val: loss=0.3428, acc=10704/10975 (97.53%)
Epoch 342 [0/84843] Loss: 0.300520
Epoch 342 [35000/84843] Loss: 0.485537
Epoch 342 [70000/84843] Loss: 0.550678
Epoch 342 - Avg Loss: 0.389590 | Train Acc: 95.36%
Val: loss=0.3417, acc=10707/10975 (97.56%)
Epoch 343 [0/84843] Loss: 0.323074
Epoch 343 [35000/84843] Loss: 0.653827
Epoch 343 [70000/84843] Loss: 0.351111
Epoch 343 - Avg Loss: 0.393691 | Train Acc: 95.19%
Val: loss=0.3414, acc=10700/10975 (97.49%)
Epoch 344 [0/84843] Loss: 0.333992
Epoch 344 [35000/84843] Loss: 0.336282
Epoch 344 [70000/84843] Loss: 0.386807
Epoch 344 - Avg Loss: 0.391625 | Train Acc: 95.35%
Val: loss=0.3396, acc=10708/10975 (97.57%)
Epoch 345 [0/84843] Loss: 0.319841
Epoch 345 [35000/84843] Loss: 0.356471
Epoch 345 [70000/84843] Loss: 0.401974
Epoch 345 - Avg Loss: 0.389678 | Train Acc: 95.35%
Val: loss=0.3406, acc=10697/10975 (97.47%)
Epoch 346 [0/84843] Loss: 0.376351
Epoch 346 [35000/84843] Loss: 0.303670
Epoch 346 [70000/84843] Loss: 0.400503
Epoch 346 - Avg Loss: 0.388547 | Train Acc: 95.36%
Val: loss=0.3417, acc=10702/10975 (97.51%)
Epoch 347 [0/84843] Loss: 0.476923
Epoch 347 [35000/84843] Loss: 0.354408
Epoch 347 [70000/84843] Loss: 0.329465
Epoch 347 - Avg Loss: 0.387247 | Train Acc: 95.45%
Val: loss=0.3405, acc=10711/10975 (97.59%)
Epoch 348 [0/84843] Loss: 0.344740
Epoch 348 [35000/84843] Loss: 0.452196
Epoch 348 [70000/84843] Loss: 0.387888
Epoch 348 - Avg Loss: 0.390808 | Train Acc: 95.30%
Val: loss=0.3405, acc=10707/10975 (97.56%)
Epoch 349 [0/84843] Loss: 0.428205
Epoch 349 [35000/84843] Loss: 0.370020
Epoch 349 [70000/84843] Loss: 0.376067
Epoch 349 - Avg Loss: 0.389669 | Train Acc: 95.33%
Val: loss=0.3438, acc=10698/10975 (97.48%)
Epoch 350 [0/84843] Loss: 0.338982
Epoch 350 [35000/84843] Loss: 0.489755
Epoch 350 [70000/84843] Loss: 0.420018
Epoch 350 - Avg Loss: 0.386780 | Train Acc: 95.45%
Val: loss=0.3433, acc=10696/10975 (97.46%)
Epoch 351 [0/84843] Loss: 0.493920
Epoch 351 [35000/84843] Loss: 0.560952
Epoch 351 [70000/84843] Loss: 0.426244
Epoch 351 - Avg Loss: 0.390935 | Train Acc: 95.30%
Val: loss=0.3413, acc=10707/10975 (97.56%)
Epoch 352 [0/84843] Loss: 0.362093
Epoch 352 [35000/84843] Loss: 0.456240
Epoch 352 [70000/84843] Loss: 0.529935
Epoch 352 - Avg Loss: 0.387240 | Train Acc: 95.44%
Val: loss=0.3420, acc=10709/10975 (97.58%)
Epoch 353 [0/84843] Loss: 0.392130
Epoch 353 [35000/84843] Loss: 0.365824
Epoch 353 [70000/84843] Loss: 0.402722
Epoch 353 - Avg Loss: 0.390424 | Train Acc: 95.36%
Val: loss=0.3426, acc=10699/10975 (97.49%)
Epoch 354 [0/84843] Loss: 0.447658
Epoch 354 [35000/84843] Loss: 0.564708
Epoch 354 [70000/84843] Loss: 0.377343
Epoch 354 - Avg Loss: 0.393243 | Train Acc: 95.27%
Val: loss=0.3411, acc=10709/10975 (97.58%)
Epoch 355 [0/84843] Loss: 0.358024
Epoch 355 [35000/84843] Loss: 0.362218
Epoch 355 [70000/84843] Loss: 0.293606
Epoch 355 - Avg Loss: 0.390583 | Train Acc: 95.35%
Val: loss=0.3423, acc=10706/10975 (97.55%)
Epoch 356 [0/84843] Loss: 0.304324
Epoch 356 [35000/84843] Loss: 0.402700
Epoch 356 [70000/84843] Loss: 0.299323
Epoch 356 - Avg Loss: 0.388008 | Train Acc: 95.43%
Val: loss=0.3418, acc=10698/10975 (97.48%)
Epoch 357 [0/84843] Loss: 0.309870
Epoch 357 [35000/84843] Loss: 0.387287
Epoch 357 [70000/84843] Loss: 0.425268
Epoch 357 - Avg Loss: 0.389440 | Train Acc: 95.35%
Val: loss=0.3431, acc=10698/10975 (97.48%)
Epoch 358 [0/84843] Loss: 0.284553
Epoch 358 [35000/84843] Loss: 0.402803
Epoch 358 [70000/84843] Loss: 0.354621
Epoch 358 - Avg Loss: 0.387846 | Train Acc: 95.45%
Val: loss=0.3409, acc=10708/10975 (97.57%)
Epoch 359 [0/84843] Loss: 0.408221
Epoch 359 [35000/84843] Loss: 0.455025
Epoch 359 [70000/84843] Loss: 0.401799
Epoch 359 - Avg Loss: 0.388505 | Train Acc: 95.39%
Val: loss=0.3413, acc=10703/10975 (97.52%)
Epoch 360 [0/84843] Loss: 0.322224
Epoch 360 [35000/84843] Loss: 0.359221
Epoch 360 [70000/84843] Loss: 0.315573
Epoch 360 - Avg Loss: 0.389302 | Train Acc: 95.41%
Val: loss=0.3404, acc=10702/10975 (97.51%)
Epoch 361 [0/84843] Loss: 0.298576
Epoch 361 [35000/84843] Loss: 0.550071
Epoch 361 [70000/84843] Loss: 0.424749
Epoch 361 - Avg Loss: 0.388852 | Train Acc: 95.42%
Val: loss=0.3410, acc=10708/10975 (97.57%)
Epoch 362 [0/84843] Loss: 0.491374
Epoch 362 [35000/84843] Loss: 0.423641
Epoch 362 [70000/84843] Loss: 0.343939
Epoch 362 - Avg Loss: 0.387372 | Train Acc: 95.44%
Val: loss=0.3416, acc=10707/10975 (97.56%)
Epoch 363 [0/84843] Loss: 0.431351
Epoch 363 [35000/84843] Loss: 0.339629
Epoch 363 [70000/84843] Loss: 0.303389
Epoch 363 - Avg Loss: 0.388557 | Train Acc: 95.41%
Val: loss=0.3413, acc=10701/10975 (97.50%)
Epoch 364 [0/84843] Loss: 0.288917
Epoch 364 [35000/84843] Loss: 0.405625
Epoch 364 [70000/84843] Loss: 0.490403
Epoch 364 - Avg Loss: 0.388638 | Train Acc: 95.39%
Val: loss=0.3412, acc=10699/10975 (97.49%)
Epoch 365 [0/84843] Loss: 0.471065
Epoch 365 [35000/84843] Loss: 0.412720
Epoch 365 [70000/84843] Loss: 0.349588
Epoch 365 - Avg Loss: 0.388405 | Train Acc: 95.46%
Val: loss=0.3393, acc=10714/10975 (97.62%)
saved best: 97.62%
Epoch 366 [0/84843] Loss: 0.449802
Epoch 366 [35000/84843] Loss: 0.369277
Epoch 366 [70000/84843] Loss: 0.357470
Epoch 366 - Avg Loss: 0.388066 | Train Acc: 95.41%
Val: loss=0.3409, acc=10714/10975 (97.62%)
Epoch 367 [0/84843] Loss: 0.363330
Epoch 367 [35000/84843] Loss: 0.324609
Epoch 367 [70000/84843] Loss: 0.356831
Epoch 367 - Avg Loss: 0.387995 | Train Acc: 95.46%
Val: loss=0.3409, acc=10706/10975 (97.55%)
Epoch 368 [0/84843] Loss: 0.479770
Epoch 368 [35000/84843] Loss: 0.364514
Epoch 368 [70000/84843] Loss: 0.392544
Epoch 368 - Avg Loss: 0.388095 | Train Acc: 95.48%
Val: loss=0.3402, acc=10708/10975 (97.57%)
Epoch 369 [0/84843] Loss: 0.401410
Epoch 369 [35000/84843] Loss: 0.380413
Epoch 369 [70000/84843] Loss: 0.540623
Epoch 369 - Avg Loss: 0.387515 | Train Acc: 95.41%
Val: loss=0.3408, acc=10711/10975 (97.59%)
Epoch 370 [0/84843] Loss: 0.466233
Epoch 370 [35000/84843] Loss: 0.343571
Epoch 370 [70000/84843] Loss: 0.341429
Epoch 370 - Avg Loss: 0.388606 | Train Acc: 95.49%
Val: loss=0.3404, acc=10710/10975 (97.59%)
Epoch 371 [0/84843] Loss: 0.418547
Epoch 371 [35000/84843] Loss: 0.466311
Epoch 371 [70000/84843] Loss: 0.309481
Epoch 371 - Avg Loss: 0.385437 | Train Acc: 95.52%
Val: loss=0.3405, acc=10711/10975 (97.59%)
Epoch 372 [0/84843] Loss: 0.426870
Epoch 372 [35000/84843] Loss: 0.437577
Epoch 372 [70000/84843] Loss: 0.391118
Epoch 372 - Avg Loss: 0.386902 | Train Acc: 95.55%
Val: loss=0.3409, acc=10709/10975 (97.58%)
Epoch 373 [0/84843] Loss: 0.369973
Epoch 373 [35000/84843] Loss: 0.370871
Epoch 373 [70000/84843] Loss: 0.297494
Epoch 373 - Avg Loss: 0.384195 | Train Acc: 95.61%
Val: loss=0.3419, acc=10704/10975 (97.53%)
Epoch 374 [0/84843] Loss: 0.413658
Epoch 374 [35000/84843] Loss: 0.326800
Epoch 374 [70000/84843] Loss: 0.355185
Epoch 374 - Avg Loss: 0.386860 | Train Acc: 95.49%
Val: loss=0.3418, acc=10704/10975 (97.53%)
Epoch 375 [0/84843] Loss: 0.392422
Epoch 375 [35000/84843] Loss: 0.397106
Epoch 375 [70000/84843] Loss: 0.362486
Epoch 375 - Avg Loss: 0.387040 | Train Acc: 95.44%
Val: loss=0.3415, acc=10706/10975 (97.55%)
Epoch 376 [0/84843] Loss: 0.359017
Epoch 376 [35000/84843] Loss: 0.337257
Epoch 376 [70000/84843] Loss: 0.336424
Epoch 376 - Avg Loss: 0.387227 | Train Acc: 95.42%
Val: loss=0.3414, acc=10711/10975 (97.59%)
Epoch 377 [0/84843] Loss: 0.348316
Epoch 377 [35000/84843] Loss: 0.324983
Epoch 377 [70000/84843] Loss: 0.389171
Epoch 377 - Avg Loss: 0.387619 | Train Acc: 95.46%
Val: loss=0.3410, acc=10706/10975 (97.55%)
Epoch 378 [0/84843] Loss: 0.367273
Epoch 378 [35000/84843] Loss: 0.325528
Epoch 378 [70000/84843] Loss: 0.447831
Epoch 378 - Avg Loss: 0.387607 | Train Acc: 95.42%
Val: loss=0.3408, acc=10705/10975 (97.54%)
Epoch 379 [0/84843] Loss: 0.477891
Epoch 379 [35000/84843] Loss: 0.341661
Epoch 379 [70000/84843] Loss: 0.323737
Epoch 379 - Avg Loss: 0.386287 | Train Acc: 95.50%
Val: loss=0.3410, acc=10704/10975 (97.53%)
Epoch 380 [0/84843] Loss: 0.369772
Epoch 380 [35000/84843] Loss: 0.353167
Epoch 380 [70000/84843] Loss: 0.460017
Epoch 380 - Avg Loss: 0.391627 | Train Acc: 95.29%
Val: loss=0.3404, acc=10706/10975 (97.55%)
Epoch 381 [0/84843] Loss: 0.358874
Epoch 381 [35000/84843] Loss: 0.451438
Epoch 381 [70000/84843] Loss: 0.405880
Epoch 381 - Avg Loss: 0.385285 | Train Acc: 95.52%
Val: loss=0.3413, acc=10706/10975 (97.55%)
Epoch 382 [0/84843] Loss: 0.283534
Epoch 382 [35000/84843] Loss: 0.390402
Epoch 382 [70000/84843] Loss: 0.458861
Epoch 382 - Avg Loss: 0.387402 | Train Acc: 95.41%
Val: loss=0.3406, acc=10706/10975 (97.55%)
Epoch 383 [0/84843] Loss: 0.462832
Epoch 383 [35000/84843] Loss: 0.473862
Epoch 383 [70000/84843] Loss: 0.414180
Epoch 383 - Avg Loss: 0.387490 | Train Acc: 95.38%
Val: loss=0.3406, acc=10708/10975 (97.57%)
Epoch 384 [0/84843] Loss: 0.348818
Epoch 384 [35000/84843] Loss: 0.317972
Epoch 384 [70000/84843] Loss: 0.436051
Epoch 384 - Avg Loss: 0.387483 | Train Acc: 95.47%
Val: loss=0.3401, acc=10713/10975 (97.61%)
Epoch 385 [0/84843] Loss: 0.340900
Epoch 385 [35000/84843] Loss: 0.614426
Epoch 385 [70000/84843] Loss: 0.347852
Epoch 385 - Avg Loss: 0.387392 | Train Acc: 95.42%
Val: loss=0.3410, acc=10706/10975 (97.55%)
Epoch 386 [0/84843] Loss: 0.401128
Epoch 386 [35000/84843] Loss: 0.342525
Epoch 386 [70000/84843] Loss: 0.431052
Epoch 386 - Avg Loss: 0.386542 | Train Acc: 95.47%
Val: loss=0.3401, acc=10712/10975 (97.60%)
Epoch 387 [0/84843] Loss: 0.328638
Epoch 387 [35000/84843] Loss: 0.420840
Epoch 387 [70000/84843] Loss: 0.606872
Epoch 387 - Avg Loss: 0.390829 | Train Acc: 95.28%
Val: loss=0.3400, acc=10714/10975 (97.62%)
Epoch 388 [0/84843] Loss: 0.381830
Epoch 388 [35000/84843] Loss: 0.418369
Epoch 388 [70000/84843] Loss: 0.366309
Epoch 388 - Avg Loss: 0.384773 | Train Acc: 95.54%
Val: loss=0.3402, acc=10711/10975 (97.59%)
Epoch 389 [0/84843] Loss: 0.436730
Epoch 389 [35000/84843] Loss: 0.374341
Epoch 389 [70000/84843] Loss: 0.383388
Epoch 389 - Avg Loss: 0.389367 | Train Acc: 95.35%
Val: loss=0.3400, acc=10710/10975 (97.59%)
Epoch 390 [0/84843] Loss: 0.400665
Epoch 390 [35000/84843] Loss: 0.421735
Epoch 390 [70000/84843] Loss: 0.445792
Epoch 390 - Avg Loss: 0.387013 | Train Acc: 95.49%
Val: loss=0.3406, acc=10709/10975 (97.58%)
Epoch 391 [0/84843] Loss: 0.341046
Epoch 391 [35000/84843] Loss: 0.408241
Epoch 391 [70000/84843] Loss: 0.321896
Epoch 391 - Avg Loss: 0.384774 | Train Acc: 95.53%
Val: loss=0.3409, acc=10705/10975 (97.54%)
Epoch 392 [0/84843] Loss: 0.350159
Epoch 392 [35000/84843] Loss: 0.353259
Epoch 392 [70000/84843] Loss: 0.372965
Epoch 392 - Avg Loss: 0.386861 | Train Acc: 95.47%
Val: loss=0.3406, acc=10706/10975 (97.55%)
Epoch 393 [0/84843] Loss: 0.292133
Epoch 393 [35000/84843] Loss: 0.408905
Epoch 393 [70000/84843] Loss: 0.363456
Epoch 393 - Avg Loss: 0.387033 | Train Acc: 95.45%
Val: loss=0.3402, acc=10710/10975 (97.59%)
Epoch 394 [0/84843] Loss: 0.412507
Epoch 394 [35000/84843] Loss: 0.290238
Epoch 394 [70000/84843] Loss: 0.449646
Epoch 394 - Avg Loss: 0.386023 | Train Acc: 95.48%
Val: loss=0.3398, acc=10711/10975 (97.59%)
Epoch 395 [0/84843] Loss: 0.492524
Epoch 395 [35000/84843] Loss: 0.429721
Epoch 395 [70000/84843] Loss: 0.475249
Epoch 395 - Avg Loss: 0.382839 | Train Acc: 95.65%
Val: loss=0.3402, acc=10711/10975 (97.59%)
Epoch 396 [0/84843] Loss: 0.418538
Epoch 396 [35000/84843] Loss: 0.374029
Epoch 396 [70000/84843] Loss: 0.326072
Epoch 396 - Avg Loss: 0.388208 | Train Acc: 95.39%
Val: loss=0.3400, acc=10712/10975 (97.60%)
Epoch 397 [0/84843] Loss: 0.350284
Epoch 397 [35000/84843] Loss: 0.457436
Epoch 397 [70000/84843] Loss: 0.422979
Epoch 397 - Avg Loss: 0.386895 | Train Acc: 95.46%
Val: loss=0.3403, acc=10710/10975 (97.59%)
Epoch 398 [0/84843] Loss: 0.467487
Epoch 398 [35000/84843] Loss: 0.332579
Epoch 398 [70000/84843] Loss: 0.445474
Epoch 398 - Avg Loss: 0.386252 | Train Acc: 95.50%
Val: loss=0.3404, acc=10710/10975 (97.59%)
Epoch 399 [0/84843] Loss: 0.322058
Epoch 399 [35000/84843] Loss: 0.379470
Epoch 399 [70000/84843] Loss: 0.401508
Epoch 399 - Avg Loss: 0.385568 | Train Acc: 95.52%
Val: loss=0.3414, acc=10706/10975 (97.55%)
Epoch 400 [0/84843] Loss: 0.447366
Epoch 400 [35000/84843] Loss: 0.406827
Epoch 400 [70000/84843] Loss: 0.306110
Epoch 400 - Avg Loss: 0.386530 | Train Acc: 95.52%
Val: loss=0.3408, acc=10709/10975 (97.58%)
Test: loss=0.3497, acc=11770/12101 (97.26%)
Saved plot to /scratch/work/lainem31/PTQ_project/keyword_spotting/plots/17536674/train_val_24_mels_delta_17536674_0.png
