Running feature config: 24_mels_delta (task 4)
SpecAugment freq_mask=16 time_mask=25
Device: cuda
Feature config: 24_mels_delta -> {'n_mels': 24, 'use_delta': True, 'use_delta_delta': False}
SpecAugment: True freq_mask=16 time_mask=25
GPU Name: Tesla V100-PCIE-32GB
GPU Memory: 34.07 GB
Total model parameters: 47,628
Epoch 1 [0/84843] Loss: 2.501240
Epoch 1 [35000/84843] Loss: 1.789982
Epoch 1 [70000/84843] Loss: 1.643729
Epoch 1 - Avg Loss: 1.752116 | Train Acc: 54.92%
Val: loss=1.6322, acc=6271/10975 (57.14%)
saved best: 57.14%
Epoch 2 [0/84843] Loss: 1.658705
Epoch 2 [35000/84843] Loss: 1.262582
Epoch 2 [70000/84843] Loss: 1.591142
Epoch 2 - Avg Loss: 1.578209 | Train Acc: 58.24%
Val: loss=1.5368, acc=6464/10975 (58.90%)
saved best: 58.90%
Epoch 3 [0/84843] Loss: 1.469489
Epoch 3 [35000/84843] Loss: 1.320008
Epoch 3 [70000/84843] Loss: 1.498356
Epoch 3 - Avg Loss: 1.430588 | Train Acc: 64.43%
Val: loss=1.5007, acc=6904/10975 (62.91%)
saved best: 62.91%
Epoch 4 [0/84843] Loss: 1.279217
Epoch 4 [35000/84843] Loss: 1.155345
Epoch 4 [70000/84843] Loss: 1.227034
Epoch 4 - Avg Loss: 1.395600 | Train Acc: 65.56%
Val: loss=1.4807, acc=6988/10975 (63.67%)
saved best: 63.67%
Epoch 5 [0/84843] Loss: 1.452182
Epoch 5 [35000/84843] Loss: 1.568040
Epoch 5 [70000/84843] Loss: 1.581334
Epoch 5 - Avg Loss: 1.387854 | Train Acc: 65.74%
Val: loss=1.4608, acc=7009/10975 (63.86%)
saved best: 63.86%
Epoch 6 [0/84843] Loss: 1.301671
Epoch 6 [35000/84843] Loss: 1.470278
Epoch 6 [70000/84843] Loss: 1.404164
Epoch 6 - Avg Loss: 1.376711 | Train Acc: 65.91%
Val: loss=1.4407, acc=7019/10975 (63.95%)
saved best: 63.95%
Epoch 7 [0/84843] Loss: 1.457296
Epoch 7 [35000/84843] Loss: 1.138083
Epoch 7 [70000/84843] Loss: 1.235438
Epoch 7 - Avg Loss: 1.354256 | Train Acc: 66.06%
Val: loss=1.4020, acc=7018/10975 (63.95%)
Epoch 8 [0/84843] Loss: 1.008283
Epoch 8 [35000/84843] Loss: 1.252279
Epoch 8 [70000/84843] Loss: 1.026778
Epoch 8 - Avg Loss: 1.319999 | Train Acc: 66.34%
Val: loss=1.3455, acc=7146/10975 (65.11%)
saved best: 65.11%
Epoch 9 [0/84843] Loss: 1.037809
Epoch 9 [35000/84843] Loss: 1.210837
Epoch 9 [70000/84843] Loss: 1.077211
Epoch 9 - Avg Loss: 1.289971 | Train Acc: 67.17%
Val: loss=1.3636, acc=6891/10975 (62.79%)
Epoch 10 [0/84843] Loss: 1.470842
Epoch 10 [35000/84843] Loss: 1.121644
Epoch 10 [70000/84843] Loss: 1.075377
Epoch 10 - Avg Loss: 1.258758 | Train Acc: 67.63%
Val: loss=1.2565, acc=7258/10975 (66.13%)
saved best: 66.13%
Epoch 11 [0/84843] Loss: 1.365411
Epoch 11 [35000/84843] Loss: 1.298772
Epoch 11 [70000/84843] Loss: 0.971177
Epoch 11 - Avg Loss: 1.232579 | Train Acc: 67.91%
Val: loss=1.2550, acc=7147/10975 (65.12%)
Epoch 12 [0/84843] Loss: 1.064962
Epoch 12 [35000/84843] Loss: 1.225211
Epoch 12 [70000/84843] Loss: 1.235719
Epoch 12 - Avg Loss: 1.198545 | Train Acc: 68.29%
Val: loss=1.1864, acc=7257/10975 (66.12%)
Epoch 13 [0/84843] Loss: 1.433483
Epoch 13 [35000/84843] Loss: 1.157488
Epoch 13 [70000/84843] Loss: 1.153056
Epoch 13 - Avg Loss: 1.164162 | Train Acc: 68.67%
Val: loss=1.1099, acc=7378/10975 (67.23%)
saved best: 67.23%
Epoch 14 [0/84843] Loss: 1.076956
Epoch 14 [35000/84843] Loss: 0.948284
Epoch 14 [70000/84843] Loss: 1.035856
Epoch 14 - Avg Loss: 1.135145 | Train Acc: 69.15%
Val: loss=1.0646, acc=7523/10975 (68.55%)
saved best: 68.55%
Epoch 15 [0/84843] Loss: 1.156618
Epoch 15 [35000/84843] Loss: 1.400642
Epoch 15 [70000/84843] Loss: 1.201611
Epoch 15 - Avg Loss: 1.100634 | Train Acc: 69.84%
Val: loss=0.9915, acc=7839/10975 (71.43%)
saved best: 71.43%
Epoch 16 [0/84843] Loss: 1.098408
Epoch 16 [35000/84843] Loss: 0.941341
Epoch 16 [70000/84843] Loss: 1.050511
Epoch 16 - Avg Loss: 1.068780 | Train Acc: 70.64%
Val: loss=0.9634, acc=8042/10975 (73.28%)
saved best: 73.28%
Epoch 17 [0/84843] Loss: 1.153979
Epoch 17 [35000/84843] Loss: 1.177587
Epoch 17 [70000/84843] Loss: 0.837254
Epoch 17 - Avg Loss: 1.030510 | Train Acc: 71.52%
Val: loss=0.9236, acc=8073/10975 (73.56%)
saved best: 73.56%
Epoch 18 [0/84843] Loss: 0.913145
Epoch 18 [35000/84843] Loss: 0.828490
Epoch 18 [70000/84843] Loss: 1.049225
Epoch 18 - Avg Loss: 0.992432 | Train Acc: 72.30%
Val: loss=0.8660, acc=8539/10975 (77.80%)
saved best: 77.80%
Epoch 19 [0/84843] Loss: 0.899430
Epoch 19 [35000/84843] Loss: 1.210874
Epoch 19 [70000/84843] Loss: 0.913316
Epoch 19 - Avg Loss: 0.944212 | Train Acc: 74.04%
Val: loss=0.7974, acc=8880/10975 (80.91%)
saved best: 80.91%
Epoch 20 [0/84843] Loss: 1.175552
Epoch 20 [35000/84843] Loss: 1.070893
Epoch 20 [70000/84843] Loss: 0.969761
Epoch 20 - Avg Loss: 0.906445 | Train Acc: 75.58%
Val: loss=0.7504, acc=9092/10975 (82.84%)
saved best: 82.84%
Epoch 21 [0/84843] Loss: 0.967993
Epoch 21 [35000/84843] Loss: 0.840851
Epoch 21 [70000/84843] Loss: 0.612217
Epoch 21 - Avg Loss: 0.877427 | Train Acc: 76.78%
Val: loss=0.7215, acc=9209/10975 (83.91%)
saved best: 83.91%
Epoch 22 [0/84843] Loss: 0.881185
Epoch 22 [35000/84843] Loss: 0.842709
Epoch 22 [70000/84843] Loss: 0.937547
Epoch 22 - Avg Loss: 0.847988 | Train Acc: 77.94%
Val: loss=0.6992, acc=9241/10975 (84.20%)
saved best: 84.20%
Epoch 23 [0/84843] Loss: 0.696180
Epoch 23 [35000/84843] Loss: 0.798970
Epoch 23 [70000/84843] Loss: 1.019881
Epoch 23 - Avg Loss: 0.828519 | Train Acc: 78.50%
Val: loss=0.6760, acc=9348/10975 (85.18%)
saved best: 85.18%
Epoch 24 [0/84843] Loss: 0.783282
Epoch 24 [35000/84843] Loss: 0.843664
Epoch 24 [70000/84843] Loss: 0.734521
Epoch 24 - Avg Loss: 0.806889 | Train Acc: 79.34%
Val: loss=0.6451, acc=9502/10975 (86.58%)
saved best: 86.58%
Epoch 25 [0/84843] Loss: 0.766964
Epoch 25 [35000/84843] Loss: 0.703243
Epoch 25 [70000/84843] Loss: 0.886404
Epoch 25 - Avg Loss: 0.790565 | Train Acc: 79.97%
Val: loss=0.5941, acc=9720/10975 (88.56%)
saved best: 88.56%
Epoch 26 [0/84843] Loss: 0.780545
Epoch 26 [35000/84843] Loss: 0.821664
Epoch 26 [70000/84843] Loss: 0.834398
Epoch 26 - Avg Loss: 0.769773 | Train Acc: 80.77%
Val: loss=0.5821, acc=9742/10975 (88.77%)
saved best: 88.77%
Epoch 27 [0/84843] Loss: 0.557930
Epoch 27 [35000/84843] Loss: 0.595447
Epoch 27 [70000/84843] Loss: 0.641492
Epoch 27 - Avg Loss: 0.756622 | Train Acc: 81.22%
Val: loss=0.5836, acc=9728/10975 (88.64%)
Epoch 28 [0/84843] Loss: 0.705083
Epoch 28 [35000/84843] Loss: 0.680231
Epoch 28 [70000/84843] Loss: 0.655666
Epoch 28 - Avg Loss: 0.737695 | Train Acc: 81.99%
Val: loss=0.5562, acc=9865/10975 (89.89%)
saved best: 89.89%
Epoch 29 [0/84843] Loss: 0.637551
Epoch 29 [35000/84843] Loss: 0.585463
Epoch 29 [70000/84843] Loss: 0.744481
Epoch 29 - Avg Loss: 0.722800 | Train Acc: 82.60%
Val: loss=0.5594, acc=9911/10975 (90.31%)
saved best: 90.31%
Epoch 30 [0/84843] Loss: 1.098530
Epoch 30 [35000/84843] Loss: 0.664306
Epoch 30 [70000/84843] Loss: 0.757925
Epoch 30 - Avg Loss: 0.712148 | Train Acc: 83.05%
Val: loss=0.5361, acc=9953/10975 (90.69%)
saved best: 90.69%
Epoch 31 [0/84843] Loss: 0.899677
Epoch 31 [35000/84843] Loss: 0.634520
Epoch 31 [70000/84843] Loss: 0.897681
Epoch 31 - Avg Loss: 0.702165 | Train Acc: 83.42%
Val: loss=0.5800, acc=9779/10975 (89.10%)
Epoch 32 [0/84843] Loss: 0.640098
Epoch 32 [35000/84843] Loss: 0.816317
Epoch 32 [70000/84843] Loss: 0.787320
Epoch 32 - Avg Loss: 0.694891 | Train Acc: 83.61%
Val: loss=0.5437, acc=9913/10975 (90.32%)
Epoch 33 [0/84843] Loss: 0.717743
Epoch 33 [35000/84843] Loss: 0.745854
Epoch 33 [70000/84843] Loss: 0.617401
Epoch 33 - Avg Loss: 0.681734 | Train Acc: 84.15%
Val: loss=0.5248, acc=10003/10975 (91.14%)
saved best: 91.14%
Epoch 34 [0/84843] Loss: 0.839572
Epoch 34 [35000/84843] Loss: 0.692132
Epoch 34 [70000/84843] Loss: 0.649862
Epoch 34 - Avg Loss: 0.674294 | Train Acc: 84.37%
Val: loss=0.5170, acc=10030/10975 (91.39%)
saved best: 91.39%
Epoch 35 [0/84843] Loss: 0.622465
Epoch 35 [35000/84843] Loss: 0.553834
Epoch 35 [70000/84843] Loss: 0.601967
Epoch 35 - Avg Loss: 0.666008 | Train Acc: 84.76%
Val: loss=0.4969, acc=10120/10975 (92.21%)
saved best: 92.21%
Epoch 36 [0/84843] Loss: 0.462993
Epoch 36 [35000/84843] Loss: 0.476556
Epoch 36 [70000/84843] Loss: 0.772748
Epoch 36 - Avg Loss: 0.658532 | Train Acc: 85.00%
Val: loss=0.5341, acc=9950/10975 (90.66%)
Epoch 37 [0/84843] Loss: 0.730738
Epoch 37 [35000/84843] Loss: 0.661864
Epoch 37 [70000/84843] Loss: 0.566770
Epoch 37 - Avg Loss: 0.648397 | Train Acc: 85.54%
Val: loss=0.4896, acc=10154/10975 (92.52%)
saved best: 92.52%
Epoch 38 [0/84843] Loss: 0.483663
Epoch 38 [35000/84843] Loss: 0.531873
Epoch 38 [70000/84843] Loss: 0.537390
Epoch 38 - Avg Loss: 0.643238 | Train Acc: 85.64%
Val: loss=0.4686, acc=10241/10975 (93.31%)
saved best: 93.31%
Epoch 39 [0/84843] Loss: 0.635317
Epoch 39 [35000/84843] Loss: 0.596362
Epoch 39 [70000/84843] Loss: 0.717872
Epoch 39 - Avg Loss: 0.640321 | Train Acc: 85.80%
Val: loss=0.4892, acc=10151/10975 (92.49%)
Epoch 40 [0/84843] Loss: 0.553239
Epoch 40 [35000/84843] Loss: 0.498339
Epoch 40 [70000/84843] Loss: 0.570671
Epoch 40 - Avg Loss: 0.627462 | Train Acc: 86.30%
Val: loss=0.4908, acc=10110/10975 (92.12%)
Epoch 41 [0/84843] Loss: 0.552672
Epoch 41 [35000/84843] Loss: 0.452651
Epoch 41 [70000/84843] Loss: 0.587297
Epoch 41 - Avg Loss: 0.621652 | Train Acc: 86.51%
Val: loss=0.4571, acc=10272/10975 (93.59%)
saved best: 93.59%
Epoch 42 [0/84843] Loss: 0.634333
Epoch 42 [35000/84843] Loss: 0.602878
Epoch 42 [70000/84843] Loss: 0.695952
Epoch 42 - Avg Loss: 0.619610 | Train Acc: 86.50%
Val: loss=0.4595, acc=10258/10975 (93.47%)
Epoch 43 [0/84843] Loss: 0.668102
Epoch 43 [35000/84843] Loss: 0.510407
Epoch 43 [70000/84843] Loss: 0.753102
Epoch 43 - Avg Loss: 0.612413 | Train Acc: 86.84%
Val: loss=0.4392, acc=10328/10975 (94.10%)
saved best: 94.10%
Epoch 44 [0/84843] Loss: 0.554236
Epoch 44 [35000/84843] Loss: 0.537506
Epoch 44 [70000/84843] Loss: 0.600965
Epoch 44 - Avg Loss: 0.605575 | Train Acc: 87.13%
Val: loss=0.4469, acc=10306/10975 (93.90%)
Epoch 45 [0/84843] Loss: 0.498318
Epoch 45 [35000/84843] Loss: 0.621058
Epoch 45 [70000/84843] Loss: 0.613714
Epoch 45 - Avg Loss: 0.592517 | Train Acc: 87.58%
Val: loss=0.4607, acc=10238/10975 (93.28%)
Epoch 46 [0/84843] Loss: 0.467645
Epoch 46 [35000/84843] Loss: 0.594445
Epoch 46 [70000/84843] Loss: 0.572165
Epoch 46 - Avg Loss: 0.602473 | Train Acc: 87.15%
Val: loss=0.4653, acc=10225/10975 (93.17%)
Epoch 47 [0/84843] Loss: 0.815301
Epoch 47 [35000/84843] Loss: 0.797016
Epoch 47 [70000/84843] Loss: 0.615100
Epoch 47 - Avg Loss: 0.594881 | Train Acc: 87.51%
Val: loss=0.4333, acc=10333/10975 (94.15%)
saved best: 94.15%
Epoch 48 [0/84843] Loss: 0.604329
Epoch 48 [35000/84843] Loss: 0.626324
Epoch 48 [70000/84843] Loss: 0.398291
Epoch 48 - Avg Loss: 0.581540 | Train Acc: 88.00%
Val: loss=0.4503, acc=10280/10975 (93.67%)
Epoch 49 [0/84843] Loss: 0.605414
Epoch 49 [35000/84843] Loss: 0.361835
Epoch 49 [70000/84843] Loss: 0.679002
Epoch 49 - Avg Loss: 0.581837 | Train Acc: 87.93%
Val: loss=0.4466, acc=10313/10975 (93.97%)
Epoch 50 [0/84843] Loss: 0.795741
Epoch 50 [35000/84843] Loss: 0.528390
Epoch 50 [70000/84843] Loss: 0.417782
Epoch 50 - Avg Loss: 0.579311 | Train Acc: 88.08%
Val: loss=0.4469, acc=10307/10975 (93.91%)
Epoch 51 [0/84843] Loss: 0.617575
Epoch 51 [35000/84843] Loss: 0.585382
Epoch 51 [70000/84843] Loss: 0.538088
Epoch 51 - Avg Loss: 0.580305 | Train Acc: 88.01%
Val: loss=0.4653, acc=10215/10975 (93.08%)
Epoch 52 [0/84843] Loss: 0.643011
Epoch 52 [35000/84843] Loss: 0.592849
Epoch 52 [70000/84843] Loss: 0.631726
Epoch 52 - Avg Loss: 0.573660 | Train Acc: 88.36%
Val: loss=0.4395, acc=10318/10975 (94.01%)
Epoch 53 [0/84843] Loss: 0.426468
Epoch 53 [35000/84843] Loss: 0.444334
Epoch 53 [70000/84843] Loss: 0.917765
Epoch 53 - Avg Loss: 0.571421 | Train Acc: 88.45%
Val: loss=0.4555, acc=10260/10975 (93.49%)
Epoch 54 [0/84843] Loss: 0.664632
Epoch 54 [35000/84843] Loss: 0.417146
Epoch 54 [70000/84843] Loss: 0.718868
Epoch 54 - Avg Loss: 0.565724 | Train Acc: 88.70%
Val: loss=0.4457, acc=10305/10975 (93.90%)
Epoch 55 [0/84843] Loss: 0.583619
Epoch 55 [35000/84843] Loss: 0.593636
Epoch 55 [70000/84843] Loss: 0.922619
Epoch 55 - Avg Loss: 0.567032 | Train Acc: 88.55%
Val: loss=0.4195, acc=10428/10975 (95.02%)
saved best: 95.02%
Epoch 56 [0/84843] Loss: 0.411480
Epoch 56 [35000/84843] Loss: 0.450162
Epoch 56 [70000/84843] Loss: 0.410583
Epoch 56 - Avg Loss: 0.560394 | Train Acc: 88.78%
Val: loss=0.4158, acc=10422/10975 (94.96%)
Epoch 57 [0/84843] Loss: 0.461726
Epoch 57 [35000/84843] Loss: 0.538163
Epoch 57 [70000/84843] Loss: 0.520665
Epoch 57 - Avg Loss: 0.559235 | Train Acc: 88.81%
Val: loss=0.4317, acc=10365/10975 (94.44%)
Epoch 58 [0/84843] Loss: 0.715684
Epoch 58 [35000/84843] Loss: 0.553797
Epoch 58 [70000/84843] Loss: 0.659203
Epoch 58 - Avg Loss: 0.559621 | Train Acc: 88.80%
Val: loss=0.4268, acc=10354/10975 (94.34%)
Epoch 59 [0/84843] Loss: 0.838952
Epoch 59 [35000/84843] Loss: 0.526987
Epoch 59 [70000/84843] Loss: 0.413008
Epoch 59 - Avg Loss: 0.555498 | Train Acc: 88.96%
Val: loss=0.4429, acc=10312/10975 (93.96%)
Epoch 60 [0/84843] Loss: 0.429926
Epoch 60 [35000/84843] Loss: 0.531149
Epoch 60 [70000/84843] Loss: 0.512284
Epoch 60 - Avg Loss: 0.554459 | Train Acc: 88.93%
Val: loss=0.4263, acc=10395/10975 (94.72%)
Epoch 61 [0/84843] Loss: 0.405112
Epoch 61 [35000/84843] Loss: 0.634053
Epoch 61 [70000/84843] Loss: 0.563303
Epoch 61 - Avg Loss: 0.545998 | Train Acc: 89.32%
Val: loss=0.4176, acc=10424/10975 (94.98%)
Epoch 62 [0/84843] Loss: 0.603930
Epoch 62 [35000/84843] Loss: 0.626558
Epoch 62 [70000/84843] Loss: 0.482919
Epoch 62 - Avg Loss: 0.551017 | Train Acc: 89.08%
Val: loss=0.4048, acc=10474/10975 (95.44%)
saved best: 95.44%
Epoch 63 [0/84843] Loss: 0.388050
Epoch 63 [35000/84843] Loss: 0.545257
Epoch 63 [70000/84843] Loss: 0.492411
Epoch 63 - Avg Loss: 0.545640 | Train Acc: 89.32%
Val: loss=0.4173, acc=10412/10975 (94.87%)
Epoch 64 [0/84843] Loss: 0.452426
Epoch 64 [35000/84843] Loss: 0.642384
Epoch 64 [70000/84843] Loss: 0.630592
Epoch 64 - Avg Loss: 0.545994 | Train Acc: 89.25%
Val: loss=0.4084, acc=10454/10975 (95.25%)
Epoch 65 [0/84843] Loss: 0.508563
Epoch 65 [35000/84843] Loss: 0.422071
Epoch 65 [70000/84843] Loss: 0.414168
Epoch 65 - Avg Loss: 0.542512 | Train Acc: 89.46%
Val: loss=0.4258, acc=10378/10975 (94.56%)
Epoch 66 [0/84843] Loss: 0.464900
Epoch 66 [35000/84843] Loss: 0.480267
Epoch 66 [70000/84843] Loss: 0.477310
Epoch 66 - Avg Loss: 0.537887 | Train Acc: 89.67%
Val: loss=0.4226, acc=10385/10975 (94.62%)
Epoch 67 [0/84843] Loss: 0.464683
Epoch 67 [35000/84843] Loss: 0.569081
Epoch 67 [70000/84843] Loss: 0.470825
Epoch 67 - Avg Loss: 0.534235 | Train Acc: 89.74%
Val: loss=0.4228, acc=10392/10975 (94.69%)
Epoch 68 [0/84843] Loss: 0.476871
Epoch 68 [35000/84843] Loss: 0.605285
Epoch 68 [70000/84843] Loss: 0.754810
Epoch 68 - Avg Loss: 0.539070 | Train Acc: 89.57%
Val: loss=0.4343, acc=10332/10975 (94.14%)
Epoch 69 [0/84843] Loss: 0.577313
Epoch 69 [35000/84843] Loss: 0.536717
Epoch 69 [70000/84843] Loss: 0.447992
Epoch 69 - Avg Loss: 0.537079 | Train Acc: 89.69%
Val: loss=0.4013, acc=10470/10975 (95.40%)
Epoch 70 [0/84843] Loss: 0.723231
Epoch 70 [35000/84843] Loss: 0.437984
Epoch 70 [70000/84843] Loss: 0.428156
Epoch 70 - Avg Loss: 0.532948 | Train Acc: 89.84%
Val: loss=0.4101, acc=10420/10975 (94.94%)
Epoch 71 [0/84843] Loss: 0.418561
Epoch 71 [35000/84843] Loss: 0.709475
Epoch 71 [70000/84843] Loss: 0.444901
Epoch 71 - Avg Loss: 0.531776 | Train Acc: 89.92%
Val: loss=0.3927, acc=10512/10975 (95.78%)
saved best: 95.78%
Epoch 72 [0/84843] Loss: 0.560217
Epoch 72 [35000/84843] Loss: 0.570679
Epoch 72 [70000/84843] Loss: 0.465642
Epoch 72 - Avg Loss: 0.526093 | Train Acc: 90.14%
Val: loss=0.4067, acc=10454/10975 (95.25%)
Epoch 73 [0/84843] Loss: 0.469806
Epoch 73 [35000/84843] Loss: 0.658591
Epoch 73 [70000/84843] Loss: 0.461441
Epoch 73 - Avg Loss: 0.527079 | Train Acc: 89.96%
Val: loss=0.4053, acc=10464/10975 (95.34%)
Epoch 74 [0/84843] Loss: 0.627177
Epoch 74 [35000/84843] Loss: 0.578520
Epoch 74 [70000/84843] Loss: 0.461059
Epoch 74 - Avg Loss: 0.529273 | Train Acc: 90.07%
Val: loss=0.3858, acc=10526/10975 (95.91%)
saved best: 95.91%
Epoch 75 [0/84843] Loss: 0.783654
Epoch 75 [35000/84843] Loss: 0.438558
Epoch 75 [70000/84843] Loss: 0.403888
Epoch 75 - Avg Loss: 0.527298 | Train Acc: 90.00%
Val: loss=0.4055, acc=10449/10975 (95.21%)
Epoch 76 [0/84843] Loss: 0.490936
Epoch 76 [35000/84843] Loss: 0.643997
Epoch 76 [70000/84843] Loss: 0.331688
Epoch 76 - Avg Loss: 0.525787 | Train Acc: 90.14%
Val: loss=0.3878, acc=10522/10975 (95.87%)
Epoch 77 [0/84843] Loss: 0.361190
Epoch 77 [35000/84843] Loss: 0.729604
Epoch 77 [70000/84843] Loss: 0.514700
Epoch 77 - Avg Loss: 0.522287 | Train Acc: 90.22%
Val: loss=0.3975, acc=10504/10975 (95.71%)
Epoch 78 [0/84843] Loss: 0.392082
Epoch 78 [35000/84843] Loss: 0.432557
Epoch 78 [70000/84843] Loss: 0.673497
Epoch 78 - Avg Loss: 0.527867 | Train Acc: 90.08%
Val: loss=0.3991, acc=10485/10975 (95.54%)
Epoch 79 [0/84843] Loss: 0.481339
Epoch 79 [35000/84843] Loss: 0.400823
Epoch 79 [70000/84843] Loss: 0.460391
Epoch 79 - Avg Loss: 0.524608 | Train Acc: 90.20%
Val: loss=0.4074, acc=10449/10975 (95.21%)
Epoch 80 [0/84843] Loss: 0.602318
Epoch 80 [35000/84843] Loss: 0.586857
Epoch 80 [70000/84843] Loss: 0.505800
Epoch 80 - Avg Loss: 0.521589 | Train Acc: 90.32%
Val: loss=0.4096, acc=10444/10975 (95.16%)
Epoch 81 [0/84843] Loss: 0.620912
Epoch 81 [35000/84843] Loss: 0.653252
Epoch 81 [70000/84843] Loss: 0.475964
Epoch 81 - Avg Loss: 0.518659 | Train Acc: 90.41%
Val: loss=0.3935, acc=10494/10975 (95.62%)
Epoch 82 [0/84843] Loss: 0.668287
Epoch 82 [35000/84843] Loss: 0.461711
Epoch 82 [70000/84843] Loss: 0.578031
Epoch 82 - Avg Loss: 0.521699 | Train Acc: 90.23%
Val: loss=0.4177, acc=10399/10975 (94.75%)
Epoch 83 [0/84843] Loss: 0.718703
Epoch 83 [35000/84843] Loss: 0.468292
Epoch 83 [70000/84843] Loss: 0.511643
Epoch 83 - Avg Loss: 0.514394 | Train Acc: 90.52%
Val: loss=0.4035, acc=10471/10975 (95.41%)
Epoch 84 [0/84843] Loss: 0.401224
Epoch 84 [35000/84843] Loss: 0.502025
Epoch 84 [70000/84843] Loss: 0.593607
Epoch 84 - Avg Loss: 0.523315 | Train Acc: 90.20%
Val: loss=0.4036, acc=10479/10975 (95.48%)
Epoch 85 [0/84843] Loss: 0.463854
Epoch 85 [35000/84843] Loss: 0.481038
Epoch 85 [70000/84843] Loss: 0.447881
Epoch 85 - Avg Loss: 0.520513 | Train Acc: 90.32%
Val: loss=0.4139, acc=10436/10975 (95.09%)
Epoch 86 [0/84843] Loss: 0.617160
Epoch 86 [35000/84843] Loss: 0.644422
Epoch 86 [70000/84843] Loss: 0.437426
Epoch 86 - Avg Loss: 0.521010 | Train Acc: 90.30%
Val: loss=0.3918, acc=10501/10975 (95.68%)
Epoch 87 [0/84843] Loss: 0.660893
Epoch 87 [35000/84843] Loss: 0.489877
Epoch 87 [70000/84843] Loss: 0.951071
Epoch 87 - Avg Loss: 0.518303 | Train Acc: 90.36%
Val: loss=0.4111, acc=10417/10975 (94.92%)
Epoch 88 [0/84843] Loss: 0.742460
Epoch 88 [35000/84843] Loss: 0.591619
Epoch 88 [70000/84843] Loss: 0.501253
Epoch 88 - Avg Loss: 0.515863 | Train Acc: 90.43%
Val: loss=0.4038, acc=10448/10975 (95.20%)
Epoch 89 [0/84843] Loss: 0.504877
Epoch 89 [35000/84843] Loss: 0.518351
Epoch 89 [70000/84843] Loss: 0.378511
Epoch 89 - Avg Loss: 0.517944 | Train Acc: 90.32%
Val: loss=0.3957, acc=10472/10975 (95.42%)
Epoch 90 [0/84843] Loss: 0.440432
Epoch 90 [35000/84843] Loss: 0.619607
Epoch 90 [70000/84843] Loss: 0.465591
Epoch 90 - Avg Loss: 0.518433 | Train Acc: 90.35%
Val: loss=0.3892, acc=10505/10975 (95.72%)
Epoch 91 [0/84843] Loss: 0.432806
Epoch 91 [35000/84843] Loss: 0.640814
Epoch 91 [70000/84843] Loss: 0.507698
Epoch 91 - Avg Loss: 0.514536 | Train Acc: 90.52%
Val: loss=0.3932, acc=10506/10975 (95.73%)
Epoch 92 [0/84843] Loss: 0.652474
Epoch 92 [35000/84843] Loss: 0.516997
Epoch 92 [70000/84843] Loss: 0.493269
Epoch 92 - Avg Loss: 0.515346 | Train Acc: 90.41%
Val: loss=0.4013, acc=10472/10975 (95.42%)
Epoch 93 [0/84843] Loss: 0.695957
Epoch 93 [35000/84843] Loss: 0.559567
Epoch 93 [70000/84843] Loss: 0.552279
Epoch 93 - Avg Loss: 0.513857 | Train Acc: 90.48%
Val: loss=0.3939, acc=10498/10975 (95.65%)
Epoch 94 [0/84843] Loss: 0.532676
Epoch 94 [35000/84843] Loss: 0.554097
Epoch 94 [70000/84843] Loss: 0.559985
Epoch 94 - Avg Loss: 0.514751 | Train Acc: 90.60%
Val: loss=0.4295, acc=10358/10975 (94.38%)
Epoch 95 [0/84843] Loss: 0.564057
Epoch 95 [35000/84843] Loss: 0.470988
Epoch 95 [70000/84843] Loss: 0.490771
Epoch 95 - Avg Loss: 0.510475 | Train Acc: 90.64%
Val: loss=0.3905, acc=10534/10975 (95.98%)
saved best: 95.98%
Epoch 96 [0/84843] Loss: 0.458540
Epoch 96 [35000/84843] Loss: 0.504061
Epoch 96 [70000/84843] Loss: 0.501861
Epoch 96 - Avg Loss: 0.505989 | Train Acc: 90.84%
Val: loss=0.3966, acc=10482/10975 (95.51%)
Epoch 97 [0/84843] Loss: 0.923193
Epoch 97 [35000/84843] Loss: 0.532564
Epoch 97 [70000/84843] Loss: 0.492968
Epoch 97 - Avg Loss: 0.512428 | Train Acc: 90.49%
Val: loss=0.3889, acc=10516/10975 (95.82%)
Epoch 98 [0/84843] Loss: 0.345969
Epoch 98 [35000/84843] Loss: 0.607124
Epoch 98 [70000/84843] Loss: 0.807750
Epoch 98 - Avg Loss: 0.513525 | Train Acc: 90.53%
Val: loss=0.4085, acc=10419/10975 (94.93%)
Epoch 99 [0/84843] Loss: 0.501618
Epoch 99 [35000/84843] Loss: 0.522243
Epoch 99 [70000/84843] Loss: 0.433074
Epoch 99 - Avg Loss: 0.507555 | Train Acc: 90.72%
Val: loss=0.4404, acc=10303/10975 (93.88%)
Epoch 100 [0/84843] Loss: 0.430294
Epoch 100 [35000/84843] Loss: 0.428143
Epoch 100 [70000/84843] Loss: 0.566427
Epoch 100 - Avg Loss: 0.512273 | Train Acc: 90.63%
Val: loss=0.3979, acc=10475/10975 (95.44%)
Epoch 101 [0/84843] Loss: 0.809217
Epoch 101 [35000/84843] Loss: 0.605598
Epoch 101 [70000/84843] Loss: 0.424206
Epoch 101 - Avg Loss: 0.508779 | Train Acc: 90.71%
Val: loss=0.3813, acc=10546/10975 (96.09%)
saved best: 96.09%
Epoch 102 [0/84843] Loss: 0.533401
Epoch 102 [35000/84843] Loss: 0.572319
Epoch 102 [70000/84843] Loss: 0.431966
Epoch 102 - Avg Loss: 0.508770 | Train Acc: 90.70%
Val: loss=0.3821, acc=10548/10975 (96.11%)
saved best: 96.11%
Epoch 103 [0/84843] Loss: 0.401554
Epoch 103 [35000/84843] Loss: 0.622803
Epoch 103 [70000/84843] Loss: 0.494293
Epoch 103 - Avg Loss: 0.507673 | Train Acc: 90.74%
Val: loss=0.3901, acc=10499/10975 (95.66%)
Epoch 104 [0/84843] Loss: 0.433015
Epoch 104 [35000/84843] Loss: 0.477315
Epoch 104 [70000/84843] Loss: 0.559903
Epoch 104 - Avg Loss: 0.512113 | Train Acc: 90.53%
Val: loss=0.4322, acc=10356/10975 (94.36%)
Epoch 105 [0/84843] Loss: 0.445267
Epoch 105 [35000/84843] Loss: 0.436493
Epoch 105 [70000/84843] Loss: 0.527983
Epoch 105 - Avg Loss: 0.508805 | Train Acc: 90.71%
Val: loss=0.3893, acc=10509/10975 (95.75%)
Epoch 106 [0/84843] Loss: 0.396323
Epoch 106 [35000/84843] Loss: 0.664261
Epoch 106 [70000/84843] Loss: 0.554716
Epoch 106 - Avg Loss: 0.505940 | Train Acc: 90.87%
Val: loss=0.3943, acc=10495/10975 (95.63%)
Epoch 107 [0/84843] Loss: 0.416323
Epoch 107 [35000/84843] Loss: 0.441911
Epoch 107 [70000/84843] Loss: 0.487952
Epoch 107 - Avg Loss: 0.505893 | Train Acc: 90.89%
Val: loss=0.3860, acc=10533/10975 (95.97%)
Epoch 108 [0/84843] Loss: 0.762916
Epoch 108 [35000/84843] Loss: 0.679303
Epoch 108 [70000/84843] Loss: 0.505512
Epoch 108 - Avg Loss: 0.509271 | Train Acc: 90.75%
Val: loss=0.4007, acc=10462/10975 (95.33%)
Epoch 109 [0/84843] Loss: 0.463060
Epoch 109 [35000/84843] Loss: 0.566808
Epoch 109 [70000/84843] Loss: 0.541438
Epoch 109 - Avg Loss: 0.500173 | Train Acc: 91.06%
Val: loss=0.3918, acc=10505/10975 (95.72%)
Epoch 110 [0/84843] Loss: 0.456542
Epoch 110 [35000/84843] Loss: 0.463045
Epoch 110 [70000/84843] Loss: 0.670630
Epoch 110 - Avg Loss: 0.499984 | Train Acc: 91.08%
Val: loss=0.3866, acc=10521/10975 (95.86%)
Epoch 111 [0/84843] Loss: 0.551795
Epoch 111 [35000/84843] Loss: 0.380518
Epoch 111 [70000/84843] Loss: 0.813018
Epoch 111 - Avg Loss: 0.502184 | Train Acc: 91.06%
Val: loss=0.3797, acc=10558/10975 (96.20%)
saved best: 96.20%
Epoch 112 [0/84843] Loss: 0.397266
Epoch 112 [35000/84843] Loss: 0.601585
Epoch 112 [70000/84843] Loss: 0.364260
Epoch 112 - Avg Loss: 0.501907 | Train Acc: 90.96%
Val: loss=0.3905, acc=10504/10975 (95.71%)
Epoch 113 [0/84843] Loss: 0.482223
Epoch 113 [35000/84843] Loss: 0.354437
Epoch 113 [70000/84843] Loss: 0.414254
Epoch 113 - Avg Loss: 0.503052 | Train Acc: 90.97%
Val: loss=0.3911, acc=10507/10975 (95.74%)
Epoch 114 [0/84843] Loss: 0.445212
Epoch 114 [35000/84843] Loss: 0.366781
Epoch 114 [70000/84843] Loss: 0.664344
Epoch 114 - Avg Loss: 0.507054 | Train Acc: 90.73%
Val: loss=0.3852, acc=10537/10975 (96.01%)
Epoch 115 [0/84843] Loss: 0.467639
Epoch 115 [35000/84843] Loss: 0.503396
Epoch 115 [70000/84843] Loss: 0.497644
Epoch 115 - Avg Loss: 0.499776 | Train Acc: 91.12%
Val: loss=0.3891, acc=10517/10975 (95.83%)
Epoch 116 [0/84843] Loss: 0.451898
Epoch 116 [35000/84843] Loss: 0.470192
Epoch 116 [70000/84843] Loss: 0.527467
Epoch 116 - Avg Loss: 0.502105 | Train Acc: 90.90%
Val: loss=0.3992, acc=10451/10975 (95.23%)
Epoch 117 [0/84843] Loss: 0.478819
Epoch 117 [35000/84843] Loss: 0.510673
Epoch 117 [70000/84843] Loss: 0.698050
Epoch 117 - Avg Loss: 0.506432 | Train Acc: 90.79%
Val: loss=0.3929, acc=10478/10975 (95.47%)
Epoch 118 [0/84843] Loss: 0.400878
Epoch 118 [35000/84843] Loss: 0.314236
Epoch 118 [70000/84843] Loss: 0.456625
Epoch 118 - Avg Loss: 0.501417 | Train Acc: 90.91%
Val: loss=0.4115, acc=10419/10975 (94.93%)
Epoch 119 [0/84843] Loss: 0.524726
Epoch 119 [35000/84843] Loss: 0.500908
Epoch 119 [70000/84843] Loss: 0.396684
Epoch 119 - Avg Loss: 0.498700 | Train Acc: 91.13%
Val: loss=0.4009, acc=10454/10975 (95.25%)
Epoch 120 [0/84843] Loss: 0.524099
Epoch 120 [35000/84843] Loss: 0.482525
Epoch 120 [70000/84843] Loss: 0.588675
Epoch 120 - Avg Loss: 0.498779 | Train Acc: 91.04%
Val: loss=0.3909, acc=10510/10975 (95.76%)
Epoch 121 [0/84843] Loss: 0.482742
Epoch 121 [35000/84843] Loss: 0.482762
Epoch 121 [70000/84843] Loss: 0.460704
Epoch 121 - Avg Loss: 0.497612 | Train Acc: 91.11%
Val: loss=0.3911, acc=10518/10975 (95.84%)
Epoch 122 [0/84843] Loss: 0.388077
Epoch 122 [35000/84843] Loss: 0.679512
Epoch 122 [70000/84843] Loss: 0.529077
Epoch 122 - Avg Loss: 0.500476 | Train Acc: 91.05%
Val: loss=0.4003, acc=10474/10975 (95.44%)
Epoch 123 [0/84843] Loss: 0.548333
Epoch 123 [35000/84843] Loss: 0.607054
Epoch 123 [70000/84843] Loss: 0.577988
Epoch 123 - Avg Loss: 0.497522 | Train Acc: 91.12%
Val: loss=0.3937, acc=10482/10975 (95.51%)
Epoch 124 [0/84843] Loss: 0.362062
Epoch 124 [35000/84843] Loss: 0.634060
Epoch 124 [70000/84843] Loss: 0.377093
Epoch 124 - Avg Loss: 0.496429 | Train Acc: 91.25%
Val: loss=0.3881, acc=10522/10975 (95.87%)
Epoch 125 [0/84843] Loss: 0.418963
Epoch 125 [35000/84843] Loss: 0.469768
Epoch 125 [70000/84843] Loss: 0.450770
Epoch 125 - Avg Loss: 0.496426 | Train Acc: 91.27%
Val: loss=0.3866, acc=10513/10975 (95.79%)
Epoch 126 [0/84843] Loss: 0.692380
Epoch 126 [35000/84843] Loss: 0.473096
Epoch 126 [70000/84843] Loss: 0.388005
Epoch 126 - Avg Loss: 0.500569 | Train Acc: 91.01%
Val: loss=0.3771, acc=10569/10975 (96.30%)
saved best: 96.30%
Epoch 127 [0/84843] Loss: 0.367786
Epoch 127 [35000/84843] Loss: 0.473821
Epoch 127 [70000/84843] Loss: 0.467474
Epoch 127 - Avg Loss: 0.493723 | Train Acc: 91.31%
Val: loss=0.3973, acc=10473/10975 (95.43%)
Epoch 128 [0/84843] Loss: 0.537559
Epoch 128 [35000/84843] Loss: 0.658891
Epoch 128 [70000/84843] Loss: 0.374122
Epoch 128 - Avg Loss: 0.489201 | Train Acc: 91.46%
Val: loss=0.3868, acc=10508/10975 (95.74%)
Epoch 129 [0/84843] Loss: 0.560726
Epoch 129 [35000/84843] Loss: 0.382086
Epoch 129 [70000/84843] Loss: 0.451517
Epoch 129 - Avg Loss: 0.497187 | Train Acc: 91.19%
Val: loss=0.3794, acc=10542/10975 (96.05%)
Epoch 130 [0/84843] Loss: 0.391984
Epoch 130 [35000/84843] Loss: 0.418648
Epoch 130 [70000/84843] Loss: 0.407288
Epoch 130 - Avg Loss: 0.492633 | Train Acc: 91.38%
Val: loss=0.3839, acc=10515/10975 (95.81%)
Epoch 131 [0/84843] Loss: 0.617559
Epoch 131 [35000/84843] Loss: 0.732415
Epoch 131 [70000/84843] Loss: 0.442498
Epoch 131 - Avg Loss: 0.492516 | Train Acc: 91.33%
Val: loss=0.3932, acc=10512/10975 (95.78%)
Epoch 132 [0/84843] Loss: 0.467120
Epoch 132 [35000/84843] Loss: 0.568819
Epoch 132 [70000/84843] Loss: 0.625561
Epoch 132 - Avg Loss: 0.490235 | Train Acc: 91.40%
Val: loss=0.3756, acc=10566/10975 (96.27%)
Epoch 133 [0/84843] Loss: 0.469635
Epoch 133 [35000/84843] Loss: 0.672117
Epoch 133 [70000/84843] Loss: 0.396512
Epoch 133 - Avg Loss: 0.488396 | Train Acc: 91.59%
Val: loss=0.3865, acc=10505/10975 (95.72%)
Epoch 134 [0/84843] Loss: 0.660388
Epoch 134 [35000/84843] Loss: 0.508055
Epoch 134 [70000/84843] Loss: 0.505659
Epoch 134 - Avg Loss: 0.490434 | Train Acc: 91.44%
Val: loss=0.3878, acc=10525/10975 (95.90%)
Epoch 135 [0/84843] Loss: 0.425300
Epoch 135 [35000/84843] Loss: 0.697017
Epoch 135 [70000/84843] Loss: 0.470496
Epoch 135 - Avg Loss: 0.496744 | Train Acc: 91.29%
Val: loss=0.3902, acc=10508/10975 (95.74%)
Epoch 136 [0/84843] Loss: 0.532097
Epoch 136 [35000/84843] Loss: 0.743184
Epoch 136 [70000/84843] Loss: 0.466336
Epoch 136 - Avg Loss: 0.492052 | Train Acc: 91.42%
Val: loss=0.3863, acc=10501/10975 (95.68%)
Epoch 137 [0/84843] Loss: 0.470302
Epoch 137 [35000/84843] Loss: 0.521345
Epoch 137 [70000/84843] Loss: 0.370326
Epoch 137 - Avg Loss: 0.493511 | Train Acc: 91.31%
Val: loss=0.3855, acc=10516/10975 (95.82%)
Epoch 138 [0/84843] Loss: 0.360918
Epoch 138 [35000/84843] Loss: 0.371183
Epoch 138 [70000/84843] Loss: 0.507525
Epoch 138 - Avg Loss: 0.490415 | Train Acc: 91.36%
Val: loss=0.3802, acc=10552/10975 (96.15%)
Epoch 139 [0/84843] Loss: 0.440699
Epoch 139 [35000/84843] Loss: 0.553420
Epoch 139 [70000/84843] Loss: 0.568488
Epoch 139 - Avg Loss: 0.486386 | Train Acc: 91.50%
Val: loss=0.3868, acc=10520/10975 (95.85%)
Epoch 140 [0/84843] Loss: 0.511609
Epoch 140 [35000/84843] Loss: 0.476696
Epoch 140 [70000/84843] Loss: 0.731787
Epoch 140 - Avg Loss: 0.486999 | Train Acc: 91.52%
Val: loss=0.3833, acc=10534/10975 (95.98%)
Epoch 141 [0/84843] Loss: 0.482786
Epoch 141 [35000/84843] Loss: 0.729450
Epoch 141 [70000/84843] Loss: 0.372533
Epoch 141 - Avg Loss: 0.488443 | Train Acc: 91.49%
Val: loss=0.3838, acc=10525/10975 (95.90%)
Epoch 142 [0/84843] Loss: 0.353025
Epoch 142 [35000/84843] Loss: 0.558872
Epoch 142 [70000/84843] Loss: 0.530529
Epoch 142 - Avg Loss: 0.492482 | Train Acc: 91.28%
Val: loss=0.3879, acc=10506/10975 (95.73%)
Epoch 143 [0/84843] Loss: 0.367550
Epoch 143 [35000/84843] Loss: 0.503419
Epoch 143 [70000/84843] Loss: 0.642564
Epoch 143 - Avg Loss: 0.491578 | Train Acc: 91.38%
Val: loss=0.3695, acc=10594/10975 (96.53%)
saved best: 96.53%
Epoch 144 [0/84843] Loss: 0.367639
Epoch 144 [35000/84843] Loss: 0.367117
Epoch 144 [70000/84843] Loss: 0.477472
Epoch 144 - Avg Loss: 0.488835 | Train Acc: 91.42%
Val: loss=0.3801, acc=10552/10975 (96.15%)
Epoch 145 [0/84843] Loss: 0.620897
Epoch 145 [35000/84843] Loss: 0.598190
Epoch 145 [70000/84843] Loss: 0.469512
Epoch 145 - Avg Loss: 0.487310 | Train Acc: 91.53%
Val: loss=0.3789, acc=10527/10975 (95.92%)
Epoch 146 [0/84843] Loss: 0.604027
Epoch 146 [35000/84843] Loss: 0.412256
Epoch 146 [70000/84843] Loss: 0.551368
Epoch 146 - Avg Loss: 0.487266 | Train Acc: 91.55%
Val: loss=0.3826, acc=10544/10975 (96.07%)
Epoch 147 [0/84843] Loss: 0.586385
Epoch 147 [35000/84843] Loss: 0.460881
Epoch 147 [70000/84843] Loss: 0.365073
Epoch 147 - Avg Loss: 0.486321 | Train Acc: 91.66%
Val: loss=0.3784, acc=10550/10975 (96.13%)
Epoch 148 [0/84843] Loss: 0.358583
Epoch 148 [35000/84843] Loss: 0.385195
Epoch 148 [70000/84843] Loss: 0.367506
Epoch 148 - Avg Loss: 0.491680 | Train Acc: 91.26%
Val: loss=0.3747, acc=10582/10975 (96.42%)
Epoch 149 [0/84843] Loss: 0.392706
Epoch 149 [35000/84843] Loss: 0.533467
Epoch 149 [70000/84843] Loss: 0.736446
Epoch 149 - Avg Loss: 0.481822 | Train Acc: 91.78%
Val: loss=0.3796, acc=10534/10975 (95.98%)
Epoch 150 [0/84843] Loss: 0.531052
Epoch 150 [35000/84843] Loss: 0.421050
Epoch 150 [70000/84843] Loss: 0.327199
Epoch 150 - Avg Loss: 0.485612 | Train Acc: 91.60%
Val: loss=0.3791, acc=10556/10975 (96.18%)
Epoch 151 [0/84843] Loss: 0.345306
Epoch 151 [35000/84843] Loss: 0.389280
Epoch 151 [70000/84843] Loss: 0.584116
Epoch 151 - Avg Loss: 0.481576 | Train Acc: 91.68%
Val: loss=0.3880, acc=10502/10975 (95.69%)
Epoch 152 [0/84843] Loss: 0.423756
Epoch 152 [35000/84843] Loss: 0.491203
Epoch 152 [70000/84843] Loss: 0.622066
Epoch 152 - Avg Loss: 0.485566 | Train Acc: 91.69%
Val: loss=0.3906, acc=10485/10975 (95.54%)
Epoch 153 [0/84843] Loss: 0.409600
Epoch 153 [35000/84843] Loss: 0.371885
Epoch 153 [70000/84843] Loss: 0.559513
Epoch 153 - Avg Loss: 0.487407 | Train Acc: 91.56%
Val: loss=0.3777, acc=10545/10975 (96.08%)
Epoch 154 [0/84843] Loss: 0.587884
Epoch 154 [35000/84843] Loss: 0.447477
Epoch 154 [70000/84843] Loss: 0.681851
Epoch 154 - Avg Loss: 0.484327 | Train Acc: 91.68%
Val: loss=0.3734, acc=10571/10975 (96.32%)
Epoch 155 [0/84843] Loss: 0.363358
Epoch 155 [35000/84843] Loss: 0.376391
Epoch 155 [70000/84843] Loss: 0.516898
Epoch 155 - Avg Loss: 0.480255 | Train Acc: 91.76%
Val: loss=0.3789, acc=10529/10975 (95.94%)
Epoch 156 [0/84843] Loss: 0.443261
Epoch 156 [35000/84843] Loss: 0.414236
Epoch 156 [70000/84843] Loss: 0.550700
Epoch 156 - Avg Loss: 0.484003 | Train Acc: 91.59%
Val: loss=0.3726, acc=10578/10975 (96.38%)
Epoch 157 [0/84843] Loss: 0.531772
Epoch 157 [35000/84843] Loss: 0.326037
Epoch 157 [70000/84843] Loss: 0.376454
Epoch 157 - Avg Loss: 0.485023 | Train Acc: 91.68%
Val: loss=0.3756, acc=10562/10975 (96.24%)
Epoch 158 [0/84843] Loss: 0.448511
Epoch 158 [35000/84843] Loss: 0.340798
Epoch 158 [70000/84843] Loss: 0.308980
Epoch 158 - Avg Loss: 0.483396 | Train Acc: 91.76%
Val: loss=0.3760, acc=10550/10975 (96.13%)
Epoch 159 [0/84843] Loss: 0.459237
Epoch 159 [35000/84843] Loss: 0.465160
Epoch 159 [70000/84843] Loss: 0.538726
Epoch 159 - Avg Loss: 0.482970 | Train Acc: 91.81%
Val: loss=0.3757, acc=10565/10975 (96.26%)
Epoch 160 [0/84843] Loss: 0.484704
Epoch 160 [35000/84843] Loss: 0.342093
Epoch 160 [70000/84843] Loss: 0.472191
Epoch 160 - Avg Loss: 0.481549 | Train Acc: 91.80%
Val: loss=0.3724, acc=10558/10975 (96.20%)
Epoch 161 [0/84843] Loss: 0.387192
Epoch 161 [35000/84843] Loss: 0.601676
Epoch 161 [70000/84843] Loss: 0.340755
Epoch 161 - Avg Loss: 0.479538 | Train Acc: 91.84%
Val: loss=0.3814, acc=10554/10975 (96.16%)
Epoch 162 [0/84843] Loss: 0.481861
Epoch 162 [35000/84843] Loss: 0.696876
Epoch 162 [70000/84843] Loss: 0.395627
Epoch 162 - Avg Loss: 0.482572 | Train Acc: 91.72%
Val: loss=0.3737, acc=10571/10975 (96.32%)
Epoch 163 [0/84843] Loss: 0.468240
Epoch 163 [35000/84843] Loss: 0.523026
Epoch 163 [70000/84843] Loss: 0.497252
Epoch 163 - Avg Loss: 0.483756 | Train Acc: 91.72%
Val: loss=0.3741, acc=10562/10975 (96.24%)
Epoch 164 [0/84843] Loss: 0.368610
Epoch 164 [35000/84843] Loss: 0.526929
Epoch 164 [70000/84843] Loss: 0.398096
Epoch 164 - Avg Loss: 0.477788 | Train Acc: 91.82%
Val: loss=0.3695, acc=10597/10975 (96.56%)
saved best: 96.56%
Epoch 165 [0/84843] Loss: 0.479439
Epoch 165 [35000/84843] Loss: 0.463155
Epoch 165 [70000/84843] Loss: 0.803981
Epoch 165 - Avg Loss: 0.480845 | Train Acc: 91.82%
Val: loss=0.3824, acc=10541/10975 (96.05%)
Epoch 166 [0/84843] Loss: 0.430764
Epoch 166 [35000/84843] Loss: 0.485773
Epoch 166 [70000/84843] Loss: 0.613789
Epoch 166 - Avg Loss: 0.482096 | Train Acc: 91.73%
Val: loss=0.3667, acc=10590/10975 (96.49%)
Epoch 167 [0/84843] Loss: 0.458137
Epoch 167 [35000/84843] Loss: 0.484098
Epoch 167 [70000/84843] Loss: 0.425100
Epoch 167 - Avg Loss: 0.477782 | Train Acc: 91.86%
Val: loss=0.3928, acc=10472/10975 (95.42%)
Epoch 168 [0/84843] Loss: 0.399986
Epoch 168 [35000/84843] Loss: 0.536322
Epoch 168 [70000/84843] Loss: 0.378322
Epoch 168 - Avg Loss: 0.478950 | Train Acc: 91.80%
Val: loss=0.3771, acc=10559/10975 (96.21%)
Epoch 169 [0/84843] Loss: 0.516076
Epoch 169 [35000/84843] Loss: 0.563130
Epoch 169 [70000/84843] Loss: 0.519274
Epoch 169 - Avg Loss: 0.480081 | Train Acc: 91.82%
Val: loss=0.3771, acc=10554/10975 (96.16%)
Epoch 170 [0/84843] Loss: 0.508520
Epoch 170 [35000/84843] Loss: 0.351964
Epoch 170 [70000/84843] Loss: 0.447654
Epoch 170 - Avg Loss: 0.476649 | Train Acc: 91.96%
Val: loss=0.3729, acc=10594/10975 (96.53%)
Epoch 171 [0/84843] Loss: 0.499010
Epoch 171 [35000/84843] Loss: 0.526776
Epoch 171 [70000/84843] Loss: 0.505457
Epoch 171 - Avg Loss: 0.479431 | Train Acc: 91.82%
Val: loss=0.3772, acc=10553/10975 (96.15%)
Epoch 172 [0/84843] Loss: 0.352589
Epoch 172 [35000/84843] Loss: 0.454306
Epoch 172 [70000/84843] Loss: 0.416195
Epoch 172 - Avg Loss: 0.475886 | Train Acc: 91.98%
Val: loss=0.3720, acc=10586/10975 (96.46%)
Epoch 173 [0/84843] Loss: 0.461078
Epoch 173 [35000/84843] Loss: 0.419437
Epoch 173 [70000/84843] Loss: 0.400544
Epoch 173 - Avg Loss: 0.475516 | Train Acc: 92.00%
Val: loss=0.3755, acc=10561/10975 (96.23%)
Epoch 174 [0/84843] Loss: 0.414674
Epoch 174 [35000/84843] Loss: 0.558336
Epoch 174 [70000/84843] Loss: 0.429518
Epoch 174 - Avg Loss: 0.473607 | Train Acc: 92.03%
Val: loss=0.3713, acc=10573/10975 (96.34%)
Epoch 175 [0/84843] Loss: 0.375205
Epoch 175 [35000/84843] Loss: 0.389925
Epoch 175 [70000/84843] Loss: 0.410337
Epoch 175 - Avg Loss: 0.475027 | Train Acc: 91.94%
Val: loss=0.3735, acc=10582/10975 (96.42%)
Epoch 176 [0/84843] Loss: 0.509516
Epoch 176 [35000/84843] Loss: 0.332493
Epoch 176 [70000/84843] Loss: 0.516003
Epoch 176 - Avg Loss: 0.479199 | Train Acc: 91.85%
Val: loss=0.3738, acc=10588/10975 (96.47%)
Epoch 177 [0/84843] Loss: 0.596949
Epoch 177 [35000/84843] Loss: 0.404015
Epoch 177 [70000/84843] Loss: 0.390452
Epoch 177 - Avg Loss: 0.478591 | Train Acc: 91.88%
Val: loss=0.3795, acc=10535/10975 (95.99%)
Epoch 178 [0/84843] Loss: 0.349868
Epoch 178 [35000/84843] Loss: 0.434947
Epoch 178 [70000/84843] Loss: 0.538452
Epoch 178 - Avg Loss: 0.472909 | Train Acc: 92.13%
Val: loss=0.3737, acc=10565/10975 (96.26%)
Epoch 179 [0/84843] Loss: 0.500818
Epoch 179 [35000/84843] Loss: 0.492816
Epoch 179 [70000/84843] Loss: 0.833955
Epoch 179 - Avg Loss: 0.475754 | Train Acc: 91.95%
Val: loss=0.3699, acc=10579/10975 (96.39%)
Epoch 180 [0/84843] Loss: 0.482487
Epoch 180 [35000/84843] Loss: 0.378300
Epoch 180 [70000/84843] Loss: 0.521403
Epoch 180 - Avg Loss: 0.478055 | Train Acc: 91.87%
Val: loss=0.3673, acc=10586/10975 (96.46%)
Epoch 181 [0/84843] Loss: 0.516729
Epoch 181 [35000/84843] Loss: 0.398293
Epoch 181 [70000/84843] Loss: 0.434664
Epoch 181 - Avg Loss: 0.474877 | Train Acc: 92.04%
Val: loss=0.3755, acc=10563/10975 (96.25%)
Epoch 182 [0/84843] Loss: 0.531990
Epoch 182 [35000/84843] Loss: 0.478359
Epoch 182 [70000/84843] Loss: 0.719267
Epoch 182 - Avg Loss: 0.476229 | Train Acc: 91.93%
Val: loss=0.3715, acc=10584/10975 (96.44%)
Epoch 183 [0/84843] Loss: 0.428575
Epoch 183 [35000/84843] Loss: 0.435400
Epoch 183 [70000/84843] Loss: 0.468038
Epoch 183 - Avg Loss: 0.472435 | Train Acc: 92.08%
Val: loss=0.3790, acc=10564/10975 (96.26%)
Epoch 184 [0/84843] Loss: 0.637556
Epoch 184 [35000/84843] Loss: 0.445003
Epoch 184 [70000/84843] Loss: 0.552067
Epoch 184 - Avg Loss: 0.476423 | Train Acc: 92.02%
Val: loss=0.3687, acc=10586/10975 (96.46%)
Epoch 185 [0/84843] Loss: 0.589968
Epoch 185 [35000/84843] Loss: 0.618172
Epoch 185 [70000/84843] Loss: 0.586671
Epoch 185 - Avg Loss: 0.472761 | Train Acc: 92.03%
Val: loss=0.3715, acc=10581/10975 (96.41%)
Epoch 186 [0/84843] Loss: 0.406261
Epoch 186 [35000/84843] Loss: 0.479434
Epoch 186 [70000/84843] Loss: 0.371158
Epoch 186 - Avg Loss: 0.475154 | Train Acc: 91.95%
Val: loss=0.3684, acc=10596/10975 (96.55%)
Epoch 187 [0/84843] Loss: 0.432699
Epoch 187 [35000/84843] Loss: 0.444057
Epoch 187 [70000/84843] Loss: 0.359983
Epoch 187 - Avg Loss: 0.472798 | Train Acc: 92.13%
Val: loss=0.3687, acc=10584/10975 (96.44%)
Epoch 188 [0/84843] Loss: 0.402230
Epoch 188 [35000/84843] Loss: 0.701501
Epoch 188 [70000/84843] Loss: 0.503724
Epoch 188 - Avg Loss: 0.474286 | Train Acc: 92.01%
Val: loss=0.3630, acc=10621/10975 (96.77%)
saved best: 96.77%
Epoch 189 [0/84843] Loss: 0.300900
Epoch 189 [35000/84843] Loss: 0.456566
Epoch 189 [70000/84843] Loss: 0.431739
Epoch 189 - Avg Loss: 0.474246 | Train Acc: 91.98%
Val: loss=0.3682, acc=10586/10975 (96.46%)
Epoch 190 [0/84843] Loss: 0.420042
Epoch 190 [35000/84843] Loss: 0.374561
Epoch 190 [70000/84843] Loss: 0.458996
Epoch 190 - Avg Loss: 0.469723 | Train Acc: 92.11%
Val: loss=0.3712, acc=10572/10975 (96.33%)
Epoch 191 [0/84843] Loss: 0.379592
Epoch 191 [35000/84843] Loss: 0.438748
Epoch 191 [70000/84843] Loss: 0.652355
Epoch 191 - Avg Loss: 0.471526 | Train Acc: 92.10%
Val: loss=0.3754, acc=10563/10975 (96.25%)
Epoch 192 [0/84843] Loss: 0.402218
Epoch 192 [35000/84843] Loss: 0.436359
Epoch 192 [70000/84843] Loss: 0.717783
Epoch 192 - Avg Loss: 0.468428 | Train Acc: 92.29%
Val: loss=0.3658, acc=10594/10975 (96.53%)
Epoch 193 [0/84843] Loss: 0.704747
Epoch 193 [35000/84843] Loss: 0.407559
Epoch 193 [70000/84843] Loss: 0.507593
Epoch 193 - Avg Loss: 0.469454 | Train Acc: 92.24%
Val: loss=0.3734, acc=10573/10975 (96.34%)
Epoch 194 [0/84843] Loss: 0.338379
Epoch 194 [35000/84843] Loss: 0.426158
Epoch 194 [70000/84843] Loss: 0.420927
Epoch 194 - Avg Loss: 0.466631 | Train Acc: 92.33%
Val: loss=0.3677, acc=10607/10975 (96.65%)
Epoch 195 [0/84843] Loss: 0.579331
Epoch 195 [35000/84843] Loss: 0.849121
Epoch 195 [70000/84843] Loss: 0.606733
Epoch 195 - Avg Loss: 0.474343 | Train Acc: 91.99%
Val: loss=0.3652, acc=10597/10975 (96.56%)
Epoch 196 [0/84843] Loss: 0.415480
Epoch 196 [35000/84843] Loss: 0.502261
Epoch 196 [70000/84843] Loss: 0.352931
Epoch 196 - Avg Loss: 0.468404 | Train Acc: 92.29%
Val: loss=0.3855, acc=10534/10975 (95.98%)
Epoch 197 [0/84843] Loss: 0.442904
Epoch 197 [35000/84843] Loss: 0.443500
Epoch 197 [70000/84843] Loss: 0.477544
Epoch 197 - Avg Loss: 0.468072 | Train Acc: 92.23%
Val: loss=0.3696, acc=10585/10975 (96.45%)
Epoch 198 [0/84843] Loss: 0.506192
Epoch 198 [35000/84843] Loss: 0.446399
Epoch 198 [70000/84843] Loss: 0.506652
Epoch 198 - Avg Loss: 0.468933 | Train Acc: 92.19%
Val: loss=0.3695, acc=10588/10975 (96.47%)
Epoch 199 [0/84843] Loss: 0.412137
Epoch 199 [35000/84843] Loss: 0.428717
Epoch 199 [70000/84843] Loss: 0.310023
Epoch 199 - Avg Loss: 0.470055 | Train Acc: 92.15%
Val: loss=0.3675, acc=10582/10975 (96.42%)
Epoch 200 [0/84843] Loss: 0.363932
Epoch 200 [35000/84843] Loss: 0.551124
Epoch 200 [70000/84843] Loss: 0.431559
Epoch 200 - Avg Loss: 0.466501 | Train Acc: 92.34%
Val: loss=0.3748, acc=10570/10975 (96.31%)
Epoch 201 [0/84843] Loss: 0.546408
Epoch 201 [35000/84843] Loss: 0.431370
Epoch 201 [70000/84843] Loss: 0.422007
Epoch 201 - Avg Loss: 0.470025 | Train Acc: 92.22%
Val: loss=0.3640, acc=10601/10975 (96.59%)
Epoch 202 [0/84843] Loss: 0.504173
Epoch 202 [35000/84843] Loss: 0.529648
Epoch 202 [70000/84843] Loss: 0.406101
Epoch 202 - Avg Loss: 0.471400 | Train Acc: 92.18%
Val: loss=0.3710, acc=10579/10975 (96.39%)
Epoch 203 [0/84843] Loss: 0.662237
Epoch 203 [35000/84843] Loss: 0.337415
Epoch 203 [70000/84843] Loss: 0.439235
Epoch 203 - Avg Loss: 0.468477 | Train Acc: 92.27%
Val: loss=0.3659, acc=10597/10975 (96.56%)
Epoch 204 [0/84843] Loss: 0.411471
Epoch 204 [35000/84843] Loss: 0.371875
Epoch 204 [70000/84843] Loss: 0.394859
Epoch 204 - Avg Loss: 0.469463 | Train Acc: 92.19%
Val: loss=0.3687, acc=10592/10975 (96.51%)
Epoch 205 [0/84843] Loss: 0.398082
Epoch 205 [35000/84843] Loss: 0.487165
Epoch 205 [70000/84843] Loss: 0.414601
Epoch 205 - Avg Loss: 0.465532 | Train Acc: 92.33%
Val: loss=0.3659, acc=10611/10975 (96.68%)
Epoch 206 [0/84843] Loss: 0.420363
Epoch 206 [35000/84843] Loss: 0.527638
Epoch 206 [70000/84843] Loss: 0.505536
Epoch 206 - Avg Loss: 0.470326 | Train Acc: 92.22%
Val: loss=0.3668, acc=10588/10975 (96.47%)
Epoch 207 [0/84843] Loss: 0.485478
Epoch 207 [35000/84843] Loss: 0.641901
Epoch 207 [70000/84843] Loss: 0.426118
Epoch 207 - Avg Loss: 0.468553 | Train Acc: 92.18%
Val: loss=0.3619, acc=10606/10975 (96.64%)
Epoch 208 [0/84843] Loss: 0.514291
Epoch 208 [35000/84843] Loss: 0.590485
Epoch 208 [70000/84843] Loss: 0.666506
Epoch 208 - Avg Loss: 0.465187 | Train Acc: 92.44%
Val: loss=0.3623, acc=10622/10975 (96.78%)
saved best: 96.78%
Epoch 209 [0/84843] Loss: 0.400991
Epoch 209 [35000/84843] Loss: 0.499906
Epoch 209 [70000/84843] Loss: 0.646037
Epoch 209 - Avg Loss: 0.462884 | Train Acc: 92.47%
Val: loss=0.3663, acc=10594/10975 (96.53%)
Epoch 210 [0/84843] Loss: 0.486006
Epoch 210 [35000/84843] Loss: 0.401667
Epoch 210 [70000/84843] Loss: 0.453779
Epoch 210 - Avg Loss: 0.464666 | Train Acc: 92.40%
Val: loss=0.3703, acc=10578/10975 (96.38%)
Epoch 211 [0/84843] Loss: 0.359522
Epoch 211 [35000/84843] Loss: 0.464883
Epoch 211 [70000/84843] Loss: 0.361839
Epoch 211 - Avg Loss: 0.461277 | Train Acc: 92.44%
Val: loss=0.3659, acc=10591/10975 (96.50%)
Epoch 212 [0/84843] Loss: 0.643179
Epoch 212 [35000/84843] Loss: 0.429715
Epoch 212 [70000/84843] Loss: 0.527449
Epoch 212 - Avg Loss: 0.462692 | Train Acc: 92.46%
Val: loss=0.3644, acc=10604/10975 (96.62%)
Epoch 213 [0/84843] Loss: 0.648949
Epoch 213 [35000/84843] Loss: 0.455947
Epoch 213 [70000/84843] Loss: 0.446898
Epoch 213 - Avg Loss: 0.467109 | Train Acc: 92.27%
Val: loss=0.3692, acc=10588/10975 (96.47%)
Epoch 214 [0/84843] Loss: 0.405837
Epoch 214 [35000/84843] Loss: 0.462406
Epoch 214 [70000/84843] Loss: 0.481911
Epoch 214 - Avg Loss: 0.464498 | Train Acc: 92.43%
Val: loss=0.3649, acc=10610/10975 (96.67%)
Epoch 215 [0/84843] Loss: 0.525837
Epoch 215 [35000/84843] Loss: 0.554084
Epoch 215 [70000/84843] Loss: 0.459934
Epoch 215 - Avg Loss: 0.462233 | Train Acc: 92.49%
Val: loss=0.3647, acc=10595/10975 (96.54%)
Epoch 216 [0/84843] Loss: 0.434137
Epoch 216 [35000/84843] Loss: 0.533890
Epoch 216 [70000/84843] Loss: 0.500173
Epoch 216 - Avg Loss: 0.464907 | Train Acc: 92.36%
Val: loss=0.3760, acc=10551/10975 (96.14%)
Epoch 217 [0/84843] Loss: 0.653684
Epoch 217 [35000/84843] Loss: 0.476262
Epoch 217 [70000/84843] Loss: 0.481662
Epoch 217 - Avg Loss: 0.462310 | Train Acc: 92.48%
Val: loss=0.3743, acc=10562/10975 (96.24%)
Epoch 218 [0/84843] Loss: 0.363002
Epoch 218 [35000/84843] Loss: 0.408419
Epoch 218 [70000/84843] Loss: 0.382011
Epoch 218 - Avg Loss: 0.460957 | Train Acc: 92.46%
Val: loss=0.3744, acc=10567/10975 (96.28%)
Epoch 219 [0/84843] Loss: 0.501090
Epoch 219 [35000/84843] Loss: 0.456418
Epoch 219 [70000/84843] Loss: 0.476454
Epoch 219 - Avg Loss: 0.464145 | Train Acc: 92.43%
Val: loss=0.3700, acc=10591/10975 (96.50%)
Epoch 220 [0/84843] Loss: 0.430535
Epoch 220 [35000/84843] Loss: 0.387448
Epoch 220 [70000/84843] Loss: 0.672022
Epoch 220 - Avg Loss: 0.467499 | Train Acc: 92.19%
Val: loss=0.3668, acc=10606/10975 (96.64%)
Epoch 221 [0/84843] Loss: 0.411806
Epoch 221 [35000/84843] Loss: 0.597575
Epoch 221 [70000/84843] Loss: 0.468687
Epoch 221 - Avg Loss: 0.466757 | Train Acc: 92.32%
Val: loss=0.3613, acc=10633/10975 (96.88%)
saved best: 96.88%
Epoch 222 [0/84843] Loss: 0.341902
Epoch 222 [35000/84843] Loss: 0.392267
Epoch 222 [70000/84843] Loss: 0.641899
Epoch 222 - Avg Loss: 0.459807 | Train Acc: 92.52%
Val: loss=0.3668, acc=10589/10975 (96.48%)
Epoch 223 [0/84843] Loss: 0.346349
Epoch 223 [35000/84843] Loss: 0.443852
Epoch 223 [70000/84843] Loss: 0.449250
Epoch 223 - Avg Loss: 0.456056 | Train Acc: 92.74%
Val: loss=0.3691, acc=10604/10975 (96.62%)
Epoch 224 [0/84843] Loss: 0.317165
Epoch 224 [35000/84843] Loss: 0.445372
Epoch 224 [70000/84843] Loss: 0.430210
Epoch 224 - Avg Loss: 0.460339 | Train Acc: 92.54%
Val: loss=0.3607, acc=10618/10975 (96.75%)
Epoch 225 [0/84843] Loss: 0.468633
Epoch 225 [35000/84843] Loss: 0.464335
Epoch 225 [70000/84843] Loss: 0.678207
Epoch 225 - Avg Loss: 0.460676 | Train Acc: 92.57%
Val: loss=0.3661, acc=10613/10975 (96.70%)
Epoch 226 [0/84843] Loss: 0.410250
Epoch 226 [35000/84843] Loss: 0.411802
Epoch 226 [70000/84843] Loss: 0.544075
Epoch 226 - Avg Loss: 0.456115 | Train Acc: 92.80%
Val: loss=0.3637, acc=10615/10975 (96.72%)
Epoch 227 [0/84843] Loss: 0.467737
Epoch 227 [35000/84843] Loss: 0.539263
Epoch 227 [70000/84843] Loss: 0.492972
Epoch 227 - Avg Loss: 0.456534 | Train Acc: 92.69%
Val: loss=0.3597, acc=10607/10975 (96.65%)
Epoch 228 [0/84843] Loss: 0.326311
Epoch 228 [35000/84843] Loss: 0.612008
Epoch 228 [70000/84843] Loss: 0.358861
Epoch 228 - Avg Loss: 0.460516 | Train Acc: 92.58%
Val: loss=0.3600, acc=10619/10975 (96.76%)
Epoch 229 [0/84843] Loss: 0.371402
Epoch 229 [35000/84843] Loss: 0.502991
Epoch 229 [70000/84843] Loss: 0.435148
Epoch 229 - Avg Loss: 0.455425 | Train Acc: 92.70%
Val: loss=0.3645, acc=10621/10975 (96.77%)
Epoch 230 [0/84843] Loss: 0.405269
Epoch 230 [35000/84843] Loss: 0.341672
Epoch 230 [70000/84843] Loss: 0.388970
Epoch 230 - Avg Loss: 0.458688 | Train Acc: 92.65%
Val: loss=0.3641, acc=10619/10975 (96.76%)
Epoch 231 [0/84843] Loss: 0.438567
Epoch 231 [35000/84843] Loss: 0.404728
Epoch 231 [70000/84843] Loss: 0.447508
Epoch 231 - Avg Loss: 0.458473 | Train Acc: 92.63%
Val: loss=0.3609, acc=10610/10975 (96.67%)
Epoch 232 [0/84843] Loss: 0.400378
Epoch 232 [35000/84843] Loss: 0.471188
Epoch 232 [70000/84843] Loss: 0.392383
Epoch 232 - Avg Loss: 0.460544 | Train Acc: 92.54%
Val: loss=0.3574, acc=10623/10975 (96.79%)
Epoch 233 [0/84843] Loss: 0.326072
Epoch 233 [35000/84843] Loss: 0.431654
Epoch 233 [70000/84843] Loss: 0.385455
Epoch 233 - Avg Loss: 0.457297 | Train Acc: 92.61%
Val: loss=0.3611, acc=10600/10975 (96.58%)
Epoch 234 [0/84843] Loss: 0.387795
Epoch 234 [35000/84843] Loss: 0.335209
Epoch 234 [70000/84843] Loss: 0.519851
Epoch 234 - Avg Loss: 0.458052 | Train Acc: 92.59%
Val: loss=0.3599, acc=10618/10975 (96.75%)
Epoch 235 [0/84843] Loss: 0.478532
Epoch 235 [35000/84843] Loss: 0.503958
Epoch 235 [70000/84843] Loss: 0.412975
Epoch 235 - Avg Loss: 0.458738 | Train Acc: 92.55%
Val: loss=0.3625, acc=10606/10975 (96.64%)
Epoch 236 [0/84843] Loss: 0.335741
Epoch 236 [35000/84843] Loss: 0.432218
Epoch 236 [70000/84843] Loss: 0.421633
Epoch 236 - Avg Loss: 0.462204 | Train Acc: 92.47%
Val: loss=0.3610, acc=10602/10975 (96.60%)
Epoch 237 [0/84843] Loss: 0.428444
Epoch 237 [35000/84843] Loss: 0.534307
Epoch 237 [70000/84843] Loss: 0.377467
Epoch 237 - Avg Loss: 0.458440 | Train Acc: 92.60%
Val: loss=0.3596, acc=10620/10975 (96.77%)
Epoch 238 [0/84843] Loss: 0.406203
Epoch 238 [35000/84843] Loss: 0.535688
Epoch 238 [70000/84843] Loss: 0.574742
Epoch 238 - Avg Loss: 0.459596 | Train Acc: 92.58%
Val: loss=0.3597, acc=10625/10975 (96.81%)
Epoch 239 [0/84843] Loss: 0.537911
Epoch 239 [35000/84843] Loss: 0.398311
Epoch 239 [70000/84843] Loss: 0.444566
Epoch 239 - Avg Loss: 0.456958 | Train Acc: 92.69%
Val: loss=0.3542, acc=10632/10975 (96.87%)
Epoch 240 [0/84843] Loss: 0.614042
Epoch 240 [35000/84843] Loss: 0.516233
Epoch 240 [70000/84843] Loss: 0.364504
Epoch 240 - Avg Loss: 0.458561 | Train Acc: 92.63%
Val: loss=0.3589, acc=10629/10975 (96.85%)
Epoch 241 [0/84843] Loss: 0.536698
Epoch 241 [35000/84843] Loss: 0.377464
Epoch 241 [70000/84843] Loss: 0.453315
Epoch 241 - Avg Loss: 0.455057 | Train Acc: 92.70%
Val: loss=0.3575, acc=10617/10975 (96.74%)
Epoch 242 [0/84843] Loss: 0.400451
Epoch 242 [35000/84843] Loss: 0.371736
Epoch 242 [70000/84843] Loss: 0.433565
Epoch 242 - Avg Loss: 0.454400 | Train Acc: 92.80%
Val: loss=0.3574, acc=10619/10975 (96.76%)
Epoch 243 [0/84843] Loss: 0.464166
Epoch 243 [35000/84843] Loss: 0.573732
Epoch 243 [70000/84843] Loss: 0.545294
Epoch 243 - Avg Loss: 0.454926 | Train Acc: 92.82%
Val: loss=0.3572, acc=10624/10975 (96.80%)
Epoch 244 [0/84843] Loss: 0.509449
Epoch 244 [35000/84843] Loss: 0.484183
Epoch 244 [70000/84843] Loss: 0.368312
Epoch 244 - Avg Loss: 0.455361 | Train Acc: 92.70%
Val: loss=0.3604, acc=10620/10975 (96.77%)
Epoch 245 [0/84843] Loss: 0.660600
Epoch 245 [35000/84843] Loss: 0.460597
Epoch 245 [70000/84843] Loss: 0.497058
Epoch 245 - Avg Loss: 0.453168 | Train Acc: 92.80%
Val: loss=0.3649, acc=10593/10975 (96.52%)
Epoch 246 [0/84843] Loss: 0.428497
Epoch 246 [35000/84843] Loss: 0.598812
Epoch 246 [70000/84843] Loss: 0.324425
Epoch 246 - Avg Loss: 0.455745 | Train Acc: 92.78%
Val: loss=0.3574, acc=10621/10975 (96.77%)
Epoch 247 [0/84843] Loss: 0.490109
Epoch 247 [35000/84843] Loss: 0.440213
Epoch 247 [70000/84843] Loss: 0.508876
Epoch 247 - Avg Loss: 0.451491 | Train Acc: 92.87%
Val: loss=0.3607, acc=10611/10975 (96.68%)
Epoch 248 [0/84843] Loss: 0.552888
Epoch 248 [35000/84843] Loss: 0.478147
Epoch 248 [70000/84843] Loss: 0.497765
Epoch 248 - Avg Loss: 0.453228 | Train Acc: 92.74%
Val: loss=0.3596, acc=10621/10975 (96.77%)
Epoch 249 [0/84843] Loss: 0.530144
Epoch 249 [35000/84843] Loss: 0.405796
Epoch 249 [70000/84843] Loss: 0.520323
Epoch 249 - Avg Loss: 0.453427 | Train Acc: 92.79%
Val: loss=0.3549, acc=10646/10975 (97.00%)
saved best: 97.00%
Epoch 250 [0/84843] Loss: 0.431291
Epoch 250 [35000/84843] Loss: 0.706951
Epoch 250 [70000/84843] Loss: 0.409215
Epoch 250 - Avg Loss: 0.451047 | Train Acc: 92.90%
Val: loss=0.3607, acc=10627/10975 (96.83%)
Epoch 251 [0/84843] Loss: 0.491307
Epoch 251 [35000/84843] Loss: 0.482659
Epoch 251 [70000/84843] Loss: 0.397313
Epoch 251 - Avg Loss: 0.450731 | Train Acc: 92.93%
Val: loss=0.3644, acc=10605/10975 (96.63%)
Epoch 252 [0/84843] Loss: 0.552442
Epoch 252 [35000/84843] Loss: 0.452601
Epoch 252 [70000/84843] Loss: 0.424137
Epoch 252 - Avg Loss: 0.451031 | Train Acc: 92.88%
Val: loss=0.3577, acc=10624/10975 (96.80%)
Epoch 253 [0/84843] Loss: 0.547083
Epoch 253 [35000/84843] Loss: 0.649343
Epoch 253 [70000/84843] Loss: 0.326892
Epoch 253 - Avg Loss: 0.452727 | Train Acc: 92.83%
Val: loss=0.3575, acc=10623/10975 (96.79%)
Epoch 254 [0/84843] Loss: 0.409843
Epoch 254 [35000/84843] Loss: 0.442226
Epoch 254 [70000/84843] Loss: 0.603948
Epoch 254 - Avg Loss: 0.451833 | Train Acc: 92.81%
Val: loss=0.3600, acc=10626/10975 (96.82%)
Epoch 255 [0/84843] Loss: 0.619513
Epoch 255 [35000/84843] Loss: 0.369671
Epoch 255 [70000/84843] Loss: 0.337856
Epoch 255 - Avg Loss: 0.448790 | Train Acc: 92.99%
Val: loss=0.3551, acc=10631/10975 (96.87%)
Epoch 256 [0/84843] Loss: 0.452978
Epoch 256 [35000/84843] Loss: 0.411065
Epoch 256 [70000/84843] Loss: 0.366221
Epoch 256 - Avg Loss: 0.453437 | Train Acc: 92.77%
Val: loss=0.3574, acc=10637/10975 (96.92%)
Epoch 257 [0/84843] Loss: 0.367000
Epoch 257 [35000/84843] Loss: 0.491840
Epoch 257 [70000/84843] Loss: 0.539166
Epoch 257 - Avg Loss: 0.448063 | Train Acc: 92.98%
Val: loss=0.3584, acc=10618/10975 (96.75%)
Epoch 258 [0/84843] Loss: 0.423509
Epoch 258 [35000/84843] Loss: 0.446182
Epoch 258 [70000/84843] Loss: 0.435671
Epoch 258 - Avg Loss: 0.449961 | Train Acc: 92.99%
Val: loss=0.3533, acc=10654/10975 (97.08%)
saved best: 97.08%
Epoch 259 [0/84843] Loss: 0.390464
Epoch 259 [35000/84843] Loss: 0.436088
Epoch 259 [70000/84843] Loss: 0.342041
Epoch 259 - Avg Loss: 0.447900 | Train Acc: 93.04%
Val: loss=0.3599, acc=10619/10975 (96.76%)
Epoch 260 [0/84843] Loss: 0.425312
Epoch 260 [35000/84843] Loss: 0.546416
Epoch 260 [70000/84843] Loss: 0.413845
Epoch 260 - Avg Loss: 0.449670 | Train Acc: 93.00%
Val: loss=0.3544, acc=10634/10975 (96.89%)
Epoch 261 [0/84843] Loss: 0.496201
Epoch 261 [35000/84843] Loss: 0.402276
Epoch 261 [70000/84843] Loss: 0.365085
Epoch 261 - Avg Loss: 0.451143 | Train Acc: 92.94%
Val: loss=0.3589, acc=10647/10975 (97.01%)
Epoch 262 [0/84843] Loss: 0.401735
Epoch 262 [35000/84843] Loss: 0.373919
Epoch 262 [70000/84843] Loss: 0.840229
Epoch 262 - Avg Loss: 0.448955 | Train Acc: 92.96%
Val: loss=0.3515, acc=10639/10975 (96.94%)
Epoch 263 [0/84843] Loss: 0.287590
Epoch 263 [35000/84843] Loss: 0.430245
Epoch 263 [70000/84843] Loss: 0.480935
Epoch 263 - Avg Loss: 0.453259 | Train Acc: 92.82%
Val: loss=0.3545, acc=10649/10975 (97.03%)
Epoch 264 [0/84843] Loss: 0.564442
Epoch 264 [35000/84843] Loss: 0.392967
Epoch 264 [70000/84843] Loss: 0.377430
Epoch 264 - Avg Loss: 0.451788 | Train Acc: 92.87%
Val: loss=0.3576, acc=10639/10975 (96.94%)
Epoch 265 [0/84843] Loss: 0.499267
Epoch 265 [35000/84843] Loss: 0.523945
Epoch 265 [70000/84843] Loss: 0.647019
Epoch 265 - Avg Loss: 0.451278 | Train Acc: 92.88%
Val: loss=0.3542, acc=10635/10975 (96.90%)
Epoch 266 [0/84843] Loss: 0.347134
Epoch 266 [35000/84843] Loss: 0.417533
Epoch 266 [70000/84843] Loss: 0.397973
Epoch 266 - Avg Loss: 0.451312 | Train Acc: 92.89%
Val: loss=0.3578, acc=10618/10975 (96.75%)
Epoch 267 [0/84843] Loss: 0.445359
Epoch 267 [35000/84843] Loss: 0.375821
Epoch 267 [70000/84843] Loss: 0.537383
Epoch 267 - Avg Loss: 0.450034 | Train Acc: 92.91%
Val: loss=0.3624, acc=10613/10975 (96.70%)
Epoch 268 [0/84843] Loss: 0.387969
Epoch 268 [35000/84843] Loss: 0.604107
Epoch 268 [70000/84843] Loss: 0.386451
Epoch 268 - Avg Loss: 0.448458 | Train Acc: 92.92%
Val: loss=0.3555, acc=10646/10975 (97.00%)
Epoch 269 [0/84843] Loss: 0.799351
Epoch 269 [35000/84843] Loss: 0.407160
Epoch 269 [70000/84843] Loss: 0.463955
Epoch 269 - Avg Loss: 0.450809 | Train Acc: 92.91%
Val: loss=0.3525, acc=10646/10975 (97.00%)
Epoch 270 [0/84843] Loss: 0.384520
Epoch 270 [35000/84843] Loss: 0.350593
Epoch 270 [70000/84843] Loss: 0.503953
Epoch 270 - Avg Loss: 0.443687 | Train Acc: 93.22%
Val: loss=0.3612, acc=10613/10975 (96.70%)
Epoch 271 [0/84843] Loss: 0.406994
Epoch 271 [35000/84843] Loss: 0.396491
Epoch 271 [70000/84843] Loss: 0.395179
Epoch 271 - Avg Loss: 0.446116 | Train Acc: 93.08%
Val: loss=0.3617, acc=10614/10975 (96.71%)
Epoch 272 [0/84843] Loss: 0.518221
Epoch 272 [35000/84843] Loss: 0.469100
Epoch 272 [70000/84843] Loss: 0.395834
Epoch 272 - Avg Loss: 0.446269 | Train Acc: 93.06%
Val: loss=0.3585, acc=10628/10975 (96.84%)
Epoch 273 [0/84843] Loss: 0.316648
Epoch 273 [35000/84843] Loss: 0.451857
Epoch 273 [70000/84843] Loss: 0.465939
Epoch 273 - Avg Loss: 0.441892 | Train Acc: 93.28%
Val: loss=0.3608, acc=10627/10975 (96.83%)
Epoch 274 [0/84843] Loss: 0.467011
Epoch 274 [35000/84843] Loss: 0.453622
Epoch 274 [70000/84843] Loss: 0.411685
Epoch 274 - Avg Loss: 0.444861 | Train Acc: 93.10%
Val: loss=0.3603, acc=10617/10975 (96.74%)
Epoch 275 [0/84843] Loss: 0.526681
Epoch 275 [35000/84843] Loss: 0.546423
Epoch 275 [70000/84843] Loss: 0.488143
Epoch 275 - Avg Loss: 0.449048 | Train Acc: 92.92%
Val: loss=0.3534, acc=10654/10975 (97.08%)
Epoch 276 [0/84843] Loss: 0.376573
Epoch 276 [35000/84843] Loss: 0.410449
Epoch 276 [70000/84843] Loss: 0.493122
Epoch 276 - Avg Loss: 0.442496 | Train Acc: 93.24%
Val: loss=0.3565, acc=10637/10975 (96.92%)
Epoch 277 [0/84843] Loss: 0.398563
Epoch 277 [35000/84843] Loss: 0.457439
Epoch 277 [70000/84843] Loss: 0.288562
Epoch 277 - Avg Loss: 0.448368 | Train Acc: 92.99%
Val: loss=0.3522, acc=10655/10975 (97.08%)
saved best: 97.08%
Epoch 278 [0/84843] Loss: 0.373337
Epoch 278 [35000/84843] Loss: 0.424029
Epoch 278 [70000/84843] Loss: 0.530602
Epoch 278 - Avg Loss: 0.447629 | Train Acc: 93.05%
Val: loss=0.3545, acc=10644/10975 (96.98%)
Epoch 279 [0/84843] Loss: 0.393204
Epoch 279 [35000/84843] Loss: 0.499304
Epoch 279 [70000/84843] Loss: 0.319574
Epoch 279 - Avg Loss: 0.443008 | Train Acc: 93.24%
Val: loss=0.3540, acc=10652/10975 (97.06%)
Epoch 280 [0/84843] Loss: 0.358228
Epoch 280 [35000/84843] Loss: 0.573671
Epoch 280 [70000/84843] Loss: 0.583580
Epoch 280 - Avg Loss: 0.446211 | Train Acc: 93.07%
Val: loss=0.3503, acc=10659/10975 (97.12%)
saved best: 97.12%
Epoch 281 [0/84843] Loss: 0.327796
Epoch 281 [35000/84843] Loss: 0.411902
Epoch 281 [70000/84843] Loss: 0.361116
Epoch 281 - Avg Loss: 0.443240 | Train Acc: 93.20%
Val: loss=0.3565, acc=10639/10975 (96.94%)
Epoch 282 [0/84843] Loss: 0.409004
Epoch 282 [35000/84843] Loss: 0.445649
Epoch 282 [70000/84843] Loss: 0.358264
Epoch 282 - Avg Loss: 0.446555 | Train Acc: 93.09%
Val: loss=0.3520, acc=10670/10975 (97.22%)
saved best: 97.22%
Epoch 283 [0/84843] Loss: 0.358392
Epoch 283 [35000/84843] Loss: 0.394864
Epoch 283 [70000/84843] Loss: 0.362413
Epoch 283 - Avg Loss: 0.441457 | Train Acc: 93.27%
Val: loss=0.3550, acc=10651/10975 (97.05%)
Epoch 284 [0/84843] Loss: 0.422591
Epoch 284 [35000/84843] Loss: 0.510750
Epoch 284 [70000/84843] Loss: 0.373157
Epoch 284 - Avg Loss: 0.440105 | Train Acc: 93.34%
Val: loss=0.3534, acc=10648/10975 (97.02%)
Epoch 285 [0/84843] Loss: 0.434419
Epoch 285 [35000/84843] Loss: 0.387744
Epoch 285 [70000/84843] Loss: 0.333289
Epoch 285 - Avg Loss: 0.442039 | Train Acc: 93.26%
Val: loss=0.3538, acc=10641/10975 (96.96%)
Epoch 286 [0/84843] Loss: 0.446330
Epoch 286 [35000/84843] Loss: 0.343809
Epoch 286 [70000/84843] Loss: 0.355969
Epoch 286 - Avg Loss: 0.443097 | Train Acc: 93.22%
Val: loss=0.3513, acc=10662/10975 (97.15%)
Epoch 287 [0/84843] Loss: 0.383320
Epoch 287 [35000/84843] Loss: 0.452754
Epoch 287 [70000/84843] Loss: 0.295898
Epoch 287 - Avg Loss: 0.442694 | Train Acc: 93.22%
Val: loss=0.3540, acc=10647/10975 (97.01%)
Epoch 288 [0/84843] Loss: 0.374916
Epoch 288 [35000/84843] Loss: 0.440626
Epoch 288 [70000/84843] Loss: 0.536586
Epoch 288 - Avg Loss: 0.443694 | Train Acc: 93.19%
Val: loss=0.3531, acc=10659/10975 (97.12%)
Epoch 289 [0/84843] Loss: 0.299018
Epoch 289 [35000/84843] Loss: 0.375554
Epoch 289 [70000/84843] Loss: 0.391076
Epoch 289 - Avg Loss: 0.443372 | Train Acc: 93.17%
Val: loss=0.3592, acc=10609/10975 (96.67%)
Epoch 290 [0/84843] Loss: 0.658190
Epoch 290 [35000/84843] Loss: 0.532475
Epoch 290 [70000/84843] Loss: 0.402859
Epoch 290 - Avg Loss: 0.437221 | Train Acc: 93.43%
Val: loss=0.3508, acc=10665/10975 (97.18%)
Epoch 291 [0/84843] Loss: 0.527296
Epoch 291 [35000/84843] Loss: 0.368720
Epoch 291 [70000/84843] Loss: 0.377424
Epoch 291 - Avg Loss: 0.439891 | Train Acc: 93.33%
Val: loss=0.3533, acc=10660/10975 (97.13%)
Epoch 292 [0/84843] Loss: 0.595220
Epoch 292 [35000/84843] Loss: 0.514155
Epoch 292 [70000/84843] Loss: 0.450662
Epoch 292 - Avg Loss: 0.442679 | Train Acc: 93.25%
Val: loss=0.3561, acc=10635/10975 (96.90%)
Epoch 293 [0/84843] Loss: 0.649495
Epoch 293 [35000/84843] Loss: 0.368893
Epoch 293 [70000/84843] Loss: 0.476600
Epoch 293 - Avg Loss: 0.438988 | Train Acc: 93.34%
Val: loss=0.3531, acc=10644/10975 (96.98%)
Epoch 294 [0/84843] Loss: 0.474237
Epoch 294 [35000/84843] Loss: 0.487161
Epoch 294 [70000/84843] Loss: 0.463950
Epoch 294 - Avg Loss: 0.441546 | Train Acc: 93.19%
Val: loss=0.3524, acc=10653/10975 (97.07%)
Epoch 295 [0/84843] Loss: 0.356703
Epoch 295 [35000/84843] Loss: 0.480015
Epoch 295 [70000/84843] Loss: 0.352418
Epoch 295 - Avg Loss: 0.439882 | Train Acc: 93.33%
Val: loss=0.3547, acc=10654/10975 (97.08%)
Epoch 296 [0/84843] Loss: 0.505218
Epoch 296 [35000/84843] Loss: 0.302391
Epoch 296 [70000/84843] Loss: 0.417209
Epoch 296 - Avg Loss: 0.440469 | Train Acc: 93.33%
Val: loss=0.3543, acc=10643/10975 (96.97%)
Epoch 297 [0/84843] Loss: 0.447143
Epoch 297 [35000/84843] Loss: 0.560975
Epoch 297 [70000/84843] Loss: 0.552482
Epoch 297 - Avg Loss: 0.436992 | Train Acc: 93.48%
Val: loss=0.3535, acc=10656/10975 (97.09%)
Epoch 298 [0/84843] Loss: 0.596537
Epoch 298 [35000/84843] Loss: 0.421709
Epoch 298 [70000/84843] Loss: 0.450223
Epoch 298 - Avg Loss: 0.438317 | Train Acc: 93.40%
Val: loss=0.3523, acc=10656/10975 (97.09%)
Epoch 299 [0/84843] Loss: 0.444268
Epoch 299 [35000/84843] Loss: 0.346926
Epoch 299 [70000/84843] Loss: 0.357954
Epoch 299 - Avg Loss: 0.437692 | Train Acc: 93.43%
Val: loss=0.3523, acc=10654/10975 (97.08%)
Epoch 300 [0/84843] Loss: 0.310937
Epoch 300 [35000/84843] Loss: 0.549199
Epoch 300 [70000/84843] Loss: 0.490712
Epoch 300 - Avg Loss: 0.439064 | Train Acc: 93.37%
Val: loss=0.3563, acc=10648/10975 (97.02%)
Epoch 301 [0/84843] Loss: 0.419469
Epoch 301 [35000/84843] Loss: 0.490010
Epoch 301 [70000/84843] Loss: 0.537790
Epoch 301 - Avg Loss: 0.437559 | Train Acc: 93.47%
Val: loss=0.3527, acc=10652/10975 (97.06%)
Epoch 302 [0/84843] Loss: 0.543660
Epoch 302 [35000/84843] Loss: 0.423595
Epoch 302 [70000/84843] Loss: 0.362158
Epoch 302 - Avg Loss: 0.439007 | Train Acc: 93.31%
Val: loss=0.3549, acc=10651/10975 (97.05%)
Epoch 303 [0/84843] Loss: 0.304762
Epoch 303 [35000/84843] Loss: 0.344741
Epoch 303 [70000/84843] Loss: 0.353303
Epoch 303 - Avg Loss: 0.437238 | Train Acc: 93.50%
Val: loss=0.3508, acc=10660/10975 (97.13%)
Epoch 304 [0/84843] Loss: 0.315619
Epoch 304 [35000/84843] Loss: 0.457506
Epoch 304 [70000/84843] Loss: 0.469966
Epoch 304 - Avg Loss: 0.436094 | Train Acc: 93.48%
Val: loss=0.3547, acc=10661/10975 (97.14%)
Epoch 305 [0/84843] Loss: 0.561105
Epoch 305 [35000/84843] Loss: 0.365137
Epoch 305 [70000/84843] Loss: 0.503200
Epoch 305 - Avg Loss: 0.437469 | Train Acc: 93.49%
Val: loss=0.3544, acc=10633/10975 (96.88%)
Epoch 306 [0/84843] Loss: 0.337890
Epoch 306 [35000/84843] Loss: 0.517186
Epoch 306 [70000/84843] Loss: 0.419394
Epoch 306 - Avg Loss: 0.440732 | Train Acc: 93.30%
Val: loss=0.3530, acc=10662/10975 (97.15%)
Epoch 307 [0/84843] Loss: 0.317500
Epoch 307 [35000/84843] Loss: 0.363161
Epoch 307 [70000/84843] Loss: 0.385946
Epoch 307 - Avg Loss: 0.437529 | Train Acc: 93.45%
Val: loss=0.3552, acc=10635/10975 (96.90%)
Epoch 308 [0/84843] Loss: 0.388272
Epoch 308 [35000/84843] Loss: 0.354540
Epoch 308 [70000/84843] Loss: 0.376525
Epoch 308 - Avg Loss: 0.437776 | Train Acc: 93.38%
Val: loss=0.3508, acc=10657/10975 (97.10%)
Epoch 309 [0/84843] Loss: 0.364668
Epoch 309 [35000/84843] Loss: 0.567299
Epoch 309 [70000/84843] Loss: 0.358836
Epoch 309 - Avg Loss: 0.438663 | Train Acc: 93.36%
Val: loss=0.3499, acc=10657/10975 (97.10%)
Epoch 310 [0/84843] Loss: 0.387310
Epoch 310 [35000/84843] Loss: 0.372773
Epoch 310 [70000/84843] Loss: 0.361841
Epoch 310 - Avg Loss: 0.434091 | Train Acc: 93.58%
Val: loss=0.3513, acc=10653/10975 (97.07%)
Epoch 311 [0/84843] Loss: 0.519202
Epoch 311 [35000/84843] Loss: 0.464514
Epoch 311 [70000/84843] Loss: 0.332895
Epoch 311 - Avg Loss: 0.436171 | Train Acc: 93.46%
Val: loss=0.3537, acc=10641/10975 (96.96%)
Epoch 312 [0/84843] Loss: 0.472972
Epoch 312 [35000/84843] Loss: 0.470520
Epoch 312 [70000/84843] Loss: 0.360017
Epoch 312 - Avg Loss: 0.433886 | Train Acc: 93.61%
Val: loss=0.3532, acc=10650/10975 (97.04%)
Epoch 313 [0/84843] Loss: 0.320992
Epoch 313 [35000/84843] Loss: 0.489415
Epoch 313 [70000/84843] Loss: 0.435112
Epoch 313 - Avg Loss: 0.437458 | Train Acc: 93.50%
Val: loss=0.3555, acc=10637/10975 (96.92%)
Epoch 314 [0/84843] Loss: 0.400787
Epoch 314 [35000/84843] Loss: 0.604496
Epoch 314 [70000/84843] Loss: 0.367791
Epoch 314 - Avg Loss: 0.435483 | Train Acc: 93.54%
Val: loss=0.3553, acc=10646/10975 (97.00%)
Epoch 315 [0/84843] Loss: 0.315734
Epoch 315 [35000/84843] Loss: 0.369146
Epoch 315 [70000/84843] Loss: 0.393562
Epoch 315 - Avg Loss: 0.437848 | Train Acc: 93.34%
Val: loss=0.3535, acc=10657/10975 (97.10%)
Epoch 316 [0/84843] Loss: 0.383432
Epoch 316 [35000/84843] Loss: 0.405129
Epoch 316 [70000/84843] Loss: 0.347317
Epoch 316 - Avg Loss: 0.438273 | Train Acc: 93.40%
Val: loss=0.3530, acc=10651/10975 (97.05%)
Epoch 317 [0/84843] Loss: 0.585004
Epoch 317 [35000/84843] Loss: 0.520721
Epoch 317 [70000/84843] Loss: 0.502187
Epoch 317 - Avg Loss: 0.439941 | Train Acc: 93.29%
Val: loss=0.3546, acc=10641/10975 (96.96%)
Epoch 318 [0/84843] Loss: 0.459282
Epoch 318 [35000/84843] Loss: 0.320568
Epoch 318 [70000/84843] Loss: 0.322416
Epoch 318 - Avg Loss: 0.436890 | Train Acc: 93.50%
Val: loss=0.3531, acc=10654/10975 (97.08%)
Epoch 319 [0/84843] Loss: 0.450141
Epoch 319 [35000/84843] Loss: 0.340260
Epoch 319 [70000/84843] Loss: 0.376400
Epoch 319 - Avg Loss: 0.435544 | Train Acc: 93.48%
Val: loss=0.3548, acc=10641/10975 (96.96%)
Epoch 320 [0/84843] Loss: 0.386573
Epoch 320 [35000/84843] Loss: 0.505499
Epoch 320 [70000/84843] Loss: 0.370722
Epoch 320 - Avg Loss: 0.434663 | Train Acc: 93.53%
Val: loss=0.3552, acc=10647/10975 (97.01%)
Epoch 321 [0/84843] Loss: 0.365997
Epoch 321 [35000/84843] Loss: 0.536728
Epoch 321 [70000/84843] Loss: 0.439608
Epoch 321 - Avg Loss: 0.433116 | Train Acc: 93.62%
Val: loss=0.3520, acc=10666/10975 (97.18%)
Epoch 322 [0/84843] Loss: 0.394610
Epoch 322 [35000/84843] Loss: 0.507840
Epoch 322 [70000/84843] Loss: 0.424392
Epoch 322 - Avg Loss: 0.435274 | Train Acc: 93.45%
Val: loss=0.3504, acc=10669/10975 (97.21%)
Epoch 323 [0/84843] Loss: 0.380179
Epoch 323 [35000/84843] Loss: 0.389353
Epoch 323 [70000/84843] Loss: 0.657387
Epoch 323 - Avg Loss: 0.432711 | Train Acc: 93.65%
Val: loss=0.3520, acc=10660/10975 (97.13%)
Epoch 324 [0/84843] Loss: 0.435450
Epoch 324 [35000/84843] Loss: 0.418024
Epoch 324 [70000/84843] Loss: 0.335243
Epoch 324 - Avg Loss: 0.436949 | Train Acc: 93.39%
Val: loss=0.3494, acc=10662/10975 (97.15%)
Epoch 325 [0/84843] Loss: 0.423977
Epoch 325 [35000/84843] Loss: 0.408471
Epoch 325 [70000/84843] Loss: 0.339115
Epoch 325 - Avg Loss: 0.435304 | Train Acc: 93.55%
Val: loss=0.3503, acc=10663/10975 (97.16%)
Epoch 326 [0/84843] Loss: 0.487430
Epoch 326 [35000/84843] Loss: 0.411731
Epoch 326 [70000/84843] Loss: 0.371259
Epoch 326 - Avg Loss: 0.432793 | Train Acc: 93.64%
Val: loss=0.3510, acc=10663/10975 (97.16%)
Epoch 327 [0/84843] Loss: 0.422486
Epoch 327 [35000/84843] Loss: 0.393062
Epoch 327 [70000/84843] Loss: 0.449605
Epoch 327 - Avg Loss: 0.434231 | Train Acc: 93.50%
Val: loss=0.3495, acc=10662/10975 (97.15%)
Epoch 328 [0/84843] Loss: 0.455920
Epoch 328 [35000/84843] Loss: 0.334469
Epoch 328 [70000/84843] Loss: 0.502123
Epoch 328 - Avg Loss: 0.430460 | Train Acc: 93.73%
Val: loss=0.3492, acc=10676/10975 (97.28%)
saved best: 97.28%
Epoch 329 [0/84843] Loss: 0.390497
Epoch 329 [35000/84843] Loss: 0.419287
Epoch 329 [70000/84843] Loss: 0.436742
Epoch 329 - Avg Loss: 0.431105 | Train Acc: 93.67%
Val: loss=0.3522, acc=10671/10975 (97.23%)
Epoch 330 [0/84843] Loss: 0.526052
Epoch 330 [35000/84843] Loss: 0.560527
Epoch 330 [70000/84843] Loss: 0.417826
Epoch 330 - Avg Loss: 0.432735 | Train Acc: 93.60%
Val: loss=0.3539, acc=10656/10975 (97.09%)
Epoch 331 [0/84843] Loss: 0.467987
Epoch 331 [35000/84843] Loss: 0.316588
Epoch 331 [70000/84843] Loss: 0.601843
Epoch 331 - Avg Loss: 0.432172 | Train Acc: 93.65%
Val: loss=0.3508, acc=10659/10975 (97.12%)
Epoch 332 [0/84843] Loss: 0.347435
Epoch 332 [35000/84843] Loss: 0.397720
Epoch 332 [70000/84843] Loss: 0.436010
Epoch 332 - Avg Loss: 0.430898 | Train Acc: 93.69%
Val: loss=0.3522, acc=10658/10975 (97.11%)
Epoch 333 [0/84843] Loss: 0.446236
Epoch 333 [35000/84843] Loss: 0.540366
Epoch 333 [70000/84843] Loss: 0.369852
Epoch 333 - Avg Loss: 0.429582 | Train Acc: 93.72%
Val: loss=0.3527, acc=10650/10975 (97.04%)
Epoch 334 [0/84843] Loss: 0.456596
Epoch 334 [35000/84843] Loss: 0.332120
Epoch 334 [70000/84843] Loss: 0.385704
Epoch 334 - Avg Loss: 0.425569 | Train Acc: 93.94%
Val: loss=0.3513, acc=10664/10975 (97.17%)
Epoch 335 [0/84843] Loss: 0.470567
Epoch 335 [35000/84843] Loss: 0.534043
Epoch 335 [70000/84843] Loss: 0.358890
Epoch 335 - Avg Loss: 0.430587 | Train Acc: 93.75%
Val: loss=0.3489, acc=10673/10975 (97.25%)
Epoch 336 [0/84843] Loss: 0.461078
Epoch 336 [35000/84843] Loss: 0.510945
Epoch 336 [70000/84843] Loss: 0.461376
Epoch 336 - Avg Loss: 0.432418 | Train Acc: 93.65%
Val: loss=0.3499, acc=10676/10975 (97.28%)
Epoch 337 [0/84843] Loss: 0.448176
Epoch 337 [35000/84843] Loss: 0.389863
Epoch 337 [70000/84843] Loss: 0.440309
Epoch 337 - Avg Loss: 0.432344 | Train Acc: 93.66%
Val: loss=0.3525, acc=10654/10975 (97.08%)
Epoch 338 [0/84843] Loss: 0.349374
Epoch 338 [35000/84843] Loss: 0.466043
Epoch 338 [70000/84843] Loss: 0.317888
Epoch 338 - Avg Loss: 0.430815 | Train Acc: 93.77%
Val: loss=0.3501, acc=10663/10975 (97.16%)
Epoch 339 [0/84843] Loss: 0.549242
Epoch 339 [35000/84843] Loss: 0.488327
Epoch 339 [70000/84843] Loss: 0.386839
Epoch 339 - Avg Loss: 0.431992 | Train Acc: 93.57%
Val: loss=0.3507, acc=10660/10975 (97.13%)
Epoch 340 [0/84843] Loss: 0.569810
Epoch 340 [35000/84843] Loss: 0.387324
Epoch 340 [70000/84843] Loss: 0.498219
Epoch 340 - Avg Loss: 0.433726 | Train Acc: 93.50%
Val: loss=0.3496, acc=10664/10975 (97.17%)
Epoch 341 [0/84843] Loss: 0.431476
Epoch 341 [35000/84843] Loss: 0.427340
Epoch 341 [70000/84843] Loss: 0.328967
Epoch 341 - Avg Loss: 0.429232 | Train Acc: 93.73%
Val: loss=0.3519, acc=10666/10975 (97.18%)
Epoch 342 [0/84843] Loss: 0.393133
Epoch 342 [35000/84843] Loss: 0.618775
Epoch 342 [70000/84843] Loss: 0.393889
Epoch 342 - Avg Loss: 0.429266 | Train Acc: 93.75%
Val: loss=0.3498, acc=10663/10975 (97.16%)
Epoch 343 [0/84843] Loss: 0.587254
Epoch 343 [35000/84843] Loss: 0.502125
Epoch 343 [70000/84843] Loss: 0.390642
Epoch 343 - Avg Loss: 0.430134 | Train Acc: 93.71%
Val: loss=0.3515, acc=10656/10975 (97.09%)
Epoch 344 [0/84843] Loss: 0.413848
Epoch 344 [35000/84843] Loss: 0.582519
Epoch 344 [70000/84843] Loss: 0.407112
Epoch 344 - Avg Loss: 0.429512 | Train Acc: 93.67%
Val: loss=0.3510, acc=10652/10975 (97.06%)
Epoch 345 [0/84843] Loss: 0.568681
Epoch 345 [35000/84843] Loss: 0.335049
Epoch 345 [70000/84843] Loss: 0.552624
Epoch 345 - Avg Loss: 0.427700 | Train Acc: 93.82%
Val: loss=0.3497, acc=10662/10975 (97.15%)
Epoch 346 [0/84843] Loss: 0.342686
Epoch 346 [35000/84843] Loss: 0.492888
Epoch 346 [70000/84843] Loss: 0.340697
Epoch 346 - Avg Loss: 0.427159 | Train Acc: 93.86%
Val: loss=0.3477, acc=10686/10975 (97.37%)
saved best: 97.37%
Epoch 347 [0/84843] Loss: 0.429155
Epoch 347 [35000/84843] Loss: 0.518195
Epoch 347 [70000/84843] Loss: 0.404389
Epoch 347 - Avg Loss: 0.431319 | Train Acc: 93.71%
Val: loss=0.3480, acc=10675/10975 (97.27%)
Epoch 348 [0/84843] Loss: 0.375742
Epoch 348 [35000/84843] Loss: 0.456863
Epoch 348 [70000/84843] Loss: 0.485151
Epoch 348 - Avg Loss: 0.427903 | Train Acc: 93.78%
Val: loss=0.3508, acc=10658/10975 (97.11%)
Epoch 349 [0/84843] Loss: 0.340126
Epoch 349 [35000/84843] Loss: 0.417808
Epoch 349 [70000/84843] Loss: 0.358926
Epoch 349 - Avg Loss: 0.425746 | Train Acc: 93.86%
Val: loss=0.3520, acc=10661/10975 (97.14%)
Epoch 350 [0/84843] Loss: 0.567568
Epoch 350 [35000/84843] Loss: 0.435624
Epoch 350 [70000/84843] Loss: 0.479950
Epoch 350 - Avg Loss: 0.429334 | Train Acc: 93.73%
Val: loss=0.3479, acc=10677/10975 (97.28%)
Epoch 351 [0/84843] Loss: 0.650517
Epoch 351 [35000/84843] Loss: 0.478751
Epoch 351 [70000/84843] Loss: 0.396110
Epoch 351 - Avg Loss: 0.428257 | Train Acc: 93.80%
Val: loss=0.3470, acc=10676/10975 (97.28%)
Epoch 352 [0/84843] Loss: 0.480972
Epoch 352 [35000/84843] Loss: 0.402336
Epoch 352 [70000/84843] Loss: 0.627091
Epoch 352 - Avg Loss: 0.431418 | Train Acc: 93.74%
Val: loss=0.3488, acc=10667/10975 (97.19%)
Epoch 353 [0/84843] Loss: 0.335463
Epoch 353 [35000/84843] Loss: 0.432983
Epoch 353 [70000/84843] Loss: 0.524400
Epoch 353 - Avg Loss: 0.424114 | Train Acc: 93.99%
Val: loss=0.3484, acc=10663/10975 (97.16%)
Epoch 354 [0/84843] Loss: 0.460647
Epoch 354 [35000/84843] Loss: 0.462411
Epoch 354 [70000/84843] Loss: 0.466306
Epoch 354 - Avg Loss: 0.427481 | Train Acc: 93.78%
Val: loss=0.3499, acc=10668/10975 (97.20%)
Epoch 355 [0/84843] Loss: 0.388824
Epoch 355 [35000/84843] Loss: 0.375591
Epoch 355 [70000/84843] Loss: 0.403779
Epoch 355 - Avg Loss: 0.426918 | Train Acc: 93.90%
Val: loss=0.3476, acc=10673/10975 (97.25%)
Epoch 356 [0/84843] Loss: 0.408306
Epoch 356 [35000/84843] Loss: 0.521846
Epoch 356 [70000/84843] Loss: 0.385089
Epoch 356 - Avg Loss: 0.429000 | Train Acc: 93.77%
Val: loss=0.3490, acc=10675/10975 (97.27%)
Epoch 357 [0/84843] Loss: 0.452734
Epoch 357 [35000/84843] Loss: 0.301293
Epoch 357 [70000/84843] Loss: 0.532303
Epoch 357 - Avg Loss: 0.424299 | Train Acc: 93.92%
Val: loss=0.3499, acc=10663/10975 (97.16%)
Epoch 358 [0/84843] Loss: 0.436827
Epoch 358 [35000/84843] Loss: 0.377831
Epoch 358 [70000/84843] Loss: 0.355508
Epoch 358 - Avg Loss: 0.429364 | Train Acc: 93.65%
Val: loss=0.3479, acc=10674/10975 (97.26%)
Epoch 359 [0/84843] Loss: 0.620410
Epoch 359 [35000/84843] Loss: 0.422850
Epoch 359 [70000/84843] Loss: 0.482556
Epoch 359 - Avg Loss: 0.429851 | Train Acc: 93.72%
Val: loss=0.3486, acc=10674/10975 (97.26%)
Epoch 360 [0/84843] Loss: 0.296319
Epoch 360 [35000/84843] Loss: 0.432640
Epoch 360 [70000/84843] Loss: 0.284728
Epoch 360 - Avg Loss: 0.426789 | Train Acc: 93.76%
Val: loss=0.3471, acc=10680/10975 (97.31%)
Epoch 361 [0/84843] Loss: 0.339487
Epoch 361 [35000/84843] Loss: 0.431478
Epoch 361 [70000/84843] Loss: 0.430919
Epoch 361 - Avg Loss: 0.427378 | Train Acc: 93.73%
Val: loss=0.3478, acc=10677/10975 (97.28%)
Epoch 362 [0/84843] Loss: 0.438484
Epoch 362 [35000/84843] Loss: 0.312231
Epoch 362 [70000/84843] Loss: 0.409304
Epoch 362 - Avg Loss: 0.425761 | Train Acc: 93.89%
Val: loss=0.3487, acc=10673/10975 (97.25%)
Epoch 363 [0/84843] Loss: 0.481503
Epoch 363 [35000/84843] Loss: 0.392183
Epoch 363 [70000/84843] Loss: 0.353770
Epoch 363 - Avg Loss: 0.430233 | Train Acc: 93.67%
Val: loss=0.3475, acc=10679/10975 (97.30%)
Epoch 364 [0/84843] Loss: 0.345228
Epoch 364 [35000/84843] Loss: 0.329896
Epoch 364 [70000/84843] Loss: 0.399652
Epoch 364 - Avg Loss: 0.424180 | Train Acc: 93.91%
Val: loss=0.3487, acc=10678/10975 (97.29%)
Epoch 365 [0/84843] Loss: 0.465597
Epoch 365 [35000/84843] Loss: 0.290771
Epoch 365 [70000/84843] Loss: 0.403632
Epoch 365 - Avg Loss: 0.430556 | Train Acc: 93.69%
Val: loss=0.3462, acc=10685/10975 (97.36%)
Epoch 366 [0/84843] Loss: 0.384775
Epoch 366 [35000/84843] Loss: 0.472184
Epoch 366 [70000/84843] Loss: 0.295904
Epoch 366 - Avg Loss: 0.427543 | Train Acc: 93.81%
Val: loss=0.3479, acc=10676/10975 (97.28%)
Epoch 367 [0/84843] Loss: 0.532337
Epoch 367 [35000/84843] Loss: 0.412963
Epoch 367 [70000/84843] Loss: 0.386630
Epoch 367 - Avg Loss: 0.430537 | Train Acc: 93.73%
Val: loss=0.3472, acc=10675/10975 (97.27%)
Epoch 368 [0/84843] Loss: 0.371014
Epoch 368 [35000/84843] Loss: 0.438221
Epoch 368 [70000/84843] Loss: 0.355281
Epoch 368 - Avg Loss: 0.426351 | Train Acc: 93.88%
Val: loss=0.3476, acc=10677/10975 (97.28%)
Epoch 369 [0/84843] Loss: 0.521973
Epoch 369 [35000/84843] Loss: 0.409621
Epoch 369 [70000/84843] Loss: 0.350521
Epoch 369 - Avg Loss: 0.425883 | Train Acc: 93.87%
Val: loss=0.3475, acc=10679/10975 (97.30%)
Epoch 370 [0/84843] Loss: 0.441179
Epoch 370 [35000/84843] Loss: 0.381304
Epoch 370 [70000/84843] Loss: 0.467064
Epoch 370 - Avg Loss: 0.427052 | Train Acc: 93.93%
Val: loss=0.3475, acc=10680/10975 (97.31%)
Epoch 371 [0/84843] Loss: 0.349286
Epoch 371 [35000/84843] Loss: 0.409995
Epoch 371 [70000/84843] Loss: 0.516263
Epoch 371 - Avg Loss: 0.426432 | Train Acc: 93.88%
Val: loss=0.3477, acc=10673/10975 (97.25%)
Epoch 372 [0/84843] Loss: 0.604321
Epoch 372 [35000/84843] Loss: 0.363476
Epoch 372 [70000/84843] Loss: 0.560034
Epoch 372 - Avg Loss: 0.430116 | Train Acc: 93.72%
Val: loss=0.3467, acc=10689/10975 (97.39%)
saved best: 97.39%
Epoch 373 [0/84843] Loss: 0.373307
Epoch 373 [35000/84843] Loss: 0.356844
Epoch 373 [70000/84843] Loss: 0.402440
Epoch 373 - Avg Loss: 0.424728 | Train Acc: 93.89%
Val: loss=0.3490, acc=10674/10975 (97.26%)
Epoch 374 [0/84843] Loss: 0.347208
Epoch 374 [35000/84843] Loss: 0.332558
Epoch 374 [70000/84843] Loss: 0.362190
Epoch 374 - Avg Loss: 0.426182 | Train Acc: 93.84%
Val: loss=0.3484, acc=10668/10975 (97.20%)
Epoch 375 [0/84843] Loss: 0.491588
Epoch 375 [35000/84843] Loss: 0.611863
Epoch 375 [70000/84843] Loss: 0.482855
Epoch 375 - Avg Loss: 0.425122 | Train Acc: 93.95%
Val: loss=0.3488, acc=10673/10975 (97.25%)
Epoch 376 [0/84843] Loss: 0.430563
Epoch 376 [35000/84843] Loss: 0.453418
Epoch 376 [70000/84843] Loss: 0.308630
Epoch 376 - Avg Loss: 0.427468 | Train Acc: 93.80%
Val: loss=0.3484, acc=10675/10975 (97.27%)
Epoch 377 [0/84843] Loss: 0.452522
Epoch 377 [35000/84843] Loss: 0.400939
Epoch 377 [70000/84843] Loss: 0.364539
Epoch 377 - Avg Loss: 0.426346 | Train Acc: 93.85%
Val: loss=0.3494, acc=10671/10975 (97.23%)
Epoch 378 [0/84843] Loss: 0.609442
Epoch 378 [35000/84843] Loss: 0.492580
Epoch 378 [70000/84843] Loss: 0.358047
Epoch 378 - Avg Loss: 0.427331 | Train Acc: 93.80%
Val: loss=0.3493, acc=10671/10975 (97.23%)
Epoch 379 [0/84843] Loss: 0.380014
Epoch 379 [35000/84843] Loss: 0.438533
Epoch 379 [70000/84843] Loss: 0.762992
Epoch 379 - Avg Loss: 0.425492 | Train Acc: 93.91%
Val: loss=0.3482, acc=10672/10975 (97.24%)
Epoch 380 [0/84843] Loss: 0.438561
Epoch 380 [35000/84843] Loss: 0.328561
Epoch 380 [70000/84843] Loss: 0.550565
Epoch 380 - Avg Loss: 0.426032 | Train Acc: 93.90%
Val: loss=0.3470, acc=10680/10975 (97.31%)
Epoch 381 [0/84843] Loss: 0.326568
Epoch 381 [35000/84843] Loss: 0.318994
Epoch 381 [70000/84843] Loss: 0.358567
Epoch 381 - Avg Loss: 0.423807 | Train Acc: 93.97%
Val: loss=0.3471, acc=10678/10975 (97.29%)
Epoch 382 [0/84843] Loss: 0.453141
Epoch 382 [35000/84843] Loss: 0.401025
Epoch 382 [70000/84843] Loss: 0.534882
Epoch 382 - Avg Loss: 0.422062 | Train Acc: 94.00%
Val: loss=0.3473, acc=10677/10975 (97.28%)
Epoch 383 [0/84843] Loss: 0.574115
Epoch 383 [35000/84843] Loss: 0.551925
Epoch 383 [70000/84843] Loss: 0.426542
Epoch 383 - Avg Loss: 0.427823 | Train Acc: 93.76%
Val: loss=0.3474, acc=10677/10975 (97.28%)
Epoch 384 [0/84843] Loss: 0.346756
Epoch 384 [35000/84843] Loss: 0.291108
Epoch 384 [70000/84843] Loss: 0.369886
Epoch 384 - Avg Loss: 0.422727 | Train Acc: 94.07%
Val: loss=0.3472, acc=10674/10975 (97.26%)
Epoch 385 [0/84843] Loss: 0.366989
Epoch 385 [35000/84843] Loss: 0.371847
Epoch 385 [70000/84843] Loss: 0.360573
Epoch 385 - Avg Loss: 0.426523 | Train Acc: 93.80%
Val: loss=0.3475, acc=10679/10975 (97.30%)
Epoch 386 [0/84843] Loss: 0.446730
Epoch 386 [35000/84843] Loss: 0.485783
Epoch 386 [70000/84843] Loss: 0.409126
Epoch 386 - Avg Loss: 0.425964 | Train Acc: 93.85%
Val: loss=0.3484, acc=10672/10975 (97.24%)
Epoch 387 [0/84843] Loss: 0.351848
Epoch 387 [35000/84843] Loss: 0.514353
Epoch 387 [70000/84843] Loss: 0.493464
Epoch 387 - Avg Loss: 0.426027 | Train Acc: 93.90%
Val: loss=0.3480, acc=10674/10975 (97.26%)
Epoch 388 [0/84843] Loss: 0.362408
Epoch 388 [35000/84843] Loss: 0.430373
Epoch 388 [70000/84843] Loss: 0.605005
Epoch 388 - Avg Loss: 0.428006 | Train Acc: 93.76%
Val: loss=0.3470, acc=10679/10975 (97.30%)
Epoch 389 [0/84843] Loss: 0.480034
Epoch 389 [35000/84843] Loss: 0.289176
Epoch 389 [70000/84843] Loss: 0.365961
Epoch 389 - Avg Loss: 0.424958 | Train Acc: 93.90%
Val: loss=0.3488, acc=10672/10975 (97.24%)
Epoch 390 [0/84843] Loss: 0.354063
Epoch 390 [35000/84843] Loss: 0.314515
Epoch 390 [70000/84843] Loss: 0.443411
Epoch 390 - Avg Loss: 0.426207 | Train Acc: 93.90%
Val: loss=0.3480, acc=10675/10975 (97.27%)
Epoch 391 [0/84843] Loss: 0.555781
Epoch 391 [35000/84843] Loss: 0.399322
Epoch 391 [70000/84843] Loss: 0.376962
Epoch 391 - Avg Loss: 0.424803 | Train Acc: 93.83%
Val: loss=0.3470, acc=10680/10975 (97.31%)
Epoch 392 [0/84843] Loss: 0.537800
Epoch 392 [35000/84843] Loss: 0.644313
Epoch 392 [70000/84843] Loss: 0.419457
Epoch 392 - Avg Loss: 0.428215 | Train Acc: 93.81%
Val: loss=0.3471, acc=10680/10975 (97.31%)
Epoch 393 [0/84843] Loss: 0.365262
Epoch 393 [35000/84843] Loss: 0.446558
Epoch 393 [70000/84843] Loss: 0.436575
Epoch 393 - Avg Loss: 0.428994 | Train Acc: 93.73%
Val: loss=0.3478, acc=10676/10975 (97.28%)
Epoch 394 [0/84843] Loss: 0.350685
Epoch 394 [35000/84843] Loss: 0.481071
Epoch 394 [70000/84843] Loss: 0.358799
Epoch 394 - Avg Loss: 0.429334 | Train Acc: 93.69%
Val: loss=0.3474, acc=10678/10975 (97.29%)
Epoch 395 [0/84843] Loss: 0.381607
Epoch 395 [35000/84843] Loss: 0.411107
Epoch 395 [70000/84843] Loss: 0.484969
Epoch 395 - Avg Loss: 0.426270 | Train Acc: 93.89%
Val: loss=0.3476, acc=10679/10975 (97.30%)
Epoch 396 [0/84843] Loss: 0.571766
Epoch 396 [35000/84843] Loss: 0.637432
Epoch 396 [70000/84843] Loss: 0.362490
Epoch 396 - Avg Loss: 0.425839 | Train Acc: 93.93%
Val: loss=0.3472, acc=10679/10975 (97.30%)
Epoch 397 [0/84843] Loss: 0.524369
Epoch 397 [35000/84843] Loss: 0.585848
Epoch 397 [70000/84843] Loss: 0.420540
Epoch 397 - Avg Loss: 0.426555 | Train Acc: 93.85%
Val: loss=0.3476, acc=10673/10975 (97.25%)
Epoch 398 [0/84843] Loss: 0.354159
Epoch 398 [35000/84843] Loss: 0.311409
Epoch 398 [70000/84843] Loss: 0.355980
Epoch 398 - Avg Loss: 0.425985 | Train Acc: 93.88%
Val: loss=0.3483, acc=10670/10975 (97.22%)
Epoch 399 [0/84843] Loss: 0.433496
Epoch 399 [35000/84843] Loss: 0.409270
Epoch 399 [70000/84843] Loss: 0.375192
Epoch 399 - Avg Loss: 0.425482 | Train Acc: 93.92%
Val: loss=0.3478, acc=10675/10975 (97.27%)
Epoch 400 [0/84843] Loss: 0.324201
Epoch 400 [35000/84843] Loss: 0.442041
Epoch 400 [70000/84843] Loss: 0.374774
Epoch 400 - Avg Loss: 0.426932 | Train Acc: 93.85%
Val: loss=0.3473, acc=10676/10975 (97.28%)
Test: loss=0.3464, acc=11782/12101 (97.36%)
Saved plot to /scratch/work/lainem31/PTQ_project/keyword_spotting/plots/17536674/train_val_24_mels_delta_17536674_4.png
