Running feature config: 24_mels_delta (task 5)
SpecAugment freq_mask=12 time_mask=5
Device: cuda
Feature config: 24_mels_delta -> {'n_mels': 24, 'use_delta': True, 'use_delta_delta': False}
SpecAugment: True freq_mask=12 time_mask=5
GPU Name: Tesla V100-PCIE-32GB
GPU Memory: 34.07 GB
Total model parameters: 47,628
Epoch 1 [0/84843] Loss: 2.494225
Epoch 1 [35000/84843] Loss: 1.533237
Epoch 1 [70000/84843] Loss: 1.559047
Epoch 1 - Avg Loss: 1.676711 | Train Acc: 55.95%
Val: loss=1.5182, acc=6878/10975 (62.67%)
saved best: 62.67%
Epoch 2 [0/84843] Loss: 1.406181
Epoch 2 [35000/84843] Loss: 1.545589
Epoch 2 [70000/84843] Loss: 1.388778
Epoch 2 - Avg Loss: 1.377417 | Train Acc: 66.49%
Val: loss=1.3859, acc=7258/10975 (66.13%)
saved best: 66.13%
Epoch 3 [0/84843] Loss: 1.495054
Epoch 3 [35000/84843] Loss: 1.261779
Epoch 3 [70000/84843] Loss: 1.426167
Epoch 3 - Avg Loss: 1.349511 | Train Acc: 66.80%
Val: loss=1.3528, acc=7265/10975 (66.20%)
saved best: 66.20%
Epoch 4 [0/84843] Loss: 1.347265
Epoch 4 [35000/84843] Loss: 1.421223
Epoch 4 [70000/84843] Loss: 1.208501
Epoch 4 - Avg Loss: 1.298164 | Train Acc: 67.05%
Val: loss=1.2647, acc=7457/10975 (67.95%)
saved best: 67.95%
Epoch 5 [0/84843] Loss: 1.141854
Epoch 5 [35000/84843] Loss: 1.391506
Epoch 5 [70000/84843] Loss: 1.288225
Epoch 5 - Avg Loss: 1.240510 | Train Acc: 68.06%
Val: loss=1.2599, acc=7214/10975 (65.73%)
Epoch 6 [0/84843] Loss: 1.292717
Epoch 6 [35000/84843] Loss: 1.436353
Epoch 6 [70000/84843] Loss: 1.180162
Epoch 6 - Avg Loss: 1.200067 | Train Acc: 68.21%
Val: loss=1.1745, acc=7415/10975 (67.56%)
Epoch 7 [0/84843] Loss: 1.281330
Epoch 7 [35000/84843] Loss: 1.180340
Epoch 7 [70000/84843] Loss: 1.101033
Epoch 7 - Avg Loss: 1.167431 | Train Acc: 68.42%
Val: loss=1.1302, acc=7467/10975 (68.04%)
saved best: 68.04%
Epoch 8 [0/84843] Loss: 1.124728
Epoch 8 [35000/84843] Loss: 0.993044
Epoch 8 [70000/84843] Loss: 1.334287
Epoch 8 - Avg Loss: 1.133937 | Train Acc: 68.87%
Val: loss=1.0956, acc=7713/10975 (70.28%)
saved best: 70.28%
Epoch 9 [0/84843] Loss: 1.054570
Epoch 9 [35000/84843] Loss: 1.160989
Epoch 9 [70000/84843] Loss: 1.051070
Epoch 9 - Avg Loss: 1.094329 | Train Acc: 70.51%
Val: loss=1.0470, acc=7796/10975 (71.03%)
saved best: 71.03%
Epoch 10 [0/84843] Loss: 0.786180
Epoch 10 [35000/84843] Loss: 1.183171
Epoch 10 [70000/84843] Loss: 0.869611
Epoch 10 - Avg Loss: 1.051985 | Train Acc: 71.43%
Val: loss=0.9953, acc=7846/10975 (71.49%)
saved best: 71.49%
Epoch 11 [0/84843] Loss: 0.817370
Epoch 11 [35000/84843] Loss: 0.906094
Epoch 11 [70000/84843] Loss: 0.939966
Epoch 11 - Avg Loss: 1.015252 | Train Acc: 71.88%
Val: loss=0.9516, acc=7937/10975 (72.32%)
saved best: 72.32%
Epoch 12 [0/84843] Loss: 0.903786
Epoch 12 [35000/84843] Loss: 0.941436
Epoch 12 [70000/84843] Loss: 1.023101
Epoch 12 - Avg Loss: 0.968282 | Train Acc: 72.97%
Val: loss=0.9054, acc=8128/10975 (74.06%)
saved best: 74.06%
Epoch 13 [0/84843] Loss: 0.714625
Epoch 13 [35000/84843] Loss: 0.888963
Epoch 13 [70000/84843] Loss: 1.067056
Epoch 13 - Avg Loss: 0.926792 | Train Acc: 74.50%
Val: loss=0.8568, acc=8373/10975 (76.29%)
saved best: 76.29%
Epoch 14 [0/84843] Loss: 0.923405
Epoch 14 [35000/84843] Loss: 0.782739
Epoch 14 [70000/84843] Loss: 0.716720
Epoch 14 - Avg Loss: 0.881365 | Train Acc: 76.46%
Val: loss=0.8089, acc=8804/10975 (80.22%)
saved best: 80.22%
Epoch 15 [0/84843] Loss: 0.832877
Epoch 15 [35000/84843] Loss: 1.173478
Epoch 15 [70000/84843] Loss: 0.895621
Epoch 15 - Avg Loss: 0.841575 | Train Acc: 78.31%
Val: loss=0.7621, acc=9111/10975 (83.02%)
saved best: 83.02%
Epoch 16 [0/84843] Loss: 0.892143
Epoch 16 [35000/84843] Loss: 0.769703
Epoch 16 [70000/84843] Loss: 0.851453
Epoch 16 - Avg Loss: 0.790425 | Train Acc: 80.52%
Val: loss=0.7079, acc=9319/10975 (84.91%)
saved best: 84.91%
Epoch 17 [0/84843] Loss: 0.736940
Epoch 17 [35000/84843] Loss: 0.715481
Epoch 17 [70000/84843] Loss: 0.752910
Epoch 17 - Avg Loss: 0.737621 | Train Acc: 82.75%
Val: loss=0.6493, acc=9556/10975 (87.07%)
saved best: 87.07%
Epoch 18 [0/84843] Loss: 0.637711
Epoch 18 [35000/84843] Loss: 0.845827
Epoch 18 [70000/84843] Loss: 0.575589
Epoch 18 - Avg Loss: 0.696225 | Train Acc: 84.43%
Val: loss=0.6191, acc=9678/10975 (88.18%)
saved best: 88.18%
Epoch 19 [0/84843] Loss: 0.645528
Epoch 19 [35000/84843] Loss: 0.541603
Epoch 19 [70000/84843] Loss: 0.578573
Epoch 19 - Avg Loss: 0.660117 | Train Acc: 85.78%
Val: loss=0.5794, acc=9808/10975 (89.37%)
saved best: 89.37%
Epoch 20 [0/84843] Loss: 0.521340
Epoch 20 [35000/84843] Loss: 0.594737
Epoch 20 [70000/84843] Loss: 0.740489
Epoch 20 - Avg Loss: 0.632074 | Train Acc: 86.72%
Val: loss=0.5606, acc=9869/10975 (89.92%)
saved best: 89.92%
Epoch 21 [0/84843] Loss: 0.705536
Epoch 21 [35000/84843] Loss: 0.560175
Epoch 21 [70000/84843] Loss: 0.736754
Epoch 21 - Avg Loss: 0.612079 | Train Acc: 87.51%
Val: loss=0.5688, acc=9819/10975 (89.47%)
Epoch 22 [0/84843] Loss: 0.644068
Epoch 22 [35000/84843] Loss: 0.599183
Epoch 22 [70000/84843] Loss: 0.610541
Epoch 22 - Avg Loss: 0.594814 | Train Acc: 88.05%
Val: loss=0.5239, acc=10036/10975 (91.44%)
saved best: 91.44%
Epoch 23 [0/84843] Loss: 0.657527
Epoch 23 [35000/84843] Loss: 0.464184
Epoch 23 [70000/84843] Loss: 0.697307
Epoch 23 - Avg Loss: 0.575096 | Train Acc: 88.78%
Val: loss=0.5138, acc=10079/10975 (91.84%)
saved best: 91.84%
Epoch 24 [0/84843] Loss: 0.644973
Epoch 24 [35000/84843] Loss: 0.626014
Epoch 24 [70000/84843] Loss: 0.476759
Epoch 24 - Avg Loss: 0.560107 | Train Acc: 89.41%
Val: loss=0.5142, acc=10065/10975 (91.71%)
Epoch 25 [0/84843] Loss: 0.662433
Epoch 25 [35000/84843] Loss: 0.463087
Epoch 25 [70000/84843] Loss: 0.432298
Epoch 25 - Avg Loss: 0.546408 | Train Acc: 89.84%
Val: loss=0.4879, acc=10170/10975 (92.67%)
saved best: 92.67%
Epoch 26 [0/84843] Loss: 0.548396
Epoch 26 [35000/84843] Loss: 0.657851
Epoch 26 [70000/84843] Loss: 0.581265
Epoch 26 - Avg Loss: 0.536747 | Train Acc: 90.17%
Val: loss=0.4953, acc=10124/10975 (92.25%)
Epoch 27 [0/84843] Loss: 0.560951
Epoch 27 [35000/84843] Loss: 0.651778
Epoch 27 [70000/84843] Loss: 0.572339
Epoch 27 - Avg Loss: 0.527387 | Train Acc: 90.50%
Val: loss=0.4735, acc=10216/10975 (93.08%)
saved best: 93.08%
Epoch 28 [0/84843] Loss: 0.455716
Epoch 28 [35000/84843] Loss: 0.862481
Epoch 28 [70000/84843] Loss: 0.415570
Epoch 28 - Avg Loss: 0.518978 | Train Acc: 90.80%
Val: loss=0.4712, acc=10196/10975 (92.90%)
Epoch 29 [0/84843] Loss: 0.547691
Epoch 29 [35000/84843] Loss: 0.395988
Epoch 29 [70000/84843] Loss: 0.489842
Epoch 29 - Avg Loss: 0.511919 | Train Acc: 91.19%
Val: loss=0.4625, acc=10258/10975 (93.47%)
saved best: 93.47%
Epoch 30 [0/84843] Loss: 0.641806
Epoch 30 [35000/84843] Loss: 0.495813
Epoch 30 [70000/84843] Loss: 0.453975
Epoch 30 - Avg Loss: 0.499563 | Train Acc: 91.52%
Val: loss=0.4560, acc=10285/10975 (93.71%)
saved best: 93.71%
Epoch 31 [0/84843] Loss: 0.466925
Epoch 31 [35000/84843] Loss: 0.470145
Epoch 31 [70000/84843] Loss: 0.511379
Epoch 31 - Avg Loss: 0.493946 | Train Acc: 91.77%
Val: loss=0.4493, acc=10308/10975 (93.92%)
saved best: 93.92%
Epoch 32 [0/84843] Loss: 0.572680
Epoch 32 [35000/84843] Loss: 0.695380
Epoch 32 [70000/84843] Loss: 0.413329
Epoch 32 - Avg Loss: 0.488060 | Train Acc: 92.00%
Val: loss=0.4406, acc=10323/10975 (94.06%)
saved best: 94.06%
Epoch 33 [0/84843] Loss: 0.523747
Epoch 33 [35000/84843] Loss: 0.699022
Epoch 33 [70000/84843] Loss: 0.423341
Epoch 33 - Avg Loss: 0.484238 | Train Acc: 92.09%
Val: loss=0.4530, acc=10283/10975 (93.69%)
Epoch 34 [0/84843] Loss: 0.671222
Epoch 34 [35000/84843] Loss: 0.557616
Epoch 34 [70000/84843] Loss: 0.514324
Epoch 34 - Avg Loss: 0.476070 | Train Acc: 92.39%
Val: loss=0.4359, acc=10350/10975 (94.31%)
saved best: 94.31%
Epoch 35 [0/84843] Loss: 0.476514
Epoch 35 [35000/84843] Loss: 0.438519
Epoch 35 [70000/84843] Loss: 0.392580
Epoch 35 - Avg Loss: 0.474558 | Train Acc: 92.50%
Val: loss=0.4318, acc=10375/10975 (94.53%)
saved best: 94.53%
Epoch 36 [0/84843] Loss: 0.370999
Epoch 36 [35000/84843] Loss: 0.504601
Epoch 36 [70000/84843] Loss: 0.594003
Epoch 36 - Avg Loss: 0.464264 | Train Acc: 92.87%
Val: loss=0.4325, acc=10374/10975 (94.52%)
Epoch 37 [0/84843] Loss: 0.586875
Epoch 37 [35000/84843] Loss: 0.364500
Epoch 37 [70000/84843] Loss: 0.354343
Epoch 37 - Avg Loss: 0.458224 | Train Acc: 93.09%
Val: loss=0.4246, acc=10398/10975 (94.74%)
saved best: 94.74%
Epoch 38 [0/84843] Loss: 0.440258
Epoch 38 [35000/84843] Loss: 0.439586
Epoch 38 [70000/84843] Loss: 0.481640
Epoch 38 - Avg Loss: 0.457280 | Train Acc: 93.07%
Val: loss=0.4213, acc=10414/10975 (94.89%)
saved best: 94.89%
Epoch 39 [0/84843] Loss: 0.445148
Epoch 39 [35000/84843] Loss: 0.414464
Epoch 39 [70000/84843] Loss: 0.396578
Epoch 39 - Avg Loss: 0.454077 | Train Acc: 93.31%
Val: loss=0.4243, acc=10377/10975 (94.55%)
Epoch 40 [0/84843] Loss: 0.467759
Epoch 40 [35000/84843] Loss: 0.443608
Epoch 40 [70000/84843] Loss: 0.411472
Epoch 40 - Avg Loss: 0.448447 | Train Acc: 93.42%
Val: loss=0.4251, acc=10399/10975 (94.75%)
Epoch 41 [0/84843] Loss: 0.564684
Epoch 41 [35000/84843] Loss: 0.444538
Epoch 41 [70000/84843] Loss: 0.456487
Epoch 41 - Avg Loss: 0.444355 | Train Acc: 93.53%
Val: loss=0.4141, acc=10435/10975 (95.08%)
saved best: 95.08%
Epoch 42 [0/84843] Loss: 0.420679
Epoch 42 [35000/84843] Loss: 0.394889
Epoch 42 [70000/84843] Loss: 0.355485
Epoch 42 - Avg Loss: 0.442226 | Train Acc: 93.60%
Val: loss=0.4138, acc=10418/10975 (94.92%)
Epoch 43 [0/84843] Loss: 0.433100
Epoch 43 [35000/84843] Loss: 0.343546
Epoch 43 [70000/84843] Loss: 0.453446
Epoch 43 - Avg Loss: 0.437174 | Train Acc: 93.88%
Val: loss=0.4127, acc=10427/10975 (95.01%)
Epoch 44 [0/84843] Loss: 0.312317
Epoch 44 [35000/84843] Loss: 0.435322
Epoch 44 [70000/84843] Loss: 0.378660
Epoch 44 - Avg Loss: 0.432124 | Train Acc: 93.99%
Val: loss=0.4039, acc=10471/10975 (95.41%)
saved best: 95.41%
Epoch 45 [0/84843] Loss: 0.406884
Epoch 45 [35000/84843] Loss: 0.494918
Epoch 45 [70000/84843] Loss: 0.485957
Epoch 45 - Avg Loss: 0.429789 | Train Acc: 94.08%
Val: loss=0.4033, acc=10464/10975 (95.34%)
Epoch 46 [0/84843] Loss: 0.427899
Epoch 46 [35000/84843] Loss: 0.547334
Epoch 46 [70000/84843] Loss: 0.400067
Epoch 46 - Avg Loss: 0.426470 | Train Acc: 94.14%
Val: loss=0.4102, acc=10433/10975 (95.06%)
Epoch 47 [0/84843] Loss: 0.482406
Epoch 47 [35000/84843] Loss: 0.390855
Epoch 47 [70000/84843] Loss: 0.390031
Epoch 47 - Avg Loss: 0.424672 | Train Acc: 94.25%
Val: loss=0.4157, acc=10417/10975 (94.92%)
Epoch 48 [0/84843] Loss: 0.380373
Epoch 48 [35000/84843] Loss: 0.342917
Epoch 48 [70000/84843] Loss: 0.348344
Epoch 48 - Avg Loss: 0.421047 | Train Acc: 94.45%
Val: loss=0.4024, acc=10468/10975 (95.38%)
Epoch 49 [0/84843] Loss: 0.498837
Epoch 49 [35000/84843] Loss: 0.358750
Epoch 49 [70000/84843] Loss: 0.389065
Epoch 49 - Avg Loss: 0.419383 | Train Acc: 94.53%
Val: loss=0.4049, acc=10456/10975 (95.27%)
Epoch 50 [0/84843] Loss: 0.429352
Epoch 50 [35000/84843] Loss: 0.419493
Epoch 50 [70000/84843] Loss: 0.538256
Epoch 50 - Avg Loss: 0.416015 | Train Acc: 94.62%
Val: loss=0.3982, acc=10483/10975 (95.52%)
saved best: 95.52%
Epoch 51 [0/84843] Loss: 0.323728
Epoch 51 [35000/84843] Loss: 0.390777
Epoch 51 [70000/84843] Loss: 0.402560
Epoch 51 - Avg Loss: 0.415047 | Train Acc: 94.68%
Val: loss=0.4059, acc=10448/10975 (95.20%)
Epoch 52 [0/84843] Loss: 0.383246
Epoch 52 [35000/84843] Loss: 0.405664
Epoch 52 [70000/84843] Loss: 0.429789
Epoch 52 - Avg Loss: 0.410337 | Train Acc: 94.85%
Val: loss=0.3981, acc=10483/10975 (95.52%)
Epoch 53 [0/84843] Loss: 0.454066
Epoch 53 [35000/84843] Loss: 0.473212
Epoch 53 [70000/84843] Loss: 0.422922
Epoch 53 - Avg Loss: 0.411101 | Train Acc: 94.76%
Val: loss=0.3906, acc=10513/10975 (95.79%)
saved best: 95.79%
Epoch 54 [0/84843] Loss: 0.405886
Epoch 54 [35000/84843] Loss: 0.453614
Epoch 54 [70000/84843] Loss: 0.321606
Epoch 54 - Avg Loss: 0.405976 | Train Acc: 94.94%
Val: loss=0.4046, acc=10452/10975 (95.23%)
Epoch 55 [0/84843] Loss: 0.374035
Epoch 55 [35000/84843] Loss: 0.362018
Epoch 55 [70000/84843] Loss: 0.320900
Epoch 55 - Avg Loss: 0.403205 | Train Acc: 95.07%
Val: loss=0.3919, acc=10500/10975 (95.67%)
Epoch 56 [0/84843] Loss: 0.384079
Epoch 56 [35000/84843] Loss: 0.566794
Epoch 56 [70000/84843] Loss: 0.352551
Epoch 56 - Avg Loss: 0.403090 | Train Acc: 95.09%
Val: loss=0.3939, acc=10498/10975 (95.65%)
Epoch 57 [0/84843] Loss: 0.409567
Epoch 57 [35000/84843] Loss: 0.367973
Epoch 57 [70000/84843] Loss: 0.402282
Epoch 57 - Avg Loss: 0.401414 | Train Acc: 95.16%
Val: loss=0.3917, acc=10502/10975 (95.69%)
Epoch 58 [0/84843] Loss: 0.334239
Epoch 58 [35000/84843] Loss: 0.372055
Epoch 58 [70000/84843] Loss: 0.401081
Epoch 58 - Avg Loss: 0.399307 | Train Acc: 95.18%
Val: loss=0.3832, acc=10543/10975 (96.06%)
saved best: 96.06%
Epoch 59 [0/84843] Loss: 0.424524
Epoch 59 [35000/84843] Loss: 0.350495
Epoch 59 [70000/84843] Loss: 0.312893
Epoch 59 - Avg Loss: 0.398197 | Train Acc: 95.33%
Val: loss=0.4001, acc=10467/10975 (95.37%)
Epoch 60 [0/84843] Loss: 0.396576
Epoch 60 [35000/84843] Loss: 0.403401
Epoch 60 [70000/84843] Loss: 0.369094
Epoch 60 - Avg Loss: 0.395298 | Train Acc: 95.38%
Val: loss=0.3878, acc=10517/10975 (95.83%)
Epoch 61 [0/84843] Loss: 0.444959
Epoch 61 [35000/84843] Loss: 0.388000
Epoch 61 [70000/84843] Loss: 0.441057
Epoch 61 - Avg Loss: 0.393017 | Train Acc: 95.46%
Val: loss=0.3819, acc=10553/10975 (96.15%)
saved best: 96.15%
Epoch 62 [0/84843] Loss: 0.379543
Epoch 62 [35000/84843] Loss: 0.284710
Epoch 62 [70000/84843] Loss: 0.582364
Epoch 62 - Avg Loss: 0.392999 | Train Acc: 95.50%
Val: loss=0.3838, acc=10541/10975 (96.05%)
Epoch 63 [0/84843] Loss: 0.460320
Epoch 63 [35000/84843] Loss: 0.337003
Epoch 63 [70000/84843] Loss: 0.418523
Epoch 63 - Avg Loss: 0.389382 | Train Acc: 95.62%
Val: loss=0.3819, acc=10542/10975 (96.05%)
Epoch 64 [0/84843] Loss: 0.280581
Epoch 64 [35000/84843] Loss: 0.382673
Epoch 64 [70000/84843] Loss: 0.382953
Epoch 64 - Avg Loss: 0.388849 | Train Acc: 95.65%
Val: loss=0.3843, acc=10539/10975 (96.03%)
Epoch 65 [0/84843] Loss: 0.448502
Epoch 65 [35000/84843] Loss: 0.389871
Epoch 65 [70000/84843] Loss: 0.503163
Epoch 65 - Avg Loss: 0.389201 | Train Acc: 95.65%
Val: loss=0.3802, acc=10555/10975 (96.17%)
saved best: 96.17%
Epoch 66 [0/84843] Loss: 0.419038
Epoch 66 [35000/84843] Loss: 0.301788
Epoch 66 [70000/84843] Loss: 0.437976
Epoch 66 - Avg Loss: 0.387282 | Train Acc: 95.64%
Val: loss=0.3888, acc=10522/10975 (95.87%)
Epoch 67 [0/84843] Loss: 0.418997
Epoch 67 [35000/84843] Loss: 0.376649
Epoch 67 [70000/84843] Loss: 0.378797
Epoch 67 - Avg Loss: 0.385370 | Train Acc: 95.72%
Val: loss=0.3802, acc=10551/10975 (96.14%)
Epoch 68 [0/84843] Loss: 0.335025
Epoch 68 [35000/84843] Loss: 0.353351
Epoch 68 [70000/84843] Loss: 0.501347
Epoch 68 - Avg Loss: 0.384330 | Train Acc: 95.79%
Val: loss=0.3795, acc=10543/10975 (96.06%)
Epoch 69 [0/84843] Loss: 0.347241
Epoch 69 [35000/84843] Loss: 0.381996
Epoch 69 [70000/84843] Loss: 0.304347
Epoch 69 - Avg Loss: 0.384334 | Train Acc: 95.75%
Val: loss=0.3768, acc=10566/10975 (96.27%)
saved best: 96.27%
Epoch 70 [0/84843] Loss: 0.410055
Epoch 70 [35000/84843] Loss: 0.299369
Epoch 70 [70000/84843] Loss: 0.362885
Epoch 70 - Avg Loss: 0.380976 | Train Acc: 95.90%
Val: loss=0.3792, acc=10553/10975 (96.15%)
Epoch 71 [0/84843] Loss: 0.337050
Epoch 71 [35000/84843] Loss: 0.371407
Epoch 71 [70000/84843] Loss: 0.356004
Epoch 71 - Avg Loss: 0.379377 | Train Acc: 95.94%
Val: loss=0.3862, acc=10514/10975 (95.80%)
Epoch 72 [0/84843] Loss: 0.387464
Epoch 72 [35000/84843] Loss: 0.370474
Epoch 72 [70000/84843] Loss: 0.540393
Epoch 72 - Avg Loss: 0.379547 | Train Acc: 95.94%
Val: loss=0.3852, acc=10529/10975 (95.94%)
Epoch 73 [0/84843] Loss: 0.352206
Epoch 73 [35000/84843] Loss: 0.348321
Epoch 73 [70000/84843] Loss: 0.494862
Epoch 73 - Avg Loss: 0.379067 | Train Acc: 95.97%
Val: loss=0.3824, acc=10517/10975 (95.83%)
Epoch 74 [0/84843] Loss: 0.307253
Epoch 74 [35000/84843] Loss: 0.425433
Epoch 74 [70000/84843] Loss: 0.414555
Epoch 74 - Avg Loss: 0.376910 | Train Acc: 96.09%
Val: loss=0.3745, acc=10577/10975 (96.37%)
saved best: 96.37%
Epoch 75 [0/84843] Loss: 0.353633
Epoch 75 [35000/84843] Loss: 0.362696
Epoch 75 [70000/84843] Loss: 0.448519
Epoch 75 - Avg Loss: 0.375880 | Train Acc: 96.04%
Val: loss=0.3871, acc=10520/10975 (95.85%)
Epoch 76 [0/84843] Loss: 0.426527
Epoch 76 [35000/84843] Loss: 0.423694
Epoch 76 [70000/84843] Loss: 0.414727
Epoch 76 - Avg Loss: 0.376642 | Train Acc: 96.08%
Val: loss=0.3800, acc=10545/10975 (96.08%)
Epoch 77 [0/84843] Loss: 0.367968
Epoch 77 [35000/84843] Loss: 0.345716
Epoch 77 [70000/84843] Loss: 0.387807
Epoch 77 - Avg Loss: 0.376329 | Train Acc: 96.06%
Val: loss=0.3855, acc=10527/10975 (95.92%)
Epoch 78 [0/84843] Loss: 0.317115
Epoch 78 [35000/84843] Loss: 0.416589
Epoch 78 [70000/84843] Loss: 0.422733
Epoch 78 - Avg Loss: 0.374811 | Train Acc: 96.16%
Val: loss=0.3833, acc=10513/10975 (95.79%)
Epoch 79 [0/84843] Loss: 0.318248
Epoch 79 [35000/84843] Loss: 0.316668
Epoch 79 [70000/84843] Loss: 0.356624
Epoch 79 - Avg Loss: 0.371984 | Train Acc: 96.26%
Val: loss=0.3850, acc=10512/10975 (95.78%)
Epoch 80 [0/84843] Loss: 0.382217
Epoch 80 [35000/84843] Loss: 0.328885
Epoch 80 [70000/84843] Loss: 0.408735
Epoch 80 - Avg Loss: 0.372821 | Train Acc: 96.20%
Val: loss=0.3794, acc=10539/10975 (96.03%)
Epoch 81 [0/84843] Loss: 0.371657
Epoch 81 [35000/84843] Loss: 0.279466
Epoch 81 [70000/84843] Loss: 0.341363
Epoch 81 - Avg Loss: 0.372076 | Train Acc: 96.17%
Val: loss=0.3744, acc=10555/10975 (96.17%)
Epoch 82 [0/84843] Loss: 0.343347
Epoch 82 [35000/84843] Loss: 0.377943
Epoch 82 [70000/84843] Loss: 0.402041
Epoch 82 - Avg Loss: 0.371854 | Train Acc: 96.21%
Val: loss=0.3718, acc=10578/10975 (96.38%)
saved best: 96.38%
Epoch 83 [0/84843] Loss: 0.340745
Epoch 83 [35000/84843] Loss: 0.391832
Epoch 83 [70000/84843] Loss: 0.338973
Epoch 83 - Avg Loss: 0.369588 | Train Acc: 96.31%
Val: loss=0.3814, acc=10523/10975 (95.88%)
Epoch 84 [0/84843] Loss: 0.361668
Epoch 84 [35000/84843] Loss: 0.455038
Epoch 84 [70000/84843] Loss: 0.385066
Epoch 84 - Avg Loss: 0.371757 | Train Acc: 96.20%
Val: loss=0.3874, acc=10518/10975 (95.84%)
Epoch 85 [0/84843] Loss: 0.469584
Epoch 85 [35000/84843] Loss: 0.329367
Epoch 85 [70000/84843] Loss: 0.289281
Epoch 85 - Avg Loss: 0.372371 | Train Acc: 96.23%
Val: loss=0.3714, acc=10573/10975 (96.34%)
Epoch 86 [0/84843] Loss: 0.371396
Epoch 86 [35000/84843] Loss: 0.402958
Epoch 86 [70000/84843] Loss: 0.290153
Epoch 86 - Avg Loss: 0.370559 | Train Acc: 96.23%
Val: loss=0.3726, acc=10565/10975 (96.26%)
Epoch 87 [0/84843] Loss: 0.291703
Epoch 87 [35000/84843] Loss: 0.392112
Epoch 87 [70000/84843] Loss: 0.385867
Epoch 87 - Avg Loss: 0.368403 | Train Acc: 96.34%
Val: loss=0.3805, acc=10539/10975 (96.03%)
Epoch 88 [0/84843] Loss: 0.290121
Epoch 88 [35000/84843] Loss: 0.363505
Epoch 88 [70000/84843] Loss: 0.398885
Epoch 88 - Avg Loss: 0.369928 | Train Acc: 96.28%
Val: loss=0.3741, acc=10579/10975 (96.39%)
saved best: 96.39%
Epoch 89 [0/84843] Loss: 0.386212
Epoch 89 [35000/84843] Loss: 0.378597
Epoch 89 [70000/84843] Loss: 0.323497
Epoch 89 - Avg Loss: 0.369213 | Train Acc: 96.33%
Val: loss=0.3753, acc=10556/10975 (96.18%)
Epoch 90 [0/84843] Loss: 0.347617
Epoch 90 [35000/84843] Loss: 0.370940
Epoch 90 [70000/84843] Loss: 0.283918
Epoch 90 - Avg Loss: 0.365684 | Train Acc: 96.43%
Val: loss=0.3678, acc=10576/10975 (96.36%)
Epoch 91 [0/84843] Loss: 0.385972
Epoch 91 [35000/84843] Loss: 0.357096
Epoch 91 [70000/84843] Loss: 0.334142
Epoch 91 - Avg Loss: 0.366408 | Train Acc: 96.47%
Val: loss=0.3706, acc=10587/10975 (96.46%)
saved best: 96.46%
Epoch 92 [0/84843] Loss: 0.347054
Epoch 92 [35000/84843] Loss: 0.386613
Epoch 92 [70000/84843] Loss: 0.374340
Epoch 92 - Avg Loss: 0.366781 | Train Acc: 96.41%
Val: loss=0.3786, acc=10570/10975 (96.31%)
Epoch 93 [0/84843] Loss: 0.332608
Epoch 93 [35000/84843] Loss: 0.442720
Epoch 93 [70000/84843] Loss: 0.346666
Epoch 93 - Avg Loss: 0.365995 | Train Acc: 96.41%
Val: loss=0.3758, acc=10561/10975 (96.23%)
Epoch 94 [0/84843] Loss: 0.316281
Epoch 94 [35000/84843] Loss: 0.331577
Epoch 94 [70000/84843] Loss: 0.443024
Epoch 94 - Avg Loss: 0.366283 | Train Acc: 96.47%
Val: loss=0.3683, acc=10585/10975 (96.45%)
Epoch 95 [0/84843] Loss: 0.404353
Epoch 95 [35000/84843] Loss: 0.397760
Epoch 95 [70000/84843] Loss: 0.308068
Epoch 95 - Avg Loss: 0.365794 | Train Acc: 96.45%
Val: loss=0.3719, acc=10584/10975 (96.44%)
Epoch 96 [0/84843] Loss: 0.402789
Epoch 96 [35000/84843] Loss: 0.435045
Epoch 96 [70000/84843] Loss: 0.467735
Epoch 96 - Avg Loss: 0.366348 | Train Acc: 96.43%
Val: loss=0.3722, acc=10568/10975 (96.29%)
Epoch 97 [0/84843] Loss: 0.468604
Epoch 97 [35000/84843] Loss: 0.284310
Epoch 97 [70000/84843] Loss: 0.381968
Epoch 97 - Avg Loss: 0.365031 | Train Acc: 96.51%
Val: loss=0.3737, acc=10575/10975 (96.36%)
Epoch 98 [0/84843] Loss: 0.367532
Epoch 98 [35000/84843] Loss: 0.381586
Epoch 98 [70000/84843] Loss: 0.439148
Epoch 98 - Avg Loss: 0.363678 | Train Acc: 96.51%
Val: loss=0.3733, acc=10586/10975 (96.46%)
Epoch 99 [0/84843] Loss: 0.355401
Epoch 99 [35000/84843] Loss: 0.325369
Epoch 99 [70000/84843] Loss: 0.382163
Epoch 99 - Avg Loss: 0.364244 | Train Acc: 96.51%
Val: loss=0.3804, acc=10557/10975 (96.19%)
Epoch 100 [0/84843] Loss: 0.353085
Epoch 100 [35000/84843] Loss: 0.325931
Epoch 100 [70000/84843] Loss: 0.320664
Epoch 100 - Avg Loss: 0.363288 | Train Acc: 96.53%
Val: loss=0.3723, acc=10569/10975 (96.30%)
Epoch 101 [0/84843] Loss: 0.330273
Epoch 101 [35000/84843] Loss: 0.374456
Epoch 101 [70000/84843] Loss: 0.571791
Epoch 101 - Avg Loss: 0.364918 | Train Acc: 96.44%
Val: loss=0.3710, acc=10603/10975 (96.61%)
saved best: 96.61%
Epoch 102 [0/84843] Loss: 0.344867
Epoch 102 [35000/84843] Loss: 0.383092
Epoch 102 [70000/84843] Loss: 0.404251
Epoch 102 - Avg Loss: 0.360772 | Train Acc: 96.66%
Val: loss=0.3687, acc=10581/10975 (96.41%)
Epoch 103 [0/84843] Loss: 0.361354
Epoch 103 [35000/84843] Loss: 0.370871
Epoch 103 [70000/84843] Loss: 0.361173
Epoch 103 - Avg Loss: 0.363338 | Train Acc: 96.50%
Val: loss=0.3764, acc=10553/10975 (96.15%)
Epoch 104 [0/84843] Loss: 0.332836
Epoch 104 [35000/84843] Loss: 0.308350
Epoch 104 [70000/84843] Loss: 0.379527
Epoch 104 - Avg Loss: 0.361661 | Train Acc: 96.57%
Val: loss=0.3705, acc=10568/10975 (96.29%)
Epoch 105 [0/84843] Loss: 0.373980
Epoch 105 [35000/84843] Loss: 0.349840
Epoch 105 [70000/84843] Loss: 0.383420
Epoch 105 - Avg Loss: 0.362801 | Train Acc: 96.51%
Val: loss=0.3717, acc=10577/10975 (96.37%)
Epoch 106 [0/84843] Loss: 0.388206
Epoch 106 [35000/84843] Loss: 0.313227
Epoch 106 [70000/84843] Loss: 0.416149
Epoch 106 - Avg Loss: 0.360283 | Train Acc: 96.69%
Val: loss=0.3807, acc=10540/10975 (96.04%)
Epoch 107 [0/84843] Loss: 0.328707
Epoch 107 [35000/84843] Loss: 0.290988
Epoch 107 [70000/84843] Loss: 0.308221
Epoch 107 - Avg Loss: 0.361601 | Train Acc: 96.55%
Val: loss=0.3755, acc=10585/10975 (96.45%)
Epoch 108 [0/84843] Loss: 0.338632
Epoch 108 [35000/84843] Loss: 0.489718
Epoch 108 [70000/84843] Loss: 0.312555
Epoch 108 - Avg Loss: 0.360677 | Train Acc: 96.61%
Val: loss=0.3770, acc=10549/10975 (96.12%)
Epoch 109 [0/84843] Loss: 0.304930
Epoch 109 [35000/84843] Loss: 0.325020
Epoch 109 [70000/84843] Loss: 0.299500
Epoch 109 - Avg Loss: 0.361750 | Train Acc: 96.58%
Val: loss=0.3759, acc=10556/10975 (96.18%)
Epoch 110 [0/84843] Loss: 0.383088
Epoch 110 [35000/84843] Loss: 0.299711
Epoch 110 [70000/84843] Loss: 0.303524
Epoch 110 - Avg Loss: 0.358143 | Train Acc: 96.73%
Val: loss=0.3740, acc=10581/10975 (96.41%)
Epoch 111 [0/84843] Loss: 0.389332
Epoch 111 [35000/84843] Loss: 0.399456
Epoch 111 [70000/84843] Loss: 0.295457
Epoch 111 - Avg Loss: 0.360233 | Train Acc: 96.63%
Val: loss=0.3741, acc=10565/10975 (96.26%)
Epoch 112 [0/84843] Loss: 0.308842
Epoch 112 [35000/84843] Loss: 0.402792
Epoch 112 [70000/84843] Loss: 0.378026
Epoch 112 - Avg Loss: 0.358946 | Train Acc: 96.69%
Val: loss=0.3727, acc=10577/10975 (96.37%)
Epoch 113 [0/84843] Loss: 0.375353
Epoch 113 [35000/84843] Loss: 0.304099
Epoch 113 [70000/84843] Loss: 0.338026
Epoch 113 - Avg Loss: 0.356796 | Train Acc: 96.78%
Val: loss=0.3742, acc=10562/10975 (96.24%)
Epoch 114 [0/84843] Loss: 0.497256
Epoch 114 [35000/84843] Loss: 0.317193
Epoch 114 [70000/84843] Loss: 0.373516
Epoch 114 - Avg Loss: 0.359040 | Train Acc: 96.68%
Val: loss=0.3692, acc=10601/10975 (96.59%)
Epoch 115 [0/84843] Loss: 0.299217
Epoch 115 [35000/84843] Loss: 0.287094
Epoch 115 [70000/84843] Loss: 0.352130
Epoch 115 - Avg Loss: 0.357687 | Train Acc: 96.73%
Val: loss=0.3788, acc=10548/10975 (96.11%)
Epoch 116 [0/84843] Loss: 0.305075
Epoch 116 [35000/84843] Loss: 0.324202
Epoch 116 [70000/84843] Loss: 0.415584
Epoch 116 - Avg Loss: 0.357622 | Train Acc: 96.75%
Val: loss=0.3663, acc=10585/10975 (96.45%)
Epoch 117 [0/84843] Loss: 0.376134
Epoch 117 [35000/84843] Loss: 0.345834
Epoch 117 [70000/84843] Loss: 0.308506
Epoch 117 - Avg Loss: 0.356843 | Train Acc: 96.67%
Val: loss=0.3741, acc=10577/10975 (96.37%)
Epoch 118 [0/84843] Loss: 0.348753
Epoch 118 [35000/84843] Loss: 0.410720
Epoch 118 [70000/84843] Loss: 0.404603
Epoch 118 - Avg Loss: 0.357626 | Train Acc: 96.74%
Val: loss=0.3733, acc=10578/10975 (96.38%)
Epoch 119 [0/84843] Loss: 0.315520
Epoch 119 [35000/84843] Loss: 0.364471
Epoch 119 [70000/84843] Loss: 0.577742
Epoch 119 - Avg Loss: 0.356609 | Train Acc: 96.78%
Val: loss=0.3660, acc=10602/10975 (96.60%)
Epoch 120 [0/84843] Loss: 0.331097
Epoch 120 [35000/84843] Loss: 0.360208
Epoch 120 [70000/84843] Loss: 0.435108
Epoch 120 - Avg Loss: 0.356919 | Train Acc: 96.77%
Val: loss=0.3767, acc=10560/10975 (96.22%)
Epoch 121 [0/84843] Loss: 0.391358
Epoch 121 [35000/84843] Loss: 0.370704
Epoch 121 [70000/84843] Loss: 0.383313
Epoch 121 - Avg Loss: 0.357098 | Train Acc: 96.72%
Val: loss=0.3710, acc=10595/10975 (96.54%)
Epoch 122 [0/84843] Loss: 0.366900
Epoch 122 [35000/84843] Loss: 0.362964
Epoch 122 [70000/84843] Loss: 0.340479
Epoch 122 - Avg Loss: 0.355733 | Train Acc: 96.75%
Val: loss=0.3724, acc=10586/10975 (96.46%)
Epoch 123 [0/84843] Loss: 0.405038
Epoch 123 [35000/84843] Loss: 0.383365
Epoch 123 [70000/84843] Loss: 0.350613
Epoch 123 - Avg Loss: 0.356734 | Train Acc: 96.74%
Val: loss=0.3724, acc=10564/10975 (96.26%)
Epoch 124 [0/84843] Loss: 0.302007
Epoch 124 [35000/84843] Loss: 0.284812
Epoch 124 [70000/84843] Loss: 0.366936
Epoch 124 - Avg Loss: 0.353125 | Train Acc: 96.86%
Val: loss=0.3702, acc=10569/10975 (96.30%)
Epoch 125 [0/84843] Loss: 0.429707
Epoch 125 [35000/84843] Loss: 0.338947
Epoch 125 [70000/84843] Loss: 0.419169
Epoch 125 - Avg Loss: 0.353701 | Train Acc: 96.85%
Val: loss=0.3688, acc=10581/10975 (96.41%)
Epoch 126 [0/84843] Loss: 0.330968
Epoch 126 [35000/84843] Loss: 0.294927
Epoch 126 [70000/84843] Loss: 0.404141
Epoch 126 - Avg Loss: 0.354623 | Train Acc: 96.84%
Val: loss=0.3643, acc=10599/10975 (96.57%)
Epoch 127 [0/84843] Loss: 0.309320
Epoch 127 [35000/84843] Loss: 0.289926
Epoch 127 [70000/84843] Loss: 0.377399
Epoch 127 - Avg Loss: 0.353509 | Train Acc: 96.92%
Val: loss=0.3725, acc=10580/10975 (96.40%)
Epoch 128 [0/84843] Loss: 0.319154
Epoch 128 [35000/84843] Loss: 0.311198
Epoch 128 [70000/84843] Loss: 0.441703
Epoch 128 - Avg Loss: 0.352462 | Train Acc: 96.93%
Val: loss=0.3668, acc=10597/10975 (96.56%)
Epoch 129 [0/84843] Loss: 0.454869
Epoch 129 [35000/84843] Loss: 0.442387
Epoch 129 [70000/84843] Loss: 0.280551
Epoch 129 - Avg Loss: 0.353859 | Train Acc: 96.89%
Val: loss=0.3711, acc=10565/10975 (96.26%)
Epoch 130 [0/84843] Loss: 0.316937
Epoch 130 [35000/84843] Loss: 0.364455
Epoch 130 [70000/84843] Loss: 0.397545
Epoch 130 - Avg Loss: 0.353561 | Train Acc: 96.88%
Val: loss=0.3727, acc=10580/10975 (96.40%)
Epoch 131 [0/84843] Loss: 0.297031
Epoch 131 [35000/84843] Loss: 0.322978
Epoch 131 [70000/84843] Loss: 0.315576
Epoch 131 - Avg Loss: 0.352627 | Train Acc: 96.97%
Val: loss=0.3670, acc=10610/10975 (96.67%)
saved best: 96.67%
Epoch 132 [0/84843] Loss: 0.339641
Epoch 132 [35000/84843] Loss: 0.334724
Epoch 132 [70000/84843] Loss: 0.414452
Epoch 132 - Avg Loss: 0.351629 | Train Acc: 96.99%
Val: loss=0.3699, acc=10574/10975 (96.35%)
Epoch 133 [0/84843] Loss: 0.349021
Epoch 133 [35000/84843] Loss: 0.311539
Epoch 133 [70000/84843] Loss: 0.324228
Epoch 133 - Avg Loss: 0.352539 | Train Acc: 96.94%
Val: loss=0.3750, acc=10571/10975 (96.32%)
Epoch 134 [0/84843] Loss: 0.375665
Epoch 134 [35000/84843] Loss: 0.330575
Epoch 134 [70000/84843] Loss: 0.354121
Epoch 134 - Avg Loss: 0.353295 | Train Acc: 96.91%
Val: loss=0.3733, acc=10554/10975 (96.16%)
Epoch 135 [0/84843] Loss: 0.337807
Epoch 135 [35000/84843] Loss: 0.290039
Epoch 135 [70000/84843] Loss: 0.326824
Epoch 135 - Avg Loss: 0.352572 | Train Acc: 96.94%
Val: loss=0.3650, acc=10598/10975 (96.56%)
Epoch 136 [0/84843] Loss: 0.295938
Epoch 136 [35000/84843] Loss: 0.429680
Epoch 136 [70000/84843] Loss: 0.277271
Epoch 136 - Avg Loss: 0.352528 | Train Acc: 96.97%
Val: loss=0.3688, acc=10580/10975 (96.40%)
Epoch 137 [0/84843] Loss: 0.389966
Epoch 137 [35000/84843] Loss: 0.355047
Epoch 137 [70000/84843] Loss: 0.321230
Epoch 137 - Avg Loss: 0.350165 | Train Acc: 96.98%
Val: loss=0.3724, acc=10573/10975 (96.34%)
Epoch 138 [0/84843] Loss: 0.464927
Epoch 138 [35000/84843] Loss: 0.314211
Epoch 138 [70000/84843] Loss: 0.446628
Epoch 138 - Avg Loss: 0.351544 | Train Acc: 96.98%
Val: loss=0.3747, acc=10564/10975 (96.26%)
Epoch 139 [0/84843] Loss: 0.288272
Epoch 139 [35000/84843] Loss: 0.354997
Epoch 139 [70000/84843] Loss: 0.289394
Epoch 139 - Avg Loss: 0.350786 | Train Acc: 96.95%
Val: loss=0.3709, acc=10587/10975 (96.46%)
Epoch 140 [0/84843] Loss: 0.303907
Epoch 140 [35000/84843] Loss: 0.305694
Epoch 140 [70000/84843] Loss: 0.336139
Epoch 140 - Avg Loss: 0.352347 | Train Acc: 96.94%
Val: loss=0.3696, acc=10581/10975 (96.41%)
Epoch 141 [0/84843] Loss: 0.349876
Epoch 141 [35000/84843] Loss: 0.280554
Epoch 141 [70000/84843] Loss: 0.301342
Epoch 141 - Avg Loss: 0.349775 | Train Acc: 97.06%
Val: loss=0.3685, acc=10597/10975 (96.56%)
Epoch 142 [0/84843] Loss: 0.337562
Epoch 142 [35000/84843] Loss: 0.388770
Epoch 142 [70000/84843] Loss: 0.414611
Epoch 142 - Avg Loss: 0.350316 | Train Acc: 96.98%
Val: loss=0.3810, acc=10526/10975 (95.91%)
Epoch 143 [0/84843] Loss: 0.322963
Epoch 143 [35000/84843] Loss: 0.380468
Epoch 143 [70000/84843] Loss: 0.373109
Epoch 143 - Avg Loss: 0.350820 | Train Acc: 96.97%
Val: loss=0.3716, acc=10578/10975 (96.38%)
Epoch 144 [0/84843] Loss: 0.399083
Epoch 144 [35000/84843] Loss: 0.360260
Epoch 144 [70000/84843] Loss: 0.361619
Epoch 144 - Avg Loss: 0.350401 | Train Acc: 97.01%
Val: loss=0.3731, acc=10579/10975 (96.39%)
Epoch 145 [0/84843] Loss: 0.318157
Epoch 145 [35000/84843] Loss: 0.326358
Epoch 145 [70000/84843] Loss: 0.411141
Epoch 145 - Avg Loss: 0.350939 | Train Acc: 96.98%
Val: loss=0.3646, acc=10602/10975 (96.60%)
Epoch 146 [0/84843] Loss: 0.381891
Epoch 146 [35000/84843] Loss: 0.341631
Epoch 146 [70000/84843] Loss: 0.448487
Epoch 146 - Avg Loss: 0.349402 | Train Acc: 97.06%
Val: loss=0.3701, acc=10579/10975 (96.39%)
Epoch 147 [0/84843] Loss: 0.354047
Epoch 147 [35000/84843] Loss: 0.356299
Epoch 147 [70000/84843] Loss: 0.449120
Epoch 147 - Avg Loss: 0.350401 | Train Acc: 97.00%
Val: loss=0.3725, acc=10579/10975 (96.39%)
Epoch 148 [0/84843] Loss: 0.371851
Epoch 148 [35000/84843] Loss: 0.360641
Epoch 148 [70000/84843] Loss: 0.299779
Epoch 148 - Avg Loss: 0.349327 | Train Acc: 97.02%
Val: loss=0.3642, acc=10596/10975 (96.55%)
Epoch 149 [0/84843] Loss: 0.317757
Epoch 149 [35000/84843] Loss: 0.376874
Epoch 149 [70000/84843] Loss: 0.322635
Epoch 149 - Avg Loss: 0.349135 | Train Acc: 97.10%
Val: loss=0.3629, acc=10599/10975 (96.57%)
Epoch 150 [0/84843] Loss: 0.364744
Epoch 150 [35000/84843] Loss: 0.291995
Epoch 150 [70000/84843] Loss: 0.360057
Epoch 150 - Avg Loss: 0.349046 | Train Acc: 97.05%
Val: loss=0.3743, acc=10562/10975 (96.24%)
Epoch 151 [0/84843] Loss: 0.363386
Epoch 151 [35000/84843] Loss: 0.359860
Epoch 151 [70000/84843] Loss: 0.408516
Epoch 151 - Avg Loss: 0.349045 | Train Acc: 97.04%
Val: loss=0.3682, acc=10595/10975 (96.54%)
Epoch 152 [0/84843] Loss: 0.387493
Epoch 152 [35000/84843] Loss: 0.335047
Epoch 152 [70000/84843] Loss: 0.392053
Epoch 152 - Avg Loss: 0.347224 | Train Acc: 97.13%
Val: loss=0.3779, acc=10575/10975 (96.36%)
Epoch 153 [0/84843] Loss: 0.284001
Epoch 153 [35000/84843] Loss: 0.407864
Epoch 153 [70000/84843] Loss: 0.321347
Epoch 153 - Avg Loss: 0.345902 | Train Acc: 97.15%
Val: loss=0.3780, acc=10559/10975 (96.21%)
Epoch 154 [0/84843] Loss: 0.322248
Epoch 154 [35000/84843] Loss: 0.330459
Epoch 154 [70000/84843] Loss: 0.286013
Epoch 154 - Avg Loss: 0.347117 | Train Acc: 97.09%
Val: loss=0.3655, acc=10596/10975 (96.55%)
Epoch 155 [0/84843] Loss: 0.325806
Epoch 155 [35000/84843] Loss: 0.279743
Epoch 155 [70000/84843] Loss: 0.396428
Epoch 155 - Avg Loss: 0.344265 | Train Acc: 97.26%
Val: loss=0.3698, acc=10580/10975 (96.40%)
Epoch 156 [0/84843] Loss: 0.295702
Epoch 156 [35000/84843] Loss: 0.330984
Epoch 156 [70000/84843] Loss: 0.364326
Epoch 156 - Avg Loss: 0.345943 | Train Acc: 97.13%
Val: loss=0.3717, acc=10594/10975 (96.53%)
Epoch 157 [0/84843] Loss: 0.287719
Epoch 157 [35000/84843] Loss: 0.411143
Epoch 157 [70000/84843] Loss: 0.291918
Epoch 157 - Avg Loss: 0.347221 | Train Acc: 97.12%
Val: loss=0.3710, acc=10579/10975 (96.39%)
Epoch 158 [0/84843] Loss: 0.405154
Epoch 158 [35000/84843] Loss: 0.285686
Epoch 158 [70000/84843] Loss: 0.366203
Epoch 158 - Avg Loss: 0.345131 | Train Acc: 97.21%
Val: loss=0.3802, acc=10533/10975 (95.97%)
Epoch 159 [0/84843] Loss: 0.308506
Epoch 159 [35000/84843] Loss: 0.301485
Epoch 159 [70000/84843] Loss: 0.375613
Epoch 159 - Avg Loss: 0.348660 | Train Acc: 97.09%
Val: loss=0.3680, acc=10591/10975 (96.50%)
Epoch 160 [0/84843] Loss: 0.399878
Epoch 160 [35000/84843] Loss: 0.282303
Epoch 160 [70000/84843] Loss: 0.394514
Epoch 160 - Avg Loss: 0.345978 | Train Acc: 97.18%
Val: loss=0.3704, acc=10586/10975 (96.46%)
Epoch 161 [0/84843] Loss: 0.353987
Epoch 161 [35000/84843] Loss: 0.376694
Epoch 161 [70000/84843] Loss: 0.344348
Epoch 161 - Avg Loss: 0.345327 | Train Acc: 97.21%
Val: loss=0.3694, acc=10579/10975 (96.39%)
Epoch 162 [0/84843] Loss: 0.273934
Epoch 162 [35000/84843] Loss: 0.358980
Epoch 162 [70000/84843] Loss: 0.379102
Epoch 162 - Avg Loss: 0.345498 | Train Acc: 97.20%
Val: loss=0.3637, acc=10609/10975 (96.67%)
Epoch 163 [0/84843] Loss: 0.405318
Epoch 163 [35000/84843] Loss: 0.307357
Epoch 163 [70000/84843] Loss: 0.274338
Epoch 163 - Avg Loss: 0.344745 | Train Acc: 97.24%
Val: loss=0.3646, acc=10612/10975 (96.69%)
saved best: 96.69%
Epoch 164 [0/84843] Loss: 0.319394
Epoch 164 [35000/84843] Loss: 0.289752
Epoch 164 [70000/84843] Loss: 0.331384
Epoch 164 - Avg Loss: 0.347802 | Train Acc: 97.14%
Val: loss=0.3633, acc=10624/10975 (96.80%)
saved best: 96.80%
Epoch 165 [0/84843] Loss: 0.302871
Epoch 165 [35000/84843] Loss: 0.390608
Epoch 165 [70000/84843] Loss: 0.281662
Epoch 165 - Avg Loss: 0.345296 | Train Acc: 97.16%
Val: loss=0.3618, acc=10618/10975 (96.75%)
Epoch 166 [0/84843] Loss: 0.360011
Epoch 166 [35000/84843] Loss: 0.377699
Epoch 166 [70000/84843] Loss: 0.273474
Epoch 166 - Avg Loss: 0.342997 | Train Acc: 97.27%
Val: loss=0.3596, acc=10636/10975 (96.91%)
saved best: 96.91%
Epoch 167 [0/84843] Loss: 0.341384
Epoch 167 [35000/84843] Loss: 0.429737
Epoch 167 [70000/84843] Loss: 0.283225
Epoch 167 - Avg Loss: 0.345071 | Train Acc: 97.19%
Val: loss=0.3685, acc=10610/10975 (96.67%)
Epoch 168 [0/84843] Loss: 0.314771
Epoch 168 [35000/84843] Loss: 0.434089
Epoch 168 [70000/84843] Loss: 0.381337
Epoch 168 - Avg Loss: 0.343375 | Train Acc: 97.27%
Val: loss=0.3692, acc=10595/10975 (96.54%)
Epoch 169 [0/84843] Loss: 0.371784
Epoch 169 [35000/84843] Loss: 0.318005
Epoch 169 [70000/84843] Loss: 0.286310
Epoch 169 - Avg Loss: 0.343973 | Train Acc: 97.25%
Val: loss=0.3611, acc=10631/10975 (96.87%)
Epoch 170 [0/84843] Loss: 0.350942
Epoch 170 [35000/84843] Loss: 0.425487
Epoch 170 [70000/84843] Loss: 0.306096
Epoch 170 - Avg Loss: 0.343251 | Train Acc: 97.28%
Val: loss=0.3659, acc=10597/10975 (96.56%)
Epoch 171 [0/84843] Loss: 0.378302
Epoch 171 [35000/84843] Loss: 0.349798
Epoch 171 [70000/84843] Loss: 0.288156
Epoch 171 - Avg Loss: 0.343124 | Train Acc: 97.30%
Val: loss=0.3725, acc=10598/10975 (96.56%)
Epoch 172 [0/84843] Loss: 0.296870
Epoch 172 [35000/84843] Loss: 0.298254
Epoch 172 [70000/84843] Loss: 0.402189
Epoch 172 - Avg Loss: 0.344439 | Train Acc: 97.15%
Val: loss=0.3613, acc=10627/10975 (96.83%)
Epoch 173 [0/84843] Loss: 0.277893
Epoch 173 [35000/84843] Loss: 0.298343
Epoch 173 [70000/84843] Loss: 0.327426
Epoch 173 - Avg Loss: 0.343740 | Train Acc: 97.29%
Val: loss=0.3661, acc=10601/10975 (96.59%)
Epoch 174 [0/84843] Loss: 0.380063
Epoch 174 [35000/84843] Loss: 0.291352
Epoch 174 [70000/84843] Loss: 0.452497
Epoch 174 - Avg Loss: 0.342045 | Train Acc: 97.32%
Val: loss=0.3676, acc=10613/10975 (96.70%)
Epoch 175 [0/84843] Loss: 0.284501
Epoch 175 [35000/84843] Loss: 0.498102
Epoch 175 [70000/84843] Loss: 0.333263
Epoch 175 - Avg Loss: 0.342159 | Train Acc: 97.36%
Val: loss=0.3699, acc=10575/10975 (96.36%)
Epoch 176 [0/84843] Loss: 0.309131
Epoch 176 [35000/84843] Loss: 0.320472
Epoch 176 [70000/84843] Loss: 0.310941
Epoch 176 - Avg Loss: 0.341482 | Train Acc: 97.31%
Val: loss=0.3623, acc=10609/10975 (96.67%)
Epoch 177 [0/84843] Loss: 0.327712
Epoch 177 [35000/84843] Loss: 0.327115
Epoch 177 [70000/84843] Loss: 0.283996
Epoch 177 - Avg Loss: 0.341029 | Train Acc: 97.35%
Val: loss=0.3641, acc=10618/10975 (96.75%)
Epoch 178 [0/84843] Loss: 0.318617
Epoch 178 [35000/84843] Loss: 0.405116
Epoch 178 [70000/84843] Loss: 0.294180
Epoch 178 - Avg Loss: 0.341740 | Train Acc: 97.34%
Val: loss=0.3686, acc=10595/10975 (96.54%)
Epoch 179 [0/84843] Loss: 0.350118
Epoch 179 [35000/84843] Loss: 0.369842
Epoch 179 [70000/84843] Loss: 0.322825
Epoch 179 - Avg Loss: 0.340392 | Train Acc: 97.38%
Val: loss=0.3641, acc=10605/10975 (96.63%)
Epoch 180 [0/84843] Loss: 0.423175
Epoch 180 [35000/84843] Loss: 0.449946
Epoch 180 [70000/84843] Loss: 0.342071
Epoch 180 - Avg Loss: 0.342508 | Train Acc: 97.30%
Val: loss=0.3700, acc=10570/10975 (96.31%)
Epoch 181 [0/84843] Loss: 0.340304
Epoch 181 [35000/84843] Loss: 0.464473
Epoch 181 [70000/84843] Loss: 0.338017
Epoch 181 - Avg Loss: 0.341572 | Train Acc: 97.35%
Val: loss=0.3695, acc=10580/10975 (96.40%)
Epoch 182 [0/84843] Loss: 0.374948
Epoch 182 [35000/84843] Loss: 0.323543
Epoch 182 [70000/84843] Loss: 0.343254
Epoch 182 - Avg Loss: 0.340981 | Train Acc: 97.35%
Val: loss=0.3680, acc=10589/10975 (96.48%)
Epoch 183 [0/84843] Loss: 0.323108
Epoch 183 [35000/84843] Loss: 0.494654
Epoch 183 [70000/84843] Loss: 0.399687
Epoch 183 - Avg Loss: 0.341265 | Train Acc: 97.33%
Val: loss=0.3566, acc=10633/10975 (96.88%)
Epoch 184 [0/84843] Loss: 0.378648
Epoch 184 [35000/84843] Loss: 0.394811
Epoch 184 [70000/84843] Loss: 0.336147
Epoch 184 - Avg Loss: 0.340070 | Train Acc: 97.39%
Val: loss=0.3688, acc=10597/10975 (96.56%)
Epoch 185 [0/84843] Loss: 0.377016
Epoch 185 [35000/84843] Loss: 0.382806
Epoch 185 [70000/84843] Loss: 0.277511
Epoch 185 - Avg Loss: 0.339288 | Train Acc: 97.41%
Val: loss=0.3642, acc=10618/10975 (96.75%)
Epoch 186 [0/84843] Loss: 0.329157
Epoch 186 [35000/84843] Loss: 0.305622
Epoch 186 [70000/84843] Loss: 0.327569
Epoch 186 - Avg Loss: 0.341071 | Train Acc: 97.39%
Val: loss=0.3634, acc=10619/10975 (96.76%)
Epoch 187 [0/84843] Loss: 0.286168
Epoch 187 [35000/84843] Loss: 0.329120
Epoch 187 [70000/84843] Loss: 0.342677
Epoch 187 - Avg Loss: 0.340311 | Train Acc: 97.42%
Val: loss=0.3681, acc=10599/10975 (96.57%)
Epoch 188 [0/84843] Loss: 0.410677
Epoch 188 [35000/84843] Loss: 0.414888
Epoch 188 [70000/84843] Loss: 0.343212
Epoch 188 - Avg Loss: 0.339205 | Train Acc: 97.39%
Val: loss=0.3656, acc=10606/10975 (96.64%)
Epoch 189 [0/84843] Loss: 0.372043
Epoch 189 [35000/84843] Loss: 0.343598
Epoch 189 [70000/84843] Loss: 0.350480
Epoch 189 - Avg Loss: 0.337286 | Train Acc: 97.52%
Val: loss=0.3632, acc=10607/10975 (96.65%)
Epoch 190 [0/84843] Loss: 0.353835
Epoch 190 [35000/84843] Loss: 0.336739
Epoch 190 [70000/84843] Loss: 0.340514
Epoch 190 - Avg Loss: 0.340134 | Train Acc: 97.35%
Val: loss=0.3605, acc=10618/10975 (96.75%)
Epoch 191 [0/84843] Loss: 0.304827
Epoch 191 [35000/84843] Loss: 0.337437
Epoch 191 [70000/84843] Loss: 0.362730
Epoch 191 - Avg Loss: 0.336666 | Train Acc: 97.51%
Val: loss=0.3674, acc=10603/10975 (96.61%)
Epoch 192 [0/84843] Loss: 0.302131
Epoch 192 [35000/84843] Loss: 0.405220
Epoch 192 [70000/84843] Loss: 0.347461
Epoch 192 - Avg Loss: 0.339969 | Train Acc: 97.41%
Val: loss=0.3644, acc=10622/10975 (96.78%)
Epoch 193 [0/84843] Loss: 0.287162
Epoch 193 [35000/84843] Loss: 0.416513
Epoch 193 [70000/84843] Loss: 0.399468
Epoch 193 - Avg Loss: 0.339259 | Train Acc: 97.41%
Val: loss=0.3635, acc=10602/10975 (96.60%)
Epoch 194 [0/84843] Loss: 0.294716
Epoch 194 [35000/84843] Loss: 0.365623
Epoch 194 [70000/84843] Loss: 0.375475
Epoch 194 - Avg Loss: 0.338683 | Train Acc: 97.41%
Val: loss=0.3645, acc=10614/10975 (96.71%)
Epoch 195 [0/84843] Loss: 0.269918
Epoch 195 [35000/84843] Loss: 0.326958
Epoch 195 [70000/84843] Loss: 0.302682
Epoch 195 - Avg Loss: 0.337273 | Train Acc: 97.52%
Val: loss=0.3665, acc=10600/10975 (96.58%)
Epoch 196 [0/84843] Loss: 0.511696
Epoch 196 [35000/84843] Loss: 0.283371
Epoch 196 [70000/84843] Loss: 0.313695
Epoch 196 - Avg Loss: 0.337028 | Train Acc: 97.52%
Val: loss=0.3648, acc=10613/10975 (96.70%)
Epoch 197 [0/84843] Loss: 0.343912
Epoch 197 [35000/84843] Loss: 0.298210
Epoch 197 [70000/84843] Loss: 0.329008
Epoch 197 - Avg Loss: 0.338370 | Train Acc: 97.48%
Val: loss=0.3706, acc=10580/10975 (96.40%)
Epoch 198 [0/84843] Loss: 0.373820
Epoch 198 [35000/84843] Loss: 0.339575
Epoch 198 [70000/84843] Loss: 0.274867
Epoch 198 - Avg Loss: 0.334997 | Train Acc: 97.59%
Val: loss=0.3628, acc=10623/10975 (96.79%)
Epoch 199 [0/84843] Loss: 0.390561
Epoch 199 [35000/84843] Loss: 0.324489
Epoch 199 [70000/84843] Loss: 0.365026
Epoch 199 - Avg Loss: 0.338496 | Train Acc: 97.46%
Val: loss=0.3618, acc=10632/10975 (96.87%)
Epoch 200 [0/84843] Loss: 0.374668
Epoch 200 [35000/84843] Loss: 0.330394
Epoch 200 [70000/84843] Loss: 0.282657
Epoch 200 - Avg Loss: 0.336952 | Train Acc: 97.54%
Val: loss=0.3567, acc=10647/10975 (97.01%)
saved best: 97.01%
Epoch 201 [0/84843] Loss: 0.374249
Epoch 201 [35000/84843] Loss: 0.337173
Epoch 201 [70000/84843] Loss: 0.282735
Epoch 201 - Avg Loss: 0.336464 | Train Acc: 97.57%
Val: loss=0.3656, acc=10605/10975 (96.63%)
Epoch 202 [0/84843] Loss: 0.301435
Epoch 202 [35000/84843] Loss: 0.436713
Epoch 202 [70000/84843] Loss: 0.379829
Epoch 202 - Avg Loss: 0.336456 | Train Acc: 97.51%
Val: loss=0.3611, acc=10623/10975 (96.79%)
Epoch 203 [0/84843] Loss: 0.360874
Epoch 203 [35000/84843] Loss: 0.301291
Epoch 203 [70000/84843] Loss: 0.317098
Epoch 203 - Avg Loss: 0.335719 | Train Acc: 97.54%
Val: loss=0.3639, acc=10626/10975 (96.82%)
Epoch 204 [0/84843] Loss: 0.272851
Epoch 204 [35000/84843] Loss: 0.308281
Epoch 204 [70000/84843] Loss: 0.336227
Epoch 204 - Avg Loss: 0.336223 | Train Acc: 97.48%
Val: loss=0.3602, acc=10622/10975 (96.78%)
Epoch 205 [0/84843] Loss: 0.291910
Epoch 205 [35000/84843] Loss: 0.297489
Epoch 205 [70000/84843] Loss: 0.304104
Epoch 205 - Avg Loss: 0.336405 | Train Acc: 97.53%
Val: loss=0.3640, acc=10613/10975 (96.70%)
Epoch 206 [0/84843] Loss: 0.290472
Epoch 206 [35000/84843] Loss: 0.311517
Epoch 206 [70000/84843] Loss: 0.344891
Epoch 206 - Avg Loss: 0.334949 | Train Acc: 97.61%
Val: loss=0.3683, acc=10609/10975 (96.67%)
Epoch 207 [0/84843] Loss: 0.298312
Epoch 207 [35000/84843] Loss: 0.328828
Epoch 207 [70000/84843] Loss: 0.358104
Epoch 207 - Avg Loss: 0.336680 | Train Acc: 97.49%
Val: loss=0.3652, acc=10612/10975 (96.69%)
Epoch 208 [0/84843] Loss: 0.294353
Epoch 208 [35000/84843] Loss: 0.319615
Epoch 208 [70000/84843] Loss: 0.359893
Epoch 208 - Avg Loss: 0.335722 | Train Acc: 97.54%
Val: loss=0.3614, acc=10609/10975 (96.67%)
Epoch 209 [0/84843] Loss: 0.318029
Epoch 209 [35000/84843] Loss: 0.323521
Epoch 209 [70000/84843] Loss: 0.294310
Epoch 209 - Avg Loss: 0.334244 | Train Acc: 97.59%
Val: loss=0.3619, acc=10616/10975 (96.73%)
Epoch 210 [0/84843] Loss: 0.311337
Epoch 210 [35000/84843] Loss: 0.358547
Epoch 210 [70000/84843] Loss: 0.290912
Epoch 210 - Avg Loss: 0.335686 | Train Acc: 97.61%
Val: loss=0.3667, acc=10609/10975 (96.67%)
Epoch 211 [0/84843] Loss: 0.374525
Epoch 211 [35000/84843] Loss: 0.312588
Epoch 211 [70000/84843] Loss: 0.325279
Epoch 211 - Avg Loss: 0.334921 | Train Acc: 97.56%
Val: loss=0.3627, acc=10621/10975 (96.77%)
Epoch 212 [0/84843] Loss: 0.271384
Epoch 212 [35000/84843] Loss: 0.310702
Epoch 212 [70000/84843] Loss: 0.355912
Epoch 212 - Avg Loss: 0.334653 | Train Acc: 97.61%
Val: loss=0.3659, acc=10599/10975 (96.57%)
Epoch 213 [0/84843] Loss: 0.346044
Epoch 213 [35000/84843] Loss: 0.381279
Epoch 213 [70000/84843] Loss: 0.328969
Epoch 213 - Avg Loss: 0.332175 | Train Acc: 97.71%
Val: loss=0.3689, acc=10591/10975 (96.50%)
Epoch 214 [0/84843] Loss: 0.375036
Epoch 214 [35000/84843] Loss: 0.313788
Epoch 214 [70000/84843] Loss: 0.390391
Epoch 214 - Avg Loss: 0.333579 | Train Acc: 97.63%
Val: loss=0.3605, acc=10632/10975 (96.87%)
Epoch 215 [0/84843] Loss: 0.350546
Epoch 215 [35000/84843] Loss: 0.424995
Epoch 215 [70000/84843] Loss: 0.441718
Epoch 215 - Avg Loss: 0.332309 | Train Acc: 97.71%
Val: loss=0.3633, acc=10612/10975 (96.69%)
Epoch 216 [0/84843] Loss: 0.350481
Epoch 216 [35000/84843] Loss: 0.326770
Epoch 216 [70000/84843] Loss: 0.300473
Epoch 216 - Avg Loss: 0.331999 | Train Acc: 97.71%
Val: loss=0.3616, acc=10622/10975 (96.78%)
Epoch 217 [0/84843] Loss: 0.288784
Epoch 217 [35000/84843] Loss: 0.290385
Epoch 217 [70000/84843] Loss: 0.347484
Epoch 217 - Avg Loss: 0.332388 | Train Acc: 97.71%
Val: loss=0.3683, acc=10607/10975 (96.65%)
Epoch 218 [0/84843] Loss: 0.320572
Epoch 218 [35000/84843] Loss: 0.291523
Epoch 218 [70000/84843] Loss: 0.332360
Epoch 218 - Avg Loss: 0.332334 | Train Acc: 97.71%
Val: loss=0.3650, acc=10615/10975 (96.72%)
Epoch 219 [0/84843] Loss: 0.333181
Epoch 219 [35000/84843] Loss: 0.341757
Epoch 219 [70000/84843] Loss: 0.279281
Epoch 219 - Avg Loss: 0.331702 | Train Acc: 97.71%
Val: loss=0.3616, acc=10628/10975 (96.84%)
Epoch 220 [0/84843] Loss: 0.383329
Epoch 220 [35000/84843] Loss: 0.301744
Epoch 220 [70000/84843] Loss: 0.395853
Epoch 220 - Avg Loss: 0.332765 | Train Acc: 97.71%
Val: loss=0.3613, acc=10620/10975 (96.77%)
Epoch 221 [0/84843] Loss: 0.282245
Epoch 221 [35000/84843] Loss: 0.358443
Epoch 221 [70000/84843] Loss: 0.411743
Epoch 221 - Avg Loss: 0.331648 | Train Acc: 97.71%
Val: loss=0.3629, acc=10626/10975 (96.82%)
Epoch 222 [0/84843] Loss: 0.312156
Epoch 222 [35000/84843] Loss: 0.283940
Epoch 222 [70000/84843] Loss: 0.329823
Epoch 222 - Avg Loss: 0.331769 | Train Acc: 97.70%
Val: loss=0.3615, acc=10637/10975 (96.92%)
Epoch 223 [0/84843] Loss: 0.310317
Epoch 223 [35000/84843] Loss: 0.299245
Epoch 223 [70000/84843] Loss: 0.313798
Epoch 223 - Avg Loss: 0.332564 | Train Acc: 97.65%
Val: loss=0.3637, acc=10617/10975 (96.74%)
Epoch 224 [0/84843] Loss: 0.318883
Epoch 224 [35000/84843] Loss: 0.321982
Epoch 224 [70000/84843] Loss: 0.359410
Epoch 224 - Avg Loss: 0.331045 | Train Acc: 97.73%
Val: loss=0.3629, acc=10619/10975 (96.76%)
Epoch 225 [0/84843] Loss: 0.337769
Epoch 225 [35000/84843] Loss: 0.328278
Epoch 225 [70000/84843] Loss: 0.309249
Epoch 225 - Avg Loss: 0.332220 | Train Acc: 97.68%
Val: loss=0.3626, acc=10614/10975 (96.71%)
Epoch 226 [0/84843] Loss: 0.304839
Epoch 226 [35000/84843] Loss: 0.277228
Epoch 226 [70000/84843] Loss: 0.346235
Epoch 226 - Avg Loss: 0.330462 | Train Acc: 97.75%
Val: loss=0.3603, acc=10630/10975 (96.86%)
Epoch 227 [0/84843] Loss: 0.328295
Epoch 227 [35000/84843] Loss: 0.312898
Epoch 227 [70000/84843] Loss: 0.481666
Epoch 227 - Avg Loss: 0.331096 | Train Acc: 97.75%
Val: loss=0.3636, acc=10619/10975 (96.76%)
Epoch 228 [0/84843] Loss: 0.361795
Epoch 228 [35000/84843] Loss: 0.306291
Epoch 228 [70000/84843] Loss: 0.330971
Epoch 228 - Avg Loss: 0.330907 | Train Acc: 97.74%
Val: loss=0.3635, acc=10607/10975 (96.65%)
Epoch 229 [0/84843] Loss: 0.317395
Epoch 229 [35000/84843] Loss: 0.360705
Epoch 229 [70000/84843] Loss: 0.345153
Epoch 229 - Avg Loss: 0.331288 | Train Acc: 97.77%
Val: loss=0.3575, acc=10637/10975 (96.92%)
Epoch 230 [0/84843] Loss: 0.320881
Epoch 230 [35000/84843] Loss: 0.326414
Epoch 230 [70000/84843] Loss: 0.389799
Epoch 230 - Avg Loss: 0.331150 | Train Acc: 97.74%
Val: loss=0.3639, acc=10605/10975 (96.63%)
Epoch 231 [0/84843] Loss: 0.293230
Epoch 231 [35000/84843] Loss: 0.288916
Epoch 231 [70000/84843] Loss: 0.335145
Epoch 231 - Avg Loss: 0.329628 | Train Acc: 97.80%
Val: loss=0.3636, acc=10625/10975 (96.81%)
Epoch 232 [0/84843] Loss: 0.375198
Epoch 232 [35000/84843] Loss: 0.312596
Epoch 232 [70000/84843] Loss: 0.346361
Epoch 232 - Avg Loss: 0.330175 | Train Acc: 97.79%
Val: loss=0.3619, acc=10622/10975 (96.78%)
Epoch 233 [0/84843] Loss: 0.302573
Epoch 233 [35000/84843] Loss: 0.398852
Epoch 233 [70000/84843] Loss: 0.356866
Epoch 233 - Avg Loss: 0.329495 | Train Acc: 97.86%
Val: loss=0.3619, acc=10627/10975 (96.83%)
Epoch 234 [0/84843] Loss: 0.281247
Epoch 234 [35000/84843] Loss: 0.437620
Epoch 234 [70000/84843] Loss: 0.410976
Epoch 234 - Avg Loss: 0.329162 | Train Acc: 97.83%
Val: loss=0.3598, acc=10634/10975 (96.89%)
Epoch 235 [0/84843] Loss: 0.316759
Epoch 235 [35000/84843] Loss: 0.300818
Epoch 235 [70000/84843] Loss: 0.371561
Epoch 235 - Avg Loss: 0.327619 | Train Acc: 97.91%
Val: loss=0.3620, acc=10620/10975 (96.77%)
Epoch 236 [0/84843] Loss: 0.283919
Epoch 236 [35000/84843] Loss: 0.341569
Epoch 236 [70000/84843] Loss: 0.300723
Epoch 236 - Avg Loss: 0.328985 | Train Acc: 97.82%
Val: loss=0.3651, acc=10600/10975 (96.58%)
Epoch 237 [0/84843] Loss: 0.369504
Epoch 237 [35000/84843] Loss: 0.286826
Epoch 237 [70000/84843] Loss: 0.358625
Epoch 237 - Avg Loss: 0.328980 | Train Acc: 97.83%
Val: loss=0.3584, acc=10637/10975 (96.92%)
Epoch 238 [0/84843] Loss: 0.388071
Epoch 238 [35000/84843] Loss: 0.306140
Epoch 238 [70000/84843] Loss: 0.285025
Epoch 238 - Avg Loss: 0.327308 | Train Acc: 97.89%
Val: loss=0.3580, acc=10636/10975 (96.91%)
Epoch 239 [0/84843] Loss: 0.276598
Epoch 239 [35000/84843] Loss: 0.285985
Epoch 239 [70000/84843] Loss: 0.289688
Epoch 239 - Avg Loss: 0.327972 | Train Acc: 97.88%
Val: loss=0.3572, acc=10640/10975 (96.95%)
Epoch 240 [0/84843] Loss: 0.358776
Epoch 240 [35000/84843] Loss: 0.341215
Epoch 240 [70000/84843] Loss: 0.357812
Epoch 240 - Avg Loss: 0.326882 | Train Acc: 97.91%
Val: loss=0.3693, acc=10593/10975 (96.52%)
Epoch 241 [0/84843] Loss: 0.330101
Epoch 241 [35000/84843] Loss: 0.333846
Epoch 241 [70000/84843] Loss: 0.278922
Epoch 241 - Avg Loss: 0.326585 | Train Acc: 97.89%
Val: loss=0.3585, acc=10646/10975 (97.00%)
Epoch 242 [0/84843] Loss: 0.376305
Epoch 242 [35000/84843] Loss: 0.306264
Epoch 242 [70000/84843] Loss: 0.324062
Epoch 242 - Avg Loss: 0.328158 | Train Acc: 97.87%
Val: loss=0.3571, acc=10642/10975 (96.97%)
Epoch 243 [0/84843] Loss: 0.337669
Epoch 243 [35000/84843] Loss: 0.286813
Epoch 243 [70000/84843] Loss: 0.306604
Epoch 243 - Avg Loss: 0.327616 | Train Acc: 97.91%
Val: loss=0.3625, acc=10628/10975 (96.84%)
Epoch 244 [0/84843] Loss: 0.339111
Epoch 244 [35000/84843] Loss: 0.315279
Epoch 244 [70000/84843] Loss: 0.373771
Epoch 244 - Avg Loss: 0.325963 | Train Acc: 97.94%
Val: loss=0.3614, acc=10625/10975 (96.81%)
Epoch 245 [0/84843] Loss: 0.322271
Epoch 245 [35000/84843] Loss: 0.315041
Epoch 245 [70000/84843] Loss: 0.320774
Epoch 245 - Avg Loss: 0.325177 | Train Acc: 98.00%
Val: loss=0.3647, acc=10609/10975 (96.67%)
Epoch 246 [0/84843] Loss: 0.298600
Epoch 246 [35000/84843] Loss: 0.307174
Epoch 246 [70000/84843] Loss: 0.338418
Epoch 246 - Avg Loss: 0.327483 | Train Acc: 97.86%
Val: loss=0.3643, acc=10628/10975 (96.84%)
Epoch 247 [0/84843] Loss: 0.275878
Epoch 247 [35000/84843] Loss: 0.279031
Epoch 247 [70000/84843] Loss: 0.276092
Epoch 247 - Avg Loss: 0.326947 | Train Acc: 97.88%
Val: loss=0.3603, acc=10629/10975 (96.85%)
Epoch 248 [0/84843] Loss: 0.339271
Epoch 248 [35000/84843] Loss: 0.288508
Epoch 248 [70000/84843] Loss: 0.310426
Epoch 248 - Avg Loss: 0.326911 | Train Acc: 97.88%
Val: loss=0.3615, acc=10626/10975 (96.82%)
Epoch 249 [0/84843] Loss: 0.285226
Epoch 249 [35000/84843] Loss: 0.278209
Epoch 249 [70000/84843] Loss: 0.342113
Epoch 249 - Avg Loss: 0.326675 | Train Acc: 97.90%
Val: loss=0.3608, acc=10618/10975 (96.75%)
Epoch 250 [0/84843] Loss: 0.280400
Epoch 250 [35000/84843] Loss: 0.336156
Epoch 250 [70000/84843] Loss: 0.293131
Epoch 250 - Avg Loss: 0.325863 | Train Acc: 97.95%
Val: loss=0.3668, acc=10599/10975 (96.57%)
Epoch 251 [0/84843] Loss: 0.344852
Epoch 251 [35000/84843] Loss: 0.339258
Epoch 251 [70000/84843] Loss: 0.360256
Epoch 251 - Avg Loss: 0.324477 | Train Acc: 97.98%
Val: loss=0.3598, acc=10624/10975 (96.80%)
Epoch 252 [0/84843] Loss: 0.308657
Epoch 252 [35000/84843] Loss: 0.334942
Epoch 252 [70000/84843] Loss: 0.314510
Epoch 252 - Avg Loss: 0.325543 | Train Acc: 97.94%
Val: loss=0.3569, acc=10641/10975 (96.96%)
Epoch 253 [0/84843] Loss: 0.348065
Epoch 253 [35000/84843] Loss: 0.302143
Epoch 253 [70000/84843] Loss: 0.356412
Epoch 253 - Avg Loss: 0.325964 | Train Acc: 97.94%
Val: loss=0.3628, acc=10630/10975 (96.86%)
Epoch 254 [0/84843] Loss: 0.339076
Epoch 254 [35000/84843] Loss: 0.277519
Epoch 254 [70000/84843] Loss: 0.297852
Epoch 254 - Avg Loss: 0.325857 | Train Acc: 97.94%
Val: loss=0.3574, acc=10646/10975 (97.00%)
Epoch 255 [0/84843] Loss: 0.340404
Epoch 255 [35000/84843] Loss: 0.283113
Epoch 255 [70000/84843] Loss: 0.280282
Epoch 255 - Avg Loss: 0.324699 | Train Acc: 97.98%
Val: loss=0.3596, acc=10627/10975 (96.83%)
Epoch 256 [0/84843] Loss: 0.281402
Epoch 256 [35000/84843] Loss: 0.279317
Epoch 256 [70000/84843] Loss: 0.306019
Epoch 256 - Avg Loss: 0.324089 | Train Acc: 97.99%
Val: loss=0.3639, acc=10616/10975 (96.73%)
Epoch 257 [0/84843] Loss: 0.326118
Epoch 257 [35000/84843] Loss: 0.297955
Epoch 257 [70000/84843] Loss: 0.277390
Epoch 257 - Avg Loss: 0.322949 | Train Acc: 98.07%
Val: loss=0.3633, acc=10611/10975 (96.68%)
Epoch 258 [0/84843] Loss: 0.323249
Epoch 258 [35000/84843] Loss: 0.351378
Epoch 258 [70000/84843] Loss: 0.324535
Epoch 258 - Avg Loss: 0.323080 | Train Acc: 98.04%
Val: loss=0.3615, acc=10637/10975 (96.92%)
Epoch 259 [0/84843] Loss: 0.324607
Epoch 259 [35000/84843] Loss: 0.341888
Epoch 259 [70000/84843] Loss: 0.304532
Epoch 259 - Avg Loss: 0.323280 | Train Acc: 98.03%
Val: loss=0.3598, acc=10643/10975 (96.97%)
Epoch 260 [0/84843] Loss: 0.285360
Epoch 260 [35000/84843] Loss: 0.325467
Epoch 260 [70000/84843] Loss: 0.309492
Epoch 260 - Avg Loss: 0.321836 | Train Acc: 98.09%
Val: loss=0.3622, acc=10611/10975 (96.68%)
Epoch 261 [0/84843] Loss: 0.274650
Epoch 261 [35000/84843] Loss: 0.314820
Epoch 261 [70000/84843] Loss: 0.324387
Epoch 261 - Avg Loss: 0.323509 | Train Acc: 98.03%
Val: loss=0.3609, acc=10631/10975 (96.87%)
Epoch 262 [0/84843] Loss: 0.367231
Epoch 262 [35000/84843] Loss: 0.340144
Epoch 262 [70000/84843] Loss: 0.288404
Epoch 262 - Avg Loss: 0.322206 | Train Acc: 98.08%
Val: loss=0.3605, acc=10632/10975 (96.87%)
Epoch 263 [0/84843] Loss: 0.286454
Epoch 263 [35000/84843] Loss: 0.275970
Epoch 263 [70000/84843] Loss: 0.330788
Epoch 263 - Avg Loss: 0.322093 | Train Acc: 98.09%
Val: loss=0.3622, acc=10634/10975 (96.89%)
Epoch 264 [0/84843] Loss: 0.288961
Epoch 264 [35000/84843] Loss: 0.280672
Epoch 264 [70000/84843] Loss: 0.339284
Epoch 264 - Avg Loss: 0.323562 | Train Acc: 98.01%
Val: loss=0.3597, acc=10629/10975 (96.85%)
Epoch 265 [0/84843] Loss: 0.352701
Epoch 265 [35000/84843] Loss: 0.286221
Epoch 265 [70000/84843] Loss: 0.335431
Epoch 265 - Avg Loss: 0.322488 | Train Acc: 98.05%
Val: loss=0.3626, acc=10618/10975 (96.75%)
Epoch 266 [0/84843] Loss: 0.324667
Epoch 266 [35000/84843] Loss: 0.336882
Epoch 266 [70000/84843] Loss: 0.313266
Epoch 266 - Avg Loss: 0.322828 | Train Acc: 98.05%
Val: loss=0.3593, acc=10636/10975 (96.91%)
Epoch 267 [0/84843] Loss: 0.296140
Epoch 267 [35000/84843] Loss: 0.453899
Epoch 267 [70000/84843] Loss: 0.292407
Epoch 267 - Avg Loss: 0.321990 | Train Acc: 98.08%
Val: loss=0.3615, acc=10616/10975 (96.73%)
Epoch 268 [0/84843] Loss: 0.367416
Epoch 268 [35000/84843] Loss: 0.281078
Epoch 268 [70000/84843] Loss: 0.323298
Epoch 268 - Avg Loss: 0.322630 | Train Acc: 98.07%
Val: loss=0.3595, acc=10641/10975 (96.96%)
Epoch 269 [0/84843] Loss: 0.340796
Epoch 269 [35000/84843] Loss: 0.271859
Epoch 269 [70000/84843] Loss: 0.351779
Epoch 269 - Avg Loss: 0.320511 | Train Acc: 98.11%
Val: loss=0.3616, acc=10639/10975 (96.94%)
Epoch 270 [0/84843] Loss: 0.303456
Epoch 270 [35000/84843] Loss: 0.346197
Epoch 270 [70000/84843] Loss: 0.324754
Epoch 270 - Avg Loss: 0.321663 | Train Acc: 98.08%
Val: loss=0.3602, acc=10623/10975 (96.79%)
Epoch 271 [0/84843] Loss: 0.291010
Epoch 271 [35000/84843] Loss: 0.311452
Epoch 271 [70000/84843] Loss: 0.369470
Epoch 271 - Avg Loss: 0.322018 | Train Acc: 98.07%
Val: loss=0.3631, acc=10626/10975 (96.82%)
Epoch 272 [0/84843] Loss: 0.299755
Epoch 272 [35000/84843] Loss: 0.280070
Epoch 272 [70000/84843] Loss: 0.312366
Epoch 272 - Avg Loss: 0.319698 | Train Acc: 98.19%
Val: loss=0.3623, acc=10626/10975 (96.82%)
Epoch 273 [0/84843] Loss: 0.309115
Epoch 273 [35000/84843] Loss: 0.344582
Epoch 273 [70000/84843] Loss: 0.339536
Epoch 273 - Avg Loss: 0.320969 | Train Acc: 98.11%
Val: loss=0.3598, acc=10622/10975 (96.78%)
Epoch 274 [0/84843] Loss: 0.282992
Epoch 274 [35000/84843] Loss: 0.284686
Epoch 274 [70000/84843] Loss: 0.360626
Epoch 274 - Avg Loss: 0.320652 | Train Acc: 98.14%
Val: loss=0.3614, acc=10625/10975 (96.81%)
Epoch 275 [0/84843] Loss: 0.282923
Epoch 275 [35000/84843] Loss: 0.358672
Epoch 275 [70000/84843] Loss: 0.305423
Epoch 275 - Avg Loss: 0.320732 | Train Acc: 98.16%
Val: loss=0.3618, acc=10621/10975 (96.77%)
Epoch 276 [0/84843] Loss: 0.342826
Epoch 276 [35000/84843] Loss: 0.276731
Epoch 276 [70000/84843] Loss: 0.310289
Epoch 276 - Avg Loss: 0.320351 | Train Acc: 98.18%
Val: loss=0.3615, acc=10623/10975 (96.79%)
Epoch 277 [0/84843] Loss: 0.277924
Epoch 277 [35000/84843] Loss: 0.279966
Epoch 277 [70000/84843] Loss: 0.319333
Epoch 277 - Avg Loss: 0.319586 | Train Acc: 98.20%
Val: loss=0.3609, acc=10630/10975 (96.86%)
Epoch 278 [0/84843] Loss: 0.271602
Epoch 278 [35000/84843] Loss: 0.321378
Epoch 278 [70000/84843] Loss: 0.274267
Epoch 278 - Avg Loss: 0.319228 | Train Acc: 98.18%
Val: loss=0.3536, acc=10655/10975 (97.08%)
saved best: 97.08%
Epoch 279 [0/84843] Loss: 0.297178
Epoch 279 [35000/84843] Loss: 0.288327
Epoch 279 [70000/84843] Loss: 0.337494
Epoch 279 - Avg Loss: 0.319677 | Train Acc: 98.19%
Val: loss=0.3565, acc=10636/10975 (96.91%)
Epoch 280 [0/84843] Loss: 0.279775
Epoch 280 [35000/84843] Loss: 0.347076
Epoch 280 [70000/84843] Loss: 0.274171
Epoch 280 - Avg Loss: 0.319697 | Train Acc: 98.19%
Val: loss=0.3609, acc=10630/10975 (96.86%)
Epoch 281 [0/84843] Loss: 0.286584
Epoch 281 [35000/84843] Loss: 0.351029
Epoch 281 [70000/84843] Loss: 0.298326
Epoch 281 - Avg Loss: 0.318658 | Train Acc: 98.19%
Val: loss=0.3592, acc=10629/10975 (96.85%)
Epoch 282 [0/84843] Loss: 0.277147
Epoch 282 [35000/84843] Loss: 0.335899
Epoch 282 [70000/84843] Loss: 0.280765
Epoch 282 - Avg Loss: 0.319606 | Train Acc: 98.16%
Val: loss=0.3639, acc=10616/10975 (96.73%)
Epoch 283 [0/84843] Loss: 0.318300
Epoch 283 [35000/84843] Loss: 0.296252
Epoch 283 [70000/84843] Loss: 0.279719
Epoch 283 - Avg Loss: 0.318586 | Train Acc: 98.22%
Val: loss=0.3547, acc=10654/10975 (97.08%)
Epoch 284 [0/84843] Loss: 0.290658
Epoch 284 [35000/84843] Loss: 0.287351
Epoch 284 [70000/84843] Loss: 0.398399
Epoch 284 - Avg Loss: 0.317718 | Train Acc: 98.26%
Val: loss=0.3600, acc=10648/10975 (97.02%)
Epoch 285 [0/84843] Loss: 0.337803
Epoch 285 [35000/84843] Loss: 0.295861
Epoch 285 [70000/84843] Loss: 0.277209
Epoch 285 - Avg Loss: 0.317726 | Train Acc: 98.24%
Val: loss=0.3607, acc=10644/10975 (96.98%)
Epoch 286 [0/84843] Loss: 0.277774
Epoch 286 [35000/84843] Loss: 0.433764
Epoch 286 [70000/84843] Loss: 0.271889
Epoch 286 - Avg Loss: 0.317315 | Train Acc: 98.25%
Val: loss=0.3588, acc=10634/10975 (96.89%)
Epoch 287 [0/84843] Loss: 0.350444
Epoch 287 [35000/84843] Loss: 0.316286
Epoch 287 [70000/84843] Loss: 0.278286
Epoch 287 - Avg Loss: 0.318781 | Train Acc: 98.18%
Val: loss=0.3602, acc=10631/10975 (96.87%)
Epoch 288 [0/84843] Loss: 0.290593
Epoch 288 [35000/84843] Loss: 0.403778
Epoch 288 [70000/84843] Loss: 0.334543
Epoch 288 - Avg Loss: 0.317117 | Train Acc: 98.30%
Val: loss=0.3615, acc=10636/10975 (96.91%)
Epoch 289 [0/84843] Loss: 0.377602
Epoch 289 [35000/84843] Loss: 0.283291
Epoch 289 [70000/84843] Loss: 0.286679
Epoch 289 - Avg Loss: 0.317495 | Train Acc: 98.24%
Val: loss=0.3618, acc=10621/10975 (96.77%)
Epoch 290 [0/84843] Loss: 0.275009
Epoch 290 [35000/84843] Loss: 0.273893
Epoch 290 [70000/84843] Loss: 0.316438
Epoch 290 - Avg Loss: 0.315505 | Train Acc: 98.32%
Val: loss=0.3622, acc=10623/10975 (96.79%)
Epoch 291 [0/84843] Loss: 0.285416
Epoch 291 [35000/84843] Loss: 0.285025
Epoch 291 [70000/84843] Loss: 0.285803
Epoch 291 - Avg Loss: 0.316269 | Train Acc: 98.37%
Val: loss=0.3579, acc=10639/10975 (96.94%)
Epoch 292 [0/84843] Loss: 0.280800
Epoch 292 [35000/84843] Loss: 0.355825
Epoch 292 [70000/84843] Loss: 0.277512
Epoch 292 - Avg Loss: 0.317768 | Train Acc: 98.29%
Val: loss=0.3590, acc=10644/10975 (96.98%)
Epoch 293 [0/84843] Loss: 0.365131
Epoch 293 [35000/84843] Loss: 0.458325
Epoch 293 [70000/84843] Loss: 0.278050
Epoch 293 - Avg Loss: 0.316180 | Train Acc: 98.34%
Val: loss=0.3626, acc=10625/10975 (96.81%)
Epoch 294 [0/84843] Loss: 0.285925
Epoch 294 [35000/84843] Loss: 0.278977
Epoch 294 [70000/84843] Loss: 0.279981
Epoch 294 - Avg Loss: 0.316570 | Train Acc: 98.30%
Val: loss=0.3606, acc=10629/10975 (96.85%)
Epoch 295 [0/84843] Loss: 0.322703
Epoch 295 [35000/84843] Loss: 0.328909
Epoch 295 [70000/84843] Loss: 0.326001
Epoch 295 - Avg Loss: 0.315764 | Train Acc: 98.35%
Val: loss=0.3612, acc=10635/10975 (96.90%)
Epoch 296 [0/84843] Loss: 0.297491
Epoch 296 [35000/84843] Loss: 0.284852
Epoch 296 [70000/84843] Loss: 0.316656
Epoch 296 - Avg Loss: 0.317130 | Train Acc: 98.28%
Val: loss=0.3622, acc=10626/10975 (96.82%)
Epoch 297 [0/84843] Loss: 0.306524
Epoch 297 [35000/84843] Loss: 0.317924
Epoch 297 [70000/84843] Loss: 0.283085
Epoch 297 - Avg Loss: 0.315003 | Train Acc: 98.38%
Val: loss=0.3575, acc=10655/10975 (97.08%)
Epoch 298 [0/84843] Loss: 0.297031
Epoch 298 [35000/84843] Loss: 0.280901
Epoch 298 [70000/84843] Loss: 0.299901
Epoch 298 - Avg Loss: 0.315005 | Train Acc: 98.39%
Val: loss=0.3581, acc=10627/10975 (96.83%)
Epoch 299 [0/84843] Loss: 0.282148
Epoch 299 [35000/84843] Loss: 0.272014
Epoch 299 [70000/84843] Loss: 0.282777
Epoch 299 - Avg Loss: 0.316038 | Train Acc: 98.32%
Val: loss=0.3603, acc=10631/10975 (96.87%)
Epoch 300 [0/84843] Loss: 0.335865
Epoch 300 [35000/84843] Loss: 0.321674
Epoch 300 [70000/84843] Loss: 0.314210
Epoch 300 - Avg Loss: 0.315025 | Train Acc: 98.39%
Val: loss=0.3589, acc=10649/10975 (97.03%)
Epoch 301 [0/84843] Loss: 0.293179
Epoch 301 [35000/84843] Loss: 0.291699
Epoch 301 [70000/84843] Loss: 0.313638
Epoch 301 - Avg Loss: 0.315716 | Train Acc: 98.31%
Val: loss=0.3616, acc=10641/10975 (96.96%)
Epoch 302 [0/84843] Loss: 0.305518
Epoch 302 [35000/84843] Loss: 0.273363
Epoch 302 [70000/84843] Loss: 0.275898
Epoch 302 - Avg Loss: 0.315656 | Train Acc: 98.31%
Val: loss=0.3569, acc=10650/10975 (97.04%)
Epoch 303 [0/84843] Loss: 0.279778
Epoch 303 [35000/84843] Loss: 0.337024
Epoch 303 [70000/84843] Loss: 0.332933
Epoch 303 - Avg Loss: 0.315383 | Train Acc: 98.38%
Val: loss=0.3570, acc=10642/10975 (96.97%)
Epoch 304 [0/84843] Loss: 0.295745
Epoch 304 [35000/84843] Loss: 0.283566
Epoch 304 [70000/84843] Loss: 0.319800
Epoch 304 - Avg Loss: 0.314165 | Train Acc: 98.42%
Val: loss=0.3596, acc=10642/10975 (96.97%)
Epoch 305 [0/84843] Loss: 0.301154
Epoch 305 [35000/84843] Loss: 0.402318
Epoch 305 [70000/84843] Loss: 0.292303
Epoch 305 - Avg Loss: 0.314692 | Train Acc: 98.38%
Val: loss=0.3550, acc=10659/10975 (97.12%)
saved best: 97.12%
Epoch 306 [0/84843] Loss: 0.325821
Epoch 306 [35000/84843] Loss: 0.304083
Epoch 306 [70000/84843] Loss: 0.314758
Epoch 306 - Avg Loss: 0.314031 | Train Acc: 98.38%
Val: loss=0.3593, acc=10643/10975 (96.97%)
Epoch 307 [0/84843] Loss: 0.310860
Epoch 307 [35000/84843] Loss: 0.287264
Epoch 307 [70000/84843] Loss: 0.278680
Epoch 307 - Avg Loss: 0.314575 | Train Acc: 98.39%
Val: loss=0.3607, acc=10639/10975 (96.94%)
Epoch 308 [0/84843] Loss: 0.286773
Epoch 308 [35000/84843] Loss: 0.279698
Epoch 308 [70000/84843] Loss: 0.357121
Epoch 308 - Avg Loss: 0.314406 | Train Acc: 98.36%
Val: loss=0.3620, acc=10630/10975 (96.86%)
Epoch 309 [0/84843] Loss: 0.283614
Epoch 309 [35000/84843] Loss: 0.285403
Epoch 309 [70000/84843] Loss: 0.373558
Epoch 309 - Avg Loss: 0.313761 | Train Acc: 98.40%
Val: loss=0.3592, acc=10635/10975 (96.90%)
Epoch 310 [0/84843] Loss: 0.277313
Epoch 310 [35000/84843] Loss: 0.360355
Epoch 310 [70000/84843] Loss: 0.365870
Epoch 310 - Avg Loss: 0.313596 | Train Acc: 98.43%
Val: loss=0.3571, acc=10649/10975 (97.03%)
Epoch 311 [0/84843] Loss: 0.315262
Epoch 311 [35000/84843] Loss: 0.282860
Epoch 311 [70000/84843] Loss: 0.274897
Epoch 311 - Avg Loss: 0.311913 | Train Acc: 98.48%
Val: loss=0.3582, acc=10644/10975 (96.98%)
Epoch 312 [0/84843] Loss: 0.285982
Epoch 312 [35000/84843] Loss: 0.335818
Epoch 312 [70000/84843] Loss: 0.283118
Epoch 312 - Avg Loss: 0.313609 | Train Acc: 98.40%
Val: loss=0.3632, acc=10624/10975 (96.80%)
Epoch 313 [0/84843] Loss: 0.325122
Epoch 313 [35000/84843] Loss: 0.304998
Epoch 313 [70000/84843] Loss: 0.293200
Epoch 313 - Avg Loss: 0.312768 | Train Acc: 98.43%
Val: loss=0.3586, acc=10642/10975 (96.97%)
Epoch 314 [0/84843] Loss: 0.276274
Epoch 314 [35000/84843] Loss: 0.414236
Epoch 314 [70000/84843] Loss: 0.285492
Epoch 314 - Avg Loss: 0.314357 | Train Acc: 98.39%
Val: loss=0.3609, acc=10641/10975 (96.96%)
Epoch 315 [0/84843] Loss: 0.327706
Epoch 315 [35000/84843] Loss: 0.424405
Epoch 315 [70000/84843] Loss: 0.309515
Epoch 315 - Avg Loss: 0.312508 | Train Acc: 98.46%
Val: loss=0.3597, acc=10637/10975 (96.92%)
Epoch 316 [0/84843] Loss: 0.303316
Epoch 316 [35000/84843] Loss: 0.321017
Epoch 316 [70000/84843] Loss: 0.300873
Epoch 316 - Avg Loss: 0.313121 | Train Acc: 98.40%
Val: loss=0.3612, acc=10634/10975 (96.89%)
Epoch 317 [0/84843] Loss: 0.346743
Epoch 317 [35000/84843] Loss: 0.268997
Epoch 317 [70000/84843] Loss: 0.284887
Epoch 317 - Avg Loss: 0.312711 | Train Acc: 98.46%
Val: loss=0.3600, acc=10643/10975 (96.97%)
Epoch 318 [0/84843] Loss: 0.358390
Epoch 318 [35000/84843] Loss: 0.428664
Epoch 318 [70000/84843] Loss: 0.310810
Epoch 318 - Avg Loss: 0.312138 | Train Acc: 98.50%
Val: loss=0.3589, acc=10640/10975 (96.95%)
Epoch 319 [0/84843] Loss: 0.309398
Epoch 319 [35000/84843] Loss: 0.278538
Epoch 319 [70000/84843] Loss: 0.274953
Epoch 319 - Avg Loss: 0.313312 | Train Acc: 98.44%
Val: loss=0.3617, acc=10639/10975 (96.94%)
Epoch 320 [0/84843] Loss: 0.321759
Epoch 320 [35000/84843] Loss: 0.390213
Epoch 320 [70000/84843] Loss: 0.277744
Epoch 320 - Avg Loss: 0.312130 | Train Acc: 98.51%
Val: loss=0.3613, acc=10635/10975 (96.90%)
Epoch 321 [0/84843] Loss: 0.302748
Epoch 321 [35000/84843] Loss: 0.310755
Epoch 321 [70000/84843] Loss: 0.288144
Epoch 321 - Avg Loss: 0.311837 | Train Acc: 98.46%
Val: loss=0.3610, acc=10636/10975 (96.91%)
Epoch 322 [0/84843] Loss: 0.358089
Epoch 322 [35000/84843] Loss: 0.327277
Epoch 322 [70000/84843] Loss: 0.377770
Epoch 322 - Avg Loss: 0.312138 | Train Acc: 98.49%
Val: loss=0.3598, acc=10646/10975 (97.00%)
Epoch 323 [0/84843] Loss: 0.336992
Epoch 323 [35000/84843] Loss: 0.314577
Epoch 323 [70000/84843] Loss: 0.286484
Epoch 323 - Avg Loss: 0.310758 | Train Acc: 98.53%
Val: loss=0.3618, acc=10626/10975 (96.82%)
Epoch 324 [0/84843] Loss: 0.278982
Epoch 324 [35000/84843] Loss: 0.294241
Epoch 324 [70000/84843] Loss: 0.306650
Epoch 324 - Avg Loss: 0.311202 | Train Acc: 98.52%
Val: loss=0.3608, acc=10643/10975 (96.97%)
Epoch 325 [0/84843] Loss: 0.275361
Epoch 325 [35000/84843] Loss: 0.274016
Epoch 325 [70000/84843] Loss: 0.288732
Epoch 325 - Avg Loss: 0.312986 | Train Acc: 98.42%
Val: loss=0.3577, acc=10659/10975 (97.12%)
Epoch 326 [0/84843] Loss: 0.276745
Epoch 326 [35000/84843] Loss: 0.277934
Epoch 326 [70000/84843] Loss: 0.282492
Epoch 326 - Avg Loss: 0.312016 | Train Acc: 98.48%
Val: loss=0.3635, acc=10641/10975 (96.96%)
Epoch 327 [0/84843] Loss: 0.307350
Epoch 327 [35000/84843] Loss: 0.335012
Epoch 327 [70000/84843] Loss: 0.374672
Epoch 327 - Avg Loss: 0.311706 | Train Acc: 98.47%
Val: loss=0.3590, acc=10646/10975 (97.00%)
Epoch 328 [0/84843] Loss: 0.309862
Epoch 328 [35000/84843] Loss: 0.273506
Epoch 328 [70000/84843] Loss: 0.321126
Epoch 328 - Avg Loss: 0.311205 | Train Acc: 98.50%
Val: loss=0.3605, acc=10640/10975 (96.95%)
Epoch 329 [0/84843] Loss: 0.324117
Epoch 329 [35000/84843] Loss: 0.284273
Epoch 329 [70000/84843] Loss: 0.284917
Epoch 329 - Avg Loss: 0.309981 | Train Acc: 98.56%
Val: loss=0.3597, acc=10652/10975 (97.06%)
Epoch 330 [0/84843] Loss: 0.335893
Epoch 330 [35000/84843] Loss: 0.324758
Epoch 330 [70000/84843] Loss: 0.340752
Epoch 330 - Avg Loss: 0.311211 | Train Acc: 98.49%
Val: loss=0.3632, acc=10642/10975 (96.97%)
Epoch 331 [0/84843] Loss: 0.279623
Epoch 331 [35000/84843] Loss: 0.308299
Epoch 331 [70000/84843] Loss: 0.363407
Epoch 331 - Avg Loss: 0.310124 | Train Acc: 98.56%
Val: loss=0.3596, acc=10650/10975 (97.04%)
Epoch 332 [0/84843] Loss: 0.307717
Epoch 332 [35000/84843] Loss: 0.315919
Epoch 332 [70000/84843] Loss: 0.270611
Epoch 332 - Avg Loss: 0.310912 | Train Acc: 98.54%
Val: loss=0.3583, acc=10645/10975 (96.99%)
Epoch 333 [0/84843] Loss: 0.357692
Epoch 333 [35000/84843] Loss: 0.324313
Epoch 333 [70000/84843] Loss: 0.294064
Epoch 333 - Avg Loss: 0.309742 | Train Acc: 98.53%
Val: loss=0.3573, acc=10646/10975 (97.00%)
Epoch 334 [0/84843] Loss: 0.307566
Epoch 334 [35000/84843] Loss: 0.398311
Epoch 334 [70000/84843] Loss: 0.304471
Epoch 334 - Avg Loss: 0.310035 | Train Acc: 98.55%
Val: loss=0.3586, acc=10641/10975 (96.96%)
Epoch 335 [0/84843] Loss: 0.325330
Epoch 335 [35000/84843] Loss: 0.301327
Epoch 335 [70000/84843] Loss: 0.370240
Epoch 335 - Avg Loss: 0.309933 | Train Acc: 98.58%
Val: loss=0.3602, acc=10657/10975 (97.10%)
Epoch 336 [0/84843] Loss: 0.337494
Epoch 336 [35000/84843] Loss: 0.288382
Epoch 336 [70000/84843] Loss: 0.297511
Epoch 336 - Avg Loss: 0.309695 | Train Acc: 98.54%
Val: loss=0.3591, acc=10652/10975 (97.06%)
Epoch 337 [0/84843] Loss: 0.351745
Epoch 337 [35000/84843] Loss: 0.274888
Epoch 337 [70000/84843] Loss: 0.275706
Epoch 337 - Avg Loss: 0.309414 | Train Acc: 98.57%
Val: loss=0.3603, acc=10649/10975 (97.03%)
Epoch 338 [0/84843] Loss: 0.289380
Epoch 338 [35000/84843] Loss: 0.301556
Epoch 338 [70000/84843] Loss: 0.323877
Epoch 338 - Avg Loss: 0.310347 | Train Acc: 98.54%
Val: loss=0.3604, acc=10653/10975 (97.07%)
Epoch 339 [0/84843] Loss: 0.341341
Epoch 339 [35000/84843] Loss: 0.302951
Epoch 339 [70000/84843] Loss: 0.352783
Epoch 339 - Avg Loss: 0.310093 | Train Acc: 98.59%
Val: loss=0.3590, acc=10634/10975 (96.89%)
Epoch 340 [0/84843] Loss: 0.408924
Epoch 340 [35000/84843] Loss: 0.340097
Epoch 340 [70000/84843] Loss: 0.294924
Epoch 340 - Avg Loss: 0.310055 | Train Acc: 98.56%
Val: loss=0.3621, acc=10633/10975 (96.88%)
Epoch 341 [0/84843] Loss: 0.361018
Epoch 341 [35000/84843] Loss: 0.284464
Epoch 341 [70000/84843] Loss: 0.302423
Epoch 341 - Avg Loss: 0.308973 | Train Acc: 98.59%
Val: loss=0.3607, acc=10648/10975 (97.02%)
Epoch 342 [0/84843] Loss: 0.327629
Epoch 342 [35000/84843] Loss: 0.268012
Epoch 342 [70000/84843] Loss: 0.322588
Epoch 342 - Avg Loss: 0.308928 | Train Acc: 98.59%
Val: loss=0.3622, acc=10639/10975 (96.94%)
Epoch 343 [0/84843] Loss: 0.280130
Epoch 343 [35000/84843] Loss: 0.315562
Epoch 343 [70000/84843] Loss: 0.350838
Epoch 343 - Avg Loss: 0.309492 | Train Acc: 98.61%
Val: loss=0.3614, acc=10642/10975 (96.97%)
Epoch 344 [0/84843] Loss: 0.343262
Epoch 344 [35000/84843] Loss: 0.284981
Epoch 344 [70000/84843] Loss: 0.440805
Epoch 344 - Avg Loss: 0.309457 | Train Acc: 98.60%
Val: loss=0.3595, acc=10645/10975 (96.99%)
Epoch 345 [0/84843] Loss: 0.362640
Epoch 345 [35000/84843] Loss: 0.287557
Epoch 345 [70000/84843] Loss: 0.360644
Epoch 345 - Avg Loss: 0.308784 | Train Acc: 98.59%
Val: loss=0.3629, acc=10631/10975 (96.87%)
Epoch 346 [0/84843] Loss: 0.284935
Epoch 346 [35000/84843] Loss: 0.395986
Epoch 346 [70000/84843] Loss: 0.345226
Epoch 346 - Avg Loss: 0.309302 | Train Acc: 98.58%
Val: loss=0.3598, acc=10654/10975 (97.08%)
Epoch 347 [0/84843] Loss: 0.304821
Epoch 347 [35000/84843] Loss: 0.298363
Epoch 347 [70000/84843] Loss: 0.307799
Epoch 347 - Avg Loss: 0.308517 | Train Acc: 98.64%
Val: loss=0.3585, acc=10648/10975 (97.02%)
Epoch 348 [0/84843] Loss: 0.277914
Epoch 348 [35000/84843] Loss: 0.394884
Epoch 348 [70000/84843] Loss: 0.328470
Epoch 348 - Avg Loss: 0.307701 | Train Acc: 98.65%
Val: loss=0.3602, acc=10646/10975 (97.00%)
Epoch 349 [0/84843] Loss: 0.319156
Epoch 349 [35000/84843] Loss: 0.324307
Epoch 349 [70000/84843] Loss: 0.322238
Epoch 349 - Avg Loss: 0.309386 | Train Acc: 98.62%
Val: loss=0.3606, acc=10645/10975 (96.99%)
Epoch 350 [0/84843] Loss: 0.296469
Epoch 350 [35000/84843] Loss: 0.296653
Epoch 350 [70000/84843] Loss: 0.346605
Epoch 350 - Avg Loss: 0.308744 | Train Acc: 98.60%
Val: loss=0.3603, acc=10645/10975 (96.99%)
Epoch 351 [0/84843] Loss: 0.313035
Epoch 351 [35000/84843] Loss: 0.270360
Epoch 351 [70000/84843] Loss: 0.287021
Epoch 351 - Avg Loss: 0.308066 | Train Acc: 98.63%
Val: loss=0.3599, acc=10655/10975 (97.08%)
Epoch 352 [0/84843] Loss: 0.321369
Epoch 352 [35000/84843] Loss: 0.313713
Epoch 352 [70000/84843] Loss: 0.369596
Epoch 352 - Avg Loss: 0.308721 | Train Acc: 98.61%
Val: loss=0.3601, acc=10643/10975 (96.97%)
Epoch 353 [0/84843] Loss: 0.323732
Epoch 353 [35000/84843] Loss: 0.336322
Epoch 353 [70000/84843] Loss: 0.288135
Epoch 353 - Avg Loss: 0.306992 | Train Acc: 98.67%
Val: loss=0.3594, acc=10653/10975 (97.07%)
Epoch 354 [0/84843] Loss: 0.291513
Epoch 354 [35000/84843] Loss: 0.294352
Epoch 354 [70000/84843] Loss: 0.289877
Epoch 354 - Avg Loss: 0.307930 | Train Acc: 98.65%
Val: loss=0.3607, acc=10636/10975 (96.91%)
Epoch 355 [0/84843] Loss: 0.317498
Epoch 355 [35000/84843] Loss: 0.337299
Epoch 355 [70000/84843] Loss: 0.359245
Epoch 355 - Avg Loss: 0.308893 | Train Acc: 98.59%
Val: loss=0.3594, acc=10642/10975 (96.97%)
Epoch 356 [0/84843] Loss: 0.299633
Epoch 356 [35000/84843] Loss: 0.324373
Epoch 356 [70000/84843] Loss: 0.280675
Epoch 356 - Avg Loss: 0.307234 | Train Acc: 98.64%
Val: loss=0.3591, acc=10651/10975 (97.05%)
Epoch 357 [0/84843] Loss: 0.286033
Epoch 357 [35000/84843] Loss: 0.387461
Epoch 357 [70000/84843] Loss: 0.296166
Epoch 357 - Avg Loss: 0.307062 | Train Acc: 98.65%
Val: loss=0.3593, acc=10646/10975 (97.00%)
Epoch 358 [0/84843] Loss: 0.310609
Epoch 358 [35000/84843] Loss: 0.324515
Epoch 358 [70000/84843] Loss: 0.302984
Epoch 358 - Avg Loss: 0.307530 | Train Acc: 98.63%
Val: loss=0.3603, acc=10647/10975 (97.01%)
Epoch 359 [0/84843] Loss: 0.270730
Epoch 359 [35000/84843] Loss: 0.275072
Epoch 359 [70000/84843] Loss: 0.312074
Epoch 359 - Avg Loss: 0.307034 | Train Acc: 98.70%
Val: loss=0.3597, acc=10650/10975 (97.04%)
Epoch 360 [0/84843] Loss: 0.307375
Epoch 360 [35000/84843] Loss: 0.325588
Epoch 360 [70000/84843] Loss: 0.331408
Epoch 360 - Avg Loss: 0.307525 | Train Acc: 98.65%
Val: loss=0.3591, acc=10644/10975 (96.98%)
Epoch 361 [0/84843] Loss: 0.306531
Epoch 361 [35000/84843] Loss: 0.337679
Epoch 361 [70000/84843] Loss: 0.287343
Epoch 361 - Avg Loss: 0.307259 | Train Acc: 98.67%
Val: loss=0.3584, acc=10648/10975 (97.02%)
Epoch 362 [0/84843] Loss: 0.346982
Epoch 362 [35000/84843] Loss: 0.293049
Epoch 362 [70000/84843] Loss: 0.308578
Epoch 362 - Avg Loss: 0.307392 | Train Acc: 98.65%
Val: loss=0.3585, acc=10649/10975 (97.03%)
Epoch 363 [0/84843] Loss: 0.274341
Epoch 363 [35000/84843] Loss: 0.281469
Epoch 363 [70000/84843] Loss: 0.400160
Epoch 363 - Avg Loss: 0.307304 | Train Acc: 98.65%
Val: loss=0.3592, acc=10639/10975 (96.94%)
Epoch 364 [0/84843] Loss: 0.308670
Epoch 364 [35000/84843] Loss: 0.281328
Epoch 364 [70000/84843] Loss: 0.283945
Epoch 364 - Avg Loss: 0.307503 | Train Acc: 98.66%
Val: loss=0.3586, acc=10648/10975 (97.02%)
Epoch 365 [0/84843] Loss: 0.332556
Epoch 365 [35000/84843] Loss: 0.280459
Epoch 365 [70000/84843] Loss: 0.329947
Epoch 365 - Avg Loss: 0.306782 | Train Acc: 98.68%
Val: loss=0.3591, acc=10645/10975 (96.99%)
Epoch 366 [0/84843] Loss: 0.324743
Epoch 366 [35000/84843] Loss: 0.312083
Epoch 366 [70000/84843] Loss: 0.297072
Epoch 366 - Avg Loss: 0.307294 | Train Acc: 98.68%
Val: loss=0.3590, acc=10653/10975 (97.07%)
Epoch 367 [0/84843] Loss: 0.277052
Epoch 367 [35000/84843] Loss: 0.290851
Epoch 367 [70000/84843] Loss: 0.358501
Epoch 367 - Avg Loss: 0.307463 | Train Acc: 98.65%
Val: loss=0.3590, acc=10648/10975 (97.02%)
Epoch 368 [0/84843] Loss: 0.277050
Epoch 368 [35000/84843] Loss: 0.274904
Epoch 368 [70000/84843] Loss: 0.286536
Epoch 368 - Avg Loss: 0.306888 | Train Acc: 98.67%
Val: loss=0.3591, acc=10649/10975 (97.03%)
Epoch 369 [0/84843] Loss: 0.274972
Epoch 369 [35000/84843] Loss: 0.305332
Epoch 369 [70000/84843] Loss: 0.282513
Epoch 369 - Avg Loss: 0.308256 | Train Acc: 98.63%
Val: loss=0.3592, acc=10645/10975 (96.99%)
Epoch 370 [0/84843] Loss: 0.285529
Epoch 370 [35000/84843] Loss: 0.279583
Epoch 370 [70000/84843] Loss: 0.336263
Epoch 370 - Avg Loss: 0.307519 | Train Acc: 98.65%
Val: loss=0.3593, acc=10646/10975 (97.00%)
Epoch 371 [0/84843] Loss: 0.275794
Epoch 371 [35000/84843] Loss: 0.284304
Epoch 371 [70000/84843] Loss: 0.318893
Epoch 371 - Avg Loss: 0.306573 | Train Acc: 98.70%
Val: loss=0.3592, acc=10643/10975 (96.97%)
Epoch 372 [0/84843] Loss: 0.310318
Epoch 372 [35000/84843] Loss: 0.284549
Epoch 372 [70000/84843] Loss: 0.276108
Epoch 372 - Avg Loss: 0.307487 | Train Acc: 98.63%
Val: loss=0.3592, acc=10651/10975 (97.05%)
Epoch 373 [0/84843] Loss: 0.277813
Epoch 373 [35000/84843] Loss: 0.277975
Epoch 373 [70000/84843] Loss: 0.393682
Epoch 373 - Avg Loss: 0.307794 | Train Acc: 98.65%
Val: loss=0.3590, acc=10651/10975 (97.05%)
Epoch 374 [0/84843] Loss: 0.290084
Epoch 374 [35000/84843] Loss: 0.307994
Epoch 374 [70000/84843] Loss: 0.290226
Epoch 374 - Avg Loss: 0.307103 | Train Acc: 98.65%
Val: loss=0.3593, acc=10650/10975 (97.04%)
Epoch 375 [0/84843] Loss: 0.294233
Epoch 375 [35000/84843] Loss: 0.277491
Epoch 375 [70000/84843] Loss: 0.311410
Epoch 375 - Avg Loss: 0.307222 | Train Acc: 98.67%
Val: loss=0.3586, acc=10648/10975 (97.02%)
Epoch 376 [0/84843] Loss: 0.351326
Epoch 376 [35000/84843] Loss: 0.272759
Epoch 376 [70000/84843] Loss: 0.279215
Epoch 376 - Avg Loss: 0.307483 | Train Acc: 98.63%
Val: loss=0.3588, acc=10651/10975 (97.05%)
Epoch 377 [0/84843] Loss: 0.369498
Epoch 377 [35000/84843] Loss: 0.289228
Epoch 377 [70000/84843] Loss: 0.352221
Epoch 377 - Avg Loss: 0.305274 | Train Acc: 98.72%
Val: loss=0.3589, acc=10649/10975 (97.03%)
Epoch 378 [0/84843] Loss: 0.311907
Epoch 378 [35000/84843] Loss: 0.304242
Epoch 378 [70000/84843] Loss: 0.312520
Epoch 378 - Avg Loss: 0.307586 | Train Acc: 98.64%
Val: loss=0.3588, acc=10652/10975 (97.06%)
Epoch 379 [0/84843] Loss: 0.336135
Epoch 379 [35000/84843] Loss: 0.403918
Epoch 379 [70000/84843] Loss: 0.314111
Epoch 379 - Avg Loss: 0.307477 | Train Acc: 98.64%
Val: loss=0.3588, acc=10647/10975 (97.01%)
Epoch 380 [0/84843] Loss: 0.336926
Epoch 380 [35000/84843] Loss: 0.320276
Epoch 380 [70000/84843] Loss: 0.339225
Epoch 380 - Avg Loss: 0.307468 | Train Acc: 98.65%
Val: loss=0.3589, acc=10655/10975 (97.08%)
Epoch 381 [0/84843] Loss: 0.314396
Epoch 381 [35000/84843] Loss: 0.348364
Epoch 381 [70000/84843] Loss: 0.300519
Epoch 381 - Avg Loss: 0.307029 | Train Acc: 98.70%
Val: loss=0.3595, acc=10645/10975 (96.99%)
Epoch 382 [0/84843] Loss: 0.279708
Epoch 382 [35000/84843] Loss: 0.279448
Epoch 382 [70000/84843] Loss: 0.300709
Epoch 382 - Avg Loss: 0.305614 | Train Acc: 98.71%
Val: loss=0.3595, acc=10650/10975 (97.04%)
Epoch 383 [0/84843] Loss: 0.277342
Epoch 383 [35000/84843] Loss: 0.274215
Epoch 383 [70000/84843] Loss: 0.282380
Epoch 383 - Avg Loss: 0.305708 | Train Acc: 98.76%
Val: loss=0.3595, acc=10646/10975 (97.00%)
Epoch 384 [0/84843] Loss: 0.338441
Epoch 384 [35000/84843] Loss: 0.389075
Epoch 384 [70000/84843] Loss: 0.312384
Epoch 384 - Avg Loss: 0.306076 | Train Acc: 98.71%
Val: loss=0.3596, acc=10644/10975 (96.98%)
Epoch 385 [0/84843] Loss: 0.312407
Epoch 385 [35000/84843] Loss: 0.293722
Epoch 385 [70000/84843] Loss: 0.272755
Epoch 385 - Avg Loss: 0.306593 | Train Acc: 98.72%
Val: loss=0.3598, acc=10646/10975 (97.00%)
Epoch 386 [0/84843] Loss: 0.309698
Epoch 386 [35000/84843] Loss: 0.421858
Epoch 386 [70000/84843] Loss: 0.357998
Epoch 386 - Avg Loss: 0.307578 | Train Acc: 98.66%
Val: loss=0.3597, acc=10651/10975 (97.05%)
Epoch 387 [0/84843] Loss: 0.275866
Epoch 387 [35000/84843] Loss: 0.275242
Epoch 387 [70000/84843] Loss: 0.276327
Epoch 387 - Avg Loss: 0.307140 | Train Acc: 98.66%
Val: loss=0.3592, acc=10649/10975 (97.03%)
Epoch 388 [0/84843] Loss: 0.359195
Epoch 388 [35000/84843] Loss: 0.273366
Epoch 388 [70000/84843] Loss: 0.278952
Epoch 388 - Avg Loss: 0.306226 | Train Acc: 98.69%
Val: loss=0.3597, acc=10652/10975 (97.06%)
Epoch 389 [0/84843] Loss: 0.269513
Epoch 389 [35000/84843] Loss: 0.323653
Epoch 389 [70000/84843] Loss: 0.359604
Epoch 389 - Avg Loss: 0.306795 | Train Acc: 98.68%
Val: loss=0.3592, acc=10653/10975 (97.07%)
Epoch 390 [0/84843] Loss: 0.281002
Epoch 390 [35000/84843] Loss: 0.307956
Epoch 390 [70000/84843] Loss: 0.324505
Epoch 390 - Avg Loss: 0.306686 | Train Acc: 98.69%
Val: loss=0.3592, acc=10651/10975 (97.05%)
Epoch 391 [0/84843] Loss: 0.297323
Epoch 391 [35000/84843] Loss: 0.330291
Epoch 391 [70000/84843] Loss: 0.322340
Epoch 391 - Avg Loss: 0.306626 | Train Acc: 98.68%
Val: loss=0.3590, acc=10653/10975 (97.07%)
Epoch 392 [0/84843] Loss: 0.274624
Epoch 392 [35000/84843] Loss: 0.394863
Epoch 392 [70000/84843] Loss: 0.341197
Epoch 392 - Avg Loss: 0.305467 | Train Acc: 98.75%
Val: loss=0.3592, acc=10653/10975 (97.07%)
Epoch 393 [0/84843] Loss: 0.311418
Epoch 393 [35000/84843] Loss: 0.284602
Epoch 393 [70000/84843] Loss: 0.283492
Epoch 393 - Avg Loss: 0.305935 | Train Acc: 98.71%
Val: loss=0.3592, acc=10650/10975 (97.04%)
Epoch 394 [0/84843] Loss: 0.337548
Epoch 394 [35000/84843] Loss: 0.291098
Epoch 394 [70000/84843] Loss: 0.275620
Epoch 394 - Avg Loss: 0.307699 | Train Acc: 98.69%
Val: loss=0.3594, acc=10649/10975 (97.03%)
Epoch 395 [0/84843] Loss: 0.281632
Epoch 395 [35000/84843] Loss: 0.295855
Epoch 395 [70000/84843] Loss: 0.287916
Epoch 395 - Avg Loss: 0.306573 | Train Acc: 98.67%
Val: loss=0.3595, acc=10649/10975 (97.03%)
Epoch 396 [0/84843] Loss: 0.277066
Epoch 396 [35000/84843] Loss: 0.289076
Epoch 396 [70000/84843] Loss: 0.330514
Epoch 396 - Avg Loss: 0.305765 | Train Acc: 98.70%
Val: loss=0.3592, acc=10651/10975 (97.05%)
Epoch 397 [0/84843] Loss: 0.277823
Epoch 397 [35000/84843] Loss: 0.356237
Epoch 397 [70000/84843] Loss: 0.274798
Epoch 397 - Avg Loss: 0.307239 | Train Acc: 98.68%
Val: loss=0.3595, acc=10649/10975 (97.03%)
Epoch 398 [0/84843] Loss: 0.274608
Epoch 398 [35000/84843] Loss: 0.276487
Epoch 398 [70000/84843] Loss: 0.324110
Epoch 398 - Avg Loss: 0.305612 | Train Acc: 98.72%
Val: loss=0.3592, acc=10650/10975 (97.04%)
Epoch 399 [0/84843] Loss: 0.279315
Epoch 399 [35000/84843] Loss: 0.304923
Epoch 399 [70000/84843] Loss: 0.275772
Epoch 399 - Avg Loss: 0.306534 | Train Acc: 98.69%
Val: loss=0.3592, acc=10650/10975 (97.04%)
Epoch 400 [0/84843] Loss: 0.274186
Epoch 400 [35000/84843] Loss: 0.278879
Epoch 400 [70000/84843] Loss: 0.312799
Epoch 400 - Avg Loss: 0.306065 | Train Acc: 98.68%
Val: loss=0.3593, acc=10650/10975 (97.04%)
Test: loss=0.3636, acc=11729/12101 (96.93%)
Saved plot to /scratch/work/lainem31/PTQ_project/keyword_spotting/plots/17518365/train_val_24_mels_delta_17518365_5.png
