Running feature config: 24_mels_delta (task 1)
SpecAugment freq_mask=10 time_mask=5
Device: cuda
Feature config: 24_mels_delta -> {'n_mels': 24, 'use_delta': True, 'use_delta_delta': False}
SpecAugment: True freq_mask=10 time_mask=5
GPU Name: Tesla V100-PCIE-32GB
GPU Memory: 34.07 GB
Total model parameters: 47,628
Epoch 1 [0/84843] Loss: 2.547605
Epoch 1 [35000/84843] Loss: 1.452775
Epoch 1 [70000/84843] Loss: 1.735600
Epoch 1 - Avg Loss: 1.689053 | Train Acc: 55.60%
Val: loss=1.4780, acc=7096/10975 (64.66%)
saved best: 64.66%
Epoch 2 [0/84843] Loss: 1.443280
Epoch 2 [35000/84843] Loss: 1.259941
Epoch 2 [70000/84843] Loss: 1.238459
Epoch 2 - Avg Loss: 1.371738 | Train Acc: 66.64%
Val: loss=1.3887, acc=7253/10975 (66.09%)
saved best: 66.09%
Epoch 3 [0/84843] Loss: 1.124187
Epoch 3 [35000/84843] Loss: 1.745070
Epoch 3 [70000/84843] Loss: 1.105957
Epoch 3 - Avg Loss: 1.351235 | Train Acc: 66.77%
Val: loss=1.3615, acc=7223/10975 (65.81%)
Epoch 4 [0/84843] Loss: 1.257620
Epoch 4 [35000/84843] Loss: 1.572995
Epoch 4 [70000/84843] Loss: 1.269548
Epoch 4 - Avg Loss: 1.298759 | Train Acc: 67.08%
Val: loss=1.2788, acc=7370/10975 (67.15%)
saved best: 67.15%
Epoch 5 [0/84843] Loss: 1.126903
Epoch 5 [35000/84843] Loss: 1.084509
Epoch 5 [70000/84843] Loss: 1.215069
Epoch 5 - Avg Loss: 1.244952 | Train Acc: 67.89%
Val: loss=1.2256, acc=7457/10975 (67.95%)
saved best: 67.95%
Epoch 6 [0/84843] Loss: 1.074459
Epoch 6 [35000/84843] Loss: 1.328948
Epoch 6 [70000/84843] Loss: 1.059026
Epoch 6 - Avg Loss: 1.204122 | Train Acc: 68.51%
Val: loss=1.1807, acc=7522/10975 (68.54%)
saved best: 68.54%
Epoch 7 [0/84843] Loss: 1.268790
Epoch 7 [35000/84843] Loss: 1.238364
Epoch 7 [70000/84843] Loss: 1.168066
Epoch 7 - Avg Loss: 1.162134 | Train Acc: 69.11%
Val: loss=1.1256, acc=7588/10975 (69.14%)
saved best: 69.14%
Epoch 8 [0/84843] Loss: 1.026290
Epoch 8 [35000/84843] Loss: 0.943257
Epoch 8 [70000/84843] Loss: 0.970461
Epoch 8 - Avg Loss: 1.117525 | Train Acc: 69.47%
Val: loss=1.0653, acc=7611/10975 (69.35%)
saved best: 69.35%
Epoch 9 [0/84843] Loss: 1.032291
Epoch 9 [35000/84843] Loss: 1.012213
Epoch 9 [70000/84843] Loss: 0.859820
Epoch 9 - Avg Loss: 1.070610 | Train Acc: 70.32%
Val: loss=1.0134, acc=7920/10975 (72.16%)
saved best: 72.16%
Epoch 10 [0/84843] Loss: 1.241453
Epoch 10 [35000/84843] Loss: 1.220032
Epoch 10 [70000/84843] Loss: 1.000473
Epoch 10 - Avg Loss: 1.030547 | Train Acc: 71.91%
Val: loss=0.9758, acc=7953/10975 (72.46%)
saved best: 72.46%
Epoch 11 [0/84843] Loss: 0.792849
Epoch 11 [35000/84843] Loss: 1.107239
Epoch 11 [70000/84843] Loss: 0.918036
Epoch 11 - Avg Loss: 1.000612 | Train Acc: 72.49%
Val: loss=0.9300, acc=8075/10975 (73.58%)
saved best: 73.58%
Epoch 12 [0/84843] Loss: 1.044156
Epoch 12 [35000/84843] Loss: 1.003622
Epoch 12 [70000/84843] Loss: 0.912612
Epoch 12 - Avg Loss: 0.964748 | Train Acc: 73.29%
Val: loss=0.8933, acc=8213/10975 (74.83%)
saved best: 74.83%
Epoch 13 [0/84843] Loss: 1.045326
Epoch 13 [35000/84843] Loss: 1.050582
Epoch 13 [70000/84843] Loss: 0.872251
Epoch 13 - Avg Loss: 0.926533 | Train Acc: 74.49%
Val: loss=0.8527, acc=8521/10975 (77.64%)
saved best: 77.64%
Epoch 14 [0/84843] Loss: 0.937778
Epoch 14 [35000/84843] Loss: 0.794610
Epoch 14 [70000/84843] Loss: 1.075031
Epoch 14 - Avg Loss: 0.890882 | Train Acc: 76.26%
Val: loss=0.8241, acc=8731/10975 (79.55%)
saved best: 79.55%
Epoch 15 [0/84843] Loss: 1.005897
Epoch 15 [35000/84843] Loss: 0.715435
Epoch 15 [70000/84843] Loss: 0.836378
Epoch 15 - Avg Loss: 0.854611 | Train Acc: 77.87%
Val: loss=0.7993, acc=8845/10975 (80.59%)
saved best: 80.59%
Epoch 16 [0/84843] Loss: 0.736813
Epoch 16 [35000/84843] Loss: 0.950762
Epoch 16 [70000/84843] Loss: 0.929486
Epoch 16 - Avg Loss: 0.817849 | Train Acc: 79.22%
Val: loss=0.7551, acc=9017/10975 (82.16%)
saved best: 82.16%
Epoch 17 [0/84843] Loss: 0.684702
Epoch 17 [35000/84843] Loss: 0.700932
Epoch 17 [70000/84843] Loss: 0.774296
Epoch 17 - Avg Loss: 0.785839 | Train Acc: 80.47%
Val: loss=0.7152, acc=9209/10975 (83.91%)
saved best: 83.91%
Epoch 18 [0/84843] Loss: 0.911981
Epoch 18 [35000/84843] Loss: 0.716134
Epoch 18 [70000/84843] Loss: 0.670011
Epoch 18 - Avg Loss: 0.750462 | Train Acc: 81.71%
Val: loss=0.6817, acc=9320/10975 (84.92%)
saved best: 84.92%
Epoch 19 [0/84843] Loss: 0.735255
Epoch 19 [35000/84843] Loss: 0.624612
Epoch 19 [70000/84843] Loss: 0.766637
Epoch 19 - Avg Loss: 0.717479 | Train Acc: 83.03%
Val: loss=0.6498, acc=9452/10975 (86.12%)
saved best: 86.12%
Epoch 20 [0/84843] Loss: 0.662033
Epoch 20 [35000/84843] Loss: 0.901474
Epoch 20 [70000/84843] Loss: 0.667077
Epoch 20 - Avg Loss: 0.684270 | Train Acc: 84.44%
Val: loss=0.6204, acc=9557/10975 (87.08%)
saved best: 87.08%
Epoch 21 [0/84843] Loss: 0.647022
Epoch 21 [35000/84843] Loss: 0.635158
Epoch 21 [70000/84843] Loss: 0.703816
Epoch 21 - Avg Loss: 0.650267 | Train Acc: 85.83%
Val: loss=0.5911, acc=9687/10975 (88.26%)
saved best: 88.26%
Epoch 22 [0/84843] Loss: 0.686193
Epoch 22 [35000/84843] Loss: 0.529838
Epoch 22 [70000/84843] Loss: 0.832321
Epoch 22 - Avg Loss: 0.629587 | Train Acc: 86.59%
Val: loss=0.5681, acc=9799/10975 (89.28%)
saved best: 89.28%
Epoch 23 [0/84843] Loss: 0.578208
Epoch 23 [35000/84843] Loss: 0.640500
Epoch 23 [70000/84843] Loss: 0.751470
Epoch 23 - Avg Loss: 0.609833 | Train Acc: 87.29%
Val: loss=0.5511, acc=9896/10975 (90.17%)
saved best: 90.17%
Epoch 24 [0/84843] Loss: 0.699755
Epoch 24 [35000/84843] Loss: 0.603746
Epoch 24 [70000/84843] Loss: 0.572489
Epoch 24 - Avg Loss: 0.586833 | Train Acc: 88.19%
Val: loss=0.5287, acc=9978/10975 (90.92%)
saved best: 90.92%
Epoch 25 [0/84843] Loss: 0.588543
Epoch 25 [35000/84843] Loss: 0.493028
Epoch 25 [70000/84843] Loss: 0.656739
Epoch 25 - Avg Loss: 0.571062 | Train Acc: 88.82%
Val: loss=0.5171, acc=10017/10975 (91.27%)
saved best: 91.27%
Epoch 26 [0/84843] Loss: 0.402622
Epoch 26 [35000/84843] Loss: 0.533034
Epoch 26 [70000/84843] Loss: 0.778111
Epoch 26 - Avg Loss: 0.556792 | Train Acc: 89.40%
Val: loss=0.5041, acc=10087/10975 (91.91%)
saved best: 91.91%
Epoch 27 [0/84843] Loss: 0.496279
Epoch 27 [35000/84843] Loss: 0.444960
Epoch 27 [70000/84843] Loss: 0.591344
Epoch 27 - Avg Loss: 0.544829 | Train Acc: 89.86%
Val: loss=0.4919, acc=10130/10975 (92.30%)
saved best: 92.30%
Epoch 28 [0/84843] Loss: 0.424781
Epoch 28 [35000/84843] Loss: 0.405714
Epoch 28 [70000/84843] Loss: 0.468537
Epoch 28 - Avg Loss: 0.531392 | Train Acc: 90.34%
Val: loss=0.4874, acc=10150/10975 (92.48%)
saved best: 92.48%
Epoch 29 [0/84843] Loss: 0.439981
Epoch 29 [35000/84843] Loss: 0.594522
Epoch 29 [70000/84843] Loss: 0.501753
Epoch 29 - Avg Loss: 0.520277 | Train Acc: 90.77%
Val: loss=0.4789, acc=10177/10975 (92.73%)
saved best: 92.73%
Epoch 30 [0/84843] Loss: 0.578909
Epoch 30 [35000/84843] Loss: 0.470645
Epoch 30 [70000/84843] Loss: 0.524222
Epoch 30 - Avg Loss: 0.513382 | Train Acc: 91.01%
Val: loss=0.4729, acc=10207/10975 (93.00%)
saved best: 93.00%
Epoch 31 [0/84843] Loss: 0.432780
Epoch 31 [35000/84843] Loss: 0.646288
Epoch 31 [70000/84843] Loss: 0.561976
Epoch 31 - Avg Loss: 0.500215 | Train Acc: 91.45%
Val: loss=0.4639, acc=10252/10975 (93.41%)
saved best: 93.41%
Epoch 32 [0/84843] Loss: 0.488025
Epoch 32 [35000/84843] Loss: 0.608647
Epoch 32 [70000/84843] Loss: 0.520604
Epoch 32 - Avg Loss: 0.492174 | Train Acc: 91.85%
Val: loss=0.4602, acc=10261/10975 (93.49%)
saved best: 93.49%
Epoch 33 [0/84843] Loss: 0.531674
Epoch 33 [35000/84843] Loss: 0.416683
Epoch 33 [70000/84843] Loss: 0.414947
Epoch 33 - Avg Loss: 0.488238 | Train Acc: 91.82%
Val: loss=0.4624, acc=10242/10975 (93.32%)
Epoch 34 [0/84843] Loss: 0.490076
Epoch 34 [35000/84843] Loss: 0.436914
Epoch 34 [70000/84843] Loss: 0.328541
Epoch 34 - Avg Loss: 0.476705 | Train Acc: 92.37%
Val: loss=0.4423, acc=10322/10975 (94.05%)
saved best: 94.05%
Epoch 35 [0/84843] Loss: 0.375966
Epoch 35 [35000/84843] Loss: 0.452258
Epoch 35 [70000/84843] Loss: 0.499562
Epoch 35 - Avg Loss: 0.471770 | Train Acc: 92.54%
Val: loss=0.4370, acc=10321/10975 (94.04%)
Epoch 36 [0/84843] Loss: 0.579691
Epoch 36 [35000/84843] Loss: 0.567048
Epoch 36 [70000/84843] Loss: 0.466912
Epoch 36 - Avg Loss: 0.464515 | Train Acc: 92.88%
Val: loss=0.4380, acc=10326/10975 (94.09%)
saved best: 94.09%
Epoch 37 [0/84843] Loss: 0.447347
Epoch 37 [35000/84843] Loss: 0.568994
Epoch 37 [70000/84843] Loss: 0.421898
Epoch 37 - Avg Loss: 0.460183 | Train Acc: 92.96%
Val: loss=0.4388, acc=10325/10975 (94.08%)
Epoch 38 [0/84843] Loss: 0.474673
Epoch 38 [35000/84843] Loss: 0.617848
Epoch 38 [70000/84843] Loss: 0.446043
Epoch 38 - Avg Loss: 0.453792 | Train Acc: 93.26%
Val: loss=0.4309, acc=10349/10975 (94.30%)
saved best: 94.30%
Epoch 39 [0/84843] Loss: 0.558478
Epoch 39 [35000/84843] Loss: 0.472897
Epoch 39 [70000/84843] Loss: 0.466923
Epoch 39 - Avg Loss: 0.447671 | Train Acc: 93.42%
Val: loss=0.4203, acc=10394/10975 (94.71%)
saved best: 94.71%
Epoch 40 [0/84843] Loss: 0.705435
Epoch 40 [35000/84843] Loss: 0.508325
Epoch 40 [70000/84843] Loss: 0.414338
Epoch 40 - Avg Loss: 0.446920 | Train Acc: 93.47%
Val: loss=0.4204, acc=10382/10975 (94.60%)
Epoch 41 [0/84843] Loss: 0.644149
Epoch 41 [35000/84843] Loss: 0.621604
Epoch 41 [70000/84843] Loss: 0.330587
Epoch 41 - Avg Loss: 0.443029 | Train Acc: 93.66%
Val: loss=0.4099, acc=10434/10975 (95.07%)
saved best: 95.07%
Epoch 42 [0/84843] Loss: 0.549781
Epoch 42 [35000/84843] Loss: 0.446641
Epoch 42 [70000/84843] Loss: 0.455077
Epoch 42 - Avg Loss: 0.434235 | Train Acc: 93.96%
Val: loss=0.4117, acc=10418/10975 (94.92%)
Epoch 43 [0/84843] Loss: 0.486324
Epoch 43 [35000/84843] Loss: 0.522536
Epoch 43 [70000/84843] Loss: 0.442954
Epoch 43 - Avg Loss: 0.432674 | Train Acc: 93.96%
Val: loss=0.4094, acc=10432/10975 (95.05%)
Epoch 44 [0/84843] Loss: 0.481267
Epoch 44 [35000/84843] Loss: 0.467275
Epoch 44 [70000/84843] Loss: 0.352706
Epoch 44 - Avg Loss: 0.425955 | Train Acc: 94.27%
Val: loss=0.4117, acc=10411/10975 (94.86%)
Epoch 45 [0/84843] Loss: 0.349931
Epoch 45 [35000/84843] Loss: 0.374167
Epoch 45 [70000/84843] Loss: 0.415277
Epoch 45 - Avg Loss: 0.424564 | Train Acc: 94.30%
Val: loss=0.4144, acc=10410/10975 (94.85%)
Epoch 46 [0/84843] Loss: 0.321305
Epoch 46 [35000/84843] Loss: 0.418594
Epoch 46 [70000/84843] Loss: 0.455228
Epoch 46 - Avg Loss: 0.422148 | Train Acc: 94.37%
Val: loss=0.4099, acc=10436/10975 (95.09%)
saved best: 95.09%
Epoch 47 [0/84843] Loss: 0.523925
Epoch 47 [35000/84843] Loss: 0.422769
Epoch 47 [70000/84843] Loss: 0.360033
Epoch 47 - Avg Loss: 0.418714 | Train Acc: 94.49%
Val: loss=0.4092, acc=10439/10975 (95.12%)
saved best: 95.12%
Epoch 48 [0/84843] Loss: 0.414908
Epoch 48 [35000/84843] Loss: 0.533801
Epoch 48 [70000/84843] Loss: 0.472305
Epoch 48 - Avg Loss: 0.417386 | Train Acc: 94.53%
Val: loss=0.3943, acc=10494/10975 (95.62%)
saved best: 95.62%
Epoch 49 [0/84843] Loss: 0.514012
Epoch 49 [35000/84843] Loss: 0.540239
Epoch 49 [70000/84843] Loss: 0.386431
Epoch 49 - Avg Loss: 0.417374 | Train Acc: 94.54%
Val: loss=0.4000, acc=10469/10975 (95.39%)
Epoch 50 [0/84843] Loss: 0.378733
Epoch 50 [35000/84843] Loss: 0.308836
Epoch 50 [70000/84843] Loss: 0.364404
Epoch 50 - Avg Loss: 0.411448 | Train Acc: 94.76%
Val: loss=0.4008, acc=10466/10975 (95.36%)
Epoch 51 [0/84843] Loss: 0.357463
Epoch 51 [35000/84843] Loss: 0.304685
Epoch 51 [70000/84843] Loss: 0.385450
Epoch 51 - Avg Loss: 0.408100 | Train Acc: 94.90%
Val: loss=0.3929, acc=10528/10975 (95.93%)
saved best: 95.93%
Epoch 52 [0/84843] Loss: 0.364173
Epoch 52 [35000/84843] Loss: 0.314396
Epoch 52 [70000/84843] Loss: 0.377351
Epoch 52 - Avg Loss: 0.407255 | Train Acc: 94.85%
Val: loss=0.3920, acc=10502/10975 (95.69%)
Epoch 53 [0/84843] Loss: 0.484755
Epoch 53 [35000/84843] Loss: 0.301030
Epoch 53 [70000/84843] Loss: 0.322938
Epoch 53 - Avg Loss: 0.404463 | Train Acc: 95.00%
Val: loss=0.4023, acc=10475/10975 (95.44%)
Epoch 54 [0/84843] Loss: 0.471845
Epoch 54 [35000/84843] Loss: 0.318478
Epoch 54 [70000/84843] Loss: 0.469579
Epoch 54 - Avg Loss: 0.401536 | Train Acc: 95.14%
Val: loss=0.3920, acc=10498/10975 (95.65%)
Epoch 55 [0/84843] Loss: 0.425056
Epoch 55 [35000/84843] Loss: 0.332090
Epoch 55 [70000/84843] Loss: 0.349936
Epoch 55 - Avg Loss: 0.400170 | Train Acc: 95.18%
Val: loss=0.3834, acc=10538/10975 (96.02%)
saved best: 96.02%
Epoch 56 [0/84843] Loss: 0.387424
Epoch 56 [35000/84843] Loss: 0.409026
Epoch 56 [70000/84843] Loss: 0.429270
Epoch 56 - Avg Loss: 0.397295 | Train Acc: 95.31%
Val: loss=0.3853, acc=10547/10975 (96.10%)
saved best: 96.10%
Epoch 57 [0/84843] Loss: 0.428054
Epoch 57 [35000/84843] Loss: 0.348873
Epoch 57 [70000/84843] Loss: 0.355207
Epoch 57 - Avg Loss: 0.394291 | Train Acc: 95.40%
Val: loss=0.3850, acc=10544/10975 (96.07%)
Epoch 58 [0/84843] Loss: 0.458719
Epoch 58 [35000/84843] Loss: 0.354829
Epoch 58 [70000/84843] Loss: 0.437803
Epoch 58 - Avg Loss: 0.395416 | Train Acc: 95.39%
Val: loss=0.3895, acc=10512/10975 (95.78%)
Epoch 59 [0/84843] Loss: 0.392376
Epoch 59 [35000/84843] Loss: 0.348888
Epoch 59 [70000/84843] Loss: 0.381897
Epoch 59 - Avg Loss: 0.392339 | Train Acc: 95.50%
Val: loss=0.3945, acc=10493/10975 (95.61%)
Epoch 60 [0/84843] Loss: 0.441836
Epoch 60 [35000/84843] Loss: 0.446487
Epoch 60 [70000/84843] Loss: 0.348881
Epoch 60 - Avg Loss: 0.393222 | Train Acc: 95.45%
Val: loss=0.3923, acc=10494/10975 (95.62%)
Epoch 61 [0/84843] Loss: 0.366652
Epoch 61 [35000/84843] Loss: 0.423473
Epoch 61 [70000/84843] Loss: 0.343513
Epoch 61 - Avg Loss: 0.388066 | Train Acc: 95.61%
Val: loss=0.3794, acc=10540/10975 (96.04%)
Epoch 62 [0/84843] Loss: 0.296684
Epoch 62 [35000/84843] Loss: 0.418787
Epoch 62 [70000/84843] Loss: 0.467925
Epoch 62 - Avg Loss: 0.387801 | Train Acc: 95.62%
Val: loss=0.3819, acc=10549/10975 (96.12%)
saved best: 96.12%
Epoch 63 [0/84843] Loss: 0.328099
Epoch 63 [35000/84843] Loss: 0.389492
Epoch 63 [70000/84843] Loss: 0.325353
Epoch 63 - Avg Loss: 0.388458 | Train Acc: 95.62%
Val: loss=0.3923, acc=10502/10975 (95.69%)
Epoch 64 [0/84843] Loss: 0.475426
Epoch 64 [35000/84843] Loss: 0.384764
Epoch 64 [70000/84843] Loss: 0.333678
Epoch 64 - Avg Loss: 0.386115 | Train Acc: 95.69%
Val: loss=0.3798, acc=10543/10975 (96.06%)
Epoch 65 [0/84843] Loss: 0.336471
Epoch 65 [35000/84843] Loss: 0.475121
Epoch 65 [70000/84843] Loss: 0.393380
Epoch 65 - Avg Loss: 0.386015 | Train Acc: 95.70%
Val: loss=0.3901, acc=10513/10975 (95.79%)
Epoch 66 [0/84843] Loss: 0.433892
Epoch 66 [35000/84843] Loss: 0.415169
Epoch 66 [70000/84843] Loss: 0.377588
Epoch 66 - Avg Loss: 0.382818 | Train Acc: 95.86%
Val: loss=0.4047, acc=10443/10975 (95.15%)
Epoch 67 [0/84843] Loss: 0.491264
Epoch 67 [35000/84843] Loss: 0.330083
Epoch 67 [70000/84843] Loss: 0.302604
Epoch 67 - Avg Loss: 0.381887 | Train Acc: 95.86%
Val: loss=0.3760, acc=10569/10975 (96.30%)
saved best: 96.30%
Epoch 68 [0/84843] Loss: 0.373951
Epoch 68 [35000/84843] Loss: 0.347410
Epoch 68 [70000/84843] Loss: 0.494615
Epoch 68 - Avg Loss: 0.379930 | Train Acc: 95.93%
Val: loss=0.3798, acc=10532/10975 (95.96%)
Epoch 69 [0/84843] Loss: 0.434345
Epoch 69 [35000/84843] Loss: 0.488486
Epoch 69 [70000/84843] Loss: 0.477712
Epoch 69 - Avg Loss: 0.380801 | Train Acc: 95.91%
Val: loss=0.3791, acc=10540/10975 (96.04%)
Epoch 70 [0/84843] Loss: 0.323874
Epoch 70 [35000/84843] Loss: 0.432487
Epoch 70 [70000/84843] Loss: 0.401511
Epoch 70 - Avg Loss: 0.379579 | Train Acc: 95.92%
Val: loss=0.3883, acc=10509/10975 (95.75%)
Epoch 71 [0/84843] Loss: 0.424079
Epoch 71 [35000/84843] Loss: 0.428638
Epoch 71 [70000/84843] Loss: 0.382317
Epoch 71 - Avg Loss: 0.379590 | Train Acc: 95.89%
Val: loss=0.3808, acc=10526/10975 (95.91%)
Epoch 72 [0/84843] Loss: 0.298693
Epoch 72 [35000/84843] Loss: 0.538936
Epoch 72 [70000/84843] Loss: 0.393578
Epoch 72 - Avg Loss: 0.378208 | Train Acc: 95.95%
Val: loss=0.3875, acc=10520/10975 (95.85%)
Epoch 73 [0/84843] Loss: 0.415625
Epoch 73 [35000/84843] Loss: 0.421448
Epoch 73 [70000/84843] Loss: 0.512920
Epoch 73 - Avg Loss: 0.375205 | Train Acc: 96.08%
Val: loss=0.3818, acc=10524/10975 (95.89%)
Epoch 74 [0/84843] Loss: 0.427407
Epoch 74 [35000/84843] Loss: 0.338003
Epoch 74 [70000/84843] Loss: 0.423589
Epoch 74 - Avg Loss: 0.375379 | Train Acc: 96.10%
Val: loss=0.3773, acc=10553/10975 (96.15%)
Epoch 75 [0/84843] Loss: 0.424946
Epoch 75 [35000/84843] Loss: 0.352387
Epoch 75 [70000/84843] Loss: 0.337896
Epoch 75 - Avg Loss: 0.374454 | Train Acc: 96.09%
Val: loss=0.3781, acc=10564/10975 (96.26%)
Epoch 76 [0/84843] Loss: 0.348555
Epoch 76 [35000/84843] Loss: 0.321373
Epoch 76 [70000/84843] Loss: 0.310516
Epoch 76 - Avg Loss: 0.373213 | Train Acc: 96.15%
Val: loss=0.3766, acc=10563/10975 (96.25%)
Epoch 77 [0/84843] Loss: 0.406715
Epoch 77 [35000/84843] Loss: 0.471102
Epoch 77 [70000/84843] Loss: 0.397124
Epoch 77 - Avg Loss: 0.374894 | Train Acc: 96.07%
Val: loss=0.3735, acc=10566/10975 (96.27%)
Epoch 78 [0/84843] Loss: 0.303499
Epoch 78 [35000/84843] Loss: 0.379601
Epoch 78 [70000/84843] Loss: 0.420482
Epoch 78 - Avg Loss: 0.369693 | Train Acc: 96.30%
Val: loss=0.3794, acc=10550/10975 (96.13%)
Epoch 79 [0/84843] Loss: 0.295718
Epoch 79 [35000/84843] Loss: 0.339023
Epoch 79 [70000/84843] Loss: 0.315691
Epoch 79 - Avg Loss: 0.372207 | Train Acc: 96.16%
Val: loss=0.3781, acc=10529/10975 (95.94%)
Epoch 80 [0/84843] Loss: 0.291398
Epoch 80 [35000/84843] Loss: 0.367853
Epoch 80 [70000/84843] Loss: 0.387542
Epoch 80 - Avg Loss: 0.370812 | Train Acc: 96.24%
Val: loss=0.3791, acc=10526/10975 (95.91%)
Epoch 81 [0/84843] Loss: 0.438340
Epoch 81 [35000/84843] Loss: 0.296073
Epoch 81 [70000/84843] Loss: 0.336601
Epoch 81 - Avg Loss: 0.369854 | Train Acc: 96.31%
Val: loss=0.3797, acc=10538/10975 (96.02%)
Epoch 82 [0/84843] Loss: 0.333414
Epoch 82 [35000/84843] Loss: 0.290959
Epoch 82 [70000/84843] Loss: 0.372976
Epoch 82 - Avg Loss: 0.369792 | Train Acc: 96.33%
Val: loss=0.3854, acc=10520/10975 (95.85%)
Epoch 83 [0/84843] Loss: 0.441712
Epoch 83 [35000/84843] Loss: 0.366193
Epoch 83 [70000/84843] Loss: 0.290651
Epoch 83 - Avg Loss: 0.369020 | Train Acc: 96.35%
Val: loss=0.3843, acc=10523/10975 (95.88%)
Epoch 84 [0/84843] Loss: 0.429966
Epoch 84 [35000/84843] Loss: 0.295852
Epoch 84 [70000/84843] Loss: 0.378051
Epoch 84 - Avg Loss: 0.368041 | Train Acc: 96.34%
Val: loss=0.3810, acc=10528/10975 (95.93%)
Epoch 85 [0/84843] Loss: 0.422561
Epoch 85 [35000/84843] Loss: 0.334069
Epoch 85 [70000/84843] Loss: 0.296206
Epoch 85 - Avg Loss: 0.367666 | Train Acc: 96.32%
Val: loss=0.3753, acc=10575/10975 (96.36%)
saved best: 96.36%
Epoch 86 [0/84843] Loss: 0.335346
Epoch 86 [35000/84843] Loss: 0.313766
Epoch 86 [70000/84843] Loss: 0.344671
Epoch 86 - Avg Loss: 0.366333 | Train Acc: 96.45%
Val: loss=0.3751, acc=10568/10975 (96.29%)
Epoch 87 [0/84843] Loss: 0.386184
Epoch 87 [35000/84843] Loss: 0.381120
Epoch 87 [70000/84843] Loss: 0.302263
Epoch 87 - Avg Loss: 0.367575 | Train Acc: 96.40%
Val: loss=0.3807, acc=10543/10975 (96.06%)
Epoch 88 [0/84843] Loss: 0.442928
Epoch 88 [35000/84843] Loss: 0.305741
Epoch 88 [70000/84843] Loss: 0.330530
Epoch 88 - Avg Loss: 0.365129 | Train Acc: 96.47%
Val: loss=0.3807, acc=10541/10975 (96.05%)
Epoch 89 [0/84843] Loss: 0.354597
Epoch 89 [35000/84843] Loss: 0.355288
Epoch 89 [70000/84843] Loss: 0.368031
Epoch 89 - Avg Loss: 0.365130 | Train Acc: 96.50%
Val: loss=0.3765, acc=10548/10975 (96.11%)
Epoch 90 [0/84843] Loss: 0.418311
Epoch 90 [35000/84843] Loss: 0.374896
Epoch 90 [70000/84843] Loss: 0.373164
Epoch 90 - Avg Loss: 0.364520 | Train Acc: 96.48%
Val: loss=0.3690, acc=10584/10975 (96.44%)
saved best: 96.44%
Epoch 91 [0/84843] Loss: 0.428872
Epoch 91 [35000/84843] Loss: 0.309879
Epoch 91 [70000/84843] Loss: 0.297654
Epoch 91 - Avg Loss: 0.365636 | Train Acc: 96.43%
Val: loss=0.3833, acc=10543/10975 (96.06%)
Epoch 92 [0/84843] Loss: 0.310251
Epoch 92 [35000/84843] Loss: 0.414169
Epoch 92 [70000/84843] Loss: 0.329167
Epoch 92 - Avg Loss: 0.364099 | Train Acc: 96.48%
Val: loss=0.3760, acc=10565/10975 (96.26%)
Epoch 93 [0/84843] Loss: 0.359022
Epoch 93 [35000/84843] Loss: 0.323902
Epoch 93 [70000/84843] Loss: 0.427282
Epoch 93 - Avg Loss: 0.362079 | Train Acc: 96.57%
Val: loss=0.3751, acc=10562/10975 (96.24%)
Epoch 94 [0/84843] Loss: 0.325030
Epoch 94 [35000/84843] Loss: 0.365592
Epoch 94 [70000/84843] Loss: 0.351873
Epoch 94 - Avg Loss: 0.363335 | Train Acc: 96.53%
Val: loss=0.3771, acc=10554/10975 (96.16%)
Epoch 95 [0/84843] Loss: 0.320155
Epoch 95 [35000/84843] Loss: 0.398745
Epoch 95 [70000/84843] Loss: 0.334638
Epoch 95 - Avg Loss: 0.362322 | Train Acc: 96.61%
Val: loss=0.3791, acc=10558/10975 (96.20%)
Epoch 96 [0/84843] Loss: 0.429012
Epoch 96 [35000/84843] Loss: 0.474403
Epoch 96 [70000/84843] Loss: 0.466100
Epoch 96 - Avg Loss: 0.363555 | Train Acc: 96.50%
Val: loss=0.3865, acc=10523/10975 (95.88%)
Epoch 97 [0/84843] Loss: 0.339144
Epoch 97 [35000/84843] Loss: 0.509456
Epoch 97 [70000/84843] Loss: 0.355542
Epoch 97 - Avg Loss: 0.362903 | Train Acc: 96.55%
Val: loss=0.3707, acc=10592/10975 (96.51%)
saved best: 96.51%
Epoch 98 [0/84843] Loss: 0.313573
Epoch 98 [35000/84843] Loss: 0.350694
Epoch 98 [70000/84843] Loss: 0.432977
Epoch 98 - Avg Loss: 0.361578 | Train Acc: 96.61%
Val: loss=0.3725, acc=10560/10975 (96.22%)
Epoch 99 [0/84843] Loss: 0.286300
Epoch 99 [35000/84843] Loss: 0.337607
Epoch 99 [70000/84843] Loss: 0.339598
Epoch 99 - Avg Loss: 0.360503 | Train Acc: 96.68%
Val: loss=0.3741, acc=10545/10975 (96.08%)
Epoch 100 [0/84843] Loss: 0.365361
Epoch 100 [35000/84843] Loss: 0.320183
Epoch 100 [70000/84843] Loss: 0.279481
Epoch 100 - Avg Loss: 0.361715 | Train Acc: 96.59%
Val: loss=0.3689, acc=10580/10975 (96.40%)
Epoch 101 [0/84843] Loss: 0.309089
Epoch 101 [35000/84843] Loss: 0.335867
Epoch 101 [70000/84843] Loss: 0.281802
Epoch 101 - Avg Loss: 0.361276 | Train Acc: 96.62%
Val: loss=0.3819, acc=10543/10975 (96.06%)
Epoch 102 [0/84843] Loss: 0.335729
Epoch 102 [35000/84843] Loss: 0.277303
Epoch 102 [70000/84843] Loss: 0.288375
Epoch 102 - Avg Loss: 0.360216 | Train Acc: 96.64%
Val: loss=0.3808, acc=10543/10975 (96.06%)
Epoch 103 [0/84843] Loss: 0.397281
Epoch 103 [35000/84843] Loss: 0.386698
Epoch 103 [70000/84843] Loss: 0.517889
Epoch 103 - Avg Loss: 0.359910 | Train Acc: 96.67%
Val: loss=0.3749, acc=10571/10975 (96.32%)
Epoch 104 [0/84843] Loss: 0.317687
Epoch 104 [35000/84843] Loss: 0.368289
Epoch 104 [70000/84843] Loss: 0.288755
Epoch 104 - Avg Loss: 0.359034 | Train Acc: 96.65%
Val: loss=0.3796, acc=10554/10975 (96.16%)
Epoch 105 [0/84843] Loss: 0.326107
Epoch 105 [35000/84843] Loss: 0.358728
Epoch 105 [70000/84843] Loss: 0.293936
Epoch 105 - Avg Loss: 0.358676 | Train Acc: 96.69%
Val: loss=0.3718, acc=10560/10975 (96.22%)
Epoch 106 [0/84843] Loss: 0.286198
Epoch 106 [35000/84843] Loss: 0.391008
Epoch 106 [70000/84843] Loss: 0.380059
Epoch 106 - Avg Loss: 0.359781 | Train Acc: 96.65%
Val: loss=0.3680, acc=10589/10975 (96.48%)
Epoch 107 [0/84843] Loss: 0.340605
Epoch 107 [35000/84843] Loss: 0.317737
Epoch 107 [70000/84843] Loss: 0.352252
Epoch 107 - Avg Loss: 0.358199 | Train Acc: 96.73%
Val: loss=0.3767, acc=10554/10975 (96.16%)
Epoch 108 [0/84843] Loss: 0.316730
Epoch 108 [35000/84843] Loss: 0.294867
Epoch 108 [70000/84843] Loss: 0.318017
Epoch 108 - Avg Loss: 0.358237 | Train Acc: 96.69%
Val: loss=0.3713, acc=10583/10975 (96.43%)
Epoch 109 [0/84843] Loss: 0.323656
Epoch 109 [35000/84843] Loss: 0.523188
Epoch 109 [70000/84843] Loss: 0.307819
Epoch 109 - Avg Loss: 0.357712 | Train Acc: 96.73%
Val: loss=0.3747, acc=10566/10975 (96.27%)
Epoch 110 [0/84843] Loss: 0.378778
Epoch 110 [35000/84843] Loss: 0.292866
Epoch 110 [70000/84843] Loss: 0.297640
Epoch 110 - Avg Loss: 0.357523 | Train Acc: 96.75%
Val: loss=0.3787, acc=10547/10975 (96.10%)
Epoch 111 [0/84843] Loss: 0.447104
Epoch 111 [35000/84843] Loss: 0.384395
Epoch 111 [70000/84843] Loss: 0.313343
Epoch 111 - Avg Loss: 0.358370 | Train Acc: 96.78%
Val: loss=0.3681, acc=10583/10975 (96.43%)
Epoch 112 [0/84843] Loss: 0.480362
Epoch 112 [35000/84843] Loss: 0.344356
Epoch 112 [70000/84843] Loss: 0.287152
Epoch 112 - Avg Loss: 0.356162 | Train Acc: 96.84%
Val: loss=0.3720, acc=10563/10975 (96.25%)
Epoch 113 [0/84843] Loss: 0.306610
Epoch 113 [35000/84843] Loss: 0.376126
Epoch 113 [70000/84843] Loss: 0.429346
Epoch 113 - Avg Loss: 0.354724 | Train Acc: 96.87%
Val: loss=0.3799, acc=10546/10975 (96.09%)
Epoch 114 [0/84843] Loss: 0.456415
Epoch 114 [35000/84843] Loss: 0.366579
Epoch 114 [70000/84843] Loss: 0.290696
Epoch 114 - Avg Loss: 0.356105 | Train Acc: 96.80%
Val: loss=0.3741, acc=10584/10975 (96.44%)
Epoch 115 [0/84843] Loss: 0.344576
Epoch 115 [35000/84843] Loss: 0.297315
Epoch 115 [70000/84843] Loss: 0.319933
Epoch 115 - Avg Loss: 0.358051 | Train Acc: 96.73%
Val: loss=0.3737, acc=10561/10975 (96.23%)
Epoch 116 [0/84843] Loss: 0.280243
Epoch 116 [35000/84843] Loss: 0.397233
Epoch 116 [70000/84843] Loss: 0.398861
Epoch 116 - Avg Loss: 0.357172 | Train Acc: 96.78%
Val: loss=0.3758, acc=10553/10975 (96.15%)
Epoch 117 [0/84843] Loss: 0.327305
Epoch 117 [35000/84843] Loss: 0.347293
Epoch 117 [70000/84843] Loss: 0.320684
Epoch 117 - Avg Loss: 0.356550 | Train Acc: 96.79%
Val: loss=0.3719, acc=10567/10975 (96.28%)
Epoch 118 [0/84843] Loss: 0.316730
Epoch 118 [35000/84843] Loss: 0.303493
Epoch 118 [70000/84843] Loss: 0.285448
Epoch 118 - Avg Loss: 0.355021 | Train Acc: 96.82%
Val: loss=0.3800, acc=10559/10975 (96.21%)
Epoch 119 [0/84843] Loss: 0.296395
Epoch 119 [35000/84843] Loss: 0.276118
Epoch 119 [70000/84843] Loss: 0.332882
Epoch 119 - Avg Loss: 0.354687 | Train Acc: 96.85%
Val: loss=0.3710, acc=10575/10975 (96.36%)
Epoch 120 [0/84843] Loss: 0.398483
Epoch 120 [35000/84843] Loss: 0.412921
Epoch 120 [70000/84843] Loss: 0.360199
Epoch 120 - Avg Loss: 0.354847 | Train Acc: 96.90%
Val: loss=0.3695, acc=10607/10975 (96.65%)
saved best: 96.65%
Epoch 121 [0/84843] Loss: 0.336907
Epoch 121 [35000/84843] Loss: 0.343503
Epoch 121 [70000/84843] Loss: 0.336593
Epoch 121 - Avg Loss: 0.352629 | Train Acc: 96.93%
Val: loss=0.3757, acc=10560/10975 (96.22%)
Epoch 122 [0/84843] Loss: 0.403208
Epoch 122 [35000/84843] Loss: 0.289488
Epoch 122 [70000/84843] Loss: 0.356151
Epoch 122 - Avg Loss: 0.354152 | Train Acc: 96.89%
Val: loss=0.3732, acc=10570/10975 (96.31%)
Epoch 123 [0/84843] Loss: 0.326853
Epoch 123 [35000/84843] Loss: 0.330234
Epoch 123 [70000/84843] Loss: 0.341932
Epoch 123 - Avg Loss: 0.355476 | Train Acc: 96.81%
Val: loss=0.3802, acc=10556/10975 (96.18%)
Epoch 124 [0/84843] Loss: 0.335896
Epoch 124 [35000/84843] Loss: 0.344813
Epoch 124 [70000/84843] Loss: 0.343373
Epoch 124 - Avg Loss: 0.353613 | Train Acc: 96.90%
Val: loss=0.3714, acc=10573/10975 (96.34%)
Epoch 125 [0/84843] Loss: 0.362286
Epoch 125 [35000/84843] Loss: 0.330965
Epoch 125 [70000/84843] Loss: 0.314671
Epoch 125 - Avg Loss: 0.353171 | Train Acc: 96.94%
Val: loss=0.3713, acc=10577/10975 (96.37%)
Epoch 126 [0/84843] Loss: 0.442500
Epoch 126 [35000/84843] Loss: 0.291874
Epoch 126 [70000/84843] Loss: 0.341037
Epoch 126 - Avg Loss: 0.354397 | Train Acc: 96.89%
Val: loss=0.3747, acc=10576/10975 (96.36%)
Epoch 127 [0/84843] Loss: 0.504721
Epoch 127 [35000/84843] Loss: 0.309938
Epoch 127 [70000/84843] Loss: 0.374499
Epoch 127 - Avg Loss: 0.351593 | Train Acc: 96.97%
Val: loss=0.3693, acc=10585/10975 (96.45%)
Epoch 128 [0/84843] Loss: 0.268316
Epoch 128 [35000/84843] Loss: 0.332661
Epoch 128 [70000/84843] Loss: 0.427035
Epoch 128 - Avg Loss: 0.352295 | Train Acc: 96.96%
Val: loss=0.3697, acc=10592/10975 (96.51%)
Epoch 129 [0/84843] Loss: 0.334339
Epoch 129 [35000/84843] Loss: 0.349214
Epoch 129 [70000/84843] Loss: 0.411068
Epoch 129 - Avg Loss: 0.352956 | Train Acc: 96.88%
Val: loss=0.3711, acc=10592/10975 (96.51%)
Epoch 130 [0/84843] Loss: 0.306135
Epoch 130 [35000/84843] Loss: 0.327430
Epoch 130 [70000/84843] Loss: 0.283224
Epoch 130 - Avg Loss: 0.350480 | Train Acc: 97.02%
Val: loss=0.3737, acc=10588/10975 (96.47%)
Epoch 131 [0/84843] Loss: 0.309861
Epoch 131 [35000/84843] Loss: 0.378811
Epoch 131 [70000/84843] Loss: 0.297332
Epoch 131 - Avg Loss: 0.352001 | Train Acc: 96.95%
Val: loss=0.3695, acc=10590/10975 (96.49%)
Epoch 132 [0/84843] Loss: 0.353220
Epoch 132 [35000/84843] Loss: 0.379769
Epoch 132 [70000/84843] Loss: 0.307145
Epoch 132 - Avg Loss: 0.352352 | Train Acc: 96.95%
Val: loss=0.3709, acc=10581/10975 (96.41%)
Epoch 133 [0/84843] Loss: 0.363409
Epoch 133 [35000/84843] Loss: 0.278943
Epoch 133 [70000/84843] Loss: 0.344037
Epoch 133 - Avg Loss: 0.350992 | Train Acc: 96.98%
Val: loss=0.3712, acc=10584/10975 (96.44%)
Epoch 134 [0/84843] Loss: 0.482777
Epoch 134 [35000/84843] Loss: 0.324469
Epoch 134 [70000/84843] Loss: 0.338463
Epoch 134 - Avg Loss: 0.349413 | Train Acc: 97.04%
Val: loss=0.3678, acc=10602/10975 (96.60%)
Epoch 135 [0/84843] Loss: 0.414752
Epoch 135 [35000/84843] Loss: 0.322682
Epoch 135 [70000/84843] Loss: 0.476845
Epoch 135 - Avg Loss: 0.350015 | Train Acc: 97.04%
Val: loss=0.3658, acc=10606/10975 (96.64%)
Epoch 136 [0/84843] Loss: 0.273183
Epoch 136 [35000/84843] Loss: 0.424468
Epoch 136 [70000/84843] Loss: 0.301345
Epoch 136 - Avg Loss: 0.349833 | Train Acc: 96.98%
Val: loss=0.3650, acc=10613/10975 (96.70%)
saved best: 96.70%
Epoch 137 [0/84843] Loss: 0.342346
Epoch 137 [35000/84843] Loss: 0.343683
Epoch 137 [70000/84843] Loss: 0.411765
Epoch 137 - Avg Loss: 0.349982 | Train Acc: 97.00%
Val: loss=0.3683, acc=10590/10975 (96.49%)
Epoch 138 [0/84843] Loss: 0.324748
Epoch 138 [35000/84843] Loss: 0.273955
Epoch 138 [70000/84843] Loss: 0.307077
Epoch 138 - Avg Loss: 0.349633 | Train Acc: 97.04%
Val: loss=0.3689, acc=10597/10975 (96.56%)
Epoch 139 [0/84843] Loss: 0.288721
Epoch 139 [35000/84843] Loss: 0.424860
Epoch 139 [70000/84843] Loss: 0.366517
Epoch 139 - Avg Loss: 0.349673 | Train Acc: 97.00%
Val: loss=0.3821, acc=10538/10975 (96.02%)
Epoch 140 [0/84843] Loss: 0.354387
Epoch 140 [35000/84843] Loss: 0.296433
Epoch 140 [70000/84843] Loss: 0.336608
Epoch 140 - Avg Loss: 0.347726 | Train Acc: 97.11%
Val: loss=0.3682, acc=10594/10975 (96.53%)
Epoch 141 [0/84843] Loss: 0.302690
Epoch 141 [35000/84843] Loss: 0.297377
Epoch 141 [70000/84843] Loss: 0.325793
Epoch 141 - Avg Loss: 0.348241 | Train Acc: 97.07%
Val: loss=0.3709, acc=10582/10975 (96.42%)
Epoch 142 [0/84843] Loss: 0.331443
Epoch 142 [35000/84843] Loss: 0.316649
Epoch 142 [70000/84843] Loss: 0.391077
Epoch 142 - Avg Loss: 0.350067 | Train Acc: 97.05%
Val: loss=0.3658, acc=10597/10975 (96.56%)
Epoch 143 [0/84843] Loss: 0.421090
Epoch 143 [35000/84843] Loss: 0.314837
Epoch 143 [70000/84843] Loss: 0.338145
Epoch 143 - Avg Loss: 0.348088 | Train Acc: 97.07%
Val: loss=0.3680, acc=10605/10975 (96.63%)
Epoch 144 [0/84843] Loss: 0.307935
Epoch 144 [35000/84843] Loss: 0.345580
Epoch 144 [70000/84843] Loss: 0.448753
Epoch 144 - Avg Loss: 0.347193 | Train Acc: 97.13%
Val: loss=0.3687, acc=10585/10975 (96.45%)
Epoch 145 [0/84843] Loss: 0.338594
Epoch 145 [35000/84843] Loss: 0.402078
Epoch 145 [70000/84843] Loss: 0.384908
Epoch 145 - Avg Loss: 0.348174 | Train Acc: 97.09%
Val: loss=0.3743, acc=10580/10975 (96.40%)
Epoch 146 [0/84843] Loss: 0.317134
Epoch 146 [35000/84843] Loss: 0.364805
Epoch 146 [70000/84843] Loss: 0.284161
Epoch 146 - Avg Loss: 0.346325 | Train Acc: 97.13%
Val: loss=0.3743, acc=10573/10975 (96.34%)
Epoch 147 [0/84843] Loss: 0.309577
Epoch 147 [35000/84843] Loss: 0.358515
Epoch 147 [70000/84843] Loss: 0.337555
Epoch 147 - Avg Loss: 0.346631 | Train Acc: 97.17%
Val: loss=0.3713, acc=10579/10975 (96.39%)
Epoch 148 [0/84843] Loss: 0.302819
Epoch 148 [35000/84843] Loss: 0.381564
Epoch 148 [70000/84843] Loss: 0.331758
Epoch 148 - Avg Loss: 0.346517 | Train Acc: 97.16%
Val: loss=0.3676, acc=10611/10975 (96.68%)
Epoch 149 [0/84843] Loss: 0.341277
Epoch 149 [35000/84843] Loss: 0.369786
Epoch 149 [70000/84843] Loss: 0.359632
Epoch 149 - Avg Loss: 0.345719 | Train Acc: 97.18%
Val: loss=0.3669, acc=10608/10975 (96.66%)
Epoch 150 [0/84843] Loss: 0.282399
Epoch 150 [35000/84843] Loss: 0.325169
Epoch 150 [70000/84843] Loss: 0.557022
Epoch 150 - Avg Loss: 0.347649 | Train Acc: 97.12%
Val: loss=0.3685, acc=10596/10975 (96.55%)
Epoch 151 [0/84843] Loss: 0.292886
Epoch 151 [35000/84843] Loss: 0.362951
Epoch 151 [70000/84843] Loss: 0.316771
Epoch 151 - Avg Loss: 0.345035 | Train Acc: 97.25%
Val: loss=0.3666, acc=10600/10975 (96.58%)
Epoch 152 [0/84843] Loss: 0.362922
Epoch 152 [35000/84843] Loss: 0.297533
Epoch 152 [70000/84843] Loss: 0.348679
Epoch 152 - Avg Loss: 0.346900 | Train Acc: 97.15%
Val: loss=0.3645, acc=10605/10975 (96.63%)
Epoch 153 [0/84843] Loss: 0.426907
Epoch 153 [35000/84843] Loss: 0.361717
Epoch 153 [70000/84843] Loss: 0.321844
Epoch 153 - Avg Loss: 0.345836 | Train Acc: 97.19%
Val: loss=0.3702, acc=10572/10975 (96.33%)
Epoch 154 [0/84843] Loss: 0.303814
Epoch 154 [35000/84843] Loss: 0.312455
Epoch 154 [70000/84843] Loss: 0.290153
Epoch 154 - Avg Loss: 0.345264 | Train Acc: 97.20%
Val: loss=0.3760, acc=10572/10975 (96.33%)
Epoch 155 [0/84843] Loss: 0.303129
Epoch 155 [35000/84843] Loss: 0.309264
Epoch 155 [70000/84843] Loss: 0.405833
Epoch 155 - Avg Loss: 0.346551 | Train Acc: 97.17%
Val: loss=0.3676, acc=10596/10975 (96.55%)
Epoch 156 [0/84843] Loss: 0.373345
Epoch 156 [35000/84843] Loss: 0.368603
Epoch 156 [70000/84843] Loss: 0.331254
Epoch 156 - Avg Loss: 0.344920 | Train Acc: 97.27%
Val: loss=0.3620, acc=10632/10975 (96.87%)
saved best: 96.87%
Epoch 157 [0/84843] Loss: 0.331095
Epoch 157 [35000/84843] Loss: 0.311785
Epoch 157 [70000/84843] Loss: 0.281261
Epoch 157 - Avg Loss: 0.345679 | Train Acc: 97.17%
Val: loss=0.3732, acc=10577/10975 (96.37%)
Epoch 158 [0/84843] Loss: 0.314238
Epoch 158 [35000/84843] Loss: 0.426618
Epoch 158 [70000/84843] Loss: 0.282887
Epoch 158 - Avg Loss: 0.344132 | Train Acc: 97.24%
Val: loss=0.3667, acc=10586/10975 (96.46%)
Epoch 159 [0/84843] Loss: 0.362764
Epoch 159 [35000/84843] Loss: 0.477882
Epoch 159 [70000/84843] Loss: 0.343410
Epoch 159 - Avg Loss: 0.343624 | Train Acc: 97.27%
Val: loss=0.3673, acc=10601/10975 (96.59%)
Epoch 160 [0/84843] Loss: 0.343159
Epoch 160 [35000/84843] Loss: 0.328021
Epoch 160 [70000/84843] Loss: 0.297632
Epoch 160 - Avg Loss: 0.344628 | Train Acc: 97.26%
Val: loss=0.3666, acc=10603/10975 (96.61%)
Epoch 161 [0/84843] Loss: 0.325483
Epoch 161 [35000/84843] Loss: 0.351451
Epoch 161 [70000/84843] Loss: 0.325013
Epoch 161 - Avg Loss: 0.343247 | Train Acc: 97.29%
Val: loss=0.3719, acc=10583/10975 (96.43%)
Epoch 162 [0/84843] Loss: 0.295938
Epoch 162 [35000/84843] Loss: 0.352845
Epoch 162 [70000/84843] Loss: 0.374365
Epoch 162 - Avg Loss: 0.344298 | Train Acc: 97.21%
Val: loss=0.3647, acc=10606/10975 (96.64%)
Epoch 163 [0/84843] Loss: 0.316338
Epoch 163 [35000/84843] Loss: 0.332468
Epoch 163 [70000/84843] Loss: 0.297870
Epoch 163 - Avg Loss: 0.344871 | Train Acc: 97.24%
Val: loss=0.3661, acc=10617/10975 (96.74%)
Epoch 164 [0/84843] Loss: 0.303085
Epoch 164 [35000/84843] Loss: 0.281106
Epoch 164 [70000/84843] Loss: 0.332494
Epoch 164 - Avg Loss: 0.342132 | Train Acc: 97.38%
Val: loss=0.3682, acc=10597/10975 (96.56%)
Epoch 165 [0/84843] Loss: 0.405275
Epoch 165 [35000/84843] Loss: 0.321947
Epoch 165 [70000/84843] Loss: 0.333900
Epoch 165 - Avg Loss: 0.343753 | Train Acc: 97.25%
Val: loss=0.3696, acc=10582/10975 (96.42%)
Epoch 166 [0/84843] Loss: 0.316651
Epoch 166 [35000/84843] Loss: 0.400509
Epoch 166 [70000/84843] Loss: 0.364977
Epoch 166 - Avg Loss: 0.342819 | Train Acc: 97.27%
Val: loss=0.3684, acc=10591/10975 (96.50%)
Epoch 167 [0/84843] Loss: 0.348907
Epoch 167 [35000/84843] Loss: 0.298070
Epoch 167 [70000/84843] Loss: 0.287582
Epoch 167 - Avg Loss: 0.342807 | Train Acc: 97.29%
Val: loss=0.3745, acc=10565/10975 (96.26%)
Epoch 168 [0/84843] Loss: 0.315510
Epoch 168 [35000/84843] Loss: 0.320472
Epoch 168 [70000/84843] Loss: 0.284170
Epoch 168 - Avg Loss: 0.341185 | Train Acc: 97.40%
Val: loss=0.3815, acc=10554/10975 (96.16%)
Epoch 169 [0/84843] Loss: 0.300702
Epoch 169 [35000/84843] Loss: 0.355926
Epoch 169 [70000/84843] Loss: 0.295314
Epoch 169 - Avg Loss: 0.341934 | Train Acc: 97.31%
Val: loss=0.3690, acc=10586/10975 (96.46%)
Epoch 170 [0/84843] Loss: 0.349740
Epoch 170 [35000/84843] Loss: 0.293457
Epoch 170 [70000/84843] Loss: 0.396558
Epoch 170 - Avg Loss: 0.342038 | Train Acc: 97.34%
Val: loss=0.3649, acc=10603/10975 (96.61%)
Epoch 171 [0/84843] Loss: 0.409566
Epoch 171 [35000/84843] Loss: 0.321438
Epoch 171 [70000/84843] Loss: 0.291174
Epoch 171 - Avg Loss: 0.342362 | Train Acc: 97.33%
Val: loss=0.3688, acc=10607/10975 (96.65%)
Epoch 172 [0/84843] Loss: 0.301964
Epoch 172 [35000/84843] Loss: 0.280543
Epoch 172 [70000/84843] Loss: 0.401872
Epoch 172 - Avg Loss: 0.341942 | Train Acc: 97.30%
Val: loss=0.3652, acc=10607/10975 (96.65%)
Epoch 173 [0/84843] Loss: 0.428479
Epoch 173 [35000/84843] Loss: 0.296575
Epoch 173 [70000/84843] Loss: 0.331395
Epoch 173 - Avg Loss: 0.341916 | Train Acc: 97.32%
Val: loss=0.3783, acc=10556/10975 (96.18%)
Epoch 174 [0/84843] Loss: 0.302889
Epoch 174 [35000/84843] Loss: 0.339516
Epoch 174 [70000/84843] Loss: 0.361346
Epoch 174 - Avg Loss: 0.340061 | Train Acc: 97.41%
Val: loss=0.3671, acc=10611/10975 (96.68%)
Epoch 175 [0/84843] Loss: 0.343331
Epoch 175 [35000/84843] Loss: 0.353813
Epoch 175 [70000/84843] Loss: 0.354901
Epoch 175 - Avg Loss: 0.341586 | Train Acc: 97.34%
Val: loss=0.3629, acc=10617/10975 (96.74%)
Epoch 176 [0/84843] Loss: 0.311927
Epoch 176 [35000/84843] Loss: 0.304243
Epoch 176 [70000/84843] Loss: 0.386227
Epoch 176 - Avg Loss: 0.339467 | Train Acc: 97.45%
Val: loss=0.3694, acc=10602/10975 (96.60%)
Epoch 177 [0/84843] Loss: 0.299529
Epoch 177 [35000/84843] Loss: 0.288830
Epoch 177 [70000/84843] Loss: 0.281293
Epoch 177 - Avg Loss: 0.339387 | Train Acc: 97.42%
Val: loss=0.3732, acc=10593/10975 (96.52%)
Epoch 178 [0/84843] Loss: 0.307169
Epoch 178 [35000/84843] Loss: 0.277625
Epoch 178 [70000/84843] Loss: 0.346354
Epoch 178 - Avg Loss: 0.339471 | Train Acc: 97.43%
Val: loss=0.3689, acc=10588/10975 (96.47%)
Epoch 179 [0/84843] Loss: 0.339102
Epoch 179 [35000/84843] Loss: 0.397529
Epoch 179 [70000/84843] Loss: 0.327328
Epoch 179 - Avg Loss: 0.341276 | Train Acc: 97.38%
Val: loss=0.3625, acc=10612/10975 (96.69%)
Epoch 180 [0/84843] Loss: 0.308523
Epoch 180 [35000/84843] Loss: 0.342275
Epoch 180 [70000/84843] Loss: 0.341473
Epoch 180 - Avg Loss: 0.340303 | Train Acc: 97.37%
Val: loss=0.3733, acc=10590/10975 (96.49%)
Epoch 181 [0/84843] Loss: 0.331716
Epoch 181 [35000/84843] Loss: 0.374935
Epoch 181 [70000/84843] Loss: 0.334844
Epoch 181 - Avg Loss: 0.340797 | Train Acc: 97.37%
Val: loss=0.3692, acc=10596/10975 (96.55%)
Epoch 182 [0/84843] Loss: 0.319940
Epoch 182 [35000/84843] Loss: 0.372835
Epoch 182 [70000/84843] Loss: 0.387180
Epoch 182 - Avg Loss: 0.338277 | Train Acc: 97.50%
Val: loss=0.3673, acc=10598/10975 (96.56%)
Epoch 183 [0/84843] Loss: 0.305898
Epoch 183 [35000/84843] Loss: 0.294835
Epoch 183 [70000/84843] Loss: 0.372809
Epoch 183 - Avg Loss: 0.339597 | Train Acc: 97.43%
Val: loss=0.3694, acc=10591/10975 (96.50%)
Epoch 184 [0/84843] Loss: 0.384488
Epoch 184 [35000/84843] Loss: 0.393231
Epoch 184 [70000/84843] Loss: 0.366359
Epoch 184 - Avg Loss: 0.339717 | Train Acc: 97.47%
Val: loss=0.3647, acc=10603/10975 (96.61%)
Epoch 185 [0/84843] Loss: 0.378465
Epoch 185 [35000/84843] Loss: 0.385246
Epoch 185 [70000/84843] Loss: 0.275155
Epoch 185 - Avg Loss: 0.337650 | Train Acc: 97.52%
Val: loss=0.3650, acc=10609/10975 (96.67%)
Epoch 186 [0/84843] Loss: 0.414134
Epoch 186 [35000/84843] Loss: 0.291139
Epoch 186 [70000/84843] Loss: 0.384509
Epoch 186 - Avg Loss: 0.338917 | Train Acc: 97.47%
Val: loss=0.3632, acc=10615/10975 (96.72%)
Epoch 187 [0/84843] Loss: 0.332495
Epoch 187 [35000/84843] Loss: 0.365735
Epoch 187 [70000/84843] Loss: 0.325291
Epoch 187 - Avg Loss: 0.339732 | Train Acc: 97.44%
Val: loss=0.3704, acc=10578/10975 (96.38%)
Epoch 188 [0/84843] Loss: 0.326634
Epoch 188 [35000/84843] Loss: 0.360485
Epoch 188 [70000/84843] Loss: 0.287440
Epoch 188 - Avg Loss: 0.339130 | Train Acc: 97.42%
Val: loss=0.3649, acc=10604/10975 (96.62%)
Epoch 189 [0/84843] Loss: 0.287400
Epoch 189 [35000/84843] Loss: 0.305962
Epoch 189 [70000/84843] Loss: 0.353368
Epoch 189 - Avg Loss: 0.339815 | Train Acc: 97.44%
Val: loss=0.3593, acc=10639/10975 (96.94%)
saved best: 96.94%
Epoch 190 [0/84843] Loss: 0.384451
Epoch 190 [35000/84843] Loss: 0.407212
Epoch 190 [70000/84843] Loss: 0.305019
Epoch 190 - Avg Loss: 0.338915 | Train Acc: 97.42%
Val: loss=0.3642, acc=10617/10975 (96.74%)
Epoch 191 [0/84843] Loss: 0.342347
Epoch 191 [35000/84843] Loss: 0.363745
Epoch 191 [70000/84843] Loss: 0.343732
Epoch 191 - Avg Loss: 0.337213 | Train Acc: 97.48%
Val: loss=0.3686, acc=10595/10975 (96.54%)
Epoch 192 [0/84843] Loss: 0.329804
Epoch 192 [35000/84843] Loss: 0.283313
Epoch 192 [70000/84843] Loss: 0.346874
Epoch 192 - Avg Loss: 0.337361 | Train Acc: 97.47%
Val: loss=0.3647, acc=10610/10975 (96.67%)
Epoch 193 [0/84843] Loss: 0.402580
Epoch 193 [35000/84843] Loss: 0.285374
Epoch 193 [70000/84843] Loss: 0.434080
Epoch 193 - Avg Loss: 0.336384 | Train Acc: 97.57%
Val: loss=0.3625, acc=10624/10975 (96.80%)
Epoch 194 [0/84843] Loss: 0.289295
Epoch 194 [35000/84843] Loss: 0.376483
Epoch 194 [70000/84843] Loss: 0.285421
Epoch 194 - Avg Loss: 0.336908 | Train Acc: 97.50%
Val: loss=0.3686, acc=10599/10975 (96.57%)
Epoch 195 [0/84843] Loss: 0.296891
Epoch 195 [35000/84843] Loss: 0.351838
Epoch 195 [70000/84843] Loss: 0.413162
Epoch 195 - Avg Loss: 0.336585 | Train Acc: 97.54%
Val: loss=0.3719, acc=10584/10975 (96.44%)
Epoch 196 [0/84843] Loss: 0.285854
Epoch 196 [35000/84843] Loss: 0.321156
Epoch 196 [70000/84843] Loss: 0.461112
Epoch 196 - Avg Loss: 0.337704 | Train Acc: 97.46%
Val: loss=0.3662, acc=10612/10975 (96.69%)
Epoch 197 [0/84843] Loss: 0.290409
Epoch 197 [35000/84843] Loss: 0.355813
Epoch 197 [70000/84843] Loss: 0.336133
Epoch 197 - Avg Loss: 0.335824 | Train Acc: 97.55%
Val: loss=0.3671, acc=10614/10975 (96.71%)
Epoch 198 [0/84843] Loss: 0.300466
Epoch 198 [35000/84843] Loss: 0.294534
Epoch 198 [70000/84843] Loss: 0.431382
Epoch 198 - Avg Loss: 0.337118 | Train Acc: 97.50%
Val: loss=0.3713, acc=10585/10975 (96.45%)
Epoch 199 [0/84843] Loss: 0.281769
Epoch 199 [35000/84843] Loss: 0.369889
Epoch 199 [70000/84843] Loss: 0.298643
Epoch 199 - Avg Loss: 0.335307 | Train Acc: 97.58%
Val: loss=0.3657, acc=10609/10975 (96.67%)
Epoch 200 [0/84843] Loss: 0.358895
Epoch 200 [35000/84843] Loss: 0.447136
Epoch 200 [70000/84843] Loss: 0.289551
Epoch 200 - Avg Loss: 0.336075 | Train Acc: 97.53%
Val: loss=0.3746, acc=10569/10975 (96.30%)
Epoch 201 [0/84843] Loss: 0.345058
Epoch 201 [35000/84843] Loss: 0.291046
Epoch 201 [70000/84843] Loss: 0.388530
Epoch 201 - Avg Loss: 0.338117 | Train Acc: 97.51%
Val: loss=0.3632, acc=10617/10975 (96.74%)
Epoch 202 [0/84843] Loss: 0.337877
Epoch 202 [35000/84843] Loss: 0.416810
Epoch 202 [70000/84843] Loss: 0.306289
Epoch 202 - Avg Loss: 0.335509 | Train Acc: 97.61%
Val: loss=0.3664, acc=10596/10975 (96.55%)
Epoch 203 [0/84843] Loss: 0.420312
Epoch 203 [35000/84843] Loss: 0.318621
Epoch 203 [70000/84843] Loss: 0.395564
Epoch 203 - Avg Loss: 0.334475 | Train Acc: 97.57%
Val: loss=0.3644, acc=10622/10975 (96.78%)
Epoch 204 [0/84843] Loss: 0.309811
Epoch 204 [35000/84843] Loss: 0.354115
Epoch 204 [70000/84843] Loss: 0.287593
Epoch 204 - Avg Loss: 0.333920 | Train Acc: 97.61%
Val: loss=0.3652, acc=10607/10975 (96.65%)
Epoch 205 [0/84843] Loss: 0.424216
Epoch 205 [35000/84843] Loss: 0.328796
Epoch 205 [70000/84843] Loss: 0.299943
Epoch 205 - Avg Loss: 0.333753 | Train Acc: 97.63%
Val: loss=0.3615, acc=10625/10975 (96.81%)
Epoch 206 [0/84843] Loss: 0.295799
Epoch 206 [35000/84843] Loss: 0.317492
Epoch 206 [70000/84843] Loss: 0.294366
Epoch 206 - Avg Loss: 0.335058 | Train Acc: 97.63%
Val: loss=0.3653, acc=10618/10975 (96.75%)
Epoch 207 [0/84843] Loss: 0.299755
Epoch 207 [35000/84843] Loss: 0.367352
Epoch 207 [70000/84843] Loss: 0.357740
Epoch 207 - Avg Loss: 0.335231 | Train Acc: 97.55%
Val: loss=0.3705, acc=10588/10975 (96.47%)
Epoch 208 [0/84843] Loss: 0.364522
Epoch 208 [35000/84843] Loss: 0.314100
Epoch 208 [70000/84843] Loss: 0.310865
Epoch 208 - Avg Loss: 0.333657 | Train Acc: 97.66%
Val: loss=0.3673, acc=10591/10975 (96.50%)
Epoch 209 [0/84843] Loss: 0.447588
Epoch 209 [35000/84843] Loss: 0.332904
Epoch 209 [70000/84843] Loss: 0.281062
Epoch 209 - Avg Loss: 0.333032 | Train Acc: 97.64%
Val: loss=0.3628, acc=10606/10975 (96.64%)
Epoch 210 [0/84843] Loss: 0.324848
Epoch 210 [35000/84843] Loss: 0.325753
Epoch 210 [70000/84843] Loss: 0.290001
Epoch 210 - Avg Loss: 0.332975 | Train Acc: 97.70%
Val: loss=0.3693, acc=10588/10975 (96.47%)
Epoch 211 [0/84843] Loss: 0.278005
Epoch 211 [35000/84843] Loss: 0.357383
Epoch 211 [70000/84843] Loss: 0.280540
Epoch 211 - Avg Loss: 0.333862 | Train Acc: 97.62%
Val: loss=0.3693, acc=10590/10975 (96.49%)
Epoch 212 [0/84843] Loss: 0.377880
Epoch 212 [35000/84843] Loss: 0.290869
Epoch 212 [70000/84843] Loss: 0.323534
Epoch 212 - Avg Loss: 0.331896 | Train Acc: 97.71%
Val: loss=0.3657, acc=10614/10975 (96.71%)
Epoch 213 [0/84843] Loss: 0.350142
Epoch 213 [35000/84843] Loss: 0.310103
Epoch 213 [70000/84843] Loss: 0.303713
Epoch 213 - Avg Loss: 0.330664 | Train Acc: 97.77%
Val: loss=0.3693, acc=10612/10975 (96.69%)
Epoch 214 [0/84843] Loss: 0.367412
Epoch 214 [35000/84843] Loss: 0.392503
Epoch 214 [70000/84843] Loss: 0.336852
Epoch 214 - Avg Loss: 0.330689 | Train Acc: 97.77%
Val: loss=0.3667, acc=10611/10975 (96.68%)
Epoch 215 [0/84843] Loss: 0.351088
Epoch 215 [35000/84843] Loss: 0.339809
Epoch 215 [70000/84843] Loss: 0.353181
Epoch 215 - Avg Loss: 0.331755 | Train Acc: 97.73%
Val: loss=0.3703, acc=10592/10975 (96.51%)
Epoch 216 [0/84843] Loss: 0.361894
Epoch 216 [35000/84843] Loss: 0.296906
Epoch 216 [70000/84843] Loss: 0.293888
Epoch 216 - Avg Loss: 0.331866 | Train Acc: 97.70%
Val: loss=0.3619, acc=10632/10975 (96.87%)
Epoch 217 [0/84843] Loss: 0.280127
Epoch 217 [35000/84843] Loss: 0.287659
Epoch 217 [70000/84843] Loss: 0.288782
Epoch 217 - Avg Loss: 0.332007 | Train Acc: 97.77%
Val: loss=0.3765, acc=10580/10975 (96.40%)
Epoch 218 [0/84843] Loss: 0.294837
Epoch 218 [35000/84843] Loss: 0.347135
Epoch 218 [70000/84843] Loss: 0.289120
Epoch 218 - Avg Loss: 0.332983 | Train Acc: 97.65%
Val: loss=0.3653, acc=10621/10975 (96.77%)
Epoch 219 [0/84843] Loss: 0.328248
Epoch 219 [35000/84843] Loss: 0.340607
Epoch 219 [70000/84843] Loss: 0.329226
Epoch 219 - Avg Loss: 0.332156 | Train Acc: 97.67%
Val: loss=0.3615, acc=10621/10975 (96.77%)
Epoch 220 [0/84843] Loss: 0.274949
Epoch 220 [35000/84843] Loss: 0.293114
Epoch 220 [70000/84843] Loss: 0.330426
Epoch 220 - Avg Loss: 0.330939 | Train Acc: 97.77%
Val: loss=0.3619, acc=10612/10975 (96.69%)
Epoch 221 [0/84843] Loss: 0.297238
Epoch 221 [35000/84843] Loss: 0.294270
Epoch 221 [70000/84843] Loss: 0.356002
Epoch 221 - Avg Loss: 0.331602 | Train Acc: 97.73%
Val: loss=0.3692, acc=10602/10975 (96.60%)
Epoch 222 [0/84843] Loss: 0.300809
Epoch 222 [35000/84843] Loss: 0.288934
Epoch 222 [70000/84843] Loss: 0.425626
Epoch 222 - Avg Loss: 0.331041 | Train Acc: 97.72%
Val: loss=0.3701, acc=10592/10975 (96.51%)
Epoch 223 [0/84843] Loss: 0.345911
Epoch 223 [35000/84843] Loss: 0.332936
Epoch 223 [70000/84843] Loss: 0.289450
Epoch 223 - Avg Loss: 0.329895 | Train Acc: 97.79%
Val: loss=0.3638, acc=10610/10975 (96.67%)
Epoch 224 [0/84843] Loss: 0.324108
Epoch 224 [35000/84843] Loss: 0.364524
Epoch 224 [70000/84843] Loss: 0.351886
Epoch 224 - Avg Loss: 0.330350 | Train Acc: 97.77%
Val: loss=0.3619, acc=10631/10975 (96.87%)
Epoch 225 [0/84843] Loss: 0.394985
Epoch 225 [35000/84843] Loss: 0.282265
Epoch 225 [70000/84843] Loss: 0.320809
Epoch 225 - Avg Loss: 0.328588 | Train Acc: 97.84%
Val: loss=0.3664, acc=10612/10975 (96.69%)
Epoch 226 [0/84843] Loss: 0.333432
Epoch 226 [35000/84843] Loss: 0.342150
Epoch 226 [70000/84843] Loss: 0.325428
Epoch 226 - Avg Loss: 0.329122 | Train Acc: 97.83%
Val: loss=0.3638, acc=10634/10975 (96.89%)
Epoch 227 [0/84843] Loss: 0.285198
Epoch 227 [35000/84843] Loss: 0.281693
Epoch 227 [70000/84843] Loss: 0.289991
Epoch 227 - Avg Loss: 0.329961 | Train Acc: 97.75%
Val: loss=0.3595, acc=10642/10975 (96.97%)
saved best: 96.97%
Epoch 228 [0/84843] Loss: 0.304752
Epoch 228 [35000/84843] Loss: 0.295301
Epoch 228 [70000/84843] Loss: 0.325090
Epoch 228 - Avg Loss: 0.330101 | Train Acc: 97.81%
Val: loss=0.3587, acc=10638/10975 (96.93%)
Epoch 229 [0/84843] Loss: 0.356010
Epoch 229 [35000/84843] Loss: 0.310445
Epoch 229 [70000/84843] Loss: 0.300026
Epoch 229 - Avg Loss: 0.329883 | Train Acc: 97.76%
Val: loss=0.3611, acc=10631/10975 (96.87%)
Epoch 230 [0/84843] Loss: 0.283851
Epoch 230 [35000/84843] Loss: 0.288865
Epoch 230 [70000/84843] Loss: 0.307655
Epoch 230 - Avg Loss: 0.330063 | Train Acc: 97.76%
Val: loss=0.3665, acc=10623/10975 (96.79%)
Epoch 231 [0/84843] Loss: 0.300319
Epoch 231 [35000/84843] Loss: 0.317977
Epoch 231 [70000/84843] Loss: 0.328643
Epoch 231 - Avg Loss: 0.327999 | Train Acc: 97.90%
Val: loss=0.3637, acc=10638/10975 (96.93%)
Epoch 232 [0/84843] Loss: 0.347203
Epoch 232 [35000/84843] Loss: 0.330911
Epoch 232 [70000/84843] Loss: 0.354431
Epoch 232 - Avg Loss: 0.328094 | Train Acc: 97.91%
Val: loss=0.3698, acc=10600/10975 (96.58%)
Epoch 233 [0/84843] Loss: 0.364713
Epoch 233 [35000/84843] Loss: 0.288012
Epoch 233 [70000/84843] Loss: 0.335279
Epoch 233 - Avg Loss: 0.329521 | Train Acc: 97.79%
Val: loss=0.3687, acc=10601/10975 (96.59%)
Epoch 234 [0/84843] Loss: 0.335358
Epoch 234 [35000/84843] Loss: 0.313284
Epoch 234 [70000/84843] Loss: 0.310831
Epoch 234 - Avg Loss: 0.327215 | Train Acc: 97.90%
Val: loss=0.3630, acc=10621/10975 (96.77%)
Epoch 235 [0/84843] Loss: 0.291105
Epoch 235 [35000/84843] Loss: 0.375902
Epoch 235 [70000/84843] Loss: 0.434655
Epoch 235 - Avg Loss: 0.327448 | Train Acc: 97.90%
Val: loss=0.3625, acc=10630/10975 (96.86%)
Epoch 236 [0/84843] Loss: 0.313109
Epoch 236 [35000/84843] Loss: 0.329639
Epoch 236 [70000/84843] Loss: 0.354220
Epoch 236 - Avg Loss: 0.327399 | Train Acc: 97.91%
Val: loss=0.3643, acc=10616/10975 (96.73%)
Epoch 237 [0/84843] Loss: 0.346067
Epoch 237 [35000/84843] Loss: 0.293894
Epoch 237 [70000/84843] Loss: 0.363873
Epoch 237 - Avg Loss: 0.326182 | Train Acc: 97.91%
Val: loss=0.3633, acc=10619/10975 (96.76%)
Epoch 238 [0/84843] Loss: 0.284226
Epoch 238 [35000/84843] Loss: 0.378745
Epoch 238 [70000/84843] Loss: 0.313404
Epoch 238 - Avg Loss: 0.327203 | Train Acc: 97.91%
Val: loss=0.3657, acc=10619/10975 (96.76%)
Epoch 239 [0/84843] Loss: 0.285880
Epoch 239 [35000/84843] Loss: 0.314458
Epoch 239 [70000/84843] Loss: 0.288700
Epoch 239 - Avg Loss: 0.327083 | Train Acc: 97.88%
Val: loss=0.3630, acc=10634/10975 (96.89%)
Epoch 240 [0/84843] Loss: 0.323980
Epoch 240 [35000/84843] Loss: 0.292142
Epoch 240 [70000/84843] Loss: 0.283791
Epoch 240 - Avg Loss: 0.326635 | Train Acc: 97.91%
Val: loss=0.3666, acc=10602/10975 (96.60%)
Epoch 241 [0/84843] Loss: 0.347693
Epoch 241 [35000/84843] Loss: 0.280051
Epoch 241 [70000/84843] Loss: 0.283972
Epoch 241 - Avg Loss: 0.327232 | Train Acc: 97.89%
Val: loss=0.3660, acc=10614/10975 (96.71%)
Epoch 242 [0/84843] Loss: 0.309344
Epoch 242 [35000/84843] Loss: 0.313945
Epoch 242 [70000/84843] Loss: 0.277721
Epoch 242 - Avg Loss: 0.325358 | Train Acc: 97.96%
Val: loss=0.3664, acc=10626/10975 (96.82%)
Epoch 243 [0/84843] Loss: 0.310258
Epoch 243 [35000/84843] Loss: 0.306977
Epoch 243 [70000/84843] Loss: 0.303443
Epoch 243 - Avg Loss: 0.326242 | Train Acc: 97.95%
Val: loss=0.3745, acc=10587/10975 (96.46%)
Epoch 244 [0/84843] Loss: 0.281887
Epoch 244 [35000/84843] Loss: 0.351433
Epoch 244 [70000/84843] Loss: 0.309141
Epoch 244 - Avg Loss: 0.326414 | Train Acc: 97.91%
Val: loss=0.3674, acc=10618/10975 (96.75%)
Epoch 245 [0/84843] Loss: 0.291301
Epoch 245 [35000/84843] Loss: 0.287063
Epoch 245 [70000/84843] Loss: 0.381022
Epoch 245 - Avg Loss: 0.325736 | Train Acc: 97.98%
Val: loss=0.3621, acc=10622/10975 (96.78%)
Epoch 246 [0/84843] Loss: 0.295304
Epoch 246 [35000/84843] Loss: 0.373160
Epoch 246 [70000/84843] Loss: 0.343328
Epoch 246 - Avg Loss: 0.325376 | Train Acc: 97.93%
Val: loss=0.3626, acc=10637/10975 (96.92%)
Epoch 247 [0/84843] Loss: 0.309370
Epoch 247 [35000/84843] Loss: 0.431707
Epoch 247 [70000/84843] Loss: 0.327716
Epoch 247 - Avg Loss: 0.325366 | Train Acc: 97.95%
Val: loss=0.3629, acc=10624/10975 (96.80%)
Epoch 248 [0/84843] Loss: 0.352180
Epoch 248 [35000/84843] Loss: 0.317118
Epoch 248 [70000/84843] Loss: 0.298605
Epoch 248 - Avg Loss: 0.324832 | Train Acc: 97.99%
Val: loss=0.3776, acc=10578/10975 (96.38%)
Epoch 249 [0/84843] Loss: 0.343433
Epoch 249 [35000/84843] Loss: 0.357415
Epoch 249 [70000/84843] Loss: 0.279541
Epoch 249 - Avg Loss: 0.325737 | Train Acc: 97.98%
Val: loss=0.3644, acc=10638/10975 (96.93%)
Epoch 250 [0/84843] Loss: 0.314809
Epoch 250 [35000/84843] Loss: 0.325606
Epoch 250 [70000/84843] Loss: 0.346677
Epoch 250 - Avg Loss: 0.325032 | Train Acc: 97.97%
Val: loss=0.3644, acc=10612/10975 (96.69%)
Epoch 251 [0/84843] Loss: 0.330429
Epoch 251 [35000/84843] Loss: 0.314747
Epoch 251 [70000/84843] Loss: 0.298779
Epoch 251 - Avg Loss: 0.324403 | Train Acc: 97.98%
Val: loss=0.3555, acc=10655/10975 (97.08%)
saved best: 97.08%
Epoch 252 [0/84843] Loss: 0.282024
Epoch 252 [35000/84843] Loss: 0.287830
Epoch 252 [70000/84843] Loss: 0.284015
Epoch 252 - Avg Loss: 0.324042 | Train Acc: 97.98%
Val: loss=0.3634, acc=10627/10975 (96.83%)
Epoch 253 [0/84843] Loss: 0.312295
Epoch 253 [35000/84843] Loss: 0.348625
Epoch 253 [70000/84843] Loss: 0.318335
Epoch 253 - Avg Loss: 0.324463 | Train Acc: 97.97%
Val: loss=0.3624, acc=10629/10975 (96.85%)
Epoch 254 [0/84843] Loss: 0.286612
Epoch 254 [35000/84843] Loss: 0.347904
Epoch 254 [70000/84843] Loss: 0.276930
Epoch 254 - Avg Loss: 0.324753 | Train Acc: 97.98%
Val: loss=0.3648, acc=10618/10975 (96.75%)
Epoch 255 [0/84843] Loss: 0.302405
Epoch 255 [35000/84843] Loss: 0.387122
Epoch 255 [70000/84843] Loss: 0.299922
Epoch 255 - Avg Loss: 0.324011 | Train Acc: 98.00%
Val: loss=0.3689, acc=10608/10975 (96.66%)
Epoch 256 [0/84843] Loss: 0.293395
Epoch 256 [35000/84843] Loss: 0.335921
Epoch 256 [70000/84843] Loss: 0.336064
Epoch 256 - Avg Loss: 0.323586 | Train Acc: 98.07%
Val: loss=0.3648, acc=10626/10975 (96.82%)
Epoch 257 [0/84843] Loss: 0.282362
Epoch 257 [35000/84843] Loss: 0.394368
Epoch 257 [70000/84843] Loss: 0.320273
Epoch 257 - Avg Loss: 0.322913 | Train Acc: 98.09%
Val: loss=0.3629, acc=10639/10975 (96.94%)
Epoch 258 [0/84843] Loss: 0.323620
Epoch 258 [35000/84843] Loss: 0.285242
Epoch 258 [70000/84843] Loss: 0.308417
Epoch 258 - Avg Loss: 0.322362 | Train Acc: 98.04%
Val: loss=0.3596, acc=10651/10975 (97.05%)
Epoch 259 [0/84843] Loss: 0.285155
Epoch 259 [35000/84843] Loss: 0.300814
Epoch 259 [70000/84843] Loss: 0.338907
Epoch 259 - Avg Loss: 0.324388 | Train Acc: 97.99%
Val: loss=0.3621, acc=10638/10975 (96.93%)
Epoch 260 [0/84843] Loss: 0.307022
Epoch 260 [35000/84843] Loss: 0.275342
Epoch 260 [70000/84843] Loss: 0.312627
Epoch 260 - Avg Loss: 0.322757 | Train Acc: 98.04%
Val: loss=0.3659, acc=10620/10975 (96.77%)
Epoch 261 [0/84843] Loss: 0.277610
Epoch 261 [35000/84843] Loss: 0.454978
Epoch 261 [70000/84843] Loss: 0.291119
Epoch 261 - Avg Loss: 0.322563 | Train Acc: 98.07%
Val: loss=0.3658, acc=10610/10975 (96.67%)
Epoch 262 [0/84843] Loss: 0.325481
Epoch 262 [35000/84843] Loss: 0.281179
Epoch 262 [70000/84843] Loss: 0.292740
Epoch 262 - Avg Loss: 0.321498 | Train Acc: 98.13%
Val: loss=0.3604, acc=10642/10975 (96.97%)
Epoch 263 [0/84843] Loss: 0.345963
Epoch 263 [35000/84843] Loss: 0.362835
Epoch 263 [70000/84843] Loss: 0.281983
Epoch 263 - Avg Loss: 0.323296 | Train Acc: 98.05%
Val: loss=0.3587, acc=10651/10975 (97.05%)
Epoch 264 [0/84843] Loss: 0.304826
Epoch 264 [35000/84843] Loss: 0.280757
Epoch 264 [70000/84843] Loss: 0.344470
Epoch 264 - Avg Loss: 0.322074 | Train Acc: 98.10%
Val: loss=0.3602, acc=10642/10975 (96.97%)
Epoch 265 [0/84843] Loss: 0.286149
Epoch 265 [35000/84843] Loss: 0.300782
Epoch 265 [70000/84843] Loss: 0.301336
Epoch 265 - Avg Loss: 0.322350 | Train Acc: 98.07%
Val: loss=0.3589, acc=10650/10975 (97.04%)
Epoch 266 [0/84843] Loss: 0.281852
Epoch 266 [35000/84843] Loss: 0.327911
Epoch 266 [70000/84843] Loss: 0.284181
Epoch 266 - Avg Loss: 0.322606 | Train Acc: 98.07%
Val: loss=0.3658, acc=10617/10975 (96.74%)
Epoch 267 [0/84843] Loss: 0.385241
Epoch 267 [35000/84843] Loss: 0.327303
Epoch 267 [70000/84843] Loss: 0.303433
Epoch 267 - Avg Loss: 0.320499 | Train Acc: 98.15%
Val: loss=0.3609, acc=10642/10975 (96.97%)
Epoch 268 [0/84843] Loss: 0.279659
Epoch 268 [35000/84843] Loss: 0.335153
Epoch 268 [70000/84843] Loss: 0.321869
Epoch 268 - Avg Loss: 0.321688 | Train Acc: 98.12%
Val: loss=0.3621, acc=10615/10975 (96.72%)
Epoch 269 [0/84843] Loss: 0.320038
Epoch 269 [35000/84843] Loss: 0.364690
Epoch 269 [70000/84843] Loss: 0.381697
Epoch 269 - Avg Loss: 0.321182 | Train Acc: 98.14%
Val: loss=0.3602, acc=10636/10975 (96.91%)
Epoch 270 [0/84843] Loss: 0.380084
Epoch 270 [35000/84843] Loss: 0.332873
Epoch 270 [70000/84843] Loss: 0.389986
Epoch 270 - Avg Loss: 0.321093 | Train Acc: 98.15%
Val: loss=0.3595, acc=10638/10975 (96.93%)
Epoch 271 [0/84843] Loss: 0.294032
Epoch 271 [35000/84843] Loss: 0.283064
Epoch 271 [70000/84843] Loss: 0.348015
Epoch 271 - Avg Loss: 0.321275 | Train Acc: 98.13%
Val: loss=0.3615, acc=10636/10975 (96.91%)
Epoch 272 [0/84843] Loss: 0.339189
Epoch 272 [35000/84843] Loss: 0.286110
Epoch 272 [70000/84843] Loss: 0.414061
Epoch 272 - Avg Loss: 0.320180 | Train Acc: 98.16%
Val: loss=0.3578, acc=10641/10975 (96.96%)
Epoch 273 [0/84843] Loss: 0.284302
Epoch 273 [35000/84843] Loss: 0.325467
Epoch 273 [70000/84843] Loss: 0.313289
Epoch 273 - Avg Loss: 0.320319 | Train Acc: 98.19%
Val: loss=0.3619, acc=10629/10975 (96.85%)
Epoch 274 [0/84843] Loss: 0.309382
Epoch 274 [35000/84843] Loss: 0.274292
Epoch 274 [70000/84843] Loss: 0.280297
Epoch 274 - Avg Loss: 0.318678 | Train Acc: 98.22%
Val: loss=0.3578, acc=10644/10975 (96.98%)
Epoch 275 [0/84843] Loss: 0.328897
Epoch 275 [35000/84843] Loss: 0.415318
Epoch 275 [70000/84843] Loss: 0.288769
Epoch 275 - Avg Loss: 0.320153 | Train Acc: 98.18%
Val: loss=0.3657, acc=10621/10975 (96.77%)
Epoch 276 [0/84843] Loss: 0.356471
Epoch 276 [35000/84843] Loss: 0.284584
Epoch 276 [70000/84843] Loss: 0.303587
Epoch 276 - Avg Loss: 0.319599 | Train Acc: 98.15%
Val: loss=0.3649, acc=10611/10975 (96.68%)
Epoch 277 [0/84843] Loss: 0.279328
Epoch 277 [35000/84843] Loss: 0.279669
Epoch 277 [70000/84843] Loss: 0.354419
Epoch 277 - Avg Loss: 0.319386 | Train Acc: 98.17%
Val: loss=0.3631, acc=10635/10975 (96.90%)
Epoch 278 [0/84843] Loss: 0.328006
Epoch 278 [35000/84843] Loss: 0.342200
Epoch 278 [70000/84843] Loss: 0.321259
Epoch 278 - Avg Loss: 0.319618 | Train Acc: 98.18%
Val: loss=0.3655, acc=10629/10975 (96.85%)
Epoch 279 [0/84843] Loss: 0.327002
Epoch 279 [35000/84843] Loss: 0.352052
Epoch 279 [70000/84843] Loss: 0.284776
Epoch 279 - Avg Loss: 0.319788 | Train Acc: 98.18%
Val: loss=0.3634, acc=10637/10975 (96.92%)
Epoch 280 [0/84843] Loss: 0.344498
Epoch 280 [35000/84843] Loss: 0.280919
Epoch 280 [70000/84843] Loss: 0.343351
Epoch 280 - Avg Loss: 0.318767 | Train Acc: 98.23%
Val: loss=0.3648, acc=10620/10975 (96.77%)
Epoch 281 [0/84843] Loss: 0.337308
Epoch 281 [35000/84843] Loss: 0.278654
Epoch 281 [70000/84843] Loss: 0.281784
Epoch 281 - Avg Loss: 0.318621 | Train Acc: 98.21%
Val: loss=0.3632, acc=10631/10975 (96.87%)
Epoch 282 [0/84843] Loss: 0.320499
Epoch 282 [35000/84843] Loss: 0.286447
Epoch 282 [70000/84843] Loss: 0.356585
Epoch 282 - Avg Loss: 0.318581 | Train Acc: 98.21%
Val: loss=0.3618, acc=10623/10975 (96.79%)
Epoch 283 [0/84843] Loss: 0.375214
Epoch 283 [35000/84843] Loss: 0.398217
Epoch 283 [70000/84843] Loss: 0.289763
Epoch 283 - Avg Loss: 0.318956 | Train Acc: 98.19%
Val: loss=0.3577, acc=10645/10975 (96.99%)
Epoch 284 [0/84843] Loss: 0.277235
Epoch 284 [35000/84843] Loss: 0.287091
Epoch 284 [70000/84843] Loss: 0.289884
Epoch 284 - Avg Loss: 0.317590 | Train Acc: 98.25%
Val: loss=0.3547, acc=10666/10975 (97.18%)
saved best: 97.18%
Epoch 285 [0/84843] Loss: 0.368915
Epoch 285 [35000/84843] Loss: 0.286062
Epoch 285 [70000/84843] Loss: 0.280483
Epoch 285 - Avg Loss: 0.318818 | Train Acc: 98.18%
Val: loss=0.3610, acc=10639/10975 (96.94%)
Epoch 286 [0/84843] Loss: 0.274776
Epoch 286 [35000/84843] Loss: 0.324659
Epoch 286 [70000/84843] Loss: 0.345778
Epoch 286 - Avg Loss: 0.316928 | Train Acc: 98.31%
Val: loss=0.3612, acc=10637/10975 (96.92%)
Epoch 287 [0/84843] Loss: 0.299315
Epoch 287 [35000/84843] Loss: 0.324203
Epoch 287 [70000/84843] Loss: 0.343104
Epoch 287 - Avg Loss: 0.316949 | Train Acc: 98.27%
Val: loss=0.3608, acc=10644/10975 (96.98%)
Epoch 288 [0/84843] Loss: 0.296434
Epoch 288 [35000/84843] Loss: 0.276800
Epoch 288 [70000/84843] Loss: 0.414648
Epoch 288 - Avg Loss: 0.315577 | Train Acc: 98.34%
Val: loss=0.3605, acc=10646/10975 (97.00%)
Epoch 289 [0/84843] Loss: 0.275702
Epoch 289 [35000/84843] Loss: 0.328853
Epoch 289 [70000/84843] Loss: 0.310664
Epoch 289 - Avg Loss: 0.316942 | Train Acc: 98.28%
Val: loss=0.3613, acc=10632/10975 (96.87%)
Epoch 290 [0/84843] Loss: 0.284264
Epoch 290 [35000/84843] Loss: 0.305699
Epoch 290 [70000/84843] Loss: 0.326541
Epoch 290 - Avg Loss: 0.316184 | Train Acc: 98.31%
Val: loss=0.3654, acc=10634/10975 (96.89%)
Epoch 291 [0/84843] Loss: 0.305159
Epoch 291 [35000/84843] Loss: 0.302377
Epoch 291 [70000/84843] Loss: 0.276274
Epoch 291 - Avg Loss: 0.316377 | Train Acc: 98.32%
Val: loss=0.3668, acc=10620/10975 (96.77%)
Epoch 292 [0/84843] Loss: 0.337718
Epoch 292 [35000/84843] Loss: 0.286352
Epoch 292 [70000/84843] Loss: 0.286741
Epoch 292 - Avg Loss: 0.316481 | Train Acc: 98.31%
Val: loss=0.3590, acc=10647/10975 (97.01%)
Epoch 293 [0/84843] Loss: 0.281610
Epoch 293 [35000/84843] Loss: 0.317831
Epoch 293 [70000/84843] Loss: 0.342888
Epoch 293 - Avg Loss: 0.315449 | Train Acc: 98.30%
Val: loss=0.3631, acc=10647/10975 (97.01%)
Epoch 294 [0/84843] Loss: 0.286263
Epoch 294 [35000/84843] Loss: 0.276255
Epoch 294 [70000/84843] Loss: 0.317687
Epoch 294 - Avg Loss: 0.314968 | Train Acc: 98.38%
Val: loss=0.3557, acc=10651/10975 (97.05%)
Epoch 295 [0/84843] Loss: 0.308375
Epoch 295 [35000/84843] Loss: 0.322179
Epoch 295 [70000/84843] Loss: 0.330360
Epoch 295 - Avg Loss: 0.316573 | Train Acc: 98.31%
Val: loss=0.3628, acc=10651/10975 (97.05%)
Epoch 296 [0/84843] Loss: 0.272632
Epoch 296 [35000/84843] Loss: 0.339305
Epoch 296 [70000/84843] Loss: 0.321221
Epoch 296 - Avg Loss: 0.317006 | Train Acc: 98.28%
Val: loss=0.3560, acc=10657/10975 (97.10%)
Epoch 297 [0/84843] Loss: 0.289996
Epoch 297 [35000/84843] Loss: 0.353630
Epoch 297 [70000/84843] Loss: 0.298046
Epoch 297 - Avg Loss: 0.315735 | Train Acc: 98.34%
Val: loss=0.3601, acc=10643/10975 (96.97%)
Epoch 298 [0/84843] Loss: 0.340380
Epoch 298 [35000/84843] Loss: 0.390650
Epoch 298 [70000/84843] Loss: 0.283896
Epoch 298 - Avg Loss: 0.313482 | Train Acc: 98.41%
Val: loss=0.3597, acc=10634/10975 (96.89%)
Epoch 299 [0/84843] Loss: 0.273884
Epoch 299 [35000/84843] Loss: 0.334885
Epoch 299 [70000/84843] Loss: 0.286856
Epoch 299 - Avg Loss: 0.313658 | Train Acc: 98.39%
Val: loss=0.3622, acc=10629/10975 (96.85%)
Epoch 300 [0/84843] Loss: 0.294384
Epoch 300 [35000/84843] Loss: 0.273448
Epoch 300 [70000/84843] Loss: 0.415654
Epoch 300 - Avg Loss: 0.314155 | Train Acc: 98.38%
Val: loss=0.3599, acc=10643/10975 (96.97%)
Epoch 301 [0/84843] Loss: 0.280657
Epoch 301 [35000/84843] Loss: 0.278922
Epoch 301 [70000/84843] Loss: 0.320872
Epoch 301 - Avg Loss: 0.314078 | Train Acc: 98.40%
Val: loss=0.3622, acc=10632/10975 (96.87%)
Epoch 302 [0/84843] Loss: 0.290651
Epoch 302 [35000/84843] Loss: 0.285920
Epoch 302 [70000/84843] Loss: 0.360419
Epoch 302 - Avg Loss: 0.313946 | Train Acc: 98.40%
Val: loss=0.3607, acc=10640/10975 (96.95%)
Epoch 303 [0/84843] Loss: 0.321994
Epoch 303 [35000/84843] Loss: 0.278840
Epoch 303 [70000/84843] Loss: 0.308793
Epoch 303 - Avg Loss: 0.315073 | Train Acc: 98.35%
Val: loss=0.3605, acc=10641/10975 (96.96%)
Epoch 304 [0/84843] Loss: 0.368093
Epoch 304 [35000/84843] Loss: 0.319264
Epoch 304 [70000/84843] Loss: 0.274205
Epoch 304 - Avg Loss: 0.314391 | Train Acc: 98.41%
Val: loss=0.3569, acc=10657/10975 (97.10%)
Epoch 305 [0/84843] Loss: 0.283220
Epoch 305 [35000/84843] Loss: 0.347999
Epoch 305 [70000/84843] Loss: 0.314617
Epoch 305 - Avg Loss: 0.316065 | Train Acc: 98.30%
Val: loss=0.3608, acc=10633/10975 (96.88%)
Epoch 306 [0/84843] Loss: 0.341186
Epoch 306 [35000/84843] Loss: 0.327092
Epoch 306 [70000/84843] Loss: 0.298603
Epoch 306 - Avg Loss: 0.312704 | Train Acc: 98.44%
Val: loss=0.3613, acc=10641/10975 (96.96%)
Epoch 307 [0/84843] Loss: 0.277715
Epoch 307 [35000/84843] Loss: 0.326164
Epoch 307 [70000/84843] Loss: 0.376851
Epoch 307 - Avg Loss: 0.313341 | Train Acc: 98.44%
Val: loss=0.3569, acc=10658/10975 (97.11%)
Epoch 308 [0/84843] Loss: 0.348178
Epoch 308 [35000/84843] Loss: 0.290423
Epoch 308 [70000/84843] Loss: 0.293146
Epoch 308 - Avg Loss: 0.313295 | Train Acc: 98.44%
Val: loss=0.3614, acc=10630/10975 (96.86%)
Epoch 309 [0/84843] Loss: 0.330894
Epoch 309 [35000/84843] Loss: 0.305849
Epoch 309 [70000/84843] Loss: 0.303913
Epoch 309 - Avg Loss: 0.313672 | Train Acc: 98.37%
Val: loss=0.3594, acc=10641/10975 (96.96%)
Epoch 310 [0/84843] Loss: 0.323816
Epoch 310 [35000/84843] Loss: 0.297191
Epoch 310 [70000/84843] Loss: 0.412897
Epoch 310 - Avg Loss: 0.311980 | Train Acc: 98.50%
Val: loss=0.3570, acc=10653/10975 (97.07%)
Epoch 311 [0/84843] Loss: 0.285096
Epoch 311 [35000/84843] Loss: 0.303803
Epoch 311 [70000/84843] Loss: 0.289345
Epoch 311 - Avg Loss: 0.312524 | Train Acc: 98.47%
Val: loss=0.3615, acc=10638/10975 (96.93%)
Epoch 312 [0/84843] Loss: 0.327414
Epoch 312 [35000/84843] Loss: 0.394149
Epoch 312 [70000/84843] Loss: 0.285858
Epoch 312 - Avg Loss: 0.313297 | Train Acc: 98.42%
Val: loss=0.3604, acc=10643/10975 (96.97%)
Epoch 313 [0/84843] Loss: 0.305162
Epoch 313 [35000/84843] Loss: 0.285271
Epoch 313 [70000/84843] Loss: 0.308559
Epoch 313 - Avg Loss: 0.312370 | Train Acc: 98.48%
Val: loss=0.3592, acc=10645/10975 (96.99%)
Epoch 314 [0/84843] Loss: 0.311095
Epoch 314 [35000/84843] Loss: 0.357322
Epoch 314 [70000/84843] Loss: 0.272854
Epoch 314 - Avg Loss: 0.313051 | Train Acc: 98.41%
Val: loss=0.3568, acc=10657/10975 (97.10%)
Epoch 315 [0/84843] Loss: 0.294024
Epoch 315 [35000/84843] Loss: 0.356104
Epoch 315 [70000/84843] Loss: 0.289689
Epoch 315 - Avg Loss: 0.312096 | Train Acc: 98.49%
Val: loss=0.3606, acc=10645/10975 (96.99%)
Epoch 316 [0/84843] Loss: 0.309255
Epoch 316 [35000/84843] Loss: 0.297336
Epoch 316 [70000/84843] Loss: 0.333576
Epoch 316 - Avg Loss: 0.312730 | Train Acc: 98.49%
Val: loss=0.3587, acc=10651/10975 (97.05%)
Epoch 317 [0/84843] Loss: 0.327529
Epoch 317 [35000/84843] Loss: 0.390338
Epoch 317 [70000/84843] Loss: 0.278864
Epoch 317 - Avg Loss: 0.311877 | Train Acc: 98.51%
Val: loss=0.3608, acc=10646/10975 (97.00%)
Epoch 318 [0/84843] Loss: 0.368926
Epoch 318 [35000/84843] Loss: 0.273110
Epoch 318 [70000/84843] Loss: 0.282119
Epoch 318 - Avg Loss: 0.311074 | Train Acc: 98.51%
Val: loss=0.3573, acc=10670/10975 (97.22%)
saved best: 97.22%
Epoch 319 [0/84843] Loss: 0.284315
Epoch 319 [35000/84843] Loss: 0.343374
Epoch 319 [70000/84843] Loss: 0.303009
Epoch 319 - Avg Loss: 0.311611 | Train Acc: 98.51%
Val: loss=0.3580, acc=10659/10975 (97.12%)
Epoch 320 [0/84843] Loss: 0.339195
Epoch 320 [35000/84843] Loss: 0.279989
Epoch 320 [70000/84843] Loss: 0.316782
Epoch 320 - Avg Loss: 0.312411 | Train Acc: 98.46%
Val: loss=0.3590, acc=10645/10975 (96.99%)
Epoch 321 [0/84843] Loss: 0.319420
Epoch 321 [35000/84843] Loss: 0.288805
Epoch 321 [70000/84843] Loss: 0.326531
Epoch 321 - Avg Loss: 0.312133 | Train Acc: 98.47%
Val: loss=0.3586, acc=10658/10975 (97.11%)
Epoch 322 [0/84843] Loss: 0.310571
Epoch 322 [35000/84843] Loss: 0.284562
Epoch 322 [70000/84843] Loss: 0.282283
Epoch 322 - Avg Loss: 0.311900 | Train Acc: 98.47%
Val: loss=0.3580, acc=10658/10975 (97.11%)
Epoch 323 [0/84843] Loss: 0.332199
Epoch 323 [35000/84843] Loss: 0.274577
Epoch 323 [70000/84843] Loss: 0.280906
Epoch 323 - Avg Loss: 0.310461 | Train Acc: 98.53%
Val: loss=0.3608, acc=10639/10975 (96.94%)
Epoch 324 [0/84843] Loss: 0.318514
Epoch 324 [35000/84843] Loss: 0.319322
Epoch 324 [70000/84843] Loss: 0.364246
Epoch 324 - Avg Loss: 0.309891 | Train Acc: 98.54%
Val: loss=0.3596, acc=10648/10975 (97.02%)
Epoch 325 [0/84843] Loss: 0.292627
Epoch 325 [35000/84843] Loss: 0.277777
Epoch 325 [70000/84843] Loss: 0.312649
Epoch 325 - Avg Loss: 0.312101 | Train Acc: 98.49%
Val: loss=0.3585, acc=10652/10975 (97.06%)
Epoch 326 [0/84843] Loss: 0.281863
Epoch 326 [35000/84843] Loss: 0.386544
Epoch 326 [70000/84843] Loss: 0.296579
Epoch 326 - Avg Loss: 0.309967 | Train Acc: 98.53%
Val: loss=0.3592, acc=10652/10975 (97.06%)
Epoch 327 [0/84843] Loss: 0.307922
Epoch 327 [35000/84843] Loss: 0.369889
Epoch 327 [70000/84843] Loss: 0.340620
Epoch 327 - Avg Loss: 0.310272 | Train Acc: 98.58%
Val: loss=0.3623, acc=10644/10975 (96.98%)
Epoch 328 [0/84843] Loss: 0.278173
Epoch 328 [35000/84843] Loss: 0.309175
Epoch 328 [70000/84843] Loss: 0.276142
Epoch 328 - Avg Loss: 0.309635 | Train Acc: 98.56%
Val: loss=0.3588, acc=10647/10975 (97.01%)
Epoch 329 [0/84843] Loss: 0.284068
Epoch 329 [35000/84843] Loss: 0.301828
Epoch 329 [70000/84843] Loss: 0.280784
Epoch 329 - Avg Loss: 0.309123 | Train Acc: 98.60%
Val: loss=0.3608, acc=10643/10975 (96.97%)
Epoch 330 [0/84843] Loss: 0.287629
Epoch 330 [35000/84843] Loss: 0.270375
Epoch 330 [70000/84843] Loss: 0.351612
Epoch 330 - Avg Loss: 0.310626 | Train Acc: 98.51%
Val: loss=0.3588, acc=10649/10975 (97.03%)
Epoch 331 [0/84843] Loss: 0.305402
Epoch 331 [35000/84843] Loss: 0.297225
Epoch 331 [70000/84843] Loss: 0.331440
Epoch 331 - Avg Loss: 0.309988 | Train Acc: 98.53%
Val: loss=0.3565, acc=10656/10975 (97.09%)
Epoch 332 [0/84843] Loss: 0.287083
Epoch 332 [35000/84843] Loss: 0.283755
Epoch 332 [70000/84843] Loss: 0.331676
Epoch 332 - Avg Loss: 0.309992 | Train Acc: 98.57%
Val: loss=0.3603, acc=10646/10975 (97.00%)
Epoch 333 [0/84843] Loss: 0.378399
Epoch 333 [35000/84843] Loss: 0.294142
Epoch 333 [70000/84843] Loss: 0.384644
Epoch 333 - Avg Loss: 0.309487 | Train Acc: 98.59%
Val: loss=0.3593, acc=10657/10975 (97.10%)
Epoch 334 [0/84843] Loss: 0.363255
Epoch 334 [35000/84843] Loss: 0.308271
Epoch 334 [70000/84843] Loss: 0.335468
Epoch 334 - Avg Loss: 0.309617 | Train Acc: 98.59%
Val: loss=0.3586, acc=10653/10975 (97.07%)
Epoch 335 [0/84843] Loss: 0.328596
Epoch 335 [35000/84843] Loss: 0.276386
Epoch 335 [70000/84843] Loss: 0.338616
Epoch 335 - Avg Loss: 0.308515 | Train Acc: 98.62%
Val: loss=0.3599, acc=10648/10975 (97.02%)
Epoch 336 [0/84843] Loss: 0.300053
Epoch 336 [35000/84843] Loss: 0.372285
Epoch 336 [70000/84843] Loss: 0.274332
Epoch 336 - Avg Loss: 0.309823 | Train Acc: 98.57%
Val: loss=0.3605, acc=10661/10975 (97.14%)
Epoch 337 [0/84843] Loss: 0.293315
Epoch 337 [35000/84843] Loss: 0.282330
Epoch 337 [70000/84843] Loss: 0.337274
Epoch 337 - Avg Loss: 0.309703 | Train Acc: 98.57%
Val: loss=0.3597, acc=10638/10975 (96.93%)
Epoch 338 [0/84843] Loss: 0.273325
Epoch 338 [35000/84843] Loss: 0.275533
Epoch 338 [70000/84843] Loss: 0.303397
Epoch 338 - Avg Loss: 0.308304 | Train Acc: 98.62%
Val: loss=0.3600, acc=10654/10975 (97.08%)
Epoch 339 [0/84843] Loss: 0.295370
Epoch 339 [35000/84843] Loss: 0.307767
Epoch 339 [70000/84843] Loss: 0.383424
Epoch 339 - Avg Loss: 0.308518 | Train Acc: 98.59%
Val: loss=0.3577, acc=10659/10975 (97.12%)
Epoch 340 [0/84843] Loss: 0.324161
Epoch 340 [35000/84843] Loss: 0.316410
Epoch 340 [70000/84843] Loss: 0.293624
Epoch 340 - Avg Loss: 0.308744 | Train Acc: 98.61%
Val: loss=0.3612, acc=10649/10975 (97.03%)
Epoch 341 [0/84843] Loss: 0.277674
Epoch 341 [35000/84843] Loss: 0.282179
Epoch 341 [70000/84843] Loss: 0.303406
Epoch 341 - Avg Loss: 0.309565 | Train Acc: 98.58%
Val: loss=0.3598, acc=10653/10975 (97.07%)
Epoch 342 [0/84843] Loss: 0.282946
Epoch 342 [35000/84843] Loss: 0.311551
Epoch 342 [70000/84843] Loss: 0.353607
Epoch 342 - Avg Loss: 0.309652 | Train Acc: 98.59%
Val: loss=0.3598, acc=10656/10975 (97.09%)
Epoch 343 [0/84843] Loss: 0.292936
Epoch 343 [35000/84843] Loss: 0.286575
Epoch 343 [70000/84843] Loss: 0.277355
Epoch 343 - Avg Loss: 0.309301 | Train Acc: 98.60%
Val: loss=0.3618, acc=10649/10975 (97.03%)
Epoch 344 [0/84843] Loss: 0.414430
Epoch 344 [35000/84843] Loss: 0.284878
Epoch 344 [70000/84843] Loss: 0.323667
Epoch 344 - Avg Loss: 0.308949 | Train Acc: 98.61%
Val: loss=0.3611, acc=10655/10975 (97.08%)
Epoch 345 [0/84843] Loss: 0.336810
Epoch 345 [35000/84843] Loss: 0.311877
Epoch 345 [70000/84843] Loss: 0.302221
Epoch 345 - Avg Loss: 0.308089 | Train Acc: 98.63%
Val: loss=0.3607, acc=10653/10975 (97.07%)
Epoch 346 [0/84843] Loss: 0.274085
Epoch 346 [35000/84843] Loss: 0.508269
Epoch 346 [70000/84843] Loss: 0.296388
Epoch 346 - Avg Loss: 0.308171 | Train Acc: 98.67%
Val: loss=0.3596, acc=10652/10975 (97.06%)
Epoch 347 [0/84843] Loss: 0.272401
Epoch 347 [35000/84843] Loss: 0.310546
Epoch 347 [70000/84843] Loss: 0.285772
Epoch 347 - Avg Loss: 0.308061 | Train Acc: 98.64%
Val: loss=0.3620, acc=10651/10975 (97.05%)
Epoch 348 [0/84843] Loss: 0.339752
Epoch 348 [35000/84843] Loss: 0.293109
Epoch 348 [70000/84843] Loss: 0.341429
Epoch 348 - Avg Loss: 0.307655 | Train Acc: 98.68%
Val: loss=0.3590, acc=10653/10975 (97.07%)
Epoch 349 [0/84843] Loss: 0.273371
Epoch 349 [35000/84843] Loss: 0.313227
Epoch 349 [70000/84843] Loss: 0.321017
Epoch 349 - Avg Loss: 0.306838 | Train Acc: 98.70%
Val: loss=0.3595, acc=10654/10975 (97.08%)
Epoch 350 [0/84843] Loss: 0.293460
Epoch 350 [35000/84843] Loss: 0.272034
Epoch 350 [70000/84843] Loss: 0.345046
Epoch 350 - Avg Loss: 0.308605 | Train Acc: 98.58%
Val: loss=0.3619, acc=10640/10975 (96.95%)
Epoch 351 [0/84843] Loss: 0.323020
Epoch 351 [35000/84843] Loss: 0.316880
Epoch 351 [70000/84843] Loss: 0.317650
Epoch 351 - Avg Loss: 0.308594 | Train Acc: 98.62%
Val: loss=0.3602, acc=10655/10975 (97.08%)
Epoch 352 [0/84843] Loss: 0.321533
Epoch 352 [35000/84843] Loss: 0.310386
Epoch 352 [70000/84843] Loss: 0.281184
Epoch 352 - Avg Loss: 0.306854 | Train Acc: 98.66%
Val: loss=0.3608, acc=10657/10975 (97.10%)
Epoch 353 [0/84843] Loss: 0.307183
Epoch 353 [35000/84843] Loss: 0.273830
Epoch 353 [70000/84843] Loss: 0.326189
Epoch 353 - Avg Loss: 0.307520 | Train Acc: 98.69%
Val: loss=0.3618, acc=10651/10975 (97.05%)
Epoch 354 [0/84843] Loss: 0.301942
Epoch 354 [35000/84843] Loss: 0.276550
Epoch 354 [70000/84843] Loss: 0.271512
Epoch 354 - Avg Loss: 0.308050 | Train Acc: 98.62%
Val: loss=0.3608, acc=10646/10975 (97.00%)
Epoch 355 [0/84843] Loss: 0.336219
Epoch 355 [35000/84843] Loss: 0.407430
Epoch 355 [70000/84843] Loss: 0.349332
Epoch 355 - Avg Loss: 0.306903 | Train Acc: 98.70%
Val: loss=0.3599, acc=10649/10975 (97.03%)
Epoch 356 [0/84843] Loss: 0.317835
Epoch 356 [35000/84843] Loss: 0.300234
Epoch 356 [70000/84843] Loss: 0.292528
Epoch 356 - Avg Loss: 0.308361 | Train Acc: 98.62%
Val: loss=0.3610, acc=10650/10975 (97.04%)
Epoch 357 [0/84843] Loss: 0.306786
Epoch 357 [35000/84843] Loss: 0.285484
Epoch 357 [70000/84843] Loss: 0.387163
Epoch 357 - Avg Loss: 0.307180 | Train Acc: 98.67%
Val: loss=0.3604, acc=10649/10975 (97.03%)
Epoch 358 [0/84843] Loss: 0.317581
Epoch 358 [35000/84843] Loss: 0.286789
Epoch 358 [70000/84843] Loss: 0.375152
Epoch 358 - Avg Loss: 0.306650 | Train Acc: 98.70%
Val: loss=0.3617, acc=10651/10975 (97.05%)
Epoch 359 [0/84843] Loss: 0.272593
Epoch 359 [35000/84843] Loss: 0.283447
Epoch 359 [70000/84843] Loss: 0.311362
Epoch 359 - Avg Loss: 0.307284 | Train Acc: 98.67%
Val: loss=0.3619, acc=10646/10975 (97.00%)
Epoch 360 [0/84843] Loss: 0.309704
Epoch 360 [35000/84843] Loss: 0.277523
Epoch 360 [70000/84843] Loss: 0.272988
Epoch 360 - Avg Loss: 0.306616 | Train Acc: 98.69%
Val: loss=0.3602, acc=10653/10975 (97.07%)
Epoch 361 [0/84843] Loss: 0.325478
Epoch 361 [35000/84843] Loss: 0.302526
Epoch 361 [70000/84843] Loss: 0.310791
Epoch 361 - Avg Loss: 0.306407 | Train Acc: 98.71%
Val: loss=0.3599, acc=10652/10975 (97.06%)
Epoch 362 [0/84843] Loss: 0.305990
Epoch 362 [35000/84843] Loss: 0.273147
Epoch 362 [70000/84843] Loss: 0.286686
Epoch 362 - Avg Loss: 0.307654 | Train Acc: 98.66%
Val: loss=0.3603, acc=10657/10975 (97.10%)
Epoch 363 [0/84843] Loss: 0.318292
Epoch 363 [35000/84843] Loss: 0.360850
Epoch 363 [70000/84843] Loss: 0.328112
Epoch 363 - Avg Loss: 0.306928 | Train Acc: 98.69%
Val: loss=0.3599, acc=10651/10975 (97.05%)
Epoch 364 [0/84843] Loss: 0.358252
Epoch 364 [35000/84843] Loss: 0.300421
Epoch 364 [70000/84843] Loss: 0.278205
Epoch 364 - Avg Loss: 0.307046 | Train Acc: 98.68%
Val: loss=0.3598, acc=10654/10975 (97.08%)
Epoch 365 [0/84843] Loss: 0.447643
Epoch 365 [35000/84843] Loss: 0.276287
Epoch 365 [70000/84843] Loss: 0.270924
Epoch 365 - Avg Loss: 0.308426 | Train Acc: 98.61%
Val: loss=0.3596, acc=10654/10975 (97.08%)
Epoch 366 [0/84843] Loss: 0.378626
Epoch 366 [35000/84843] Loss: 0.298342
Epoch 366 [70000/84843] Loss: 0.317602
Epoch 366 - Avg Loss: 0.306834 | Train Acc: 98.64%
Val: loss=0.3606, acc=10654/10975 (97.08%)
Epoch 367 [0/84843] Loss: 0.285960
Epoch 367 [35000/84843] Loss: 0.272389
Epoch 367 [70000/84843] Loss: 0.298900
Epoch 367 - Avg Loss: 0.306425 | Train Acc: 98.70%
Val: loss=0.3603, acc=10657/10975 (97.10%)
Epoch 368 [0/84843] Loss: 0.281873
Epoch 368 [35000/84843] Loss: 0.276583
Epoch 368 [70000/84843] Loss: 0.297847
Epoch 368 - Avg Loss: 0.306551 | Train Acc: 98.69%
Val: loss=0.3604, acc=10653/10975 (97.07%)
Epoch 369 [0/84843] Loss: 0.276926
Epoch 369 [35000/84843] Loss: 0.310072
Epoch 369 [70000/84843] Loss: 0.301592
Epoch 369 - Avg Loss: 0.306599 | Train Acc: 98.69%
Val: loss=0.3600, acc=10658/10975 (97.11%)
Epoch 370 [0/84843] Loss: 0.293268
Epoch 370 [35000/84843] Loss: 0.277487
Epoch 370 [70000/84843] Loss: 0.283653
Epoch 370 - Avg Loss: 0.306384 | Train Acc: 98.68%
Val: loss=0.3610, acc=10653/10975 (97.07%)
Epoch 371 [0/84843] Loss: 0.269475
Epoch 371 [35000/84843] Loss: 0.272480
Epoch 371 [70000/84843] Loss: 0.342857
Epoch 371 - Avg Loss: 0.307430 | Train Acc: 98.66%
Val: loss=0.3602, acc=10656/10975 (97.09%)
Epoch 372 [0/84843] Loss: 0.381054
Epoch 372 [35000/84843] Loss: 0.334142
Epoch 372 [70000/84843] Loss: 0.325482
Epoch 372 - Avg Loss: 0.306738 | Train Acc: 98.69%
Val: loss=0.3605, acc=10653/10975 (97.07%)
Epoch 373 [0/84843] Loss: 0.331573
Epoch 373 [35000/84843] Loss: 0.277036
Epoch 373 [70000/84843] Loss: 0.297975
Epoch 373 - Avg Loss: 0.306610 | Train Acc: 98.70%
Val: loss=0.3605, acc=10653/10975 (97.07%)
Epoch 374 [0/84843] Loss: 0.311130
Epoch 374 [35000/84843] Loss: 0.277031
Epoch 374 [70000/84843] Loss: 0.289843
Epoch 374 - Avg Loss: 0.306073 | Train Acc: 98.72%
Val: loss=0.3604, acc=10653/10975 (97.07%)
Epoch 375 [0/84843] Loss: 0.295054
Epoch 375 [35000/84843] Loss: 0.304387
Epoch 375 [70000/84843] Loss: 0.282726
Epoch 375 - Avg Loss: 0.305650 | Train Acc: 98.75%
Val: loss=0.3611, acc=10651/10975 (97.05%)
Epoch 376 [0/84843] Loss: 0.277733
Epoch 376 [35000/84843] Loss: 0.274993
Epoch 376 [70000/84843] Loss: 0.274341
Epoch 376 - Avg Loss: 0.305702 | Train Acc: 98.72%
Val: loss=0.3618, acc=10651/10975 (97.05%)
Epoch 377 [0/84843] Loss: 0.338437
Epoch 377 [35000/84843] Loss: 0.285255
Epoch 377 [70000/84843] Loss: 0.269351
Epoch 377 - Avg Loss: 0.305912 | Train Acc: 98.70%
Val: loss=0.3614, acc=10657/10975 (97.10%)
Epoch 378 [0/84843] Loss: 0.271723
Epoch 378 [35000/84843] Loss: 0.342925
Epoch 378 [70000/84843] Loss: 0.310202
Epoch 378 - Avg Loss: 0.305954 | Train Acc: 98.70%
Val: loss=0.3607, acc=10656/10975 (97.09%)
Epoch 379 [0/84843] Loss: 0.374209
Epoch 379 [35000/84843] Loss: 0.315001
Epoch 379 [70000/84843] Loss: 0.282992
Epoch 379 - Avg Loss: 0.306333 | Train Acc: 98.70%
Val: loss=0.3613, acc=10650/10975 (97.04%)
Epoch 380 [0/84843] Loss: 0.326786
Epoch 380 [35000/84843] Loss: 0.281219
Epoch 380 [70000/84843] Loss: 0.310932
Epoch 380 - Avg Loss: 0.306861 | Train Acc: 98.70%
Val: loss=0.3605, acc=10656/10975 (97.09%)
Epoch 381 [0/84843] Loss: 0.309158
Epoch 381 [35000/84843] Loss: 0.288182
Epoch 381 [70000/84843] Loss: 0.298912
Epoch 381 - Avg Loss: 0.306484 | Train Acc: 98.70%
Val: loss=0.3602, acc=10657/10975 (97.10%)
Epoch 382 [0/84843] Loss: 0.393516
Epoch 382 [35000/84843] Loss: 0.276402
Epoch 382 [70000/84843] Loss: 0.293642
Epoch 382 - Avg Loss: 0.306052 | Train Acc: 98.74%
Val: loss=0.3603, acc=10656/10975 (97.09%)
Epoch 383 [0/84843] Loss: 0.283303
Epoch 383 [35000/84843] Loss: 0.376331
Epoch 383 [70000/84843] Loss: 0.281274
Epoch 383 - Avg Loss: 0.305293 | Train Acc: 98.72%
Val: loss=0.3595, acc=10656/10975 (97.09%)
Epoch 384 [0/84843] Loss: 0.298363
Epoch 384 [35000/84843] Loss: 0.273879
Epoch 384 [70000/84843] Loss: 0.319195
Epoch 384 - Avg Loss: 0.306697 | Train Acc: 98.66%
Val: loss=0.3594, acc=10660/10975 (97.13%)
Epoch 385 [0/84843] Loss: 0.316682
Epoch 385 [35000/84843] Loss: 0.308336
Epoch 385 [70000/84843] Loss: 0.283595
Epoch 385 - Avg Loss: 0.306233 | Train Acc: 98.70%
Val: loss=0.3596, acc=10660/10975 (97.13%)
Epoch 386 [0/84843] Loss: 0.282575
Epoch 386 [35000/84843] Loss: 0.280875
Epoch 386 [70000/84843] Loss: 0.345277
Epoch 386 - Avg Loss: 0.306228 | Train Acc: 98.72%
Val: loss=0.3596, acc=10659/10975 (97.12%)
Epoch 387 [0/84843] Loss: 0.282050
Epoch 387 [35000/84843] Loss: 0.288981
Epoch 387 [70000/84843] Loss: 0.356252
Epoch 387 - Avg Loss: 0.305345 | Train Acc: 98.75%
Val: loss=0.3597, acc=10658/10975 (97.11%)
Epoch 388 [0/84843] Loss: 0.294955
Epoch 388 [35000/84843] Loss: 0.275502
Epoch 388 [70000/84843] Loss: 0.363909
Epoch 388 - Avg Loss: 0.304298 | Train Acc: 98.80%
Val: loss=0.3592, acc=10660/10975 (97.13%)
Epoch 389 [0/84843] Loss: 0.280515
Epoch 389 [35000/84843] Loss: 0.278668
Epoch 389 [70000/84843] Loss: 0.318272
Epoch 389 - Avg Loss: 0.306114 | Train Acc: 98.67%
Val: loss=0.3591, acc=10656/10975 (97.09%)
Epoch 390 [0/84843] Loss: 0.277351
Epoch 390 [35000/84843] Loss: 0.292883
Epoch 390 [70000/84843] Loss: 0.291698
Epoch 390 - Avg Loss: 0.305649 | Train Acc: 98.73%
Val: loss=0.3597, acc=10659/10975 (97.12%)
Epoch 391 [0/84843] Loss: 0.323317
Epoch 391 [35000/84843] Loss: 0.403618
Epoch 391 [70000/84843] Loss: 0.279398
Epoch 391 - Avg Loss: 0.305519 | Train Acc: 98.70%
Val: loss=0.3597, acc=10658/10975 (97.11%)
Epoch 392 [0/84843] Loss: 0.318557
Epoch 392 [35000/84843] Loss: 0.302097
Epoch 392 [70000/84843] Loss: 0.300835
Epoch 392 - Avg Loss: 0.304696 | Train Acc: 98.77%
Val: loss=0.3597, acc=10658/10975 (97.11%)
Epoch 393 [0/84843] Loss: 0.422940
Epoch 393 [35000/84843] Loss: 0.286586
Epoch 393 [70000/84843] Loss: 0.283876
Epoch 393 - Avg Loss: 0.305773 | Train Acc: 98.72%
Val: loss=0.3594, acc=10660/10975 (97.13%)
Epoch 394 [0/84843] Loss: 0.291644
Epoch 394 [35000/84843] Loss: 0.320193
Epoch 394 [70000/84843] Loss: 0.310718
Epoch 394 - Avg Loss: 0.304654 | Train Acc: 98.76%
Val: loss=0.3595, acc=10657/10975 (97.10%)
Epoch 395 [0/84843] Loss: 0.321524
Epoch 395 [35000/84843] Loss: 0.279779
Epoch 395 [70000/84843] Loss: 0.327819
Epoch 395 - Avg Loss: 0.305910 | Train Acc: 98.71%
Val: loss=0.3593, acc=10660/10975 (97.13%)
Epoch 396 [0/84843] Loss: 0.285279
Epoch 396 [35000/84843] Loss: 0.283936
Epoch 396 [70000/84843] Loss: 0.288847
Epoch 396 - Avg Loss: 0.305555 | Train Acc: 98.74%
Val: loss=0.3593, acc=10661/10975 (97.14%)
Epoch 397 [0/84843] Loss: 0.284947
Epoch 397 [35000/84843] Loss: 0.277649
Epoch 397 [70000/84843] Loss: 0.371824
Epoch 397 - Avg Loss: 0.306205 | Train Acc: 98.65%
Val: loss=0.3595, acc=10660/10975 (97.13%)
Epoch 398 [0/84843] Loss: 0.279516
Epoch 398 [35000/84843] Loss: 0.283149
Epoch 398 [70000/84843] Loss: 0.280624
Epoch 398 - Avg Loss: 0.306495 | Train Acc: 98.70%
Val: loss=0.3597, acc=10659/10975 (97.12%)
Epoch 399 [0/84843] Loss: 0.305566
Epoch 399 [35000/84843] Loss: 0.294033
Epoch 399 [70000/84843] Loss: 0.331962
Epoch 399 - Avg Loss: 0.306315 | Train Acc: 98.69%
Val: loss=0.3597, acc=10659/10975 (97.12%)
Epoch 400 [0/84843] Loss: 0.280204
Epoch 400 [35000/84843] Loss: 0.313647
Epoch 400 [70000/84843] Loss: 0.281775
Epoch 400 - Avg Loss: 0.305634 | Train Acc: 98.73%
Val: loss=0.3593, acc=10660/10975 (97.13%)
Test: loss=0.3484, acc=11781/12101 (97.36%)
Saved plot to /scratch/work/lainem31/PTQ_project/keyword_spotting/plots/17518365/train_val_24_mels_delta_17518365_1.png
