Running feature config: 24_mels_delta (task 3)
SpecAugment freq_mask=10 time_mask=15
Device: cuda
Feature config: 24_mels_delta -> {'n_mels': 24, 'use_delta': True, 'use_delta_delta': False}
SpecAugment: True freq_mask=10 time_mask=15
GPU Name: Tesla V100-PCIE-32GB
GPU Memory: 34.07 GB
Total model parameters: 47,628
Epoch 1 [0/84843] Loss: 2.406106
Epoch 1 [35000/84843] Loss: 1.703153
Epoch 1 [70000/84843] Loss: 1.548545
Epoch 1 - Avg Loss: 1.673076 | Train Acc: 57.06%
Val: loss=1.5394, acc=6656/10975 (60.65%)
saved best: 60.65%
Epoch 2 [0/84843] Loss: 1.534360
Epoch 2 [35000/84843] Loss: 1.508266
Epoch 2 [70000/84843] Loss: 1.418760
Epoch 2 - Avg Loss: 1.381127 | Train Acc: 66.30%
Val: loss=1.3892, acc=7244/10975 (66.00%)
saved best: 66.00%
Epoch 3 [0/84843] Loss: 1.348167
Epoch 3 [35000/84843] Loss: 1.078494
Epoch 3 [70000/84843] Loss: 1.387241
Epoch 3 - Avg Loss: 1.354741 | Train Acc: 66.78%
Val: loss=1.3753, acc=7265/10975 (66.20%)
saved best: 66.20%
Epoch 4 [0/84843] Loss: 1.489193
Epoch 4 [35000/84843] Loss: 1.162086
Epoch 4 [70000/84843] Loss: 1.199491
Epoch 4 - Avg Loss: 1.331540 | Train Acc: 66.82%
Val: loss=1.3274, acc=7282/10975 (66.35%)
saved best: 66.35%
Epoch 5 [0/84843] Loss: 1.244849
Epoch 5 [35000/84843] Loss: 1.433909
Epoch 5 [70000/84843] Loss: 1.189624
Epoch 5 - Avg Loss: 1.269445 | Train Acc: 67.28%
Val: loss=1.2425, acc=7380/10975 (67.24%)
saved best: 67.24%
Epoch 6 [0/84843] Loss: 1.127988
Epoch 6 [35000/84843] Loss: 1.228747
Epoch 6 [70000/84843] Loss: 0.977127
Epoch 6 - Avg Loss: 1.215811 | Train Acc: 67.91%
Val: loss=1.1805, acc=7428/10975 (67.68%)
saved best: 67.68%
Epoch 7 [0/84843] Loss: 1.038485
Epoch 7 [35000/84843] Loss: 1.357183
Epoch 7 [70000/84843] Loss: 1.238461
Epoch 7 - Avg Loss: 1.172306 | Train Acc: 68.31%
Val: loss=1.1410, acc=7436/10975 (67.75%)
saved best: 67.75%
Epoch 8 [0/84843] Loss: 1.102643
Epoch 8 [35000/84843] Loss: 0.952760
Epoch 8 [70000/84843] Loss: 1.239189
Epoch 8 - Avg Loss: 1.140171 | Train Acc: 68.66%
Val: loss=1.0993, acc=7511/10975 (68.44%)
saved best: 68.44%
Epoch 9 [0/84843] Loss: 0.942287
Epoch 9 [35000/84843] Loss: 1.321849
Epoch 9 [70000/84843] Loss: 1.139874
Epoch 9 - Avg Loss: 1.103839 | Train Acc: 69.24%
Val: loss=1.0488, acc=7631/10975 (69.53%)
saved best: 69.53%
Epoch 10 [0/84843] Loss: 1.180044
Epoch 10 [35000/84843] Loss: 1.052094
Epoch 10 [70000/84843] Loss: 1.031854
Epoch 10 - Avg Loss: 1.071323 | Train Acc: 69.81%
Val: loss=1.0139, acc=7779/10975 (70.88%)
saved best: 70.88%
Epoch 11 [0/84843] Loss: 1.079667
Epoch 11 [35000/84843] Loss: 1.047821
Epoch 11 [70000/84843] Loss: 1.197704
Epoch 11 - Avg Loss: 1.031824 | Train Acc: 70.94%
Val: loss=0.9748, acc=7850/10975 (71.53%)
saved best: 71.53%
Epoch 12 [0/84843] Loss: 0.786097
Epoch 12 [35000/84843] Loss: 1.065493
Epoch 12 [70000/84843] Loss: 0.838169
Epoch 12 - Avg Loss: 0.994241 | Train Acc: 71.94%
Val: loss=0.9342, acc=7996/10975 (72.86%)
saved best: 72.86%
Epoch 13 [0/84843] Loss: 0.910648
Epoch 13 [35000/84843] Loss: 0.810139
Epoch 13 [70000/84843] Loss: 0.731818
Epoch 13 - Avg Loss: 0.958720 | Train Acc: 72.92%
Val: loss=0.8813, acc=8298/10975 (75.61%)
saved best: 75.61%
Epoch 14 [0/84843] Loss: 0.998987
Epoch 14 [35000/84843] Loss: 0.889393
Epoch 14 [70000/84843] Loss: 0.810777
Epoch 14 - Avg Loss: 0.912437 | Train Acc: 74.69%
Val: loss=0.8369, acc=8556/10975 (77.96%)
saved best: 77.96%
Epoch 15 [0/84843] Loss: 0.869839
Epoch 15 [35000/84843] Loss: 0.941014
Epoch 15 [70000/84843] Loss: 0.752461
Epoch 15 - Avg Loss: 0.873241 | Train Acc: 76.49%
Val: loss=0.7899, acc=8843/10975 (80.57%)
saved best: 80.57%
Epoch 16 [0/84843] Loss: 0.855112
Epoch 16 [35000/84843] Loss: 0.723271
Epoch 16 [70000/84843] Loss: 0.851999
Epoch 16 - Avg Loss: 0.836330 | Train Acc: 77.90%
Val: loss=0.7413, acc=8997/10975 (81.98%)
saved best: 81.98%
Epoch 17 [0/84843] Loss: 0.868859
Epoch 17 [35000/84843] Loss: 0.897585
Epoch 17 [70000/84843] Loss: 0.989052
Epoch 17 - Avg Loss: 0.799412 | Train Acc: 79.42%
Val: loss=0.7264, acc=9095/10975 (82.87%)
saved best: 82.87%
Epoch 18 [0/84843] Loss: 0.893221
Epoch 18 [35000/84843] Loss: 0.758642
Epoch 18 [70000/84843] Loss: 0.646401
Epoch 18 - Avg Loss: 0.762411 | Train Acc: 81.01%
Val: loss=0.6614, acc=9408/10975 (85.72%)
saved best: 85.72%
Epoch 19 [0/84843] Loss: 0.603695
Epoch 19 [35000/84843] Loss: 0.683271
Epoch 19 [70000/84843] Loss: 0.567972
Epoch 19 - Avg Loss: 0.722221 | Train Acc: 82.72%
Val: loss=0.6263, acc=9545/10975 (86.97%)
saved best: 86.97%
Epoch 20 [0/84843] Loss: 0.762037
Epoch 20 [35000/84843] Loss: 0.833443
Epoch 20 [70000/84843] Loss: 0.602931
Epoch 20 - Avg Loss: 0.685135 | Train Acc: 84.31%
Val: loss=0.5900, acc=9706/10975 (88.44%)
saved best: 88.44%
Epoch 21 [0/84843] Loss: 0.564339
Epoch 21 [35000/84843] Loss: 0.702828
Epoch 21 [70000/84843] Loss: 0.519876
Epoch 21 - Avg Loss: 0.662445 | Train Acc: 85.25%
Val: loss=0.5758, acc=9766/10975 (88.98%)
saved best: 88.98%
Epoch 22 [0/84843] Loss: 0.772679
Epoch 22 [35000/84843] Loss: 0.725157
Epoch 22 [70000/84843] Loss: 0.674332
Epoch 22 - Avg Loss: 0.635530 | Train Acc: 86.32%
Val: loss=0.5531, acc=9896/10975 (90.17%)
saved best: 90.17%
Epoch 23 [0/84843] Loss: 0.536951
Epoch 23 [35000/84843] Loss: 0.633279
Epoch 23 [70000/84843] Loss: 0.441378
Epoch 23 - Avg Loss: 0.617739 | Train Acc: 87.03%
Val: loss=0.5394, acc=9967/10975 (90.82%)
saved best: 90.82%
Epoch 24 [0/84843] Loss: 0.659240
Epoch 24 [35000/84843] Loss: 0.506271
Epoch 24 [70000/84843] Loss: 0.497454
Epoch 24 - Avg Loss: 0.598769 | Train Acc: 87.68%
Val: loss=0.5238, acc=10027/10975 (91.36%)
saved best: 91.36%
Epoch 25 [0/84843] Loss: 0.566846
Epoch 25 [35000/84843] Loss: 0.539289
Epoch 25 [70000/84843] Loss: 0.728874
Epoch 25 - Avg Loss: 0.582349 | Train Acc: 88.36%
Val: loss=0.5080, acc=10085/10975 (91.89%)
saved best: 91.89%
Epoch 26 [0/84843] Loss: 0.654874
Epoch 26 [35000/84843] Loss: 0.643342
Epoch 26 [70000/84843] Loss: 0.424110
Epoch 26 - Avg Loss: 0.572495 | Train Acc: 88.68%
Val: loss=0.4937, acc=10123/10975 (92.24%)
saved best: 92.24%
Epoch 27 [0/84843] Loss: 0.728580
Epoch 27 [35000/84843] Loss: 0.533120
Epoch 27 [70000/84843] Loss: 0.621098
Epoch 27 - Avg Loss: 0.559674 | Train Acc: 89.17%
Val: loss=0.4894, acc=10137/10975 (92.36%)
saved best: 92.36%
Epoch 28 [0/84843] Loss: 0.370965
Epoch 28 [35000/84843] Loss: 0.495807
Epoch 28 [70000/84843] Loss: 0.662463
Epoch 28 - Avg Loss: 0.551993 | Train Acc: 89.47%
Val: loss=0.4828, acc=10169/10975 (92.66%)
saved best: 92.66%
Epoch 29 [0/84843] Loss: 0.614588
Epoch 29 [35000/84843] Loss: 0.528250
Epoch 29 [70000/84843] Loss: 0.648927
Epoch 29 - Avg Loss: 0.541906 | Train Acc: 89.92%
Val: loss=0.4763, acc=10193/10975 (92.87%)
saved best: 92.87%
Epoch 30 [0/84843] Loss: 0.452843
Epoch 30 [35000/84843] Loss: 0.551614
Epoch 30 [70000/84843] Loss: 0.568486
Epoch 30 - Avg Loss: 0.531158 | Train Acc: 90.22%
Val: loss=0.4669, acc=10209/10975 (93.02%)
saved best: 93.02%
Epoch 31 [0/84843] Loss: 0.510110
Epoch 31 [35000/84843] Loss: 0.515406
Epoch 31 [70000/84843] Loss: 0.450757
Epoch 31 - Avg Loss: 0.523443 | Train Acc: 90.45%
Val: loss=0.4633, acc=10227/10975 (93.18%)
saved best: 93.18%
Epoch 32 [0/84843] Loss: 0.537420
Epoch 32 [35000/84843] Loss: 0.594581
Epoch 32 [70000/84843] Loss: 0.582167
Epoch 32 - Avg Loss: 0.513779 | Train Acc: 90.87%
Val: loss=0.4680, acc=10194/10975 (92.88%)
Epoch 33 [0/84843] Loss: 0.770254
Epoch 33 [35000/84843] Loss: 0.499521
Epoch 33 [70000/84843] Loss: 0.519911
Epoch 33 - Avg Loss: 0.506451 | Train Acc: 91.15%
Val: loss=0.4622, acc=10241/10975 (93.31%)
saved best: 93.31%
Epoch 34 [0/84843] Loss: 0.576889
Epoch 34 [35000/84843] Loss: 0.512789
Epoch 34 [70000/84843] Loss: 0.618582
Epoch 34 - Avg Loss: 0.497733 | Train Acc: 91.49%
Val: loss=0.4477, acc=10287/10975 (93.73%)
saved best: 93.73%
Epoch 35 [0/84843] Loss: 0.492868
Epoch 35 [35000/84843] Loss: 0.579799
Epoch 35 [70000/84843] Loss: 0.490893
Epoch 35 - Avg Loss: 0.490644 | Train Acc: 91.65%
Val: loss=0.4424, acc=10305/10975 (93.90%)
saved best: 93.90%
Epoch 36 [0/84843] Loss: 0.545476
Epoch 36 [35000/84843] Loss: 0.403452
Epoch 36 [70000/84843] Loss: 0.477762
Epoch 36 - Avg Loss: 0.487075 | Train Acc: 91.80%
Val: loss=0.4393, acc=10310/10975 (93.94%)
saved best: 93.94%
Epoch 37 [0/84843] Loss: 0.438831
Epoch 37 [35000/84843] Loss: 0.421477
Epoch 37 [70000/84843] Loss: 0.449455
Epoch 37 - Avg Loss: 0.482422 | Train Acc: 92.08%
Val: loss=0.4393, acc=10314/10975 (93.98%)
saved best: 93.98%
Epoch 38 [0/84843] Loss: 0.606467
Epoch 38 [35000/84843] Loss: 0.496227
Epoch 38 [70000/84843] Loss: 0.368679
Epoch 38 - Avg Loss: 0.477350 | Train Acc: 92.24%
Val: loss=0.4333, acc=10348/10975 (94.29%)
saved best: 94.29%
Epoch 39 [0/84843] Loss: 0.456352
Epoch 39 [35000/84843] Loss: 0.436625
Epoch 39 [70000/84843] Loss: 0.492412
Epoch 39 - Avg Loss: 0.470996 | Train Acc: 92.50%
Val: loss=0.4293, acc=10365/10975 (94.44%)
saved best: 94.44%
Epoch 40 [0/84843] Loss: 0.589804
Epoch 40 [35000/84843] Loss: 0.484781
Epoch 40 [70000/84843] Loss: 0.477610
Epoch 40 - Avg Loss: 0.466611 | Train Acc: 92.64%
Val: loss=0.4147, acc=10421/10975 (94.95%)
saved best: 94.95%
Epoch 41 [0/84843] Loss: 0.623046
Epoch 41 [35000/84843] Loss: 0.401941
Epoch 41 [70000/84843] Loss: 0.451411
Epoch 41 - Avg Loss: 0.464130 | Train Acc: 92.75%
Val: loss=0.4332, acc=10340/10975 (94.21%)
Epoch 42 [0/84843] Loss: 0.534208
Epoch 42 [35000/84843] Loss: 0.373483
Epoch 42 [70000/84843] Loss: 0.371555
Epoch 42 - Avg Loss: 0.462231 | Train Acc: 92.82%
Val: loss=0.4205, acc=10380/10975 (94.58%)
Epoch 43 [0/84843] Loss: 0.481835
Epoch 43 [35000/84843] Loss: 0.479261
Epoch 43 [70000/84843] Loss: 0.373735
Epoch 43 - Avg Loss: 0.455528 | Train Acc: 93.04%
Val: loss=0.4147, acc=10415/10975 (94.90%)
Epoch 44 [0/84843] Loss: 0.533846
Epoch 44 [35000/84843] Loss: 0.382591
Epoch 44 [70000/84843] Loss: 0.406408
Epoch 44 - Avg Loss: 0.451441 | Train Acc: 93.19%
Val: loss=0.4114, acc=10411/10975 (94.86%)
Epoch 45 [0/84843] Loss: 0.366717
Epoch 45 [35000/84843] Loss: 0.563578
Epoch 45 [70000/84843] Loss: 0.503466
Epoch 45 - Avg Loss: 0.447149 | Train Acc: 93.33%
Val: loss=0.4144, acc=10408/10975 (94.83%)
Epoch 46 [0/84843] Loss: 0.439837
Epoch 46 [35000/84843] Loss: 0.302090
Epoch 46 [70000/84843] Loss: 0.503416
Epoch 46 - Avg Loss: 0.446626 | Train Acc: 93.49%
Val: loss=0.4100, acc=10439/10975 (95.12%)
saved best: 95.12%
Epoch 47 [0/84843] Loss: 0.403734
Epoch 47 [35000/84843] Loss: 0.559580
Epoch 47 [70000/84843] Loss: 0.391709
Epoch 47 - Avg Loss: 0.441283 | Train Acc: 93.59%
Val: loss=0.3984, acc=10491/10975 (95.59%)
saved best: 95.59%
Epoch 48 [0/84843] Loss: 0.518983
Epoch 48 [35000/84843] Loss: 0.450329
Epoch 48 [70000/84843] Loss: 0.492891
Epoch 48 - Avg Loss: 0.439231 | Train Acc: 93.72%
Val: loss=0.4025, acc=10469/10975 (95.39%)
Epoch 49 [0/84843] Loss: 0.346066
Epoch 49 [35000/84843] Loss: 0.351547
Epoch 49 [70000/84843] Loss: 0.365904
Epoch 49 - Avg Loss: 0.437594 | Train Acc: 93.70%
Val: loss=0.4093, acc=10441/10975 (95.13%)
Epoch 50 [0/84843] Loss: 0.478435
Epoch 50 [35000/84843] Loss: 0.435226
Epoch 50 [70000/84843] Loss: 0.466100
Epoch 50 - Avg Loss: 0.430411 | Train Acc: 93.94%
Val: loss=0.3977, acc=10451/10975 (95.23%)
Epoch 51 [0/84843] Loss: 0.564804
Epoch 51 [35000/84843] Loss: 0.379362
Epoch 51 [70000/84843] Loss: 0.436451
Epoch 51 - Avg Loss: 0.430411 | Train Acc: 93.95%
Val: loss=0.3987, acc=10476/10975 (95.45%)
Epoch 52 [0/84843] Loss: 0.437453
Epoch 52 [35000/84843] Loss: 0.336927
Epoch 52 [70000/84843] Loss: 0.500574
Epoch 52 - Avg Loss: 0.428014 | Train Acc: 94.10%
Val: loss=0.4067, acc=10439/10975 (95.12%)
Epoch 53 [0/84843] Loss: 0.408632
Epoch 53 [35000/84843] Loss: 0.430566
Epoch 53 [70000/84843] Loss: 0.406794
Epoch 53 - Avg Loss: 0.426419 | Train Acc: 94.20%
Val: loss=0.3948, acc=10501/10975 (95.68%)
saved best: 95.68%
Epoch 54 [0/84843] Loss: 0.353244
Epoch 54 [35000/84843] Loss: 0.361950
Epoch 54 [70000/84843] Loss: 0.348126
Epoch 54 - Avg Loss: 0.422931 | Train Acc: 94.27%
Val: loss=0.3945, acc=10484/10975 (95.53%)
Epoch 55 [0/84843] Loss: 0.544405
Epoch 55 [35000/84843] Loss: 0.342891
Epoch 55 [70000/84843] Loss: 0.297866
Epoch 55 - Avg Loss: 0.422439 | Train Acc: 94.28%
Val: loss=0.3901, acc=10517/10975 (95.83%)
saved best: 95.83%
Epoch 56 [0/84843] Loss: 0.375260
Epoch 56 [35000/84843] Loss: 0.377327
Epoch 56 [70000/84843] Loss: 0.378603
Epoch 56 - Avg Loss: 0.419524 | Train Acc: 94.37%
Val: loss=0.3950, acc=10480/10975 (95.49%)
Epoch 57 [0/84843] Loss: 0.436528
Epoch 57 [35000/84843] Loss: 0.478593
Epoch 57 [70000/84843] Loss: 0.349591
Epoch 57 - Avg Loss: 0.419891 | Train Acc: 94.41%
Val: loss=0.3870, acc=10525/10975 (95.90%)
saved best: 95.90%
Epoch 58 [0/84843] Loss: 0.424769
Epoch 58 [35000/84843] Loss: 0.425431
Epoch 58 [70000/84843] Loss: 0.334294
Epoch 58 - Avg Loss: 0.415810 | Train Acc: 94.49%
Val: loss=0.3849, acc=10536/10975 (96.00%)
saved best: 96.00%
Epoch 59 [0/84843] Loss: 0.446988
Epoch 59 [35000/84843] Loss: 0.343368
Epoch 59 [70000/84843] Loss: 0.413659
Epoch 59 - Avg Loss: 0.416019 | Train Acc: 94.56%
Val: loss=0.4030, acc=10473/10975 (95.43%)
Epoch 60 [0/84843] Loss: 0.409919
Epoch 60 [35000/84843] Loss: 0.570905
Epoch 60 [70000/84843] Loss: 0.647094
Epoch 60 - Avg Loss: 0.410278 | Train Acc: 94.72%
Val: loss=0.3869, acc=10524/10975 (95.89%)
Epoch 61 [0/84843] Loss: 0.324747
Epoch 61 [35000/84843] Loss: 0.467973
Epoch 61 [70000/84843] Loss: 0.568578
Epoch 61 - Avg Loss: 0.412017 | Train Acc: 94.67%
Val: loss=0.3879, acc=10527/10975 (95.92%)
Epoch 62 [0/84843] Loss: 0.440004
Epoch 62 [35000/84843] Loss: 0.420734
Epoch 62 [70000/84843] Loss: 0.461091
Epoch 62 - Avg Loss: 0.410782 | Train Acc: 94.71%
Val: loss=0.3826, acc=10537/10975 (96.01%)
saved best: 96.01%
Epoch 63 [0/84843] Loss: 0.417030
Epoch 63 [35000/84843] Loss: 0.421276
Epoch 63 [70000/84843] Loss: 0.444078
Epoch 63 - Avg Loss: 0.410842 | Train Acc: 94.65%
Val: loss=0.3920, acc=10489/10975 (95.57%)
Epoch 64 [0/84843] Loss: 0.334613
Epoch 64 [35000/84843] Loss: 0.406227
Epoch 64 [70000/84843] Loss: 0.434953
Epoch 64 - Avg Loss: 0.408920 | Train Acc: 94.79%
Val: loss=0.3861, acc=10529/10975 (95.94%)
Epoch 65 [0/84843] Loss: 0.348985
Epoch 65 [35000/84843] Loss: 0.350156
Epoch 65 [70000/84843] Loss: 0.537942
Epoch 65 - Avg Loss: 0.406144 | Train Acc: 94.83%
Val: loss=0.3849, acc=10527/10975 (95.92%)
Epoch 66 [0/84843] Loss: 0.324465
Epoch 66 [35000/84843] Loss: 0.431370
Epoch 66 [70000/84843] Loss: 0.286197
Epoch 66 - Avg Loss: 0.405378 | Train Acc: 94.92%
Val: loss=0.3840, acc=10534/10975 (95.98%)
Epoch 67 [0/84843] Loss: 0.391613
Epoch 67 [35000/84843] Loss: 0.341846
Epoch 67 [70000/84843] Loss: 0.302129
Epoch 67 - Avg Loss: 0.401379 | Train Acc: 95.11%
Val: loss=0.3891, acc=10509/10975 (95.75%)
Epoch 68 [0/84843] Loss: 0.432608
Epoch 68 [35000/84843] Loss: 0.501053
Epoch 68 [70000/84843] Loss: 0.500718
Epoch 68 - Avg Loss: 0.403113 | Train Acc: 95.02%
Val: loss=0.3779, acc=10560/10975 (96.22%)
saved best: 96.22%
Epoch 69 [0/84843] Loss: 0.409120
Epoch 69 [35000/84843] Loss: 0.330639
Epoch 69 [70000/84843] Loss: 0.432463
Epoch 69 - Avg Loss: 0.402151 | Train Acc: 94.95%
Val: loss=0.3827, acc=10546/10975 (96.09%)
Epoch 70 [0/84843] Loss: 0.380481
Epoch 70 [35000/84843] Loss: 0.557414
Epoch 70 [70000/84843] Loss: 0.471372
Epoch 70 - Avg Loss: 0.398155 | Train Acc: 95.14%
Val: loss=0.3835, acc=10532/10975 (95.96%)
Epoch 71 [0/84843] Loss: 0.375837
Epoch 71 [35000/84843] Loss: 0.474332
Epoch 71 [70000/84843] Loss: 0.307058
Epoch 71 - Avg Loss: 0.400345 | Train Acc: 95.07%
Val: loss=0.3864, acc=10520/10975 (95.85%)
Epoch 72 [0/84843] Loss: 0.359281
Epoch 72 [35000/84843] Loss: 0.490164
Epoch 72 [70000/84843] Loss: 0.391328
Epoch 72 - Avg Loss: 0.397630 | Train Acc: 95.25%
Val: loss=0.3835, acc=10539/10975 (96.03%)
Epoch 73 [0/84843] Loss: 0.348784
Epoch 73 [35000/84843] Loss: 0.349036
Epoch 73 [70000/84843] Loss: 0.474387
Epoch 73 - Avg Loss: 0.395087 | Train Acc: 95.20%
Val: loss=0.3776, acc=10558/10975 (96.20%)
Epoch 74 [0/84843] Loss: 0.434593
Epoch 74 [35000/84843] Loss: 0.306091
Epoch 74 [70000/84843] Loss: 0.364453
Epoch 74 - Avg Loss: 0.395909 | Train Acc: 95.27%
Val: loss=0.3800, acc=10551/10975 (96.14%)
Epoch 75 [0/84843] Loss: 0.470865
Epoch 75 [35000/84843] Loss: 0.314572
Epoch 75 [70000/84843] Loss: 0.421615
Epoch 75 - Avg Loss: 0.394870 | Train Acc: 95.33%
Val: loss=0.3837, acc=10537/10975 (96.01%)
Epoch 76 [0/84843] Loss: 0.448158
Epoch 76 [35000/84843] Loss: 0.319777
Epoch 76 [70000/84843] Loss: 0.416812
Epoch 76 - Avg Loss: 0.393852 | Train Acc: 95.33%
Val: loss=0.3787, acc=10563/10975 (96.25%)
saved best: 96.25%
Epoch 77 [0/84843] Loss: 0.453389
Epoch 77 [35000/84843] Loss: 0.348942
Epoch 77 [70000/84843] Loss: 0.390202
Epoch 77 - Avg Loss: 0.392057 | Train Acc: 95.39%
Val: loss=0.3775, acc=10563/10975 (96.25%)
Epoch 78 [0/84843] Loss: 0.589349
Epoch 78 [35000/84843] Loss: 0.316245
Epoch 78 [70000/84843] Loss: 0.595387
Epoch 78 - Avg Loss: 0.393156 | Train Acc: 95.39%
Val: loss=0.3767, acc=10573/10975 (96.34%)
saved best: 96.34%
Epoch 79 [0/84843] Loss: 0.383898
Epoch 79 [35000/84843] Loss: 0.473361
Epoch 79 [70000/84843] Loss: 0.457172
Epoch 79 - Avg Loss: 0.391466 | Train Acc: 95.43%
Val: loss=0.3807, acc=10546/10975 (96.09%)
Epoch 80 [0/84843] Loss: 0.356021
Epoch 80 [35000/84843] Loss: 0.513342
Epoch 80 [70000/84843] Loss: 0.327208
Epoch 80 - Avg Loss: 0.392209 | Train Acc: 95.43%
Val: loss=0.3732, acc=10585/10975 (96.45%)
saved best: 96.45%
Epoch 81 [0/84843] Loss: 0.359406
Epoch 81 [35000/84843] Loss: 0.342091
Epoch 81 [70000/84843] Loss: 0.435482
Epoch 81 - Avg Loss: 0.390848 | Train Acc: 95.47%
Val: loss=0.3756, acc=10571/10975 (96.32%)
Epoch 82 [0/84843] Loss: 0.398983
Epoch 82 [35000/84843] Loss: 0.369130
Epoch 82 [70000/84843] Loss: 0.475092
Epoch 82 - Avg Loss: 0.389591 | Train Acc: 95.46%
Val: loss=0.3751, acc=10562/10975 (96.24%)
Epoch 83 [0/84843] Loss: 0.336532
Epoch 83 [35000/84843] Loss: 0.413788
Epoch 83 [70000/84843] Loss: 0.359750
Epoch 83 - Avg Loss: 0.388131 | Train Acc: 95.52%
Val: loss=0.3789, acc=10546/10975 (96.09%)
Epoch 84 [0/84843] Loss: 0.361826
Epoch 84 [35000/84843] Loss: 0.296674
Epoch 84 [70000/84843] Loss: 0.354451
Epoch 84 - Avg Loss: 0.384609 | Train Acc: 95.73%
Val: loss=0.3799, acc=10537/10975 (96.01%)
Epoch 85 [0/84843] Loss: 0.398543
Epoch 85 [35000/84843] Loss: 0.348666
Epoch 85 [70000/84843] Loss: 0.357107
Epoch 85 - Avg Loss: 0.386831 | Train Acc: 95.62%
Val: loss=0.3882, acc=10508/10975 (95.74%)
Epoch 86 [0/84843] Loss: 0.392595
Epoch 86 [35000/84843] Loss: 0.383319
Epoch 86 [70000/84843] Loss: 0.333292
Epoch 86 - Avg Loss: 0.387199 | Train Acc: 95.64%
Val: loss=0.3784, acc=10555/10975 (96.17%)
Epoch 87 [0/84843] Loss: 0.336651
Epoch 87 [35000/84843] Loss: 0.327263
Epoch 87 [70000/84843] Loss: 0.323947
Epoch 87 - Avg Loss: 0.386678 | Train Acc: 95.56%
Val: loss=0.3785, acc=10551/10975 (96.14%)
Epoch 88 [0/84843] Loss: 0.473376
Epoch 88 [35000/84843] Loss: 0.377042
Epoch 88 [70000/84843] Loss: 0.391272
Epoch 88 - Avg Loss: 0.385613 | Train Acc: 95.66%
Val: loss=0.3774, acc=10563/10975 (96.25%)
Epoch 89 [0/84843] Loss: 0.377662
Epoch 89 [35000/84843] Loss: 0.310522
Epoch 89 [70000/84843] Loss: 0.384473
Epoch 89 - Avg Loss: 0.386588 | Train Acc: 95.60%
Val: loss=0.3689, acc=10591/10975 (96.50%)
saved best: 96.50%
Epoch 90 [0/84843] Loss: 0.344985
Epoch 90 [35000/84843] Loss: 0.369785
Epoch 90 [70000/84843] Loss: 0.341204
Epoch 90 - Avg Loss: 0.382844 | Train Acc: 95.78%
Val: loss=0.3691, acc=10593/10975 (96.52%)
saved best: 96.52%
Epoch 91 [0/84843] Loss: 0.401935
Epoch 91 [35000/84843] Loss: 0.439973
Epoch 91 [70000/84843] Loss: 0.402310
Epoch 91 - Avg Loss: 0.385721 | Train Acc: 95.71%
Val: loss=0.3757, acc=10560/10975 (96.22%)
Epoch 92 [0/84843] Loss: 0.444851
Epoch 92 [35000/84843] Loss: 0.360994
Epoch 92 [70000/84843] Loss: 0.382253
Epoch 92 - Avg Loss: 0.384012 | Train Acc: 95.71%
Val: loss=0.3749, acc=10556/10975 (96.18%)
Epoch 93 [0/84843] Loss: 0.371887
Epoch 93 [35000/84843] Loss: 0.360153
Epoch 93 [70000/84843] Loss: 0.306321
Epoch 93 - Avg Loss: 0.382647 | Train Acc: 95.77%
Val: loss=0.3823, acc=10532/10975 (95.96%)
Epoch 94 [0/84843] Loss: 0.309224
Epoch 94 [35000/84843] Loss: 0.319980
Epoch 94 [70000/84843] Loss: 0.380059
Epoch 94 - Avg Loss: 0.383137 | Train Acc: 95.80%
Val: loss=0.3758, acc=10569/10975 (96.30%)
Epoch 95 [0/84843] Loss: 0.434258
Epoch 95 [35000/84843] Loss: 0.306601
Epoch 95 [70000/84843] Loss: 0.311357
Epoch 95 - Avg Loss: 0.381394 | Train Acc: 95.80%
Val: loss=0.3757, acc=10566/10975 (96.27%)
Epoch 96 [0/84843] Loss: 0.294087
Epoch 96 [35000/84843] Loss: 0.337097
Epoch 96 [70000/84843] Loss: 0.345960
Epoch 96 - Avg Loss: 0.380264 | Train Acc: 95.84%
Val: loss=0.3712, acc=10585/10975 (96.45%)
Epoch 97 [0/84843] Loss: 0.318332
Epoch 97 [35000/84843] Loss: 0.547640
Epoch 97 [70000/84843] Loss: 0.310927
Epoch 97 - Avg Loss: 0.382352 | Train Acc: 95.74%
Val: loss=0.3788, acc=10548/10975 (96.11%)
Epoch 98 [0/84843] Loss: 0.289479
Epoch 98 [35000/84843] Loss: 0.351574
Epoch 98 [70000/84843] Loss: 0.354365
Epoch 98 - Avg Loss: 0.381513 | Train Acc: 95.80%
Val: loss=0.3725, acc=10586/10975 (96.46%)
Epoch 99 [0/84843] Loss: 0.300062
Epoch 99 [35000/84843] Loss: 0.319880
Epoch 99 [70000/84843] Loss: 0.302494
Epoch 99 - Avg Loss: 0.380748 | Train Acc: 95.77%
Val: loss=0.3841, acc=10519/10975 (95.85%)
Epoch 100 [0/84843] Loss: 0.384406
Epoch 100 [35000/84843] Loss: 0.321551
Epoch 100 [70000/84843] Loss: 0.359291
Epoch 100 - Avg Loss: 0.381600 | Train Acc: 95.77%
Val: loss=0.3735, acc=10574/10975 (96.35%)
Epoch 101 [0/84843] Loss: 0.303391
Epoch 101 [35000/84843] Loss: 0.345497
Epoch 101 [70000/84843] Loss: 0.465929
Epoch 101 - Avg Loss: 0.379465 | Train Acc: 95.92%
Val: loss=0.3712, acc=10585/10975 (96.45%)
Epoch 102 [0/84843] Loss: 0.389308
Epoch 102 [35000/84843] Loss: 0.436404
Epoch 102 [70000/84843] Loss: 0.389272
Epoch 102 - Avg Loss: 0.381929 | Train Acc: 95.82%
Val: loss=0.3701, acc=10596/10975 (96.55%)
saved best: 96.55%
Epoch 103 [0/84843] Loss: 0.362678
Epoch 103 [35000/84843] Loss: 0.389351
Epoch 103 [70000/84843] Loss: 0.339297
Epoch 103 - Avg Loss: 0.379065 | Train Acc: 95.87%
Val: loss=0.3738, acc=10562/10975 (96.24%)
Epoch 104 [0/84843] Loss: 0.371080
Epoch 104 [35000/84843] Loss: 0.448885
Epoch 104 [70000/84843] Loss: 0.305601
Epoch 104 - Avg Loss: 0.375508 | Train Acc: 95.99%
Val: loss=0.3724, acc=10583/10975 (96.43%)
Epoch 105 [0/84843] Loss: 0.302792
Epoch 105 [35000/84843] Loss: 0.320632
Epoch 105 [70000/84843] Loss: 0.308925
Epoch 105 - Avg Loss: 0.378140 | Train Acc: 95.93%
Val: loss=0.3726, acc=10572/10975 (96.33%)
Epoch 106 [0/84843] Loss: 0.346747
Epoch 106 [35000/84843] Loss: 0.368397
Epoch 106 [70000/84843] Loss: 0.343476
Epoch 106 - Avg Loss: 0.381874 | Train Acc: 95.81%
Val: loss=0.3895, acc=10500/10975 (95.67%)
Epoch 107 [0/84843] Loss: 0.407481
Epoch 107 [35000/84843] Loss: 0.295206
Epoch 107 [70000/84843] Loss: 0.340161
Epoch 107 - Avg Loss: 0.375975 | Train Acc: 95.99%
Val: loss=0.3722, acc=10587/10975 (96.46%)
Epoch 108 [0/84843] Loss: 0.301413
Epoch 108 [35000/84843] Loss: 0.284692
Epoch 108 [70000/84843] Loss: 0.373850
Epoch 108 - Avg Loss: 0.375580 | Train Acc: 96.06%
Val: loss=0.3719, acc=10569/10975 (96.30%)
Epoch 109 [0/84843] Loss: 0.432669
Epoch 109 [35000/84843] Loss: 0.420939
Epoch 109 [70000/84843] Loss: 0.432883
Epoch 109 - Avg Loss: 0.376320 | Train Acc: 95.99%
Val: loss=0.3668, acc=10596/10975 (96.55%)
Epoch 110 [0/84843] Loss: 0.373863
Epoch 110 [35000/84843] Loss: 0.403326
Epoch 110 [70000/84843] Loss: 0.368933
Epoch 110 - Avg Loss: 0.374426 | Train Acc: 96.12%
Val: loss=0.3755, acc=10575/10975 (96.36%)
Epoch 111 [0/84843] Loss: 0.329290
Epoch 111 [35000/84843] Loss: 0.331756
Epoch 111 [70000/84843] Loss: 0.434870
Epoch 111 - Avg Loss: 0.376816 | Train Acc: 95.96%
Val: loss=0.3643, acc=10618/10975 (96.75%)
saved best: 96.75%
Epoch 112 [0/84843] Loss: 0.332733
Epoch 112 [35000/84843] Loss: 0.335391
Epoch 112 [70000/84843] Loss: 0.294608
Epoch 112 - Avg Loss: 0.376030 | Train Acc: 96.01%
Val: loss=0.3636, acc=10596/10975 (96.55%)
Epoch 113 [0/84843] Loss: 0.320438
Epoch 113 [35000/84843] Loss: 0.414959
Epoch 113 [70000/84843] Loss: 0.285880
Epoch 113 - Avg Loss: 0.375641 | Train Acc: 96.01%
Val: loss=0.3701, acc=10589/10975 (96.48%)
Epoch 114 [0/84843] Loss: 0.329234
Epoch 114 [35000/84843] Loss: 0.359478
Epoch 114 [70000/84843] Loss: 0.351901
Epoch 114 - Avg Loss: 0.375177 | Train Acc: 96.00%
Val: loss=0.3700, acc=10584/10975 (96.44%)
Epoch 115 [0/84843] Loss: 0.310060
Epoch 115 [35000/84843] Loss: 0.358638
Epoch 115 [70000/84843] Loss: 0.336896
Epoch 115 - Avg Loss: 0.376712 | Train Acc: 95.96%
Val: loss=0.3746, acc=10578/10975 (96.38%)
Epoch 116 [0/84843] Loss: 0.507059
Epoch 116 [35000/84843] Loss: 0.317647
Epoch 116 [70000/84843] Loss: 0.380980
Epoch 116 - Avg Loss: 0.374738 | Train Acc: 96.11%
Val: loss=0.3629, acc=10609/10975 (96.67%)
Epoch 117 [0/84843] Loss: 0.312838
Epoch 117 [35000/84843] Loss: 0.299505
Epoch 117 [70000/84843] Loss: 0.341705
Epoch 117 - Avg Loss: 0.374057 | Train Acc: 96.13%
Val: loss=0.3694, acc=10571/10975 (96.32%)
Epoch 118 [0/84843] Loss: 0.408949
Epoch 118 [35000/84843] Loss: 0.392493
Epoch 118 [70000/84843] Loss: 0.431703
Epoch 118 - Avg Loss: 0.373348 | Train Acc: 96.08%
Val: loss=0.3649, acc=10609/10975 (96.67%)
Epoch 119 [0/84843] Loss: 0.424976
Epoch 119 [35000/84843] Loss: 0.408380
Epoch 119 [70000/84843] Loss: 0.486852
Epoch 119 - Avg Loss: 0.372467 | Train Acc: 96.17%
Val: loss=0.3678, acc=10596/10975 (96.55%)
Epoch 120 [0/84843] Loss: 0.287163
Epoch 120 [35000/84843] Loss: 0.315050
Epoch 120 [70000/84843] Loss: 0.348079
Epoch 120 - Avg Loss: 0.371358 | Train Acc: 96.21%
Val: loss=0.3685, acc=10588/10975 (96.47%)
Epoch 121 [0/84843] Loss: 0.413077
Epoch 121 [35000/84843] Loss: 0.396220
Epoch 121 [70000/84843] Loss: 0.340231
Epoch 121 - Avg Loss: 0.372650 | Train Acc: 96.12%
Val: loss=0.3670, acc=10592/10975 (96.51%)
Epoch 122 [0/84843] Loss: 0.381561
Epoch 122 [35000/84843] Loss: 0.384119
Epoch 122 [70000/84843] Loss: 0.435207
Epoch 122 - Avg Loss: 0.371699 | Train Acc: 96.18%
Val: loss=0.3773, acc=10553/10975 (96.15%)
Epoch 123 [0/84843] Loss: 0.338074
Epoch 123 [35000/84843] Loss: 0.468343
Epoch 123 [70000/84843] Loss: 0.337038
Epoch 123 - Avg Loss: 0.372873 | Train Acc: 96.13%
Val: loss=0.3652, acc=10613/10975 (96.70%)
Epoch 124 [0/84843] Loss: 0.410784
Epoch 124 [35000/84843] Loss: 0.425037
Epoch 124 [70000/84843] Loss: 0.412823
Epoch 124 - Avg Loss: 0.371368 | Train Acc: 96.17%
Val: loss=0.3644, acc=10604/10975 (96.62%)
Epoch 125 [0/84843] Loss: 0.372849
Epoch 125 [35000/84843] Loss: 0.353962
Epoch 125 [70000/84843] Loss: 0.375365
Epoch 125 - Avg Loss: 0.370878 | Train Acc: 96.22%
Val: loss=0.3656, acc=10609/10975 (96.67%)
Epoch 126 [0/84843] Loss: 0.286190
Epoch 126 [35000/84843] Loss: 0.325779
Epoch 126 [70000/84843] Loss: 0.289249
Epoch 126 - Avg Loss: 0.370748 | Train Acc: 96.23%
Val: loss=0.3729, acc=10563/10975 (96.25%)
Epoch 127 [0/84843] Loss: 0.363325
Epoch 127 [35000/84843] Loss: 0.368350
Epoch 127 [70000/84843] Loss: 0.288884
Epoch 127 - Avg Loss: 0.370214 | Train Acc: 96.29%
Val: loss=0.3673, acc=10587/10975 (96.46%)
Epoch 128 [0/84843] Loss: 0.291170
Epoch 128 [35000/84843] Loss: 0.384905
Epoch 128 [70000/84843] Loss: 0.349697
Epoch 128 - Avg Loss: 0.370111 | Train Acc: 96.24%
Val: loss=0.3756, acc=10560/10975 (96.22%)
Epoch 129 [0/84843] Loss: 0.314632
Epoch 129 [35000/84843] Loss: 0.281170
Epoch 129 [70000/84843] Loss: 0.363307
Epoch 129 - Avg Loss: 0.372012 | Train Acc: 96.18%
Val: loss=0.3735, acc=10585/10975 (96.45%)
Epoch 130 [0/84843] Loss: 0.409758
Epoch 130 [35000/84843] Loss: 0.348014
Epoch 130 [70000/84843] Loss: 0.336537
Epoch 130 - Avg Loss: 0.369033 | Train Acc: 96.30%
Val: loss=0.3628, acc=10611/10975 (96.68%)
Epoch 131 [0/84843] Loss: 0.288306
Epoch 131 [35000/84843] Loss: 0.392987
Epoch 131 [70000/84843] Loss: 0.419634
Epoch 131 - Avg Loss: 0.370019 | Train Acc: 96.19%
Val: loss=0.3667, acc=10616/10975 (96.73%)
Epoch 132 [0/84843] Loss: 0.467019
Epoch 132 [35000/84843] Loss: 0.317929
Epoch 132 [70000/84843] Loss: 0.381961
Epoch 132 - Avg Loss: 0.368108 | Train Acc: 96.30%
Val: loss=0.3771, acc=10555/10975 (96.17%)
Epoch 133 [0/84843] Loss: 0.478147
Epoch 133 [35000/84843] Loss: 0.479386
Epoch 133 [70000/84843] Loss: 0.378079
Epoch 133 - Avg Loss: 0.368769 | Train Acc: 96.28%
Val: loss=0.3731, acc=10571/10975 (96.32%)
Epoch 134 [0/84843] Loss: 0.368096
Epoch 134 [35000/84843] Loss: 0.418182
Epoch 134 [70000/84843] Loss: 0.308939
Epoch 134 - Avg Loss: 0.368886 | Train Acc: 96.26%
Val: loss=0.3621, acc=10610/10975 (96.67%)
Epoch 135 [0/84843] Loss: 0.327270
Epoch 135 [35000/84843] Loss: 0.338368
Epoch 135 [70000/84843] Loss: 0.366440
Epoch 135 - Avg Loss: 0.368651 | Train Acc: 96.21%
Val: loss=0.3670, acc=10593/10975 (96.52%)
Epoch 136 [0/84843] Loss: 0.317531
Epoch 136 [35000/84843] Loss: 0.386873
Epoch 136 [70000/84843] Loss: 0.291784
Epoch 136 - Avg Loss: 0.368713 | Train Acc: 96.27%
Val: loss=0.3623, acc=10601/10975 (96.59%)
Epoch 137 [0/84843] Loss: 0.531522
Epoch 137 [35000/84843] Loss: 0.419219
Epoch 137 [70000/84843] Loss: 0.505882
Epoch 137 - Avg Loss: 0.367324 | Train Acc: 96.30%
Val: loss=0.3724, acc=10579/10975 (96.39%)
Epoch 138 [0/84843] Loss: 0.322351
Epoch 138 [35000/84843] Loss: 0.320704
Epoch 138 [70000/84843] Loss: 0.336975
Epoch 138 - Avg Loss: 0.368548 | Train Acc: 96.33%
Val: loss=0.3715, acc=10579/10975 (96.39%)
Epoch 139 [0/84843] Loss: 0.331077
Epoch 139 [35000/84843] Loss: 0.407513
Epoch 139 [70000/84843] Loss: 0.321851
Epoch 139 - Avg Loss: 0.366979 | Train Acc: 96.35%
Val: loss=0.3699, acc=10603/10975 (96.61%)
Epoch 140 [0/84843] Loss: 0.283049
Epoch 140 [35000/84843] Loss: 0.340185
Epoch 140 [70000/84843] Loss: 0.329149
Epoch 140 - Avg Loss: 0.366403 | Train Acc: 96.36%
Val: loss=0.3858, acc=10525/10975 (95.90%)
Epoch 141 [0/84843] Loss: 0.393922
Epoch 141 [35000/84843] Loss: 0.363817
Epoch 141 [70000/84843] Loss: 0.364237
Epoch 141 - Avg Loss: 0.368512 | Train Acc: 96.28%
Val: loss=0.3747, acc=10569/10975 (96.30%)
Epoch 142 [0/84843] Loss: 0.313023
Epoch 142 [35000/84843] Loss: 0.334172
Epoch 142 [70000/84843] Loss: 0.341178
Epoch 142 - Avg Loss: 0.367088 | Train Acc: 96.35%
Val: loss=0.3706, acc=10564/10975 (96.26%)
Epoch 143 [0/84843] Loss: 0.306737
Epoch 143 [35000/84843] Loss: 0.395680
Epoch 143 [70000/84843] Loss: 0.329923
Epoch 143 - Avg Loss: 0.365842 | Train Acc: 96.30%
Val: loss=0.3698, acc=10579/10975 (96.39%)
Epoch 144 [0/84843] Loss: 0.312703
Epoch 144 [35000/84843] Loss: 0.325880
Epoch 144 [70000/84843] Loss: 0.451620
Epoch 144 - Avg Loss: 0.365851 | Train Acc: 96.40%
Val: loss=0.3723, acc=10577/10975 (96.37%)
Epoch 145 [0/84843] Loss: 0.352307
Epoch 145 [35000/84843] Loss: 0.398894
Epoch 145 [70000/84843] Loss: 0.397579
Epoch 145 - Avg Loss: 0.366362 | Train Acc: 96.43%
Val: loss=0.3623, acc=10597/10975 (96.56%)
Epoch 146 [0/84843] Loss: 0.339164
Epoch 146 [35000/84843] Loss: 0.372892
Epoch 146 [70000/84843] Loss: 0.301415
Epoch 146 - Avg Loss: 0.363197 | Train Acc: 96.44%
Val: loss=0.3680, acc=10606/10975 (96.64%)
Epoch 147 [0/84843] Loss: 0.464610
Epoch 147 [35000/84843] Loss: 0.309598
Epoch 147 [70000/84843] Loss: 0.280121
Epoch 147 - Avg Loss: 0.366163 | Train Acc: 96.39%
Val: loss=0.3690, acc=10587/10975 (96.46%)
Epoch 148 [0/84843] Loss: 0.386215
Epoch 148 [35000/84843] Loss: 0.309274
Epoch 148 [70000/84843] Loss: 0.322909
Epoch 148 - Avg Loss: 0.362893 | Train Acc: 96.49%
Val: loss=0.3666, acc=10586/10975 (96.46%)
Epoch 149 [0/84843] Loss: 0.361610
Epoch 149 [35000/84843] Loss: 0.326634
Epoch 149 [70000/84843] Loss: 0.464562
Epoch 149 - Avg Loss: 0.365042 | Train Acc: 96.43%
Val: loss=0.3704, acc=10594/10975 (96.53%)
Epoch 150 [0/84843] Loss: 0.338763
Epoch 150 [35000/84843] Loss: 0.386649
Epoch 150 [70000/84843] Loss: 0.447020
Epoch 150 - Avg Loss: 0.363887 | Train Acc: 96.47%
Val: loss=0.3688, acc=10581/10975 (96.41%)
Epoch 151 [0/84843] Loss: 0.348518
Epoch 151 [35000/84843] Loss: 0.356428
Epoch 151 [70000/84843] Loss: 0.446879
Epoch 151 - Avg Loss: 0.363233 | Train Acc: 96.46%
Val: loss=0.3711, acc=10589/10975 (96.48%)
Epoch 152 [0/84843] Loss: 0.309878
Epoch 152 [35000/84843] Loss: 0.365031
Epoch 152 [70000/84843] Loss: 0.337480
Epoch 152 - Avg Loss: 0.363600 | Train Acc: 96.48%
Val: loss=0.3692, acc=10583/10975 (96.43%)
Epoch 153 [0/84843] Loss: 0.305835
Epoch 153 [35000/84843] Loss: 0.321270
Epoch 153 [70000/84843] Loss: 0.486159
Epoch 153 - Avg Loss: 0.362394 | Train Acc: 96.52%
Val: loss=0.3631, acc=10617/10975 (96.74%)
Epoch 154 [0/84843] Loss: 0.288092
Epoch 154 [35000/84843] Loss: 0.370019
Epoch 154 [70000/84843] Loss: 0.355708
Epoch 154 - Avg Loss: 0.362389 | Train Acc: 96.48%
Val: loss=0.3669, acc=10592/10975 (96.51%)
Epoch 155 [0/84843] Loss: 0.485318
Epoch 155 [35000/84843] Loss: 0.362720
Epoch 155 [70000/84843] Loss: 0.281314
Epoch 155 - Avg Loss: 0.362850 | Train Acc: 96.50%
Val: loss=0.3614, acc=10621/10975 (96.77%)
saved best: 96.77%
Epoch 156 [0/84843] Loss: 0.527246
Epoch 156 [35000/84843] Loss: 0.314947
Epoch 156 [70000/84843] Loss: 0.358719
Epoch 156 - Avg Loss: 0.363713 | Train Acc: 96.42%
Val: loss=0.3702, acc=10599/10975 (96.57%)
Epoch 157 [0/84843] Loss: 0.314128
Epoch 157 [35000/84843] Loss: 0.306999
Epoch 157 [70000/84843] Loss: 0.386077
Epoch 157 - Avg Loss: 0.362691 | Train Acc: 96.51%
Val: loss=0.3647, acc=10611/10975 (96.68%)
Epoch 158 [0/84843] Loss: 0.365288
Epoch 158 [35000/84843] Loss: 0.293906
Epoch 158 [70000/84843] Loss: 0.345866
Epoch 158 - Avg Loss: 0.362486 | Train Acc: 96.48%
Val: loss=0.3593, acc=10637/10975 (96.92%)
saved best: 96.92%
Epoch 159 [0/84843] Loss: 0.334496
Epoch 159 [35000/84843] Loss: 0.295863
Epoch 159 [70000/84843] Loss: 0.330174
Epoch 159 - Avg Loss: 0.363333 | Train Acc: 96.49%
Val: loss=0.3663, acc=10603/10975 (96.61%)
Epoch 160 [0/84843] Loss: 0.413718
Epoch 160 [35000/84843] Loss: 0.401804
Epoch 160 [70000/84843] Loss: 0.293210
Epoch 160 - Avg Loss: 0.360951 | Train Acc: 96.57%
Val: loss=0.3608, acc=10628/10975 (96.84%)
Epoch 161 [0/84843] Loss: 0.304205
Epoch 161 [35000/84843] Loss: 0.371882
Epoch 161 [70000/84843] Loss: 0.388774
Epoch 161 - Avg Loss: 0.362640 | Train Acc: 96.49%
Val: loss=0.3707, acc=10578/10975 (96.38%)
Epoch 162 [0/84843] Loss: 0.399592
Epoch 162 [35000/84843] Loss: 0.392476
Epoch 162 [70000/84843] Loss: 0.285583
Epoch 162 - Avg Loss: 0.363345 | Train Acc: 96.47%
Val: loss=0.3610, acc=10610/10975 (96.67%)
Epoch 163 [0/84843] Loss: 0.344681
Epoch 163 [35000/84843] Loss: 0.357153
Epoch 163 [70000/84843] Loss: 0.337354
Epoch 163 - Avg Loss: 0.361725 | Train Acc: 96.55%
Val: loss=0.3731, acc=10583/10975 (96.43%)
Epoch 164 [0/84843] Loss: 0.347955
Epoch 164 [35000/84843] Loss: 0.296109
Epoch 164 [70000/84843] Loss: 0.376128
Epoch 164 - Avg Loss: 0.361006 | Train Acc: 96.59%
Val: loss=0.3664, acc=10593/10975 (96.52%)
Epoch 165 [0/84843] Loss: 0.290208
Epoch 165 [35000/84843] Loss: 0.351342
Epoch 165 [70000/84843] Loss: 0.393766
Epoch 165 - Avg Loss: 0.360184 | Train Acc: 96.59%
Val: loss=0.3676, acc=10604/10975 (96.62%)
Epoch 166 [0/84843] Loss: 0.348738
Epoch 166 [35000/84843] Loss: 0.354785
Epoch 166 [70000/84843] Loss: 0.395972
Epoch 166 - Avg Loss: 0.360129 | Train Acc: 96.59%
Val: loss=0.3628, acc=10608/10975 (96.66%)
Epoch 167 [0/84843] Loss: 0.337952
Epoch 167 [35000/84843] Loss: 0.404295
Epoch 167 [70000/84843] Loss: 0.301866
Epoch 167 - Avg Loss: 0.361642 | Train Acc: 96.55%
Val: loss=0.3626, acc=10612/10975 (96.69%)
Epoch 168 [0/84843] Loss: 0.343059
Epoch 168 [35000/84843] Loss: 0.352973
Epoch 168 [70000/84843] Loss: 0.327168
Epoch 168 - Avg Loss: 0.359805 | Train Acc: 96.59%
Val: loss=0.3684, acc=10576/10975 (96.36%)
Epoch 169 [0/84843] Loss: 0.333042
Epoch 169 [35000/84843] Loss: 0.335481
Epoch 169 [70000/84843] Loss: 0.339252
Epoch 169 - Avg Loss: 0.358605 | Train Acc: 96.66%
Val: loss=0.3603, acc=10612/10975 (96.69%)
Epoch 170 [0/84843] Loss: 0.371060
Epoch 170 [35000/84843] Loss: 0.367367
Epoch 170 [70000/84843] Loss: 0.290283
Epoch 170 - Avg Loss: 0.359839 | Train Acc: 96.63%
Val: loss=0.3612, acc=10624/10975 (96.80%)
Epoch 171 [0/84843] Loss: 0.353486
Epoch 171 [35000/84843] Loss: 0.430806
Epoch 171 [70000/84843] Loss: 0.350280
Epoch 171 - Avg Loss: 0.360125 | Train Acc: 96.59%
Val: loss=0.3643, acc=10605/10975 (96.63%)
Epoch 172 [0/84843] Loss: 0.375432
Epoch 172 [35000/84843] Loss: 0.297694
Epoch 172 [70000/84843] Loss: 0.359382
Epoch 172 - Avg Loss: 0.359550 | Train Acc: 96.67%
Val: loss=0.3749, acc=10570/10975 (96.31%)
Epoch 173 [0/84843] Loss: 0.431177
Epoch 173 [35000/84843] Loss: 0.337737
Epoch 173 [70000/84843] Loss: 0.297257
Epoch 173 - Avg Loss: 0.358147 | Train Acc: 96.73%
Val: loss=0.3629, acc=10600/10975 (96.58%)
Epoch 174 [0/84843] Loss: 0.376350
Epoch 174 [35000/84843] Loss: 0.336466
Epoch 174 [70000/84843] Loss: 0.410013
Epoch 174 - Avg Loss: 0.360221 | Train Acc: 96.62%
Val: loss=0.3619, acc=10617/10975 (96.74%)
Epoch 175 [0/84843] Loss: 0.309648
Epoch 175 [35000/84843] Loss: 0.517523
Epoch 175 [70000/84843] Loss: 0.371384
Epoch 175 - Avg Loss: 0.358025 | Train Acc: 96.68%
Val: loss=0.3606, acc=10621/10975 (96.77%)
Epoch 176 [0/84843] Loss: 0.413350
Epoch 176 [35000/84843] Loss: 0.331151
Epoch 176 [70000/84843] Loss: 0.439830
Epoch 176 - Avg Loss: 0.358399 | Train Acc: 96.68%
Val: loss=0.3718, acc=10574/10975 (96.35%)
Epoch 177 [0/84843] Loss: 0.321211
Epoch 177 [35000/84843] Loss: 0.348998
Epoch 177 [70000/84843] Loss: 0.320658
Epoch 177 - Avg Loss: 0.361426 | Train Acc: 96.51%
Val: loss=0.3577, acc=10632/10975 (96.87%)
Epoch 178 [0/84843] Loss: 0.419801
Epoch 178 [35000/84843] Loss: 0.363342
Epoch 178 [70000/84843] Loss: 0.382856
Epoch 178 - Avg Loss: 0.361027 | Train Acc: 96.59%
Val: loss=0.3644, acc=10604/10975 (96.62%)
Epoch 179 [0/84843] Loss: 0.424335
Epoch 179 [35000/84843] Loss: 0.344707
Epoch 179 [70000/84843] Loss: 0.358812
Epoch 179 - Avg Loss: 0.357041 | Train Acc: 96.67%
Val: loss=0.3598, acc=10633/10975 (96.88%)
Epoch 180 [0/84843] Loss: 0.313605
Epoch 180 [35000/84843] Loss: 0.391948
Epoch 180 [70000/84843] Loss: 0.285169
Epoch 180 - Avg Loss: 0.357968 | Train Acc: 96.66%
Val: loss=0.3619, acc=10613/10975 (96.70%)
Epoch 181 [0/84843] Loss: 0.349772
Epoch 181 [35000/84843] Loss: 0.291582
Epoch 181 [70000/84843] Loss: 0.401757
Epoch 181 - Avg Loss: 0.356829 | Train Acc: 96.73%
Val: loss=0.3601, acc=10631/10975 (96.87%)
Epoch 182 [0/84843] Loss: 0.352132
Epoch 182 [35000/84843] Loss: 0.289706
Epoch 182 [70000/84843] Loss: 0.343077
Epoch 182 - Avg Loss: 0.355440 | Train Acc: 96.78%
Val: loss=0.3592, acc=10619/10975 (96.76%)
Epoch 183 [0/84843] Loss: 0.325428
Epoch 183 [35000/84843] Loss: 0.364677
Epoch 183 [70000/84843] Loss: 0.439316
Epoch 183 - Avg Loss: 0.357555 | Train Acc: 96.71%
Val: loss=0.3638, acc=10615/10975 (96.72%)
Epoch 184 [0/84843] Loss: 0.355762
Epoch 184 [35000/84843] Loss: 0.393053
Epoch 184 [70000/84843] Loss: 0.435827
Epoch 184 - Avg Loss: 0.358864 | Train Acc: 96.62%
Val: loss=0.3629, acc=10616/10975 (96.73%)
Epoch 185 [0/84843] Loss: 0.422209
Epoch 185 [35000/84843] Loss: 0.313334
Epoch 185 [70000/84843] Loss: 0.510196
Epoch 185 - Avg Loss: 0.357440 | Train Acc: 96.69%
Val: loss=0.3636, acc=10615/10975 (96.72%)
Epoch 186 [0/84843] Loss: 0.465634
Epoch 186 [35000/84843] Loss: 0.330284
Epoch 186 [70000/84843] Loss: 0.365315
Epoch 186 - Avg Loss: 0.356220 | Train Acc: 96.76%
Val: loss=0.3621, acc=10613/10975 (96.70%)
Epoch 187 [0/84843] Loss: 0.359248
Epoch 187 [35000/84843] Loss: 0.286875
Epoch 187 [70000/84843] Loss: 0.394057
Epoch 187 - Avg Loss: 0.355232 | Train Acc: 96.78%
Val: loss=0.3656, acc=10594/10975 (96.53%)
Epoch 188 [0/84843] Loss: 0.283078
Epoch 188 [35000/84843] Loss: 0.411901
Epoch 188 [70000/84843] Loss: 0.288218
Epoch 188 - Avg Loss: 0.356591 | Train Acc: 96.71%
Val: loss=0.3642, acc=10607/10975 (96.65%)
Epoch 189 [0/84843] Loss: 0.406868
Epoch 189 [35000/84843] Loss: 0.361935
Epoch 189 [70000/84843] Loss: 0.290215
Epoch 189 - Avg Loss: 0.355561 | Train Acc: 96.74%
Val: loss=0.3632, acc=10603/10975 (96.61%)
Epoch 190 [0/84843] Loss: 0.288647
Epoch 190 [35000/84843] Loss: 0.317170
Epoch 190 [70000/84843] Loss: 0.435557
Epoch 190 - Avg Loss: 0.355517 | Train Acc: 96.75%
Val: loss=0.3659, acc=10607/10975 (96.65%)
Epoch 191 [0/84843] Loss: 0.314864
Epoch 191 [35000/84843] Loss: 0.314210
Epoch 191 [70000/84843] Loss: 0.339293
Epoch 191 - Avg Loss: 0.355799 | Train Acc: 96.82%
Val: loss=0.3726, acc=10582/10975 (96.42%)
Epoch 192 [0/84843] Loss: 0.346639
Epoch 192 [35000/84843] Loss: 0.323604
Epoch 192 [70000/84843] Loss: 0.364720
Epoch 192 - Avg Loss: 0.357335 | Train Acc: 96.71%
Val: loss=0.3625, acc=10611/10975 (96.68%)
Epoch 193 [0/84843] Loss: 0.405177
Epoch 193 [35000/84843] Loss: 0.298331
Epoch 193 [70000/84843] Loss: 0.290020
Epoch 193 - Avg Loss: 0.354083 | Train Acc: 96.86%
Val: loss=0.3615, acc=10622/10975 (96.78%)
Epoch 194 [0/84843] Loss: 0.367590
Epoch 194 [35000/84843] Loss: 0.451652
Epoch 194 [70000/84843] Loss: 0.306610
Epoch 194 - Avg Loss: 0.354651 | Train Acc: 96.84%
Val: loss=0.3605, acc=10632/10975 (96.87%)
Epoch 195 [0/84843] Loss: 0.298481
Epoch 195 [35000/84843] Loss: 0.299991
Epoch 195 [70000/84843] Loss: 0.350023
Epoch 195 - Avg Loss: 0.352519 | Train Acc: 96.84%
Val: loss=0.3611, acc=10634/10975 (96.89%)
Epoch 196 [0/84843] Loss: 0.365207
Epoch 196 [35000/84843] Loss: 0.365473
Epoch 196 [70000/84843] Loss: 0.312609
Epoch 196 - Avg Loss: 0.354516 | Train Acc: 96.81%
Val: loss=0.3623, acc=10614/10975 (96.71%)
Epoch 197 [0/84843] Loss: 0.328038
Epoch 197 [35000/84843] Loss: 0.361562
Epoch 197 [70000/84843] Loss: 0.343898
Epoch 197 - Avg Loss: 0.354491 | Train Acc: 96.79%
Val: loss=0.3566, acc=10645/10975 (96.99%)
saved best: 96.99%
Epoch 198 [0/84843] Loss: 0.305465
Epoch 198 [35000/84843] Loss: 0.343637
Epoch 198 [70000/84843] Loss: 0.419904
Epoch 198 - Avg Loss: 0.352142 | Train Acc: 96.93%
Val: loss=0.3623, acc=10612/10975 (96.69%)
Epoch 199 [0/84843] Loss: 0.282730
Epoch 199 [35000/84843] Loss: 0.353267
Epoch 199 [70000/84843] Loss: 0.316746
Epoch 199 - Avg Loss: 0.353177 | Train Acc: 96.88%
Val: loss=0.3649, acc=10615/10975 (96.72%)
Epoch 200 [0/84843] Loss: 0.331027
Epoch 200 [35000/84843] Loss: 0.305427
Epoch 200 [70000/84843] Loss: 0.346640
Epoch 200 - Avg Loss: 0.352096 | Train Acc: 96.89%
Val: loss=0.3627, acc=10612/10975 (96.69%)
Epoch 201 [0/84843] Loss: 0.281288
Epoch 201 [35000/84843] Loss: 0.290627
Epoch 201 [70000/84843] Loss: 0.407904
Epoch 201 - Avg Loss: 0.354217 | Train Acc: 96.80%
Val: loss=0.3613, acc=10615/10975 (96.72%)
Epoch 202 [0/84843] Loss: 0.326999
Epoch 202 [35000/84843] Loss: 0.373355
Epoch 202 [70000/84843] Loss: 0.340770
Epoch 202 - Avg Loss: 0.353210 | Train Acc: 96.90%
Val: loss=0.3601, acc=10625/10975 (96.81%)
Epoch 203 [0/84843] Loss: 0.334538
Epoch 203 [35000/84843] Loss: 0.291612
Epoch 203 [70000/84843] Loss: 0.367556
Epoch 203 - Avg Loss: 0.353073 | Train Acc: 96.90%
Val: loss=0.3602, acc=10620/10975 (96.77%)
Epoch 204 [0/84843] Loss: 0.336383
Epoch 204 [35000/84843] Loss: 0.307687
Epoch 204 [70000/84843] Loss: 0.343489
Epoch 204 - Avg Loss: 0.351000 | Train Acc: 96.88%
Val: loss=0.3633, acc=10635/10975 (96.90%)
Epoch 205 [0/84843] Loss: 0.318704
Epoch 205 [35000/84843] Loss: 0.334144
Epoch 205 [70000/84843] Loss: 0.360024
Epoch 205 - Avg Loss: 0.351419 | Train Acc: 96.91%
Val: loss=0.3584, acc=10636/10975 (96.91%)
Epoch 206 [0/84843] Loss: 0.274650
Epoch 206 [35000/84843] Loss: 0.443447
Epoch 206 [70000/84843] Loss: 0.287779
Epoch 206 - Avg Loss: 0.353146 | Train Acc: 96.86%
Val: loss=0.3609, acc=10632/10975 (96.87%)
Epoch 207 [0/84843] Loss: 0.299195
Epoch 207 [35000/84843] Loss: 0.302252
Epoch 207 [70000/84843] Loss: 0.337121
Epoch 207 - Avg Loss: 0.351238 | Train Acc: 96.96%
Val: loss=0.3636, acc=10611/10975 (96.68%)
Epoch 208 [0/84843] Loss: 0.355126
Epoch 208 [35000/84843] Loss: 0.425314
Epoch 208 [70000/84843] Loss: 0.278840
Epoch 208 - Avg Loss: 0.352999 | Train Acc: 96.86%
Val: loss=0.3562, acc=10648/10975 (97.02%)
saved best: 97.02%
Epoch 209 [0/84843] Loss: 0.340507
Epoch 209 [35000/84843] Loss: 0.332747
Epoch 209 [70000/84843] Loss: 0.379429
Epoch 209 - Avg Loss: 0.349964 | Train Acc: 96.99%
Val: loss=0.3612, acc=10624/10975 (96.80%)
Epoch 210 [0/84843] Loss: 0.360568
Epoch 210 [35000/84843] Loss: 0.340393
Epoch 210 [70000/84843] Loss: 0.356613
Epoch 210 - Avg Loss: 0.350120 | Train Acc: 97.01%
Val: loss=0.3632, acc=10621/10975 (96.77%)
Epoch 211 [0/84843] Loss: 0.451696
Epoch 211 [35000/84843] Loss: 0.281644
Epoch 211 [70000/84843] Loss: 0.319710
Epoch 211 - Avg Loss: 0.351276 | Train Acc: 96.93%
Val: loss=0.3591, acc=10631/10975 (96.87%)
Epoch 212 [0/84843] Loss: 0.323796
Epoch 212 [35000/84843] Loss: 0.295900
Epoch 212 [70000/84843] Loss: 0.315576
Epoch 212 - Avg Loss: 0.348810 | Train Acc: 97.10%
Val: loss=0.3632, acc=10617/10975 (96.74%)
Epoch 213 [0/84843] Loss: 0.285639
Epoch 213 [35000/84843] Loss: 0.360319
Epoch 213 [70000/84843] Loss: 0.423579
Epoch 213 - Avg Loss: 0.351045 | Train Acc: 96.88%
Val: loss=0.3609, acc=10616/10975 (96.73%)
Epoch 214 [0/84843] Loss: 0.328798
Epoch 214 [35000/84843] Loss: 0.322899
Epoch 214 [70000/84843] Loss: 0.336221
Epoch 214 - Avg Loss: 0.352167 | Train Acc: 96.86%
Val: loss=0.3591, acc=10638/10975 (96.93%)
Epoch 215 [0/84843] Loss: 0.407285
Epoch 215 [35000/84843] Loss: 0.340127
Epoch 215 [70000/84843] Loss: 0.327240
Epoch 215 - Avg Loss: 0.350671 | Train Acc: 96.93%
Val: loss=0.3613, acc=10613/10975 (96.70%)
Epoch 216 [0/84843] Loss: 0.286873
Epoch 216 [35000/84843] Loss: 0.344549
Epoch 216 [70000/84843] Loss: 0.366680
Epoch 216 - Avg Loss: 0.348232 | Train Acc: 97.07%
Val: loss=0.3579, acc=10631/10975 (96.87%)
Epoch 217 [0/84843] Loss: 0.350525
Epoch 217 [35000/84843] Loss: 0.413113
Epoch 217 [70000/84843] Loss: 0.335956
Epoch 217 - Avg Loss: 0.350994 | Train Acc: 96.89%
Val: loss=0.3562, acc=10642/10975 (96.97%)
Epoch 218 [0/84843] Loss: 0.301162
Epoch 218 [35000/84843] Loss: 0.345964
Epoch 218 [70000/84843] Loss: 0.307539
Epoch 218 - Avg Loss: 0.348143 | Train Acc: 97.04%
Val: loss=0.3591, acc=10625/10975 (96.81%)
Epoch 219 [0/84843] Loss: 0.342175
Epoch 219 [35000/84843] Loss: 0.329964
Epoch 219 [70000/84843] Loss: 0.290169
Epoch 219 - Avg Loss: 0.348731 | Train Acc: 97.03%
Val: loss=0.3620, acc=10622/10975 (96.78%)
Epoch 220 [0/84843] Loss: 0.359954
Epoch 220 [35000/84843] Loss: 0.322572
Epoch 220 [70000/84843] Loss: 0.402856
Epoch 220 - Avg Loss: 0.349421 | Train Acc: 96.99%
Val: loss=0.3591, acc=10633/10975 (96.88%)
Epoch 221 [0/84843] Loss: 0.338253
Epoch 221 [35000/84843] Loss: 0.304280
Epoch 221 [70000/84843] Loss: 0.429091
Epoch 221 - Avg Loss: 0.348749 | Train Acc: 97.01%
Val: loss=0.3509, acc=10662/10975 (97.15%)
saved best: 97.15%
Epoch 222 [0/84843] Loss: 0.351594
Epoch 222 [35000/84843] Loss: 0.405395
Epoch 222 [70000/84843] Loss: 0.339752
Epoch 222 - Avg Loss: 0.348558 | Train Acc: 97.01%
Val: loss=0.3540, acc=10637/10975 (96.92%)
Epoch 223 [0/84843] Loss: 0.297696
Epoch 223 [35000/84843] Loss: 0.520059
Epoch 223 [70000/84843] Loss: 0.303131
Epoch 223 - Avg Loss: 0.347106 | Train Acc: 97.08%
Val: loss=0.3602, acc=10634/10975 (96.89%)
Epoch 224 [0/84843] Loss: 0.363450
Epoch 224 [35000/84843] Loss: 0.316636
Epoch 224 [70000/84843] Loss: 0.319153
Epoch 224 - Avg Loss: 0.347172 | Train Acc: 97.11%
Val: loss=0.3576, acc=10631/10975 (96.87%)
Epoch 225 [0/84843] Loss: 0.305319
Epoch 225 [35000/84843] Loss: 0.361308
Epoch 225 [70000/84843] Loss: 0.438918
Epoch 225 - Avg Loss: 0.347070 | Train Acc: 97.12%
Val: loss=0.3588, acc=10627/10975 (96.83%)
Epoch 226 [0/84843] Loss: 0.380230
Epoch 226 [35000/84843] Loss: 0.387091
Epoch 226 [70000/84843] Loss: 0.401792
Epoch 226 - Avg Loss: 0.347593 | Train Acc: 97.10%
Val: loss=0.3542, acc=10646/10975 (97.00%)
Epoch 227 [0/84843] Loss: 0.366213
Epoch 227 [35000/84843] Loss: 0.359996
Epoch 227 [70000/84843] Loss: 0.307747
Epoch 227 - Avg Loss: 0.347827 | Train Acc: 97.09%
Val: loss=0.3629, acc=10626/10975 (96.82%)
Epoch 228 [0/84843] Loss: 0.311245
Epoch 228 [35000/84843] Loss: 0.381148
Epoch 228 [70000/84843] Loss: 0.404832
Epoch 228 - Avg Loss: 0.346868 | Train Acc: 97.07%
Val: loss=0.3524, acc=10649/10975 (97.03%)
Epoch 229 [0/84843] Loss: 0.321338
Epoch 229 [35000/84843] Loss: 0.363018
Epoch 229 [70000/84843] Loss: 0.336004
Epoch 229 - Avg Loss: 0.345918 | Train Acc: 97.17%
Val: loss=0.3559, acc=10641/10975 (96.96%)
Epoch 230 [0/84843] Loss: 0.323152
Epoch 230 [35000/84843] Loss: 0.326707
Epoch 230 [70000/84843] Loss: 0.331227
Epoch 230 - Avg Loss: 0.347678 | Train Acc: 97.09%
Val: loss=0.3612, acc=10638/10975 (96.93%)
Epoch 231 [0/84843] Loss: 0.290373
Epoch 231 [35000/84843] Loss: 0.420796
Epoch 231 [70000/84843] Loss: 0.388799
Epoch 231 - Avg Loss: 0.347909 | Train Acc: 97.05%
Val: loss=0.3554, acc=10650/10975 (97.04%)
Epoch 232 [0/84843] Loss: 0.500093
Epoch 232 [35000/84843] Loss: 0.375562
Epoch 232 [70000/84843] Loss: 0.324577
Epoch 232 - Avg Loss: 0.346555 | Train Acc: 97.12%
Val: loss=0.3552, acc=10646/10975 (97.00%)
Epoch 233 [0/84843] Loss: 0.373781
Epoch 233 [35000/84843] Loss: 0.352127
Epoch 233 [70000/84843] Loss: 0.281030
Epoch 233 - Avg Loss: 0.346092 | Train Acc: 97.18%
Val: loss=0.3553, acc=10649/10975 (97.03%)
Epoch 234 [0/84843] Loss: 0.333112
Epoch 234 [35000/84843] Loss: 0.376415
Epoch 234 [70000/84843] Loss: 0.339036
Epoch 234 - Avg Loss: 0.345114 | Train Acc: 97.15%
Val: loss=0.3524, acc=10665/10975 (97.18%)
saved best: 97.18%
Epoch 235 [0/84843] Loss: 0.302498
Epoch 235 [35000/84843] Loss: 0.394644
Epoch 235 [70000/84843] Loss: 0.406628
Epoch 235 - Avg Loss: 0.344346 | Train Acc: 97.16%
Val: loss=0.3570, acc=10617/10975 (96.74%)
Epoch 236 [0/84843] Loss: 0.399853
Epoch 236 [35000/84843] Loss: 0.325998
Epoch 236 [70000/84843] Loss: 0.300147
Epoch 236 - Avg Loss: 0.345392 | Train Acc: 97.13%
Val: loss=0.3554, acc=10643/10975 (96.97%)
Epoch 237 [0/84843] Loss: 0.281977
Epoch 237 [35000/84843] Loss: 0.347233
Epoch 237 [70000/84843] Loss: 0.350734
Epoch 237 - Avg Loss: 0.345217 | Train Acc: 97.20%
Val: loss=0.3596, acc=10626/10975 (96.82%)
Epoch 238 [0/84843] Loss: 0.279944
Epoch 238 [35000/84843] Loss: 0.371337
Epoch 238 [70000/84843] Loss: 0.356464
Epoch 238 - Avg Loss: 0.344444 | Train Acc: 97.20%
Val: loss=0.3621, acc=10633/10975 (96.88%)
Epoch 239 [0/84843] Loss: 0.354998
Epoch 239 [35000/84843] Loss: 0.320525
Epoch 239 [70000/84843] Loss: 0.357275
Epoch 239 - Avg Loss: 0.344895 | Train Acc: 97.19%
Val: loss=0.3565, acc=10644/10975 (96.98%)
Epoch 240 [0/84843] Loss: 0.393436
Epoch 240 [35000/84843] Loss: 0.387614
Epoch 240 [70000/84843] Loss: 0.327606
Epoch 240 - Avg Loss: 0.345883 | Train Acc: 97.15%
Val: loss=0.3590, acc=10626/10975 (96.82%)
Epoch 241 [0/84843] Loss: 0.393041
Epoch 241 [35000/84843] Loss: 0.338243
Epoch 241 [70000/84843] Loss: 0.520001
Epoch 241 - Avg Loss: 0.344864 | Train Acc: 97.19%
Val: loss=0.3539, acc=10664/10975 (97.17%)
Epoch 242 [0/84843] Loss: 0.388669
Epoch 242 [35000/84843] Loss: 0.288287
Epoch 242 [70000/84843] Loss: 0.390385
Epoch 242 - Avg Loss: 0.344681 | Train Acc: 97.18%
Val: loss=0.3569, acc=10638/10975 (96.93%)
Epoch 243 [0/84843] Loss: 0.337396
Epoch 243 [35000/84843] Loss: 0.395780
Epoch 243 [70000/84843] Loss: 0.402744
Epoch 243 - Avg Loss: 0.342821 | Train Acc: 97.25%
Val: loss=0.3549, acc=10660/10975 (97.13%)
Epoch 244 [0/84843] Loss: 0.332946
Epoch 244 [35000/84843] Loss: 0.351192
Epoch 244 [70000/84843] Loss: 0.277979
Epoch 244 - Avg Loss: 0.343816 | Train Acc: 97.23%
Val: loss=0.3558, acc=10643/10975 (96.97%)
Epoch 245 [0/84843] Loss: 0.321556
Epoch 245 [35000/84843] Loss: 0.481877
Epoch 245 [70000/84843] Loss: 0.324808
Epoch 245 - Avg Loss: 0.343999 | Train Acc: 97.23%
Val: loss=0.3526, acc=10642/10975 (96.97%)
Epoch 246 [0/84843] Loss: 0.290343
Epoch 246 [35000/84843] Loss: 0.286436
Epoch 246 [70000/84843] Loss: 0.388503
Epoch 246 - Avg Loss: 0.344600 | Train Acc: 97.16%
Val: loss=0.3597, acc=10633/10975 (96.88%)
Epoch 247 [0/84843] Loss: 0.340341
Epoch 247 [35000/84843] Loss: 0.300665
Epoch 247 [70000/84843] Loss: 0.304803
Epoch 247 - Avg Loss: 0.342916 | Train Acc: 97.21%
Val: loss=0.3539, acc=10640/10975 (96.95%)
Epoch 248 [0/84843] Loss: 0.335052
Epoch 248 [35000/84843] Loss: 0.356832
Epoch 248 [70000/84843] Loss: 0.323108
Epoch 248 - Avg Loss: 0.341540 | Train Acc: 97.29%
Val: loss=0.3583, acc=10646/10975 (97.00%)
Epoch 249 [0/84843] Loss: 0.296927
Epoch 249 [35000/84843] Loss: 0.336977
Epoch 249 [70000/84843] Loss: 0.381582
Epoch 249 - Avg Loss: 0.341630 | Train Acc: 97.33%
Val: loss=0.3548, acc=10644/10975 (96.98%)
Epoch 250 [0/84843] Loss: 0.304512
Epoch 250 [35000/84843] Loss: 0.335703
Epoch 250 [70000/84843] Loss: 0.340023
Epoch 250 - Avg Loss: 0.341146 | Train Acc: 97.38%
Val: loss=0.3545, acc=10652/10975 (97.06%)
Epoch 251 [0/84843] Loss: 0.364035
Epoch 251 [35000/84843] Loss: 0.322107
Epoch 251 [70000/84843] Loss: 0.303680
Epoch 251 - Avg Loss: 0.341057 | Train Acc: 97.34%
Val: loss=0.3578, acc=10635/10975 (96.90%)
Epoch 252 [0/84843] Loss: 0.402310
Epoch 252 [35000/84843] Loss: 0.283483
Epoch 252 [70000/84843] Loss: 0.302147
Epoch 252 - Avg Loss: 0.342520 | Train Acc: 97.29%
Val: loss=0.3562, acc=10653/10975 (97.07%)
Epoch 253 [0/84843] Loss: 0.277816
Epoch 253 [35000/84843] Loss: 0.289567
Epoch 253 [70000/84843] Loss: 0.357152
Epoch 253 - Avg Loss: 0.340394 | Train Acc: 97.33%
Val: loss=0.3561, acc=10642/10975 (96.97%)
Epoch 254 [0/84843] Loss: 0.331114
Epoch 254 [35000/84843] Loss: 0.299323
Epoch 254 [70000/84843] Loss: 0.323416
Epoch 254 - Avg Loss: 0.340303 | Train Acc: 97.36%
Val: loss=0.3541, acc=10651/10975 (97.05%)
Epoch 255 [0/84843] Loss: 0.327136
Epoch 255 [35000/84843] Loss: 0.283813
Epoch 255 [70000/84843] Loss: 0.355163
Epoch 255 - Avg Loss: 0.342978 | Train Acc: 97.23%
Val: loss=0.3568, acc=10644/10975 (96.98%)
Epoch 256 [0/84843] Loss: 0.323630
Epoch 256 [35000/84843] Loss: 0.345646
Epoch 256 [70000/84843] Loss: 0.295447
Epoch 256 - Avg Loss: 0.342506 | Train Acc: 97.26%
Val: loss=0.3548, acc=10650/10975 (97.04%)
Epoch 257 [0/84843] Loss: 0.369281
Epoch 257 [35000/84843] Loss: 0.329106
Epoch 257 [70000/84843] Loss: 0.307871
Epoch 257 - Avg Loss: 0.340557 | Train Acc: 97.36%
Val: loss=0.3566, acc=10637/10975 (96.92%)
Epoch 258 [0/84843] Loss: 0.341573
Epoch 258 [35000/84843] Loss: 0.276152
Epoch 258 [70000/84843] Loss: 0.289448
Epoch 258 - Avg Loss: 0.339110 | Train Acc: 97.44%
Val: loss=0.3530, acc=10661/10975 (97.14%)
Epoch 259 [0/84843] Loss: 0.327022
Epoch 259 [35000/84843] Loss: 0.320813
Epoch 259 [70000/84843] Loss: 0.361962
Epoch 259 - Avg Loss: 0.341411 | Train Acc: 97.31%
Val: loss=0.3535, acc=10650/10975 (97.04%)
Epoch 260 [0/84843] Loss: 0.326008
Epoch 260 [35000/84843] Loss: 0.289962
Epoch 260 [70000/84843] Loss: 0.341732
Epoch 260 - Avg Loss: 0.340963 | Train Acc: 97.33%
Val: loss=0.3547, acc=10639/10975 (96.94%)
Epoch 261 [0/84843] Loss: 0.338353
Epoch 261 [35000/84843] Loss: 0.287525
Epoch 261 [70000/84843] Loss: 0.274000
Epoch 261 - Avg Loss: 0.340627 | Train Acc: 97.34%
Val: loss=0.3620, acc=10612/10975 (96.69%)
Epoch 262 [0/84843] Loss: 0.291423
Epoch 262 [35000/84843] Loss: 0.319427
Epoch 262 [70000/84843] Loss: 0.376551
Epoch 262 - Avg Loss: 0.337883 | Train Acc: 97.49%
Val: loss=0.3541, acc=10646/10975 (97.00%)
Epoch 263 [0/84843] Loss: 0.328005
Epoch 263 [35000/84843] Loss: 0.302756
Epoch 263 [70000/84843] Loss: 0.380358
Epoch 263 - Avg Loss: 0.339760 | Train Acc: 97.38%
Val: loss=0.3546, acc=10655/10975 (97.08%)
Epoch 264 [0/84843] Loss: 0.317000
Epoch 264 [35000/84843] Loss: 0.337072
Epoch 264 [70000/84843] Loss: 0.361333
Epoch 264 - Avg Loss: 0.339807 | Train Acc: 97.41%
Val: loss=0.3533, acc=10649/10975 (97.03%)
Epoch 265 [0/84843] Loss: 0.363157
Epoch 265 [35000/84843] Loss: 0.399566
Epoch 265 [70000/84843] Loss: 0.298802
Epoch 265 - Avg Loss: 0.338398 | Train Acc: 97.43%
Val: loss=0.3560, acc=10650/10975 (97.04%)
Epoch 266 [0/84843] Loss: 0.344052
Epoch 266 [35000/84843] Loss: 0.352194
Epoch 266 [70000/84843] Loss: 0.395737
Epoch 266 - Avg Loss: 0.337253 | Train Acc: 97.46%
Val: loss=0.3532, acc=10670/10975 (97.22%)
saved best: 97.22%
Epoch 267 [0/84843] Loss: 0.325708
Epoch 267 [35000/84843] Loss: 0.336172
Epoch 267 [70000/84843] Loss: 0.426838
Epoch 267 - Avg Loss: 0.339416 | Train Acc: 97.39%
Val: loss=0.3543, acc=10660/10975 (97.13%)
Epoch 268 [0/84843] Loss: 0.307816
Epoch 268 [35000/84843] Loss: 0.336484
Epoch 268 [70000/84843] Loss: 0.330103
Epoch 268 - Avg Loss: 0.340425 | Train Acc: 97.32%
Val: loss=0.3585, acc=10640/10975 (96.95%)
Epoch 269 [0/84843] Loss: 0.283758
Epoch 269 [35000/84843] Loss: 0.294999
Epoch 269 [70000/84843] Loss: 0.285697
Epoch 269 - Avg Loss: 0.339195 | Train Acc: 97.44%
Val: loss=0.3579, acc=10658/10975 (97.11%)
Epoch 270 [0/84843] Loss: 0.335513
Epoch 270 [35000/84843] Loss: 0.345340
Epoch 270 [70000/84843] Loss: 0.363431
Epoch 270 - Avg Loss: 0.338860 | Train Acc: 97.41%
Val: loss=0.3495, acc=10677/10975 (97.28%)
saved best: 97.28%
Epoch 271 [0/84843] Loss: 0.313784
Epoch 271 [35000/84843] Loss: 0.312617
Epoch 271 [70000/84843] Loss: 0.353288
Epoch 271 - Avg Loss: 0.336638 | Train Acc: 97.49%
Val: loss=0.3560, acc=10651/10975 (97.05%)
Epoch 272 [0/84843] Loss: 0.285554
Epoch 272 [35000/84843] Loss: 0.349023
Epoch 272 [70000/84843] Loss: 0.281393
Epoch 272 - Avg Loss: 0.338182 | Train Acc: 97.45%
Val: loss=0.3543, acc=10655/10975 (97.08%)
Epoch 273 [0/84843] Loss: 0.324994
Epoch 273 [35000/84843] Loss: 0.311880
Epoch 273 [70000/84843] Loss: 0.339778
Epoch 273 - Avg Loss: 0.338339 | Train Acc: 97.41%
Val: loss=0.3544, acc=10651/10975 (97.05%)
Epoch 274 [0/84843] Loss: 0.278310
Epoch 274 [35000/84843] Loss: 0.281556
Epoch 274 [70000/84843] Loss: 0.419367
Epoch 274 - Avg Loss: 0.337228 | Train Acc: 97.46%
Val: loss=0.3513, acc=10672/10975 (97.24%)
Epoch 275 [0/84843] Loss: 0.310896
Epoch 275 [35000/84843] Loss: 0.363900
Epoch 275 [70000/84843] Loss: 0.286146
Epoch 275 - Avg Loss: 0.336015 | Train Acc: 97.54%
Val: loss=0.3598, acc=10634/10975 (96.89%)
Epoch 276 [0/84843] Loss: 0.353623
Epoch 276 [35000/84843] Loss: 0.272120
Epoch 276 [70000/84843] Loss: 0.309588
Epoch 276 - Avg Loss: 0.335739 | Train Acc: 97.57%
Val: loss=0.3538, acc=10659/10975 (97.12%)
Epoch 277 [0/84843] Loss: 0.341616
Epoch 277 [35000/84843] Loss: 0.294011
Epoch 277 [70000/84843] Loss: 0.280104
Epoch 277 - Avg Loss: 0.336379 | Train Acc: 97.51%
Val: loss=0.3613, acc=10634/10975 (96.89%)
Epoch 278 [0/84843] Loss: 0.301809
Epoch 278 [35000/84843] Loss: 0.287502
Epoch 278 [70000/84843] Loss: 0.340496
Epoch 278 - Avg Loss: 0.334276 | Train Acc: 97.59%
Val: loss=0.3541, acc=10660/10975 (97.13%)
Epoch 279 [0/84843] Loss: 0.334661
Epoch 279 [35000/84843] Loss: 0.286054
Epoch 279 [70000/84843] Loss: 0.385352
Epoch 279 - Avg Loss: 0.334625 | Train Acc: 97.59%
Val: loss=0.3564, acc=10662/10975 (97.15%)
Epoch 280 [0/84843] Loss: 0.332869
Epoch 280 [35000/84843] Loss: 0.315597
Epoch 280 [70000/84843] Loss: 0.329645
Epoch 280 - Avg Loss: 0.335446 | Train Acc: 97.54%
Val: loss=0.3544, acc=10660/10975 (97.13%)
Epoch 281 [0/84843] Loss: 0.320360
Epoch 281 [35000/84843] Loss: 0.329602
Epoch 281 [70000/84843] Loss: 0.381205
Epoch 281 - Avg Loss: 0.338204 | Train Acc: 97.42%
Val: loss=0.3530, acc=10665/10975 (97.18%)
Epoch 282 [0/84843] Loss: 0.374262
Epoch 282 [35000/84843] Loss: 0.356270
Epoch 282 [70000/84843] Loss: 0.284291
Epoch 282 - Avg Loss: 0.337095 | Train Acc: 97.45%
Val: loss=0.3562, acc=10644/10975 (96.98%)
Epoch 283 [0/84843] Loss: 0.274692
Epoch 283 [35000/84843] Loss: 0.283552
Epoch 283 [70000/84843] Loss: 0.383578
Epoch 283 - Avg Loss: 0.333347 | Train Acc: 97.66%
Val: loss=0.3588, acc=10639/10975 (96.94%)
Epoch 284 [0/84843] Loss: 0.433028
Epoch 284 [35000/84843] Loss: 0.306851
Epoch 284 [70000/84843] Loss: 0.310134
Epoch 284 - Avg Loss: 0.337365 | Train Acc: 97.46%
Val: loss=0.3520, acc=10677/10975 (97.28%)
Epoch 285 [0/84843] Loss: 0.319470
Epoch 285 [35000/84843] Loss: 0.356233
Epoch 285 [70000/84843] Loss: 0.340831
Epoch 285 - Avg Loss: 0.332729 | Train Acc: 97.64%
Val: loss=0.3517, acc=10650/10975 (97.04%)
Epoch 286 [0/84843] Loss: 0.307561
Epoch 286 [35000/84843] Loss: 0.352191
Epoch 286 [70000/84843] Loss: 0.353796
Epoch 286 - Avg Loss: 0.333990 | Train Acc: 97.61%
Val: loss=0.3510, acc=10663/10975 (97.16%)
Epoch 287 [0/84843] Loss: 0.479866
Epoch 287 [35000/84843] Loss: 0.353796
Epoch 287 [70000/84843] Loss: 0.293761
Epoch 287 - Avg Loss: 0.335369 | Train Acc: 97.55%
Val: loss=0.3546, acc=10648/10975 (97.02%)
Epoch 288 [0/84843] Loss: 0.295626
Epoch 288 [35000/84843] Loss: 0.378646
Epoch 288 [70000/84843] Loss: 0.356032
Epoch 288 - Avg Loss: 0.334082 | Train Acc: 97.62%
Val: loss=0.3482, acc=10675/10975 (97.27%)
Epoch 289 [0/84843] Loss: 0.336646
Epoch 289 [35000/84843] Loss: 0.359781
Epoch 289 [70000/84843] Loss: 0.370107
Epoch 289 - Avg Loss: 0.333824 | Train Acc: 97.66%
Val: loss=0.3513, acc=10665/10975 (97.18%)
Epoch 290 [0/84843] Loss: 0.447382
Epoch 290 [35000/84843] Loss: 0.300798
Epoch 290 [70000/84843] Loss: 0.305727
Epoch 290 - Avg Loss: 0.335871 | Train Acc: 97.51%
Val: loss=0.3488, acc=10678/10975 (97.29%)
saved best: 97.29%
Epoch 291 [0/84843] Loss: 0.320582
Epoch 291 [35000/84843] Loss: 0.306007
Epoch 291 [70000/84843] Loss: 0.318410
Epoch 291 - Avg Loss: 0.335750 | Train Acc: 97.54%
Val: loss=0.3500, acc=10676/10975 (97.28%)
Epoch 292 [0/84843] Loss: 0.275106
Epoch 292 [35000/84843] Loss: 0.277722
Epoch 292 [70000/84843] Loss: 0.307679
Epoch 292 - Avg Loss: 0.331049 | Train Acc: 97.71%
Val: loss=0.3508, acc=10652/10975 (97.06%)
Epoch 293 [0/84843] Loss: 0.292567
Epoch 293 [35000/84843] Loss: 0.336412
Epoch 293 [70000/84843] Loss: 0.329335
Epoch 293 - Avg Loss: 0.333798 | Train Acc: 97.62%
Val: loss=0.3517, acc=10661/10975 (97.14%)
Epoch 294 [0/84843] Loss: 0.337153
Epoch 294 [35000/84843] Loss: 0.374585
Epoch 294 [70000/84843] Loss: 0.340546
Epoch 294 - Avg Loss: 0.336653 | Train Acc: 97.47%
Val: loss=0.3508, acc=10671/10975 (97.23%)
Epoch 295 [0/84843] Loss: 0.394120
Epoch 295 [35000/84843] Loss: 0.277290
Epoch 295 [70000/84843] Loss: 0.303195
Epoch 295 - Avg Loss: 0.331668 | Train Acc: 97.68%
Val: loss=0.3489, acc=10682/10975 (97.33%)
saved best: 97.33%
Epoch 296 [0/84843] Loss: 0.324525
Epoch 296 [35000/84843] Loss: 0.320270
Epoch 296 [70000/84843] Loss: 0.367547
Epoch 296 - Avg Loss: 0.330564 | Train Acc: 97.72%
Val: loss=0.3484, acc=10668/10975 (97.20%)
Epoch 297 [0/84843] Loss: 0.354492
Epoch 297 [35000/84843] Loss: 0.321705
Epoch 297 [70000/84843] Loss: 0.356661
Epoch 297 - Avg Loss: 0.332044 | Train Acc: 97.70%
Val: loss=0.3521, acc=10665/10975 (97.18%)
Epoch 298 [0/84843] Loss: 0.370110
Epoch 298 [35000/84843] Loss: 0.455214
Epoch 298 [70000/84843] Loss: 0.315664
Epoch 298 - Avg Loss: 0.333420 | Train Acc: 97.60%
Val: loss=0.3544, acc=10659/10975 (97.12%)
Epoch 299 [0/84843] Loss: 0.399391
Epoch 299 [35000/84843] Loss: 0.410243
Epoch 299 [70000/84843] Loss: 0.314232
Epoch 299 - Avg Loss: 0.332474 | Train Acc: 97.69%
Val: loss=0.3515, acc=10680/10975 (97.31%)
Epoch 300 [0/84843] Loss: 0.343550
Epoch 300 [35000/84843] Loss: 0.419052
Epoch 300 [70000/84843] Loss: 0.281519
Epoch 300 - Avg Loss: 0.331150 | Train Acc: 97.71%
Val: loss=0.3509, acc=10670/10975 (97.22%)
Epoch 301 [0/84843] Loss: 0.277955
Epoch 301 [35000/84843] Loss: 0.324679
Epoch 301 [70000/84843] Loss: 0.319865
Epoch 301 - Avg Loss: 0.330274 | Train Acc: 97.74%
Val: loss=0.3538, acc=10669/10975 (97.21%)
Epoch 302 [0/84843] Loss: 0.365546
Epoch 302 [35000/84843] Loss: 0.315592
Epoch 302 [70000/84843] Loss: 0.313034
Epoch 302 - Avg Loss: 0.331315 | Train Acc: 97.69%
Val: loss=0.3520, acc=10664/10975 (97.17%)
Epoch 303 [0/84843] Loss: 0.374850
Epoch 303 [35000/84843] Loss: 0.425885
Epoch 303 [70000/84843] Loss: 0.386174
Epoch 303 - Avg Loss: 0.330208 | Train Acc: 97.74%
Val: loss=0.3514, acc=10674/10975 (97.26%)
Epoch 304 [0/84843] Loss: 0.344820
Epoch 304 [35000/84843] Loss: 0.287809
Epoch 304 [70000/84843] Loss: 0.377525
Epoch 304 - Avg Loss: 0.331864 | Train Acc: 97.64%
Val: loss=0.3504, acc=10667/10975 (97.19%)
Epoch 305 [0/84843] Loss: 0.478574
Epoch 305 [35000/84843] Loss: 0.391048
Epoch 305 [70000/84843] Loss: 0.311064
Epoch 305 - Avg Loss: 0.331286 | Train Acc: 97.70%
Val: loss=0.3483, acc=10678/10975 (97.29%)
Epoch 306 [0/84843] Loss: 0.491095
Epoch 306 [35000/84843] Loss: 0.330475
Epoch 306 [70000/84843] Loss: 0.382852
Epoch 306 - Avg Loss: 0.331525 | Train Acc: 97.67%
Val: loss=0.3516, acc=10669/10975 (97.21%)
Epoch 307 [0/84843] Loss: 0.320263
Epoch 307 [35000/84843] Loss: 0.386423
Epoch 307 [70000/84843] Loss: 0.414430
Epoch 307 - Avg Loss: 0.330727 | Train Acc: 97.69%
Val: loss=0.3492, acc=10676/10975 (97.28%)
Epoch 308 [0/84843] Loss: 0.292428
Epoch 308 [35000/84843] Loss: 0.363986
Epoch 308 [70000/84843] Loss: 0.340985
Epoch 308 - Avg Loss: 0.329702 | Train Acc: 97.77%
Val: loss=0.3501, acc=10682/10975 (97.33%)
Epoch 309 [0/84843] Loss: 0.343479
Epoch 309 [35000/84843] Loss: 0.322830
Epoch 309 [70000/84843] Loss: 0.369590
Epoch 309 - Avg Loss: 0.329885 | Train Acc: 97.80%
Val: loss=0.3519, acc=10659/10975 (97.12%)
Epoch 310 [0/84843] Loss: 0.292278
Epoch 310 [35000/84843] Loss: 0.276202
Epoch 310 [70000/84843] Loss: 0.320492
Epoch 310 - Avg Loss: 0.329180 | Train Acc: 97.78%
Val: loss=0.3512, acc=10666/10975 (97.18%)
Epoch 311 [0/84843] Loss: 0.277508
Epoch 311 [35000/84843] Loss: 0.275393
Epoch 311 [70000/84843] Loss: 0.280506
Epoch 311 - Avg Loss: 0.329078 | Train Acc: 97.78%
Val: loss=0.3502, acc=10674/10975 (97.26%)
Epoch 312 [0/84843] Loss: 0.332630
Epoch 312 [35000/84843] Loss: 0.394475
Epoch 312 [70000/84843] Loss: 0.324707
Epoch 312 - Avg Loss: 0.329769 | Train Acc: 97.76%
Val: loss=0.3511, acc=10671/10975 (97.23%)
Epoch 313 [0/84843] Loss: 0.332743
Epoch 313 [35000/84843] Loss: 0.289112
Epoch 313 [70000/84843] Loss: 0.310963
Epoch 313 - Avg Loss: 0.328746 | Train Acc: 97.82%
Val: loss=0.3528, acc=10662/10975 (97.15%)
Epoch 314 [0/84843] Loss: 0.309236
Epoch 314 [35000/84843] Loss: 0.370691
Epoch 314 [70000/84843] Loss: 0.292492
Epoch 314 - Avg Loss: 0.329455 | Train Acc: 97.77%
Val: loss=0.3505, acc=10673/10975 (97.25%)
Epoch 315 [0/84843] Loss: 0.325056
Epoch 315 [35000/84843] Loss: 0.313857
Epoch 315 [70000/84843] Loss: 0.332692
Epoch 315 - Avg Loss: 0.329139 | Train Acc: 97.81%
Val: loss=0.3504, acc=10686/10975 (97.37%)
saved best: 97.37%
Epoch 316 [0/84843] Loss: 0.396554
Epoch 316 [35000/84843] Loss: 0.362919
Epoch 316 [70000/84843] Loss: 0.330337
Epoch 316 - Avg Loss: 0.327525 | Train Acc: 97.81%
Val: loss=0.3490, acc=10671/10975 (97.23%)
Epoch 317 [0/84843] Loss: 0.483887
Epoch 317 [35000/84843] Loss: 0.315650
Epoch 317 [70000/84843] Loss: 0.350748
Epoch 317 - Avg Loss: 0.328446 | Train Acc: 97.82%
Val: loss=0.3506, acc=10682/10975 (97.33%)
Epoch 318 [0/84843] Loss: 0.306170
Epoch 318 [35000/84843] Loss: 0.276261
Epoch 318 [70000/84843] Loss: 0.393541
Epoch 318 - Avg Loss: 0.329500 | Train Acc: 97.81%
Val: loss=0.3523, acc=10673/10975 (97.25%)
Epoch 319 [0/84843] Loss: 0.403103
Epoch 319 [35000/84843] Loss: 0.323475
Epoch 319 [70000/84843] Loss: 0.285286
Epoch 319 - Avg Loss: 0.330378 | Train Acc: 97.73%
Val: loss=0.3499, acc=10678/10975 (97.29%)
Epoch 320 [0/84843] Loss: 0.299044
Epoch 320 [35000/84843] Loss: 0.357301
Epoch 320 [70000/84843] Loss: 0.276679
Epoch 320 - Avg Loss: 0.328436 | Train Acc: 97.83%
Val: loss=0.3489, acc=10671/10975 (97.23%)
Epoch 321 [0/84843] Loss: 0.335566
Epoch 321 [35000/84843] Loss: 0.296981
Epoch 321 [70000/84843] Loss: 0.312783
Epoch 321 - Avg Loss: 0.329181 | Train Acc: 97.76%
Val: loss=0.3505, acc=10664/10975 (97.17%)
Epoch 322 [0/84843] Loss: 0.309980
Epoch 322 [35000/84843] Loss: 0.324140
Epoch 322 [70000/84843] Loss: 0.312897
Epoch 322 - Avg Loss: 0.326733 | Train Acc: 97.87%
Val: loss=0.3496, acc=10685/10975 (97.36%)
Epoch 323 [0/84843] Loss: 0.336022
Epoch 323 [35000/84843] Loss: 0.274516
Epoch 323 [70000/84843] Loss: 0.299333
Epoch 323 - Avg Loss: 0.328940 | Train Acc: 97.80%
Val: loss=0.3512, acc=10674/10975 (97.26%)
Epoch 324 [0/84843] Loss: 0.330761
Epoch 324 [35000/84843] Loss: 0.271639
Epoch 324 [70000/84843] Loss: 0.330886
Epoch 324 - Avg Loss: 0.328124 | Train Acc: 97.80%
Val: loss=0.3510, acc=10672/10975 (97.24%)
Epoch 325 [0/84843] Loss: 0.277434
Epoch 325 [35000/84843] Loss: 0.313212
Epoch 325 [70000/84843] Loss: 0.326695
Epoch 325 - Avg Loss: 0.327759 | Train Acc: 97.86%
Val: loss=0.3514, acc=10671/10975 (97.23%)
Epoch 326 [0/84843] Loss: 0.373955
Epoch 326 [35000/84843] Loss: 0.287794
Epoch 326 [70000/84843] Loss: 0.276094
Epoch 326 - Avg Loss: 0.325766 | Train Acc: 97.94%
Val: loss=0.3515, acc=10680/10975 (97.31%)
Epoch 327 [0/84843] Loss: 0.340040
Epoch 327 [35000/84843] Loss: 0.356704
Epoch 327 [70000/84843] Loss: 0.323139
Epoch 327 - Avg Loss: 0.327440 | Train Acc: 97.85%
Val: loss=0.3490, acc=10679/10975 (97.30%)
Epoch 328 [0/84843] Loss: 0.323616
Epoch 328 [35000/84843] Loss: 0.285204
Epoch 328 [70000/84843] Loss: 0.322229
Epoch 328 - Avg Loss: 0.328611 | Train Acc: 97.87%
Val: loss=0.3508, acc=10667/10975 (97.19%)
Epoch 329 [0/84843] Loss: 0.348017
Epoch 329 [35000/84843] Loss: 0.330085
Epoch 329 [70000/84843] Loss: 0.287703
Epoch 329 - Avg Loss: 0.326164 | Train Acc: 97.86%
Val: loss=0.3498, acc=10674/10975 (97.26%)
Epoch 330 [0/84843] Loss: 0.337248
Epoch 330 [35000/84843] Loss: 0.402367
Epoch 330 [70000/84843] Loss: 0.367890
Epoch 330 - Avg Loss: 0.329289 | Train Acc: 97.80%
Val: loss=0.3493, acc=10677/10975 (97.28%)
Epoch 331 [0/84843] Loss: 0.279768
Epoch 331 [35000/84843] Loss: 0.342644
Epoch 331 [70000/84843] Loss: 0.321142
Epoch 331 - Avg Loss: 0.328753 | Train Acc: 97.78%
Val: loss=0.3479, acc=10691/10975 (97.41%)
saved best: 97.41%
Epoch 332 [0/84843] Loss: 0.392125
Epoch 332 [35000/84843] Loss: 0.338885
Epoch 332 [70000/84843] Loss: 0.415441
Epoch 332 - Avg Loss: 0.326663 | Train Acc: 97.92%
Val: loss=0.3480, acc=10687/10975 (97.38%)
Epoch 333 [0/84843] Loss: 0.338019
Epoch 333 [35000/84843] Loss: 0.368668
Epoch 333 [70000/84843] Loss: 0.317481
Epoch 333 - Avg Loss: 0.327116 | Train Acc: 97.89%
Val: loss=0.3488, acc=10679/10975 (97.30%)
Epoch 334 [0/84843] Loss: 0.346498
Epoch 334 [35000/84843] Loss: 0.364670
Epoch 334 [70000/84843] Loss: 0.280240
Epoch 334 - Avg Loss: 0.326195 | Train Acc: 97.90%
Val: loss=0.3504, acc=10681/10975 (97.32%)
Epoch 335 [0/84843] Loss: 0.318575
Epoch 335 [35000/84843] Loss: 0.301242
Epoch 335 [70000/84843] Loss: 0.347575
Epoch 335 - Avg Loss: 0.326924 | Train Acc: 97.92%
Val: loss=0.3479, acc=10698/10975 (97.48%)
saved best: 97.48%
Epoch 336 [0/84843] Loss: 0.319062
Epoch 336 [35000/84843] Loss: 0.329760
Epoch 336 [70000/84843] Loss: 0.284825
Epoch 336 - Avg Loss: 0.327205 | Train Acc: 97.89%
Val: loss=0.3472, acc=10683/10975 (97.34%)
Epoch 337 [0/84843] Loss: 0.317772
Epoch 337 [35000/84843] Loss: 0.389376
Epoch 337 [70000/84843] Loss: 0.277345
Epoch 337 - Avg Loss: 0.325684 | Train Acc: 97.93%
Val: loss=0.3495, acc=10680/10975 (97.31%)
Epoch 338 [0/84843] Loss: 0.410035
Epoch 338 [35000/84843] Loss: 0.281178
Epoch 338 [70000/84843] Loss: 0.314222
Epoch 338 - Avg Loss: 0.326923 | Train Acc: 97.88%
Val: loss=0.3479, acc=10685/10975 (97.36%)
Epoch 339 [0/84843] Loss: 0.324196
Epoch 339 [35000/84843] Loss: 0.277439
Epoch 339 [70000/84843] Loss: 0.293680
Epoch 339 - Avg Loss: 0.325170 | Train Acc: 97.95%
Val: loss=0.3477, acc=10689/10975 (97.39%)
Epoch 340 [0/84843] Loss: 0.327665
Epoch 340 [35000/84843] Loss: 0.293774
Epoch 340 [70000/84843] Loss: 0.323790
Epoch 340 - Avg Loss: 0.326765 | Train Acc: 97.90%
Val: loss=0.3491, acc=10680/10975 (97.31%)
Epoch 341 [0/84843] Loss: 0.354686
Epoch 341 [35000/84843] Loss: 0.324215
Epoch 341 [70000/84843] Loss: 0.312534
Epoch 341 - Avg Loss: 0.325481 | Train Acc: 97.93%
Val: loss=0.3489, acc=10686/10975 (97.37%)
Epoch 342 [0/84843] Loss: 0.292407
Epoch 342 [35000/84843] Loss: 0.307612
Epoch 342 [70000/84843] Loss: 0.279430
Epoch 342 - Avg Loss: 0.325822 | Train Acc: 97.95%
Val: loss=0.3480, acc=10689/10975 (97.39%)
Epoch 343 [0/84843] Loss: 0.301827
Epoch 343 [35000/84843] Loss: 0.337831
Epoch 343 [70000/84843] Loss: 0.333752
Epoch 343 - Avg Loss: 0.324451 | Train Acc: 97.99%
Val: loss=0.3495, acc=10687/10975 (97.38%)
Epoch 344 [0/84843] Loss: 0.280921
Epoch 344 [35000/84843] Loss: 0.301064
Epoch 344 [70000/84843] Loss: 0.294893
Epoch 344 - Avg Loss: 0.325425 | Train Acc: 97.95%
Val: loss=0.3485, acc=10693/10975 (97.43%)
Epoch 345 [0/84843] Loss: 0.315898
Epoch 345 [35000/84843] Loss: 0.355400
Epoch 345 [70000/84843] Loss: 0.345820
Epoch 345 - Avg Loss: 0.324797 | Train Acc: 97.98%
Val: loss=0.3477, acc=10692/10975 (97.42%)
Epoch 346 [0/84843] Loss: 0.287444
Epoch 346 [35000/84843] Loss: 0.323793
Epoch 346 [70000/84843] Loss: 0.281524
Epoch 346 - Avg Loss: 0.325011 | Train Acc: 97.95%
Val: loss=0.3504, acc=10678/10975 (97.29%)
Epoch 347 [0/84843] Loss: 0.346609
Epoch 347 [35000/84843] Loss: 0.282178
Epoch 347 [70000/84843] Loss: 0.291609
Epoch 347 - Avg Loss: 0.326504 | Train Acc: 97.90%
Val: loss=0.3481, acc=10682/10975 (97.33%)
Epoch 348 [0/84843] Loss: 0.284083
Epoch 348 [35000/84843] Loss: 0.289457
Epoch 348 [70000/84843] Loss: 0.330672
Epoch 348 - Avg Loss: 0.323982 | Train Acc: 98.00%
Val: loss=0.3478, acc=10685/10975 (97.36%)
Epoch 349 [0/84843] Loss: 0.381224
Epoch 349 [35000/84843] Loss: 0.290252
Epoch 349 [70000/84843] Loss: 0.313506
Epoch 349 - Avg Loss: 0.324729 | Train Acc: 97.99%
Val: loss=0.3481, acc=10689/10975 (97.39%)
Epoch 350 [0/84843] Loss: 0.346009
Epoch 350 [35000/84843] Loss: 0.378690
Epoch 350 [70000/84843] Loss: 0.326437
Epoch 350 - Avg Loss: 0.326624 | Train Acc: 97.93%
Val: loss=0.3478, acc=10683/10975 (97.34%)
Epoch 351 [0/84843] Loss: 0.281932
Epoch 351 [35000/84843] Loss: 0.406774
Epoch 351 [70000/84843] Loss: 0.382277
Epoch 351 - Avg Loss: 0.326419 | Train Acc: 97.91%
Val: loss=0.3500, acc=10677/10975 (97.28%)
Epoch 352 [0/84843] Loss: 0.331979
Epoch 352 [35000/84843] Loss: 0.398341
Epoch 352 [70000/84843] Loss: 0.294632
Epoch 352 - Avg Loss: 0.323911 | Train Acc: 97.99%
Val: loss=0.3480, acc=10692/10975 (97.42%)
Epoch 353 [0/84843] Loss: 0.385069
Epoch 353 [35000/84843] Loss: 0.357176
Epoch 353 [70000/84843] Loss: 0.349060
Epoch 353 - Avg Loss: 0.325036 | Train Acc: 97.91%
Val: loss=0.3476, acc=10691/10975 (97.41%)
Epoch 354 [0/84843] Loss: 0.427741
Epoch 354 [35000/84843] Loss: 0.342713
Epoch 354 [70000/84843] Loss: 0.412511
Epoch 354 - Avg Loss: 0.325179 | Train Acc: 97.94%
Val: loss=0.3491, acc=10681/10975 (97.32%)
Epoch 355 [0/84843] Loss: 0.275235
Epoch 355 [35000/84843] Loss: 0.372843
Epoch 355 [70000/84843] Loss: 0.269935
Epoch 355 - Avg Loss: 0.323491 | Train Acc: 98.01%
Val: loss=0.3492, acc=10685/10975 (97.36%)
Epoch 356 [0/84843] Loss: 0.351462
Epoch 356 [35000/84843] Loss: 0.324210
Epoch 356 [70000/84843] Loss: 0.391655
Epoch 356 - Avg Loss: 0.322435 | Train Acc: 98.05%
Val: loss=0.3489, acc=10684/10975 (97.35%)
Epoch 357 [0/84843] Loss: 0.302604
Epoch 357 [35000/84843] Loss: 0.350896
Epoch 357 [70000/84843] Loss: 0.313253
Epoch 357 - Avg Loss: 0.323676 | Train Acc: 97.99%
Val: loss=0.3481, acc=10688/10975 (97.38%)
Epoch 358 [0/84843] Loss: 0.346339
Epoch 358 [35000/84843] Loss: 0.348025
Epoch 358 [70000/84843] Loss: 0.332833
Epoch 358 - Avg Loss: 0.324151 | Train Acc: 98.01%
Val: loss=0.3484, acc=10683/10975 (97.34%)
Epoch 359 [0/84843] Loss: 0.274313
Epoch 359 [35000/84843] Loss: 0.354579
Epoch 359 [70000/84843] Loss: 0.315714
Epoch 359 - Avg Loss: 0.324656 | Train Acc: 97.97%
Val: loss=0.3475, acc=10689/10975 (97.39%)
Epoch 360 [0/84843] Loss: 0.349155
Epoch 360 [35000/84843] Loss: 0.285770
Epoch 360 [70000/84843] Loss: 0.278200
Epoch 360 - Avg Loss: 0.324254 | Train Acc: 97.98%
Val: loss=0.3479, acc=10684/10975 (97.35%)
Epoch 361 [0/84843] Loss: 0.361647
Epoch 361 [35000/84843] Loss: 0.392836
Epoch 361 [70000/84843] Loss: 0.343765
Epoch 361 - Avg Loss: 0.323637 | Train Acc: 98.01%
Val: loss=0.3488, acc=10679/10975 (97.30%)
Epoch 362 [0/84843] Loss: 0.443278
Epoch 362 [35000/84843] Loss: 0.287930
Epoch 362 [70000/84843] Loss: 0.425341
Epoch 362 - Avg Loss: 0.325012 | Train Acc: 97.97%
Val: loss=0.3488, acc=10677/10975 (97.28%)
Epoch 363 [0/84843] Loss: 0.349180
Epoch 363 [35000/84843] Loss: 0.280671
Epoch 363 [70000/84843] Loss: 0.345593
Epoch 363 - Avg Loss: 0.323455 | Train Acc: 98.01%
Val: loss=0.3480, acc=10685/10975 (97.36%)
Epoch 364 [0/84843] Loss: 0.283449
Epoch 364 [35000/84843] Loss: 0.315069
Epoch 364 [70000/84843] Loss: 0.340578
Epoch 364 - Avg Loss: 0.322516 | Train Acc: 98.09%
Val: loss=0.3485, acc=10677/10975 (97.28%)
Epoch 365 [0/84843] Loss: 0.358844
Epoch 365 [35000/84843] Loss: 0.318697
Epoch 365 [70000/84843] Loss: 0.300958
Epoch 365 - Avg Loss: 0.323680 | Train Acc: 97.98%
Val: loss=0.3479, acc=10687/10975 (97.38%)
Epoch 366 [0/84843] Loss: 0.303401
Epoch 366 [35000/84843] Loss: 0.285419
Epoch 366 [70000/84843] Loss: 0.280259
Epoch 366 - Avg Loss: 0.323634 | Train Acc: 97.98%
Val: loss=0.3479, acc=10695/10975 (97.45%)
Epoch 367 [0/84843] Loss: 0.291908
Epoch 367 [35000/84843] Loss: 0.337404
Epoch 367 [70000/84843] Loss: 0.282382
Epoch 367 - Avg Loss: 0.323594 | Train Acc: 98.00%
Val: loss=0.3480, acc=10685/10975 (97.36%)
Epoch 368 [0/84843] Loss: 0.295654
Epoch 368 [35000/84843] Loss: 0.394243
Epoch 368 [70000/84843] Loss: 0.359463
Epoch 368 - Avg Loss: 0.321586 | Train Acc: 98.09%
Val: loss=0.3482, acc=10683/10975 (97.34%)
Epoch 369 [0/84843] Loss: 0.330427
Epoch 369 [35000/84843] Loss: 0.274121
Epoch 369 [70000/84843] Loss: 0.403190
Epoch 369 - Avg Loss: 0.324392 | Train Acc: 98.00%
Val: loss=0.3478, acc=10680/10975 (97.31%)
Epoch 370 [0/84843] Loss: 0.325931
Epoch 370 [35000/84843] Loss: 0.291252
Epoch 370 [70000/84843] Loss: 0.275872
Epoch 370 - Avg Loss: 0.324304 | Train Acc: 97.98%
Val: loss=0.3472, acc=10690/10975 (97.40%)
Epoch 371 [0/84843] Loss: 0.286791
Epoch 371 [35000/84843] Loss: 0.363454
Epoch 371 [70000/84843] Loss: 0.285788
Epoch 371 - Avg Loss: 0.323047 | Train Acc: 98.03%
Val: loss=0.3472, acc=10690/10975 (97.40%)
Epoch 372 [0/84843] Loss: 0.371799
Epoch 372 [35000/84843] Loss: 0.294869
Epoch 372 [70000/84843] Loss: 0.314662
Epoch 372 - Avg Loss: 0.323813 | Train Acc: 98.01%
Val: loss=0.3474, acc=10690/10975 (97.40%)
Epoch 373 [0/84843] Loss: 0.311065
Epoch 373 [35000/84843] Loss: 0.358940
Epoch 373 [70000/84843] Loss: 0.334641
Epoch 373 - Avg Loss: 0.323175 | Train Acc: 97.98%
Val: loss=0.3473, acc=10689/10975 (97.39%)
Epoch 374 [0/84843] Loss: 0.274131
Epoch 374 [35000/84843] Loss: 0.285909
Epoch 374 [70000/84843] Loss: 0.321774
Epoch 374 - Avg Loss: 0.323476 | Train Acc: 98.03%
Val: loss=0.3478, acc=10683/10975 (97.34%)
Epoch 375 [0/84843] Loss: 0.315267
Epoch 375 [35000/84843] Loss: 0.276705
Epoch 375 [70000/84843] Loss: 0.508978
Epoch 375 - Avg Loss: 0.323672 | Train Acc: 97.99%
Val: loss=0.3476, acc=10687/10975 (97.38%)
Epoch 376 [0/84843] Loss: 0.287886
Epoch 376 [35000/84843] Loss: 0.307802
Epoch 376 [70000/84843] Loss: 0.316384
Epoch 376 - Avg Loss: 0.322782 | Train Acc: 98.02%
Val: loss=0.3483, acc=10681/10975 (97.32%)
Epoch 377 [0/84843] Loss: 0.328066
Epoch 377 [35000/84843] Loss: 0.370091
Epoch 377 [70000/84843] Loss: 0.306447
Epoch 377 - Avg Loss: 0.322843 | Train Acc: 98.05%
Val: loss=0.3487, acc=10679/10975 (97.30%)
Epoch 378 [0/84843] Loss: 0.291292
Epoch 378 [35000/84843] Loss: 0.368693
Epoch 378 [70000/84843] Loss: 0.278134
Epoch 378 - Avg Loss: 0.321522 | Train Acc: 98.11%
Val: loss=0.3481, acc=10683/10975 (97.34%)
Epoch 379 [0/84843] Loss: 0.302119
Epoch 379 [35000/84843] Loss: 0.383440
Epoch 379 [70000/84843] Loss: 0.272761
Epoch 379 - Avg Loss: 0.321746 | Train Acc: 98.10%
Val: loss=0.3479, acc=10681/10975 (97.32%)
Epoch 380 [0/84843] Loss: 0.285477
Epoch 380 [35000/84843] Loss: 0.285704
Epoch 380 [70000/84843] Loss: 0.336296
Epoch 380 - Avg Loss: 0.322448 | Train Acc: 98.08%
Val: loss=0.3476, acc=10685/10975 (97.36%)
Epoch 381 [0/84843] Loss: 0.296399
Epoch 381 [35000/84843] Loss: 0.415870
Epoch 381 [70000/84843] Loss: 0.318043
Epoch 381 - Avg Loss: 0.321732 | Train Acc: 98.06%
Val: loss=0.3481, acc=10685/10975 (97.36%)
Epoch 382 [0/84843] Loss: 0.305342
Epoch 382 [35000/84843] Loss: 0.287950
Epoch 382 [70000/84843] Loss: 0.372285
Epoch 382 - Avg Loss: 0.322839 | Train Acc: 98.01%
Val: loss=0.3481, acc=10679/10975 (97.30%)
Epoch 383 [0/84843] Loss: 0.278984
Epoch 383 [35000/84843] Loss: 0.327920
Epoch 383 [70000/84843] Loss: 0.266883
Epoch 383 - Avg Loss: 0.322171 | Train Acc: 98.06%
Val: loss=0.3483, acc=10679/10975 (97.30%)
Epoch 384 [0/84843] Loss: 0.276284
Epoch 384 [35000/84843] Loss: 0.337666
Epoch 384 [70000/84843] Loss: 0.334641
Epoch 384 - Avg Loss: 0.322047 | Train Acc: 98.08%
Val: loss=0.3481, acc=10683/10975 (97.34%)
Epoch 385 [0/84843] Loss: 0.334864
Epoch 385 [35000/84843] Loss: 0.410093
Epoch 385 [70000/84843] Loss: 0.311577
Epoch 385 - Avg Loss: 0.322034 | Train Acc: 98.05%
Val: loss=0.3480, acc=10682/10975 (97.33%)
Epoch 386 [0/84843] Loss: 0.298858
Epoch 386 [35000/84843] Loss: 0.357710
Epoch 386 [70000/84843] Loss: 0.307443
Epoch 386 - Avg Loss: 0.322182 | Train Acc: 98.05%
Val: loss=0.3485, acc=10673/10975 (97.25%)
Epoch 387 [0/84843] Loss: 0.366648
Epoch 387 [35000/84843] Loss: 0.271052
Epoch 387 [70000/84843] Loss: 0.354059
Epoch 387 - Avg Loss: 0.321831 | Train Acc: 98.06%
Val: loss=0.3476, acc=10680/10975 (97.31%)
Epoch 388 [0/84843] Loss: 0.330186
Epoch 388 [35000/84843] Loss: 0.312533
Epoch 388 [70000/84843] Loss: 0.273590
Epoch 388 - Avg Loss: 0.324672 | Train Acc: 98.00%
Val: loss=0.3478, acc=10685/10975 (97.36%)
Epoch 389 [0/84843] Loss: 0.335084
Epoch 389 [35000/84843] Loss: 0.350677
Epoch 389 [70000/84843] Loss: 0.295339
Epoch 389 - Avg Loss: 0.322241 | Train Acc: 98.10%
Val: loss=0.3478, acc=10685/10975 (97.36%)
Epoch 390 [0/84843] Loss: 0.286663
Epoch 390 [35000/84843] Loss: 0.294749
Epoch 390 [70000/84843] Loss: 0.302135
Epoch 390 - Avg Loss: 0.323900 | Train Acc: 97.99%
Val: loss=0.3479, acc=10680/10975 (97.31%)
Epoch 391 [0/84843] Loss: 0.359659
Epoch 391 [35000/84843] Loss: 0.401091
Epoch 391 [70000/84843] Loss: 0.313854
Epoch 391 - Avg Loss: 0.323596 | Train Acc: 98.02%
Val: loss=0.3476, acc=10680/10975 (97.31%)
Epoch 392 [0/84843] Loss: 0.309006
Epoch 392 [35000/84843] Loss: 0.274000
Epoch 392 [70000/84843] Loss: 0.272390
Epoch 392 - Avg Loss: 0.323412 | Train Acc: 98.01%
Val: loss=0.3475, acc=10683/10975 (97.34%)
Epoch 393 [0/84843] Loss: 0.284137
Epoch 393 [35000/84843] Loss: 0.328058
Epoch 393 [70000/84843] Loss: 0.294871
Epoch 393 - Avg Loss: 0.320839 | Train Acc: 98.11%
Val: loss=0.3477, acc=10682/10975 (97.33%)
Epoch 394 [0/84843] Loss: 0.300614
Epoch 394 [35000/84843] Loss: 0.337889
Epoch 394 [70000/84843] Loss: 0.368494
Epoch 394 - Avg Loss: 0.322947 | Train Acc: 98.05%
Val: loss=0.3475, acc=10685/10975 (97.36%)
Epoch 395 [0/84843] Loss: 0.298008
Epoch 395 [35000/84843] Loss: 0.280027
Epoch 395 [70000/84843] Loss: 0.290932
Epoch 395 - Avg Loss: 0.321128 | Train Acc: 98.11%
Val: loss=0.3477, acc=10681/10975 (97.32%)
Epoch 396 [0/84843] Loss: 0.330086
Epoch 396 [35000/84843] Loss: 0.304417
Epoch 396 [70000/84843] Loss: 0.309530
Epoch 396 - Avg Loss: 0.321463 | Train Acc: 98.07%
Val: loss=0.3476, acc=10682/10975 (97.33%)
Epoch 397 [0/84843] Loss: 0.392645
Epoch 397 [35000/84843] Loss: 0.366491
Epoch 397 [70000/84843] Loss: 0.295340
Epoch 397 - Avg Loss: 0.322295 | Train Acc: 98.05%
Val: loss=0.3476, acc=10684/10975 (97.35%)
Epoch 398 [0/84843] Loss: 0.311825
Epoch 398 [35000/84843] Loss: 0.327624
Epoch 398 [70000/84843] Loss: 0.357836
Epoch 398 - Avg Loss: 0.322659 | Train Acc: 98.03%
Val: loss=0.3478, acc=10682/10975 (97.33%)
Epoch 399 [0/84843] Loss: 0.354661
Epoch 399 [35000/84843] Loss: 0.385478
Epoch 399 [70000/84843] Loss: 0.298922
Epoch 399 - Avg Loss: 0.322781 | Train Acc: 98.02%
Val: loss=0.3475, acc=10684/10975 (97.35%)
Epoch 400 [0/84843] Loss: 0.351931
Epoch 400 [35000/84843] Loss: 0.308976
Epoch 400 [70000/84843] Loss: 0.390960
Epoch 400 - Avg Loss: 0.321360 | Train Acc: 98.10%
Val: loss=0.3478, acc=10683/10975 (97.34%)
Test: loss=0.3633, acc=11730/12101 (96.93%)
Saved plot to /scratch/work/lainem31/PTQ_project/keyword_spotting/plots/17518365/train_val_24_mels_delta_17518365_3.png
