Running feature config: 24_mels_delta (task 10)
SpecAugment freq_mask=14 time_mask=10
Device: cuda
Feature config: 24_mels_delta -> {'n_mels': 24, 'use_delta': True, 'use_delta_delta': False}
SpecAugment: True freq_mask=14 time_mask=10
GPU Name: Tesla V100-PCIE-32GB
GPU Memory: 34.07 GB
Total model parameters: 47,628
Epoch 1 [0/84843] Loss: 2.418477
Epoch 1 [35000/84843] Loss: 1.811160
Epoch 1 [70000/84843] Loss: 1.466108
Epoch 1 - Avg Loss: 1.677940 | Train Acc: 56.80%
Val: loss=1.4980, acc=6992/10975 (63.71%)
saved best: 63.71%
Epoch 2 [0/84843] Loss: 1.369019
Epoch 2 [35000/84843] Loss: 1.515291
Epoch 2 [70000/84843] Loss: 1.469969
Epoch 2 - Avg Loss: 1.375641 | Train Acc: 66.60%
Val: loss=1.3916, acc=7255/10975 (66.10%)
saved best: 66.10%
Epoch 3 [0/84843] Loss: 1.131545
Epoch 3 [35000/84843] Loss: 1.234757
Epoch 3 [70000/84843] Loss: 1.390144
Epoch 3 - Avg Loss: 1.358444 | Train Acc: 66.79%
Val: loss=1.3855, acc=7259/10975 (66.14%)
saved best: 66.14%
Epoch 4 [0/84843] Loss: 1.427548
Epoch 4 [35000/84843] Loss: 1.271737
Epoch 4 [70000/84843] Loss: 1.216939
Epoch 4 - Avg Loss: 1.351249 | Train Acc: 66.79%
Val: loss=1.3535, acc=7269/10975 (66.23%)
saved best: 66.23%
Epoch 5 [0/84843] Loss: 1.339405
Epoch 5 [35000/84843] Loss: 1.375915
Epoch 5 [70000/84843] Loss: 1.580462
Epoch 5 - Avg Loss: 1.300083 | Train Acc: 66.98%
Val: loss=1.2763, acc=7399/10975 (67.42%)
saved best: 67.42%
Epoch 6 [0/84843] Loss: 0.969903
Epoch 6 [35000/84843] Loss: 1.168334
Epoch 6 [70000/84843] Loss: 1.277522
Epoch 6 - Avg Loss: 1.253165 | Train Acc: 67.93%
Val: loss=1.2721, acc=7158/10975 (65.22%)
Epoch 7 [0/84843] Loss: 1.359273
Epoch 7 [35000/84843] Loss: 1.339822
Epoch 7 [70000/84843] Loss: 1.077571
Epoch 7 - Avg Loss: 1.222479 | Train Acc: 68.39%
Val: loss=1.2034, acc=7393/10975 (67.36%)
Epoch 8 [0/84843] Loss: 1.142234
Epoch 8 [35000/84843] Loss: 1.338585
Epoch 8 [70000/84843] Loss: 1.175962
Epoch 8 - Avg Loss: 1.192825 | Train Acc: 68.74%
Val: loss=1.1623, acc=7487/10975 (68.22%)
saved best: 68.22%
Epoch 9 [0/84843] Loss: 1.066450
Epoch 9 [35000/84843] Loss: 1.147976
Epoch 9 [70000/84843] Loss: 1.062357
Epoch 9 - Avg Loss: 1.163418 | Train Acc: 69.00%
Val: loss=1.1181, acc=7525/10975 (68.56%)
saved best: 68.56%
Epoch 10 [0/84843] Loss: 0.926888
Epoch 10 [35000/84843] Loss: 1.093972
Epoch 10 [70000/84843] Loss: 1.097939
Epoch 10 - Avg Loss: 1.132494 | Train Acc: 69.25%
Val: loss=1.0874, acc=7558/10975 (68.87%)
saved best: 68.87%
Epoch 11 [0/84843] Loss: 0.906922
Epoch 11 [35000/84843] Loss: 1.165678
Epoch 11 [70000/84843] Loss: 0.949564
Epoch 11 - Avg Loss: 1.101197 | Train Acc: 69.56%
Val: loss=1.0402, acc=7698/10975 (70.14%)
saved best: 70.14%
Epoch 12 [0/84843] Loss: 1.163340
Epoch 12 [35000/84843] Loss: 1.057561
Epoch 12 [70000/84843] Loss: 0.903049
Epoch 12 - Avg Loss: 1.071635 | Train Acc: 70.31%
Val: loss=0.9985, acc=7818/10975 (71.23%)
saved best: 71.23%
Epoch 13 [0/84843] Loss: 0.938729
Epoch 13 [35000/84843] Loss: 0.930091
Epoch 13 [70000/84843] Loss: 1.090042
Epoch 13 - Avg Loss: 1.033214 | Train Acc: 71.41%
Val: loss=0.9634, acc=7897/10975 (71.95%)
saved best: 71.95%
Epoch 14 [0/84843] Loss: 0.947709
Epoch 14 [35000/84843] Loss: 0.919149
Epoch 14 [70000/84843] Loss: 1.084309
Epoch 14 - Avg Loss: 0.998770 | Train Acc: 72.17%
Val: loss=0.9115, acc=8082/10975 (73.64%)
saved best: 73.64%
Epoch 15 [0/84843] Loss: 1.037974
Epoch 15 [35000/84843] Loss: 1.085391
Epoch 15 [70000/84843] Loss: 1.139981
Epoch 15 - Avg Loss: 0.962821 | Train Acc: 73.13%
Val: loss=0.8828, acc=8249/10975 (75.16%)
saved best: 75.16%
Epoch 16 [0/84843] Loss: 0.957295
Epoch 16 [35000/84843] Loss: 1.038239
Epoch 16 [70000/84843] Loss: 1.060556
Epoch 16 - Avg Loss: 0.928534 | Train Acc: 74.49%
Val: loss=0.8334, acc=8594/10975 (78.31%)
saved best: 78.31%
Epoch 17 [0/84843] Loss: 1.020085
Epoch 17 [35000/84843] Loss: 0.817917
Epoch 17 [70000/84843] Loss: 0.919376
Epoch 17 - Avg Loss: 0.889858 | Train Acc: 76.26%
Val: loss=0.7984, acc=8767/10975 (79.88%)
saved best: 79.88%
Epoch 18 [0/84843] Loss: 0.684622
Epoch 18 [35000/84843] Loss: 0.641733
Epoch 18 [70000/84843] Loss: 0.729653
Epoch 18 - Avg Loss: 0.853231 | Train Acc: 77.74%
Val: loss=0.7533, acc=8892/10975 (81.02%)
saved best: 81.02%
Epoch 19 [0/84843] Loss: 0.732890
Epoch 19 [35000/84843] Loss: 0.765325
Epoch 19 [70000/84843] Loss: 0.618623
Epoch 19 - Avg Loss: 0.812530 | Train Acc: 79.04%
Val: loss=0.7112, acc=9049/10975 (82.45%)
saved best: 82.45%
Epoch 20 [0/84843] Loss: 0.690929
Epoch 20 [35000/84843] Loss: 0.861121
Epoch 20 [70000/84843] Loss: 1.169086
Epoch 20 - Avg Loss: 0.777280 | Train Acc: 80.14%
Val: loss=0.6774, acc=9225/10975 (84.05%)
saved best: 84.05%
Epoch 21 [0/84843] Loss: 0.746863
Epoch 21 [35000/84843] Loss: 0.761127
Epoch 21 [70000/84843] Loss: 0.727305
Epoch 21 - Avg Loss: 0.742673 | Train Acc: 81.73%
Val: loss=0.6504, acc=9401/10975 (85.66%)
saved best: 85.66%
Epoch 22 [0/84843] Loss: 0.663949
Epoch 22 [35000/84843] Loss: 0.672293
Epoch 22 [70000/84843] Loss: 0.815418
Epoch 22 - Avg Loss: 0.710181 | Train Acc: 83.24%
Val: loss=0.5999, acc=9683/10975 (88.23%)
saved best: 88.23%
Epoch 23 [0/84843] Loss: 0.525422
Epoch 23 [35000/84843] Loss: 0.693696
Epoch 23 [70000/84843] Loss: 0.582507
Epoch 23 - Avg Loss: 0.673280 | Train Acc: 84.97%
Val: loss=0.5712, acc=9845/10975 (89.70%)
saved best: 89.70%
Epoch 24 [0/84843] Loss: 0.458700
Epoch 24 [35000/84843] Loss: 0.854241
Epoch 24 [70000/84843] Loss: 0.611827
Epoch 24 - Avg Loss: 0.641300 | Train Acc: 86.30%
Val: loss=0.5511, acc=9916/10975 (90.35%)
saved best: 90.35%
Epoch 25 [0/84843] Loss: 0.535793
Epoch 25 [35000/84843] Loss: 0.497306
Epoch 25 [70000/84843] Loss: 0.492847
Epoch 25 - Avg Loss: 0.617876 | Train Acc: 87.11%
Val: loss=0.5300, acc=9999/10975 (91.11%)
saved best: 91.11%
Epoch 26 [0/84843] Loss: 0.518295
Epoch 26 [35000/84843] Loss: 0.661163
Epoch 26 [70000/84843] Loss: 0.502946
Epoch 26 - Avg Loss: 0.596583 | Train Acc: 87.84%
Val: loss=0.5113, acc=10073/10975 (91.78%)
saved best: 91.78%
Epoch 27 [0/84843] Loss: 0.553585
Epoch 27 [35000/84843] Loss: 0.750475
Epoch 27 [70000/84843] Loss: 0.576123
Epoch 27 - Avg Loss: 0.581669 | Train Acc: 88.42%
Val: loss=0.5138, acc=10040/10975 (91.48%)
Epoch 28 [0/84843] Loss: 0.567360
Epoch 28 [35000/84843] Loss: 0.637171
Epoch 28 [70000/84843] Loss: 0.655730
Epoch 28 - Avg Loss: 0.567724 | Train Acc: 89.02%
Val: loss=0.4965, acc=10118/10975 (92.19%)
saved best: 92.19%
Epoch 29 [0/84843] Loss: 0.563488
Epoch 29 [35000/84843] Loss: 0.693047
Epoch 29 [70000/84843] Loss: 0.456813
Epoch 29 - Avg Loss: 0.554564 | Train Acc: 89.48%
Val: loss=0.4995, acc=10096/10975 (91.99%)
Epoch 30 [0/84843] Loss: 0.735706
Epoch 30 [35000/84843] Loss: 0.382159
Epoch 30 [70000/84843] Loss: 0.488276
Epoch 30 - Avg Loss: 0.544977 | Train Acc: 89.96%
Val: loss=0.4783, acc=10206/10975 (92.99%)
saved best: 92.99%
Epoch 31 [0/84843] Loss: 0.520282
Epoch 31 [35000/84843] Loss: 0.443345
Epoch 31 [70000/84843] Loss: 0.427179
Epoch 31 - Avg Loss: 0.531372 | Train Acc: 90.39%
Val: loss=0.4722, acc=10199/10975 (92.93%)
Epoch 32 [0/84843] Loss: 0.620379
Epoch 32 [35000/84843] Loss: 0.597303
Epoch 32 [70000/84843] Loss: 0.572963
Epoch 32 - Avg Loss: 0.526603 | Train Acc: 90.50%
Val: loss=0.4675, acc=10214/10975 (93.07%)
saved best: 93.07%
Epoch 33 [0/84843] Loss: 0.588082
Epoch 33 [35000/84843] Loss: 0.468497
Epoch 33 [70000/84843] Loss: 0.522868
Epoch 33 - Avg Loss: 0.515970 | Train Acc: 90.88%
Val: loss=0.4587, acc=10230/10975 (93.21%)
saved best: 93.21%
Epoch 34 [0/84843] Loss: 0.674399
Epoch 34 [35000/84843] Loss: 0.593314
Epoch 34 [70000/84843] Loss: 0.547627
Epoch 34 - Avg Loss: 0.510564 | Train Acc: 91.10%
Val: loss=0.4579, acc=10236/10975 (93.27%)
saved best: 93.27%
Epoch 35 [0/84843] Loss: 0.401271
Epoch 35 [35000/84843] Loss: 0.513567
Epoch 35 [70000/84843] Loss: 0.512080
Epoch 35 - Avg Loss: 0.500187 | Train Acc: 91.49%
Val: loss=0.4462, acc=10300/10975 (93.85%)
saved best: 93.85%
Epoch 36 [0/84843] Loss: 0.566593
Epoch 36 [35000/84843] Loss: 0.471331
Epoch 36 [70000/84843] Loss: 0.538751
Epoch 36 - Avg Loss: 0.491760 | Train Acc: 91.75%
Val: loss=0.4417, acc=10323/10975 (94.06%)
saved best: 94.06%
Epoch 37 [0/84843] Loss: 0.352678
Epoch 37 [35000/84843] Loss: 0.455497
Epoch 37 [70000/84843] Loss: 0.465187
Epoch 37 - Avg Loss: 0.487199 | Train Acc: 91.87%
Val: loss=0.4376, acc=10340/10975 (94.21%)
saved best: 94.21%
Epoch 38 [0/84843] Loss: 0.392486
Epoch 38 [35000/84843] Loss: 0.390977
Epoch 38 [70000/84843] Loss: 0.550316
Epoch 38 - Avg Loss: 0.484848 | Train Acc: 91.96%
Val: loss=0.4357, acc=10318/10975 (94.01%)
Epoch 39 [0/84843] Loss: 0.428255
Epoch 39 [35000/84843] Loss: 0.432156
Epoch 39 [70000/84843] Loss: 0.411608
Epoch 39 - Avg Loss: 0.475876 | Train Acc: 92.33%
Val: loss=0.4294, acc=10361/10975 (94.41%)
saved best: 94.41%
Epoch 40 [0/84843] Loss: 0.454200
Epoch 40 [35000/84843] Loss: 0.305187
Epoch 40 [70000/84843] Loss: 0.372109
Epoch 40 - Avg Loss: 0.473781 | Train Acc: 92.41%
Val: loss=0.4326, acc=10337/10975 (94.19%)
Epoch 41 [0/84843] Loss: 0.549960
Epoch 41 [35000/84843] Loss: 0.475971
Epoch 41 [70000/84843] Loss: 0.441749
Epoch 41 - Avg Loss: 0.468177 | Train Acc: 92.67%
Val: loss=0.4335, acc=10338/10975 (94.20%)
Epoch 42 [0/84843] Loss: 0.388775
Epoch 42 [35000/84843] Loss: 0.434735
Epoch 42 [70000/84843] Loss: 0.376045
Epoch 42 - Avg Loss: 0.465066 | Train Acc: 92.74%
Val: loss=0.4252, acc=10378/10975 (94.56%)
saved best: 94.56%
Epoch 43 [0/84843] Loss: 0.442591
Epoch 43 [35000/84843] Loss: 0.425660
Epoch 43 [70000/84843] Loss: 0.418669
Epoch 43 - Avg Loss: 0.457875 | Train Acc: 92.96%
Val: loss=0.4111, acc=10421/10975 (94.95%)
saved best: 94.95%
Epoch 44 [0/84843] Loss: 0.393564
Epoch 44 [35000/84843] Loss: 0.308867
Epoch 44 [70000/84843] Loss: 0.416630
Epoch 44 - Avg Loss: 0.452227 | Train Acc: 93.16%
Val: loss=0.4157, acc=10397/10975 (94.73%)
Epoch 45 [0/84843] Loss: 0.374720
Epoch 45 [35000/84843] Loss: 0.468109
Epoch 45 [70000/84843] Loss: 0.494701
Epoch 45 - Avg Loss: 0.449197 | Train Acc: 93.32%
Val: loss=0.4120, acc=10423/10975 (94.97%)
saved best: 94.97%
Epoch 46 [0/84843] Loss: 0.350040
Epoch 46 [35000/84843] Loss: 0.467696
Epoch 46 [70000/84843] Loss: 0.481439
Epoch 46 - Avg Loss: 0.445493 | Train Acc: 93.54%
Val: loss=0.4090, acc=10436/10975 (95.09%)
saved best: 95.09%
Epoch 47 [0/84843] Loss: 0.338544
Epoch 47 [35000/84843] Loss: 0.556603
Epoch 47 [70000/84843] Loss: 0.467043
Epoch 47 - Avg Loss: 0.441605 | Train Acc: 93.63%
Val: loss=0.4169, acc=10404/10975 (94.80%)
Epoch 48 [0/84843] Loss: 0.464644
Epoch 48 [35000/84843] Loss: 0.611547
Epoch 48 [70000/84843] Loss: 0.500441
Epoch 48 - Avg Loss: 0.438521 | Train Acc: 93.68%
Val: loss=0.4045, acc=10453/10975 (95.24%)
saved best: 95.24%
Epoch 49 [0/84843] Loss: 0.365729
Epoch 49 [35000/84843] Loss: 0.331692
Epoch 49 [70000/84843] Loss: 0.285902
Epoch 49 - Avg Loss: 0.434967 | Train Acc: 93.90%
Val: loss=0.4112, acc=10440/10975 (95.13%)
Epoch 50 [0/84843] Loss: 0.572454
Epoch 50 [35000/84843] Loss: 0.649626
Epoch 50 [70000/84843] Loss: 0.396199
Epoch 50 - Avg Loss: 0.433755 | Train Acc: 93.87%
Val: loss=0.4055, acc=10446/10975 (95.18%)
Epoch 51 [0/84843] Loss: 0.393632
Epoch 51 [35000/84843] Loss: 0.403793
Epoch 51 [70000/84843] Loss: 0.427817
Epoch 51 - Avg Loss: 0.428138 | Train Acc: 94.02%
Val: loss=0.4029, acc=10468/10975 (95.38%)
saved best: 95.38%
Epoch 52 [0/84843] Loss: 0.439714
Epoch 52 [35000/84843] Loss: 0.406976
Epoch 52 [70000/84843] Loss: 0.417550
Epoch 52 - Avg Loss: 0.426856 | Train Acc: 94.14%
Val: loss=0.4061, acc=10457/10975 (95.28%)
Epoch 53 [0/84843] Loss: 0.418042
Epoch 53 [35000/84843] Loss: 0.424327
Epoch 53 [70000/84843] Loss: 0.364289
Epoch 53 - Avg Loss: 0.426446 | Train Acc: 94.18%
Val: loss=0.3944, acc=10504/10975 (95.71%)
saved best: 95.71%
Epoch 54 [0/84843] Loss: 0.337186
Epoch 54 [35000/84843] Loss: 0.331895
Epoch 54 [70000/84843] Loss: 0.405284
Epoch 54 - Avg Loss: 0.423655 | Train Acc: 94.30%
Val: loss=0.3913, acc=10514/10975 (95.80%)
saved best: 95.80%
Epoch 55 [0/84843] Loss: 0.517607
Epoch 55 [35000/84843] Loss: 0.423404
Epoch 55 [70000/84843] Loss: 0.379961
Epoch 55 - Avg Loss: 0.418406 | Train Acc: 94.40%
Val: loss=0.3858, acc=10531/10975 (95.95%)
saved best: 95.95%
Epoch 56 [0/84843] Loss: 0.487904
Epoch 56 [35000/84843] Loss: 0.437573
Epoch 56 [70000/84843] Loss: 0.357074
Epoch 56 - Avg Loss: 0.417022 | Train Acc: 94.52%
Val: loss=0.3853, acc=10515/10975 (95.81%)
Epoch 57 [0/84843] Loss: 0.377445
Epoch 57 [35000/84843] Loss: 0.455070
Epoch 57 [70000/84843] Loss: 0.405317
Epoch 57 - Avg Loss: 0.417400 | Train Acc: 94.47%
Val: loss=0.3855, acc=10541/10975 (96.05%)
saved best: 96.05%
Epoch 58 [0/84843] Loss: 0.383629
Epoch 58 [35000/84843] Loss: 0.348085
Epoch 58 [70000/84843] Loss: 0.431053
Epoch 58 - Avg Loss: 0.414056 | Train Acc: 94.61%
Val: loss=0.3968, acc=10477/10975 (95.46%)
Epoch 59 [0/84843] Loss: 0.371329
Epoch 59 [35000/84843] Loss: 0.386740
Epoch 59 [70000/84843] Loss: 0.390493
Epoch 59 - Avg Loss: 0.412257 | Train Acc: 94.66%
Val: loss=0.3861, acc=10519/10975 (95.85%)
Epoch 60 [0/84843] Loss: 0.387770
Epoch 60 [35000/84843] Loss: 0.318210
Epoch 60 [70000/84843] Loss: 0.420069
Epoch 60 - Avg Loss: 0.408574 | Train Acc: 94.89%
Val: loss=0.3858, acc=10514/10975 (95.80%)
Epoch 61 [0/84843] Loss: 0.608346
Epoch 61 [35000/84843] Loss: 0.437070
Epoch 61 [70000/84843] Loss: 0.388664
Epoch 61 - Avg Loss: 0.407856 | Train Acc: 94.90%
Val: loss=0.3995, acc=10473/10975 (95.43%)
Epoch 62 [0/84843] Loss: 0.403154
Epoch 62 [35000/84843] Loss: 0.472299
Epoch 62 [70000/84843] Loss: 0.515883
Epoch 62 - Avg Loss: 0.408556 | Train Acc: 94.80%
Val: loss=0.3900, acc=10517/10975 (95.83%)
Epoch 63 [0/84843] Loss: 0.372379
Epoch 63 [35000/84843] Loss: 0.318298
Epoch 63 [70000/84843] Loss: 0.430723
Epoch 63 - Avg Loss: 0.405092 | Train Acc: 94.94%
Val: loss=0.3796, acc=10551/10975 (96.14%)
saved best: 96.14%
Epoch 64 [0/84843] Loss: 0.305112
Epoch 64 [35000/84843] Loss: 0.382187
Epoch 64 [70000/84843] Loss: 0.329298
Epoch 64 - Avg Loss: 0.402651 | Train Acc: 94.99%
Val: loss=0.3816, acc=10541/10975 (96.05%)
Epoch 65 [0/84843] Loss: 0.362725
Epoch 65 [35000/84843] Loss: 0.329698
Epoch 65 [70000/84843] Loss: 0.356745
Epoch 65 - Avg Loss: 0.402092 | Train Acc: 95.01%
Val: loss=0.3862, acc=10537/10975 (96.01%)
Epoch 66 [0/84843] Loss: 0.577344
Epoch 66 [35000/84843] Loss: 0.464228
Epoch 66 [70000/84843] Loss: 0.378095
Epoch 66 - Avg Loss: 0.400078 | Train Acc: 95.16%
Val: loss=0.3927, acc=10492/10975 (95.60%)
Epoch 67 [0/84843] Loss: 0.472937
Epoch 67 [35000/84843] Loss: 0.397851
Epoch 67 [70000/84843] Loss: 0.344294
Epoch 67 - Avg Loss: 0.398676 | Train Acc: 95.14%
Val: loss=0.3829, acc=10525/10975 (95.90%)
Epoch 68 [0/84843] Loss: 0.335153
Epoch 68 [35000/84843] Loss: 0.381900
Epoch 68 [70000/84843] Loss: 0.336508
Epoch 68 - Avg Loss: 0.396763 | Train Acc: 95.28%
Val: loss=0.3835, acc=10538/10975 (96.02%)
Epoch 69 [0/84843] Loss: 0.501625
Epoch 69 [35000/84843] Loss: 0.309560
Epoch 69 [70000/84843] Loss: 0.365292
Epoch 69 - Avg Loss: 0.394375 | Train Acc: 95.40%
Val: loss=0.3839, acc=10551/10975 (96.14%)
Epoch 70 [0/84843] Loss: 0.385529
Epoch 70 [35000/84843] Loss: 0.301911
Epoch 70 [70000/84843] Loss: 0.376204
Epoch 70 - Avg Loss: 0.394764 | Train Acc: 95.34%
Val: loss=0.3777, acc=10570/10975 (96.31%)
saved best: 96.31%
Epoch 71 [0/84843] Loss: 0.390040
Epoch 71 [35000/84843] Loss: 0.426340
Epoch 71 [70000/84843] Loss: 0.462734
Epoch 71 - Avg Loss: 0.394675 | Train Acc: 95.29%
Val: loss=0.3763, acc=10572/10975 (96.33%)
saved best: 96.33%
Epoch 72 [0/84843] Loss: 0.413022
Epoch 72 [35000/84843] Loss: 0.386184
Epoch 72 [70000/84843] Loss: 0.413839
Epoch 72 - Avg Loss: 0.393006 | Train Acc: 95.42%
Val: loss=0.3760, acc=10571/10975 (96.32%)
Epoch 73 [0/84843] Loss: 0.353056
Epoch 73 [35000/84843] Loss: 0.312780
Epoch 73 [70000/84843] Loss: 0.315836
Epoch 73 - Avg Loss: 0.390827 | Train Acc: 95.46%
Val: loss=0.3760, acc=10585/10975 (96.45%)
saved best: 96.45%
Epoch 74 [0/84843] Loss: 0.355193
Epoch 74 [35000/84843] Loss: 0.428445
Epoch 74 [70000/84843] Loss: 0.390161
Epoch 74 - Avg Loss: 0.389988 | Train Acc: 95.53%
Val: loss=0.3808, acc=10546/10975 (96.09%)
Epoch 75 [0/84843] Loss: 0.391751
Epoch 75 [35000/84843] Loss: 0.427793
Epoch 75 [70000/84843] Loss: 0.316937
Epoch 75 - Avg Loss: 0.388715 | Train Acc: 95.62%
Val: loss=0.3868, acc=10512/10975 (95.78%)
Epoch 76 [0/84843] Loss: 0.307280
Epoch 76 [35000/84843] Loss: 0.400003
Epoch 76 [70000/84843] Loss: 0.439129
Epoch 76 - Avg Loss: 0.390824 | Train Acc: 95.51%
Val: loss=0.3827, acc=10536/10975 (96.00%)
Epoch 77 [0/84843] Loss: 0.407856
Epoch 77 [35000/84843] Loss: 0.352547
Epoch 77 [70000/84843] Loss: 0.363636
Epoch 77 - Avg Loss: 0.386525 | Train Acc: 95.71%
Val: loss=0.3863, acc=10525/10975 (95.90%)
Epoch 78 [0/84843] Loss: 0.365169
Epoch 78 [35000/84843] Loss: 0.370281
Epoch 78 [70000/84843] Loss: 0.376251
Epoch 78 - Avg Loss: 0.387263 | Train Acc: 95.65%
Val: loss=0.3730, acc=10566/10975 (96.27%)
Epoch 79 [0/84843] Loss: 0.340145
Epoch 79 [35000/84843] Loss: 0.277923
Epoch 79 [70000/84843] Loss: 0.335411
Epoch 79 - Avg Loss: 0.383925 | Train Acc: 95.70%
Val: loss=0.3799, acc=10530/10975 (95.95%)
Epoch 80 [0/84843] Loss: 0.345075
Epoch 80 [35000/84843] Loss: 0.356920
Epoch 80 [70000/84843] Loss: 0.490868
Epoch 80 - Avg Loss: 0.385895 | Train Acc: 95.69%
Val: loss=0.3788, acc=10567/10975 (96.28%)
Epoch 81 [0/84843] Loss: 0.384414
Epoch 81 [35000/84843] Loss: 0.419026
Epoch 81 [70000/84843] Loss: 0.392187
Epoch 81 - Avg Loss: 0.384960 | Train Acc: 95.71%
Val: loss=0.3700, acc=10590/10975 (96.49%)
saved best: 96.49%
Epoch 82 [0/84843] Loss: 0.414200
Epoch 82 [35000/84843] Loss: 0.313193
Epoch 82 [70000/84843] Loss: 0.387573
Epoch 82 - Avg Loss: 0.385047 | Train Acc: 95.78%
Val: loss=0.3738, acc=10561/10975 (96.23%)
Epoch 83 [0/84843] Loss: 0.362637
Epoch 83 [35000/84843] Loss: 0.307179
Epoch 83 [70000/84843] Loss: 0.463393
Epoch 83 - Avg Loss: 0.382910 | Train Acc: 95.80%
Val: loss=0.3740, acc=10577/10975 (96.37%)
Epoch 84 [0/84843] Loss: 0.367328
Epoch 84 [35000/84843] Loss: 0.408144
Epoch 84 [70000/84843] Loss: 0.491494
Epoch 84 - Avg Loss: 0.384413 | Train Acc: 95.71%
Val: loss=0.3762, acc=10566/10975 (96.27%)
Epoch 85 [0/84843] Loss: 0.355741
Epoch 85 [35000/84843] Loss: 0.283220
Epoch 85 [70000/84843] Loss: 0.339006
Epoch 85 - Avg Loss: 0.382158 | Train Acc: 95.83%
Val: loss=0.3707, acc=10589/10975 (96.48%)
Epoch 86 [0/84843] Loss: 0.411202
Epoch 86 [35000/84843] Loss: 0.333187
Epoch 86 [70000/84843] Loss: 0.371712
Epoch 86 - Avg Loss: 0.383824 | Train Acc: 95.77%
Val: loss=0.3704, acc=10587/10975 (96.46%)
Epoch 87 [0/84843] Loss: 0.377839
Epoch 87 [35000/84843] Loss: 0.375786
Epoch 87 [70000/84843] Loss: 0.364029
Epoch 87 - Avg Loss: 0.380829 | Train Acc: 95.84%
Val: loss=0.3769, acc=10557/10975 (96.19%)
Epoch 88 [0/84843] Loss: 0.355419
Epoch 88 [35000/84843] Loss: 0.294537
Epoch 88 [70000/84843] Loss: 0.515614
Epoch 88 - Avg Loss: 0.380250 | Train Acc: 95.90%
Val: loss=0.3794, acc=10565/10975 (96.26%)
Epoch 89 [0/84843] Loss: 0.376293
Epoch 89 [35000/84843] Loss: 0.396961
Epoch 89 [70000/84843] Loss: 0.387473
Epoch 89 - Avg Loss: 0.379511 | Train Acc: 95.88%
Val: loss=0.3866, acc=10515/10975 (95.81%)
Epoch 90 [0/84843] Loss: 0.447677
Epoch 90 [35000/84843] Loss: 0.280863
Epoch 90 [70000/84843] Loss: 0.340134
Epoch 90 - Avg Loss: 0.379348 | Train Acc: 95.92%
Val: loss=0.3737, acc=10577/10975 (96.37%)
Epoch 91 [0/84843] Loss: 0.341361
Epoch 91 [35000/84843] Loss: 0.393536
Epoch 91 [70000/84843] Loss: 0.381234
Epoch 91 - Avg Loss: 0.379268 | Train Acc: 95.89%
Val: loss=0.3659, acc=10624/10975 (96.80%)
saved best: 96.80%
Epoch 92 [0/84843] Loss: 0.427820
Epoch 92 [35000/84843] Loss: 0.333784
Epoch 92 [70000/84843] Loss: 0.415899
Epoch 92 - Avg Loss: 0.379884 | Train Acc: 95.88%
Val: loss=0.3747, acc=10571/10975 (96.32%)
Epoch 93 [0/84843] Loss: 0.371080
Epoch 93 [35000/84843] Loss: 0.339136
Epoch 93 [70000/84843] Loss: 0.329212
Epoch 93 - Avg Loss: 0.378256 | Train Acc: 95.97%
Val: loss=0.3673, acc=10591/10975 (96.50%)
Epoch 94 [0/84843] Loss: 0.424774
Epoch 94 [35000/84843] Loss: 0.357749
Epoch 94 [70000/84843] Loss: 0.442979
Epoch 94 - Avg Loss: 0.378194 | Train Acc: 96.01%
Val: loss=0.3748, acc=10569/10975 (96.30%)
Epoch 95 [0/84843] Loss: 0.441460
Epoch 95 [35000/84843] Loss: 0.412315
Epoch 95 [70000/84843] Loss: 0.373665
Epoch 95 - Avg Loss: 0.375453 | Train Acc: 96.10%
Val: loss=0.3722, acc=10553/10975 (96.15%)
Epoch 96 [0/84843] Loss: 0.326832
Epoch 96 [35000/84843] Loss: 0.459848
Epoch 96 [70000/84843] Loss: 0.294521
Epoch 96 - Avg Loss: 0.376223 | Train Acc: 96.02%
Val: loss=0.3681, acc=10598/10975 (96.56%)
Epoch 97 [0/84843] Loss: 0.372182
Epoch 97 [35000/84843] Loss: 0.334767
Epoch 97 [70000/84843] Loss: 0.290264
Epoch 97 - Avg Loss: 0.376461 | Train Acc: 95.95%
Val: loss=0.3767, acc=10573/10975 (96.34%)
Epoch 98 [0/84843] Loss: 0.337529
Epoch 98 [35000/84843] Loss: 0.508963
Epoch 98 [70000/84843] Loss: 0.382856
Epoch 98 - Avg Loss: 0.373485 | Train Acc: 96.15%
Val: loss=0.3714, acc=10561/10975 (96.23%)
Epoch 99 [0/84843] Loss: 0.373306
Epoch 99 [35000/84843] Loss: 0.420331
Epoch 99 [70000/84843] Loss: 0.316126
Epoch 99 - Avg Loss: 0.375173 | Train Acc: 96.05%
Val: loss=0.3703, acc=10585/10975 (96.45%)
Epoch 100 [0/84843] Loss: 0.327957
Epoch 100 [35000/84843] Loss: 0.307209
Epoch 100 [70000/84843] Loss: 0.358906
Epoch 100 - Avg Loss: 0.375682 | Train Acc: 95.99%
Val: loss=0.3771, acc=10562/10975 (96.24%)
Epoch 101 [0/84843] Loss: 0.294573
Epoch 101 [35000/84843] Loss: 0.303898
Epoch 101 [70000/84843] Loss: 0.487897
Epoch 101 - Avg Loss: 0.374048 | Train Acc: 96.11%
Val: loss=0.3762, acc=10560/10975 (96.22%)
Epoch 102 [0/84843] Loss: 0.442214
Epoch 102 [35000/84843] Loss: 0.363231
Epoch 102 [70000/84843] Loss: 0.457105
Epoch 102 - Avg Loss: 0.373276 | Train Acc: 96.14%
Val: loss=0.3674, acc=10598/10975 (96.56%)
Epoch 103 [0/84843] Loss: 0.347378
Epoch 103 [35000/84843] Loss: 0.414822
Epoch 103 [70000/84843] Loss: 0.382783
Epoch 103 - Avg Loss: 0.376428 | Train Acc: 96.01%
Val: loss=0.3765, acc=10561/10975 (96.23%)
Epoch 104 [0/84843] Loss: 0.345062
Epoch 104 [35000/84843] Loss: 0.320717
Epoch 104 [70000/84843] Loss: 0.325471
Epoch 104 - Avg Loss: 0.372377 | Train Acc: 96.19%
Val: loss=0.3703, acc=10584/10975 (96.44%)
Epoch 105 [0/84843] Loss: 0.372112
Epoch 105 [35000/84843] Loss: 0.452441
Epoch 105 [70000/84843] Loss: 0.427707
Epoch 105 - Avg Loss: 0.372979 | Train Acc: 96.17%
Val: loss=0.3670, acc=10588/10975 (96.47%)
Epoch 106 [0/84843] Loss: 0.361629
Epoch 106 [35000/84843] Loss: 0.302343
Epoch 106 [70000/84843] Loss: 0.339078
Epoch 106 - Avg Loss: 0.371531 | Train Acc: 96.25%
Val: loss=0.3616, acc=10614/10975 (96.71%)
Epoch 107 [0/84843] Loss: 0.421775
Epoch 107 [35000/84843] Loss: 0.390709
Epoch 107 [70000/84843] Loss: 0.398873
Epoch 107 - Avg Loss: 0.371059 | Train Acc: 96.23%
Val: loss=0.3741, acc=10589/10975 (96.48%)
Epoch 108 [0/84843] Loss: 0.352825
Epoch 108 [35000/84843] Loss: 0.386685
Epoch 108 [70000/84843] Loss: 0.321012
Epoch 108 - Avg Loss: 0.372478 | Train Acc: 96.17%
Val: loss=0.3725, acc=10574/10975 (96.35%)
Epoch 109 [0/84843] Loss: 0.381913
Epoch 109 [35000/84843] Loss: 0.338293
Epoch 109 [70000/84843] Loss: 0.396145
Epoch 109 - Avg Loss: 0.371586 | Train Acc: 96.25%
Val: loss=0.3714, acc=10573/10975 (96.34%)
Epoch 110 [0/84843] Loss: 0.400149
Epoch 110 [35000/84843] Loss: 0.356477
Epoch 110 [70000/84843] Loss: 0.392522
Epoch 110 - Avg Loss: 0.369417 | Train Acc: 96.30%
Val: loss=0.3706, acc=10581/10975 (96.41%)
Epoch 111 [0/84843] Loss: 0.356766
Epoch 111 [35000/84843] Loss: 0.434649
Epoch 111 [70000/84843] Loss: 0.472692
Epoch 111 - Avg Loss: 0.370095 | Train Acc: 96.31%
Val: loss=0.3670, acc=10591/10975 (96.50%)
Epoch 112 [0/84843] Loss: 0.396900
Epoch 112 [35000/84843] Loss: 0.414393
Epoch 112 [70000/84843] Loss: 0.409902
Epoch 112 - Avg Loss: 0.370985 | Train Acc: 96.25%
Val: loss=0.3685, acc=10591/10975 (96.50%)
Epoch 113 [0/84843] Loss: 0.377848
Epoch 113 [35000/84843] Loss: 0.326079
Epoch 113 [70000/84843] Loss: 0.348579
Epoch 113 - Avg Loss: 0.370531 | Train Acc: 96.21%
Val: loss=0.3604, acc=10617/10975 (96.74%)
Epoch 114 [0/84843] Loss: 0.427513
Epoch 114 [35000/84843] Loss: 0.382364
Epoch 114 [70000/84843] Loss: 0.444286
Epoch 114 - Avg Loss: 0.367839 | Train Acc: 96.31%
Val: loss=0.3699, acc=10583/10975 (96.43%)
Epoch 115 [0/84843] Loss: 0.303865
Epoch 115 [35000/84843] Loss: 0.385448
Epoch 115 [70000/84843] Loss: 0.398953
Epoch 115 - Avg Loss: 0.370074 | Train Acc: 96.25%
Val: loss=0.3615, acc=10632/10975 (96.87%)
saved best: 96.87%
Epoch 116 [0/84843] Loss: 0.362768
Epoch 116 [35000/84843] Loss: 0.339470
Epoch 116 [70000/84843] Loss: 0.278779
Epoch 116 - Avg Loss: 0.367607 | Train Acc: 96.37%
Val: loss=0.3686, acc=10602/10975 (96.60%)
Epoch 117 [0/84843] Loss: 0.334674
Epoch 117 [35000/84843] Loss: 0.425775
Epoch 117 [70000/84843] Loss: 0.425511
Epoch 117 - Avg Loss: 0.365585 | Train Acc: 96.43%
Val: loss=0.3683, acc=10595/10975 (96.54%)
Epoch 118 [0/84843] Loss: 0.367752
Epoch 118 [35000/84843] Loss: 0.281955
Epoch 118 [70000/84843] Loss: 0.324824
Epoch 118 - Avg Loss: 0.366156 | Train Acc: 96.38%
Val: loss=0.3715, acc=10581/10975 (96.41%)
Epoch 119 [0/84843] Loss: 0.391571
Epoch 119 [35000/84843] Loss: 0.434116
Epoch 119 [70000/84843] Loss: 0.360258
Epoch 119 - Avg Loss: 0.366127 | Train Acc: 96.37%
Val: loss=0.3662, acc=10590/10975 (96.49%)
Epoch 120 [0/84843] Loss: 0.472113
Epoch 120 [35000/84843] Loss: 0.439275
Epoch 120 [70000/84843] Loss: 0.488606
Epoch 120 - Avg Loss: 0.367682 | Train Acc: 96.36%
Val: loss=0.3675, acc=10601/10975 (96.59%)
Epoch 121 [0/84843] Loss: 0.379662
Epoch 121 [35000/84843] Loss: 0.285112
Epoch 121 [70000/84843] Loss: 0.420970
Epoch 121 - Avg Loss: 0.367092 | Train Acc: 96.37%
Val: loss=0.3693, acc=10592/10975 (96.51%)
Epoch 122 [0/84843] Loss: 0.411568
Epoch 122 [35000/84843] Loss: 0.331152
Epoch 122 [70000/84843] Loss: 0.396780
Epoch 122 - Avg Loss: 0.365692 | Train Acc: 96.38%
Val: loss=0.3700, acc=10588/10975 (96.47%)
Epoch 123 [0/84843] Loss: 0.326169
Epoch 123 [35000/84843] Loss: 0.392850
Epoch 123 [70000/84843] Loss: 0.443544
Epoch 123 - Avg Loss: 0.367033 | Train Acc: 96.40%
Val: loss=0.3720, acc=10573/10975 (96.34%)
Epoch 124 [0/84843] Loss: 0.396761
Epoch 124 [35000/84843] Loss: 0.307306
Epoch 124 [70000/84843] Loss: 0.322550
Epoch 124 - Avg Loss: 0.365266 | Train Acc: 96.44%
Val: loss=0.3716, acc=10574/10975 (96.35%)
Epoch 125 [0/84843] Loss: 0.390852
Epoch 125 [35000/84843] Loss: 0.431422
Epoch 125 [70000/84843] Loss: 0.321180
Epoch 125 - Avg Loss: 0.365684 | Train Acc: 96.43%
Val: loss=0.3703, acc=10595/10975 (96.54%)
Epoch 126 [0/84843] Loss: 0.340207
Epoch 126 [35000/84843] Loss: 0.505516
Epoch 126 [70000/84843] Loss: 0.349914
Epoch 126 - Avg Loss: 0.365758 | Train Acc: 96.41%
Val: loss=0.3697, acc=10576/10975 (96.36%)
Epoch 127 [0/84843] Loss: 0.350614
Epoch 127 [35000/84843] Loss: 0.401365
Epoch 127 [70000/84843] Loss: 0.355138
Epoch 127 - Avg Loss: 0.363960 | Train Acc: 96.46%
Val: loss=0.3700, acc=10587/10975 (96.46%)
Epoch 128 [0/84843] Loss: 0.340923
Epoch 128 [35000/84843] Loss: 0.404533
Epoch 128 [70000/84843] Loss: 0.441699
Epoch 128 - Avg Loss: 0.365060 | Train Acc: 96.47%
Val: loss=0.3693, acc=10601/10975 (96.59%)
Epoch 129 [0/84843] Loss: 0.371665
Epoch 129 [35000/84843] Loss: 0.383238
Epoch 129 [70000/84843] Loss: 0.355723
Epoch 129 - Avg Loss: 0.363590 | Train Acc: 96.54%
Val: loss=0.3655, acc=10605/10975 (96.63%)
Epoch 130 [0/84843] Loss: 0.364622
Epoch 130 [35000/84843] Loss: 0.323170
Epoch 130 [70000/84843] Loss: 0.402732
Epoch 130 - Avg Loss: 0.365266 | Train Acc: 96.42%
Val: loss=0.3635, acc=10618/10975 (96.75%)
Epoch 131 [0/84843] Loss: 0.389592
Epoch 131 [35000/84843] Loss: 0.307668
Epoch 131 [70000/84843] Loss: 0.360598
Epoch 131 - Avg Loss: 0.362365 | Train Acc: 96.54%
Val: loss=0.3620, acc=10601/10975 (96.59%)
Epoch 132 [0/84843] Loss: 0.312194
Epoch 132 [35000/84843] Loss: 0.429309
Epoch 132 [70000/84843] Loss: 0.332546
Epoch 132 - Avg Loss: 0.363082 | Train Acc: 96.55%
Val: loss=0.3652, acc=10600/10975 (96.58%)
Epoch 133 [0/84843] Loss: 0.470265
Epoch 133 [35000/84843] Loss: 0.325983
Epoch 133 [70000/84843] Loss: 0.423562
Epoch 133 - Avg Loss: 0.361454 | Train Acc: 96.59%
Val: loss=0.3679, acc=10584/10975 (96.44%)
Epoch 134 [0/84843] Loss: 0.304940
Epoch 134 [35000/84843] Loss: 0.328887
Epoch 134 [70000/84843] Loss: 0.308070
Epoch 134 - Avg Loss: 0.360940 | Train Acc: 96.63%
Val: loss=0.3672, acc=10606/10975 (96.64%)
Epoch 135 [0/84843] Loss: 0.291840
Epoch 135 [35000/84843] Loss: 0.328572
Epoch 135 [70000/84843] Loss: 0.350560
Epoch 135 - Avg Loss: 0.362371 | Train Acc: 96.53%
Val: loss=0.3623, acc=10611/10975 (96.68%)
Epoch 136 [0/84843] Loss: 0.375887
Epoch 136 [35000/84843] Loss: 0.279144
Epoch 136 [70000/84843] Loss: 0.316489
Epoch 136 - Avg Loss: 0.362270 | Train Acc: 96.53%
Val: loss=0.3675, acc=10593/10975 (96.52%)
Epoch 137 [0/84843] Loss: 0.301023
Epoch 137 [35000/84843] Loss: 0.291421
Epoch 137 [70000/84843] Loss: 0.361321
Epoch 137 - Avg Loss: 0.363641 | Train Acc: 96.54%
Val: loss=0.3667, acc=10580/10975 (96.40%)
Epoch 138 [0/84843] Loss: 0.367850
Epoch 138 [35000/84843] Loss: 0.416990
Epoch 138 [70000/84843] Loss: 0.395335
Epoch 138 - Avg Loss: 0.360744 | Train Acc: 96.61%
Val: loss=0.3626, acc=10609/10975 (96.67%)
Epoch 139 [0/84843] Loss: 0.309390
Epoch 139 [35000/84843] Loss: 0.308493
Epoch 139 [70000/84843] Loss: 0.391727
Epoch 139 - Avg Loss: 0.362760 | Train Acc: 96.57%
Val: loss=0.3655, acc=10596/10975 (96.55%)
Epoch 140 [0/84843] Loss: 0.403637
Epoch 140 [35000/84843] Loss: 0.326094
Epoch 140 [70000/84843] Loss: 0.382862
Epoch 140 - Avg Loss: 0.364854 | Train Acc: 96.48%
Val: loss=0.3647, acc=10588/10975 (96.47%)
Epoch 141 [0/84843] Loss: 0.287343
Epoch 141 [35000/84843] Loss: 0.375047
Epoch 141 [70000/84843] Loss: 0.391964
Epoch 141 - Avg Loss: 0.360828 | Train Acc: 96.61%
Val: loss=0.3636, acc=10611/10975 (96.68%)
Epoch 142 [0/84843] Loss: 0.321280
Epoch 142 [35000/84843] Loss: 0.431713
Epoch 142 [70000/84843] Loss: 0.367021
Epoch 142 - Avg Loss: 0.360648 | Train Acc: 96.59%
Val: loss=0.3709, acc=10585/10975 (96.45%)
Epoch 143 [0/84843] Loss: 0.344685
Epoch 143 [35000/84843] Loss: 0.406795
Epoch 143 [70000/84843] Loss: 0.321033
Epoch 143 - Avg Loss: 0.360926 | Train Acc: 96.60%
Val: loss=0.3623, acc=10608/10975 (96.66%)
Epoch 144 [0/84843] Loss: 0.377210
Epoch 144 [35000/84843] Loss: 0.303192
Epoch 144 [70000/84843] Loss: 0.291210
Epoch 144 - Avg Loss: 0.360619 | Train Acc: 96.67%
Val: loss=0.3714, acc=10578/10975 (96.38%)
Epoch 145 [0/84843] Loss: 0.383394
Epoch 145 [35000/84843] Loss: 0.330521
Epoch 145 [70000/84843] Loss: 0.320046
Epoch 145 - Avg Loss: 0.358562 | Train Acc: 96.65%
Val: loss=0.3660, acc=10607/10975 (96.65%)
Epoch 146 [0/84843] Loss: 0.354208
Epoch 146 [35000/84843] Loss: 0.338491
Epoch 146 [70000/84843] Loss: 0.418230
Epoch 146 - Avg Loss: 0.359939 | Train Acc: 96.64%
Val: loss=0.3662, acc=10606/10975 (96.64%)
Epoch 147 [0/84843] Loss: 0.319870
Epoch 147 [35000/84843] Loss: 0.324515
Epoch 147 [70000/84843] Loss: 0.336500
Epoch 147 - Avg Loss: 0.359315 | Train Acc: 96.65%
Val: loss=0.3688, acc=10591/10975 (96.50%)
Epoch 148 [0/84843] Loss: 0.321845
Epoch 148 [35000/84843] Loss: 0.317513
Epoch 148 [70000/84843] Loss: 0.368183
Epoch 148 - Avg Loss: 0.356861 | Train Acc: 96.74%
Val: loss=0.3664, acc=10595/10975 (96.54%)
Epoch 149 [0/84843] Loss: 0.311634
Epoch 149 [35000/84843] Loss: 0.310658
Epoch 149 [70000/84843] Loss: 0.303000
Epoch 149 - Avg Loss: 0.359982 | Train Acc: 96.68%
Val: loss=0.3723, acc=10570/10975 (96.31%)
Epoch 150 [0/84843] Loss: 0.466289
Epoch 150 [35000/84843] Loss: 0.334889
Epoch 150 [70000/84843] Loss: 0.308406
Epoch 150 - Avg Loss: 0.358340 | Train Acc: 96.68%
Val: loss=0.3594, acc=10632/10975 (96.87%)
Epoch 151 [0/84843] Loss: 0.495969
Epoch 151 [35000/84843] Loss: 0.299147
Epoch 151 [70000/84843] Loss: 0.386360
Epoch 151 - Avg Loss: 0.356111 | Train Acc: 96.78%
Val: loss=0.3658, acc=10608/10975 (96.66%)
Epoch 152 [0/84843] Loss: 0.433162
Epoch 152 [35000/84843] Loss: 0.333105
Epoch 152 [70000/84843] Loss: 0.380930
Epoch 152 - Avg Loss: 0.359036 | Train Acc: 96.67%
Val: loss=0.3619, acc=10621/10975 (96.77%)
Epoch 153 [0/84843] Loss: 0.283339
Epoch 153 [35000/84843] Loss: 0.313240
Epoch 153 [70000/84843] Loss: 0.386643
Epoch 153 - Avg Loss: 0.355939 | Train Acc: 96.80%
Val: loss=0.3658, acc=10594/10975 (96.53%)
Epoch 154 [0/84843] Loss: 0.428034
Epoch 154 [35000/84843] Loss: 0.297670
Epoch 154 [70000/84843] Loss: 0.382689
Epoch 154 - Avg Loss: 0.357107 | Train Acc: 96.70%
Val: loss=0.3619, acc=10628/10975 (96.84%)
Epoch 155 [0/84843] Loss: 0.394581
Epoch 155 [35000/84843] Loss: 0.410863
Epoch 155 [70000/84843] Loss: 0.438860
Epoch 155 - Avg Loss: 0.356816 | Train Acc: 96.75%
Val: loss=0.3601, acc=10634/10975 (96.89%)
saved best: 96.89%
Epoch 156 [0/84843] Loss: 0.369595
Epoch 156 [35000/84843] Loss: 0.334701
Epoch 156 [70000/84843] Loss: 0.306883
Epoch 156 - Avg Loss: 0.356244 | Train Acc: 96.81%
Val: loss=0.3690, acc=10586/10975 (96.46%)
Epoch 157 [0/84843] Loss: 0.366674
Epoch 157 [35000/84843] Loss: 0.288090
Epoch 157 [70000/84843] Loss: 0.314045
Epoch 157 - Avg Loss: 0.357178 | Train Acc: 96.73%
Val: loss=0.3636, acc=10599/10975 (96.57%)
Epoch 158 [0/84843] Loss: 0.376517
Epoch 158 [35000/84843] Loss: 0.337322
Epoch 158 [70000/84843] Loss: 0.360094
Epoch 158 - Avg Loss: 0.356284 | Train Acc: 96.80%
Val: loss=0.3704, acc=10570/10975 (96.31%)
Epoch 159 [0/84843] Loss: 0.441194
Epoch 159 [35000/84843] Loss: 0.313756
Epoch 159 [70000/84843] Loss: 0.446076
Epoch 159 - Avg Loss: 0.355323 | Train Acc: 96.80%
Val: loss=0.3630, acc=10600/10975 (96.58%)
Epoch 160 [0/84843] Loss: 0.320840
Epoch 160 [35000/84843] Loss: 0.398224
Epoch 160 [70000/84843] Loss: 0.493624
Epoch 160 - Avg Loss: 0.355865 | Train Acc: 96.76%
Val: loss=0.3583, acc=10617/10975 (96.74%)
Epoch 161 [0/84843] Loss: 0.346550
Epoch 161 [35000/84843] Loss: 0.318239
Epoch 161 [70000/84843] Loss: 0.365433
Epoch 161 - Avg Loss: 0.356634 | Train Acc: 96.78%
Val: loss=0.3657, acc=10595/10975 (96.54%)
Epoch 162 [0/84843] Loss: 0.360953
Epoch 162 [35000/84843] Loss: 0.398560
Epoch 162 [70000/84843] Loss: 0.313485
Epoch 162 - Avg Loss: 0.354406 | Train Acc: 96.88%
Val: loss=0.3580, acc=10632/10975 (96.87%)
Epoch 163 [0/84843] Loss: 0.373565
Epoch 163 [35000/84843] Loss: 0.322288
Epoch 163 [70000/84843] Loss: 0.284073
Epoch 163 - Avg Loss: 0.354236 | Train Acc: 96.86%
Val: loss=0.3593, acc=10625/10975 (96.81%)
Epoch 164 [0/84843] Loss: 0.377805
Epoch 164 [35000/84843] Loss: 0.335427
Epoch 164 [70000/84843] Loss: 0.353871
Epoch 164 - Avg Loss: 0.356314 | Train Acc: 96.76%
Val: loss=0.3599, acc=10621/10975 (96.77%)
Epoch 165 [0/84843] Loss: 0.336637
Epoch 165 [35000/84843] Loss: 0.293448
Epoch 165 [70000/84843] Loss: 0.434003
Epoch 165 - Avg Loss: 0.353852 | Train Acc: 96.84%
Val: loss=0.3619, acc=10625/10975 (96.81%)
Epoch 166 [0/84843] Loss: 0.311577
Epoch 166 [35000/84843] Loss: 0.331926
Epoch 166 [70000/84843] Loss: 0.305013
Epoch 166 - Avg Loss: 0.355673 | Train Acc: 96.78%
Val: loss=0.3568, acc=10632/10975 (96.87%)
Epoch 167 [0/84843] Loss: 0.302668
Epoch 167 [35000/84843] Loss: 0.351759
Epoch 167 [70000/84843] Loss: 0.369282
Epoch 167 - Avg Loss: 0.355011 | Train Acc: 96.84%
Val: loss=0.3591, acc=10617/10975 (96.74%)
Epoch 168 [0/84843] Loss: 0.307733
Epoch 168 [35000/84843] Loss: 0.399397
Epoch 168 [70000/84843] Loss: 0.326073
Epoch 168 - Avg Loss: 0.354292 | Train Acc: 96.87%
Val: loss=0.3662, acc=10597/10975 (96.56%)
Epoch 169 [0/84843] Loss: 0.309358
Epoch 169 [35000/84843] Loss: 0.382978
Epoch 169 [70000/84843] Loss: 0.326084
Epoch 169 - Avg Loss: 0.352703 | Train Acc: 96.92%
Val: loss=0.3588, acc=10638/10975 (96.93%)
saved best: 96.93%
Epoch 170 [0/84843] Loss: 0.299280
Epoch 170 [35000/84843] Loss: 0.369862
Epoch 170 [70000/84843] Loss: 0.316706
Epoch 170 - Avg Loss: 0.350948 | Train Acc: 96.99%
Val: loss=0.3644, acc=10613/10975 (96.70%)
Epoch 171 [0/84843] Loss: 0.349965
Epoch 171 [35000/84843] Loss: 0.307561
Epoch 171 [70000/84843] Loss: 0.322389
Epoch 171 - Avg Loss: 0.355943 | Train Acc: 96.79%
Val: loss=0.3642, acc=10596/10975 (96.55%)
Epoch 172 [0/84843] Loss: 0.363724
Epoch 172 [35000/84843] Loss: 0.345391
Epoch 172 [70000/84843] Loss: 0.296620
Epoch 172 - Avg Loss: 0.351969 | Train Acc: 96.88%
Val: loss=0.3619, acc=10603/10975 (96.61%)
Epoch 173 [0/84843] Loss: 0.376085
Epoch 173 [35000/84843] Loss: 0.294686
Epoch 173 [70000/84843] Loss: 0.309727
Epoch 173 - Avg Loss: 0.353769 | Train Acc: 96.84%
Val: loss=0.3566, acc=10634/10975 (96.89%)
Epoch 174 [0/84843] Loss: 0.315973
Epoch 174 [35000/84843] Loss: 0.297425
Epoch 174 [70000/84843] Loss: 0.407601
Epoch 174 - Avg Loss: 0.354395 | Train Acc: 96.83%
Val: loss=0.3655, acc=10582/10975 (96.42%)
Epoch 175 [0/84843] Loss: 0.376567
Epoch 175 [35000/84843] Loss: 0.282895
Epoch 175 [70000/84843] Loss: 0.355195
Epoch 175 - Avg Loss: 0.352963 | Train Acc: 96.83%
Val: loss=0.3640, acc=10589/10975 (96.48%)
Epoch 176 [0/84843] Loss: 0.338628
Epoch 176 [35000/84843] Loss: 0.372654
Epoch 176 [70000/84843] Loss: 0.357644
Epoch 176 - Avg Loss: 0.350087 | Train Acc: 97.09%
Val: loss=0.3611, acc=10623/10975 (96.79%)
Epoch 177 [0/84843] Loss: 0.429708
Epoch 177 [35000/84843] Loss: 0.299829
Epoch 177 [70000/84843] Loss: 0.361040
Epoch 177 - Avg Loss: 0.352823 | Train Acc: 96.90%
Val: loss=0.3595, acc=10631/10975 (96.87%)
Epoch 178 [0/84843] Loss: 0.335540
Epoch 178 [35000/84843] Loss: 0.295357
Epoch 178 [70000/84843] Loss: 0.367145
Epoch 178 - Avg Loss: 0.351375 | Train Acc: 96.93%
Val: loss=0.3590, acc=10634/10975 (96.89%)
Epoch 179 [0/84843] Loss: 0.418046
Epoch 179 [35000/84843] Loss: 0.321322
Epoch 179 [70000/84843] Loss: 0.358743
Epoch 179 - Avg Loss: 0.351220 | Train Acc: 96.95%
Val: loss=0.3577, acc=10627/10975 (96.83%)
Epoch 180 [0/84843] Loss: 0.339480
Epoch 180 [35000/84843] Loss: 0.316511
Epoch 180 [70000/84843] Loss: 0.302716
Epoch 180 - Avg Loss: 0.351662 | Train Acc: 96.94%
Val: loss=0.3597, acc=10613/10975 (96.70%)
Epoch 181 [0/84843] Loss: 0.339040
Epoch 181 [35000/84843] Loss: 0.367869
Epoch 181 [70000/84843] Loss: 0.308953
Epoch 181 - Avg Loss: 0.353062 | Train Acc: 96.88%
Val: loss=0.3579, acc=10636/10975 (96.91%)
Epoch 182 [0/84843] Loss: 0.289179
Epoch 182 [35000/84843] Loss: 0.415884
Epoch 182 [70000/84843] Loss: 0.422714
Epoch 182 - Avg Loss: 0.350979 | Train Acc: 96.98%
Val: loss=0.3662, acc=10597/10975 (96.56%)
Epoch 183 [0/84843] Loss: 0.306821
Epoch 183 [35000/84843] Loss: 0.436346
Epoch 183 [70000/84843] Loss: 0.385235
Epoch 183 - Avg Loss: 0.350234 | Train Acc: 97.00%
Val: loss=0.3580, acc=10621/10975 (96.77%)
Epoch 184 [0/84843] Loss: 0.330349
Epoch 184 [35000/84843] Loss: 0.340210
Epoch 184 [70000/84843] Loss: 0.307830
Epoch 184 - Avg Loss: 0.351112 | Train Acc: 96.94%
Val: loss=0.3642, acc=10620/10975 (96.77%)
Epoch 185 [0/84843] Loss: 0.319675
Epoch 185 [35000/84843] Loss: 0.442841
Epoch 185 [70000/84843] Loss: 0.330570
Epoch 185 - Avg Loss: 0.349980 | Train Acc: 97.05%
Val: loss=0.3593, acc=10621/10975 (96.77%)
Epoch 186 [0/84843] Loss: 0.300480
Epoch 186 [35000/84843] Loss: 0.296582
Epoch 186 [70000/84843] Loss: 0.378466
Epoch 186 - Avg Loss: 0.349131 | Train Acc: 97.09%
Val: loss=0.3617, acc=10619/10975 (96.76%)
Epoch 187 [0/84843] Loss: 0.297303
Epoch 187 [35000/84843] Loss: 0.355559
Epoch 187 [70000/84843] Loss: 0.326508
Epoch 187 - Avg Loss: 0.349607 | Train Acc: 97.05%
Val: loss=0.3592, acc=10623/10975 (96.79%)
Epoch 188 [0/84843] Loss: 0.329794
Epoch 188 [35000/84843] Loss: 0.296875
Epoch 188 [70000/84843] Loss: 0.312839
Epoch 188 - Avg Loss: 0.350435 | Train Acc: 97.02%
Val: loss=0.3621, acc=10599/10975 (96.57%)
Epoch 189 [0/84843] Loss: 0.285386
Epoch 189 [35000/84843] Loss: 0.361643
Epoch 189 [70000/84843] Loss: 0.355815
Epoch 189 - Avg Loss: 0.350919 | Train Acc: 96.99%
Val: loss=0.3622, acc=10621/10975 (96.77%)
Epoch 190 [0/84843] Loss: 0.334202
Epoch 190 [35000/84843] Loss: 0.418408
Epoch 190 [70000/84843] Loss: 0.376850
Epoch 190 - Avg Loss: 0.347343 | Train Acc: 97.10%
Val: loss=0.3577, acc=10626/10975 (96.82%)
Epoch 191 [0/84843] Loss: 0.404689
Epoch 191 [35000/84843] Loss: 0.338656
Epoch 191 [70000/84843] Loss: 0.346983
Epoch 191 - Avg Loss: 0.347118 | Train Acc: 97.14%
Val: loss=0.3581, acc=10631/10975 (96.87%)
Epoch 192 [0/84843] Loss: 0.336236
Epoch 192 [35000/84843] Loss: 0.419284
Epoch 192 [70000/84843] Loss: 0.332084
Epoch 192 - Avg Loss: 0.348311 | Train Acc: 97.09%
Val: loss=0.3629, acc=10597/10975 (96.56%)
Epoch 193 [0/84843] Loss: 0.400598
Epoch 193 [35000/84843] Loss: 0.395976
Epoch 193 [70000/84843] Loss: 0.423466
Epoch 193 - Avg Loss: 0.348022 | Train Acc: 97.08%
Val: loss=0.3620, acc=10624/10975 (96.80%)
Epoch 194 [0/84843] Loss: 0.335859
Epoch 194 [35000/84843] Loss: 0.319761
Epoch 194 [70000/84843] Loss: 0.338746
Epoch 194 - Avg Loss: 0.348815 | Train Acc: 97.03%
Val: loss=0.3593, acc=10626/10975 (96.82%)
Epoch 195 [0/84843] Loss: 0.371561
Epoch 195 [35000/84843] Loss: 0.283330
Epoch 195 [70000/84843] Loss: 0.341935
Epoch 195 - Avg Loss: 0.348271 | Train Acc: 97.12%
Val: loss=0.3614, acc=10610/10975 (96.67%)
Epoch 196 [0/84843] Loss: 0.333564
Epoch 196 [35000/84843] Loss: 0.372980
Epoch 196 [70000/84843] Loss: 0.332402
Epoch 196 - Avg Loss: 0.346980 | Train Acc: 97.10%
Val: loss=0.3562, acc=10653/10975 (97.07%)
saved best: 97.07%
Epoch 197 [0/84843] Loss: 0.415783
Epoch 197 [35000/84843] Loss: 0.345188
Epoch 197 [70000/84843] Loss: 0.388513
Epoch 197 - Avg Loss: 0.347003 | Train Acc: 97.14%
Val: loss=0.3573, acc=10620/10975 (96.77%)
Epoch 198 [0/84843] Loss: 0.292214
Epoch 198 [35000/84843] Loss: 0.318207
Epoch 198 [70000/84843] Loss: 0.327632
Epoch 198 - Avg Loss: 0.347149 | Train Acc: 97.15%
Val: loss=0.3596, acc=10630/10975 (96.86%)
Epoch 199 [0/84843] Loss: 0.463325
Epoch 199 [35000/84843] Loss: 0.431582
Epoch 199 [70000/84843] Loss: 0.309889
Epoch 199 - Avg Loss: 0.346890 | Train Acc: 97.13%
Val: loss=0.3552, acc=10631/10975 (96.87%)
Epoch 200 [0/84843] Loss: 0.344666
Epoch 200 [35000/84843] Loss: 0.352382
Epoch 200 [70000/84843] Loss: 0.382386
Epoch 200 - Avg Loss: 0.346398 | Train Acc: 97.12%
Val: loss=0.3589, acc=10639/10975 (96.94%)
Epoch 201 [0/84843] Loss: 0.303613
Epoch 201 [35000/84843] Loss: 0.307524
Epoch 201 [70000/84843] Loss: 0.275104
Epoch 201 - Avg Loss: 0.346767 | Train Acc: 97.13%
Val: loss=0.3553, acc=10650/10975 (97.04%)
Epoch 202 [0/84843] Loss: 0.380006
Epoch 202 [35000/84843] Loss: 0.387512
Epoch 202 [70000/84843] Loss: 0.316354
Epoch 202 - Avg Loss: 0.346659 | Train Acc: 97.14%
Val: loss=0.3593, acc=10633/10975 (96.88%)
Epoch 203 [0/84843] Loss: 0.294676
Epoch 203 [35000/84843] Loss: 0.281499
Epoch 203 [70000/84843] Loss: 0.297206
Epoch 203 - Avg Loss: 0.348379 | Train Acc: 97.02%
Val: loss=0.3547, acc=10629/10975 (96.85%)
Epoch 204 [0/84843] Loss: 0.320307
Epoch 204 [35000/84843] Loss: 0.369081
Epoch 204 [70000/84843] Loss: 0.276335
Epoch 204 - Avg Loss: 0.345036 | Train Acc: 97.21%
Val: loss=0.3567, acc=10652/10975 (97.06%)
Epoch 205 [0/84843] Loss: 0.345231
Epoch 205 [35000/84843] Loss: 0.325501
Epoch 205 [70000/84843] Loss: 0.384715
Epoch 205 - Avg Loss: 0.347798 | Train Acc: 97.14%
Val: loss=0.3605, acc=10623/10975 (96.79%)
Epoch 206 [0/84843] Loss: 0.307587
Epoch 206 [35000/84843] Loss: 0.429893
Epoch 206 [70000/84843] Loss: 0.312000
Epoch 206 - Avg Loss: 0.345464 | Train Acc: 97.16%
Val: loss=0.3547, acc=10644/10975 (96.98%)
Epoch 207 [0/84843] Loss: 0.381879
Epoch 207 [35000/84843] Loss: 0.322909
Epoch 207 [70000/84843] Loss: 0.453257
Epoch 207 - Avg Loss: 0.343845 | Train Acc: 97.30%
Val: loss=0.3565, acc=10645/10975 (96.99%)
Epoch 208 [0/84843] Loss: 0.317928
Epoch 208 [35000/84843] Loss: 0.441315
Epoch 208 [70000/84843] Loss: 0.361223
Epoch 208 - Avg Loss: 0.344315 | Train Acc: 97.26%
Val: loss=0.3530, acc=10643/10975 (96.97%)
Epoch 209 [0/84843] Loss: 0.350869
Epoch 209 [35000/84843] Loss: 0.360321
Epoch 209 [70000/84843] Loss: 0.372303
Epoch 209 - Avg Loss: 0.345554 | Train Acc: 97.19%
Val: loss=0.3576, acc=10626/10975 (96.82%)
Epoch 210 [0/84843] Loss: 0.297777
Epoch 210 [35000/84843] Loss: 0.322230
Epoch 210 [70000/84843] Loss: 0.460991
Epoch 210 - Avg Loss: 0.344452 | Train Acc: 97.26%
Val: loss=0.3623, acc=10601/10975 (96.59%)
Epoch 211 [0/84843] Loss: 0.376911
Epoch 211 [35000/84843] Loss: 0.294431
Epoch 211 [70000/84843] Loss: 0.291484
Epoch 211 - Avg Loss: 0.343786 | Train Acc: 97.27%
Val: loss=0.3600, acc=10621/10975 (96.77%)
Epoch 212 [0/84843] Loss: 0.323616
Epoch 212 [35000/84843] Loss: 0.331052
Epoch 212 [70000/84843] Loss: 0.373883
Epoch 212 - Avg Loss: 0.345630 | Train Acc: 97.20%
Val: loss=0.3570, acc=10633/10975 (96.88%)
Epoch 213 [0/84843] Loss: 0.306943
Epoch 213 [35000/84843] Loss: 0.439365
Epoch 213 [70000/84843] Loss: 0.288255
Epoch 213 - Avg Loss: 0.345098 | Train Acc: 97.23%
Val: loss=0.3552, acc=10637/10975 (96.92%)
Epoch 214 [0/84843] Loss: 0.336959
Epoch 214 [35000/84843] Loss: 0.284352
Epoch 214 [70000/84843] Loss: 0.299588
Epoch 214 - Avg Loss: 0.344541 | Train Acc: 97.17%
Val: loss=0.3544, acc=10634/10975 (96.89%)
Epoch 215 [0/84843] Loss: 0.310592
Epoch 215 [35000/84843] Loss: 0.311466
Epoch 215 [70000/84843] Loss: 0.381020
Epoch 215 - Avg Loss: 0.343415 | Train Acc: 97.27%
Val: loss=0.3574, acc=10624/10975 (96.80%)
Epoch 216 [0/84843] Loss: 0.414968
Epoch 216 [35000/84843] Loss: 0.379731
Epoch 216 [70000/84843] Loss: 0.362315
Epoch 216 - Avg Loss: 0.342676 | Train Acc: 97.26%
Val: loss=0.3624, acc=10617/10975 (96.74%)
Epoch 217 [0/84843] Loss: 0.355943
Epoch 217 [35000/84843] Loss: 0.286028
Epoch 217 [70000/84843] Loss: 0.332493
Epoch 217 - Avg Loss: 0.343557 | Train Acc: 97.28%
Val: loss=0.3568, acc=10629/10975 (96.85%)
Epoch 218 [0/84843] Loss: 0.317458
Epoch 218 [35000/84843] Loss: 0.291287
Epoch 218 [70000/84843] Loss: 0.302288
Epoch 218 - Avg Loss: 0.343095 | Train Acc: 97.27%
Val: loss=0.3591, acc=10622/10975 (96.78%)
Epoch 219 [0/84843] Loss: 0.342320
Epoch 219 [35000/84843] Loss: 0.352280
Epoch 219 [70000/84843] Loss: 0.342735
Epoch 219 - Avg Loss: 0.340453 | Train Acc: 97.37%
Val: loss=0.3626, acc=10623/10975 (96.79%)
Epoch 220 [0/84843] Loss: 0.285773
Epoch 220 [35000/84843] Loss: 0.366778
Epoch 220 [70000/84843] Loss: 0.397736
Epoch 220 - Avg Loss: 0.344306 | Train Acc: 97.18%
Val: loss=0.3574, acc=10626/10975 (96.82%)
Epoch 221 [0/84843] Loss: 0.407415
Epoch 221 [35000/84843] Loss: 0.323896
Epoch 221 [70000/84843] Loss: 0.317228
Epoch 221 - Avg Loss: 0.343581 | Train Acc: 97.20%
Val: loss=0.3592, acc=10632/10975 (96.87%)
Epoch 222 [0/84843] Loss: 0.335293
Epoch 222 [35000/84843] Loss: 0.319429
Epoch 222 [70000/84843] Loss: 0.343827
Epoch 222 - Avg Loss: 0.341512 | Train Acc: 97.33%
Val: loss=0.3577, acc=10641/10975 (96.96%)
Epoch 223 [0/84843] Loss: 0.344487
Epoch 223 [35000/84843] Loss: 0.290797
Epoch 223 [70000/84843] Loss: 0.335870
Epoch 223 - Avg Loss: 0.340982 | Train Acc: 97.38%
Val: loss=0.3606, acc=10640/10975 (96.95%)
Epoch 224 [0/84843] Loss: 0.279885
Epoch 224 [35000/84843] Loss: 0.299632
Epoch 224 [70000/84843] Loss: 0.322168
Epoch 224 - Avg Loss: 0.341384 | Train Acc: 97.35%
Val: loss=0.3558, acc=10628/10975 (96.84%)
Epoch 225 [0/84843] Loss: 0.369520
Epoch 225 [35000/84843] Loss: 0.297368
Epoch 225 [70000/84843] Loss: 0.338823
Epoch 225 - Avg Loss: 0.340846 | Train Acc: 97.36%
Val: loss=0.3588, acc=10635/10975 (96.90%)
Epoch 226 [0/84843] Loss: 0.295596
Epoch 226 [35000/84843] Loss: 0.349293
Epoch 226 [70000/84843] Loss: 0.303600
Epoch 226 - Avg Loss: 0.342433 | Train Acc: 97.27%
Val: loss=0.3616, acc=10636/10975 (96.91%)
Epoch 227 [0/84843] Loss: 0.332147
Epoch 227 [35000/84843] Loss: 0.303161
Epoch 227 [70000/84843] Loss: 0.304604
Epoch 227 - Avg Loss: 0.340774 | Train Acc: 97.35%
Val: loss=0.3569, acc=10643/10975 (96.97%)
Epoch 228 [0/84843] Loss: 0.369535
Epoch 228 [35000/84843] Loss: 0.346601
Epoch 228 [70000/84843] Loss: 0.331786
Epoch 228 - Avg Loss: 0.342846 | Train Acc: 97.29%
Val: loss=0.3547, acc=10645/10975 (96.99%)
Epoch 229 [0/84843] Loss: 0.353995
Epoch 229 [35000/84843] Loss: 0.279352
Epoch 229 [70000/84843] Loss: 0.317558
Epoch 229 - Avg Loss: 0.339904 | Train Acc: 97.38%
Val: loss=0.3532, acc=10657/10975 (97.10%)
saved best: 97.10%
Epoch 230 [0/84843] Loss: 0.290402
Epoch 230 [35000/84843] Loss: 0.375692
Epoch 230 [70000/84843] Loss: 0.287549
Epoch 230 - Avg Loss: 0.340079 | Train Acc: 97.41%
Val: loss=0.3556, acc=10650/10975 (97.04%)
Epoch 231 [0/84843] Loss: 0.285856
Epoch 231 [35000/84843] Loss: 0.284134
Epoch 231 [70000/84843] Loss: 0.370399
Epoch 231 - Avg Loss: 0.339320 | Train Acc: 97.45%
Val: loss=0.3645, acc=10604/10975 (96.62%)
Epoch 232 [0/84843] Loss: 0.304255
Epoch 232 [35000/84843] Loss: 0.321297
Epoch 232 [70000/84843] Loss: 0.376144
Epoch 232 - Avg Loss: 0.338580 | Train Acc: 97.46%
Val: loss=0.3549, acc=10645/10975 (96.99%)
Epoch 233 [0/84843] Loss: 0.387439
Epoch 233 [35000/84843] Loss: 0.320326
Epoch 233 [70000/84843] Loss: 0.301307
Epoch 233 - Avg Loss: 0.337433 | Train Acc: 97.44%
Val: loss=0.3541, acc=10652/10975 (97.06%)
Epoch 234 [0/84843] Loss: 0.344470
Epoch 234 [35000/84843] Loss: 0.459932
Epoch 234 [70000/84843] Loss: 0.310473
Epoch 234 - Avg Loss: 0.340390 | Train Acc: 97.39%
Val: loss=0.3554, acc=10640/10975 (96.95%)
Epoch 235 [0/84843] Loss: 0.385829
Epoch 235 [35000/84843] Loss: 0.310150
Epoch 235 [70000/84843] Loss: 0.352777
Epoch 235 - Avg Loss: 0.338887 | Train Acc: 97.47%
Val: loss=0.3547, acc=10633/10975 (96.88%)
Epoch 236 [0/84843] Loss: 0.323066
Epoch 236 [35000/84843] Loss: 0.292620
Epoch 236 [70000/84843] Loss: 0.321632
Epoch 236 - Avg Loss: 0.338879 | Train Acc: 97.44%
Val: loss=0.3593, acc=10628/10975 (96.84%)
Epoch 237 [0/84843] Loss: 0.328019
Epoch 237 [35000/84843] Loss: 0.285631
Epoch 237 [70000/84843] Loss: 0.345947
Epoch 237 - Avg Loss: 0.338533 | Train Acc: 97.47%
Val: loss=0.3594, acc=10629/10975 (96.85%)
Epoch 238 [0/84843] Loss: 0.375724
Epoch 238 [35000/84843] Loss: 0.454710
Epoch 238 [70000/84843] Loss: 0.333178
Epoch 238 - Avg Loss: 0.338867 | Train Acc: 97.44%
Val: loss=0.3562, acc=10659/10975 (97.12%)
saved best: 97.12%
Epoch 239 [0/84843] Loss: 0.316849
Epoch 239 [35000/84843] Loss: 0.283673
Epoch 239 [70000/84843] Loss: 0.340443
Epoch 239 - Avg Loss: 0.337945 | Train Acc: 97.52%
Val: loss=0.3577, acc=10643/10975 (96.97%)
Epoch 240 [0/84843] Loss: 0.290514
Epoch 240 [35000/84843] Loss: 0.394502
Epoch 240 [70000/84843] Loss: 0.312791
Epoch 240 - Avg Loss: 0.337638 | Train Acc: 97.48%
Val: loss=0.3523, acc=10663/10975 (97.16%)
saved best: 97.16%
Epoch 241 [0/84843] Loss: 0.313597
Epoch 241 [35000/84843] Loss: 0.415653
Epoch 241 [70000/84843] Loss: 0.366964
Epoch 241 - Avg Loss: 0.339480 | Train Acc: 97.40%
Val: loss=0.3560, acc=10654/10975 (97.08%)
Epoch 242 [0/84843] Loss: 0.343977
Epoch 242 [35000/84843] Loss: 0.397838
Epoch 242 [70000/84843] Loss: 0.287095
Epoch 242 - Avg Loss: 0.337327 | Train Acc: 97.51%
Val: loss=0.3571, acc=10633/10975 (96.88%)
Epoch 243 [0/84843] Loss: 0.286416
Epoch 243 [35000/84843] Loss: 0.455747
Epoch 243 [70000/84843] Loss: 0.296152
Epoch 243 - Avg Loss: 0.336854 | Train Acc: 97.51%
Val: loss=0.3575, acc=10634/10975 (96.89%)
Epoch 244 [0/84843] Loss: 0.419582
Epoch 244 [35000/84843] Loss: 0.438229
Epoch 244 [70000/84843] Loss: 0.349072
Epoch 244 - Avg Loss: 0.338263 | Train Acc: 97.43%
Val: loss=0.3566, acc=10635/10975 (96.90%)
Epoch 245 [0/84843] Loss: 0.284307
Epoch 245 [35000/84843] Loss: 0.368518
Epoch 245 [70000/84843] Loss: 0.326710
Epoch 245 - Avg Loss: 0.334770 | Train Acc: 97.60%
Val: loss=0.3550, acc=10654/10975 (97.08%)
Epoch 246 [0/84843] Loss: 0.369820
Epoch 246 [35000/84843] Loss: 0.293095
Epoch 246 [70000/84843] Loss: 0.369291
Epoch 246 - Avg Loss: 0.339229 | Train Acc: 97.37%
Val: loss=0.3558, acc=10639/10975 (96.94%)
Epoch 247 [0/84843] Loss: 0.303564
Epoch 247 [35000/84843] Loss: 0.300731
Epoch 247 [70000/84843] Loss: 0.276203
Epoch 247 - Avg Loss: 0.337068 | Train Acc: 97.52%
Val: loss=0.3512, acc=10662/10975 (97.15%)
Epoch 248 [0/84843] Loss: 0.363740
Epoch 248 [35000/84843] Loss: 0.350513
Epoch 248 [70000/84843] Loss: 0.383546
Epoch 248 - Avg Loss: 0.336265 | Train Acc: 97.57%
Val: loss=0.3547, acc=10651/10975 (97.05%)
Epoch 249 [0/84843] Loss: 0.334943
Epoch 249 [35000/84843] Loss: 0.435696
Epoch 249 [70000/84843] Loss: 0.283999
Epoch 249 - Avg Loss: 0.336398 | Train Acc: 97.55%
Val: loss=0.3533, acc=10654/10975 (97.08%)
Epoch 250 [0/84843] Loss: 0.312092
Epoch 250 [35000/84843] Loss: 0.323116
Epoch 250 [70000/84843] Loss: 0.289972
Epoch 250 - Avg Loss: 0.335668 | Train Acc: 97.55%
Val: loss=0.3580, acc=10628/10975 (96.84%)
Epoch 251 [0/84843] Loss: 0.335301
Epoch 251 [35000/84843] Loss: 0.357890
Epoch 251 [70000/84843] Loss: 0.381820
Epoch 251 - Avg Loss: 0.334072 | Train Acc: 97.63%
Val: loss=0.3537, acc=10667/10975 (97.19%)
saved best: 97.19%
Epoch 252 [0/84843] Loss: 0.305053
Epoch 252 [35000/84843] Loss: 0.490473
Epoch 252 [70000/84843] Loss: 0.398672
Epoch 252 - Avg Loss: 0.335604 | Train Acc: 97.56%
Val: loss=0.3547, acc=10646/10975 (97.00%)
Epoch 253 [0/84843] Loss: 0.309974
Epoch 253 [35000/84843] Loss: 0.380100
Epoch 253 [70000/84843] Loss: 0.311706
Epoch 253 - Avg Loss: 0.336081 | Train Acc: 97.54%
Val: loss=0.3575, acc=10642/10975 (96.97%)
Epoch 254 [0/84843] Loss: 0.303506
Epoch 254 [35000/84843] Loss: 0.276482
Epoch 254 [70000/84843] Loss: 0.312566
Epoch 254 - Avg Loss: 0.335951 | Train Acc: 97.56%
Val: loss=0.3529, acc=10665/10975 (97.18%)
Epoch 255 [0/84843] Loss: 0.367826
Epoch 255 [35000/84843] Loss: 0.311127
Epoch 255 [70000/84843] Loss: 0.299533
Epoch 255 - Avg Loss: 0.336585 | Train Acc: 97.54%
Val: loss=0.3556, acc=10643/10975 (96.97%)
Epoch 256 [0/84843] Loss: 0.365210
Epoch 256 [35000/84843] Loss: 0.325828
Epoch 256 [70000/84843] Loss: 0.317068
Epoch 256 - Avg Loss: 0.333912 | Train Acc: 97.62%
Val: loss=0.3517, acc=10664/10975 (97.17%)
Epoch 257 [0/84843] Loss: 0.340580
Epoch 257 [35000/84843] Loss: 0.302585
Epoch 257 [70000/84843] Loss: 0.412604
Epoch 257 - Avg Loss: 0.335578 | Train Acc: 97.58%
Val: loss=0.3592, acc=10628/10975 (96.84%)
Epoch 258 [0/84843] Loss: 0.318210
Epoch 258 [35000/84843] Loss: 0.377302
Epoch 258 [70000/84843] Loss: 0.333874
Epoch 258 - Avg Loss: 0.333731 | Train Acc: 97.64%
Val: loss=0.3547, acc=10649/10975 (97.03%)
Epoch 259 [0/84843] Loss: 0.280264
Epoch 259 [35000/84843] Loss: 0.289116
Epoch 259 [70000/84843] Loss: 0.293399
Epoch 259 - Avg Loss: 0.333791 | Train Acc: 97.64%
Val: loss=0.3547, acc=10643/10975 (96.97%)
Epoch 260 [0/84843] Loss: 0.367306
Epoch 260 [35000/84843] Loss: 0.374706
Epoch 260 [70000/84843] Loss: 0.316073
Epoch 260 - Avg Loss: 0.332471 | Train Acc: 97.71%
Val: loss=0.3612, acc=10643/10975 (96.97%)
Epoch 261 [0/84843] Loss: 0.382463
Epoch 261 [35000/84843] Loss: 0.401112
Epoch 261 [70000/84843] Loss: 0.273305
Epoch 261 - Avg Loss: 0.333909 | Train Acc: 97.63%
Val: loss=0.3533, acc=10647/10975 (97.01%)
Epoch 262 [0/84843] Loss: 0.290800
Epoch 262 [35000/84843] Loss: 0.311058
Epoch 262 [70000/84843] Loss: 0.312549
Epoch 262 - Avg Loss: 0.332075 | Train Acc: 97.70%
Val: loss=0.3541, acc=10648/10975 (97.02%)
Epoch 263 [0/84843] Loss: 0.329028
Epoch 263 [35000/84843] Loss: 0.326597
Epoch 263 [70000/84843] Loss: 0.368501
Epoch 263 - Avg Loss: 0.333711 | Train Acc: 97.64%
Val: loss=0.3605, acc=10638/10975 (96.93%)
Epoch 264 [0/84843] Loss: 0.422847
Epoch 264 [35000/84843] Loss: 0.293700
Epoch 264 [70000/84843] Loss: 0.285679
Epoch 264 - Avg Loss: 0.332925 | Train Acc: 97.67%
Val: loss=0.3565, acc=10647/10975 (97.01%)
Epoch 265 [0/84843] Loss: 0.296727
Epoch 265 [35000/84843] Loss: 0.294399
Epoch 265 [70000/84843] Loss: 0.424656
Epoch 265 - Avg Loss: 0.332200 | Train Acc: 97.69%
Val: loss=0.3574, acc=10648/10975 (97.02%)
Epoch 266 [0/84843] Loss: 0.404572
Epoch 266 [35000/84843] Loss: 0.292310
Epoch 266 [70000/84843] Loss: 0.315461
Epoch 266 - Avg Loss: 0.331714 | Train Acc: 97.71%
Val: loss=0.3516, acc=10659/10975 (97.12%)
Epoch 267 [0/84843] Loss: 0.279951
Epoch 267 [35000/84843] Loss: 0.452474
Epoch 267 [70000/84843] Loss: 0.367840
Epoch 267 - Avg Loss: 0.332359 | Train Acc: 97.66%
Val: loss=0.3545, acc=10653/10975 (97.07%)
Epoch 268 [0/84843] Loss: 0.414955
Epoch 268 [35000/84843] Loss: 0.384341
Epoch 268 [70000/84843] Loss: 0.345042
Epoch 268 - Avg Loss: 0.332703 | Train Acc: 97.70%
Val: loss=0.3536, acc=10651/10975 (97.05%)
Epoch 269 [0/84843] Loss: 0.324904
Epoch 269 [35000/84843] Loss: 0.289948
Epoch 269 [70000/84843] Loss: 0.286901
Epoch 269 - Avg Loss: 0.331451 | Train Acc: 97.77%
Val: loss=0.3549, acc=10649/10975 (97.03%)
Epoch 270 [0/84843] Loss: 0.340744
Epoch 270 [35000/84843] Loss: 0.297830
Epoch 270 [70000/84843] Loss: 0.345083
Epoch 270 - Avg Loss: 0.331049 | Train Acc: 97.72%
Val: loss=0.3549, acc=10646/10975 (97.00%)
Epoch 271 [0/84843] Loss: 0.377790
Epoch 271 [35000/84843] Loss: 0.339743
Epoch 271 [70000/84843] Loss: 0.355011
Epoch 271 - Avg Loss: 0.332787 | Train Acc: 97.69%
Val: loss=0.3523, acc=10649/10975 (97.03%)
Epoch 272 [0/84843] Loss: 0.384489
Epoch 272 [35000/84843] Loss: 0.289908
Epoch 272 [70000/84843] Loss: 0.279476
Epoch 272 - Avg Loss: 0.329532 | Train Acc: 97.77%
Val: loss=0.3538, acc=10660/10975 (97.13%)
Epoch 273 [0/84843] Loss: 0.299464
Epoch 273 [35000/84843] Loss: 0.354018
Epoch 273 [70000/84843] Loss: 0.324979
Epoch 273 - Avg Loss: 0.330550 | Train Acc: 97.74%
Val: loss=0.3582, acc=10638/10975 (96.93%)
Epoch 274 [0/84843] Loss: 0.405239
Epoch 274 [35000/84843] Loss: 0.381638
Epoch 274 [70000/84843] Loss: 0.316165
Epoch 274 - Avg Loss: 0.331631 | Train Acc: 97.71%
Val: loss=0.3558, acc=10646/10975 (97.00%)
Epoch 275 [0/84843] Loss: 0.360748
Epoch 275 [35000/84843] Loss: 0.280915
Epoch 275 [70000/84843] Loss: 0.312994
Epoch 275 - Avg Loss: 0.329958 | Train Acc: 97.82%
Val: loss=0.3545, acc=10647/10975 (97.01%)
Epoch 276 [0/84843] Loss: 0.318665
Epoch 276 [35000/84843] Loss: 0.442388
Epoch 276 [70000/84843] Loss: 0.283845
Epoch 276 - Avg Loss: 0.329971 | Train Acc: 97.77%
Val: loss=0.3521, acc=10659/10975 (97.12%)
Epoch 277 [0/84843] Loss: 0.318864
Epoch 277 [35000/84843] Loss: 0.377582
Epoch 277 [70000/84843] Loss: 0.389856
Epoch 277 - Avg Loss: 0.328910 | Train Acc: 97.83%
Val: loss=0.3553, acc=10661/10975 (97.14%)
Epoch 278 [0/84843] Loss: 0.300598
Epoch 278 [35000/84843] Loss: 0.344470
Epoch 278 [70000/84843] Loss: 0.286252
Epoch 278 - Avg Loss: 0.331168 | Train Acc: 97.72%
Val: loss=0.3573, acc=10640/10975 (96.95%)
Epoch 279 [0/84843] Loss: 0.313369
Epoch 279 [35000/84843] Loss: 0.290330
Epoch 279 [70000/84843] Loss: 0.366122
Epoch 279 - Avg Loss: 0.329991 | Train Acc: 97.76%
Val: loss=0.3540, acc=10661/10975 (97.14%)
Epoch 280 [0/84843] Loss: 0.290290
Epoch 280 [35000/84843] Loss: 0.303310
Epoch 280 [70000/84843] Loss: 0.320085
Epoch 280 - Avg Loss: 0.329400 | Train Acc: 97.80%
Val: loss=0.3566, acc=10640/10975 (96.95%)
Epoch 281 [0/84843] Loss: 0.328175
Epoch 281 [35000/84843] Loss: 0.326961
Epoch 281 [70000/84843] Loss: 0.330783
Epoch 281 - Avg Loss: 0.330360 | Train Acc: 97.74%
Val: loss=0.3557, acc=10651/10975 (97.05%)
Epoch 282 [0/84843] Loss: 0.286162
Epoch 282 [35000/84843] Loss: 0.311490
Epoch 282 [70000/84843] Loss: 0.283886
Epoch 282 - Avg Loss: 0.329280 | Train Acc: 97.79%
Val: loss=0.3533, acc=10653/10975 (97.07%)
Epoch 283 [0/84843] Loss: 0.278808
Epoch 283 [35000/84843] Loss: 0.306197
Epoch 283 [70000/84843] Loss: 0.332327
Epoch 283 - Avg Loss: 0.328211 | Train Acc: 97.87%
Val: loss=0.3528, acc=10659/10975 (97.12%)
Epoch 284 [0/84843] Loss: 0.282690
Epoch 284 [35000/84843] Loss: 0.303430
Epoch 284 [70000/84843] Loss: 0.289051
Epoch 284 - Avg Loss: 0.327882 | Train Acc: 97.83%
Val: loss=0.3545, acc=10654/10975 (97.08%)
Epoch 285 [0/84843] Loss: 0.292075
Epoch 285 [35000/84843] Loss: 0.341826
Epoch 285 [70000/84843] Loss: 0.370537
Epoch 285 - Avg Loss: 0.328455 | Train Acc: 97.83%
Val: loss=0.3519, acc=10671/10975 (97.23%)
saved best: 97.23%
Epoch 286 [0/84843] Loss: 0.287125
Epoch 286 [35000/84843] Loss: 0.297722
Epoch 286 [70000/84843] Loss: 0.335889
Epoch 286 - Avg Loss: 0.328096 | Train Acc: 97.86%
Val: loss=0.3521, acc=10666/10975 (97.18%)
Epoch 287 [0/84843] Loss: 0.316765
Epoch 287 [35000/84843] Loss: 0.365459
Epoch 287 [70000/84843] Loss: 0.354399
Epoch 287 - Avg Loss: 0.329782 | Train Acc: 97.77%
Val: loss=0.3527, acc=10656/10975 (97.09%)
Epoch 288 [0/84843] Loss: 0.320436
Epoch 288 [35000/84843] Loss: 0.280543
Epoch 288 [70000/84843] Loss: 0.329271
Epoch 288 - Avg Loss: 0.327758 | Train Acc: 97.87%
Val: loss=0.3527, acc=10656/10975 (97.09%)
Epoch 289 [0/84843] Loss: 0.328577
Epoch 289 [35000/84843] Loss: 0.349324
Epoch 289 [70000/84843] Loss: 0.368191
Epoch 289 - Avg Loss: 0.326784 | Train Acc: 97.93%
Val: loss=0.3500, acc=10676/10975 (97.28%)
saved best: 97.28%
Epoch 290 [0/84843] Loss: 0.304357
Epoch 290 [35000/84843] Loss: 0.278359
Epoch 290 [70000/84843] Loss: 0.339623
Epoch 290 - Avg Loss: 0.326772 | Train Acc: 97.93%
Val: loss=0.3544, acc=10657/10975 (97.10%)
Epoch 291 [0/84843] Loss: 0.327595
Epoch 291 [35000/84843] Loss: 0.359718
Epoch 291 [70000/84843] Loss: 0.335366
Epoch 291 - Avg Loss: 0.327609 | Train Acc: 97.86%
Val: loss=0.3537, acc=10651/10975 (97.05%)
Epoch 292 [0/84843] Loss: 0.421711
Epoch 292 [35000/84843] Loss: 0.305609
Epoch 292 [70000/84843] Loss: 0.411085
Epoch 292 - Avg Loss: 0.327999 | Train Acc: 97.84%
Val: loss=0.3535, acc=10647/10975 (97.01%)
Epoch 293 [0/84843] Loss: 0.279767
Epoch 293 [35000/84843] Loss: 0.422872
Epoch 293 [70000/84843] Loss: 0.282687
Epoch 293 - Avg Loss: 0.326801 | Train Acc: 97.86%
Val: loss=0.3525, acc=10658/10975 (97.11%)
Epoch 294 [0/84843] Loss: 0.304993
Epoch 294 [35000/84843] Loss: 0.316157
Epoch 294 [70000/84843] Loss: 0.272330
Epoch 294 - Avg Loss: 0.326941 | Train Acc: 97.92%
Val: loss=0.3532, acc=10651/10975 (97.05%)
Epoch 295 [0/84843] Loss: 0.341828
Epoch 295 [35000/84843] Loss: 0.347144
Epoch 295 [70000/84843] Loss: 0.295460
Epoch 295 - Avg Loss: 0.326239 | Train Acc: 97.92%
Val: loss=0.3535, acc=10653/10975 (97.07%)
Epoch 296 [0/84843] Loss: 0.298437
Epoch 296 [35000/84843] Loss: 0.327752
Epoch 296 [70000/84843] Loss: 0.365752
Epoch 296 - Avg Loss: 0.326397 | Train Acc: 97.91%
Val: loss=0.3527, acc=10663/10975 (97.16%)
Epoch 297 [0/84843] Loss: 0.326311
Epoch 297 [35000/84843] Loss: 0.279805
Epoch 297 [70000/84843] Loss: 0.310518
Epoch 297 - Avg Loss: 0.325577 | Train Acc: 97.92%
Val: loss=0.3532, acc=10650/10975 (97.04%)
Epoch 298 [0/84843] Loss: 0.310476
Epoch 298 [35000/84843] Loss: 0.376315
Epoch 298 [70000/84843] Loss: 0.360868
Epoch 298 - Avg Loss: 0.325102 | Train Acc: 97.96%
Val: loss=0.3541, acc=10662/10975 (97.15%)
Epoch 299 [0/84843] Loss: 0.293418
Epoch 299 [35000/84843] Loss: 0.300087
Epoch 299 [70000/84843] Loss: 0.287756
Epoch 299 - Avg Loss: 0.325304 | Train Acc: 97.99%
Val: loss=0.3512, acc=10656/10975 (97.09%)
Epoch 300 [0/84843] Loss: 0.329876
Epoch 300 [35000/84843] Loss: 0.315458
Epoch 300 [70000/84843] Loss: 0.328375
Epoch 300 - Avg Loss: 0.325783 | Train Acc: 97.92%
Val: loss=0.3536, acc=10652/10975 (97.06%)
Epoch 301 [0/84843] Loss: 0.357627
Epoch 301 [35000/84843] Loss: 0.344169
Epoch 301 [70000/84843] Loss: 0.405335
Epoch 301 - Avg Loss: 0.326421 | Train Acc: 97.87%
Val: loss=0.3520, acc=10657/10975 (97.10%)
Epoch 302 [0/84843] Loss: 0.274208
Epoch 302 [35000/84843] Loss: 0.322136
Epoch 302 [70000/84843] Loss: 0.311798
Epoch 302 - Avg Loss: 0.325944 | Train Acc: 97.94%
Val: loss=0.3493, acc=10671/10975 (97.23%)
Epoch 303 [0/84843] Loss: 0.282730
Epoch 303 [35000/84843] Loss: 0.316060
Epoch 303 [70000/84843] Loss: 0.339373
Epoch 303 - Avg Loss: 0.324395 | Train Acc: 97.98%
Val: loss=0.3532, acc=10661/10975 (97.14%)
Epoch 304 [0/84843] Loss: 0.283068
Epoch 304 [35000/84843] Loss: 0.279628
Epoch 304 [70000/84843] Loss: 0.378657
Epoch 304 - Avg Loss: 0.325239 | Train Acc: 97.97%
Val: loss=0.3531, acc=10662/10975 (97.15%)
Epoch 305 [0/84843] Loss: 0.286713
Epoch 305 [35000/84843] Loss: 0.309670
Epoch 305 [70000/84843] Loss: 0.360195
Epoch 305 - Avg Loss: 0.325976 | Train Acc: 97.92%
Val: loss=0.3500, acc=10667/10975 (97.19%)
Epoch 306 [0/84843] Loss: 0.304881
Epoch 306 [35000/84843] Loss: 0.398598
Epoch 306 [70000/84843] Loss: 0.302104
Epoch 306 - Avg Loss: 0.324033 | Train Acc: 98.03%
Val: loss=0.3502, acc=10670/10975 (97.22%)
Epoch 307 [0/84843] Loss: 0.338239
Epoch 307 [35000/84843] Loss: 0.286652
Epoch 307 [70000/84843] Loss: 0.281420
Epoch 307 - Avg Loss: 0.324270 | Train Acc: 97.98%
Val: loss=0.3555, acc=10643/10975 (96.97%)
Epoch 308 [0/84843] Loss: 0.303367
Epoch 308 [35000/84843] Loss: 0.283399
Epoch 308 [70000/84843] Loss: 0.292821
Epoch 308 - Avg Loss: 0.323870 | Train Acc: 97.99%
Val: loss=0.3532, acc=10654/10975 (97.08%)
Epoch 309 [0/84843] Loss: 0.304802
Epoch 309 [35000/84843] Loss: 0.310207
Epoch 309 [70000/84843] Loss: 0.274499
Epoch 309 - Avg Loss: 0.323005 | Train Acc: 98.08%
Val: loss=0.3515, acc=10663/10975 (97.16%)
Epoch 310 [0/84843] Loss: 0.340839
Epoch 310 [35000/84843] Loss: 0.362894
Epoch 310 [70000/84843] Loss: 0.291814
Epoch 310 - Avg Loss: 0.323604 | Train Acc: 98.04%
Val: loss=0.3543, acc=10652/10975 (97.06%)
Epoch 311 [0/84843] Loss: 0.306541
Epoch 311 [35000/84843] Loss: 0.278453
Epoch 311 [70000/84843] Loss: 0.389884
Epoch 311 - Avg Loss: 0.323640 | Train Acc: 98.03%
Val: loss=0.3511, acc=10672/10975 (97.24%)
Epoch 312 [0/84843] Loss: 0.304609
Epoch 312 [35000/84843] Loss: 0.302401
Epoch 312 [70000/84843] Loss: 0.285799
Epoch 312 - Avg Loss: 0.323763 | Train Acc: 97.99%
Val: loss=0.3510, acc=10672/10975 (97.24%)
Epoch 313 [0/84843] Loss: 0.331959
Epoch 313 [35000/84843] Loss: 0.323549
Epoch 313 [70000/84843] Loss: 0.288888
Epoch 313 - Avg Loss: 0.322914 | Train Acc: 98.07%
Val: loss=0.3531, acc=10658/10975 (97.11%)
Epoch 314 [0/84843] Loss: 0.297014
Epoch 314 [35000/84843] Loss: 0.310163
Epoch 314 [70000/84843] Loss: 0.375765
Epoch 314 - Avg Loss: 0.322480 | Train Acc: 98.08%
Val: loss=0.3537, acc=10665/10975 (97.18%)
Epoch 315 [0/84843] Loss: 0.324107
Epoch 315 [35000/84843] Loss: 0.318554
Epoch 315 [70000/84843] Loss: 0.284585
Epoch 315 - Avg Loss: 0.323377 | Train Acc: 98.05%
Val: loss=0.3541, acc=10664/10975 (97.17%)
Epoch 316 [0/84843] Loss: 0.275739
Epoch 316 [35000/84843] Loss: 0.316936
Epoch 316 [70000/84843] Loss: 0.420978
Epoch 316 - Avg Loss: 0.323161 | Train Acc: 98.02%
Val: loss=0.3525, acc=10670/10975 (97.22%)
Epoch 317 [0/84843] Loss: 0.287557
Epoch 317 [35000/84843] Loss: 0.381819
Epoch 317 [70000/84843] Loss: 0.443906
Epoch 317 - Avg Loss: 0.321997 | Train Acc: 98.10%
Val: loss=0.3534, acc=10664/10975 (97.17%)
Epoch 318 [0/84843] Loss: 0.306864
Epoch 318 [35000/84843] Loss: 0.423729
Epoch 318 [70000/84843] Loss: 0.272934
Epoch 318 - Avg Loss: 0.321837 | Train Acc: 98.14%
Val: loss=0.3526, acc=10667/10975 (97.19%)
Epoch 319 [0/84843] Loss: 0.364316
Epoch 319 [35000/84843] Loss: 0.284367
Epoch 319 [70000/84843] Loss: 0.281970
Epoch 319 - Avg Loss: 0.321973 | Train Acc: 98.09%
Val: loss=0.3528, acc=10667/10975 (97.19%)
Epoch 320 [0/84843] Loss: 0.346892
Epoch 320 [35000/84843] Loss: 0.291884
Epoch 320 [70000/84843] Loss: 0.377057
Epoch 320 - Avg Loss: 0.321784 | Train Acc: 98.09%
Val: loss=0.3530, acc=10667/10975 (97.19%)
Epoch 321 [0/84843] Loss: 0.393171
Epoch 321 [35000/84843] Loss: 0.341682
Epoch 321 [70000/84843] Loss: 0.287150
Epoch 321 - Avg Loss: 0.321228 | Train Acc: 98.13%
Val: loss=0.3498, acc=10670/10975 (97.22%)
Epoch 322 [0/84843] Loss: 0.359743
Epoch 322 [35000/84843] Loss: 0.310368
Epoch 322 [70000/84843] Loss: 0.342435
Epoch 322 - Avg Loss: 0.322567 | Train Acc: 98.07%
Val: loss=0.3511, acc=10661/10975 (97.14%)
Epoch 323 [0/84843] Loss: 0.295129
Epoch 323 [35000/84843] Loss: 0.309022
Epoch 323 [70000/84843] Loss: 0.296399
Epoch 323 - Avg Loss: 0.322242 | Train Acc: 98.08%
Val: loss=0.3495, acc=10684/10975 (97.35%)
saved best: 97.35%
Epoch 324 [0/84843] Loss: 0.273347
Epoch 324 [35000/84843] Loss: 0.353858
Epoch 324 [70000/84843] Loss: 0.329206
Epoch 324 - Avg Loss: 0.322406 | Train Acc: 98.09%
Val: loss=0.3494, acc=10671/10975 (97.23%)
Epoch 325 [0/84843] Loss: 0.354316
Epoch 325 [35000/84843] Loss: 0.380871
Epoch 325 [70000/84843] Loss: 0.275866
Epoch 325 - Avg Loss: 0.320902 | Train Acc: 98.11%
Val: loss=0.3529, acc=10678/10975 (97.29%)
Epoch 326 [0/84843] Loss: 0.335628
Epoch 326 [35000/84843] Loss: 0.291790
Epoch 326 [70000/84843] Loss: 0.305379
Epoch 326 - Avg Loss: 0.320133 | Train Acc: 98.17%
Val: loss=0.3538, acc=10663/10975 (97.16%)
Epoch 327 [0/84843] Loss: 0.343788
Epoch 327 [35000/84843] Loss: 0.333971
Epoch 327 [70000/84843] Loss: 0.279823
Epoch 327 - Avg Loss: 0.321019 | Train Acc: 98.12%
Val: loss=0.3520, acc=10673/10975 (97.25%)
Epoch 328 [0/84843] Loss: 0.289211
Epoch 328 [35000/84843] Loss: 0.280026
Epoch 328 [70000/84843] Loss: 0.386266
Epoch 328 - Avg Loss: 0.320114 | Train Acc: 98.17%
Val: loss=0.3517, acc=10674/10975 (97.26%)
Epoch 329 [0/84843] Loss: 0.336798
Epoch 329 [35000/84843] Loss: 0.300311
Epoch 329 [70000/84843] Loss: 0.271710
Epoch 329 - Avg Loss: 0.321293 | Train Acc: 98.12%
Val: loss=0.3544, acc=10648/10975 (97.02%)
Epoch 330 [0/84843] Loss: 0.388798
Epoch 330 [35000/84843] Loss: 0.278123
Epoch 330 [70000/84843] Loss: 0.274836
Epoch 330 - Avg Loss: 0.321622 | Train Acc: 98.11%
Val: loss=0.3481, acc=10679/10975 (97.30%)
Epoch 331 [0/84843] Loss: 0.276830
Epoch 331 [35000/84843] Loss: 0.282040
Epoch 331 [70000/84843] Loss: 0.315089
Epoch 331 - Avg Loss: 0.320960 | Train Acc: 98.11%
Val: loss=0.3523, acc=10672/10975 (97.24%)
Epoch 332 [0/84843] Loss: 0.327803
Epoch 332 [35000/84843] Loss: 0.354962
Epoch 332 [70000/84843] Loss: 0.289758
Epoch 332 - Avg Loss: 0.319788 | Train Acc: 98.18%
Val: loss=0.3520, acc=10668/10975 (97.20%)
Epoch 333 [0/84843] Loss: 0.296085
Epoch 333 [35000/84843] Loss: 0.397277
Epoch 333 [70000/84843] Loss: 0.371250
Epoch 333 - Avg Loss: 0.319871 | Train Acc: 98.17%
Val: loss=0.3516, acc=10671/10975 (97.23%)
Epoch 334 [0/84843] Loss: 0.296678
Epoch 334 [35000/84843] Loss: 0.302294
Epoch 334 [70000/84843] Loss: 0.326984
Epoch 334 - Avg Loss: 0.320692 | Train Acc: 98.15%
Val: loss=0.3496, acc=10671/10975 (97.23%)
Epoch 335 [0/84843] Loss: 0.306699
Epoch 335 [35000/84843] Loss: 0.332545
Epoch 335 [70000/84843] Loss: 0.281844
Epoch 335 - Avg Loss: 0.319652 | Train Acc: 98.20%
Val: loss=0.3509, acc=10674/10975 (97.26%)
Epoch 336 [0/84843] Loss: 0.285191
Epoch 336 [35000/84843] Loss: 0.290756
Epoch 336 [70000/84843] Loss: 0.279997
Epoch 336 - Avg Loss: 0.320805 | Train Acc: 98.13%
Val: loss=0.3496, acc=10677/10975 (97.28%)
Epoch 337 [0/84843] Loss: 0.301312
Epoch 337 [35000/84843] Loss: 0.335671
Epoch 337 [70000/84843] Loss: 0.354851
Epoch 337 - Avg Loss: 0.321349 | Train Acc: 98.11%
Val: loss=0.3487, acc=10677/10975 (97.28%)
Epoch 338 [0/84843] Loss: 0.342877
Epoch 338 [35000/84843] Loss: 0.335331
Epoch 338 [70000/84843] Loss: 0.321353
Epoch 338 - Avg Loss: 0.319761 | Train Acc: 98.20%
Val: loss=0.3510, acc=10675/10975 (97.27%)
Epoch 339 [0/84843] Loss: 0.288615
Epoch 339 [35000/84843] Loss: 0.332739
Epoch 339 [70000/84843] Loss: 0.339413
Epoch 339 - Avg Loss: 0.320207 | Train Acc: 98.15%
Val: loss=0.3501, acc=10677/10975 (97.28%)
Epoch 340 [0/84843] Loss: 0.311957
Epoch 340 [35000/84843] Loss: 0.319363
Epoch 340 [70000/84843] Loss: 0.381879
Epoch 340 - Avg Loss: 0.319777 | Train Acc: 98.16%
Val: loss=0.3505, acc=10681/10975 (97.32%)
Epoch 341 [0/84843] Loss: 0.312479
Epoch 341 [35000/84843] Loss: 0.383123
Epoch 341 [70000/84843] Loss: 0.341177
Epoch 341 - Avg Loss: 0.319385 | Train Acc: 98.18%
Val: loss=0.3497, acc=10677/10975 (97.28%)
Epoch 342 [0/84843] Loss: 0.364688
Epoch 342 [35000/84843] Loss: 0.282429
Epoch 342 [70000/84843] Loss: 0.315642
Epoch 342 - Avg Loss: 0.319502 | Train Acc: 98.19%
Val: loss=0.3492, acc=10670/10975 (97.22%)
Epoch 343 [0/84843] Loss: 0.301537
Epoch 343 [35000/84843] Loss: 0.324564
Epoch 343 [70000/84843] Loss: 0.273809
Epoch 343 - Avg Loss: 0.319588 | Train Acc: 98.18%
Val: loss=0.3514, acc=10672/10975 (97.24%)
Epoch 344 [0/84843] Loss: 0.273682
Epoch 344 [35000/84843] Loss: 0.285477
Epoch 344 [70000/84843] Loss: 0.312179
Epoch 344 - Avg Loss: 0.317381 | Train Acc: 98.26%
Val: loss=0.3504, acc=10676/10975 (97.28%)
Epoch 345 [0/84843] Loss: 0.282153
Epoch 345 [35000/84843] Loss: 0.352140
Epoch 345 [70000/84843] Loss: 0.291852
Epoch 345 - Avg Loss: 0.319023 | Train Acc: 98.20%
Val: loss=0.3521, acc=10672/10975 (97.24%)
Epoch 346 [0/84843] Loss: 0.342538
Epoch 346 [35000/84843] Loss: 0.359610
Epoch 346 [70000/84843] Loss: 0.334285
Epoch 346 - Avg Loss: 0.318864 | Train Acc: 98.18%
Val: loss=0.3512, acc=10678/10975 (97.29%)
Epoch 347 [0/84843] Loss: 0.323974
Epoch 347 [35000/84843] Loss: 0.393164
Epoch 347 [70000/84843] Loss: 0.341288
Epoch 347 - Avg Loss: 0.320101 | Train Acc: 98.16%
Val: loss=0.3501, acc=10675/10975 (97.27%)
Epoch 348 [0/84843] Loss: 0.304661
Epoch 348 [35000/84843] Loss: 0.301000
Epoch 348 [70000/84843] Loss: 0.364208
Epoch 348 - Avg Loss: 0.317330 | Train Acc: 98.28%
Val: loss=0.3501, acc=10684/10975 (97.35%)
Epoch 349 [0/84843] Loss: 0.272047
Epoch 349 [35000/84843] Loss: 0.327877
Epoch 349 [70000/84843] Loss: 0.275854
Epoch 349 - Avg Loss: 0.317763 | Train Acc: 98.29%
Val: loss=0.3505, acc=10673/10975 (97.25%)
Epoch 350 [0/84843] Loss: 0.301875
Epoch 350 [35000/84843] Loss: 0.284499
Epoch 350 [70000/84843] Loss: 0.354301
Epoch 350 - Avg Loss: 0.318498 | Train Acc: 98.22%
Val: loss=0.3498, acc=10680/10975 (97.31%)
Epoch 351 [0/84843] Loss: 0.361884
Epoch 351 [35000/84843] Loss: 0.290975
Epoch 351 [70000/84843] Loss: 0.302170
Epoch 351 - Avg Loss: 0.317361 | Train Acc: 98.27%
Val: loss=0.3519, acc=10662/10975 (97.15%)
Epoch 352 [0/84843] Loss: 0.333555
Epoch 352 [35000/84843] Loss: 0.276629
Epoch 352 [70000/84843] Loss: 0.295294
Epoch 352 - Avg Loss: 0.320031 | Train Acc: 98.17%
Val: loss=0.3497, acc=10676/10975 (97.28%)
Epoch 353 [0/84843] Loss: 0.325587
Epoch 353 [35000/84843] Loss: 0.285268
Epoch 353 [70000/84843] Loss: 0.281031
Epoch 353 - Avg Loss: 0.317797 | Train Acc: 98.28%
Val: loss=0.3500, acc=10678/10975 (97.29%)
Epoch 354 [0/84843] Loss: 0.337730
Epoch 354 [35000/84843] Loss: 0.352353
Epoch 354 [70000/84843] Loss: 0.309901
Epoch 354 - Avg Loss: 0.318988 | Train Acc: 98.22%
Val: loss=0.3506, acc=10676/10975 (97.28%)
Epoch 355 [0/84843] Loss: 0.340648
Epoch 355 [35000/84843] Loss: 0.368021
Epoch 355 [70000/84843] Loss: 0.289868
Epoch 355 - Avg Loss: 0.317223 | Train Acc: 98.26%
Val: loss=0.3497, acc=10676/10975 (97.28%)
Epoch 356 [0/84843] Loss: 0.319639
Epoch 356 [35000/84843] Loss: 0.321172
Epoch 356 [70000/84843] Loss: 0.366542
Epoch 356 - Avg Loss: 0.316720 | Train Acc: 98.27%
Val: loss=0.3508, acc=10671/10975 (97.23%)
Epoch 357 [0/84843] Loss: 0.308092
Epoch 357 [35000/84843] Loss: 0.325237
Epoch 357 [70000/84843] Loss: 0.287177
Epoch 357 - Avg Loss: 0.317861 | Train Acc: 98.25%
Val: loss=0.3491, acc=10686/10975 (97.37%)
saved best: 97.37%
Epoch 358 [0/84843] Loss: 0.327516
Epoch 358 [35000/84843] Loss: 0.341932
Epoch 358 [70000/84843] Loss: 0.276984
Epoch 358 - Avg Loss: 0.318282 | Train Acc: 98.24%
Val: loss=0.3509, acc=10675/10975 (97.27%)
Epoch 359 [0/84843] Loss: 0.271958
Epoch 359 [35000/84843] Loss: 0.328439
Epoch 359 [70000/84843] Loss: 0.400462
Epoch 359 - Avg Loss: 0.317496 | Train Acc: 98.26%
Val: loss=0.3494, acc=10683/10975 (97.34%)
Epoch 360 [0/84843] Loss: 0.302506
Epoch 360 [35000/84843] Loss: 0.294882
Epoch 360 [70000/84843] Loss: 0.294629
Epoch 360 - Avg Loss: 0.315766 | Train Acc: 98.35%
Val: loss=0.3499, acc=10681/10975 (97.32%)
Epoch 361 [0/84843] Loss: 0.329486
Epoch 361 [35000/84843] Loss: 0.294584
Epoch 361 [70000/84843] Loss: 0.356350
Epoch 361 - Avg Loss: 0.316812 | Train Acc: 98.27%
Val: loss=0.3496, acc=10675/10975 (97.27%)
Epoch 362 [0/84843] Loss: 0.291646
Epoch 362 [35000/84843] Loss: 0.297766
Epoch 362 [70000/84843] Loss: 0.313407
Epoch 362 - Avg Loss: 0.319008 | Train Acc: 98.23%
Val: loss=0.3493, acc=10681/10975 (97.32%)
Epoch 363 [0/84843] Loss: 0.275321
Epoch 363 [35000/84843] Loss: 0.285031
Epoch 363 [70000/84843] Loss: 0.375266
Epoch 363 - Avg Loss: 0.318277 | Train Acc: 98.24%
Val: loss=0.3490, acc=10674/10975 (97.26%)
Epoch 364 [0/84843] Loss: 0.292000
Epoch 364 [35000/84843] Loss: 0.342313
Epoch 364 [70000/84843] Loss: 0.277971
Epoch 364 - Avg Loss: 0.316973 | Train Acc: 98.29%
Val: loss=0.3498, acc=10677/10975 (97.28%)
Epoch 365 [0/84843] Loss: 0.342170
Epoch 365 [35000/84843] Loss: 0.326658
Epoch 365 [70000/84843] Loss: 0.329811
Epoch 365 - Avg Loss: 0.317944 | Train Acc: 98.27%
Val: loss=0.3483, acc=10678/10975 (97.29%)
Epoch 366 [0/84843] Loss: 0.274026
Epoch 366 [35000/84843] Loss: 0.287602
Epoch 366 [70000/84843] Loss: 0.295719
Epoch 366 - Avg Loss: 0.317463 | Train Acc: 98.27%
Val: loss=0.3496, acc=10684/10975 (97.35%)
Epoch 367 [0/84843] Loss: 0.279168
Epoch 367 [35000/84843] Loss: 0.277656
Epoch 367 [70000/84843] Loss: 0.336550
Epoch 367 - Avg Loss: 0.316929 | Train Acc: 98.29%
Val: loss=0.3489, acc=10689/10975 (97.39%)
saved best: 97.39%
Epoch 368 [0/84843] Loss: 0.302806
Epoch 368 [35000/84843] Loss: 0.318320
Epoch 368 [70000/84843] Loss: 0.301839
Epoch 368 - Avg Loss: 0.317391 | Train Acc: 98.25%
Val: loss=0.3492, acc=10686/10975 (97.37%)
Epoch 369 [0/84843] Loss: 0.288084
Epoch 369 [35000/84843] Loss: 0.273202
Epoch 369 [70000/84843] Loss: 0.281933
Epoch 369 - Avg Loss: 0.317402 | Train Acc: 98.27%
Val: loss=0.3495, acc=10680/10975 (97.31%)
Epoch 370 [0/84843] Loss: 0.352517
Epoch 370 [35000/84843] Loss: 0.341786
Epoch 370 [70000/84843] Loss: 0.285691
Epoch 370 - Avg Loss: 0.317343 | Train Acc: 98.27%
Val: loss=0.3489, acc=10685/10975 (97.36%)
Epoch 371 [0/84843] Loss: 0.309259
Epoch 371 [35000/84843] Loss: 0.285200
Epoch 371 [70000/84843] Loss: 0.274020
Epoch 371 - Avg Loss: 0.316053 | Train Acc: 98.31%
Val: loss=0.3488, acc=10691/10975 (97.41%)
saved best: 97.41%
Epoch 372 [0/84843] Loss: 0.283604
Epoch 372 [35000/84843] Loss: 0.359543
Epoch 372 [70000/84843] Loss: 0.419101
Epoch 372 - Avg Loss: 0.316751 | Train Acc: 98.31%
Val: loss=0.3492, acc=10686/10975 (97.37%)
Epoch 373 [0/84843] Loss: 0.272815
Epoch 373 [35000/84843] Loss: 0.318592
Epoch 373 [70000/84843] Loss: 0.308133
Epoch 373 - Avg Loss: 0.316537 | Train Acc: 98.28%
Val: loss=0.3492, acc=10690/10975 (97.40%)
Epoch 374 [0/84843] Loss: 0.326478
Epoch 374 [35000/84843] Loss: 0.281130
Epoch 374 [70000/84843] Loss: 0.300074
Epoch 374 - Avg Loss: 0.317958 | Train Acc: 98.26%
Val: loss=0.3503, acc=10681/10975 (97.32%)
Epoch 375 [0/84843] Loss: 0.306085
Epoch 375 [35000/84843] Loss: 0.284262
Epoch 375 [70000/84843] Loss: 0.313545
Epoch 375 - Avg Loss: 0.317790 | Train Acc: 98.26%
Val: loss=0.3487, acc=10683/10975 (97.34%)
Epoch 376 [0/84843] Loss: 0.329137
Epoch 376 [35000/84843] Loss: 0.292256
Epoch 376 [70000/84843] Loss: 0.304090
Epoch 376 - Avg Loss: 0.316467 | Train Acc: 98.31%
Val: loss=0.3495, acc=10683/10975 (97.34%)
Epoch 377 [0/84843] Loss: 0.278006
Epoch 377 [35000/84843] Loss: 0.344548
Epoch 377 [70000/84843] Loss: 0.310915
Epoch 377 - Avg Loss: 0.316763 | Train Acc: 98.31%
Val: loss=0.3501, acc=10681/10975 (97.32%)
Epoch 378 [0/84843] Loss: 0.291716
Epoch 378 [35000/84843] Loss: 0.308776
Epoch 378 [70000/84843] Loss: 0.299673
Epoch 378 - Avg Loss: 0.316354 | Train Acc: 98.30%
Val: loss=0.3494, acc=10685/10975 (97.36%)
Epoch 379 [0/84843] Loss: 0.367976
Epoch 379 [35000/84843] Loss: 0.292371
Epoch 379 [70000/84843] Loss: 0.338467
Epoch 379 - Avg Loss: 0.316001 | Train Acc: 98.36%
Val: loss=0.3486, acc=10688/10975 (97.38%)
Epoch 380 [0/84843] Loss: 0.296933
Epoch 380 [35000/84843] Loss: 0.280727
Epoch 380 [70000/84843] Loss: 0.338833
Epoch 380 - Avg Loss: 0.316367 | Train Acc: 98.30%
Val: loss=0.3489, acc=10687/10975 (97.38%)
Epoch 381 [0/84843] Loss: 0.321987
Epoch 381 [35000/84843] Loss: 0.456396
Epoch 381 [70000/84843] Loss: 0.376194
Epoch 381 - Avg Loss: 0.316760 | Train Acc: 98.28%
Val: loss=0.3489, acc=10683/10975 (97.34%)
Epoch 382 [0/84843] Loss: 0.395214
Epoch 382 [35000/84843] Loss: 0.281687
Epoch 382 [70000/84843] Loss: 0.290672
Epoch 382 - Avg Loss: 0.316302 | Train Acc: 98.29%
Val: loss=0.3491, acc=10683/10975 (97.34%)
Epoch 383 [0/84843] Loss: 0.278864
Epoch 383 [35000/84843] Loss: 0.330067
Epoch 383 [70000/84843] Loss: 0.298929
Epoch 383 - Avg Loss: 0.315977 | Train Acc: 98.34%
Val: loss=0.3493, acc=10681/10975 (97.32%)
Epoch 384 [0/84843] Loss: 0.320026
Epoch 384 [35000/84843] Loss: 0.283038
Epoch 384 [70000/84843] Loss: 0.302342
Epoch 384 - Avg Loss: 0.316175 | Train Acc: 98.33%
Val: loss=0.3493, acc=10682/10975 (97.33%)
Epoch 385 [0/84843] Loss: 0.326509
Epoch 385 [35000/84843] Loss: 0.286174
Epoch 385 [70000/84843] Loss: 0.318303
Epoch 385 - Avg Loss: 0.316021 | Train Acc: 98.35%
Val: loss=0.3490, acc=10687/10975 (97.38%)
Epoch 386 [0/84843] Loss: 0.315279
Epoch 386 [35000/84843] Loss: 0.281274
Epoch 386 [70000/84843] Loss: 0.273959
Epoch 386 - Avg Loss: 0.317009 | Train Acc: 98.28%
Val: loss=0.3492, acc=10684/10975 (97.35%)
Epoch 387 [0/84843] Loss: 0.301086
Epoch 387 [35000/84843] Loss: 0.283845
Epoch 387 [70000/84843] Loss: 0.347053
Epoch 387 - Avg Loss: 0.315897 | Train Acc: 98.34%
Val: loss=0.3493, acc=10685/10975 (97.36%)
Epoch 388 [0/84843] Loss: 0.294090
Epoch 388 [35000/84843] Loss: 0.298846
Epoch 388 [70000/84843] Loss: 0.306784
Epoch 388 - Avg Loss: 0.317114 | Train Acc: 98.26%
Val: loss=0.3491, acc=10682/10975 (97.33%)
Epoch 389 [0/84843] Loss: 0.374407
Epoch 389 [35000/84843] Loss: 0.363502
Epoch 389 [70000/84843] Loss: 0.335567
Epoch 389 - Avg Loss: 0.316410 | Train Acc: 98.31%
Val: loss=0.3490, acc=10684/10975 (97.35%)
Epoch 390 [0/84843] Loss: 0.304648
Epoch 390 [35000/84843] Loss: 0.412304
Epoch 390 [70000/84843] Loss: 0.407973
Epoch 390 - Avg Loss: 0.316949 | Train Acc: 98.30%
Val: loss=0.3489, acc=10686/10975 (97.37%)
Epoch 391 [0/84843] Loss: 0.309958
Epoch 391 [35000/84843] Loss: 0.360198
Epoch 391 [70000/84843] Loss: 0.293984
Epoch 391 - Avg Loss: 0.315669 | Train Acc: 98.33%
Val: loss=0.3490, acc=10686/10975 (97.37%)
Epoch 392 [0/84843] Loss: 0.277426
Epoch 392 [35000/84843] Loss: 0.324742
Epoch 392 [70000/84843] Loss: 0.284782
Epoch 392 - Avg Loss: 0.316063 | Train Acc: 98.35%
Val: loss=0.3489, acc=10686/10975 (97.37%)
Epoch 393 [0/84843] Loss: 0.302241
Epoch 393 [35000/84843] Loss: 0.297703
Epoch 393 [70000/84843] Loss: 0.279657
Epoch 393 - Avg Loss: 0.316290 | Train Acc: 98.31%
Val: loss=0.3490, acc=10686/10975 (97.37%)
Epoch 394 [0/84843] Loss: 0.282873
Epoch 394 [35000/84843] Loss: 0.288775
Epoch 394 [70000/84843] Loss: 0.280118
Epoch 394 - Avg Loss: 0.314433 | Train Acc: 98.37%
Val: loss=0.3490, acc=10686/10975 (97.37%)
Epoch 395 [0/84843] Loss: 0.282747
Epoch 395 [35000/84843] Loss: 0.339313
Epoch 395 [70000/84843] Loss: 0.283623
Epoch 395 - Avg Loss: 0.316406 | Train Acc: 98.32%
Val: loss=0.3490, acc=10688/10975 (97.38%)
Epoch 396 [0/84843] Loss: 0.481160
Epoch 396 [35000/84843] Loss: 0.289844
Epoch 396 [70000/84843] Loss: 0.292444
Epoch 396 - Avg Loss: 0.317279 | Train Acc: 98.28%
Val: loss=0.3490, acc=10687/10975 (97.38%)
Epoch 397 [0/84843] Loss: 0.330785
Epoch 397 [35000/84843] Loss: 0.328508
Epoch 397 [70000/84843] Loss: 0.281403
Epoch 397 - Avg Loss: 0.316218 | Train Acc: 98.34%
Val: loss=0.3490, acc=10687/10975 (97.38%)
Epoch 398 [0/84843] Loss: 0.338242
Epoch 398 [35000/84843] Loss: 0.284087
Epoch 398 [70000/84843] Loss: 0.288837
Epoch 398 - Avg Loss: 0.316340 | Train Acc: 98.32%
Val: loss=0.3491, acc=10687/10975 (97.38%)
Epoch 399 [0/84843] Loss: 0.326019
Epoch 399 [35000/84843] Loss: 0.372064
Epoch 399 [70000/84843] Loss: 0.285300
Epoch 399 - Avg Loss: 0.317612 | Train Acc: 98.24%
Val: loss=0.3490, acc=10687/10975 (97.38%)
Epoch 400 [0/84843] Loss: 0.298066
Epoch 400 [35000/84843] Loss: 0.341285
Epoch 400 [70000/84843] Loss: 0.273494
Epoch 400 - Avg Loss: 0.315893 | Train Acc: 98.34%
Val: loss=0.3494, acc=10686/10975 (97.37%)
Test: loss=0.3514, acc=11776/12101 (97.31%)
Saved plot to /scratch/work/lainem31/PTQ_project/keyword_spotting/plots/17518365/train_val_24_mels_delta_17518365_10.png
