Running feature config: 24_mels_delta (task 11)
SpecAugment freq_mask=14 time_mask=15
Device: cuda
Feature config: 24_mels_delta -> {'n_mels': 24, 'use_delta': True, 'use_delta_delta': False}
SpecAugment: True freq_mask=14 time_mask=15
GPU Name: Tesla V100-PCIE-32GB
GPU Memory: 34.07 GB
Total model parameters: 47,628
Epoch 1 [0/84843] Loss: 2.442024
Epoch 1 [35000/84843] Loss: 1.667396
Epoch 1 [70000/84843] Loss: 1.635744
Epoch 1 - Avg Loss: 1.697078 | Train Acc: 55.67%
Val: loss=1.5866, acc=6243/10975 (56.88%)
saved best: 56.88%
Epoch 2 [0/84843] Loss: 1.447702
Epoch 2 [35000/84843] Loss: 1.365764
Epoch 2 [70000/84843] Loss: 1.548994
Epoch 2 - Avg Loss: 1.417496 | Train Acc: 64.55%
Val: loss=1.3911, acc=7242/10975 (65.99%)
saved best: 65.99%
Epoch 3 [0/84843] Loss: 1.302066
Epoch 3 [35000/84843] Loss: 1.248995
Epoch 3 [70000/84843] Loss: 1.308986
Epoch 3 - Avg Loss: 1.356368 | Train Acc: 66.78%
Val: loss=1.3780, acc=7260/10975 (66.15%)
saved best: 66.15%
Epoch 4 [0/84843] Loss: 1.343431
Epoch 4 [35000/84843] Loss: 1.196011
Epoch 4 [70000/84843] Loss: 1.095885
Epoch 4 - Avg Loss: 1.338301 | Train Acc: 66.78%
Val: loss=1.3309, acc=7277/10975 (66.31%)
saved best: 66.31%
Epoch 5 [0/84843] Loss: 1.185949
Epoch 5 [35000/84843] Loss: 1.230411
Epoch 5 [70000/84843] Loss: 1.260138
Epoch 5 - Avg Loss: 1.282976 | Train Acc: 67.08%
Val: loss=1.2441, acc=7428/10975 (67.68%)
saved best: 67.68%
Epoch 6 [0/84843] Loss: 1.505382
Epoch 6 [35000/84843] Loss: 1.152844
Epoch 6 [70000/84843] Loss: 1.038749
Epoch 6 - Avg Loss: 1.220026 | Train Acc: 67.80%
Val: loss=1.1903, acc=7396/10975 (67.39%)
Epoch 7 [0/84843] Loss: 1.314363
Epoch 7 [35000/84843] Loss: 0.997925
Epoch 7 [70000/84843] Loss: 1.020791
Epoch 7 - Avg Loss: 1.180505 | Train Acc: 68.16%
Val: loss=1.1302, acc=7460/10975 (67.97%)
saved best: 67.97%
Epoch 8 [0/84843] Loss: 1.374626
Epoch 8 [35000/84843] Loss: 0.941559
Epoch 8 [70000/84843] Loss: 1.066817
Epoch 8 - Avg Loss: 1.138720 | Train Acc: 68.72%
Val: loss=1.0711, acc=7724/10975 (70.38%)
saved best: 70.38%
Epoch 9 [0/84843] Loss: 0.892037
Epoch 9 [35000/84843] Loss: 1.273789
Epoch 9 [70000/84843] Loss: 1.067881
Epoch 9 - Avg Loss: 1.107329 | Train Acc: 69.98%
Val: loss=1.0442, acc=7813/10975 (71.19%)
saved best: 71.19%
Epoch 10 [0/84843] Loss: 1.189449
Epoch 10 [35000/84843] Loss: 0.923397
Epoch 10 [70000/84843] Loss: 0.844085
Epoch 10 - Avg Loss: 1.071297 | Train Acc: 70.91%
Val: loss=1.0024, acc=7875/10975 (71.75%)
saved best: 71.75%
Epoch 11 [0/84843] Loss: 0.942486
Epoch 11 [35000/84843] Loss: 1.012181
Epoch 11 [70000/84843] Loss: 1.037806
Epoch 11 - Avg Loss: 1.040997 | Train Acc: 71.37%
Val: loss=0.9690, acc=7901/10975 (71.99%)
saved best: 71.99%
Epoch 12 [0/84843] Loss: 0.944596
Epoch 12 [35000/84843] Loss: 0.926023
Epoch 12 [70000/84843] Loss: 0.892388
Epoch 12 - Avg Loss: 1.004883 | Train Acc: 72.11%
Val: loss=0.9311, acc=8036/10975 (73.22%)
saved best: 73.22%
Epoch 13 [0/84843] Loss: 0.819930
Epoch 13 [35000/84843] Loss: 0.986622
Epoch 13 [70000/84843] Loss: 0.988793
Epoch 13 - Avg Loss: 0.973665 | Train Acc: 73.06%
Val: loss=0.8886, acc=8374/10975 (76.30%)
saved best: 76.30%
Epoch 14 [0/84843] Loss: 1.017373
Epoch 14 [35000/84843] Loss: 0.907945
Epoch 14 [70000/84843] Loss: 0.988168
Epoch 14 - Avg Loss: 0.938971 | Train Acc: 74.43%
Val: loss=0.8451, acc=8529/10975 (77.71%)
saved best: 77.71%
Epoch 15 [0/84843] Loss: 1.204380
Epoch 15 [35000/84843] Loss: 0.997664
Epoch 15 [70000/84843] Loss: 1.065730
Epoch 15 - Avg Loss: 0.902036 | Train Acc: 75.73%
Val: loss=0.8147, acc=8751/10975 (79.74%)
saved best: 79.74%
Epoch 16 [0/84843] Loss: 0.732618
Epoch 16 [35000/84843] Loss: 0.582113
Epoch 16 [70000/84843] Loss: 0.845078
Epoch 16 - Avg Loss: 0.868476 | Train Acc: 77.03%
Val: loss=0.7945, acc=8889/10975 (80.99%)
saved best: 80.99%
Epoch 17 [0/84843] Loss: 0.908076
Epoch 17 [35000/84843] Loss: 0.569021
Epoch 17 [70000/84843] Loss: 0.912653
Epoch 17 - Avg Loss: 0.832640 | Train Acc: 78.31%
Val: loss=0.7433, acc=9072/10975 (82.66%)
saved best: 82.66%
Epoch 18 [0/84843] Loss: 0.810391
Epoch 18 [35000/84843] Loss: 0.933339
Epoch 18 [70000/84843] Loss: 0.696788
Epoch 18 - Avg Loss: 0.802115 | Train Acc: 79.32%
Val: loss=0.6977, acc=9239/10975 (84.18%)
saved best: 84.18%
Epoch 19 [0/84843] Loss: 0.855278
Epoch 19 [35000/84843] Loss: 0.759723
Epoch 19 [70000/84843] Loss: 0.682998
Epoch 19 - Avg Loss: 0.764756 | Train Acc: 81.00%
Val: loss=0.6581, acc=9511/10975 (86.66%)
saved best: 86.66%
Epoch 20 [0/84843] Loss: 0.668942
Epoch 20 [35000/84843] Loss: 0.882283
Epoch 20 [70000/84843] Loss: 0.524333
Epoch 20 - Avg Loss: 0.728550 | Train Acc: 82.83%
Val: loss=0.6298, acc=9635/10975 (87.79%)
saved best: 87.79%
Epoch 21 [0/84843] Loss: 0.890323
Epoch 21 [35000/84843] Loss: 0.915712
Epoch 21 [70000/84843] Loss: 0.714322
Epoch 21 - Avg Loss: 0.696773 | Train Acc: 84.17%
Val: loss=0.5938, acc=9733/10975 (88.68%)
saved best: 88.68%
Epoch 22 [0/84843] Loss: 0.615130
Epoch 22 [35000/84843] Loss: 0.565705
Epoch 22 [70000/84843] Loss: 0.573193
Epoch 22 - Avg Loss: 0.667422 | Train Acc: 85.24%
Val: loss=0.5776, acc=9824/10975 (89.51%)
saved best: 89.51%
Epoch 23 [0/84843] Loss: 0.466549
Epoch 23 [35000/84843] Loss: 0.667173
Epoch 23 [70000/84843] Loss: 0.780231
Epoch 23 - Avg Loss: 0.649053 | Train Acc: 85.94%
Val: loss=0.5560, acc=9903/10975 (90.23%)
saved best: 90.23%
Epoch 24 [0/84843] Loss: 0.426558
Epoch 24 [35000/84843] Loss: 0.549353
Epoch 24 [70000/84843] Loss: 0.529600
Epoch 24 - Avg Loss: 0.630975 | Train Acc: 86.57%
Val: loss=0.5441, acc=9942/10975 (90.59%)
saved best: 90.59%
Epoch 25 [0/84843] Loss: 0.412566
Epoch 25 [35000/84843] Loss: 0.613703
Epoch 25 [70000/84843] Loss: 0.598816
Epoch 25 - Avg Loss: 0.611491 | Train Acc: 87.38%
Val: loss=0.5299, acc=9979/10975 (90.92%)
saved best: 90.92%
Epoch 26 [0/84843] Loss: 0.549521
Epoch 26 [35000/84843] Loss: 0.486239
Epoch 26 [70000/84843] Loss: 0.542264
Epoch 26 - Avg Loss: 0.598058 | Train Acc: 87.82%
Val: loss=0.5131, acc=10072/10975 (91.77%)
saved best: 91.77%
Epoch 27 [0/84843] Loss: 0.473595
Epoch 27 [35000/84843] Loss: 0.635759
Epoch 27 [70000/84843] Loss: 0.441492
Epoch 27 - Avg Loss: 0.585642 | Train Acc: 88.34%
Val: loss=0.5103, acc=10054/10975 (91.61%)
Epoch 28 [0/84843] Loss: 0.637846
Epoch 28 [35000/84843] Loss: 0.628910
Epoch 28 [70000/84843] Loss: 0.476786
Epoch 28 - Avg Loss: 0.571683 | Train Acc: 88.80%
Val: loss=0.4976, acc=10132/10975 (92.32%)
saved best: 92.32%
Epoch 29 [0/84843] Loss: 0.429345
Epoch 29 [35000/84843] Loss: 0.583996
Epoch 29 [70000/84843] Loss: 0.772091
Epoch 29 - Avg Loss: 0.558183 | Train Acc: 89.47%
Val: loss=0.4801, acc=10207/10975 (93.00%)
saved best: 93.00%
Epoch 30 [0/84843] Loss: 0.585085
Epoch 30 [35000/84843] Loss: 0.431489
Epoch 30 [70000/84843] Loss: 0.522684
Epoch 30 - Avg Loss: 0.550068 | Train Acc: 89.57%
Val: loss=0.4751, acc=10232/10975 (93.23%)
saved best: 93.23%
Epoch 31 [0/84843] Loss: 0.399462
Epoch 31 [35000/84843] Loss: 0.638713
Epoch 31 [70000/84843] Loss: 0.439451
Epoch 31 - Avg Loss: 0.542434 | Train Acc: 89.89%
Val: loss=0.4724, acc=10216/10975 (93.08%)
Epoch 32 [0/84843] Loss: 0.409001
Epoch 32 [35000/84843] Loss: 0.594994
Epoch 32 [70000/84843] Loss: 0.594234
Epoch 32 - Avg Loss: 0.534728 | Train Acc: 90.31%
Val: loss=0.4754, acc=10189/10975 (92.84%)
Epoch 33 [0/84843] Loss: 0.569434
Epoch 33 [35000/84843] Loss: 0.423864
Epoch 33 [70000/84843] Loss: 0.550965
Epoch 33 - Avg Loss: 0.524479 | Train Acc: 90.65%
Val: loss=0.4643, acc=10271/10975 (93.59%)
saved best: 93.59%
Epoch 34 [0/84843] Loss: 0.546753
Epoch 34 [35000/84843] Loss: 0.406249
Epoch 34 [70000/84843] Loss: 0.509279
Epoch 34 - Avg Loss: 0.518471 | Train Acc: 90.76%
Val: loss=0.4555, acc=10280/10975 (93.67%)
saved best: 93.67%
Epoch 35 [0/84843] Loss: 0.312108
Epoch 35 [35000/84843] Loss: 0.612292
Epoch 35 [70000/84843] Loss: 0.472414
Epoch 35 - Avg Loss: 0.510130 | Train Acc: 91.14%
Val: loss=0.4515, acc=10314/10975 (93.98%)
saved best: 93.98%
Epoch 36 [0/84843] Loss: 0.467848
Epoch 36 [35000/84843] Loss: 0.572652
Epoch 36 [70000/84843] Loss: 0.518231
Epoch 36 - Avg Loss: 0.504113 | Train Acc: 91.38%
Val: loss=0.4568, acc=10270/10975 (93.58%)
Epoch 37 [0/84843] Loss: 0.514419
Epoch 37 [35000/84843] Loss: 0.766766
Epoch 37 [70000/84843] Loss: 0.457144
Epoch 37 - Avg Loss: 0.498697 | Train Acc: 91.56%
Val: loss=0.4412, acc=10332/10975 (94.14%)
saved best: 94.14%
Epoch 38 [0/84843] Loss: 0.385879
Epoch 38 [35000/84843] Loss: 0.446914
Epoch 38 [70000/84843] Loss: 0.654672
Epoch 38 - Avg Loss: 0.496426 | Train Acc: 91.61%
Val: loss=0.4324, acc=10370/10975 (94.49%)
saved best: 94.49%
Epoch 39 [0/84843] Loss: 0.449746
Epoch 39 [35000/84843] Loss: 0.435578
Epoch 39 [70000/84843] Loss: 0.400737
Epoch 39 - Avg Loss: 0.487605 | Train Acc: 91.91%
Val: loss=0.4375, acc=10358/10975 (94.38%)
Epoch 40 [0/84843] Loss: 0.532432
Epoch 40 [35000/84843] Loss: 0.440014
Epoch 40 [70000/84843] Loss: 0.600606
Epoch 40 - Avg Loss: 0.483193 | Train Acc: 92.10%
Val: loss=0.4340, acc=10349/10975 (94.30%)
Epoch 41 [0/84843] Loss: 0.513184
Epoch 41 [35000/84843] Loss: 0.362442
Epoch 41 [70000/84843] Loss: 0.550656
Epoch 41 - Avg Loss: 0.478771 | Train Acc: 92.16%
Val: loss=0.4239, acc=10406/10975 (94.82%)
saved best: 94.82%
Epoch 42 [0/84843] Loss: 0.483666
Epoch 42 [35000/84843] Loss: 0.365468
Epoch 42 [70000/84843] Loss: 0.383689
Epoch 42 - Avg Loss: 0.474203 | Train Acc: 92.48%
Val: loss=0.4358, acc=10354/10975 (94.34%)
Epoch 43 [0/84843] Loss: 0.572172
Epoch 43 [35000/84843] Loss: 0.429773
Epoch 43 [70000/84843] Loss: 0.445002
Epoch 43 - Avg Loss: 0.471972 | Train Acc: 92.50%
Val: loss=0.4243, acc=10382/10975 (94.60%)
Epoch 44 [0/84843] Loss: 0.446399
Epoch 44 [35000/84843] Loss: 0.345716
Epoch 44 [70000/84843] Loss: 0.529292
Epoch 44 - Avg Loss: 0.468337 | Train Acc: 92.64%
Val: loss=0.4128, acc=10423/10975 (94.97%)
saved best: 94.97%
Epoch 45 [0/84843] Loss: 0.567034
Epoch 45 [35000/84843] Loss: 0.579970
Epoch 45 [70000/84843] Loss: 0.394627
Epoch 45 - Avg Loss: 0.460674 | Train Acc: 92.88%
Val: loss=0.4086, acc=10448/10975 (95.20%)
saved best: 95.20%
Epoch 46 [0/84843] Loss: 0.402343
Epoch 46 [35000/84843] Loss: 0.396960
Epoch 46 [70000/84843] Loss: 0.538412
Epoch 46 - Avg Loss: 0.457366 | Train Acc: 93.03%
Val: loss=0.4059, acc=10461/10975 (95.32%)
saved best: 95.32%
Epoch 47 [0/84843] Loss: 0.414408
Epoch 47 [35000/84843] Loss: 0.393994
Epoch 47 [70000/84843] Loss: 0.378173
Epoch 47 - Avg Loss: 0.456089 | Train Acc: 93.06%
Val: loss=0.4069, acc=10455/10975 (95.26%)
Epoch 48 [0/84843] Loss: 0.626623
Epoch 48 [35000/84843] Loss: 0.632948
Epoch 48 [70000/84843] Loss: 0.426256
Epoch 48 - Avg Loss: 0.451354 | Train Acc: 93.29%
Val: loss=0.4065, acc=10458/10975 (95.29%)
Epoch 49 [0/84843] Loss: 0.519847
Epoch 49 [35000/84843] Loss: 0.442372
Epoch 49 [70000/84843] Loss: 0.408905
Epoch 49 - Avg Loss: 0.449282 | Train Acc: 93.27%
Val: loss=0.4057, acc=10471/10975 (95.41%)
saved best: 95.41%
Epoch 50 [0/84843] Loss: 0.378820
Epoch 50 [35000/84843] Loss: 0.469970
Epoch 50 [70000/84843] Loss: 0.498989
Epoch 50 - Avg Loss: 0.446868 | Train Acc: 93.44%
Val: loss=0.4034, acc=10465/10975 (95.35%)
Epoch 51 [0/84843] Loss: 0.433709
Epoch 51 [35000/84843] Loss: 0.596915
Epoch 51 [70000/84843] Loss: 0.410907
Epoch 51 - Avg Loss: 0.440156 | Train Acc: 93.65%
Val: loss=0.4109, acc=10439/10975 (95.12%)
Epoch 52 [0/84843] Loss: 0.596476
Epoch 52 [35000/84843] Loss: 0.340359
Epoch 52 [70000/84843] Loss: 0.401936
Epoch 52 - Avg Loss: 0.438723 | Train Acc: 93.71%
Val: loss=0.3958, acc=10491/10975 (95.59%)
saved best: 95.59%
Epoch 53 [0/84843] Loss: 0.422107
Epoch 53 [35000/84843] Loss: 0.470993
Epoch 53 [70000/84843] Loss: 0.292573
Epoch 53 - Avg Loss: 0.436761 | Train Acc: 93.76%
Val: loss=0.3986, acc=10478/10975 (95.47%)
Epoch 54 [0/84843] Loss: 0.374563
Epoch 54 [35000/84843] Loss: 0.513337
Epoch 54 [70000/84843] Loss: 0.472453
Epoch 54 - Avg Loss: 0.433550 | Train Acc: 93.84%
Val: loss=0.4012, acc=10477/10975 (95.46%)
Epoch 55 [0/84843] Loss: 0.452777
Epoch 55 [35000/84843] Loss: 0.694567
Epoch 55 [70000/84843] Loss: 0.431170
Epoch 55 - Avg Loss: 0.433318 | Train Acc: 93.89%
Val: loss=0.4046, acc=10460/10975 (95.31%)
Epoch 56 [0/84843] Loss: 0.441077
Epoch 56 [35000/84843] Loss: 0.439581
Epoch 56 [70000/84843] Loss: 0.482821
Epoch 56 - Avg Loss: 0.431779 | Train Acc: 94.01%
Val: loss=0.4021, acc=10466/10975 (95.36%)
Epoch 57 [0/84843] Loss: 0.403910
Epoch 57 [35000/84843] Loss: 0.345243
Epoch 57 [70000/84843] Loss: 0.482304
Epoch 57 - Avg Loss: 0.428860 | Train Acc: 94.07%
Val: loss=0.4084, acc=10447/10975 (95.19%)
Epoch 58 [0/84843] Loss: 0.325770
Epoch 58 [35000/84843] Loss: 0.391399
Epoch 58 [70000/84843] Loss: 0.339547
Epoch 58 - Avg Loss: 0.428202 | Train Acc: 94.09%
Val: loss=0.3986, acc=10486/10975 (95.54%)
Epoch 59 [0/84843] Loss: 0.360106
Epoch 59 [35000/84843] Loss: 0.343616
Epoch 59 [70000/84843] Loss: 0.379219
Epoch 59 - Avg Loss: 0.424156 | Train Acc: 94.28%
Val: loss=0.3981, acc=10485/10975 (95.54%)
Epoch 60 [0/84843] Loss: 0.356785
Epoch 60 [35000/84843] Loss: 0.352716
Epoch 60 [70000/84843] Loss: 0.544858
Epoch 60 - Avg Loss: 0.422437 | Train Acc: 94.33%
Val: loss=0.3905, acc=10509/10975 (95.75%)
saved best: 95.75%
Epoch 61 [0/84843] Loss: 0.430458
Epoch 61 [35000/84843] Loss: 0.551845
Epoch 61 [70000/84843] Loss: 0.412358
Epoch 61 - Avg Loss: 0.420329 | Train Acc: 94.41%
Val: loss=0.3942, acc=10509/10975 (95.75%)
Epoch 62 [0/84843] Loss: 0.474714
Epoch 62 [35000/84843] Loss: 0.525485
Epoch 62 [70000/84843] Loss: 0.425105
Epoch 62 - Avg Loss: 0.418838 | Train Acc: 94.39%
Val: loss=0.3867, acc=10527/10975 (95.92%)
saved best: 95.92%
Epoch 63 [0/84843] Loss: 0.321116
Epoch 63 [35000/84843] Loss: 0.386860
Epoch 63 [70000/84843] Loss: 0.306392
Epoch 63 - Avg Loss: 0.417128 | Train Acc: 94.47%
Val: loss=0.3895, acc=10505/10975 (95.72%)
Epoch 64 [0/84843] Loss: 0.457102
Epoch 64 [35000/84843] Loss: 0.399666
Epoch 64 [70000/84843] Loss: 0.336447
Epoch 64 - Avg Loss: 0.416957 | Train Acc: 94.52%
Val: loss=0.3854, acc=10543/10975 (96.06%)
saved best: 96.06%
Epoch 65 [0/84843] Loss: 0.385415
Epoch 65 [35000/84843] Loss: 0.405818
Epoch 65 [70000/84843] Loss: 0.356651
Epoch 65 - Avg Loss: 0.415613 | Train Acc: 94.55%
Val: loss=0.3991, acc=10466/10975 (95.36%)
Epoch 66 [0/84843] Loss: 0.308454
Epoch 66 [35000/84843] Loss: 0.440438
Epoch 66 [70000/84843] Loss: 0.598504
Epoch 66 - Avg Loss: 0.413343 | Train Acc: 94.65%
Val: loss=0.3863, acc=10514/10975 (95.80%)
Epoch 67 [0/84843] Loss: 0.397775
Epoch 67 [35000/84843] Loss: 0.357594
Epoch 67 [70000/84843] Loss: 0.384472
Epoch 67 - Avg Loss: 0.412406 | Train Acc: 94.71%
Val: loss=0.3812, acc=10544/10975 (96.07%)
saved best: 96.07%
Epoch 68 [0/84843] Loss: 0.346087
Epoch 68 [35000/84843] Loss: 0.353544
Epoch 68 [70000/84843] Loss: 0.480829
Epoch 68 - Avg Loss: 0.411352 | Train Acc: 94.69%
Val: loss=0.3897, acc=10527/10975 (95.92%)
Epoch 69 [0/84843] Loss: 0.395082
Epoch 69 [35000/84843] Loss: 0.317696
Epoch 69 [70000/84843] Loss: 0.405734
Epoch 69 - Avg Loss: 0.409223 | Train Acc: 94.78%
Val: loss=0.3888, acc=10513/10975 (95.79%)
Epoch 70 [0/84843] Loss: 0.328285
Epoch 70 [35000/84843] Loss: 0.548866
Epoch 70 [70000/84843] Loss: 0.428062
Epoch 70 - Avg Loss: 0.407202 | Train Acc: 94.85%
Val: loss=0.3940, acc=10486/10975 (95.54%)
Epoch 71 [0/84843] Loss: 0.399990
Epoch 71 [35000/84843] Loss: 0.336299
Epoch 71 [70000/84843] Loss: 0.305754
Epoch 71 - Avg Loss: 0.408729 | Train Acc: 94.86%
Val: loss=0.3842, acc=10523/10975 (95.88%)
Epoch 72 [0/84843] Loss: 0.366581
Epoch 72 [35000/84843] Loss: 0.524616
Epoch 72 [70000/84843] Loss: 0.382845
Epoch 72 - Avg Loss: 0.405774 | Train Acc: 94.94%
Val: loss=0.3868, acc=10518/10975 (95.84%)
Epoch 73 [0/84843] Loss: 0.412265
Epoch 73 [35000/84843] Loss: 0.422008
Epoch 73 [70000/84843] Loss: 0.467462
Epoch 73 - Avg Loss: 0.405764 | Train Acc: 94.91%
Val: loss=0.3853, acc=10523/10975 (95.88%)
Epoch 74 [0/84843] Loss: 0.463047
Epoch 74 [35000/84843] Loss: 0.376372
Epoch 74 [70000/84843] Loss: 0.441584
Epoch 74 - Avg Loss: 0.406514 | Train Acc: 94.90%
Val: loss=0.3845, acc=10536/10975 (96.00%)
Epoch 75 [0/84843] Loss: 0.409788
Epoch 75 [35000/84843] Loss: 0.398163
Epoch 75 [70000/84843] Loss: 0.602785
Epoch 75 - Avg Loss: 0.405306 | Train Acc: 94.92%
Val: loss=0.3821, acc=10535/10975 (95.99%)
Epoch 76 [0/84843] Loss: 0.468889
Epoch 76 [35000/84843] Loss: 0.466842
Epoch 76 [70000/84843] Loss: 0.589369
Epoch 76 - Avg Loss: 0.403165 | Train Acc: 94.99%
Val: loss=0.3863, acc=10527/10975 (95.92%)
Epoch 77 [0/84843] Loss: 0.423934
Epoch 77 [35000/84843] Loss: 0.329452
Epoch 77 [70000/84843] Loss: 0.392644
Epoch 77 - Avg Loss: 0.401440 | Train Acc: 95.05%
Val: loss=0.3743, acc=10558/10975 (96.20%)
saved best: 96.20%
Epoch 78 [0/84843] Loss: 0.361498
Epoch 78 [35000/84843] Loss: 0.315903
Epoch 78 [70000/84843] Loss: 0.394473
Epoch 78 - Avg Loss: 0.400586 | Train Acc: 95.13%
Val: loss=0.3831, acc=10536/10975 (96.00%)
Epoch 79 [0/84843] Loss: 0.399538
Epoch 79 [35000/84843] Loss: 0.418140
Epoch 79 [70000/84843] Loss: 0.351578
Epoch 79 - Avg Loss: 0.398660 | Train Acc: 95.24%
Val: loss=0.3833, acc=10547/10975 (96.10%)
Epoch 80 [0/84843] Loss: 0.420592
Epoch 80 [35000/84843] Loss: 0.362922
Epoch 80 [70000/84843] Loss: 0.321001
Epoch 80 - Avg Loss: 0.399029 | Train Acc: 95.20%
Val: loss=0.3828, acc=10552/10975 (96.15%)
Epoch 81 [0/84843] Loss: 0.358758
Epoch 81 [35000/84843] Loss: 0.352517
Epoch 81 [70000/84843] Loss: 0.424285
Epoch 81 - Avg Loss: 0.400443 | Train Acc: 95.20%
Val: loss=0.3813, acc=10535/10975 (95.99%)
Epoch 82 [0/84843] Loss: 0.412818
Epoch 82 [35000/84843] Loss: 0.331171
Epoch 82 [70000/84843] Loss: 0.363214
Epoch 82 - Avg Loss: 0.397028 | Train Acc: 95.28%
Val: loss=0.3731, acc=10565/10975 (96.26%)
saved best: 96.26%
Epoch 83 [0/84843] Loss: 0.407652
Epoch 83 [35000/84843] Loss: 0.391191
Epoch 83 [70000/84843] Loss: 0.305277
Epoch 83 - Avg Loss: 0.397194 | Train Acc: 95.21%
Val: loss=0.3824, acc=10525/10975 (95.90%)
Epoch 84 [0/84843] Loss: 0.362573
Epoch 84 [35000/84843] Loss: 0.454537
Epoch 84 [70000/84843] Loss: 0.410664
Epoch 84 - Avg Loss: 0.395371 | Train Acc: 95.32%
Val: loss=0.3721, acc=10565/10975 (96.26%)
Epoch 85 [0/84843] Loss: 0.414252
Epoch 85 [35000/84843] Loss: 0.373890
Epoch 85 [70000/84843] Loss: 0.538509
Epoch 85 - Avg Loss: 0.395824 | Train Acc: 95.26%
Val: loss=0.3811, acc=10535/10975 (95.99%)
Epoch 86 [0/84843] Loss: 0.493086
Epoch 86 [35000/84843] Loss: 0.473291
Epoch 86 [70000/84843] Loss: 0.452892
Epoch 86 - Avg Loss: 0.394564 | Train Acc: 95.34%
Val: loss=0.3728, acc=10553/10975 (96.15%)
Epoch 87 [0/84843] Loss: 0.390924
Epoch 87 [35000/84843] Loss: 0.355928
Epoch 87 [70000/84843] Loss: 0.448498
Epoch 87 - Avg Loss: 0.395079 | Train Acc: 95.30%
Val: loss=0.3923, acc=10487/10975 (95.55%)
Epoch 88 [0/84843] Loss: 0.341094
Epoch 88 [35000/84843] Loss: 0.342499
Epoch 88 [70000/84843] Loss: 0.347486
Epoch 88 - Avg Loss: 0.394091 | Train Acc: 95.34%
Val: loss=0.3840, acc=10537/10975 (96.01%)
Epoch 89 [0/84843] Loss: 0.425351
Epoch 89 [35000/84843] Loss: 0.334484
Epoch 89 [70000/84843] Loss: 0.391732
Epoch 89 - Avg Loss: 0.393847 | Train Acc: 95.37%
Val: loss=0.3751, acc=10562/10975 (96.24%)
Epoch 90 [0/84843] Loss: 0.350272
Epoch 90 [35000/84843] Loss: 0.347081
Epoch 90 [70000/84843] Loss: 0.371607
Epoch 90 - Avg Loss: 0.391706 | Train Acc: 95.39%
Val: loss=0.3822, acc=10536/10975 (96.00%)
Epoch 91 [0/84843] Loss: 0.521855
Epoch 91 [35000/84843] Loss: 0.288206
Epoch 91 [70000/84843] Loss: 0.300759
Epoch 91 - Avg Loss: 0.394628 | Train Acc: 95.33%
Val: loss=0.3844, acc=10526/10975 (95.91%)
Epoch 92 [0/84843] Loss: 0.335370
Epoch 92 [35000/84843] Loss: 0.460687
Epoch 92 [70000/84843] Loss: 0.438873
Epoch 92 - Avg Loss: 0.392790 | Train Acc: 95.38%
Val: loss=0.3820, acc=10541/10975 (96.05%)
Epoch 93 [0/84843] Loss: 0.352409
Epoch 93 [35000/84843] Loss: 0.399177
Epoch 93 [70000/84843] Loss: 0.356999
Epoch 93 - Avg Loss: 0.391679 | Train Acc: 95.50%
Val: loss=0.3754, acc=10566/10975 (96.27%)
saved best: 96.27%
Epoch 94 [0/84843] Loss: 0.330422
Epoch 94 [35000/84843] Loss: 0.350257
Epoch 94 [70000/84843] Loss: 0.303053
Epoch 94 - Avg Loss: 0.392590 | Train Acc: 95.46%
Val: loss=0.3746, acc=10574/10975 (96.35%)
saved best: 96.35%
Epoch 95 [0/84843] Loss: 0.446586
Epoch 95 [35000/84843] Loss: 0.455492
Epoch 95 [70000/84843] Loss: 0.406522
Epoch 95 - Avg Loss: 0.390306 | Train Acc: 95.56%
Val: loss=0.3755, acc=10583/10975 (96.43%)
saved best: 96.43%
Epoch 96 [0/84843] Loss: 0.396950
Epoch 96 [35000/84843] Loss: 0.543717
Epoch 96 [70000/84843] Loss: 0.372230
Epoch 96 - Avg Loss: 0.391117 | Train Acc: 95.49%
Val: loss=0.3826, acc=10537/10975 (96.01%)
Epoch 97 [0/84843] Loss: 0.478338
Epoch 97 [35000/84843] Loss: 0.367275
Epoch 97 [70000/84843] Loss: 0.347490
Epoch 97 - Avg Loss: 0.391470 | Train Acc: 95.47%
Val: loss=0.3755, acc=10561/10975 (96.23%)
Epoch 98 [0/84843] Loss: 0.363039
Epoch 98 [35000/84843] Loss: 0.370805
Epoch 98 [70000/84843] Loss: 0.334384
Epoch 98 - Avg Loss: 0.390411 | Train Acc: 95.55%
Val: loss=0.3739, acc=10585/10975 (96.45%)
saved best: 96.45%
Epoch 99 [0/84843] Loss: 0.340320
Epoch 99 [35000/84843] Loss: 0.346346
Epoch 99 [70000/84843] Loss: 0.385881
Epoch 99 - Avg Loss: 0.388655 | Train Acc: 95.54%
Val: loss=0.3783, acc=10545/10975 (96.08%)
Epoch 100 [0/84843] Loss: 0.367213
Epoch 100 [35000/84843] Loss: 0.372625
Epoch 100 [70000/84843] Loss: 0.405097
Epoch 100 - Avg Loss: 0.388589 | Train Acc: 95.61%
Val: loss=0.3742, acc=10571/10975 (96.32%)
Epoch 101 [0/84843] Loss: 0.293539
Epoch 101 [35000/84843] Loss: 0.386602
Epoch 101 [70000/84843] Loss: 0.498467
Epoch 101 - Avg Loss: 0.387228 | Train Acc: 95.67%
Val: loss=0.3756, acc=10577/10975 (96.37%)
Epoch 102 [0/84843] Loss: 0.412922
Epoch 102 [35000/84843] Loss: 0.370863
Epoch 102 [70000/84843] Loss: 0.290774
Epoch 102 - Avg Loss: 0.385466 | Train Acc: 95.67%
Val: loss=0.3796, acc=10554/10975 (96.16%)
Epoch 103 [0/84843] Loss: 0.351038
Epoch 103 [35000/84843] Loss: 0.344483
Epoch 103 [70000/84843] Loss: 0.423258
Epoch 103 - Avg Loss: 0.384637 | Train Acc: 95.76%
Val: loss=0.3786, acc=10551/10975 (96.14%)
Epoch 104 [0/84843] Loss: 0.318096
Epoch 104 [35000/84843] Loss: 0.372646
Epoch 104 [70000/84843] Loss: 0.452187
Epoch 104 - Avg Loss: 0.385728 | Train Acc: 95.69%
Val: loss=0.3693, acc=10572/10975 (96.33%)
Epoch 105 [0/84843] Loss: 0.395835
Epoch 105 [35000/84843] Loss: 0.390603
Epoch 105 [70000/84843] Loss: 0.332502
Epoch 105 - Avg Loss: 0.386323 | Train Acc: 95.66%
Val: loss=0.3797, acc=10547/10975 (96.10%)
Epoch 106 [0/84843] Loss: 0.461751
Epoch 106 [35000/84843] Loss: 0.387360
Epoch 106 [70000/84843] Loss: 0.346903
Epoch 106 - Avg Loss: 0.384455 | Train Acc: 95.71%
Val: loss=0.3810, acc=10536/10975 (96.00%)
Epoch 107 [0/84843] Loss: 0.376811
Epoch 107 [35000/84843] Loss: 0.366777
Epoch 107 [70000/84843] Loss: 0.430239
Epoch 107 - Avg Loss: 0.383751 | Train Acc: 95.72%
Val: loss=0.3752, acc=10570/10975 (96.31%)
Epoch 108 [0/84843] Loss: 0.379971
Epoch 108 [35000/84843] Loss: 0.390572
Epoch 108 [70000/84843] Loss: 0.343507
Epoch 108 - Avg Loss: 0.385706 | Train Acc: 95.64%
Val: loss=0.3740, acc=10562/10975 (96.24%)
Epoch 109 [0/84843] Loss: 0.313324
Epoch 109 [35000/84843] Loss: 0.396711
Epoch 109 [70000/84843] Loss: 0.313058
Epoch 109 - Avg Loss: 0.384585 | Train Acc: 95.72%
Val: loss=0.3695, acc=10596/10975 (96.55%)
saved best: 96.55%
Epoch 110 [0/84843] Loss: 0.362576
Epoch 110 [35000/84843] Loss: 0.314033
Epoch 110 [70000/84843] Loss: 0.375053
Epoch 110 - Avg Loss: 0.385902 | Train Acc: 95.64%
Val: loss=0.3769, acc=10559/10975 (96.21%)
Epoch 111 [0/84843] Loss: 0.368216
Epoch 111 [35000/84843] Loss: 0.350277
Epoch 111 [70000/84843] Loss: 0.389049
Epoch 111 - Avg Loss: 0.384829 | Train Acc: 95.66%
Val: loss=0.3746, acc=10583/10975 (96.43%)
Epoch 112 [0/84843] Loss: 0.350277
Epoch 112 [35000/84843] Loss: 0.415336
Epoch 112 [70000/84843] Loss: 0.512933
Epoch 112 - Avg Loss: 0.383485 | Train Acc: 95.75%
Val: loss=0.3783, acc=10557/10975 (96.19%)
Epoch 113 [0/84843] Loss: 0.329560
Epoch 113 [35000/84843] Loss: 0.580288
Epoch 113 [70000/84843] Loss: 0.363507
Epoch 113 - Avg Loss: 0.382183 | Train Acc: 95.76%
Val: loss=0.3827, acc=10561/10975 (96.23%)
Epoch 114 [0/84843] Loss: 0.386972
Epoch 114 [35000/84843] Loss: 0.390045
Epoch 114 [70000/84843] Loss: 0.400205
Epoch 114 - Avg Loss: 0.382187 | Train Acc: 95.79%
Val: loss=0.3951, acc=10502/10975 (95.69%)
Epoch 115 [0/84843] Loss: 0.380702
Epoch 115 [35000/84843] Loss: 0.350052
Epoch 115 [70000/84843] Loss: 0.316851
Epoch 115 - Avg Loss: 0.382901 | Train Acc: 95.77%
Val: loss=0.3771, acc=10552/10975 (96.15%)
Epoch 116 [0/84843] Loss: 0.444143
Epoch 116 [35000/84843] Loss: 0.276599
Epoch 116 [70000/84843] Loss: 0.327800
Epoch 116 - Avg Loss: 0.382562 | Train Acc: 95.78%
Val: loss=0.3772, acc=10566/10975 (96.27%)
Epoch 117 [0/84843] Loss: 0.336930
Epoch 117 [35000/84843] Loss: 0.335763
Epoch 117 [70000/84843] Loss: 0.323376
Epoch 117 - Avg Loss: 0.383061 | Train Acc: 95.79%
Val: loss=0.3711, acc=10576/10975 (96.36%)
Epoch 118 [0/84843] Loss: 0.401012
Epoch 118 [35000/84843] Loss: 0.386824
Epoch 118 [70000/84843] Loss: 0.455101
Epoch 118 - Avg Loss: 0.381872 | Train Acc: 95.75%
Val: loss=0.3674, acc=10577/10975 (96.37%)
Epoch 119 [0/84843] Loss: 0.338591
Epoch 119 [35000/84843] Loss: 0.380213
Epoch 119 [70000/84843] Loss: 0.452376
Epoch 119 - Avg Loss: 0.381626 | Train Acc: 95.80%
Val: loss=0.3786, acc=10543/10975 (96.06%)
Epoch 120 [0/84843] Loss: 0.414371
Epoch 120 [35000/84843] Loss: 0.317684
Epoch 120 [70000/84843] Loss: 0.334098
Epoch 120 - Avg Loss: 0.382054 | Train Acc: 95.83%
Val: loss=0.3721, acc=10593/10975 (96.52%)
Epoch 121 [0/84843] Loss: 0.335663
Epoch 121 [35000/84843] Loss: 0.407668
Epoch 121 [70000/84843] Loss: 0.448099
Epoch 121 - Avg Loss: 0.379660 | Train Acc: 95.94%
Val: loss=0.3696, acc=10580/10975 (96.40%)
Epoch 122 [0/84843] Loss: 0.360291
Epoch 122 [35000/84843] Loss: 0.509186
Epoch 122 [70000/84843] Loss: 0.433066
Epoch 122 - Avg Loss: 0.379529 | Train Acc: 95.91%
Val: loss=0.3686, acc=10600/10975 (96.58%)
saved best: 96.58%
Epoch 123 [0/84843] Loss: 0.410250
Epoch 123 [35000/84843] Loss: 0.410746
Epoch 123 [70000/84843] Loss: 0.358538
Epoch 123 - Avg Loss: 0.380861 | Train Acc: 95.80%
Val: loss=0.3789, acc=10560/10975 (96.22%)
Epoch 124 [0/84843] Loss: 0.382749
Epoch 124 [35000/84843] Loss: 0.443864
Epoch 124 [70000/84843] Loss: 0.350567
Epoch 124 - Avg Loss: 0.377986 | Train Acc: 95.92%
Val: loss=0.3768, acc=10565/10975 (96.26%)
Epoch 125 [0/84843] Loss: 0.404770
Epoch 125 [35000/84843] Loss: 0.351168
Epoch 125 [70000/84843] Loss: 0.365442
Epoch 125 - Avg Loss: 0.375632 | Train Acc: 95.97%
Val: loss=0.3692, acc=10616/10975 (96.73%)
saved best: 96.73%
Epoch 126 [0/84843] Loss: 0.388478
Epoch 126 [35000/84843] Loss: 0.384496
Epoch 126 [70000/84843] Loss: 0.325005
Epoch 126 - Avg Loss: 0.378511 | Train Acc: 95.88%
Val: loss=0.3689, acc=10581/10975 (96.41%)
Epoch 127 [0/84843] Loss: 0.456926
Epoch 127 [35000/84843] Loss: 0.325163
Epoch 127 [70000/84843] Loss: 0.326428
Epoch 127 - Avg Loss: 0.377181 | Train Acc: 96.00%
Val: loss=0.3742, acc=10562/10975 (96.24%)
Epoch 128 [0/84843] Loss: 0.339669
Epoch 128 [35000/84843] Loss: 0.348967
Epoch 128 [70000/84843] Loss: 0.367440
Epoch 128 - Avg Loss: 0.376856 | Train Acc: 95.99%
Val: loss=0.3770, acc=10564/10975 (96.26%)
Epoch 129 [0/84843] Loss: 0.322132
Epoch 129 [35000/84843] Loss: 0.301609
Epoch 129 [70000/84843] Loss: 0.479405
Epoch 129 - Avg Loss: 0.378608 | Train Acc: 95.89%
Val: loss=0.3735, acc=10575/10975 (96.36%)
Epoch 130 [0/84843] Loss: 0.570840
Epoch 130 [35000/84843] Loss: 0.476623
Epoch 130 [70000/84843] Loss: 0.378894
Epoch 130 - Avg Loss: 0.377238 | Train Acc: 95.97%
Val: loss=0.3784, acc=10552/10975 (96.15%)
Epoch 131 [0/84843] Loss: 0.473793
Epoch 131 [35000/84843] Loss: 0.304304
Epoch 131 [70000/84843] Loss: 0.347631
Epoch 131 - Avg Loss: 0.376627 | Train Acc: 96.05%
Val: loss=0.3694, acc=10589/10975 (96.48%)
Epoch 132 [0/84843] Loss: 0.368147
Epoch 132 [35000/84843] Loss: 0.348184
Epoch 132 [70000/84843] Loss: 0.374324
Epoch 132 - Avg Loss: 0.377507 | Train Acc: 95.92%
Val: loss=0.3719, acc=10590/10975 (96.49%)
Epoch 133 [0/84843] Loss: 0.291884
Epoch 133 [35000/84843] Loss: 0.363741
Epoch 133 [70000/84843] Loss: 0.492641
Epoch 133 - Avg Loss: 0.376391 | Train Acc: 95.98%
Val: loss=0.3649, acc=10601/10975 (96.59%)
Epoch 134 [0/84843] Loss: 0.431318
Epoch 134 [35000/84843] Loss: 0.359309
Epoch 134 [70000/84843] Loss: 0.302279
Epoch 134 - Avg Loss: 0.375599 | Train Acc: 96.02%
Val: loss=0.3655, acc=10613/10975 (96.70%)
Epoch 135 [0/84843] Loss: 0.370371
Epoch 135 [35000/84843] Loss: 0.345480
Epoch 135 [70000/84843] Loss: 0.420898
Epoch 135 - Avg Loss: 0.374753 | Train Acc: 96.12%
Val: loss=0.3729, acc=10574/10975 (96.35%)
Epoch 136 [0/84843] Loss: 0.420719
Epoch 136 [35000/84843] Loss: 0.384822
Epoch 136 [70000/84843] Loss: 0.418187
Epoch 136 - Avg Loss: 0.373182 | Train Acc: 96.11%
Val: loss=0.3709, acc=10572/10975 (96.33%)
Epoch 137 [0/84843] Loss: 0.401666
Epoch 137 [35000/84843] Loss: 0.315409
Epoch 137 [70000/84843] Loss: 0.573209
Epoch 137 - Avg Loss: 0.375037 | Train Acc: 96.07%
Val: loss=0.3696, acc=10598/10975 (96.56%)
Epoch 138 [0/84843] Loss: 0.395701
Epoch 138 [35000/84843] Loss: 0.306674
Epoch 138 [70000/84843] Loss: 0.429883
Epoch 138 - Avg Loss: 0.373973 | Train Acc: 96.05%
Val: loss=0.3702, acc=10595/10975 (96.54%)
Epoch 139 [0/84843] Loss: 0.399176
Epoch 139 [35000/84843] Loss: 0.388197
Epoch 139 [70000/84843] Loss: 0.327376
Epoch 139 - Avg Loss: 0.373955 | Train Acc: 96.13%
Val: loss=0.3704, acc=10596/10975 (96.55%)
Epoch 140 [0/84843] Loss: 0.393840
Epoch 140 [35000/84843] Loss: 0.356954
Epoch 140 [70000/84843] Loss: 0.303789
Epoch 140 - Avg Loss: 0.375158 | Train Acc: 96.03%
Val: loss=0.3665, acc=10606/10975 (96.64%)
Epoch 141 [0/84843] Loss: 0.397637
Epoch 141 [35000/84843] Loss: 0.416748
Epoch 141 [70000/84843] Loss: 0.331641
Epoch 141 - Avg Loss: 0.372668 | Train Acc: 96.17%
Val: loss=0.3667, acc=10606/10975 (96.64%)
Epoch 142 [0/84843] Loss: 0.368916
Epoch 142 [35000/84843] Loss: 0.385084
Epoch 142 [70000/84843] Loss: 0.390617
Epoch 142 - Avg Loss: 0.373232 | Train Acc: 96.14%
Val: loss=0.3708, acc=10589/10975 (96.48%)
Epoch 143 [0/84843] Loss: 0.348439
Epoch 143 [35000/84843] Loss: 0.310714
Epoch 143 [70000/84843] Loss: 0.334901
Epoch 143 - Avg Loss: 0.374906 | Train Acc: 96.03%
Val: loss=0.3696, acc=10596/10975 (96.55%)
Epoch 144 [0/84843] Loss: 0.452510
Epoch 144 [35000/84843] Loss: 0.386967
Epoch 144 [70000/84843] Loss: 0.313525
Epoch 144 - Avg Loss: 0.373936 | Train Acc: 96.09%
Val: loss=0.3769, acc=10560/10975 (96.22%)
Epoch 145 [0/84843] Loss: 0.393867
Epoch 145 [35000/84843] Loss: 0.363692
Epoch 145 [70000/84843] Loss: 0.372355
Epoch 145 - Avg Loss: 0.371225 | Train Acc: 96.16%
Val: loss=0.3725, acc=10563/10975 (96.25%)
Epoch 146 [0/84843] Loss: 0.385845
Epoch 146 [35000/84843] Loss: 0.552760
Epoch 146 [70000/84843] Loss: 0.365523
Epoch 146 - Avg Loss: 0.371957 | Train Acc: 96.17%
Val: loss=0.3708, acc=10587/10975 (96.46%)
Epoch 147 [0/84843] Loss: 0.289137
Epoch 147 [35000/84843] Loss: 0.410596
Epoch 147 [70000/84843] Loss: 0.366944
Epoch 147 - Avg Loss: 0.372075 | Train Acc: 96.17%
Val: loss=0.3729, acc=10571/10975 (96.32%)
Epoch 148 [0/84843] Loss: 0.443699
Epoch 148 [35000/84843] Loss: 0.281777
Epoch 148 [70000/84843] Loss: 0.330637
Epoch 148 - Avg Loss: 0.373426 | Train Acc: 96.11%
Val: loss=0.3678, acc=10595/10975 (96.54%)
Epoch 149 [0/84843] Loss: 0.317850
Epoch 149 [35000/84843] Loss: 0.350027
Epoch 149 [70000/84843] Loss: 0.344948
Epoch 149 - Avg Loss: 0.372213 | Train Acc: 96.17%
Val: loss=0.3696, acc=10595/10975 (96.54%)
Epoch 150 [0/84843] Loss: 0.356176
Epoch 150 [35000/84843] Loss: 0.288436
Epoch 150 [70000/84843] Loss: 0.398298
Epoch 150 - Avg Loss: 0.372150 | Train Acc: 96.14%
Val: loss=0.3696, acc=10585/10975 (96.45%)
Epoch 151 [0/84843] Loss: 0.295546
Epoch 151 [35000/84843] Loss: 0.304723
Epoch 151 [70000/84843] Loss: 0.328677
Epoch 151 - Avg Loss: 0.370533 | Train Acc: 96.23%
Val: loss=0.3764, acc=10557/10975 (96.19%)
Epoch 152 [0/84843] Loss: 0.334038
Epoch 152 [35000/84843] Loss: 0.348847
Epoch 152 [70000/84843] Loss: 0.319099
Epoch 152 - Avg Loss: 0.370677 | Train Acc: 96.21%
Val: loss=0.3735, acc=10559/10975 (96.21%)
Epoch 153 [0/84843] Loss: 0.447007
Epoch 153 [35000/84843] Loss: 0.355957
Epoch 153 [70000/84843] Loss: 0.327321
Epoch 153 - Avg Loss: 0.371640 | Train Acc: 96.15%
Val: loss=0.3645, acc=10617/10975 (96.74%)
saved best: 96.74%
Epoch 154 [0/84843] Loss: 0.326524
Epoch 154 [35000/84843] Loss: 0.344722
Epoch 154 [70000/84843] Loss: 0.354417
Epoch 154 - Avg Loss: 0.368707 | Train Acc: 96.26%
Val: loss=0.3752, acc=10577/10975 (96.37%)
Epoch 155 [0/84843] Loss: 0.403806
Epoch 155 [35000/84843] Loss: 0.544693
Epoch 155 [70000/84843] Loss: 0.314002
Epoch 155 - Avg Loss: 0.370893 | Train Acc: 96.23%
Val: loss=0.3689, acc=10583/10975 (96.43%)
Epoch 156 [0/84843] Loss: 0.398308
Epoch 156 [35000/84843] Loss: 0.398294
Epoch 156 [70000/84843] Loss: 0.364294
Epoch 156 - Avg Loss: 0.370416 | Train Acc: 96.24%
Val: loss=0.3760, acc=10577/10975 (96.37%)
Epoch 157 [0/84843] Loss: 0.495609
Epoch 157 [35000/84843] Loss: 0.287020
Epoch 157 [70000/84843] Loss: 0.293417
Epoch 157 - Avg Loss: 0.368227 | Train Acc: 96.38%
Val: loss=0.3847, acc=10538/10975 (96.02%)
Epoch 158 [0/84843] Loss: 0.335385
Epoch 158 [35000/84843] Loss: 0.419982
Epoch 158 [70000/84843] Loss: 0.447102
Epoch 158 - Avg Loss: 0.369326 | Train Acc: 96.30%
Val: loss=0.3812, acc=10555/10975 (96.17%)
Epoch 159 [0/84843] Loss: 0.408124
Epoch 159 [35000/84843] Loss: 0.378026
Epoch 159 [70000/84843] Loss: 0.470842
Epoch 159 - Avg Loss: 0.368328 | Train Acc: 96.30%
Val: loss=0.3652, acc=10615/10975 (96.72%)
Epoch 160 [0/84843] Loss: 0.330872
Epoch 160 [35000/84843] Loss: 0.426557
Epoch 160 [70000/84843] Loss: 0.427599
Epoch 160 - Avg Loss: 0.368963 | Train Acc: 96.25%
Val: loss=0.3727, acc=10596/10975 (96.55%)
Epoch 161 [0/84843] Loss: 0.394282
Epoch 161 [35000/84843] Loss: 0.361397
Epoch 161 [70000/84843] Loss: 0.309495
Epoch 161 - Avg Loss: 0.368911 | Train Acc: 96.34%
Val: loss=0.3714, acc=10602/10975 (96.60%)
Epoch 162 [0/84843] Loss: 0.334762
Epoch 162 [35000/84843] Loss: 0.329383
Epoch 162 [70000/84843] Loss: 0.303826
Epoch 162 - Avg Loss: 0.366644 | Train Acc: 96.41%
Val: loss=0.3676, acc=10604/10975 (96.62%)
Epoch 163 [0/84843] Loss: 0.419230
Epoch 163 [35000/84843] Loss: 0.358862
Epoch 163 [70000/84843] Loss: 0.387811
Epoch 163 - Avg Loss: 0.369108 | Train Acc: 96.29%
Val: loss=0.3653, acc=10609/10975 (96.67%)
Epoch 164 [0/84843] Loss: 0.344995
Epoch 164 [35000/84843] Loss: 0.432058
Epoch 164 [70000/84843] Loss: 0.335083
Epoch 164 - Avg Loss: 0.365287 | Train Acc: 96.38%
Val: loss=0.3670, acc=10591/10975 (96.50%)
Epoch 165 [0/84843] Loss: 0.320485
Epoch 165 [35000/84843] Loss: 0.366223
Epoch 165 [70000/84843] Loss: 0.367130
Epoch 165 - Avg Loss: 0.367654 | Train Acc: 96.33%
Val: loss=0.3695, acc=10599/10975 (96.57%)
Epoch 166 [0/84843] Loss: 0.380224
Epoch 166 [35000/84843] Loss: 0.333911
Epoch 166 [70000/84843] Loss: 0.276668
Epoch 166 - Avg Loss: 0.368634 | Train Acc: 96.28%
Val: loss=0.3691, acc=10599/10975 (96.57%)
Epoch 167 [0/84843] Loss: 0.338666
Epoch 167 [35000/84843] Loss: 0.410773
Epoch 167 [70000/84843] Loss: 0.481473
Epoch 167 - Avg Loss: 0.368536 | Train Acc: 96.32%
Val: loss=0.3703, acc=10598/10975 (96.56%)
Epoch 168 [0/84843] Loss: 0.314535
Epoch 168 [35000/84843] Loss: 0.320428
Epoch 168 [70000/84843] Loss: 0.330943
Epoch 168 - Avg Loss: 0.368369 | Train Acc: 96.31%
Val: loss=0.3727, acc=10584/10975 (96.44%)
Epoch 169 [0/84843] Loss: 0.342206
Epoch 169 [35000/84843] Loss: 0.308133
Epoch 169 [70000/84843] Loss: 0.449176
Epoch 169 - Avg Loss: 0.363207 | Train Acc: 96.48%
Val: loss=0.3746, acc=10579/10975 (96.39%)
Epoch 170 [0/84843] Loss: 0.352366
Epoch 170 [35000/84843] Loss: 0.319188
Epoch 170 [70000/84843] Loss: 0.395504
Epoch 170 - Avg Loss: 0.364658 | Train Acc: 96.47%
Val: loss=0.3741, acc=10579/10975 (96.39%)
Epoch 171 [0/84843] Loss: 0.379524
Epoch 171 [35000/84843] Loss: 0.383990
Epoch 171 [70000/84843] Loss: 0.339976
Epoch 171 - Avg Loss: 0.367406 | Train Acc: 96.28%
Val: loss=0.3708, acc=10580/10975 (96.40%)
Epoch 172 [0/84843] Loss: 0.350859
Epoch 172 [35000/84843] Loss: 0.340506
Epoch 172 [70000/84843] Loss: 0.348718
Epoch 172 - Avg Loss: 0.366286 | Train Acc: 96.41%
Val: loss=0.3718, acc=10588/10975 (96.47%)
Epoch 173 [0/84843] Loss: 0.357104
Epoch 173 [35000/84843] Loss: 0.348588
Epoch 173 [70000/84843] Loss: 0.299612
Epoch 173 - Avg Loss: 0.365030 | Train Acc: 96.38%
Val: loss=0.3635, acc=10625/10975 (96.81%)
saved best: 96.81%
Epoch 174 [0/84843] Loss: 0.335899
Epoch 174 [35000/84843] Loss: 0.419539
Epoch 174 [70000/84843] Loss: 0.461650
Epoch 174 - Avg Loss: 0.365294 | Train Acc: 96.50%
Val: loss=0.3653, acc=10594/10975 (96.53%)
Epoch 175 [0/84843] Loss: 0.325767
Epoch 175 [35000/84843] Loss: 0.476976
Epoch 175 [70000/84843] Loss: 0.300373
Epoch 175 - Avg Loss: 0.365037 | Train Acc: 96.51%
Val: loss=0.3681, acc=10600/10975 (96.58%)
Epoch 176 [0/84843] Loss: 0.333719
Epoch 176 [35000/84843] Loss: 0.358165
Epoch 176 [70000/84843] Loss: 0.357794
Epoch 176 - Avg Loss: 0.364168 | Train Acc: 96.51%
Val: loss=0.3661, acc=10607/10975 (96.65%)
Epoch 177 [0/84843] Loss: 0.403695
Epoch 177 [35000/84843] Loss: 0.324120
Epoch 177 [70000/84843] Loss: 0.321147
Epoch 177 - Avg Loss: 0.361767 | Train Acc: 96.56%
Val: loss=0.3648, acc=10608/10975 (96.66%)
Epoch 178 [0/84843] Loss: 0.360963
Epoch 178 [35000/84843] Loss: 0.343870
Epoch 178 [70000/84843] Loss: 0.391181
Epoch 178 - Avg Loss: 0.365254 | Train Acc: 96.39%
Val: loss=0.3746, acc=10574/10975 (96.35%)
Epoch 179 [0/84843] Loss: 0.426213
Epoch 179 [35000/84843] Loss: 0.298106
Epoch 179 [70000/84843] Loss: 0.354022
Epoch 179 - Avg Loss: 0.366170 | Train Acc: 96.37%
Val: loss=0.3702, acc=10604/10975 (96.62%)
Epoch 180 [0/84843] Loss: 0.404813
Epoch 180 [35000/84843] Loss: 0.451501
Epoch 180 [70000/84843] Loss: 0.389995
Epoch 180 - Avg Loss: 0.363522 | Train Acc: 96.51%
Val: loss=0.3737, acc=10577/10975 (96.37%)
Epoch 181 [0/84843] Loss: 0.363795
Epoch 181 [35000/84843] Loss: 0.354523
Epoch 181 [70000/84843] Loss: 0.360125
Epoch 181 - Avg Loss: 0.366461 | Train Acc: 96.34%
Val: loss=0.3649, acc=10611/10975 (96.68%)
Epoch 182 [0/84843] Loss: 0.363395
Epoch 182 [35000/84843] Loss: 0.334194
Epoch 182 [70000/84843] Loss: 0.453804
Epoch 182 - Avg Loss: 0.363271 | Train Acc: 96.49%
Val: loss=0.3699, acc=10603/10975 (96.61%)
Epoch 183 [0/84843] Loss: 0.303050
Epoch 183 [35000/84843] Loss: 0.334514
Epoch 183 [70000/84843] Loss: 0.347901
Epoch 183 - Avg Loss: 0.363392 | Train Acc: 96.49%
Val: loss=0.3713, acc=10594/10975 (96.53%)
Epoch 184 [0/84843] Loss: 0.285908
Epoch 184 [35000/84843] Loss: 0.345838
Epoch 184 [70000/84843] Loss: 0.302235
Epoch 184 - Avg Loss: 0.362534 | Train Acc: 96.48%
Val: loss=0.3664, acc=10595/10975 (96.54%)
Epoch 185 [0/84843] Loss: 0.332428
Epoch 185 [35000/84843] Loss: 0.321202
Epoch 185 [70000/84843] Loss: 0.351379
Epoch 185 - Avg Loss: 0.364356 | Train Acc: 96.51%
Val: loss=0.3699, acc=10587/10975 (96.46%)
Epoch 186 [0/84843] Loss: 0.363475
Epoch 186 [35000/84843] Loss: 0.409105
Epoch 186 [70000/84843] Loss: 0.373147
Epoch 186 - Avg Loss: 0.362297 | Train Acc: 96.55%
Val: loss=0.3700, acc=10583/10975 (96.43%)
Epoch 187 [0/84843] Loss: 0.308213
Epoch 187 [35000/84843] Loss: 0.293203
Epoch 187 [70000/84843] Loss: 0.298352
Epoch 187 - Avg Loss: 0.361977 | Train Acc: 96.52%
Val: loss=0.3635, acc=10623/10975 (96.79%)
Epoch 188 [0/84843] Loss: 0.323161
Epoch 188 [35000/84843] Loss: 0.410970
Epoch 188 [70000/84843] Loss: 0.391790
Epoch 188 - Avg Loss: 0.360321 | Train Acc: 96.63%
Val: loss=0.3711, acc=10596/10975 (96.55%)
Epoch 189 [0/84843] Loss: 0.292286
Epoch 189 [35000/84843] Loss: 0.314139
Epoch 189 [70000/84843] Loss: 0.280549
Epoch 189 - Avg Loss: 0.361053 | Train Acc: 96.57%
Val: loss=0.3645, acc=10615/10975 (96.72%)
Epoch 190 [0/84843] Loss: 0.403565
Epoch 190 [35000/84843] Loss: 0.384840
Epoch 190 [70000/84843] Loss: 0.296409
Epoch 190 - Avg Loss: 0.360932 | Train Acc: 96.59%
Val: loss=0.3697, acc=10584/10975 (96.44%)
Epoch 191 [0/84843] Loss: 0.451995
Epoch 191 [35000/84843] Loss: 0.379731
Epoch 191 [70000/84843] Loss: 0.287717
Epoch 191 - Avg Loss: 0.362072 | Train Acc: 96.56%
Val: loss=0.3686, acc=10585/10975 (96.45%)
Epoch 192 [0/84843] Loss: 0.323193
Epoch 192 [35000/84843] Loss: 0.331775
Epoch 192 [70000/84843] Loss: 0.384349
Epoch 192 - Avg Loss: 0.361436 | Train Acc: 96.57%
Val: loss=0.3633, acc=10626/10975 (96.82%)
saved best: 96.82%
Epoch 193 [0/84843] Loss: 0.348551
Epoch 193 [35000/84843] Loss: 0.343599
Epoch 193 [70000/84843] Loss: 0.351846
Epoch 193 - Avg Loss: 0.360467 | Train Acc: 96.57%
Val: loss=0.3694, acc=10589/10975 (96.48%)
Epoch 194 [0/84843] Loss: 0.317933
Epoch 194 [35000/84843] Loss: 0.407218
Epoch 194 [70000/84843] Loss: 0.385950
Epoch 194 - Avg Loss: 0.361520 | Train Acc: 96.58%
Val: loss=0.3591, acc=10637/10975 (96.92%)
saved best: 96.92%
Epoch 195 [0/84843] Loss: 0.360479
Epoch 195 [35000/84843] Loss: 0.288891
Epoch 195 [70000/84843] Loss: 0.328149
Epoch 195 - Avg Loss: 0.361043 | Train Acc: 96.56%
Val: loss=0.3657, acc=10610/10975 (96.67%)
Epoch 196 [0/84843] Loss: 0.303753
Epoch 196 [35000/84843] Loss: 0.392482
Epoch 196 [70000/84843] Loss: 0.368343
Epoch 196 - Avg Loss: 0.360274 | Train Acc: 96.62%
Val: loss=0.3620, acc=10621/10975 (96.77%)
Epoch 197 [0/84843] Loss: 0.392115
Epoch 197 [35000/84843] Loss: 0.347445
Epoch 197 [70000/84843] Loss: 0.288004
Epoch 197 - Avg Loss: 0.360746 | Train Acc: 96.59%
Val: loss=0.3657, acc=10603/10975 (96.61%)
Epoch 198 [0/84843] Loss: 0.333875
Epoch 198 [35000/84843] Loss: 0.305636
Epoch 198 [70000/84843] Loss: 0.504613
Epoch 198 - Avg Loss: 0.359357 | Train Acc: 96.71%
Val: loss=0.3616, acc=10626/10975 (96.82%)
Epoch 199 [0/84843] Loss: 0.390839
Epoch 199 [35000/84843] Loss: 0.400214
Epoch 199 [70000/84843] Loss: 0.352921
Epoch 199 - Avg Loss: 0.360606 | Train Acc: 96.60%
Val: loss=0.3638, acc=10607/10975 (96.65%)
Epoch 200 [0/84843] Loss: 0.340411
Epoch 200 [35000/84843] Loss: 0.379195
Epoch 200 [70000/84843] Loss: 0.332664
Epoch 200 - Avg Loss: 0.360321 | Train Acc: 96.59%
Val: loss=0.3615, acc=10614/10975 (96.71%)
Epoch 201 [0/84843] Loss: 0.320056
Epoch 201 [35000/84843] Loss: 0.305454
Epoch 201 [70000/84843] Loss: 0.301624
Epoch 201 - Avg Loss: 0.358977 | Train Acc: 96.66%
Val: loss=0.3614, acc=10622/10975 (96.78%)
Epoch 202 [0/84843] Loss: 0.311655
Epoch 202 [35000/84843] Loss: 0.356948
Epoch 202 [70000/84843] Loss: 0.347560
Epoch 202 - Avg Loss: 0.357778 | Train Acc: 96.75%
Val: loss=0.3655, acc=10613/10975 (96.70%)
Epoch 203 [0/84843] Loss: 0.310758
Epoch 203 [35000/84843] Loss: 0.311008
Epoch 203 [70000/84843] Loss: 0.279371
Epoch 203 - Avg Loss: 0.358764 | Train Acc: 96.63%
Val: loss=0.3651, acc=10612/10975 (96.69%)
Epoch 204 [0/84843] Loss: 0.322543
Epoch 204 [35000/84843] Loss: 0.318733
Epoch 204 [70000/84843] Loss: 0.296416
Epoch 204 - Avg Loss: 0.358840 | Train Acc: 96.66%
Val: loss=0.3699, acc=10599/10975 (96.57%)
Epoch 205 [0/84843] Loss: 0.405678
Epoch 205 [35000/84843] Loss: 0.300027
Epoch 205 [70000/84843] Loss: 0.401877
Epoch 205 - Avg Loss: 0.360038 | Train Acc: 96.62%
Val: loss=0.3647, acc=10605/10975 (96.63%)
Epoch 206 [0/84843] Loss: 0.345519
Epoch 206 [35000/84843] Loss: 0.351700
Epoch 206 [70000/84843] Loss: 0.288175
Epoch 206 - Avg Loss: 0.358896 | Train Acc: 96.69%
Val: loss=0.3628, acc=10604/10975 (96.62%)
Epoch 207 [0/84843] Loss: 0.313718
Epoch 207 [35000/84843] Loss: 0.467310
Epoch 207 [70000/84843] Loss: 0.439218
Epoch 207 - Avg Loss: 0.358173 | Train Acc: 96.70%
Val: loss=0.3795, acc=10566/10975 (96.27%)
Epoch 208 [0/84843] Loss: 0.318153
Epoch 208 [35000/84843] Loss: 0.434784
Epoch 208 [70000/84843] Loss: 0.399785
Epoch 208 - Avg Loss: 0.357625 | Train Acc: 96.69%
Val: loss=0.3600, acc=10624/10975 (96.80%)
Epoch 209 [0/84843] Loss: 0.280790
Epoch 209 [35000/84843] Loss: 0.349984
Epoch 209 [70000/84843] Loss: 0.354129
Epoch 209 - Avg Loss: 0.358661 | Train Acc: 96.68%
Val: loss=0.3679, acc=10603/10975 (96.61%)
Epoch 210 [0/84843] Loss: 0.364923
Epoch 210 [35000/84843] Loss: 0.385280
Epoch 210 [70000/84843] Loss: 0.300665
Epoch 210 - Avg Loss: 0.357615 | Train Acc: 96.67%
Val: loss=0.3586, acc=10622/10975 (96.78%)
Epoch 211 [0/84843] Loss: 0.305695
Epoch 211 [35000/84843] Loss: 0.385805
Epoch 211 [70000/84843] Loss: 0.369198
Epoch 211 - Avg Loss: 0.357949 | Train Acc: 96.67%
Val: loss=0.3615, acc=10614/10975 (96.71%)
Epoch 212 [0/84843] Loss: 0.325233
Epoch 212 [35000/84843] Loss: 0.464818
Epoch 212 [70000/84843] Loss: 0.326779
Epoch 212 - Avg Loss: 0.356298 | Train Acc: 96.80%
Val: loss=0.3618, acc=10627/10975 (96.83%)
Epoch 213 [0/84843] Loss: 0.309863
Epoch 213 [35000/84843] Loss: 0.318975
Epoch 213 [70000/84843] Loss: 0.354237
Epoch 213 - Avg Loss: 0.356429 | Train Acc: 96.70%
Val: loss=0.3614, acc=10614/10975 (96.71%)
Epoch 214 [0/84843] Loss: 0.394062
Epoch 214 [35000/84843] Loss: 0.314667
Epoch 214 [70000/84843] Loss: 0.349546
Epoch 214 - Avg Loss: 0.357471 | Train Acc: 96.70%
Val: loss=0.3606, acc=10628/10975 (96.84%)
Epoch 215 [0/84843] Loss: 0.374352
Epoch 215 [35000/84843] Loss: 0.453320
Epoch 215 [70000/84843] Loss: 0.344493
Epoch 215 - Avg Loss: 0.356449 | Train Acc: 96.71%
Val: loss=0.3652, acc=10615/10975 (96.72%)
Epoch 216 [0/84843] Loss: 0.427774
Epoch 216 [35000/84843] Loss: 0.382264
Epoch 216 [70000/84843] Loss: 0.329248
Epoch 216 - Avg Loss: 0.356318 | Train Acc: 96.77%
Val: loss=0.3604, acc=10618/10975 (96.75%)
Epoch 217 [0/84843] Loss: 0.372266
Epoch 217 [35000/84843] Loss: 0.332572
Epoch 217 [70000/84843] Loss: 0.406959
Epoch 217 - Avg Loss: 0.356602 | Train Acc: 96.78%
Val: loss=0.3640, acc=10598/10975 (96.56%)
Epoch 218 [0/84843] Loss: 0.458654
Epoch 218 [35000/84843] Loss: 0.474586
Epoch 218 [70000/84843] Loss: 0.307072
Epoch 218 - Avg Loss: 0.356674 | Train Acc: 96.74%
Val: loss=0.3656, acc=10619/10975 (96.76%)
Epoch 219 [0/84843] Loss: 0.300048
Epoch 219 [35000/84843] Loss: 0.326518
Epoch 219 [70000/84843] Loss: 0.426038
Epoch 219 - Avg Loss: 0.354931 | Train Acc: 96.81%
Val: loss=0.3652, acc=10598/10975 (96.56%)
Epoch 220 [0/84843] Loss: 0.351014
Epoch 220 [35000/84843] Loss: 0.389076
Epoch 220 [70000/84843] Loss: 0.323957
Epoch 220 - Avg Loss: 0.355734 | Train Acc: 96.83%
Val: loss=0.3619, acc=10626/10975 (96.82%)
Epoch 221 [0/84843] Loss: 0.385988
Epoch 221 [35000/84843] Loss: 0.324537
Epoch 221 [70000/84843] Loss: 0.424826
Epoch 221 - Avg Loss: 0.355154 | Train Acc: 96.79%
Val: loss=0.3605, acc=10621/10975 (96.77%)
Epoch 222 [0/84843] Loss: 0.375373
Epoch 222 [35000/84843] Loss: 0.409537
Epoch 222 [70000/84843] Loss: 0.285751
Epoch 222 - Avg Loss: 0.352460 | Train Acc: 96.94%
Val: loss=0.3591, acc=10631/10975 (96.87%)
Epoch 223 [0/84843] Loss: 0.384403
Epoch 223 [35000/84843] Loss: 0.317291
Epoch 223 [70000/84843] Loss: 0.347373
Epoch 223 - Avg Loss: 0.355261 | Train Acc: 96.84%
Val: loss=0.3580, acc=10613/10975 (96.70%)
Epoch 224 [0/84843] Loss: 0.300700
Epoch 224 [35000/84843] Loss: 0.379962
Epoch 224 [70000/84843] Loss: 0.391401
Epoch 224 - Avg Loss: 0.352542 | Train Acc: 96.91%
Val: loss=0.3610, acc=10635/10975 (96.90%)
Epoch 225 [0/84843] Loss: 0.329362
Epoch 225 [35000/84843] Loss: 0.312720
Epoch 225 [70000/84843] Loss: 0.306123
Epoch 225 - Avg Loss: 0.354315 | Train Acc: 96.86%
Val: loss=0.3640, acc=10607/10975 (96.65%)
Epoch 226 [0/84843] Loss: 0.279078
Epoch 226 [35000/84843] Loss: 0.343917
Epoch 226 [70000/84843] Loss: 0.335960
Epoch 226 - Avg Loss: 0.354836 | Train Acc: 96.83%
Val: loss=0.3607, acc=10626/10975 (96.82%)
Epoch 227 [0/84843] Loss: 0.317635
Epoch 227 [35000/84843] Loss: 0.364849
Epoch 227 [70000/84843] Loss: 0.348103
Epoch 227 - Avg Loss: 0.353523 | Train Acc: 96.84%
Val: loss=0.3638, acc=10595/10975 (96.54%)
Epoch 228 [0/84843] Loss: 0.324857
Epoch 228 [35000/84843] Loss: 0.303800
Epoch 228 [70000/84843] Loss: 0.334540
Epoch 228 - Avg Loss: 0.354703 | Train Acc: 96.83%
Val: loss=0.3592, acc=10623/10975 (96.79%)
Epoch 229 [0/84843] Loss: 0.290562
Epoch 229 [35000/84843] Loss: 0.322799
Epoch 229 [70000/84843] Loss: 0.373299
Epoch 229 - Avg Loss: 0.353741 | Train Acc: 96.88%
Val: loss=0.3636, acc=10616/10975 (96.73%)
Epoch 230 [0/84843] Loss: 0.416482
Epoch 230 [35000/84843] Loss: 0.436848
Epoch 230 [70000/84843] Loss: 0.305467
Epoch 230 - Avg Loss: 0.354140 | Train Acc: 96.86%
Val: loss=0.3621, acc=10628/10975 (96.84%)
Epoch 231 [0/84843] Loss: 0.397335
Epoch 231 [35000/84843] Loss: 0.351957
Epoch 231 [70000/84843] Loss: 0.353282
Epoch 231 - Avg Loss: 0.353146 | Train Acc: 96.92%
Val: loss=0.3663, acc=10594/10975 (96.53%)
Epoch 232 [0/84843] Loss: 0.327494
Epoch 232 [35000/84843] Loss: 0.499430
Epoch 232 [70000/84843] Loss: 0.369227
Epoch 232 - Avg Loss: 0.352818 | Train Acc: 96.89%
Val: loss=0.3608, acc=10639/10975 (96.94%)
saved best: 96.94%
Epoch 233 [0/84843] Loss: 0.363384
Epoch 233 [35000/84843] Loss: 0.294429
Epoch 233 [70000/84843] Loss: 0.344780
Epoch 233 - Avg Loss: 0.351002 | Train Acc: 96.98%
Val: loss=0.3608, acc=10628/10975 (96.84%)
Epoch 234 [0/84843] Loss: 0.380029
Epoch 234 [35000/84843] Loss: 0.315229
Epoch 234 [70000/84843] Loss: 0.450576
Epoch 234 - Avg Loss: 0.351760 | Train Acc: 96.89%
Val: loss=0.3586, acc=10641/10975 (96.96%)
saved best: 96.96%
Epoch 235 [0/84843] Loss: 0.323498
Epoch 235 [35000/84843] Loss: 0.388629
Epoch 235 [70000/84843] Loss: 0.382109
Epoch 235 - Avg Loss: 0.352580 | Train Acc: 96.91%
Val: loss=0.3593, acc=10627/10975 (96.83%)
Epoch 236 [0/84843] Loss: 0.310003
Epoch 236 [35000/84843] Loss: 0.405173
Epoch 236 [70000/84843] Loss: 0.360699
Epoch 236 - Avg Loss: 0.353063 | Train Acc: 96.89%
Val: loss=0.3629, acc=10621/10975 (96.77%)
Epoch 237 [0/84843] Loss: 0.305845
Epoch 237 [35000/84843] Loss: 0.412539
Epoch 237 [70000/84843] Loss: 0.356191
Epoch 237 - Avg Loss: 0.351478 | Train Acc: 96.95%
Val: loss=0.3588, acc=10631/10975 (96.87%)
Epoch 238 [0/84843] Loss: 0.341409
Epoch 238 [35000/84843] Loss: 0.404510
Epoch 238 [70000/84843] Loss: 0.313340
Epoch 238 - Avg Loss: 0.351411 | Train Acc: 96.94%
Val: loss=0.3594, acc=10638/10975 (96.93%)
Epoch 239 [0/84843] Loss: 0.306765
Epoch 239 [35000/84843] Loss: 0.379983
Epoch 239 [70000/84843] Loss: 0.410280
Epoch 239 - Avg Loss: 0.350374 | Train Acc: 96.99%
Val: loss=0.3619, acc=10630/10975 (96.86%)
Epoch 240 [0/84843] Loss: 0.407803
Epoch 240 [35000/84843] Loss: 0.341383
Epoch 240 [70000/84843] Loss: 0.385362
Epoch 240 - Avg Loss: 0.351195 | Train Acc: 96.94%
Val: loss=0.3602, acc=10628/10975 (96.84%)
Epoch 241 [0/84843] Loss: 0.416596
Epoch 241 [35000/84843] Loss: 0.296812
Epoch 241 [70000/84843] Loss: 0.355580
Epoch 241 - Avg Loss: 0.351468 | Train Acc: 97.00%
Val: loss=0.3651, acc=10618/10975 (96.75%)
Epoch 242 [0/84843] Loss: 0.280827
Epoch 242 [35000/84843] Loss: 0.300806
Epoch 242 [70000/84843] Loss: 0.355306
Epoch 242 - Avg Loss: 0.351195 | Train Acc: 96.92%
Val: loss=0.3584, acc=10636/10975 (96.91%)
Epoch 243 [0/84843] Loss: 0.337395
Epoch 243 [35000/84843] Loss: 0.346475
Epoch 243 [70000/84843] Loss: 0.280580
Epoch 243 - Avg Loss: 0.349568 | Train Acc: 97.00%
Val: loss=0.3596, acc=10636/10975 (96.91%)
Epoch 244 [0/84843] Loss: 0.321481
Epoch 244 [35000/84843] Loss: 0.321555
Epoch 244 [70000/84843] Loss: 0.327984
Epoch 244 - Avg Loss: 0.349359 | Train Acc: 97.02%
Val: loss=0.3636, acc=10612/10975 (96.69%)
Epoch 245 [0/84843] Loss: 0.316349
Epoch 245 [35000/84843] Loss: 0.433187
Epoch 245 [70000/84843] Loss: 0.344497
Epoch 245 - Avg Loss: 0.349839 | Train Acc: 96.97%
Val: loss=0.3567, acc=10641/10975 (96.96%)
Epoch 246 [0/84843] Loss: 0.350844
Epoch 246 [35000/84843] Loss: 0.357208
Epoch 246 [70000/84843] Loss: 0.308853
Epoch 246 - Avg Loss: 0.350074 | Train Acc: 96.99%
Val: loss=0.3565, acc=10638/10975 (96.93%)
Epoch 247 [0/84843] Loss: 0.283027
Epoch 247 [35000/84843] Loss: 0.321020
Epoch 247 [70000/84843] Loss: 0.282178
Epoch 247 - Avg Loss: 0.348782 | Train Acc: 97.06%
Val: loss=0.3619, acc=10620/10975 (96.77%)
Epoch 248 [0/84843] Loss: 0.383008
Epoch 248 [35000/84843] Loss: 0.585845
Epoch 248 [70000/84843] Loss: 0.342501
Epoch 248 - Avg Loss: 0.348175 | Train Acc: 97.11%
Val: loss=0.3613, acc=10625/10975 (96.81%)
Epoch 249 [0/84843] Loss: 0.437572
Epoch 249 [35000/84843] Loss: 0.289473
Epoch 249 [70000/84843] Loss: 0.346569
Epoch 249 - Avg Loss: 0.347055 | Train Acc: 97.14%
Val: loss=0.3597, acc=10620/10975 (96.77%)
Epoch 250 [0/84843] Loss: 0.472724
Epoch 250 [35000/84843] Loss: 0.330588
Epoch 250 [70000/84843] Loss: 0.379415
Epoch 250 - Avg Loss: 0.347856 | Train Acc: 97.05%
Val: loss=0.3618, acc=10630/10975 (96.86%)
Epoch 251 [0/84843] Loss: 0.382783
Epoch 251 [35000/84843] Loss: 0.384895
Epoch 251 [70000/84843] Loss: 0.323484
Epoch 251 - Avg Loss: 0.348601 | Train Acc: 97.06%
Val: loss=0.3592, acc=10643/10975 (96.97%)
saved best: 96.97%
Epoch 252 [0/84843] Loss: 0.414491
Epoch 252 [35000/84843] Loss: 0.354575
Epoch 252 [70000/84843] Loss: 0.391828
Epoch 252 - Avg Loss: 0.347071 | Train Acc: 97.09%
Val: loss=0.3575, acc=10637/10975 (96.92%)
Epoch 253 [0/84843] Loss: 0.366918
Epoch 253 [35000/84843] Loss: 0.380854
Epoch 253 [70000/84843] Loss: 0.279654
Epoch 253 - Avg Loss: 0.347872 | Train Acc: 97.06%
Val: loss=0.3578, acc=10641/10975 (96.96%)
Epoch 254 [0/84843] Loss: 0.374570
Epoch 254 [35000/84843] Loss: 0.303233
Epoch 254 [70000/84843] Loss: 0.285493
Epoch 254 - Avg Loss: 0.346929 | Train Acc: 97.12%
Val: loss=0.3588, acc=10621/10975 (96.77%)
Epoch 255 [0/84843] Loss: 0.335033
Epoch 255 [35000/84843] Loss: 0.429926
Epoch 255 [70000/84843] Loss: 0.278546
Epoch 255 - Avg Loss: 0.346617 | Train Acc: 97.14%
Val: loss=0.3637, acc=10623/10975 (96.79%)
Epoch 256 [0/84843] Loss: 0.414192
Epoch 256 [35000/84843] Loss: 0.319844
Epoch 256 [70000/84843] Loss: 0.311598
Epoch 256 - Avg Loss: 0.348356 | Train Acc: 97.05%
Val: loss=0.3620, acc=10624/10975 (96.80%)
Epoch 257 [0/84843] Loss: 0.303580
Epoch 257 [35000/84843] Loss: 0.409549
Epoch 257 [70000/84843] Loss: 0.329343
Epoch 257 - Avg Loss: 0.345839 | Train Acc: 97.16%
Val: loss=0.3602, acc=10631/10975 (96.87%)
Epoch 258 [0/84843] Loss: 0.281663
Epoch 258 [35000/84843] Loss: 0.319337
Epoch 258 [70000/84843] Loss: 0.354691
Epoch 258 - Avg Loss: 0.346814 | Train Acc: 97.12%
Val: loss=0.3561, acc=10645/10975 (96.99%)
saved best: 96.99%
Epoch 259 [0/84843] Loss: 0.291385
Epoch 259 [35000/84843] Loss: 0.285465
Epoch 259 [70000/84843] Loss: 0.386321
Epoch 259 - Avg Loss: 0.344950 | Train Acc: 97.14%
Val: loss=0.3623, acc=10628/10975 (96.84%)
Epoch 260 [0/84843] Loss: 0.353979
Epoch 260 [35000/84843] Loss: 0.330211
Epoch 260 [70000/84843] Loss: 0.341333
Epoch 260 - Avg Loss: 0.346733 | Train Acc: 97.16%
Val: loss=0.3605, acc=10631/10975 (96.87%)
Epoch 261 [0/84843] Loss: 0.353743
Epoch 261 [35000/84843] Loss: 0.345364
Epoch 261 [70000/84843] Loss: 0.276556
Epoch 261 - Avg Loss: 0.345444 | Train Acc: 97.16%
Val: loss=0.3573, acc=10646/10975 (97.00%)
saved best: 97.00%
Epoch 262 [0/84843] Loss: 0.322957
Epoch 262 [35000/84843] Loss: 0.397999
Epoch 262 [70000/84843] Loss: 0.349148
Epoch 262 - Avg Loss: 0.344976 | Train Acc: 97.18%
Val: loss=0.3564, acc=10633/10975 (96.88%)
Epoch 263 [0/84843] Loss: 0.310084
Epoch 263 [35000/84843] Loss: 0.312281
Epoch 263 [70000/84843] Loss: 0.327023
Epoch 263 - Avg Loss: 0.345611 | Train Acc: 97.20%
Val: loss=0.3595, acc=10627/10975 (96.83%)
Epoch 264 [0/84843] Loss: 0.424632
Epoch 264 [35000/84843] Loss: 0.367668
Epoch 264 [70000/84843] Loss: 0.371435
Epoch 264 - Avg Loss: 0.344008 | Train Acc: 97.29%
Val: loss=0.3570, acc=10643/10975 (96.97%)
Epoch 265 [0/84843] Loss: 0.285770
Epoch 265 [35000/84843] Loss: 0.347723
Epoch 265 [70000/84843] Loss: 0.323434
Epoch 265 - Avg Loss: 0.345345 | Train Acc: 97.17%
Val: loss=0.3576, acc=10623/10975 (96.79%)
Epoch 266 [0/84843] Loss: 0.471508
Epoch 266 [35000/84843] Loss: 0.288163
Epoch 266 [70000/84843] Loss: 0.408805
Epoch 266 - Avg Loss: 0.343671 | Train Acc: 97.25%
Val: loss=0.3552, acc=10643/10975 (96.97%)
Epoch 267 [0/84843] Loss: 0.451792
Epoch 267 [35000/84843] Loss: 0.343843
Epoch 267 [70000/84843] Loss: 0.294802
Epoch 267 - Avg Loss: 0.344563 | Train Acc: 97.21%
Val: loss=0.3542, acc=10657/10975 (97.10%)
saved best: 97.10%
Epoch 268 [0/84843] Loss: 0.272484
Epoch 268 [35000/84843] Loss: 0.296601
Epoch 268 [70000/84843] Loss: 0.287564
Epoch 268 - Avg Loss: 0.342421 | Train Acc: 97.27%
Val: loss=0.3617, acc=10616/10975 (96.73%)
Epoch 269 [0/84843] Loss: 0.425400
Epoch 269 [35000/84843] Loss: 0.396971
Epoch 269 [70000/84843] Loss: 0.288177
Epoch 269 - Avg Loss: 0.342781 | Train Acc: 97.28%
Val: loss=0.3530, acc=10663/10975 (97.16%)
saved best: 97.16%
Epoch 270 [0/84843] Loss: 0.341999
Epoch 270 [35000/84843] Loss: 0.332191
Epoch 270 [70000/84843] Loss: 0.293348
Epoch 270 - Avg Loss: 0.344527 | Train Acc: 97.19%
Val: loss=0.3539, acc=10650/10975 (97.04%)
Epoch 271 [0/84843] Loss: 0.448750
Epoch 271 [35000/84843] Loss: 0.321284
Epoch 271 [70000/84843] Loss: 0.286057
Epoch 271 - Avg Loss: 0.343204 | Train Acc: 97.28%
Val: loss=0.3535, acc=10636/10975 (96.91%)
Epoch 272 [0/84843] Loss: 0.411284
Epoch 272 [35000/84843] Loss: 0.313340
Epoch 272 [70000/84843] Loss: 0.342848
Epoch 272 - Avg Loss: 0.343785 | Train Acc: 97.27%
Val: loss=0.3551, acc=10647/10975 (97.01%)
Epoch 273 [0/84843] Loss: 0.308917
Epoch 273 [35000/84843] Loss: 0.339627
Epoch 273 [70000/84843] Loss: 0.297960
Epoch 273 - Avg Loss: 0.342547 | Train Acc: 97.29%
Val: loss=0.3555, acc=10650/10975 (97.04%)
Epoch 274 [0/84843] Loss: 0.323384
Epoch 274 [35000/84843] Loss: 0.291251
Epoch 274 [70000/84843] Loss: 0.410832
Epoch 274 - Avg Loss: 0.341469 | Train Acc: 97.32%
Val: loss=0.3534, acc=10667/10975 (97.19%)
saved best: 97.19%
Epoch 275 [0/84843] Loss: 0.405050
Epoch 275 [35000/84843] Loss: 0.306764
Epoch 275 [70000/84843] Loss: 0.352679
Epoch 275 - Avg Loss: 0.343079 | Train Acc: 97.25%
Val: loss=0.3578, acc=10636/10975 (96.91%)
Epoch 276 [0/84843] Loss: 0.327001
Epoch 276 [35000/84843] Loss: 0.323974
Epoch 276 [70000/84843] Loss: 0.288358
Epoch 276 - Avg Loss: 0.343058 | Train Acc: 97.26%
Val: loss=0.3576, acc=10634/10975 (96.89%)
Epoch 277 [0/84843] Loss: 0.290379
Epoch 277 [35000/84843] Loss: 0.412416
Epoch 277 [70000/84843] Loss: 0.314522
Epoch 277 - Avg Loss: 0.341585 | Train Acc: 97.34%
Val: loss=0.3610, acc=10624/10975 (96.80%)
Epoch 278 [0/84843] Loss: 0.322394
Epoch 278 [35000/84843] Loss: 0.312856
Epoch 278 [70000/84843] Loss: 0.389794
Epoch 278 - Avg Loss: 0.341346 | Train Acc: 97.34%
Val: loss=0.3525, acc=10669/10975 (97.21%)
saved best: 97.21%
Epoch 279 [0/84843] Loss: 0.392400
Epoch 279 [35000/84843] Loss: 0.309476
Epoch 279 [70000/84843] Loss: 0.300192
Epoch 279 - Avg Loss: 0.341304 | Train Acc: 97.34%
Val: loss=0.3533, acc=10660/10975 (97.13%)
Epoch 280 [0/84843] Loss: 0.363995
Epoch 280 [35000/84843] Loss: 0.278076
Epoch 280 [70000/84843] Loss: 0.325483
Epoch 280 - Avg Loss: 0.341683 | Train Acc: 97.32%
Val: loss=0.3567, acc=10650/10975 (97.04%)
Epoch 281 [0/84843] Loss: 0.347772
Epoch 281 [35000/84843] Loss: 0.310159
Epoch 281 [70000/84843] Loss: 0.368460
Epoch 281 - Avg Loss: 0.339158 | Train Acc: 97.44%
Val: loss=0.3564, acc=10658/10975 (97.11%)
Epoch 282 [0/84843] Loss: 0.325756
Epoch 282 [35000/84843] Loss: 0.516063
Epoch 282 [70000/84843] Loss: 0.355674
Epoch 282 - Avg Loss: 0.340005 | Train Acc: 97.41%
Val: loss=0.3503, acc=10665/10975 (97.18%)
Epoch 283 [0/84843] Loss: 0.438752
Epoch 283 [35000/84843] Loss: 0.353643
Epoch 283 [70000/84843] Loss: 0.434639
Epoch 283 - Avg Loss: 0.340797 | Train Acc: 97.38%
Val: loss=0.3526, acc=10664/10975 (97.17%)
Epoch 284 [0/84843] Loss: 0.360691
Epoch 284 [35000/84843] Loss: 0.305656
Epoch 284 [70000/84843] Loss: 0.297737
Epoch 284 - Avg Loss: 0.340417 | Train Acc: 97.40%
Val: loss=0.3574, acc=10651/10975 (97.05%)
Epoch 285 [0/84843] Loss: 0.310317
Epoch 285 [35000/84843] Loss: 0.297965
Epoch 285 [70000/84843] Loss: 0.350530
Epoch 285 - Avg Loss: 0.341858 | Train Acc: 97.31%
Val: loss=0.3582, acc=10644/10975 (96.98%)
Epoch 286 [0/84843] Loss: 0.431202
Epoch 286 [35000/84843] Loss: 0.397408
Epoch 286 [70000/84843] Loss: 0.412300
Epoch 286 - Avg Loss: 0.341076 | Train Acc: 97.33%
Val: loss=0.3560, acc=10643/10975 (96.97%)
Epoch 287 [0/84843] Loss: 0.292661
Epoch 287 [35000/84843] Loss: 0.333392
Epoch 287 [70000/84843] Loss: 0.372841
Epoch 287 - Avg Loss: 0.341765 | Train Acc: 97.30%
Val: loss=0.3549, acc=10653/10975 (97.07%)
Epoch 288 [0/84843] Loss: 0.376569
Epoch 288 [35000/84843] Loss: 0.279971
Epoch 288 [70000/84843] Loss: 0.312412
Epoch 288 - Avg Loss: 0.341095 | Train Acc: 97.35%
Val: loss=0.3572, acc=10646/10975 (97.00%)
Epoch 289 [0/84843] Loss: 0.363298
Epoch 289 [35000/84843] Loss: 0.305646
Epoch 289 [70000/84843] Loss: 0.296953
Epoch 289 - Avg Loss: 0.337657 | Train Acc: 97.45%
Val: loss=0.3581, acc=10642/10975 (96.97%)
Epoch 290 [0/84843] Loss: 0.415665
Epoch 290 [35000/84843] Loss: 0.412439
Epoch 290 [70000/84843] Loss: 0.353252
Epoch 290 - Avg Loss: 0.341172 | Train Acc: 97.36%
Val: loss=0.3551, acc=10640/10975 (96.95%)
Epoch 291 [0/84843] Loss: 0.355977
Epoch 291 [35000/84843] Loss: 0.300823
Epoch 291 [70000/84843] Loss: 0.303138
Epoch 291 - Avg Loss: 0.337308 | Train Acc: 97.52%
Val: loss=0.3607, acc=10633/10975 (96.88%)
Epoch 292 [0/84843] Loss: 0.395959
Epoch 292 [35000/84843] Loss: 0.367363
Epoch 292 [70000/84843] Loss: 0.361423
Epoch 292 - Avg Loss: 0.338698 | Train Acc: 97.45%
Val: loss=0.3545, acc=10651/10975 (97.05%)
Epoch 293 [0/84843] Loss: 0.312383
Epoch 293 [35000/84843] Loss: 0.278437
Epoch 293 [70000/84843] Loss: 0.350512
Epoch 293 - Avg Loss: 0.338790 | Train Acc: 97.44%
Val: loss=0.3565, acc=10642/10975 (96.97%)
Epoch 294 [0/84843] Loss: 0.330502
Epoch 294 [35000/84843] Loss: 0.290566
Epoch 294 [70000/84843] Loss: 0.349348
Epoch 294 - Avg Loss: 0.337811 | Train Acc: 97.46%
Val: loss=0.3539, acc=10664/10975 (97.17%)
Epoch 295 [0/84843] Loss: 0.318464
Epoch 295 [35000/84843] Loss: 0.389570
Epoch 295 [70000/84843] Loss: 0.418943
Epoch 295 - Avg Loss: 0.338521 | Train Acc: 97.43%
Val: loss=0.3544, acc=10650/10975 (97.04%)
Epoch 296 [0/84843] Loss: 0.356908
Epoch 296 [35000/84843] Loss: 0.327533
Epoch 296 [70000/84843] Loss: 0.320250
Epoch 296 - Avg Loss: 0.337268 | Train Acc: 97.52%
Val: loss=0.3538, acc=10656/10975 (97.09%)
Epoch 297 [0/84843] Loss: 0.419002
Epoch 297 [35000/84843] Loss: 0.374904
Epoch 297 [70000/84843] Loss: 0.283965
Epoch 297 - Avg Loss: 0.337021 | Train Acc: 97.55%
Val: loss=0.3523, acc=10662/10975 (97.15%)
Epoch 298 [0/84843] Loss: 0.456864
Epoch 298 [35000/84843] Loss: 0.368067
Epoch 298 [70000/84843] Loss: 0.300482
Epoch 298 - Avg Loss: 0.336838 | Train Acc: 97.53%
Val: loss=0.3530, acc=10665/10975 (97.18%)
Epoch 299 [0/84843] Loss: 0.305687
Epoch 299 [35000/84843] Loss: 0.340482
Epoch 299 [70000/84843] Loss: 0.348329
Epoch 299 - Avg Loss: 0.338355 | Train Acc: 97.44%
Val: loss=0.3556, acc=10641/10975 (96.96%)
Epoch 300 [0/84843] Loss: 0.362077
Epoch 300 [35000/84843] Loss: 0.288846
Epoch 300 [70000/84843] Loss: 0.431717
Epoch 300 - Avg Loss: 0.337993 | Train Acc: 97.47%
Val: loss=0.3514, acc=10674/10975 (97.26%)
saved best: 97.26%
Epoch 301 [0/84843] Loss: 0.304004
Epoch 301 [35000/84843] Loss: 0.437226
Epoch 301 [70000/84843] Loss: 0.405596
Epoch 301 - Avg Loss: 0.337391 | Train Acc: 97.47%
Val: loss=0.3552, acc=10662/10975 (97.15%)
Epoch 302 [0/84843] Loss: 0.278976
Epoch 302 [35000/84843] Loss: 0.355364
Epoch 302 [70000/84843] Loss: 0.290382
Epoch 302 - Avg Loss: 0.337464 | Train Acc: 97.50%
Val: loss=0.3519, acc=10659/10975 (97.12%)
Epoch 303 [0/84843] Loss: 0.609824
Epoch 303 [35000/84843] Loss: 0.332858
Epoch 303 [70000/84843] Loss: 0.343339
Epoch 303 - Avg Loss: 0.335669 | Train Acc: 97.59%
Val: loss=0.3543, acc=10648/10975 (97.02%)
Epoch 304 [0/84843] Loss: 0.322830
Epoch 304 [35000/84843] Loss: 0.331413
Epoch 304 [70000/84843] Loss: 0.367771
Epoch 304 - Avg Loss: 0.337136 | Train Acc: 97.51%
Val: loss=0.3517, acc=10671/10975 (97.23%)
Epoch 305 [0/84843] Loss: 0.335481
Epoch 305 [35000/84843] Loss: 0.328181
Epoch 305 [70000/84843] Loss: 0.362209
Epoch 305 - Avg Loss: 0.336886 | Train Acc: 97.50%
Val: loss=0.3541, acc=10656/10975 (97.09%)
Epoch 306 [0/84843] Loss: 0.416845
Epoch 306 [35000/84843] Loss: 0.338248
Epoch 306 [70000/84843] Loss: 0.334239
Epoch 306 - Avg Loss: 0.335694 | Train Acc: 97.56%
Val: loss=0.3569, acc=10646/10975 (97.00%)
Epoch 307 [0/84843] Loss: 0.409837
Epoch 307 [35000/84843] Loss: 0.346519
Epoch 307 [70000/84843] Loss: 0.280124
Epoch 307 - Avg Loss: 0.337240 | Train Acc: 97.50%
Val: loss=0.3531, acc=10664/10975 (97.17%)
Epoch 308 [0/84843] Loss: 0.336628
Epoch 308 [35000/84843] Loss: 0.324653
Epoch 308 [70000/84843] Loss: 0.434487
Epoch 308 - Avg Loss: 0.335823 | Train Acc: 97.55%
Val: loss=0.3530, acc=10665/10975 (97.18%)
Epoch 309 [0/84843] Loss: 0.486983
Epoch 309 [35000/84843] Loss: 0.312739
Epoch 309 [70000/84843] Loss: 0.318625
Epoch 309 - Avg Loss: 0.335118 | Train Acc: 97.61%
Val: loss=0.3522, acc=10656/10975 (97.09%)
Epoch 310 [0/84843] Loss: 0.335200
Epoch 310 [35000/84843] Loss: 0.299876
Epoch 310 [70000/84843] Loss: 0.353569
Epoch 310 - Avg Loss: 0.334271 | Train Acc: 97.65%
Val: loss=0.3548, acc=10644/10975 (96.98%)
Epoch 311 [0/84843] Loss: 0.302520
Epoch 311 [35000/84843] Loss: 0.325169
Epoch 311 [70000/84843] Loss: 0.488030
Epoch 311 - Avg Loss: 0.335496 | Train Acc: 97.56%
Val: loss=0.3532, acc=10649/10975 (97.03%)
Epoch 312 [0/84843] Loss: 0.413779
Epoch 312 [35000/84843] Loss: 0.352035
Epoch 312 [70000/84843] Loss: 0.289764
Epoch 312 - Avg Loss: 0.335547 | Train Acc: 97.60%
Val: loss=0.3563, acc=10646/10975 (97.00%)
Epoch 313 [0/84843] Loss: 0.362279
Epoch 313 [35000/84843] Loss: 0.329288
Epoch 313 [70000/84843] Loss: 0.375109
Epoch 313 - Avg Loss: 0.337133 | Train Acc: 97.44%
Val: loss=0.3535, acc=10665/10975 (97.18%)
Epoch 314 [0/84843] Loss: 0.363196
Epoch 314 [35000/84843] Loss: 0.297650
Epoch 314 [70000/84843] Loss: 0.458337
Epoch 314 - Avg Loss: 0.333622 | Train Acc: 97.66%
Val: loss=0.3502, acc=10667/10975 (97.19%)
Epoch 315 [0/84843] Loss: 0.298895
Epoch 315 [35000/84843] Loss: 0.381789
Epoch 315 [70000/84843] Loss: 0.335863
Epoch 315 - Avg Loss: 0.335248 | Train Acc: 97.56%
Val: loss=0.3528, acc=10663/10975 (97.16%)
Epoch 316 [0/84843] Loss: 0.310826
Epoch 316 [35000/84843] Loss: 0.380844
Epoch 316 [70000/84843] Loss: 0.326030
Epoch 316 - Avg Loss: 0.335180 | Train Acc: 97.54%
Val: loss=0.3515, acc=10670/10975 (97.22%)
Epoch 317 [0/84843] Loss: 0.286700
Epoch 317 [35000/84843] Loss: 0.464149
Epoch 317 [70000/84843] Loss: 0.355080
Epoch 317 - Avg Loss: 0.334569 | Train Acc: 97.61%
Val: loss=0.3533, acc=10659/10975 (97.12%)
Epoch 318 [0/84843] Loss: 0.398491
Epoch 318 [35000/84843] Loss: 0.399214
Epoch 318 [70000/84843] Loss: 0.288333
Epoch 318 - Avg Loss: 0.332566 | Train Acc: 97.72%
Val: loss=0.3533, acc=10663/10975 (97.16%)
Epoch 319 [0/84843] Loss: 0.331508
Epoch 319 [35000/84843] Loss: 0.290789
Epoch 319 [70000/84843] Loss: 0.306187
Epoch 319 - Avg Loss: 0.334518 | Train Acc: 97.60%
Val: loss=0.3530, acc=10671/10975 (97.23%)
Epoch 320 [0/84843] Loss: 0.359407
Epoch 320 [35000/84843] Loss: 0.307759
Epoch 320 [70000/84843] Loss: 0.309608
Epoch 320 - Avg Loss: 0.333703 | Train Acc: 97.61%
Val: loss=0.3510, acc=10675/10975 (97.27%)
saved best: 97.27%
Epoch 321 [0/84843] Loss: 0.279124
Epoch 321 [35000/84843] Loss: 0.394104
Epoch 321 [70000/84843] Loss: 0.359213
Epoch 321 - Avg Loss: 0.333154 | Train Acc: 97.66%
Val: loss=0.3557, acc=10649/10975 (97.03%)
Epoch 322 [0/84843] Loss: 0.386576
Epoch 322 [35000/84843] Loss: 0.379855
Epoch 322 [70000/84843] Loss: 0.292584
Epoch 322 - Avg Loss: 0.333319 | Train Acc: 97.60%
Val: loss=0.3521, acc=10659/10975 (97.12%)
Epoch 323 [0/84843] Loss: 0.318638
Epoch 323 [35000/84843] Loss: 0.342822
Epoch 323 [70000/84843] Loss: 0.323685
Epoch 323 - Avg Loss: 0.333737 | Train Acc: 97.59%
Val: loss=0.3526, acc=10658/10975 (97.11%)
Epoch 324 [0/84843] Loss: 0.295268
Epoch 324 [35000/84843] Loss: 0.319395
Epoch 324 [70000/84843] Loss: 0.331878
Epoch 324 - Avg Loss: 0.333503 | Train Acc: 97.62%
Val: loss=0.3538, acc=10655/10975 (97.08%)
Epoch 325 [0/84843] Loss: 0.358162
Epoch 325 [35000/84843] Loss: 0.298301
Epoch 325 [70000/84843] Loss: 0.332380
Epoch 325 - Avg Loss: 0.334966 | Train Acc: 97.58%
Val: loss=0.3513, acc=10666/10975 (97.18%)
Epoch 326 [0/84843] Loss: 0.359277
Epoch 326 [35000/84843] Loss: 0.281411
Epoch 326 [70000/84843] Loss: 0.308819
Epoch 326 - Avg Loss: 0.334818 | Train Acc: 97.56%
Val: loss=0.3534, acc=10665/10975 (97.18%)
Epoch 327 [0/84843] Loss: 0.325574
Epoch 327 [35000/84843] Loss: 0.327995
Epoch 327 [70000/84843] Loss: 0.297973
Epoch 327 - Avg Loss: 0.334943 | Train Acc: 97.58%
Val: loss=0.3514, acc=10652/10975 (97.06%)
Epoch 328 [0/84843] Loss: 0.317006
Epoch 328 [35000/84843] Loss: 0.356938
Epoch 328 [70000/84843] Loss: 0.272490
Epoch 328 - Avg Loss: 0.331787 | Train Acc: 97.72%
Val: loss=0.3509, acc=10669/10975 (97.21%)
Epoch 329 [0/84843] Loss: 0.339622
Epoch 329 [35000/84843] Loss: 0.328681
Epoch 329 [70000/84843] Loss: 0.430882
Epoch 329 - Avg Loss: 0.333411 | Train Acc: 97.67%
Val: loss=0.3534, acc=10651/10975 (97.05%)
Epoch 330 [0/84843] Loss: 0.303418
Epoch 330 [35000/84843] Loss: 0.305186
Epoch 330 [70000/84843] Loss: 0.340021
Epoch 330 - Avg Loss: 0.334385 | Train Acc: 97.61%
Val: loss=0.3525, acc=10654/10975 (97.08%)
Epoch 331 [0/84843] Loss: 0.390001
Epoch 331 [35000/84843] Loss: 0.275807
Epoch 331 [70000/84843] Loss: 0.285362
Epoch 331 - Avg Loss: 0.332494 | Train Acc: 97.75%
Val: loss=0.3512, acc=10662/10975 (97.15%)
Epoch 332 [0/84843] Loss: 0.413096
Epoch 332 [35000/84843] Loss: 0.309621
Epoch 332 [70000/84843] Loss: 0.275813
Epoch 332 - Avg Loss: 0.332387 | Train Acc: 97.66%
Val: loss=0.3531, acc=10664/10975 (97.17%)
Epoch 333 [0/84843] Loss: 0.278507
Epoch 333 [35000/84843] Loss: 0.453492
Epoch 333 [70000/84843] Loss: 0.367906
Epoch 333 - Avg Loss: 0.331587 | Train Acc: 97.73%
Val: loss=0.3539, acc=10658/10975 (97.11%)
Epoch 334 [0/84843] Loss: 0.283280
Epoch 334 [35000/84843] Loss: 0.346339
Epoch 334 [70000/84843] Loss: 0.331655
Epoch 334 - Avg Loss: 0.331881 | Train Acc: 97.70%
Val: loss=0.3500, acc=10677/10975 (97.28%)
saved best: 97.28%
Epoch 335 [0/84843] Loss: 0.310227
Epoch 335 [35000/84843] Loss: 0.319427
Epoch 335 [70000/84843] Loss: 0.295996
Epoch 335 - Avg Loss: 0.331982 | Train Acc: 97.76%
Val: loss=0.3509, acc=10661/10975 (97.14%)
Epoch 336 [0/84843] Loss: 0.297091
Epoch 336 [35000/84843] Loss: 0.281546
Epoch 336 [70000/84843] Loss: 0.289840
Epoch 336 - Avg Loss: 0.333171 | Train Acc: 97.66%
Val: loss=0.3495, acc=10673/10975 (97.25%)
Epoch 337 [0/84843] Loss: 0.321573
Epoch 337 [35000/84843] Loss: 0.301071
Epoch 337 [70000/84843] Loss: 0.393037
Epoch 337 - Avg Loss: 0.331483 | Train Acc: 97.71%
Val: loss=0.3516, acc=10668/10975 (97.20%)
Epoch 338 [0/84843] Loss: 0.322646
Epoch 338 [35000/84843] Loss: 0.332061
Epoch 338 [70000/84843] Loss: 0.394012
Epoch 338 - Avg Loss: 0.331202 | Train Acc: 97.73%
Val: loss=0.3499, acc=10677/10975 (97.28%)
Epoch 339 [0/84843] Loss: 0.366096
Epoch 339 [35000/84843] Loss: 0.324447
Epoch 339 [70000/84843] Loss: 0.400669
Epoch 339 - Avg Loss: 0.330893 | Train Acc: 97.74%
Val: loss=0.3507, acc=10675/10975 (97.27%)
Epoch 340 [0/84843] Loss: 0.396607
Epoch 340 [35000/84843] Loss: 0.277318
Epoch 340 [70000/84843] Loss: 0.347199
Epoch 340 - Avg Loss: 0.331791 | Train Acc: 97.72%
Val: loss=0.3503, acc=10662/10975 (97.15%)
Epoch 341 [0/84843] Loss: 0.306292
Epoch 341 [35000/84843] Loss: 0.283522
Epoch 341 [70000/84843] Loss: 0.317431
Epoch 341 - Avg Loss: 0.330331 | Train Acc: 97.76%
Val: loss=0.3502, acc=10672/10975 (97.24%)
Epoch 342 [0/84843] Loss: 0.331404
Epoch 342 [35000/84843] Loss: 0.345579
Epoch 342 [70000/84843] Loss: 0.360592
Epoch 342 - Avg Loss: 0.331490 | Train Acc: 97.74%
Val: loss=0.3502, acc=10666/10975 (97.18%)
Epoch 343 [0/84843] Loss: 0.334599
Epoch 343 [35000/84843] Loss: 0.330790
Epoch 343 [70000/84843] Loss: 0.344233
Epoch 343 - Avg Loss: 0.330897 | Train Acc: 97.72%
Val: loss=0.3499, acc=10671/10975 (97.23%)
Epoch 344 [0/84843] Loss: 0.295634
Epoch 344 [35000/84843] Loss: 0.379098
Epoch 344 [70000/84843] Loss: 0.309716
Epoch 344 - Avg Loss: 0.331100 | Train Acc: 97.73%
Val: loss=0.3524, acc=10669/10975 (97.21%)
Epoch 345 [0/84843] Loss: 0.290127
Epoch 345 [35000/84843] Loss: 0.351801
Epoch 345 [70000/84843] Loss: 0.358533
Epoch 345 - Avg Loss: 0.329524 | Train Acc: 97.85%
Val: loss=0.3526, acc=10668/10975 (97.20%)
Epoch 346 [0/84843] Loss: 0.299721
Epoch 346 [35000/84843] Loss: 0.288715
Epoch 346 [70000/84843] Loss: 0.310158
Epoch 346 - Avg Loss: 0.330128 | Train Acc: 97.77%
Val: loss=0.3524, acc=10656/10975 (97.09%)
Epoch 347 [0/84843] Loss: 0.344523
Epoch 347 [35000/84843] Loss: 0.299835
Epoch 347 [70000/84843] Loss: 0.422990
Epoch 347 - Avg Loss: 0.330181 | Train Acc: 97.76%
Val: loss=0.3509, acc=10664/10975 (97.17%)
Epoch 348 [0/84843] Loss: 0.270226
Epoch 348 [35000/84843] Loss: 0.400494
Epoch 348 [70000/84843] Loss: 0.427609
Epoch 348 - Avg Loss: 0.331055 | Train Acc: 97.73%
Val: loss=0.3491, acc=10669/10975 (97.21%)
Epoch 349 [0/84843] Loss: 0.328747
Epoch 349 [35000/84843] Loss: 0.327311
Epoch 349 [70000/84843] Loss: 0.291110
Epoch 349 - Avg Loss: 0.329459 | Train Acc: 97.82%
Val: loss=0.3502, acc=10666/10975 (97.18%)
Epoch 350 [0/84843] Loss: 0.334275
Epoch 350 [35000/84843] Loss: 0.374548
Epoch 350 [70000/84843] Loss: 0.358047
Epoch 350 - Avg Loss: 0.328839 | Train Acc: 97.81%
Val: loss=0.3514, acc=10664/10975 (97.17%)
Epoch 351 [0/84843] Loss: 0.378012
Epoch 351 [35000/84843] Loss: 0.295836
Epoch 351 [70000/84843] Loss: 0.313410
Epoch 351 - Avg Loss: 0.329604 | Train Acc: 97.83%
Val: loss=0.3482, acc=10679/10975 (97.30%)
saved best: 97.30%
Epoch 352 [0/84843] Loss: 0.347029
Epoch 352 [35000/84843] Loss: 0.347499
Epoch 352 [70000/84843] Loss: 0.313991
Epoch 352 - Avg Loss: 0.329312 | Train Acc: 97.77%
Val: loss=0.3501, acc=10674/10975 (97.26%)
Epoch 353 [0/84843] Loss: 0.355004
Epoch 353 [35000/84843] Loss: 0.395739
Epoch 353 [70000/84843] Loss: 0.316190
Epoch 353 - Avg Loss: 0.328664 | Train Acc: 97.85%
Val: loss=0.3490, acc=10681/10975 (97.32%)
saved best: 97.32%
Epoch 354 [0/84843] Loss: 0.338935
Epoch 354 [35000/84843] Loss: 0.280046
Epoch 354 [70000/84843] Loss: 0.318754
Epoch 354 - Avg Loss: 0.331717 | Train Acc: 97.73%
Val: loss=0.3496, acc=10674/10975 (97.26%)
Epoch 355 [0/84843] Loss: 0.319968
Epoch 355 [35000/84843] Loss: 0.284152
Epoch 355 [70000/84843] Loss: 0.382687
Epoch 355 - Avg Loss: 0.329686 | Train Acc: 97.80%
Val: loss=0.3488, acc=10678/10975 (97.29%)
Epoch 356 [0/84843] Loss: 0.287141
Epoch 356 [35000/84843] Loss: 0.341938
Epoch 356 [70000/84843] Loss: 0.328940
Epoch 356 - Avg Loss: 0.329163 | Train Acc: 97.86%
Val: loss=0.3502, acc=10669/10975 (97.21%)
Epoch 357 [0/84843] Loss: 0.282817
Epoch 357 [35000/84843] Loss: 0.355679
Epoch 357 [70000/84843] Loss: 0.331991
Epoch 357 - Avg Loss: 0.328995 | Train Acc: 97.84%
Val: loss=0.3494, acc=10669/10975 (97.21%)
Epoch 358 [0/84843] Loss: 0.349373
Epoch 358 [35000/84843] Loss: 0.278210
Epoch 358 [70000/84843] Loss: 0.327919
Epoch 358 - Avg Loss: 0.328253 | Train Acc: 97.83%
Val: loss=0.3479, acc=10669/10975 (97.21%)
Epoch 359 [0/84843] Loss: 0.393497
Epoch 359 [35000/84843] Loss: 0.326954
Epoch 359 [70000/84843] Loss: 0.357549
Epoch 359 - Avg Loss: 0.330623 | Train Acc: 97.74%
Val: loss=0.3496, acc=10674/10975 (97.26%)
Epoch 360 [0/84843] Loss: 0.286872
Epoch 360 [35000/84843] Loss: 0.293589
Epoch 360 [70000/84843] Loss: 0.304866
Epoch 360 - Avg Loss: 0.327718 | Train Acc: 97.85%
Val: loss=0.3511, acc=10662/10975 (97.15%)
Epoch 361 [0/84843] Loss: 0.297420
Epoch 361 [35000/84843] Loss: 0.383938
Epoch 361 [70000/84843] Loss: 0.274502
Epoch 361 - Avg Loss: 0.329267 | Train Acc: 97.82%
Val: loss=0.3507, acc=10674/10975 (97.26%)
Epoch 362 [0/84843] Loss: 0.317167
Epoch 362 [35000/84843] Loss: 0.362796
Epoch 362 [70000/84843] Loss: 0.274298
Epoch 362 - Avg Loss: 0.328780 | Train Acc: 97.82%
Val: loss=0.3502, acc=10669/10975 (97.21%)
Epoch 363 [0/84843] Loss: 0.368821
Epoch 363 [35000/84843] Loss: 0.284879
Epoch 363 [70000/84843] Loss: 0.331741
Epoch 363 - Avg Loss: 0.329397 | Train Acc: 97.80%
Val: loss=0.3502, acc=10666/10975 (97.18%)
Epoch 364 [0/84843] Loss: 0.300836
Epoch 364 [35000/84843] Loss: 0.399115
Epoch 364 [70000/84843] Loss: 0.287488
Epoch 364 - Avg Loss: 0.327203 | Train Acc: 97.87%
Val: loss=0.3496, acc=10671/10975 (97.23%)
Epoch 365 [0/84843] Loss: 0.381562
Epoch 365 [35000/84843] Loss: 0.279047
Epoch 365 [70000/84843] Loss: 0.284708
Epoch 365 - Avg Loss: 0.328698 | Train Acc: 97.82%
Val: loss=0.3503, acc=10673/10975 (97.25%)
Epoch 366 [0/84843] Loss: 0.314748
Epoch 366 [35000/84843] Loss: 0.286823
Epoch 366 [70000/84843] Loss: 0.388103
Epoch 366 - Avg Loss: 0.328820 | Train Acc: 97.85%
Val: loss=0.3509, acc=10668/10975 (97.20%)
Epoch 367 [0/84843] Loss: 0.330345
Epoch 367 [35000/84843] Loss: 0.431861
Epoch 367 [70000/84843] Loss: 0.301011
Epoch 367 - Avg Loss: 0.329084 | Train Acc: 97.84%
Val: loss=0.3505, acc=10661/10975 (97.14%)
Epoch 368 [0/84843] Loss: 0.298863
Epoch 368 [35000/84843] Loss: 0.304791
Epoch 368 [70000/84843] Loss: 0.364850
Epoch 368 - Avg Loss: 0.330473 | Train Acc: 97.78%
Val: loss=0.3500, acc=10668/10975 (97.20%)
Epoch 369 [0/84843] Loss: 0.283062
Epoch 369 [35000/84843] Loss: 0.292422
Epoch 369 [70000/84843] Loss: 0.373439
Epoch 369 - Avg Loss: 0.330121 | Train Acc: 97.78%
Val: loss=0.3500, acc=10670/10975 (97.22%)
Epoch 370 [0/84843] Loss: 0.288302
Epoch 370 [35000/84843] Loss: 0.467299
Epoch 370 [70000/84843] Loss: 0.303809
Epoch 370 - Avg Loss: 0.328048 | Train Acc: 97.86%
Val: loss=0.3503, acc=10665/10975 (97.18%)
Epoch 371 [0/84843] Loss: 0.367488
Epoch 371 [35000/84843] Loss: 0.336082
Epoch 371 [70000/84843] Loss: 0.296786
Epoch 371 - Avg Loss: 0.329286 | Train Acc: 97.81%
Val: loss=0.3496, acc=10675/10975 (97.27%)
Epoch 372 [0/84843] Loss: 0.344390
Epoch 372 [35000/84843] Loss: 0.343352
Epoch 372 [70000/84843] Loss: 0.292495
Epoch 372 - Avg Loss: 0.325620 | Train Acc: 97.93%
Val: loss=0.3497, acc=10667/10975 (97.19%)
Epoch 373 [0/84843] Loss: 0.331460
Epoch 373 [35000/84843] Loss: 0.406821
Epoch 373 [70000/84843] Loss: 0.401189
Epoch 373 - Avg Loss: 0.329578 | Train Acc: 97.83%
Val: loss=0.3493, acc=10665/10975 (97.18%)
Epoch 374 [0/84843] Loss: 0.318717
Epoch 374 [35000/84843] Loss: 0.306316
Epoch 374 [70000/84843] Loss: 0.345450
Epoch 374 - Avg Loss: 0.329117 | Train Acc: 97.79%
Val: loss=0.3504, acc=10673/10975 (97.25%)
Epoch 375 [0/84843] Loss: 0.279995
Epoch 375 [35000/84843] Loss: 0.327621
Epoch 375 [70000/84843] Loss: 0.297688
Epoch 375 - Avg Loss: 0.330849 | Train Acc: 97.75%
Val: loss=0.3507, acc=10664/10975 (97.17%)
Epoch 376 [0/84843] Loss: 0.287756
Epoch 376 [35000/84843] Loss: 0.302896
Epoch 376 [70000/84843] Loss: 0.317275
Epoch 376 - Avg Loss: 0.328539 | Train Acc: 97.82%
Val: loss=0.3503, acc=10669/10975 (97.21%)
Epoch 377 [0/84843] Loss: 0.326846
Epoch 377 [35000/84843] Loss: 0.363329
Epoch 377 [70000/84843] Loss: 0.370673
Epoch 377 - Avg Loss: 0.330928 | Train Acc: 97.76%
Val: loss=0.3509, acc=10661/10975 (97.14%)
Epoch 378 [0/84843] Loss: 0.303447
Epoch 378 [35000/84843] Loss: 0.276985
Epoch 378 [70000/84843] Loss: 0.308000
Epoch 378 - Avg Loss: 0.326675 | Train Acc: 97.88%
Val: loss=0.3502, acc=10667/10975 (97.19%)
Epoch 379 [0/84843] Loss: 0.371105
Epoch 379 [35000/84843] Loss: 0.374417
Epoch 379 [70000/84843] Loss: 0.347996
Epoch 379 - Avg Loss: 0.329733 | Train Acc: 97.79%
Val: loss=0.3502, acc=10666/10975 (97.18%)
Epoch 380 [0/84843] Loss: 0.473825
Epoch 380 [35000/84843] Loss: 0.273570
Epoch 380 [70000/84843] Loss: 0.545994
Epoch 380 - Avg Loss: 0.328845 | Train Acc: 97.80%
Val: loss=0.3501, acc=10665/10975 (97.18%)
Epoch 381 [0/84843] Loss: 0.318520
Epoch 381 [35000/84843] Loss: 0.322763
Epoch 381 [70000/84843] Loss: 0.295780
Epoch 381 - Avg Loss: 0.328151 | Train Acc: 97.83%
Val: loss=0.3505, acc=10663/10975 (97.16%)
Epoch 382 [0/84843] Loss: 0.276402
Epoch 382 [35000/84843] Loss: 0.276468
Epoch 382 [70000/84843] Loss: 0.311217
Epoch 382 - Avg Loss: 0.328347 | Train Acc: 97.88%
Val: loss=0.3500, acc=10664/10975 (97.17%)
Epoch 383 [0/84843] Loss: 0.340063
Epoch 383 [35000/84843] Loss: 0.305674
Epoch 383 [70000/84843] Loss: 0.317397
Epoch 383 - Avg Loss: 0.327356 | Train Acc: 97.87%
Val: loss=0.3498, acc=10672/10975 (97.24%)
Epoch 384 [0/84843] Loss: 0.295848
Epoch 384 [35000/84843] Loss: 0.368664
Epoch 384 [70000/84843] Loss: 0.286240
Epoch 384 - Avg Loss: 0.327147 | Train Acc: 97.85%
Val: loss=0.3501, acc=10669/10975 (97.21%)
Epoch 385 [0/84843] Loss: 0.305804
Epoch 385 [35000/84843] Loss: 0.274431
Epoch 385 [70000/84843] Loss: 0.332999
Epoch 385 - Avg Loss: 0.326573 | Train Acc: 97.91%
Val: loss=0.3497, acc=10671/10975 (97.23%)
Epoch 386 [0/84843] Loss: 0.428526
Epoch 386 [35000/84843] Loss: 0.366627
Epoch 386 [70000/84843] Loss: 0.320556
Epoch 386 - Avg Loss: 0.328114 | Train Acc: 97.86%
Val: loss=0.3499, acc=10674/10975 (97.26%)
Epoch 387 [0/84843] Loss: 0.362580
Epoch 387 [35000/84843] Loss: 0.308945
Epoch 387 [70000/84843] Loss: 0.281189
Epoch 387 - Avg Loss: 0.327462 | Train Acc: 97.88%
Val: loss=0.3495, acc=10673/10975 (97.25%)
Epoch 388 [0/84843] Loss: 0.445643
Epoch 388 [35000/84843] Loss: 0.357487
Epoch 388 [70000/84843] Loss: 0.339170
Epoch 388 - Avg Loss: 0.329042 | Train Acc: 97.82%
Val: loss=0.3500, acc=10670/10975 (97.22%)
Epoch 389 [0/84843] Loss: 0.341515
Epoch 389 [35000/84843] Loss: 0.359239
Epoch 389 [70000/84843] Loss: 0.313990
Epoch 389 - Avg Loss: 0.327095 | Train Acc: 97.91%
Val: loss=0.3496, acc=10670/10975 (97.22%)
Epoch 390 [0/84843] Loss: 0.282283
Epoch 390 [35000/84843] Loss: 0.292293
Epoch 390 [70000/84843] Loss: 0.346021
Epoch 390 - Avg Loss: 0.329046 | Train Acc: 97.81%
Val: loss=0.3493, acc=10667/10975 (97.19%)
Epoch 391 [0/84843] Loss: 0.290234
Epoch 391 [35000/84843] Loss: 0.389725
Epoch 391 [70000/84843] Loss: 0.284346
Epoch 391 - Avg Loss: 0.328821 | Train Acc: 97.87%
Val: loss=0.3494, acc=10671/10975 (97.23%)
Epoch 392 [0/84843] Loss: 0.430868
Epoch 392 [35000/84843] Loss: 0.400605
Epoch 392 [70000/84843] Loss: 0.331426
Epoch 392 - Avg Loss: 0.327283 | Train Acc: 97.92%
Val: loss=0.3499, acc=10665/10975 (97.18%)
Epoch 393 [0/84843] Loss: 0.357798
Epoch 393 [35000/84843] Loss: 0.336008
Epoch 393 [70000/84843] Loss: 0.276280
Epoch 393 - Avg Loss: 0.327974 | Train Acc: 97.87%
Val: loss=0.3499, acc=10670/10975 (97.22%)
Epoch 394 [0/84843] Loss: 0.316060
Epoch 394 [35000/84843] Loss: 0.373431
Epoch 394 [70000/84843] Loss: 0.283379
Epoch 394 - Avg Loss: 0.327526 | Train Acc: 97.87%
Val: loss=0.3496, acc=10671/10975 (97.23%)
Epoch 395 [0/84843] Loss: 0.360801
Epoch 395 [35000/84843] Loss: 0.335948
Epoch 395 [70000/84843] Loss: 0.376275
Epoch 395 - Avg Loss: 0.328687 | Train Acc: 97.83%
Val: loss=0.3496, acc=10673/10975 (97.25%)
Epoch 396 [0/84843] Loss: 0.325088
Epoch 396 [35000/84843] Loss: 0.308427
Epoch 396 [70000/84843] Loss: 0.374619
Epoch 396 - Avg Loss: 0.328233 | Train Acc: 97.84%
Val: loss=0.3497, acc=10669/10975 (97.21%)
Epoch 397 [0/84843] Loss: 0.319716
Epoch 397 [35000/84843] Loss: 0.274328
Epoch 397 [70000/84843] Loss: 0.353696
Epoch 397 - Avg Loss: 0.326700 | Train Acc: 97.94%
Val: loss=0.3497, acc=10669/10975 (97.21%)
Epoch 398 [0/84843] Loss: 0.296001
Epoch 398 [35000/84843] Loss: 0.288249
Epoch 398 [70000/84843] Loss: 0.368854
Epoch 398 - Avg Loss: 0.328070 | Train Acc: 97.87%
Val: loss=0.3497, acc=10669/10975 (97.21%)
Epoch 399 [0/84843] Loss: 0.325111
Epoch 399 [35000/84843] Loss: 0.383674
Epoch 399 [70000/84843] Loss: 0.322324
Epoch 399 - Avg Loss: 0.328327 | Train Acc: 97.83%
Val: loss=0.3498, acc=10669/10975 (97.21%)
Epoch 400 [0/84843] Loss: 0.346412
Epoch 400 [35000/84843] Loss: 0.366839
Epoch 400 [70000/84843] Loss: 0.340646
Epoch 400 - Avg Loss: 0.327786 | Train Acc: 97.89%
Val: loss=0.3500, acc=10668/10975 (97.20%)
Test: loss=0.3510, acc=11777/12101 (97.32%)
Saved plot to /scratch/work/lainem31/PTQ_project/keyword_spotting/plots/17518365/train_val_24_mels_delta_17518365_11.png
